c[?7l[2J[0mSeaBIOS (version 1.16.3-debian-1.16.3-2)


iPXE (https://ipxe.org) 00:05.0 CA00 PCI2.10 PnP PMM+7EFCAB40+7EF0AB40 CA00
Press Ctrl-B to configure iPXE (PCI 00:05.0)...                                                                               


Booting from ROM...
c[?7l[2J[    0.000000] Linux version 6.12.111-0-virt (buildozer@build-3-21-x86_64) (gcc (Alpine 14.2.0) 14.2.0, GNU ld (GNU Binutils) 2.43.1) #1-Alpine SMP PREEMPT_DYNAMIC 2026-09-23 08:03:57
[    0.000000] Command line: console=ttyS0 wootc.image=ttl.sh/2e6295b0-50ea-42b2-838a-57df8a1022be@sha256:4562f4f0fde8cc0ba49e7ce627be2ba35d803c9aa768e79220a1a58c3b0d148b wootc.run_id=eight_20260926 wootc.install_id=install_eight_20260926 wootc.account_mode=create
[    0.000000] BIOS-provided physical RAM map:
[    0.000000] BIOS-e820: [mem 0x0000000000000000-0x000000000009fbff] usable
[    0.000000] BIOS-e820: [mem 0x000000000009fc00-0x000000000009ffff] reserved
[    0.000000] BIOS-e820: [mem 0x00000000000f0000-0x00000000000fffff] reserved
[    0.000000] BIOS-e820: [mem 0x0000000000100000-0x000000007ffd9fff] usable
[    0.000000] BIOS-e820: [mem 0x000000007ffda000-0x000000007fffffff] reserved
[    0.000000] BIOS-e820: [mem 0x00000000feffc000-0x00000000feffffff] reserved
[    0.000000] BIOS-e820: [mem 0x00000000fffc0000-0x00000000ffffffff] reserved
[    0.000000] NX (Execute Disable) protection: active
[    0.000000] APIC: Static calls initialized
[    0.000000] SMBIOS 3.0.0 present.
[    0.000000] DMI: QEMU Ubuntu 24.04 PC v2 (i440FX + PIIX, arch_caps fix, 1996), BIOS 1.16.3-debian-1.16.3-2 04/01/2014
[    0.000000] DMI: Memory slots populated: 1/1
[    0.000000] Hypervisor detected: KVM
[    0.000000] last_pfn = 0x7ffda max_arch_pfn = 0x400000000
[    0.000000] kvm-clock: Using msrs 4b564d01 and 4b564d00
[    0.000000] kvm-clock: using sched offset of 396546835 cycles
[    0.000001] clocksource: kvm-clock: mask: 0xffffffffffffffff max_cycles: 0x1cd42e4dffb, max_idle_ns: 881590591483 ns
[    0.000004] tsc: Detected 2400.000 MHz processor
[    0.000652] last_pfn = 0x7ffda max_arch_pfn = 0x400000000
[    0.000845] MTRR map: 4 entries (3 fixed + 1 variable; max 19), built from 8 variable MTRRs
[    0.000853] x86/PAT: Configuration [0-7]: WB  WC  UC- UC  WB  WP  UC- WT  
[    0.004151] found SMP MP-table at [mem 0x000f5460-0x000f546f]
[    0.004162] Using GB pages for direct mapping
[    0.004278] RAMDISK: [mem 0x7a8d8000-0x7ffcffff]
[    0.004279] ACPI: Early table checksum verification disabled
[    0.004281] ACPI: RSDP 0x00000000000F5270 000014 (v00 BOCHS )
[    0.004284] ACPI: RSDT 0x000000007FFE1CBF 000034 (v01 BOCHS  BXPC     00000001 BXPC 00000001)
[    0.004288] ACPI: FACP 0x000000007FFE1B6B 000074 (v01 BOCHS  BXPC     00000001 BXPC 00000001)
[    0.004290] ACPI: DSDT 0x000000007FFE0040 001B2B (v01 BOCHS  BXPC     00000001 BXPC 00000001)
[    0.004292] ACPI: FACS 0x000000007FFE0000 000040
[    0.004294] ACPI: APIC 0x000000007FFE1BDF 000080 (v03 BOCHS  BXPC     00000001 BXPC 00000001)
[    0.004296] ACPI: HPET 0x000000007FFE1C5F 000038 (v01 BOCHS  BXPC     00000001 BXPC 00000001)
[    0.004297] ACPI: WAET 0x000000007FFE1C97 000028 (v01 BOCHS  BXPC     00000001 BXPC 00000001)
[    0.004298] ACPI: Reserving FACP table memory at [mem 0x7ffe1b6b-0x7ffe1bde]
[    0.004299] ACPI: Reserving DSDT table memory at [mem 0x7ffe0040-0x7ffe1b6a]
[    0.004300] ACPI: Reserving FACS table memory at [mem 0x7ffe0000-0x7ffe003f]
[    0.004300] ACPI: Reserving APIC table memory at [mem 0x7ffe1bdf-0x7ffe1c5e]
[    0.004301] ACPI: Reserving HPET table memory at [mem 0x7ffe1c5f-0x7ffe1c96]
[    0.004301] ACPI: Reserving WAET table memory at [mem 0x7ffe1c97-0x7ffe1cbe]
[    0.004661] Zone ranges:
[    0.004662]   DMA      [mem 0x0000000000001000-0x0000000000ffffff]
[    0.004663]   DMA32    [mem 0x0000000001000000-0x000000007ffd9fff]
[    0.004664]   Normal   empty
[    0.004665] Movable zone start for each node
[    0.004665] Early memory node ranges
[    0.004666]   node   0: [mem 0x0000000000001000-0x000000000009efff]
[    0.004667]   node   0: [mem 0x0000000000100000-0x000000007ffd9fff]
[    0.004667] Initmem setup node 0 [mem 0x0000000000001000-0x000000007ffd9fff]
[    0.004905] On node 0, zone DMA: 1 pages in unavailable ranges
[    0.004925] On node 0, zone DMA: 97 pages in unavailable ranges
[    0.010370] On node 0, zone DMA32: 38 pages in unavailable ranges
[    0.012903] ACPI: PM-Timer IO Port: 0x608
[    0.012932] ACPI: LAPIC_NMI (acpi_id[0xff] dfl dfl lint[0x1])
[    0.013024] IOAPIC[0]: apic_id 0, version 17, address 0xfec00000, GSI 0-23
[    0.013026] ACPI: INT_SRC_OVR (bus 0 bus_irq 0 global_irq 2 dfl dfl)
[    0.013028] ACPI: INT_SRC_OVR (bus 0 bus_irq 5 global_irq 5 high level)
[    0.013028] ACPI: INT_SRC_OVR (bus 0 bus_irq 9 global_irq 9 high level)
[    0.013029] ACPI: INT_SRC_OVR (bus 0 bus_irq 10 global_irq 10 high level)
[    0.013030] ACPI: INT_SRC_OVR (bus 0 bus_irq 11 global_irq 11 high level)
[    0.013032] ACPI: Using ACPI (MADT) for SMP configuration information
[    0.013033] ACPI: HPET id: 0x8086a201 base: 0xfed00000
[    0.013036] TSC deadline timer available
[    0.013038] CPU topo: Max. logical packages:   1
[    0.013039] CPU topo: Max. logical dies:       1
[    0.013039] CPU topo: Max. dies per package:   1
[    0.013042] CPU topo: Max. threads per core:   1
[    0.013042] CPU topo: Num. cores per package:     2
[    0.013043] CPU topo: Num. threads per package:   2
[    0.013043] CPU topo: Allowing 2 present CPUs plus 0 hotplug CPUs
[    0.013073] kvm-guest: APIC: eoi() replaced with kvm_guest_apic_eoi_write()
[    0.013106] kvm-guest: KVM setup pv remote TLB flush
[    0.013125] kvm-guest: setup PV sched yield
[    0.013130] [mem 0x80000000-0xfeffbfff] available for PCI devices
[    0.013131] Booting paravirtualized kernel on KVM
[    0.013132] clocksource: refined-jiffies: mask: 0xffffffff max_cycles: 0xffffffff, max_idle_ns: 19112604462750000 ns
[    0.017321] setup_percpu: NR_CPUS:256 nr_cpumask_bits:2 nr_cpu_ids:2 nr_node_ids:1
[    0.017669] percpu: Embedded 59 pages/cpu s204184 r8192 d29288 u1048576
[    0.017769] kvm-guest: PV spinlocks enabled
[    0.017771] PV qspinlock hash table entries: 256 (order: 0, 4096 bytes, linear)
[    0.017773] Kernel command line: console=ttyS0 wootc.image=ttl.sh/2e6295b0-50ea-42b2-838a-57df8a1022be@sha256:4562f4f0fde8cc0ba49e7ce627be2ba35d803c9aa768e79220a1a58c3b0d148b wootc.run_id=eight_20260926 wootc.install_id=install_eight_20260926 wootc.account_mode=create
[    0.017822] random: crng init done
[    0.018135] Dentry cache hash table entries: 262144 (order: 9, 2097152 bytes, linear)
[    0.018400] Inode-cache hash table entries: 131072 (order: 8, 1048576 bytes, linear)
[    0.018489] Built 1 zonelists, mobility grouping on.  Total pages: 524152
[    0.018860] mem auto-init: stack:all(zero), heap alloc:on, heap free:off
[    0.022576] SLUB: HWalign=64, Order=0-3, MinObjects=0, CPUs=2, Nodes=1
[    0.023164] Dynamic Preempt: none
[    0.023428] rcu: Preemptible hierarchical RCU implementation.
[    0.023429] rcu: 	RCU restricting CPUs from NR_CPUS=256 to nr_cpu_ids=2.
[    0.023430] 	Trampoline variant of Tasks RCU enabled.
[    0.023431] 	Tracing variant of Tasks RCU enabled.
[    0.023431] rcu: RCU calculated value of scheduler-enlistment delay is 10 jiffies.
[    0.023432] rcu: Adjusting geometry for rcu_fanout_leaf=16, nr_cpu_ids=2
[    0.023437] RCU Tasks: Setting shift to 1 and lim to 1 rcu_task_cb_adjust=1 rcu_task_cpu_ids=2.
[    0.023438] RCU Tasks Trace: Setting shift to 1 and lim to 1 rcu_task_cb_adjust=1 rcu_task_cpu_ids=2.
[    0.027309] NR_IRQS: 16640, nr_irqs: 440, preallocated irqs: 16
[    0.027570] rcu: srcu_init: Setting srcu_struct sizes based on contention.
[    0.027583] clocksource: jiffies: mask: 0xffffffff max_cycles: 0xffffffff, max_idle_ns: 19112604462750000 ns
[    0.027716] kfence: initialized - using 2097152 bytes for 255 objects at 0x(____ptrval____)-0x(____ptrval____)
[    0.068066] Console: colour VGA+ 80x25
[    0.068237] printk: legacy console [ttyS0] enabled
[    0.358679] ACPI: Core revision 20240827
[    0.360824] clocksource: hpet: mask: 0xffffffff max_cycles: 0xffffffff, max_idle_ns: 19112604467 ns
[    0.365008] APIC: Switch to symmetric I/O mode setup
[    0.367964] x2apic enabled
[    0.370260] APIC: Switched APIC routing to: physical x2apic
[    0.372769] kvm-guest: APIC: send_IPI_mask() replaced with kvm_send_ipi_mask()
[    0.376078] kvm-guest: APIC: send_IPI_mask_allbutself() replaced with kvm_send_ipi_mask_allbutself()
[    0.379965] kvm-guest: setup PV IPIs
[    0.385233] ..TIMER: vector=0x30 apic1=0 pin1=2 apic2=-1 pin2=-1
[    0.387872] clocksource: tsc-early: mask: 0xffffffffffffffff max_cycles: 0x22983777dd9, max_idle_ns: 440795300422 ns
[    0.392395] Calibrating delay loop (skipped) preset value.. 4800.00 BogoMIPS (lpj=24000000)
[    0.403174] x86/cpu: User Mode Instruction Prevention (UMIP) activated
[    0.405980] Last level iTLB entries: 4KB 0, 2MB 0, 4MB 0
[    0.408282] Last level dTLB entries: 4KB 0, 2MB 0, 4MB 0, 1GB 0
[    0.410862] Spectre V1 : Mitigation: usercopy/swapgs barriers and __user pointer sanitization
[    0.412402] Spectre V2 : Spectre BHI mitigation: SW BHB clearing on syscall and VM exit
[    0.415789] Spectre V2 : Mitigation: Enhanced / Automatic IBRS
[    0.418369] Spectre V2 : Spectre v2 / PBRSB-eIBRS: Retire a single CALL on VMEXIT
[    0.422399] Spectre V2 : Enabling IBPB for BPF
[    0.424294] Spectre V2 : mitigation: Enabling conditional Indirect Branch Prediction Barrier
[    0.427855] Speculative Store Bypass: Mitigation: Speculative Store Bypass disabled via prctl
[    0.432394] active return thunk: its_return_thunk
[    0.434476] ITS: Mitigation: Aligned branch/return thunks
[    0.436945] x86/fpu: Supporting XSAVE feature 0x001: 'x87 floating point registers'
[    0.442393] x86/fpu: Supporting XSAVE feature 0x002: 'SSE registers'
[    0.445647] x86/fpu: Supporting XSAVE feature 0x004: 'AVX registers'
[    0.448978] x86/fpu: Supporting XSAVE feature 0x020: 'AVX-512 opmask'
[    0.452392] x86/fpu: Supporting XSAVE feature 0x040: 'AVX-512 Hi256'
[    0.455628] x86/fpu: Supporting XSAVE feature 0x080: 'AVX-512 ZMM_Hi256'
[    0.458992] x86/fpu: Supporting XSAVE feature 0x20000: 'AMX Tile config'
[    0.462392] x86/fpu: Supporting XSAVE feature 0x40000: 'AMX Tile data'
[    0.465720] x86/fpu: xstate_offset[2]:  576, xstate_sizes[2]:  256
[    0.468884] x86/fpu: xstate_offset[5]:  832, xstate_sizes[5]:   64
[    0.472002] x86/fpu: xstate_offset[6]:  896, xstate_sizes[6]:  512
[    0.472391] x86/fpu: xstate_offset[7]: 1408, xstate_sizes[7]: 1024
[    0.475480] x86/fpu: xstate_offset[17]: 2432, xstate_sizes[17]:   64
[    0.478803] x86/fpu: xstate_offset[18]: 2496, xstate_sizes[18]: 8192
[    0.482391] x86/fpu: Enabled xstate features 0x600e7, context size is 10688 bytes, using 'compacted' format.
[    0.514301] Freeing SMP alternatives memory: 36K
[    0.516717] pid_max: default: 32768 minimum: 301
[    0.519174] LSM: initializing lsm=lockdown,capability,landlock
[    0.522211] landlock: Up and running.
[    0.522421] Mount-cache hash table entries: 4096 (order: 3, 32768 bytes, linear)
[    0.526306] Mountpoint-cache hash table entries: 4096 (order: 3, 32768 bytes, linear)
[    0.532574] smpboot: CPU0: Intel(R) Xeon(R) Platinum 8488C (family: 0x6, model: 0x8f, stepping: 0x8)
[    0.537756] Performance Events: Sapphire Rapids events, full-width counters, Intel PMU driver.
[    0.542390] ... version:                2
[    0.542403] ... bit width:              48
[    0.544550] ... generic registers:      8
[    0.546662] ... value mask:             0000ffffffffffff
[    0.549529] ... max period:             00007fffffffffff
[    0.552235] ... fixed-purpose events:   2
[    0.552401] ... event mask:             00000003000000ff
[    0.555360] signal: max sigframe size: 11952
[    0.557604] rcu: Hierarchical SRCU implementation.
[    0.560045] rcu: 	Max phase no-delay instances is 1000.
[    0.562452] Timer migration: 1 hierarchy levels; 8 children per group; 1 crossnode level
[    0.567735] smp: Bringing up secondary CPUs ...
[    0.570287] smpboot: x86: Booting SMP configuration:
[    0.572407] .... node  #0, CPUs:      #1
[    0.573191] smp: Brought up 1 node, 2 CPUs
[    0.576626] smpboot: Total of 2 processors activated (9600.00 BogoMIPS)
[    0.583112] Memory: 1929216K/2096608K available (14336K kernel code, 1938K rwdata, 9224K rodata, 2808K init, 1428K bss, 163236K reserved, 0K cma-reserved)
[    0.590208] devtmpfs: initialized
[    0.590208] x86/mm: Memory block size: 128MB
[    0.592631] futex hash table entries: 512 (order: 3, 32768 bytes, linear)
[    0.596707] NET: Registered PF_NETLINK/PF_ROUTE protocol family
[    0.599815] audit: initializing netlink subsys (disabled)
[    0.602686] audit: type=2000 audit(1790452427.954:1): state=initialized audit_enabled=0 res=1
[    0.602686] thermal_sys: Registered thermal governor 'step_wise'
[    0.606878] cpuidle: using governor ladder
[    0.612428] cpuidle: using governor menu
[    0.614684] acpiphp: ACPI Hot Plug PCI Controller Driver version: 0.5
[    0.618324] PCI: Using configuration type 1 for base access
[    0.621371] kprobes: kprobe jump-optimization is enabled. All kprobes are optimized if possible.
[    0.628476] HugeTLB: registered 1.00 GiB page size, pre-allocated 0 pages
[    0.632413] HugeTLB: 16380 KiB vmemmap can be freed for a 1.00 GiB page
[    0.635797] HugeTLB: registered 2.00 MiB page size, pre-allocated 0 pages
[    0.639168] HugeTLB: 28 KiB vmemmap can be freed for a 2.00 MiB page
[    0.642492] ACPI: Added _OSI(Module Device)
[    0.644665] ACPI: Added _OSI(Processor Device)
[    0.647001] ACPI: Added _OSI(Processor Aggregator Device)
[    0.649841] ACPI: 1 ACPI AML tables successfully acquired and loaded
[    0.653107] ACPI: Interpreter enabled
[    0.654245] ACPI: PM: (supports S0 S3 S5)
[    0.656183] ACPI: Using IOAPIC for interrupt routing
[    0.658669] PCI: Using host bridge windows from ACPI; if necessary, use "pci=nocrs" and report a bug
[    0.662402] PCI: Using E820 reservations for host bridge windows
[    0.665446] ACPI: Enabled 2 GPEs in block 00 to 0F
[    0.669803] ACPI: PCI Root Bridge [PCI0] (domain 0000 [bus 00-ff])
[    0.672404] acpi PNP0A03:00: _OSC: OS supports [ASPM ClockPM Segments MSI HPX-Type3]
[    0.676156] acpi PNP0A03:00: _OSC: not requesting OS control; OS requires [ExtendedConfig ASPM ClockPM MSI]
[    0.680805] acpi PNP0A03:00: fail to add MMCONFIG information, can't access extended configuration space under this bridge
[    0.682830] acpiphp: Slot [3] registered
[    0.684801] acpiphp: Slot [4] registered
[    0.686701] acpiphp: Slot [5] registered
[    0.688676] acpiphp: Slot [6] registered
[    0.690645] acpiphp: Slot [7] registered
[    0.692441] acpiphp: Slot [8] registered
[    0.694413] acpiphp: Slot [9] registered
[    0.696360] acpiphp: Slot [10] registered
[    0.698853] acpiphp: Slot [11] registered
[    0.700844] acpiphp: Slot [12] registered
[    0.702445] acpiphp: Slot [13] registered
[    0.704439] acpiphp: Slot [14] registered
[    0.706490] acpiphp: Slot [15] registered
[    0.708520] acpiphp: Slot [16] registered
[    0.710575] acpiphp: Slot [17] registered
[    0.712444] acpiphp: Slot [18] registered
[    0.714496] acpiphp: Slot [19] registered
[    0.716451] acpiphp: Slot [20] registered
[    0.718449] acpiphp: Slot [21] registered
[    0.720409] acpiphp: Slot [22] registered
[    0.722441] acpiphp: Slot [23] registered
[    0.724364] acpiphp: Slot [24] registered
[    0.726400] acpiphp: Slot [25] registered
[    0.728351] acpiphp: Slot [26] registered
[    0.730407] acpiphp: Slot [27] registered
[    0.732404] acpiphp: Slot [28] registered
[    0.734408] acpiphp: Slot [29] registered
[    0.736490] acpiphp: Slot [30] registered
[    0.738586] acpiphp: Slot [31] registered
[    0.740858] PCI host bridge to bus 0000:00
[    0.742405] pci_bus 0000:00: root bus resource [io  0x0000-0x0cf7 window]
[    0.745719] pci_bus 0000:00: root bus resource [io  0x0d00-0xffff window]
[    0.749107] pci_bus 0000:00: root bus resource [mem 0x000a0000-0x000bffff window]
[    0.752401] pci_bus 0000:00: root bus resource [mem 0x80000000-0xfebfffff window]
[    0.756050] pci_bus 0000:00: root bus resource [mem 0x100000000-0x17fffffff window]
[    0.759862] pci_bus 0000:00: root bus resource [bus 00-ff]
[    0.762593] pci 0000:00:00.0: [8086:1237] type 00 class 0x060000 conventional PCI endpoint
[    0.768409] pci 0000:00:01.0: [8086:7000] type 00 class 0x060100 conventional PCI endpoint
[    0.774870] pci 0000:00:01.1: [8086:7010] type 00 class 0x010180 conventional PCI endpoint
[    0.782228] pci 0000:00:01.1: BAR 4 [io  0xc160-0xc16f]
[    0.783763] pci 0000:00:01.1: BAR 0 [io  0x01f0-0x01f7]: legacy IDE quirk
[    0.787106] pci 0000:00:01.1: BAR 1 [io  0x03f6]: legacy IDE quirk
[    0.790859] pci 0000:00:01.1: BAR 2 [io  0x0170-0x0177]: legacy IDE quirk
[    0.792403] pci 0000:00:01.1: BAR 3 [io  0x0376]: legacy IDE quirk
[    0.796066] pci 0000:00:01.3: [8086:7113] type 00 class 0x068000 conventional PCI endpoint
[    0.802347] pci 0000:00:01.3: quirk: [io  0x0600-0x063f] claimed by PIIX4 ACPI
[    0.802439] pci 0000:00:01.3: quirk: [io  0x0700-0x070f] claimed by PIIX4 SMB
[    0.806840] pci 0000:00:02.0: [1234:1111] type 00 class 0x030000 conventional PCI endpoint
[    0.813008] pci 0000:00:02.0: BAR 0 [mem 0xfd000000-0xfdffffff pref]
[    0.818878] pci 0000:00:02.0: BAR 2 [mem 0xfeb90000-0xfeb90fff]
[    0.826719] pci 0000:00:02.0: ROM [mem 0xfeb80000-0xfeb8ffff pref]
[    0.830076] pci 0000:00:02.0: Video device with shadowed ROM at [mem 0x000c0000-0x000dffff]
[    0.833597] pci 0000:00:03.0: [1af4:1001] type 00 class 0x010000 conventional PCI endpoint
[    0.840338] pci 0000:00:03.0: BAR 0 [io  0xc000-0xc07f]
[    0.845461] pci 0000:00:03.0: BAR 1 [mem 0xfeb91000-0xfeb91fff]
[    0.863551] pci 0000:00:03.0: BAR 4 [mem 0xfe000000-0xfe003fff 64bit pref]
[    0.872808] pci 0000:00:04.0: [1af4:1001] type 00 class 0x010000 conventional PCI endpoint
[    0.878596] pci 0000:00:04.0: BAR 0 [io  0xc080-0xc0ff]
[    0.883030] pci 0000:00:04.0: BAR 1 [mem 0xfeb92000-0xfeb92fff]
[    0.903290] pci 0000:00:04.0: BAR 4 [mem 0xfe004000-0xfe007fff 64bit pref]
[    0.915130] pci 0000:00:05.0: [1af4:1000] type 00 class 0x020000 conventional PCI endpoint
[    0.920659] pci 0000:00:05.0: BAR 0 [io  0xc140-0xc15f]
[    0.923377] pci 0000:00:05.0: BAR 1 [mem 0xfeb93000-0xfeb93fff]
[    0.930136] pci 0000:00:05.0: BAR 4 [mem 0xfe008000-0xfe00bfff 64bit pref]
[    0.933349] pci 0000:00:05.0: ROM [mem 0xfeb00000-0xfeb7ffff pref]
[    0.940237] pci 0000:00:06.0: [1af4:1003] type 00 class 0x078000 conventional PCI endpoint
[    0.943476] pci 0000:00:06.0: BAR 0 [io  0xc100-0xc13f]
[    0.947041] pci 0000:00:06.0: BAR 1 [mem 0xfeb94000-0xfeb94fff]
[    0.952953] pci 0000:00:06.0: BAR 4 [mem 0xfe00c000-0xfe00ffff 64bit pref]
[    0.969037] ACPI: PCI: Interrupt link LNKA configured for IRQ 10
[    0.972390] ACPI: PCI: Interrupt link LNKB configured for IRQ 10
[    0.972587] ACPI: PCI: Interrupt link LNKC configured for IRQ 11
[    0.975792] ACPI: PCI: Interrupt link LNKD configured for IRQ 11
[    0.978884] ACPI: PCI: Interrupt link LNKS configured for IRQ 9
[    0.982198] iommu: Default domain type: Translated
[    0.982401] iommu: DMA domain TLB invalidation policy: lazy mode
[    0.985499] SCSI subsystem initialized
[    0.987404] pps_core: LinuxPPS API ver. 1 registered
[    0.987404] pps_core: Software ver. 5.3.6 - Copyright 2005-2007 Rodolfo Giometti <giometti@linux.it>
[    0.992406] PTP clock support registered
[    0.994527] PCI: Using ACPI for IRQ routing
[    0.995849] clocksource: Switched to clocksource kvm-clock
[    0.996029] VFS: Disk quotas dquot_6.6.0
[    0.998481] VFS: Dquot-cache hash table entries: 512 (order 0, 4096 bytes)
[    1.002972] pnp: PnP ACPI init
[    1.005225] pnp: PnP ACPI: found 6 devices
[    1.015602] clocksource: acpi_pm: mask: 0xffffff max_cycles: 0xffffff, max_idle_ns: 2085701024 ns
[    1.020111] NET: Registered PF_INET protocol family
[    1.022693] IP idents hash table entries: 32768 (order: 6, 262144 bytes, linear)
[    1.034151] tcp_listen_portaddr_hash hash table entries: 1024 (order: 2, 16384 bytes, linear)
[    1.038512] Table-perturb hash table entries: 65536 (order: 6, 262144 bytes, linear)
[    1.042468] TCP established hash table entries: 16384 (order: 5, 131072 bytes, linear)
[    1.046511] TCP bind hash table entries: 16384 (order: 7, 524288 bytes, linear)
[    1.050191] TCP: Hash tables configured (established 16384 bind 16384)
[    1.053545] MPTCP token hash table entries: 2048 (order: 4, 49152 bytes, linear)
[    1.057156] UDP hash table entries: 1024 (order: 3, 32768 bytes, linear)
[    1.060527] UDP-Lite hash table entries: 1024 (order: 3, 32768 bytes, linear)
[    1.064011] NET: Registered PF_UNIX/PF_LOCAL protocol family
[    1.066817] NET: Registered PF_XDP protocol family
[    1.069578] pci_bus 0000:00: resource 4 [io  0x0000-0x0cf7 window]
[    1.072856] pci_bus 0000:00: resource 5 [io  0x0d00-0xffff window]
[    1.075953] pci_bus 0000:00: resource 6 [mem 0x000a0000-0x000bffff window]
[    1.079309] pci_bus 0000:00: resource 7 [mem 0x80000000-0xfebfffff window]
[    1.082817] pci_bus 0000:00: resource 8 [mem 0x100000000-0x17fffffff window]
[    1.086431] pci 0000:00:01.0: PIIX3: Enabling Passive Release
[    1.089184] pci 0000:00:00.0: Limiting direct PCI/PCI transfers
[    1.092552] PCI: CLS 0 bytes, default 64
[    1.094685] clocksource: tsc: mask: 0xffffffffffffffff max_cycles: 0x22983777dd9, max_idle_ns: 440795300422 ns
[    1.094754] Unpacking initramfs...
[    1.115189] Initialise system trusted keyrings
[    1.118513] workingset: timestamp_bits=46 max_order=19 bucket_order=0
[    1.123237] Key type asymmetric registered
[    1.126119] Asymmetric key parser 'x509' registered
[    1.129503] Block layer SCSI generic (bsg) driver version 0.4 loaded (major 247)
[    1.134765] io scheduler mq-deadline registered
[    1.137994] io scheduler kyber registered
[    1.140827] io scheduler bfq registered
[    1.144249] ERST DBG: ERST support is disabled.
[    1.160243] ACPI: \_SB_.LNKC: Enabled at IRQ 11
[    1.176113] ACPI: \_SB_.LNKD: Enabled at IRQ 10
[    1.193248] ACPI: \_SB_.LNKA: Enabled at IRQ 10
[    1.209016] ACPI: \_SB_.LNKB: Enabled at IRQ 11
[    1.214369] Serial: 8250/16550 driver, 4 ports, IRQ sharing enabled
[    1.217477] 00:04: ttyS0 at I/O 0x3f8 (irq = 4, base_baud = 115200) is a 16550A
[    1.262497] VMware PVSCSI driver - version 1.0.7.0-k
[    1.266798] scsi host0: ata_piix
[    1.269296] scsi host1: ata_piix
[    1.271239] ata1: PATA max MWDMA2 cmd 0x1f0 ctl 0x3f6 bmdma 0xc160 irq 14 lpm-pol 0
[    1.275372] ata2: PATA max MWDMA2 cmd 0x170 ctl 0x376 bmdma 0xc168 irq 15 lpm-pol 0
[    1.279385] hv_vmbus: registering driver hv_netvsc
[    1.281886] i8042: PNP: PS/2 Controller [PNP0303:KBD,PNP0f13:MOU] at 0x60,0x64 irq 1,12
[    1.288789] serio: i8042 KBD port at 0x60,0x64 irq 1
[    1.291502] serio: i8042 AUX port at 0x60,0x64 irq 12
[    1.294291] hv_vmbus: registering driver hyperv_keyboard
[    1.297345] rtc_cmos 00:05: RTC can wake from S4
[    1.301952] rtc_cmos 00:05: registered as rtc0
[    1.305115] rtc_cmos 00:05: setting system clock to 2026-09-26T19:53:48 UTC (1790452428)
[    1.309692] rtc_cmos 00:05: alarms up to one day, y3k, 242 bytes nvram, hpet irqs
[    1.313354] intel_pstate: CPU model not supported
[    1.318383] gre: GRE over IPv4 demultiplexor driver
[    1.320931] NET: Registered PF_INET6 protocol family
[    1.323855] input: AT Translated Set 2 keyboard as /devices/platform/i8042/serio0/input/input0
[    1.329253] Segment Routing with IPv6
[    1.331159] In-situ OAM (IOAM) with IPv6
[    1.333200] Key type dns_resolver registered
[    1.335475] IPI shorthand broadcast: enabled
[    1.338770] sched_clock: Marking stable (990595386, 344808011)->(1409703179, -74299782)
[    1.346777] registered taskstats version 1
[    1.348905] Loading compiled-in X.509 certificates
[    1.475780] ata2: found unknown device (class 0)
[    1.480844] ata2.00: ATAPI: QEMU DVD-ROM, 2.5+, max UDMA/100
[    1.489739] scsi 1:0:0:0: CD-ROM            QEMU     QEMU DVD-ROM     2.5+ PQ: 0 ANSI: 5
[    1.836058] Freeing initrd memory: 89056K
[    1.841641] Loaded X.509 cert 'alpinelinux.org: Alpine Linux kernel key: d76a695f66ad9cd28f5c22a8508f36e91f521f7a'
[    1.848854] Key type .fscrypt registered
[    1.851002] Key type fscrypt-provisioning registered
[    1.860029] Freeing unused kernel image (initmem) memory: 2808K
[    1.861907] Write protecting the kernel read-only data: 24576k
[    1.864393] Freeing unused kernel image (rodata/data gap) memory: 1016K
[    1.866449] rodata_test: all tests were successful
[    1.867931] Run /init as init process
[    1.881966] virtio_blk virtio0: 2/0/0 default/read/poll queues
[    1.886748] virtio_blk virtio0: [vda] 67108864 512-byte logical blocks (34.4 GB/32.0 GiB)
[    1.890154] virtio_blk virtio1: 2/0/0 default/read/poll queues
[    1.894739] virtio_blk virtio1: [vdb] 16777216 512-byte logical blocks (8.59 GB/8.00 GiB)
[    2.113309] SGI XFS with ACLs, security attributes, realtime, scrub, quota, no debug enabled
[    2.284838] raid6: avx512x4 gen() 32994 MB/s
[    2.454866] raid6: avx512x2 gen() 34993 MB/s
[    2.624935] raid6: avx512x1 gen() 22838 MB/s
[    2.794839] raid6: avx2x4   gen() 30238 MB/s
[    2.964872] raid6: avx2x2   gen() 29877 MB/s
[    3.134846] raid6: avx2x1   gen() 27609 MB/s
[    3.136180] raid6: using algorithm avx512x2 gen() 34993 MB/s
[    3.304862] raid6: .... xor() 20507 MB/s, rmw enabled
[    3.306416] raid6: using avx512x2 recovery algorithm
[    3.309248] xor: automatically using best checksumming function   avx       
[    3.385875] Btrfs loaded, zoned=no, fsverity=yes
[    3.395931] udevd[492]: starting version 3.2.14
[    3.399352] udevd[493]: starting eudev-3.2.14
[    3.409253] input: Power Button as /devices/LNXSYSTM:00/LNXPWRBN:00/input/input3
[    3.424589] Floppy drive(s): fd0 is 2.88M AMI BIOS
[    3.431988] piix4_smbus 0000:00:01.3: SMBus Host Controller at 0x700, revision 0
[    3.434659] i2c i2c-0: Memory type 0x07 not supported yet, not instantiating SPD
[    3.439835] input: VirtualPS/2 VMware VMMouse as /devices/platform/i8042/serio1/input/input5
[    3.444271] input: VirtualPS/2 VMware VMMouse as /devices/platform/i8042/serio1/input/input4
[    3.453557] ACPI: button: Power Button [PWRF]
[    3.458955] cryptd: max_cpu_qlen set to 1000
[    3.462117] FDC 0 is a S82078B
[    3.470606] AES CTR mode by8 optimization enabled
[    3.487015] ACPI: bus type drm_connector registered
[    3.489001] mousedev: PS/2 mouse device common for all mice
[    3.503889] [drm] Found bochs VGA, ID 0xb0c5.
[    3.505391] [drm] Framebuffer size 16384 kB @ 0xfd000000, mmio @ 0xfeb90000.
[    3.513377] [drm] Found EDID data blob.
[    3.514664] [drm] Initialized bochs-drm 1.0.0 for 0000:00:02.0 on minor 0
[    3.524468] sr 1:0:0:0: [sr0] scsi3-mmc drive: 4x/4x cd/rw xa/form2 tray
[    3.574202] Console: switching to colour frame buffer device 160x50
[    3.577052] bochs-drm 0000:00:02.0: [drm] fb0: bochs-drmdrmfb frame buffer device
[    3.716280] cdrom: Uniform CD-ROM driver Revision: 3.20
[    5.061644] block sr0: the capability attribute has been deprecated.
{"step":"storage","pct":0}
wootc-builder: stage=storage
[    5.339703] EXT4-fs (vdb): mounted filesystem 1a96bf8e-60e2-411b-bbed-060269060ee6 r/w with ordered data mode. Quota mode: none.
{"step":"network","pct":0}
wootc-builder: stage=network
udhcpc: started, v1.37.0
[    5.358657] NET: Registered PF_PACKET protocol family
udhcpc: broadcasting discover
udhcpc: broadcasting select for 10.0.2.15, server 10.0.2.2
udhcpc: lease of 10.0.2.15 obtained from 10.0.2.2, lease time 86400
{"step":"pulling","pct":0}
wootc-builder: stage=pulling
Trying to pull ttl.sh/2e6295b0-50ea-42b2-838a-57df8a1022be@sha256:4562f4f0fde8cc0ba49e7ce627be2ba35d803c9aa768e79220a1a58c3b0d148b...
Getting image source signatures
Writing manifest to image destination
1d69a5e1e0365ce35c3f30b48e454229142b0e95a8417872e3859f695eb55712
{"step":"installing","pct":0}
wootc-builder: stage=installing
Installing image: docker://ttl.sh/2e6295b0-50ea-42b2-838a-57df8a1022be@sha256:4562f4f0fde8cc0ba49e7ce627be2ba35d803c9aa768e79220a1a58c3b0d148b
Digest: sha256:4562f4f0fde8cc0ba49e7ce627be2ba35d803c9aa768e79220a1a58c3b0d148b
Block setup: direct
       Size: 34359738368
     Serial: wootc-root
      Model: <unknown>
 Partitions: UUID
[   66.197238]  vda: vda1 vda2 vda3
Checking that no-one is using this disk right now ... OK

Disk /dev/vda: 32 GiB, 34359738368 bytes, 67108864 sectors
Units: sectors of 1 * 512 = 512 bytes
Sector size (logical/physical): 512 bytes / 512 bytes
I/O size (minimum/optimal): 512 bytes / 512 bytes

>>> Script header accepted.
>>> Script header accepted.
>>> Created a new GPT disklabel (GUID: 1D59B644-FD6D-4566-8FC9-151562C0399B).
/dev/vda1: Created a new partition 1 of type 'BIOS boot' and of size 1 MiB.
/dev/vda2: Created a new partition 2 of type 'EFI System' and of size 512 MiB.
/dev/vda3: Created a new partition 3 of type 'Linux root (x86-64)' and of size 31.5 GiB.
/dev/vda4: Done.

New situation:
Disklabel type: gpt
Disk identifier: 1D59B644-FD6D-4566-8FC9-151562C0399B

Device       Start      End  Sectors  Size Type
/dev/vda1     2048     4095     2048    1M BIOS boot
/dev/vda2     4096  1052671  1048576  512M EFI System
/dev/vda3  1052672 67106815 66054144 31.5G Linux root (x86-64)

The partition table has been altered.
Calling ioctl() to re-read partition table.
Syncing disks.
Creating root filesystem (xfs) on device /dev/vda3 (size=33.8 GB)
> mkfs.xfs -m uuid=f58217a0-7ae5-4179-a434-37e1742874ad -L root /dev/vda3
[   66.480527] XFS (vda3): Mounting V5 Filesystem f58217a0-7ae5-4179-a434-37e1742874ad
[   66.487063] XFS (vda3): Ending clean mount
Creating ESP filesystem
> mkfs.fat /dev/vda2 -n EFI-SYSTEM
Initializing ostree layout
layers already present: 0; layers needed: 67 (2.1 GB)
Deploying container image...done (25 seconds)
Bootloader: grub
Installing bootloader via bootupd
[  273.713574] device-mapper: uevent: version 1.0.3
[  273.715130] device-mapper: ioctl: 4.48.0-ioctl (2023-03-01) initialised: dm-devel@lists.linux.dev
[  275.582587] FAT-fs (vda2): utf8 is not a recommended IO charset for FAT filesystems, filesystem will be case sensitive!
Added 01_users.cfg
Added 10_blscfg.cfg
Added 14_menu_show_once.cfg
Added 30_uefi-firmware.cfg
Added 41_custom.cfg
Installed: grub.cfg
Installed: bootuuid.cfg
Installed: "almalinux/grub.cfg"
Installed: "almalinux/bootuuid.cfg"
Trimming root
.: 31.5 GiB (33819721728 bytes) trimmed
Finalizing filesystem root
[  276.865138] XFS: attr2 mount option is deprecated.
Unmounting filesystems
[  277.159081] XFS (vda3): Unmounting Filesystem f58217a0-7ae5-4179-a434-37e1742874ad
Installation complete!
{"step":"personalizing","pct":0}
wootc-builder: stage=personalizing
[  277.428410] XFS (vda3): Mounting V5 Filesystem f58217a0-7ae5-4179-a434-37e1742874ad
[  277.436806] XFS (vda3): Ending clean mount
[  277.635061] XFS (vda3): Unmounting Filesystem f58217a0-7ae5-4179-a434-37e1742874ad
{"step":"verifying","pct":0}
wootc-builder: stage=verifying
[  277.661538]  vda: vda1 vda2 vda3
[  278.000122] FAT-fs (vda2): utf8 is not a recommended IO charset for FAT filesystems, filesystem will be case sensitive!
[  278.013061] XFS (vda3): Mounting V5 Filesystem f58217a0-7ae5-4179-a434-37e1742874ad
[  278.021541] XFS (vda3): Ending clean mount
[  278.033605] XFS (vda3): Unmounting Filesystem f58217a0-7ae5-4179-a434-37e1742874ad
[  278.118468] EXT4-fs (vdb): unmounting filesystem 1a96bf8e-60e2-411b-bbed-060269060ee6.
{"type":"result","schemaVersion":1,"status":"success","runId":"eight_20260926","installId":"install_eight_20260926","image":"ttl.sh/2e6295b0-50ea-42b2-838a-57df8a1022be@sha256:4562f4f0fde8cc0ba49e7ce627be2ba35d803c9aa768e79220a1a58c3b0d148b","diskId":"1d59b644-fd6d-4566-8fc9-151562c0399b","filesystemVerified":true,"efiVerified":true,"accountOutcome":"created","username":"wootctest"}
STATUS=SUCCESS
[  278.167085] ACPI: PM: Preparing to enter system sleep state S5
[  278.168945] kvm: exiting hardware virtualization
[  278.170583] reboot: Power down
