2026-09-27T15:31:45.1531798Z Current runner version: '2.337.0'
2026-09-27T15:31:45.1567376Z ##[group]Runner Image Provisioner
2026-09-27T15:31:45.1568440Z Hosted Compute Agent
2026-09-27T15:31:45.1569239Z Version: 20260828.587
2026-09-27T15:31:45.1570184Z Commit: abac92662cab4cc7352de4f9f9d2e2419aad9c29
2026-09-27T15:31:45.1571032Z Build Date: 2026-08-28T16:44:25Z
2026-09-27T15:31:45.1571882Z Worker ID: {f3ba66c9-dccc-4e5c-8274-6ee68a76a5ed}
2026-09-27T15:31:45.1573096Z Azure Region: eastus
2026-09-27T15:31:45.1574002Z ##[endgroup]
2026-09-27T15:31:45.1576348Z ##[group]Operating System
2026-09-27T15:31:45.1577453Z Microsoft Windows Server 2025
2026-09-27T15:31:45.1578346Z 10.0.26100
2026-09-27T15:31:45.1579008Z Datacenter
2026-09-27T15:31:45.1579708Z ##[endgroup]
2026-09-27T15:31:45.1580408Z ##[group]Runner Image
2026-09-27T15:31:45.1581435Z Image: windows-2025-vs2026
2026-09-27T15:31:45.1582426Z Version: 20260922.246.2
2026-09-27T15:31:45.1585180Z Included Software: https://github.com/actions/runner-images/blob/win25-vs2026/20260922.246/images/windows/Windows2025-VS2026-Readme.md
2026-09-27T15:31:45.1588290Z Image Release: https://github.com/actions/runner-images/releases/tag/win25-vs2026%2F20260922.246
2026-09-27T15:31:45.1590129Z ##[endgroup]
2026-09-27T15:31:45.1592318Z ##[group]GITHUB_TOKEN Permissions
2026-09-27T15:31:45.1594532Z Contents: read
2026-09-27T15:31:45.1595329Z Metadata: read
2026-09-27T15:31:45.1596013Z ##[endgroup]
2026-09-27T15:31:45.1598811Z Secret source: Actions
2026-09-27T15:31:45.1600880Z Cache mode: write
2026-09-27T15:31:45.1602095Z Prepare workflow directory
2026-09-27T15:31:45.2110607Z Prepare all required actions
2026-09-27T15:31:45.2182784Z Getting action download info
2026-09-27T15:31:45.4078335Z Download action repository 'actions/checkout@v7' (SHA:3d3c42e5aac5ba805825da76410c181273ba90b1)
2026-09-27T15:31:45.5708962Z Download action repository 'actions/setup-dotnet@v6' (SHA:a98b56852c35b8e3190ac28c8c2271da59106c68)
2026-09-27T15:31:45.8520783Z Download action repository 'actions/setup-go@v7' (SHA:b7ad1dad31e06c5925ef5d2fc7ad053ef454303e)
2026-09-27T15:31:46.0817246Z Download action repository 'actions/upload-artifact@v7' (SHA:043fb46d1a93c77aae656e7c1c64a875d1fc6a0a)
2026-09-27T15:31:46.2911506Z Complete job name: Branded preview package (bazzite)
2026-09-27T15:31:46.4311623Z ##[group]Run actions/checkout@v7
2026-09-27T15:31:46.4312777Z with:
2026-09-27T15:31:46.4313310Z   repository: tuna-os/wootc
2026-09-27T15:31:46.4317634Z   token: ***
2026-09-27T15:31:46.4318121Z   ssh-strict: true
2026-09-27T15:31:46.4318680Z   ssh-user: git
2026-09-27T15:31:46.4319325Z   persist-credentials: true
2026-09-27T15:31:46.4320039Z   clean: true
2026-09-27T15:31:46.4320663Z   sparse-checkout-cone-mode: true
2026-09-27T15:31:46.4321336Z   fetch-depth: 1
2026-09-27T15:31:46.4321947Z   fetch-tags: false
2026-09-27T15:31:46.4322554Z   show-progress: true
2026-09-27T15:31:46.4323151Z   lfs: false
2026-09-27T15:31:46.4323731Z   submodules: false
2026-09-27T15:31:46.4324237Z   set-safe-directory: true
2026-09-27T15:31:46.4324843Z   allow-unsafe-pr-checkout: false
2026-09-27T15:31:46.4325700Z ##[endgroup]
2026-09-27T15:31:46.6138413Z Syncing repository: tuna-os/wootc
2026-09-27T15:31:46.6140298Z ##[group]Getting Git version info
2026-09-27T15:31:46.6141104Z Working directory is 'D:\a\wootc\wootc'
2026-09-27T15:31:46.7126743Z [command]"C:\Program Files\Git\bin\git.exe" version
2026-09-27T15:31:47.0584009Z git version 2.55.0.windows.5
2026-09-27T15:31:47.0637878Z ##[endgroup]
2026-09-27T15:31:47.0656854Z Temporarily overriding HOME='D:\a\_temp\a72a4031-f75d-467e-b2ed-9cf00e644f0f' before making global git config changes
2026-09-27T15:31:47.0660222Z Adding repository directory to the temporary git global config as a safe directory
2026-09-27T15:31:47.0670492Z [command]"C:\Program Files\Git\bin\git.exe" config --global --add safe.directory D:\a\wootc\wootc
2026-09-27T15:31:47.1569582Z Deleting the contents of 'D:\a\wootc\wootc'
2026-09-27T15:31:47.1576487Z ##[group]Determining repository object format
2026-09-27T15:31:47.1582155Z ##[endgroup]
2026-09-27T15:31:47.1584779Z ##[group]Initializing the repository
2026-09-27T15:31:47.1590060Z [command]"C:\Program Files\Git\bin\git.exe" init D:\a\wootc\wootc
2026-09-27T15:31:47.2444310Z Initialized empty Git repository in D:/a/wootc/wootc/.git/
2026-09-27T15:31:47.2561066Z [command]"C:\Program Files\Git\bin\git.exe" remote add origin https://github.com/tuna-os/wootc
2026-09-27T15:31:47.3089537Z ##[endgroup]
2026-09-27T15:31:47.3091222Z ##[group]Disabling automatic garbage collection
2026-09-27T15:31:47.3098754Z [command]"C:\Program Files\Git\bin\git.exe" config --local gc.auto 0
2026-09-27T15:31:47.3412772Z ##[endgroup]
2026-09-27T15:31:47.3415159Z ##[group]Setting up auth
2026-09-27T15:31:47.3416546Z Removing SSH command configuration
2026-09-27T15:31:47.3423389Z [command]"C:\Program Files\Git\bin\git.exe" config --local --name-only --get-regexp core\.sshCommand
2026-09-27T15:31:47.3757488Z [command]"C:\Program Files\Git\bin\git.exe" submodule foreach --recursive "sh -c \"git config --local --name-only --get-regexp 'core\.sshCommand' && git config --local --unset-all 'core.sshCommand' || :\""
2026-09-27T15:31:48.7562271Z Removing HTTP extra header
2026-09-27T15:31:48.7573890Z [command]"C:\Program Files\Git\bin\git.exe" config --local --name-only --get-regexp http\.https\:\/\/github\.com\/\.extraheader
2026-09-27T15:31:48.7887395Z [command]"C:\Program Files\Git\bin\git.exe" submodule foreach --recursive "sh -c \"git config --local --name-only --get-regexp 'http\.https\:\/\/github\.com\/\.extraheader' && git config --local --unset-all 'http.https://github.com/.extraheader' || :\""
2026-09-27T15:31:49.3252341Z Removing includeIf entries pointing to credentials config files
2026-09-27T15:31:49.3262033Z [command]"C:\Program Files\Git\bin\git.exe" config --local --name-only --get-regexp ^includeIf\.gitdir:
2026-09-27T15:31:49.3574512Z [command]"C:\Program Files\Git\bin\git.exe" submodule foreach --recursive "git config --local --show-origin --name-only --get-regexp remote.origin.url"
2026-09-27T15:31:49.8927047Z [command]"C:\Program Files\Git\bin\git.exe" config --file D:\a\_temp\git-credentials-ab347d5a-8f7f-4604-ac71-161013ae780a.config http.https://github.com/.extraheader "AUTHORIZATION: basic ***"
2026-09-27T15:31:49.9247353Z [command]"C:\Program Files\Git\bin\git.exe" config --local includeIf.gitdir:D:/a/wootc/wootc/.git.path D:\a\_temp\git-credentials-ab347d5a-8f7f-4604-ac71-161013ae780a.config
2026-09-27T15:31:49.9535861Z [command]"C:\Program Files\Git\bin\git.exe" config --local includeIf.gitdir:D:/a/wootc/wootc/.git/worktrees/*.path D:\a\_temp\git-credentials-ab347d5a-8f7f-4604-ac71-161013ae780a.config
2026-09-27T15:31:49.9861897Z [command]"C:\Program Files\Git\bin\git.exe" config --local includeIf.gitdir:/github/workspace/.git.path /github/runner_temp/git-credentials-ab347d5a-8f7f-4604-ac71-161013ae780a.config
2026-09-27T15:31:50.0152404Z [command]"C:\Program Files\Git\bin\git.exe" config --local includeIf.gitdir:/github/workspace/.git/worktrees/*.path /github/runner_temp/git-credentials-ab347d5a-8f7f-4604-ac71-161013ae780a.config
2026-09-27T15:31:50.0513411Z ##[endgroup]
2026-09-27T15:31:50.0514048Z ##[group]Fetching the repository
2026-09-27T15:31:50.0524668Z [command]"C:\Program Files\Git\bin\git.exe" -c protocol.version=2 fetch --no-tags --prune --no-recurse-submodules --depth=1 origin +932537a7e650ec1608980999da7a9e60fb9e218e:refs/remotes/pull/496/merge
2026-09-27T15:31:51.2482764Z From https://github.com/tuna-os/wootc
2026-09-27T15:31:51.2484194Z  * [new ref]         932537a7e650ec1608980999da7a9e60fb9e218e -> pull/496/merge
2026-09-27T15:31:51.2527513Z ##[endgroup]
2026-09-27T15:31:51.2528302Z ##[group]Determining the checkout info
2026-09-27T15:31:51.2528981Z ##[endgroup]
2026-09-27T15:31:51.2538354Z [command]"C:\Program Files\Git\bin\git.exe" sparse-checkout disable
2026-09-27T15:31:51.2994927Z [command]"C:\Program Files\Git\bin\git.exe" config --local --unset-all extensions.worktreeConfig
2026-09-27T15:31:51.3285218Z ##[group]Checking out the ref
2026-09-27T15:31:51.3298383Z [command]"C:\Program Files\Git\bin\git.exe" checkout --progress --force refs/remotes/pull/496/merge
2026-09-27T15:31:51.7433213Z Note: switching to 'refs/remotes/pull/496/merge'.
2026-09-27T15:31:51.7433705Z 
2026-09-27T15:31:51.7433935Z You are in 'detached HEAD' state. You can look around, make experimental
2026-09-27T15:31:51.7434441Z changes and commit them, and you can discard any commits you make in this
2026-09-27T15:31:51.7435177Z state without impacting any branches by switching back to a branch.
2026-09-27T15:31:51.7435718Z 
2026-09-27T15:31:51.7436308Z If you want to create a new branch to retain commits you create, you may
2026-09-27T15:31:51.7437262Z do so (now or later) by using -c with the switch command. Example:
2026-09-27T15:31:51.7437871Z 
2026-09-27T15:31:51.7438092Z   git switch -c <new-branch-name>
2026-09-27T15:31:51.7438474Z 
2026-09-27T15:31:51.7438686Z Or undo this operation with:
2026-09-27T15:31:51.7439084Z 
2026-09-27T15:31:51.7439265Z   git switch -
2026-09-27T15:31:51.7439521Z 
2026-09-27T15:31:51.7439978Z Turn off this advice by setting config variable advice.detachedHead to false
2026-09-27T15:31:51.7440667Z 
2026-09-27T15:31:51.7441458Z HEAD is now at 932537a Merge 2fb26457880690fd9dffae29d62201f5aa09ed04 into 99f3987f235006e9b6f5893ff13c5234359a80b8
2026-09-27T15:31:51.7555201Z ##[endgroup]
2026-09-27T15:31:51.7987003Z [command]"C:\Program Files\Git\bin\git.exe" log -1 --format=%H
2026-09-27T15:31:51.8258576Z 932537a7e650ec1608980999da7a9e60fb9e218e
2026-09-27T15:31:51.8714927Z ##[group]Run actions/setup-dotnet@v6
2026-09-27T15:31:51.8715304Z with:
2026-09-27T15:31:51.8715532Z   global-json-file: shell/global.json
2026-09-27T15:31:51.8715846Z   cache: false
2026-09-27T15:31:51.8716067Z ##[endgroup]
2026-09-27T15:31:52.1803881Z [command]"C:\Program Files\PowerShell\7\pwsh.exe" -NoLogo -Sta -NoProfile -NonInteractive -ExecutionPolicy Unrestricted -Command & 'D:\a\_actions\actions\setup-dotnet\v6\externals\install-dotnet.ps1' -SkipNonVersionedFiles -Runtime dotnet -Channel LTS
2026-09-27T15:31:53.3940122Z dotnet-install: .NET Core Runtime with version '10.0.12' is already installed.
2026-09-27T15:31:53.5452560Z [command]"C:\Program Files\PowerShell\7\pwsh.exe" -NoLogo -Sta -NoProfile -NonInteractive -ExecutionPolicy Unrestricted -Command & 'D:\a\_actions\actions\setup-dotnet\v6\externals\install-dotnet.ps1' -SkipNonVersionedFiles -Version 8.0.425
2026-09-27T15:31:54.2287911Z dotnet-install: .NET Core SDK with version '8.0.425' is already installed.
2026-09-27T15:31:54.3460600Z ##[group]Run actions/setup-go@v7
2026-09-27T15:31:54.3460931Z with:
2026-09-27T15:31:54.3461135Z   go-version-file: app/go.mod
2026-09-27T15:31:54.3461373Z   check-latest: false
2026-09-27T15:31:54.3464040Z   token: ***
2026-09-27T15:31:54.3464218Z   cache: true
2026-09-27T15:31:54.3464384Z env:
2026-09-27T15:31:54.3464562Z   DOTNET_ROOT: C:\Program Files\dotnet
2026-09-27T15:31:54.3464801Z ##[endgroup]
2026-09-27T15:31:54.4967086Z Setup go version spec 1.26.0
2026-09-27T15:31:54.4981276Z Attempting to download 1.26.0...
2026-09-27T15:31:54.9064865Z matching 1.26.0...
2026-09-27T15:31:54.9082516Z Acquiring 1.26.0 from https://github.com/actions/go-versions/releases/download/1.26.0-21889650668/go-1.26.0-win32-x64.zip
2026-09-27T15:31:55.4345844Z Extracting Go...
2026-09-27T15:31:55.5234696Z [command]"C:\Program Files\PowerShell\7\pwsh.exe" -NoLogo -NoProfile -NonInteractive -ExecutionPolicy Unrestricted -Command "$ErrorActionPreference = 'Stop' ; try { Add-Type -AssemblyName System.IO.Compression.ZipFile } catch { } ; try { [System.IO.Compression.ZipFile]::ExtractToDirectory('D:\a\_temp\go-1.26.0-win32-x64.zip', 'D:\a\_temp\be202088-2764-470e-ac0b-78983de540e5', $true) } catch { if (($_.Exception.GetType().FullName -eq 'System.Management.Automation.MethodException') -or ($_.Exception.GetType().FullName -eq 'System.Management.Automation.RuntimeException') ){ Expand-Archive -LiteralPath 'D:\a\_temp\go-1.26.0-win32-x64.zip' -DestinationPath 'D:\a\_temp\be202088-2764-470e-ac0b-78983de540e5' -Force } else { throw $_ } } ;"
2026-09-27T15:32:00.2519972Z Successfully extracted go to D:\a\_temp\be202088-2764-470e-ac0b-78983de540e5
2026-09-27T15:32:00.2520492Z Adding to the cache ...
2026-09-27T15:32:12.1251833Z Created link C:\hostedtoolcache\windows\go\1.26.0\x64 => D:\hostedtoolcache\windows\go\1.26.0\x64
2026-09-27T15:32:12.1257029Z Created link C:\hostedtoolcache\windows\go\1.26.0\x64.complete => D:\hostedtoolcache\windows\go\1.26.0\x64.complete
2026-09-27T15:32:12.1258519Z Successfully cached go to C:\hostedtoolcache\windows\go\1.26.0\x64
2026-09-27T15:32:12.1264012Z Added go to the path
2026-09-27T15:32:12.1265457Z Successfully set up Go version 1.26.0
2026-09-27T15:32:12.5687586Z [command]C:\hostedtoolcache\windows\go\1.26.0\x64\bin\go.exe env GOCACHE
2026-09-27T15:32:12.5757945Z [command]C:\hostedtoolcache\windows\go\1.26.0\x64\bin\go.exe env GOMODCACHE
2026-09-27T15:32:12.6086564Z C:\Users\runneradmin\AppData\Local\go-build
2026-09-27T15:32:12.6134896Z C:\Users\runneradmin\go\pkg\mod
2026-09-27T15:32:12.6187227Z ##[warning]Restore cache failed: Dependencies file is not found in D:\a\wootc\wootc. Supported file pattern: go.mod
2026-09-27T15:32:12.6203342Z go version go1.26.0 windows/amd64
2026-09-27T15:32:12.6203649Z 
2026-09-27T15:32:12.6204030Z ##[group]go env
2026-09-27T15:32:15.5021200Z set AR=ar
2026-09-27T15:32:15.5021551Z set CC=gcc
2026-09-27T15:32:15.5021952Z set CGO_CFLAGS=-O2 -g
2026-09-27T15:32:15.5022383Z set CGO_CPPFLAGS=
2026-09-27T15:32:15.5022754Z set CGO_CXXFLAGS=-O2 -g
2026-09-27T15:32:15.5023066Z set CGO_ENABLED=1
2026-09-27T15:32:15.5023363Z set CGO_FFLAGS=-O2 -g
2026-09-27T15:32:15.5023677Z set CGO_LDFLAGS=-O2 -g
2026-09-27T15:32:15.5024007Z set CXX=g++
2026-09-27T15:32:15.5024262Z set GCCGO=gccgo
2026-09-27T15:32:15.5024453Z set GO111MODULE=
2026-09-27T15:32:15.5024639Z set GOAMD64=v1
2026-09-27T15:32:15.5024827Z set GOARCH=amd64
2026-09-27T15:32:15.5025017Z set GOAUTH=netrc
2026-09-27T15:32:15.5025222Z set GOBIN=
2026-09-27T15:32:15.5025509Z set GOCACHE=C:\Users\runneradmin\AppData\Local\go-build
2026-09-27T15:32:15.5025836Z set GOCACHEPROG=
2026-09-27T15:32:15.5026043Z set GODEBUG=
2026-09-27T15:32:15.5026343Z set GOENV=C:\Users\runneradmin\AppData\Roaming\go\env
2026-09-27T15:32:15.5026673Z set GOEXE=.exe
2026-09-27T15:32:15.5026888Z set GOEXPERIMENT=
2026-09-27T15:32:15.5027109Z set GOFIPS140=off
2026-09-27T15:32:15.5027311Z set GOFLAGS=
2026-09-27T15:32:15.5030407Z set GOGCCFLAGS=-m64 -mthreads -Wl,--no-gc-sections -fmessage-length=0 -ffile-prefix-map=C:\Users\RUNNER~1\AppData\Local\Temp\go-build1920505262=/tmp/go-build -gno-record-gcc-switches
2026-09-27T15:32:15.5031398Z set GOHOSTARCH=amd64
2026-09-27T15:32:15.5031671Z set GOHOSTOS=windows
2026-09-27T15:32:15.5031893Z set GOINSECURE=
2026-09-27T15:32:15.5032096Z set GOMOD=NUL
2026-09-27T15:32:15.5032389Z set GOMODCACHE=C:\Users\runneradmin\go\pkg\mod
2026-09-27T15:32:15.5032711Z set GONOPROXY=
2026-09-27T15:32:15.5032921Z set GONOSUMDB=
2026-09-27T15:32:15.5033122Z set GOOS=windows
2026-09-27T15:32:15.5033381Z set GOPATH=C:\Users\runneradmin\go
2026-09-27T15:32:15.5033669Z set GOPRIVATE=
2026-09-27T15:32:15.5034012Z set GOPROXY=https://proxy.golang.org,direct
2026-09-27T15:32:15.5034419Z set GOROOT=C:\hostedtoolcache\windows\go\1.26.0\x64
2026-09-27T15:32:15.5034772Z set GOSUMDB=sum.golang.org
2026-09-27T15:32:15.5035028Z set GOTELEMETRY=local
2026-09-27T15:32:15.5035811Z set GOTELEMETRYDIR=C:\Users\runneradmin\AppData\Roaming\go\telemetry
2026-09-27T15:32:15.5036224Z set GOTMPDIR=
2026-09-27T15:32:15.5036451Z set GOTOOLCHAIN=local
2026-09-27T15:32:15.5036871Z set GOTOOLDIR=C:\hostedtoolcache\windows\go\1.26.0\x64\pkg\tool\windows_amd64
2026-09-27T15:32:15.5037248Z set GOVCS=
2026-09-27T15:32:15.5037440Z set GOVERSION=go1.26.0
2026-09-27T15:32:15.5037632Z set GOWORK=
2026-09-27T15:32:15.5037832Z set PKG_CONFIG=pkg-config
2026-09-27T15:32:15.5037978Z 
2026-09-27T15:32:15.5038289Z ##[endgroup]
2026-09-27T15:32:15.5392568Z ##[group]Run dotnet publish shell/Wootc.Shell/Wootc.Shell.csproj --configuration Release --runtime win-x64 -p:Platform=x64 -p:NativeBuildId=932537a7e650ec1608980999da7a9e60fb9e218e -p:NativeBrandId=bazzite --output out/branded-preview
2026-09-27T15:32:15.5394445Z [36;1mdotnet publish shell/Wootc.Shell/Wootc.Shell.csproj --configuration Release --runtime win-x64 -p:Platform=x64 -p:NativeBuildId=932537a7e650ec1608980999da7a9e60fb9e218e -p:NativeBrandId=bazzite --output out/branded-preview[0m
2026-09-27T15:32:15.5395542Z [36;1mif ($LASTEXITCODE -ne 0) { throw 'Branded native publish refused' }[0m
2026-09-27T15:32:15.5396049Z [36;1mNew-Item -ItemType Directory -Force app/frontend/dist | Out-Null[0m
2026-09-27T15:32:15.5396645Z [36;1mSet-Content app/frontend/dist/index.html '<!doctype html><title>Native engine preview</title>'[0m
2026-09-27T15:32:15.5397143Z [36;1mPush-Location app[0m
2026-09-27T15:32:15.5397973Z [36;1mtry { go build -ldflags "-X main.nativeBuildID=932537a7e650ec1608980999da7a9e60fb9e218e -X main.brandID=bazzite" -o ../out/branded-preview/wootc-engine.exe . } finally { Pop-Location }[0m
2026-09-27T15:32:15.5398891Z [36;1mif ($LASTEXITCODE -ne 0) { throw 'Branded engine build refused' }[0m
2026-09-27T15:32:15.6000994Z shell: C:\Program Files\PowerShell\7\pwsh.EXE -command ". '{0}'"
2026-09-27T15:32:15.6001488Z env:
2026-09-27T15:32:15.6001760Z   DOTNET_ROOT: C:\Program Files\dotnet
2026-09-27T15:32:15.6002124Z   GOTOOLCHAIN: local
2026-09-27T15:32:15.6002391Z ##[endgroup]
2026-09-27T15:32:23.4121971Z   Determining projects to restore...
2026-09-27T15:32:25.2718891Z   Restored D:\a\wootc\wootc\shell\Wootc.Shell.Core\Wootc.Shell.Core.csproj (in 210 ms).
2026-09-27T15:32:31.1465175Z   Restored D:\a\wootc\wootc\shell\Wootc.Shell.Native\Wootc.Shell.Native.csproj (in 5.82 sec).
2026-09-27T15:32:58.2381568Z   Restored D:\a\wootc\wootc\shell\Wootc.Shell\Wootc.Shell.csproj (in 33.26 sec).
2026-09-27T15:33:05.0746876Z   Wootc.Shell.Core -> D:\a\wootc\wootc\shell\Wootc.Shell.Core\bin\x64\Release\net8.0\Wootc.Shell.Core.dll
2026-09-27T15:33:06.3876436Z   Wootc.Shell.Native -> D:\a\wootc\wootc\shell\Wootc.Shell.Native\bin\x64\Release\net8.0-windows10.0.19041.0\Wootc.Shell.Native.dll
2026-09-27T15:33:19.3074634Z   Wootc.Shell -> D:\a\wootc\wootc\shell\Wootc.Shell\bin\x64\Release\net8.0-windows10.0.19041.0\win-x64\Wootc.Shell.dll
2026-09-27T15:33:21.1731062Z   Wootc.Shell -> D:\a\wootc\wootc\out\branded-preview\
2026-09-27T15:33:21.7151671Z go: downloading github.com/tredoe/osutil v1.5.0
2026-09-27T15:33:21.7168250Z go: downloading github.com/wailsapp/wails/v2 v2.16.0
2026-09-27T15:33:24.6627234Z go: downloading golang.org/x/sys v0.48.0
2026-09-27T15:33:24.6628152Z go: downloading golang.org/x/crypto v0.57.0
2026-09-27T15:33:24.6628724Z go: downloading golang.org/x/mod v0.41.0
2026-09-27T15:33:26.0039552Z go: downloading github.com/leaanthony/u v1.1.1
2026-09-27T15:33:26.0056343Z go: downloading github.com/leaanthony/slicer v1.6.0
2026-09-27T15:33:26.0574261Z go: downloading github.com/leaanthony/go-ansi-parser v1.6.1
2026-09-27T15:33:26.0605844Z go: downloading github.com/pkg/errors v0.9.1
2026-09-27T15:33:26.0948624Z go: downloading github.com/wailsapp/go-webview2 v1.0.22
2026-09-27T15:33:26.2334337Z go: downloading github.com/rivo/uniseg v0.4.7
2026-09-27T15:33:44.9554128Z ##[group]Run ./shell/packaging/test-installed-preview.ps1 -BrandId 'bazzite' -BuildId '932537a7e650ec1608980999da7a9e60fb9e218e' -PackageDirectory out/branded-preview -OutputDirectory out/preview-installer
2026-09-27T15:33:44.9555765Z [36;1m./shell/packaging/test-installed-preview.ps1 -BrandId 'bazzite' -BuildId '932537a7e650ec1608980999da7a9e60fb9e218e' -PackageDirectory out/branded-preview -OutputDirectory out/preview-installer[0m
2026-09-27T15:33:44.9630220Z shell: C:\Program Files\PowerShell\7\pwsh.EXE -command ". '{0}'"
2026-09-27T15:33:44.9630597Z env:
2026-09-27T15:33:44.9630803Z   DOTNET_ROOT: C:\Program Files\dotnet
2026-09-27T15:33:44.9631091Z   GOTOOLCHAIN: local
2026-09-27T15:33:44.9632065Z ##[endgroup]
2026-09-27T15:33:45.8106775Z PASS actual root-reparse mutant accepts unsafe path; exact source restored and refuses it
2026-09-27T15:33:45.8500603Z PASS actual manifest writer, exclusive preservation, missing resources, wrong brand, root/child reparse refusals
2026-09-27T15:33:47.6822744Z PASS actual uninstaller observation: retained timeout, changed identity, directory, missing, later removal
2026-09-27T15:33:51.2409059Z Inno Setup 7 Command-Line Compiler
2026-09-27T15:33:51.2409787Z Copyright (C) 1997-2026 Jordan Russell. All rights reserved.
2026-09-27T15:33:51.2410563Z Portions Copyright (C) 2000-2026 Martijn Laan. All rights reserved.
2026-09-27T15:33:51.2411609Z Portions Copyright (C) 2001-2004 Alex Yackimoff. All rights reserved.
2026-09-27T15:33:51.2412379Z https://www.innosetup.com
2026-09-27T15:33:51.2412659Z 
2026-09-27T15:33:51.2626885Z Compiler engine version: Inno Setup 7.1.0
2026-09-27T15:33:51.2627411Z Non-commercial use only
2026-09-27T15:33:51.2627619Z 
2026-09-27T15:33:51.2813938Z Preprocessing
2026-09-27T15:33:51.2817594Z    Reading file: C:\Users\RUNNER~1\AppData\Local\Temp\wootc-preview-packaging-fd661bc76d5d48faacefaee537fb635e\compiler\ISPPBuiltins.iss
2026-09-27T15:33:51.2827268Z Parsing [Setup] section, line 21
2026-09-27T15:33:51.2827832Z Parsing [Setup] section, line 22
2026-09-27T15:33:51.2828373Z Parsing [Setup] section, line 23
2026-09-27T15:33:51.2828869Z Parsing [Setup] section, line 24
2026-09-27T15:33:51.2829414Z Parsing [Setup] section, line 25
2026-09-27T15:33:51.2829965Z Parsing [Setup] section, line 26
2026-09-27T15:33:51.2830424Z Parsing [Setup] section, line 27
2026-09-27T15:33:51.2830926Z Parsing [Setup] section, line 28
2026-09-27T15:33:51.2831494Z Parsing [Setup] section, line 29
2026-09-27T15:33:51.2831986Z Parsing [Setup] section, line 30
2026-09-27T15:33:51.2832782Z Parsing [Setup] section, line 31
2026-09-27T15:33:51.2833265Z Parsing [Setup] section, line 32
2026-09-27T15:33:51.2833780Z Parsing [Setup] section, line 33
2026-09-27T15:33:51.2834224Z Parsing [Setup] section, line 34
2026-09-27T15:33:51.2834564Z Parsing [Setup] section, line 35
2026-09-27T15:33:51.2834893Z Parsing [Setup] section, line 36
2026-09-27T15:33:51.2835224Z Parsing [Setup] section, line 37
2026-09-27T15:33:51.2835576Z Parsing [Setup] section, line 38
2026-09-27T15:33:51.2835912Z Parsing [Setup] section, line 39
2026-09-27T15:33:51.2836257Z Reading file (WizardImageFile)
2026-09-27T15:33:51.2836611Z Reading file (WizardSmallImageFile)
2026-09-27T15:33:51.2836984Z Preparing Setup program executable
2026-09-27T15:33:51.3199015Z    Verification successful
2026-09-27T15:33:51.3222840Z    Updating icons (Setup.e32)
2026-09-27T15:33:51.3310914Z    Updating version info (Setup.e32)
2026-09-27T15:33:51.3326219Z Determining language code pages
2026-09-27T15:33:51.3327482Z    Reading file: C:\Users\RUNNER~1\AppData\Local\Temp\wootc-preview-packaging-fd661bc76d5d48faacefaee537fb635e\compiler\Default.isl
2026-09-27T15:33:51.3332560Z    Messages in script file
2026-09-27T15:33:51.3332991Z Reading default messages from Default.isl
2026-09-27T15:33:51.3339227Z Parsing [LangOptions], [Messages], and [CustomMessages] sections
2026-09-27T15:33:51.3342717Z    Reading file: C:\Users\RUNNER~1\AppData\Local\Temp\wootc-preview-packaging-fd661bc76d5d48faacefaee537fb635e\compiler\Default.isl
2026-09-27T15:33:51.3343881Z    Messages in script file
2026-09-27T15:33:51.3344181Z Reading [Code] section
2026-09-27T15:33:51.3344615Z Parsing [Icons] section, line 45
2026-09-27T15:33:51.3345129Z Parsing [Files] section, line 42
2026-09-27T15:33:51.3419251Z Compiling [Code] section
2026-09-27T15:33:51.3482280Z Creating setup files
2026-09-27T15:33:51.3565700Z    Verification successful
2026-09-27T15:33:51.3573115Z    Updating icons (Setup.exe)
2026-09-27T15:33:51.3600780Z    Compressing: \\?\D:\a\wootc\wootc\out\branded-preview\clretwrc.dll
2026-09-27T15:33:51.3635011Z    Compressing: \\?\D:\a\wootc\wootc\out\branded-preview\clrgc.dll
2026-09-27T15:33:51.3699102Z    Compressing: \\?\D:\a\wootc\wootc\out\branded-preview\clrjit.dll
2026-09-27T15:33:51.3869606Z    Compressing: \\?\D:\a\wootc\wootc\out\branded-preview\coreclr.dll
2026-09-27T15:33:51.4502282Z    Compressing: \\?\D:\a\wootc\wootc\out\branded-preview\CoreMessagingXP.dll
2026-09-27T15:33:51.4621121Z    Compressing: \\?\D:\a\wootc\wootc\out\branded-preview\createdump.exe
2026-09-27T15:33:51.4629547Z    Compressing: \\?\D:\a\wootc\wootc\out\branded-preview\dcompi.dll
2026-09-27T15:33:51.4942704Z    Compressing: \\?\D:\a\wootc\wootc\out\branded-preview\DirectML.dll
2026-09-27T15:33:54.9056973Z    Compressing: \\?\D:\a\wootc\wootc\out\branded-preview\dwmcorei.dll
2026-09-27T15:33:54.9330259Z    Compressing: \\?\D:\a\wootc\wootc\out\branded-preview\DwmSceneI.dll
2026-09-27T15:33:55.5416391Z    Compressing: \\?\D:\a\wootc\wootc\out\branded-preview\DWriteCore.dll
2026-09-27T15:33:55.5807737Z    Compressing: \\?\D:\a\wootc\wootc\out\branded-preview\hostfxr.dll
2026-09-27T15:33:55.5843061Z    Compressing: \\?\D:\a\wootc\wootc\out\branded-preview\hostpolicy.dll
2026-09-27T15:33:55.5889501Z    Compressing: \\?\D:\a\wootc\wootc\out\branded-preview\marshal.dll
2026-09-27T15:33:55.5965588Z    Compressing: \\?\D:\a\wootc\wootc\out\branded-preview\Microsoft.Asg.SemanticIndex.AiFabric.Compatibility.dll
2026-09-27T15:33:56.3620716Z    Compressing: \\?\D:\a\wootc\wootc\out\branded-preview\Microsoft.CSharp.dll
2026-09-27T15:33:56.3773216Z    Compressing: \\?\D:\a\wootc\wootc\out\branded-preview\Microsoft.DiaSymReader.Native.amd64.dll
2026-09-27T15:33:57.1834008Z    Compressing: \\?\D:\a\wootc\wootc\out\branded-preview\Microsoft.DirectManipulation.dll
2026-09-27T15:33:57.1896516Z    Compressing: \\?\D:\a\wootc\wootc\out\branded-preview\Microsoft.Foundation.winmd
2026-09-27T15:33:57.1898517Z    Compressing: \\?\D:\a\wootc\wootc\out\branded-preview\Microsoft.Graphics.Display.dll
2026-09-27T15:33:57.1920601Z    Compressing: \\?\D:\a\wootc\wootc\out\branded-preview\Microsoft.Graphics.Imaging.dll
2026-09-27T15:33:57.1934425Z    Compressing: \\?\D:\a\wootc\wootc\out\branded-preview\Microsoft.Graphics.Imaging.Projection.dll
2026-09-27T15:33:57.1938082Z    Compressing: \\?\D:\a\wootc\wootc\out\branded-preview\Microsoft.Graphics.Imaging.winmd
2026-09-27T15:33:57.1940323Z    Compressing: \\?\D:\a\wootc\wootc\out\branded-preview\Microsoft.Graphics.ImagingInternal.ImageObjectRemover.winmd
2026-09-27T15:33:57.1942330Z    Compressing: \\?\D:\a\wootc\wootc\out\branded-preview\Microsoft.Graphics.ImagingInternal.winmd
2026-09-27T15:33:57.1944709Z    Compressing: \\?\D:\a\wootc\wootc\out\branded-preview\Microsoft.Graphics.Internal.Imaging.winmd
2026-09-27T15:33:57.1947236Z    Compressing: \\?\D:\a\wootc\wootc\out\branded-preview\Microsoft.Graphics.winmd
2026-09-27T15:33:57.1949969Z    Compressing: \\?\D:\a\wootc\wootc\out\branded-preview\Microsoft.InputStateManager.dll
2026-09-27T15:33:57.1993818Z    Compressing: \\?\D:\a\wootc\wootc\out\branded-preview\Microsoft.InteractiveExperiences.Projection.dll
2026-09-27T15:33:57.9932948Z    Compressing: \\?\D:\a\wootc\wootc\out\branded-preview\Microsoft.Internal.FrameworkUdk.dll
2026-09-27T15:33:58.0110701Z    Compressing: \\?\D:\a\wootc\wootc\out\branded-preview\Microsoft.ML.OnnxRuntime.dll
2026-09-27T15:33:58.0113821Z    Compressing: \\?\D:\a\wootc\wootc\out\branded-preview\Microsoft.Security.Authentication.OAuth.Projection.dll
2026-09-27T15:33:58.0115602Z    Compressing: \\?\D:\a\wootc\wootc\out\branded-preview\Microsoft.Security.Authentication.OAuth.winmd
2026-09-27T15:33:58.0117069Z    Compressing: \\?\D:\a\wootc\wootc\out\branded-preview\Microsoft.UI.Composition.OSSupport.dll
2026-09-27T15:33:58.0121060Z    Compressing: \\?\D:\a\wootc\wootc\out\branded-preview\Microsoft.UI.Designer.dll
2026-09-27T15:33:58.0140665Z    Compressing: \\?\D:\a\wootc\wootc\out\branded-preview\Microsoft.UI.dll
2026-09-27T15:33:58.0163256Z    Compressing: \\?\D:\a\wootc\wootc\out\branded-preview\Microsoft.UI.Input.dll
2026-09-27T15:33:58.0318051Z    Compressing: \\?\D:\a\wootc\wootc\out\branded-preview\Microsoft.UI.pri
2026-09-27T15:33:58.0327774Z    Compressing: \\?\D:\a\wootc\wootc\out\branded-preview\Microsoft.UI.Text.winmd
2026-09-27T15:33:58.0332565Z    Compressing: \\?\D:\a\wootc\wootc\out\branded-preview\Microsoft.UI.Windowing.Core.dll
2026-09-27T15:33:58.0397956Z    Compressing: \\?\D:\a\wootc\wootc\out\branded-preview\Microsoft.UI.Windowing.dll
2026-09-27T15:33:58.0484887Z    Compressing: \\?\D:\a\wootc\wootc\out\branded-preview\Microsoft.UI.winmd
2026-09-27T15:33:58.7604360Z    Compressing: \\?\D:\a\wootc\wootc\out\branded-preview\Microsoft.UI.Xaml.Controls.dll
2026-09-27T15:33:59.6442385Z    Compressing: \\?\D:\a\wootc\wootc\out\branded-preview\Microsoft.UI.Xaml.Controls.pri
2026-09-27T15:33:59.6648653Z    Compressing: \\?\D:\a\wootc\wootc\out\branded-preview\Microsoft.ui.xaml.dll
2026-09-27T15:34:02.4302019Z    Compressing: \\?\D:\a\wootc\wootc\out\branded-preview\Microsoft.UI.Xaml.Internal.dll
2026-09-27T15:34:03.1278764Z    Compressing: \\?\D:\a\wootc\wootc\out\branded-preview\Microsoft.UI.Xaml.Phone.dll
2026-09-27T15:34:03.1387007Z    Compressing: \\?\D:\a\wootc\wootc\out\branded-preview\Microsoft.ui.xaml.resources.19h1.dll
2026-09-27T15:34:03.1496150Z    Compressing: \\?\D:\a\wootc\wootc\out\branded-preview\Microsoft.ui.xaml.resources.common.dll
2026-09-27T15:34:03.1501989Z    Compressing: \\?\D:\a\wootc\wootc\out\branded-preview\Microsoft.UI.Xaml.winmd
2026-09-27T15:34:03.1694282Z    Compressing: \\?\D:\a\wootc\wootc\out\branded-preview\Microsoft.VisualBasic.Core.dll
2026-09-27T15:34:03.7654162Z    Compressing: \\?\D:\a\wootc\wootc\out\branded-preview\Microsoft.VisualBasic.dll
2026-09-27T15:34:03.7657683Z    Compressing: \\?\D:\a\wootc\wootc\out\branded-preview\Microsoft.Web.WebView2.Core.dll
2026-09-27T15:34:03.7756116Z    Compressing: \\?\D:\a\wootc\wootc\out\branded-preview\Microsoft.Web.WebView2.Core.Projection.dll
2026-09-27T15:34:03.7822277Z    Compressing: \\?\D:\a\wootc\wootc\out\branded-preview\Microsoft.Win32.Primitives.dll
2026-09-27T15:34:03.7824668Z    Compressing: \\?\D:\a\wootc\wootc\out\branded-preview\Microsoft.Win32.Registry.dll
2026-09-27T15:34:03.7836755Z    Compressing: \\?\D:\a\wootc\wootc\out\branded-preview\Microsoft.Windows.AI.AICapabilities.dll
2026-09-27T15:34:03.7848144Z    Compressing: \\?\D:\a\wootc\wootc\out\branded-preview\Microsoft.Windows.AI.ContentModerationInternal.winmd
2026-09-27T15:34:03.7850331Z    Compressing: \\?\D:\a\wootc\wootc\out\branded-preview\Microsoft.Windows.AI.ContentSafety.dll
2026-09-27T15:34:03.7861535Z    Compressing: \\?\D:\a\wootc\wootc\out\branded-preview\Microsoft.Windows.AI.ContentSafety.Projection.dll
2026-09-27T15:34:03.7865509Z    Compressing: \\?\D:\a\wootc\wootc\out\branded-preview\Microsoft.Windows.AI.ContentSafety.winmd
2026-09-27T15:34:03.7867898Z    Compressing: \\?\D:\a\wootc\wootc\out\branded-preview\Microsoft.Windows.AI.Foundation.Projection.dll
2026-09-27T15:34:03.7870925Z    Compressing: \\?\D:\a\wootc\wootc\out\branded-preview\Microsoft.Windows.AI.Foundation.winmd
2026-09-27T15:34:03.7872865Z    Compressing: \\?\D:\a\wootc\wootc\out\branded-preview\Microsoft.Windows.AI.FoundationInternal.winmd
2026-09-27T15:34:03.7874844Z    Compressing: \\?\D:\a\wootc\wootc\out\branded-preview\Microsoft.Windows.AI.GenerativeInternal.winmd
2026-09-27T15:34:03.7878366Z    Compressing: \\?\D:\a\wootc\wootc\out\branded-preview\Microsoft.Windows.AI.Imaging.dll
2026-09-27T15:34:03.7950513Z    Compressing: \\?\D:\a\wootc\wootc\out\branded-preview\Microsoft.Windows.AI.Imaging.Projection.dll
2026-09-27T15:34:03.7959991Z    Compressing: \\?\D:\a\wootc\wootc\out\branded-preview\Microsoft.Windows.AI.Imaging.winmd
2026-09-27T15:34:03.7962430Z    Compressing: \\?\D:\a\wootc\wootc\out\branded-preview\Microsoft.Windows.AI.MachineLearning.dll
2026-09-27T15:34:03.8061731Z    Compressing: \\?\D:\a\wootc\wootc\out\branded-preview\Microsoft.Windows.AI.MachineLearning.Projection.dll
2026-09-27T15:34:03.8075526Z    Compressing: \\?\D:\a\wootc\wootc\out\branded-preview\Microsoft.Windows.AI.Projection.dll
2026-09-27T15:34:03.8080489Z    Compressing: \\?\D:\a\wootc\wootc\out\branded-preview\Microsoft.Windows.AI.Search.Experimental.dll
2026-09-27T15:34:04.3973346Z    Compressing: \\?\D:\a\wootc\wootc\out\branded-preview\Microsoft.Windows.AI.Text.dll
2026-09-27T15:34:04.4060538Z    Compressing: \\?\D:\a\wootc\wootc\out\branded-preview\Microsoft.Windows.AI.Text.Projection.dll
2026-09-27T15:34:04.4071251Z    Compressing: \\?\D:\a\wootc\wootc\out\branded-preview\Microsoft.Windows.AI.Text.winmd
2026-09-27T15:34:04.4074558Z    Compressing: \\?\D:\a\wootc\wootc\out\branded-preview\Microsoft.Windows.AI.Video.dll
2026-09-27T15:34:04.4126897Z    Compressing: \\?\D:\a\wootc\wootc\out\branded-preview\Microsoft.Windows.AI.Video.Projection.dll
2026-09-27T15:34:04.4131561Z    Compressing: \\?\D:\a\wootc\wootc\out\branded-preview\Microsoft.Windows.AI.Video.winmd
2026-09-27T15:34:04.4133662Z    Compressing: \\?\D:\a\wootc\wootc\out\branded-preview\Microsoft.Windows.AI.winmd
2026-09-27T15:34:04.4136395Z    Compressing: \\?\D:\a\wootc\wootc\out\branded-preview\Microsoft.Windows.ApplicationModel.Background.Projection.dll
2026-09-27T15:34:04.4139579Z    Compressing: \\?\D:\a\wootc\wootc\out\branded-preview\Microsoft.Windows.ApplicationModel.Background.UniversalBGTask.dll
2026-09-27T15:34:04.4149301Z    Compressing: \\?\D:\a\wootc\wootc\out\branded-preview\Microsoft.Windows.ApplicationModel.Background.UniversalBGTask.winmd
2026-09-27T15:34:04.4151237Z    Compressing: \\?\D:\a\wootc\wootc\out\branded-preview\Microsoft.Windows.ApplicationModel.Background.winmd
2026-09-27T15:34:04.4153442Z    Compressing: \\?\D:\a\wootc\wootc\out\branded-preview\Microsoft.Windows.ApplicationModel.DynamicDependency.Projection.dll
2026-09-27T15:34:04.4158579Z    Compressing: \\?\D:\a\wootc\wootc\out\branded-preview\Microsoft.Windows.ApplicationModel.DynamicDependency.winmd
2026-09-27T15:34:04.4161011Z    Compressing: \\?\D:\a\wootc\wootc\out\branded-preview\Microsoft.Windows.ApplicationModel.Resources.dll
2026-09-27T15:34:04.4177044Z    Compressing: \\?\D:\a\wootc\wootc\out\branded-preview\Microsoft.Windows.ApplicationModel.Resources.Projection.dll
2026-09-27T15:34:04.4185009Z    Compressing: \\?\D:\a\wootc\wootc\out\branded-preview\Microsoft.Windows.ApplicationModel.Resources.winmd
2026-09-27T15:34:04.4187772Z    Compressing: \\?\D:\a\wootc\wootc\out\branded-preview\Microsoft.Windows.ApplicationModel.WindowsAppRuntime.Projection.dll
2026-09-27T15:34:04.4193074Z    Compressing: \\?\D:\a\wootc\wootc\out\branded-preview\Microsoft.Windows.ApplicationModel.WindowsAppRuntime.winmd
2026-09-27T15:34:04.4196105Z    Compressing: \\?\D:\a\wootc\wootc\out\branded-preview\Microsoft.Windows.AppLifecycle.Projection.dll
2026-09-27T15:34:04.4200741Z    Compressing: \\?\D:\a\wootc\wootc\out\branded-preview\Microsoft.Windows.AppLifecycle.winmd
2026-09-27T15:34:04.4203397Z    Compressing: \\?\D:\a\wootc\wootc\out\branded-preview\Microsoft.Windows.AppNotifications.Builder.Projection.dll
2026-09-27T15:34:04.4210342Z    Compressing: \\?\D:\a\wootc\wootc\out\branded-preview\Microsoft.Windows.AppNotifications.Builder.winmd
2026-09-27T15:34:04.4213434Z    Compressing: \\?\D:\a\wootc\wootc\out\branded-preview\Microsoft.Windows.AppNotifications.Projection.dll
2026-09-27T15:34:04.4220255Z    Compressing: \\?\D:\a\wootc\wootc\out\branded-preview\Microsoft.Windows.AppNotifications.winmd
2026-09-27T15:34:04.4222851Z    Compressing: \\?\D:\a\wootc\wootc\out\branded-preview\Microsoft.Windows.BadgeNotifications.Projection.dll
2026-09-27T15:34:04.4225858Z    Compressing: \\?\D:\a\wootc\wootc\out\branded-preview\Microsoft.Windows.BadgeNotifications.winmd
2026-09-27T15:34:04.4228018Z    Compressing: \\?\D:\a\wootc\wootc\out\branded-preview\Microsoft.Windows.Foundation.Projection.dll
2026-09-27T15:34:04.4231683Z    Compressing: \\?\D:\a\wootc\wootc\out\branded-preview\Microsoft.Windows.Foundation.winmd
2026-09-27T15:34:04.4234155Z    Compressing: \\?\D:\a\wootc\wootc\out\branded-preview\Microsoft.Windows.Globalization.winmd
2026-09-27T15:34:04.4236291Z    Compressing: \\?\D:\a\wootc\wootc\out\branded-preview\Microsoft.Windows.ImageCreationInternal.winmd
2026-09-27T15:34:04.4238706Z    Compressing: \\?\D:\a\wootc\wootc\out\branded-preview\Microsoft.Windows.Internal.AI.ContentModeration.winmd
2026-09-27T15:34:04.4240810Z    Compressing: \\?\D:\a\wootc\wootc\out\branded-preview\Microsoft.Windows.Internal.AI.Generative.winmd
2026-09-27T15:34:04.4244002Z    Compressing: \\?\D:\a\wootc\wootc\out\branded-preview\Microsoft.Windows.Internal.ImageCreation.winmd
2026-09-27T15:34:04.4246111Z    Compressing: \\?\D:\a\wootc\wootc\out\branded-preview\Microsoft.Windows.Internal.SemanticSearch.winmd
2026-09-27T15:34:04.4248599Z    Compressing: \\?\D:\a\wootc\wootc\out\branded-preview\Microsoft.Windows.Internal.Vision.winmd
2026-09-27T15:34:04.4250862Z    Compressing: \\?\D:\a\wootc\wootc\out\branded-preview\Microsoft.Windows.Management.Deployment.Projection.dll
2026-09-27T15:34:04.4267774Z    Compressing: \\?\D:\a\wootc\wootc\out\branded-preview\Microsoft.Windows.Management.Deployment.winmd
2026-09-27T15:34:04.4272469Z    Compressing: \\?\D:\a\wootc\wootc\out\branded-preview\Microsoft.Windows.Media.Capture.Projection.dll
2026-09-27T15:34:04.4276741Z    Compressing: \\?\D:\a\wootc\wootc\out\branded-preview\Microsoft.Windows.Media.Capture.winmd
2026-09-27T15:34:04.4279257Z    Compressing: \\?\D:\a\wootc\wootc\out\branded-preview\Microsoft.Windows.Private.Workloads.SessionManager.winmd
2026-09-27T15:34:04.4281371Z    Compressing: \\?\D:\a\wootc\wootc\out\branded-preview\Microsoft.Windows.PrivateCommon.winmd
2026-09-27T15:34:04.4283863Z    Compressing: \\?\D:\a\wootc\wootc\out\branded-preview\Microsoft.Windows.PushNotifications.Projection.dll
2026-09-27T15:34:04.4288774Z    Compressing: \\?\D:\a\wootc\wootc\out\branded-preview\Microsoft.Windows.PushNotifications.winmd
2026-09-27T15:34:04.4290945Z    Compressing: \\?\D:\a\wootc\wootc\out\branded-preview\Microsoft.Windows.SDK.NET.dll
2026-09-27T15:34:07.9920163Z    Compressing: \\?\D:\a\wootc\wootc\out\branded-preview\Microsoft.Windows.Search.dll
2026-09-27T15:34:08.6247357Z    Compressing: \\?\D:\a\wootc\wootc\out\branded-preview\Microsoft.Windows.Search.Projection.dll
2026-09-27T15:34:08.6266020Z    Compressing: \\?\D:\a\wootc\wootc\out\branded-preview\Microsoft.Windows.Search.winmd
2026-09-27T15:34:08.6271266Z    Compressing: \\?\D:\a\wootc\wootc\out\branded-preview\Microsoft.Windows.Security.AccessControl.Projection.dll
2026-09-27T15:34:08.6274061Z    Compressing: \\?\D:\a\wootc\wootc\out\branded-preview\Microsoft.Windows.Security.AccessControl.winmd
2026-09-27T15:34:08.6277032Z    Compressing: \\?\D:\a\wootc\wootc\out\branded-preview\Microsoft.Windows.SemanticSearch.winmd
2026-09-27T15:34:08.6279364Z    Compressing: \\?\D:\a\wootc\wootc\out\branded-preview\Microsoft.Windows.SemanticSearchInternal.winmd
2026-09-27T15:34:08.6282084Z    Compressing: \\?\D:\a\wootc\wootc\out\branded-preview\Microsoft.Windows.Storage.Pickers.Projection.dll
2026-09-27T15:34:08.6289325Z    Compressing: \\?\D:\a\wootc\wootc\out\branded-preview\Microsoft.Windows.Storage.Pickers.winmd
2026-09-27T15:34:08.6292044Z    Compressing: \\?\D:\a\wootc\wootc\out\branded-preview\Microsoft.Windows.Storage.Projection.dll
2026-09-27T15:34:08.6296953Z    Compressing: \\?\D:\a\wootc\wootc\out\branded-preview\Microsoft.Windows.Storage.winmd
2026-09-27T15:34:08.6300391Z    Compressing: \\?\D:\a\wootc\wootc\out\branded-preview\Microsoft.Windows.System.Power.Projection.dll
2026-09-27T15:34:08.6303844Z    Compressing: \\?\D:\a\wootc\wootc\out\branded-preview\Microsoft.Windows.System.Power.winmd
2026-09-27T15:34:08.6306174Z    Compressing: \\?\D:\a\wootc\wootc\out\branded-preview\Microsoft.Windows.System.Projection.dll
2026-09-27T15:34:08.6309552Z    Compressing: \\?\D:\a\wootc\wootc\out\branded-preview\Microsoft.Windows.System.winmd
2026-09-27T15:34:08.6311949Z    Compressing: \\?\D:\a\wootc\wootc\out\branded-preview\Microsoft.Windows.Vision.winmd
2026-09-27T15:34:08.6314054Z    Compressing: \\?\D:\a\wootc\wootc\out\branded-preview\Microsoft.Windows.VisionInternal.winmd
2026-09-27T15:34:08.6316608Z    Compressing: \\?\D:\a\wootc\wootc\out\branded-preview\Microsoft.Windows.Widgets.dll
2026-09-27T15:34:08.6583342Z    Compressing: \\?\D:\a\wootc\wootc\out\branded-preview\Microsoft.Windows.Widgets.Projection.dll
2026-09-27T15:34:09.2722866Z    Compressing: \\?\D:\a\wootc\wootc\out\branded-preview\Microsoft.Windows.Widgets.winmd
2026-09-27T15:34:09.2728096Z    Compressing: \\?\D:\a\wootc\wootc\out\branded-preview\Microsoft.Windows.Workloads.dll
2026-09-27T15:34:09.2768452Z    Compressing: \\?\D:\a\wootc\wootc\out\branded-preview\Microsoft.Windows.Workloads.pri
2026-09-27T15:34:09.2770035Z    Compressing: \\?\D:\a\wootc\wootc\out\branded-preview\Microsoft.Windows.Workloads.Resources.dll
2026-09-27T15:34:09.2787021Z    Compressing: \\?\D:\a\wootc\wootc\out\branded-preview\Microsoft.Windows.Workloads.Resources_ec.dll
2026-09-27T15:34:09.2803896Z    Compressing: \\?\D:\a\wootc\wootc\out\branded-preview\Microsoft.Windows.Workloads.winmd
2026-09-27T15:34:09.2806349Z    Compressing: \\?\D:\a\wootc\wootc\out\branded-preview\Microsoft.WindowsAppRuntime.Bootstrap.dll
2026-09-27T15:34:09.2847676Z    Compressing: \\?\D:\a\wootc\wootc\out\branded-preview\Microsoft.WindowsAppRuntime.Bootstrap.Net.dll
2026-09-27T15:34:09.2851227Z    Compressing: \\?\D:\a\wootc\wootc\out\branded-preview\Microsoft.WindowsAppRuntime.dll
2026-09-27T15:34:09.3103150Z    Compressing: \\?\D:\a\wootc\wootc\out\branded-preview\Microsoft.WindowsAppRuntime.pri
2026-09-27T15:34:09.3105547Z    Compressing: \\?\D:\a\wootc\wootc\out\branded-preview\Microsoft.WinUI.dll
2026-09-27T15:34:10.6990229Z    Compressing: \\?\D:\a\wootc\wootc\out\branded-preview\MRM.dll
2026-09-27T15:34:10.7018499Z    Compressing: \\?\D:\a\wootc\wootc\out\branded-preview\mscordaccore.dll
2026-09-27T15:34:10.7144818Z    Compressing: \\?\D:\a\wootc\wootc\out\branded-preview\mscordaccore_amd64_amd64_8.0.3126.42015.dll
2026-09-27T15:34:10.7277108Z    Compressing: \\?\D:\a\wootc\wootc\out\branded-preview\mscordbi.dll
2026-09-27T15:34:11.3294213Z    Compressing: \\?\D:\a\wootc\wootc\out\branded-preview\mscorlib.dll
2026-09-27T15:34:11.3304069Z    Compressing: \\?\D:\a\wootc\wootc\out\branded-preview\mscorrc.dll
2026-09-27T15:34:11.3325712Z    Compressing: \\?\D:\a\wootc\wootc\out\branded-preview\msquic.dll
2026-09-27T15:34:11.3400624Z    Compressing: \\?\D:\a\wootc\wootc\out\branded-preview\native-package.json
2026-09-27T15:34:11.3408202Z    Compressing: \\?\D:\a\wootc\wootc\out\branded-preview\netstandard.dll
2026-09-27T15:34:11.3424308Z    Compressing: \\?\D:\a\wootc\wootc\out\branded-preview\NPUDetect.dll
2026-09-27T15:34:11.3469355Z    Compressing: \\?\D:\a\wootc\wootc\out\branded-preview\onnxruntime.dll
2026-09-27T15:34:14.9421551Z    Compressing: \\?\D:\a\wootc\wootc\out\branded-preview\PerceptiveStreaming.dll
2026-09-27T15:34:15.5150672Z    Compressing: \\?\D:\a\wootc\wootc\out\branded-preview\PushNotificationsLongRunningTask.ProxyStub.dll
2026-09-27T15:34:15.5155311Z    Compressing: \\?\D:\a\wootc\wootc\out\branded-preview\RestartAgent.exe
2026-09-27T15:34:15.5171596Z    Compressing: \\?\D:\a\wootc\wootc\out\branded-preview\SessionHandleIPCProxyStub.dll
2026-09-27T15:34:15.5173203Z    Compressing: \\?\D:\a\wootc\wootc\out\branded-preview\System.AppContext.dll
2026-09-27T15:34:15.5175707Z    Compressing: \\?\D:\a\wootc\wootc\out\branded-preview\System.Buffers.dll
2026-09-27T15:34:15.5177886Z    Compressing: \\?\D:\a\wootc\wootc\out\branded-preview\System.Collections.Concurrent.dll
2026-09-27T15:34:15.5206783Z    Compressing: \\?\D:\a\wootc\wootc\out\branded-preview\System.Collections.dll
2026-09-27T15:34:15.5232925Z    Compressing: \\?\D:\a\wootc\wootc\out\branded-preview\System.Collections.Immutable.dll
2026-09-27T15:34:15.5314733Z    Compressing: \\?\D:\a\wootc\wootc\out\branded-preview\System.Collections.NonGeneric.dll
2026-09-27T15:34:15.5326478Z    Compressing: \\?\D:\a\wootc\wootc\out\branded-preview\System.Collections.Specialized.dll
2026-09-27T15:34:15.5342411Z    Compressing: \\?\D:\a\wootc\wootc\out\branded-preview\System.ComponentModel.Annotations.dll
2026-09-27T15:34:15.5366917Z    Compressing: \\?\D:\a\wootc\wootc\out\branded-preview\System.ComponentModel.DataAnnotations.dll
2026-09-27T15:34:15.5369333Z    Compressing: \\?\D:\a\wootc\wootc\out\branded-preview\System.ComponentModel.dll
2026-09-27T15:34:15.5373413Z    Compressing: \\?\D:\a\wootc\wootc\out\branded-preview\System.ComponentModel.EventBasedAsync.dll
2026-09-27T15:34:15.5378506Z    Compressing: \\?\D:\a\wootc\wootc\out\branded-preview\System.ComponentModel.Primitives.dll
2026-09-27T15:34:15.5387309Z    Compressing: \\?\D:\a\wootc\wootc\out\branded-preview\System.ComponentModel.TypeConverter.dll
2026-09-27T15:34:15.5459275Z    Compressing: \\?\D:\a\wootc\wootc\out\branded-preview\System.Configuration.dll
2026-09-27T15:34:15.5461873Z    Compressing: \\?\D:\a\wootc\wootc\out\branded-preview\System.Console.dll
2026-09-27T15:34:15.5479266Z    Compressing: \\?\D:\a\wootc\wootc\out\branded-preview\System.Core.dll
2026-09-27T15:34:15.5482690Z    Compressing: \\?\D:\a\wootc\wootc\out\branded-preview\System.Data.Common.dll
2026-09-27T15:34:16.1108022Z    Compressing: \\?\D:\a\wootc\wootc\out\branded-preview\System.Data.DataSetExtensions.dll
2026-09-27T15:34:16.1110767Z    Compressing: \\?\D:\a\wootc\wootc\out\branded-preview\System.Data.dll
2026-09-27T15:34:16.1114278Z    Compressing: \\?\D:\a\wootc\wootc\out\branded-preview\System.Diagnostics.Contracts.dll
2026-09-27T15:34:16.1116524Z    Compressing: \\?\D:\a\wootc\wootc\out\branded-preview\System.Diagnostics.Debug.dll
2026-09-27T15:34:16.1118922Z    Compressing: \\?\D:\a\wootc\wootc\out\branded-preview\System.Diagnostics.DiagnosticSource.dll
2026-09-27T15:34:16.1159171Z    Compressing: \\?\D:\a\wootc\wootc\out\branded-preview\System.Diagnostics.FileVersionInfo.dll
2026-09-27T15:34:16.1164522Z    Compressing: \\?\D:\a\wootc\wootc\out\branded-preview\System.Diagnostics.Process.dll
2026-09-27T15:34:16.1198700Z    Compressing: \\?\D:\a\wootc\wootc\out\branded-preview\System.Diagnostics.StackTrace.dll
2026-09-27T15:34:16.1203960Z    Compressing: \\?\D:\a\wootc\wootc\out\branded-preview\System.Diagnostics.TextWriterTraceListener.dll
2026-09-27T15:34:16.1211286Z    Compressing: \\?\D:\a\wootc\wootc\out\branded-preview\System.Diagnostics.Tools.dll
2026-09-27T15:34:16.1213572Z    Compressing: \\?\D:\a\wootc\wootc\out\branded-preview\System.Diagnostics.TraceSource.dll
2026-09-27T15:34:16.1227847Z    Compressing: \\?\D:\a\wootc\wootc\out\branded-preview\System.Diagnostics.Tracing.dll
2026-09-27T15:34:16.1230596Z    Compressing: \\?\D:\a\wootc\wootc\out\branded-preview\System.dll
2026-09-27T15:34:16.1235981Z    Compressing: \\?\D:\a\wootc\wootc\out\branded-preview\System.Drawing.dll
2026-09-27T15:34:16.1238909Z    Compressing: \\?\D:\a\wootc\wootc\out\branded-preview\System.Drawing.Primitives.dll
2026-09-27T15:34:16.1252506Z    Compressing: \\?\D:\a\wootc\wootc\out\branded-preview\System.Dynamic.Runtime.dll
2026-09-27T15:34:16.1254802Z    Compressing: \\?\D:\a\wootc\wootc\out\branded-preview\System.Formats.Asn1.dll
2026-09-27T15:34:16.1278674Z    Compressing: \\?\D:\a\wootc\wootc\out\branded-preview\System.Formats.Tar.dll
2026-09-27T15:34:16.1305679Z    Compressing: \\?\D:\a\wootc\wootc\out\branded-preview\System.Globalization.Calendars.dll
2026-09-27T15:34:16.1308188Z    Compressing: \\?\D:\a\wootc\wootc\out\branded-preview\System.Globalization.dll
2026-09-27T15:34:16.1311129Z    Compressing: \\?\D:\a\wootc\wootc\out\branded-preview\System.Globalization.Extensions.dll
2026-09-27T15:34:16.1313219Z    Compressing: \\?\D:\a\wootc\wootc\out\branded-preview\System.IO.Compression.Brotli.dll
2026-09-27T15:34:16.1322074Z    Compressing: \\?\D:\a\wootc\wootc\out\branded-preview\System.IO.Compression.dll
2026-09-27T15:34:16.1350106Z    Compressing: \\?\D:\a\wootc\wootc\out\branded-preview\System.IO.Compression.FileSystem.dll
2026-09-27T15:34:16.1353154Z    Compressing: \\?\D:\a\wootc\wootc\out\branded-preview\System.IO.Compression.Native.dll
2026-09-27T15:34:16.1438379Z    Compressing: \\?\D:\a\wootc\wootc\out\branded-preview\System.IO.Compression.ZipFile.dll
2026-09-27T15:34:16.1443994Z    Compressing: \\?\D:\a\wootc\wootc\out\branded-preview\System.IO.dll
2026-09-27T15:34:16.1446425Z    Compressing: \\?\D:\a\wootc\wootc\out\branded-preview\System.IO.FileSystem.AccessControl.dll
2026-09-27T15:34:16.1457086Z    Compressing: \\?\D:\a\wootc\wootc\out\branded-preview\System.IO.FileSystem.dll
2026-09-27T15:34:16.1459907Z    Compressing: \\?\D:\a\wootc\wootc\out\branded-preview\System.IO.FileSystem.DriveInfo.dll
2026-09-27T15:34:16.1466211Z    Compressing: \\?\D:\a\wootc\wootc\out\branded-preview\System.IO.FileSystem.Primitives.dll
2026-09-27T15:34:16.1469239Z    Compressing: \\?\D:\a\wootc\wootc\out\branded-preview\System.IO.FileSystem.Watcher.dll
2026-09-27T15:34:16.1478446Z    Compressing: \\?\D:\a\wootc\wootc\out\branded-preview\System.IO.IsolatedStorage.dll
2026-09-27T15:34:16.1488592Z    Compressing: \\?\D:\a\wootc\wootc\out\branded-preview\System.IO.MemoryMappedFiles.dll
2026-09-27T15:34:16.1497492Z    Compressing: \\?\D:\a\wootc\wootc\out\branded-preview\System.IO.Pipes.AccessControl.dll
2026-09-27T15:34:16.1500226Z    Compressing: \\?\D:\a\wootc\wootc\out\branded-preview\System.IO.Pipes.dll
2026-09-27T15:34:16.7920701Z    Compressing: \\?\D:\a\wootc\wootc\out\branded-preview\System.IO.UnmanagedMemoryStream.dll
2026-09-27T15:34:16.7923197Z    Compressing: \\?\D:\a\wootc\wootc\out\branded-preview\System.Linq.dll
2026-09-27T15:34:16.7997752Z    Compressing: \\?\D:\a\wootc\wootc\out\branded-preview\System.Linq.Expressions.dll
2026-09-27T15:34:16.8355143Z    Compressing: \\?\D:\a\wootc\wootc\out\branded-preview\System.Linq.Parallel.dll
2026-09-27T15:34:17.5228858Z    Compressing: \\?\D:\a\wootc\wootc\out\branded-preview\System.Linq.Queryable.dll
2026-09-27T15:34:17.5245409Z    Compressing: \\?\D:\a\wootc\wootc\out\branded-preview\System.Memory.dll
2026-09-27T15:34:17.5260888Z    Compressing: \\?\D:\a\wootc\wootc\out\branded-preview\System.Net.dll
2026-09-27T15:34:17.5263040Z    Compressing: \\?\D:\a\wootc\wootc\out\branded-preview\System.Net.Http.dll
2026-09-27T15:34:17.5423793Z    Compressing: \\?\D:\a\wootc\wootc\out\branded-preview\System.Net.Http.Json.dll
2026-09-27T15:34:17.5435961Z    Compressing: \\?\D:\a\wootc\wootc\out\branded-preview\System.Net.HttpListener.dll
2026-09-27T15:34:17.5487348Z    Compressing: \\?\D:\a\wootc\wootc\out\branded-preview\System.Net.Mail.dll
2026-09-27T15:34:17.5527884Z    Compressing: \\?\D:\a\wootc\wootc\out\branded-preview\System.Net.NameResolution.dll
2026-09-27T15:34:17.5539169Z    Compressing: \\?\D:\a\wootc\wootc\out\branded-preview\System.Net.NetworkInformation.dll
2026-09-27T15:34:17.5554400Z    Compressing: \\?\D:\a\wootc\wootc\out\branded-preview\System.Net.Ping.dll
2026-09-27T15:34:17.5563823Z    Compressing: \\?\D:\a\wootc\wootc\out\branded-preview\System.Net.Primitives.dll
2026-09-27T15:34:17.5585731Z    Compressing: \\?\D:\a\wootc\wootc\out\branded-preview\System.Net.Quic.dll
2026-09-27T15:34:17.5616344Z    Compressing: \\?\D:\a\wootc\wootc\out\branded-preview\System.Net.Requests.dll
2026-09-27T15:34:17.5665025Z    Compressing: \\?\D:\a\wootc\wootc\out\branded-preview\System.Net.Security.dll
2026-09-27T15:34:18.1402765Z    Compressing: \\?\D:\a\wootc\wootc\out\branded-preview\System.Net.ServicePoint.dll
2026-09-27T15:34:18.1410345Z    Compressing: \\?\D:\a\wootc\wootc\out\branded-preview\System.Net.Sockets.dll
2026-09-27T15:34:18.1482364Z    Compressing: \\?\D:\a\wootc\wootc\out\branded-preview\System.Net.WebClient.dll
2026-09-27T15:34:18.1504758Z    Compressing: \\?\D:\a\wootc\wootc\out\branded-preview\System.Net.WebHeaderCollection.dll
2026-09-27T15:34:18.1516022Z    Compressing: \\?\D:\a\wootc\wootc\out\branded-preview\System.Net.WebProxy.dll
2026-09-27T15:34:18.1522062Z    Compressing: \\?\D:\a\wootc\wootc\out\branded-preview\System.Net.WebSockets.Client.dll
2026-09-27T15:34:18.1537693Z    Compressing: \\?\D:\a\wootc\wootc\out\branded-preview\System.Net.WebSockets.dll
2026-09-27T15:34:18.1567847Z    Compressing: \\?\D:\a\wootc\wootc\out\branded-preview\System.Numerics.dll
2026-09-27T15:34:18.1571063Z    Compressing: \\?\D:\a\wootc\wootc\out\branded-preview\System.Numerics.Tensors.dll
2026-09-27T15:34:18.1640910Z    Compressing: \\?\D:\a\wootc\wootc\out\branded-preview\System.Numerics.Vectors.dll
2026-09-27T15:34:18.1643932Z    Compressing: \\?\D:\a\wootc\wootc\out\branded-preview\System.ObjectModel.dll
2026-09-27T15:34:18.1657153Z    Compressing: \\?\D:\a\wootc\wootc\out\branded-preview\System.Private.CoreLib.dll
2026-09-27T15:34:20.3136872Z    Compressing: \\?\D:\a\wootc\wootc\out\branded-preview\System.Private.DataContractSerialization.dll
2026-09-27T15:34:20.3330292Z    Compressing: \\?\D:\a\wootc\wootc\out\branded-preview\System.Private.Uri.dll
2026-09-27T15:34:20.3355458Z    Compressing: \\?\D:\a\wootc\wootc\out\branded-preview\System.Private.Xml.dll
2026-09-27T15:34:21.7369772Z    Compressing: \\?\D:\a\wootc\wootc\out\branded-preview\System.Private.Xml.Linq.dll
2026-09-27T15:34:21.7433386Z    Compressing: \\?\D:\a\wootc\wootc\out\branded-preview\System.Reflection.DispatchProxy.dll
2026-09-27T15:34:21.7445730Z    Compressing: \\?\D:\a\wootc\wootc\out\branded-preview\System.Reflection.dll
2026-09-27T15:34:21.7449098Z    Compressing: \\?\D:\a\wootc\wootc\out\branded-preview\System.Reflection.Emit.dll
2026-09-27T15:34:21.7470124Z    Compressing: \\?\D:\a\wootc\wootc\out\branded-preview\System.Reflection.Emit.ILGeneration.dll
2026-09-27T15:34:21.7473451Z    Compressing: \\?\D:\a\wootc\wootc\out\branded-preview\System.Reflection.Emit.Lightweight.dll
2026-09-27T15:34:21.7476475Z    Compressing: \\?\D:\a\wootc\wootc\out\branded-preview\System.Reflection.Extensions.dll
2026-09-27T15:34:21.7479429Z    Compressing: \\?\D:\a\wootc\wootc\out\branded-preview\System.Reflection.Metadata.dll
2026-09-27T15:34:21.7633363Z    Compressing: \\?\D:\a\wootc\wootc\out\branded-preview\System.Reflection.Primitives.dll
2026-09-27T15:34:21.7635972Z    Compressing: \\?\D:\a\wootc\wootc\out\branded-preview\System.Reflection.TypeExtensions.dll
2026-09-27T15:34:21.7640641Z    Compressing: \\?\D:\a\wootc\wootc\out\branded-preview\System.Resources.Reader.dll
2026-09-27T15:34:21.7643243Z    Compressing: \\?\D:\a\wootc\wootc\out\branded-preview\System.Resources.ResourceManager.dll
2026-09-27T15:34:21.7645569Z    Compressing: \\?\D:\a\wootc\wootc\out\branded-preview\System.Resources.Writer.dll
2026-09-27T15:34:21.7651842Z    Compressing: \\?\D:\a\wootc\wootc\out\branded-preview\System.Runtime.CompilerServices.Unsafe.dll
2026-09-27T15:34:21.7654162Z    Compressing: \\?\D:\a\wootc\wootc\out\branded-preview\System.Runtime.CompilerServices.VisualC.dll
2026-09-27T15:34:21.7657641Z    Compressing: \\?\D:\a\wootc\wootc\out\branded-preview\System.Runtime.dll
2026-09-27T15:34:21.7662751Z    Compressing: \\?\D:\a\wootc\wootc\out\branded-preview\System.Runtime.Extensions.dll
2026-09-27T15:34:21.7665337Z    Compressing: \\?\D:\a\wootc\wootc\out\branded-preview\System.Runtime.Handles.dll
2026-09-27T15:34:21.7667999Z    Compressing: \\?\D:\a\wootc\wootc\out\branded-preview\System.Runtime.InteropServices.dll
2026-09-27T15:34:21.7678260Z    Compressing: \\?\D:\a\wootc\wootc\out\branded-preview\System.Runtime.InteropServices.JavaScript.dll
2026-09-27T15:34:21.7684061Z    Compressing: \\?\D:\a\wootc\wootc\out\branded-preview\System.Runtime.InteropServices.RuntimeInformation.dll
2026-09-27T15:34:21.7688213Z    Compressing: \\?\D:\a\wootc\wootc\out\branded-preview\System.Runtime.Intrinsics.dll
2026-09-27T15:34:21.7690597Z    Compressing: \\?\D:\a\wootc\wootc\out\branded-preview\System.Runtime.Loader.dll
2026-09-27T15:34:21.7693565Z    Compressing: \\?\D:\a\wootc\wootc\out\branded-preview\System.Runtime.Numerics.dll
2026-09-27T15:34:21.7746313Z    Compressing: \\?\D:\a\wootc\wootc\out\branded-preview\System.Runtime.Serialization.dll
2026-09-27T15:34:21.7749974Z    Compressing: \\?\D:\a\wootc\wootc\out\branded-preview\System.Runtime.Serialization.Formatters.dll
2026-09-27T15:34:21.7786299Z    Compressing: \\?\D:\a\wootc\wootc\out\branded-preview\System.Runtime.Serialization.Json.dll
2026-09-27T15:34:21.7788937Z    Compressing: \\?\D:\a\wootc\wootc\out\branded-preview\System.Runtime.Serialization.Primitives.dll
2026-09-27T15:34:21.7793284Z    Compressing: \\?\D:\a\wootc\wootc\out\branded-preview\System.Runtime.Serialization.Xml.dll
2026-09-27T15:34:21.7795942Z    Compressing: \\?\D:\a\wootc\wootc\out\branded-preview\System.Security.AccessControl.dll
2026-09-27T15:34:21.7818503Z    Compressing: \\?\D:\a\wootc\wootc\out\branded-preview\System.Security.Claims.dll
2026-09-27T15:34:21.7829339Z    Compressing: \\?\D:\a\wootc\wootc\out\branded-preview\System.Security.Cryptography.Algorithms.dll
2026-09-27T15:34:21.7831752Z    Compressing: \\?\D:\a\wootc\wootc\out\branded-preview\System.Security.Cryptography.Cng.dll
2026-09-27T15:34:21.7834147Z    Compressing: \\?\D:\a\wootc\wootc\out\branded-preview\System.Security.Cryptography.Csp.dll
2026-09-27T15:34:21.7836457Z    Compressing: \\?\D:\a\wootc\wootc\out\branded-preview\System.Security.Cryptography.dll
2026-09-27T15:34:22.4595917Z    Compressing: \\?\D:\a\wootc\wootc\out\branded-preview\System.Security.Cryptography.Encoding.dll
2026-09-27T15:34:22.4598352Z    Compressing: \\?\D:\a\wootc\wootc\out\branded-preview\System.Security.Cryptography.OpenSsl.dll
2026-09-27T15:34:22.4600377Z    Compressing: \\?\D:\a\wootc\wootc\out\branded-preview\System.Security.Cryptography.Primitives.dll
2026-09-27T15:34:22.4603466Z    Compressing: \\?\D:\a\wootc\wootc\out\branded-preview\System.Security.Cryptography.X509Certificates.dll
2026-09-27T15:34:22.4606089Z    Compressing: \\?\D:\a\wootc\wootc\out\branded-preview\System.Security.dll
2026-09-27T15:34:22.4609862Z    Compressing: \\?\D:\a\wootc\wootc\out\branded-preview\System.Security.Principal.dll
2026-09-27T15:34:22.4612436Z    Compressing: \\?\D:\a\wootc\wootc\out\branded-preview\System.Security.Principal.Windows.dll
2026-09-27T15:34:22.4637616Z    Compressing: \\?\D:\a\wootc\wootc\out\branded-preview\System.Security.SecureString.dll
2026-09-27T15:34:22.4641386Z    Compressing: \\?\D:\a\wootc\wootc\out\branded-preview\System.ServiceModel.Web.dll
2026-09-27T15:34:22.4643002Z    Compressing: \\?\D:\a\wootc\wootc\out\branded-preview\System.ServiceProcess.dll
2026-09-27T15:34:22.4646285Z    Compressing: \\?\D:\a\wootc\wootc\out\branded-preview\System.Text.Encoding.CodePages.dll
2026-09-27T15:34:22.4732044Z    Compressing: \\?\D:\a\wootc\wootc\out\branded-preview\System.Text.Encoding.dll
2026-09-27T15:34:22.4734255Z    Compressing: \\?\D:\a\wootc\wootc\out\branded-preview\System.Text.Encoding.Extensions.dll
2026-09-27T15:34:22.4736463Z    Compressing: \\?\D:\a\wootc\wootc\out\branded-preview\System.Text.Encodings.Web.dll
2026-09-27T15:34:22.4750246Z    Compressing: \\?\D:\a\wootc\wootc\out\branded-preview\System.Text.Json.dll
2026-09-27T15:34:22.4891336Z    Compressing: \\?\D:\a\wootc\wootc\out\branded-preview\System.Text.RegularExpressions.dll
2026-09-27T15:34:22.4997827Z    Compressing: \\?\D:\a\wootc\wootc\out\branded-preview\System.Threading.Channels.dll
2026-09-27T15:34:22.5011052Z    Compressing: \\?\D:\a\wootc\wootc\out\branded-preview\System.Threading.dll
2026-09-27T15:34:23.1410362Z    Compressing: \\?\D:\a\wootc\wootc\out\branded-preview\System.Threading.Overlapped.dll
2026-09-27T15:34:23.1413585Z    Compressing: \\?\D:\a\wootc\wootc\out\branded-preview\System.Threading.Tasks.Dataflow.dll
2026-09-27T15:34:23.1481698Z    Compressing: \\?\D:\a\wootc\wootc\out\branded-preview\System.Threading.Tasks.dll
2026-09-27T15:34:23.1485221Z    Compressing: \\?\D:\a\wootc\wootc\out\branded-preview\System.Threading.Tasks.Extensions.dll
2026-09-27T15:34:23.1487930Z    Compressing: \\?\D:\a\wootc\wootc\out\branded-preview\System.Threading.Tasks.Parallel.dll
2026-09-27T15:34:23.1507352Z    Compressing: \\?\D:\a\wootc\wootc\out\branded-preview\System.Threading.Thread.dll
2026-09-27T15:34:23.1509999Z    Compressing: \\?\D:\a\wootc\wootc\out\branded-preview\System.Threading.ThreadPool.dll
2026-09-27T15:34:23.1512485Z    Compressing: \\?\D:\a\wootc\wootc\out\branded-preview\System.Threading.Timer.dll
2026-09-27T15:34:23.1515040Z    Compressing: \\?\D:\a\wootc\wootc\out\branded-preview\System.Transactions.dll
2026-09-27T15:34:23.1518022Z    Compressing: \\?\D:\a\wootc\wootc\out\branded-preview\System.Transactions.Local.dll
2026-09-27T15:34:23.1582535Z    Compressing: \\?\D:\a\wootc\wootc\out\branded-preview\System.ValueTuple.dll
2026-09-27T15:34:23.1584789Z    Compressing: \\?\D:\a\wootc\wootc\out\branded-preview\System.Web.dll
2026-09-27T15:34:23.1588659Z    Compressing: \\?\D:\a\wootc\wootc\out\branded-preview\System.Web.HttpUtility.dll
2026-09-27T15:34:23.1595201Z    Compressing: \\?\D:\a\wootc\wootc\out\branded-preview\System.Windows.dll
2026-09-27T15:34:23.1597437Z    Compressing: \\?\D:\a\wootc\wootc\out\branded-preview\System.Xml.dll
2026-09-27T15:34:23.1600362Z    Compressing: \\?\D:\a\wootc\wootc\out\branded-preview\System.Xml.Linq.dll
2026-09-27T15:34:23.1603337Z    Compressing: \\?\D:\a\wootc\wootc\out\branded-preview\System.Xml.ReaderWriter.dll
2026-09-27T15:34:23.1606213Z    Compressing: \\?\D:\a\wootc\wootc\out\branded-preview\System.Xml.Serialization.dll
2026-09-27T15:34:23.1608534Z    Compressing: \\?\D:\a\wootc\wootc\out\branded-preview\System.Xml.XDocument.dll
2026-09-27T15:34:23.1610793Z    Compressing: \\?\D:\a\wootc\wootc\out\branded-preview\System.Xml.XmlDocument.dll
2026-09-27T15:34:23.1612997Z    Compressing: \\?\D:\a\wootc\wootc\out\branded-preview\System.Xml.XmlSerializer.dll
2026-09-27T15:34:23.1615473Z    Compressing: \\?\D:\a\wootc\wootc\out\branded-preview\System.Xml.XPath.dll
2026-09-27T15:34:23.1617794Z    Compressing: \\?\D:\a\wootc\wootc\out\branded-preview\System.Xml.XPath.XDocument.dll
2026-09-27T15:34:23.1621680Z    Compressing: \\?\D:\a\wootc\wootc\out\branded-preview\WebView2Loader.dll
2026-09-27T15:34:23.1637190Z    Compressing: \\?\D:\a\wootc\wootc\out\branded-preview\WindowsBase.dll
2026-09-27T15:34:23.1639544Z    Compressing: \\?\D:\a\wootc\wootc\out\branded-preview\WinRT.Runtime.dll
2026-09-27T15:34:23.1689486Z    Compressing: \\?\D:\a\wootc\wootc\out\branded-preview\WinUIEdit.dll
2026-09-27T15:34:23.8852448Z    Compressing: \\?\D:\a\wootc\wootc\out\branded-preview\wootc-engine.exe
2026-09-27T15:34:25.5531411Z    Compressing: \\?\D:\a\wootc\wootc\out\branded-preview\Wootc.Shell.Core.dll
2026-09-27T15:34:25.5538683Z    Compressing: \\?\D:\a\wootc\wootc\out\branded-preview\Wootc.Shell.Core.pdb
2026-09-27T15:34:25.5542524Z    Compressing: \\?\D:\a\wootc\wootc\out\branded-preview\Wootc.Shell.deps.json
2026-09-27T15:34:25.5548575Z    Compressing: \\?\D:\a\wootc\wootc\out\branded-preview\Wootc.Shell.dll
2026-09-27T15:34:25.5576421Z    Compressing: \\?\D:\a\wootc\wootc\out\branded-preview\Wootc.Shell.exe
2026-09-27T15:34:25.5621922Z    Compressing: \\?\D:\a\wootc\wootc\out\branded-preview\Wootc.Shell.Native.dll
2026-09-27T15:34:25.5630879Z    Compressing: \\?\D:\a\wootc\wootc\out\branded-preview\Wootc.Shell.Native.pdb
2026-09-27T15:34:25.5634099Z    Compressing: \\?\D:\a\wootc\wootc\out\branded-preview\Wootc.Shell.pdb
2026-09-27T15:34:25.5638614Z    Compressing: \\?\D:\a\wootc\wootc\out\branded-preview\Wootc.Shell.pri
2026-09-27T15:34:26.0284417Z    Compressing: \\?\D:\a\wootc\wootc\out\branded-preview\Wootc.Shell.runtimeconfig.json
2026-09-27T15:34:26.0285494Z    Compressing: \\?\D:\a\wootc\wootc\out\branded-preview\workloads.365.json
2026-09-27T15:34:26.0287202Z    Compressing: \\?\D:\a\wootc\wootc\out\branded-preview\workloads.j32.json
2026-09-27T15:34:26.0289362Z    Compressing: \\?\D:\a\wootc\wootc\out\branded-preview\workloads.json
2026-09-27T15:34:26.0291082Z    Compressing: \\?\D:\a\wootc\wootc\out\branded-preview\workloads.lnl.json
2026-09-27T15:34:26.0293356Z    Compressing: \\?\D:\a\wootc\wootc\out\branded-preview\workloads.qnn.json
2026-09-27T15:34:26.0295586Z    Compressing: \\?\D:\a\wootc\wootc\out\branded-preview\workloads.stx.json
2026-09-27T15:34:26.0297874Z    Compressing: \\?\D:\a\wootc\wootc\out\branded-preview\wuceffectsi.dll
2026-09-27T15:34:26.0345453Z    Compressing: \\?\D:\a\wootc\wootc\out\branded-preview\af-ZA\Microsoft.ui.xaml.dll.mui
2026-09-27T15:34:26.0348972Z    Compressing: \\?\D:\a\wootc\wootc\out\branded-preview\af-ZA\Microsoft.UI.Xaml.Phone.dll.mui
2026-09-27T15:34:26.0351019Z    Compressing: \\?\D:\a\wootc\wootc\out\branded-preview\am-ET\Microsoft.ui.xaml.dll.mui
2026-09-27T15:34:26.0354056Z    Compressing: \\?\D:\a\wootc\wootc\out\branded-preview\am-ET\Microsoft.UI.Xaml.Phone.dll.mui
2026-09-27T15:34:26.0356110Z    Compressing: \\?\D:\a\wootc\wootc\out\branded-preview\ar-SA\Microsoft.ui.xaml.dll.mui
2026-09-27T15:34:26.0359504Z    Compressing: \\?\D:\a\wootc\wootc\out\branded-preview\ar-SA\Microsoft.UI.Xaml.Phone.dll.mui
2026-09-27T15:34:26.0361567Z    Compressing: \\?\D:\a\wootc\wootc\out\branded-preview\as-IN\Microsoft.ui.xaml.dll.mui
2026-09-27T15:34:26.0365212Z    Compressing: \\?\D:\a\wootc\wootc\out\branded-preview\as-IN\Microsoft.UI.Xaml.Phone.dll.mui
2026-09-27T15:34:26.0367455Z    Compressing: \\?\D:\a\wootc\wootc\out\branded-preview\az-Latn-AZ\Microsoft.ui.xaml.dll.mui
2026-09-27T15:34:26.0370795Z    Compressing: \\?\D:\a\wootc\wootc\out\branded-preview\az-Latn-AZ\Microsoft.UI.Xaml.Phone.dll.mui
2026-09-27T15:34:26.0372945Z    Compressing: \\?\D:\a\wootc\wootc\out\branded-preview\bg-BG\Microsoft.ui.xaml.dll.mui
2026-09-27T15:34:26.0376468Z    Compressing: \\?\D:\a\wootc\wootc\out\branded-preview\bg-BG\Microsoft.UI.Xaml.Phone.dll.mui
2026-09-27T15:34:26.0378517Z    Compressing: \\?\D:\a\wootc\wootc\out\branded-preview\bn-IN\Microsoft.ui.xaml.dll.mui
2026-09-27T15:34:26.0382945Z    Compressing: \\?\D:\a\wootc\wootc\out\branded-preview\bn-IN\Microsoft.UI.Xaml.Phone.dll.mui
2026-09-27T15:34:26.0385626Z    Compressing: \\?\D:\a\wootc\wootc\out\branded-preview\Branding\brand.json
2026-09-27T15:34:26.0386575Z    Compressing: \\?\D:\a\wootc\wootc\out\branded-preview\bs-Latn-BA\Microsoft.ui.xaml.dll.mui
2026-09-27T15:34:26.0389921Z    Compressing: \\?\D:\a\wootc\wootc\out\branded-preview\bs-Latn-BA\Microsoft.UI.Xaml.Phone.dll.mui
2026-09-27T15:34:26.0391988Z    Compressing: \\?\D:\a\wootc\wootc\out\branded-preview\ca-ES\Microsoft.ui.xaml.dll.mui
2026-09-27T15:34:26.0395483Z    Compressing: \\?\D:\a\wootc\wootc\out\branded-preview\ca-ES\Microsoft.UI.Xaml.Phone.dll.mui
2026-09-27T15:34:26.0397578Z    Compressing: \\?\D:\a\wootc\wootc\out\branded-preview\ca-Es-VALENCIA\Microsoft.ui.xaml.dll.mui
2026-09-27T15:34:26.0401214Z    Compressing: \\?\D:\a\wootc\wootc\out\branded-preview\ca-Es-VALENCIA\Microsoft.UI.Xaml.Phone.dll.mui
2026-09-27T15:34:26.0403404Z    Compressing: \\?\D:\a\wootc\wootc\out\branded-preview\cs-CZ\Microsoft.ui.xaml.dll.mui
2026-09-27T15:34:26.0406812Z    Compressing: \\?\D:\a\wootc\wootc\out\branded-preview\cs-CZ\Microsoft.UI.Xaml.Phone.dll.mui
2026-09-27T15:34:26.0408894Z    Compressing: \\?\D:\a\wootc\wootc\out\branded-preview\cy-GB\Microsoft.ui.xaml.dll.mui
2026-09-27T15:34:26.0412325Z    Compressing: \\?\D:\a\wootc\wootc\out\branded-preview\cy-GB\Microsoft.UI.Xaml.Phone.dll.mui
2026-09-27T15:34:26.0414372Z    Compressing: \\?\D:\a\wootc\wootc\out\branded-preview\da-DK\Microsoft.ui.xaml.dll.mui
2026-09-27T15:34:26.0417572Z    Compressing: \\?\D:\a\wootc\wootc\out\branded-preview\da-DK\Microsoft.UI.Xaml.Phone.dll.mui
2026-09-27T15:34:26.0419699Z    Compressing: \\?\D:\a\wootc\wootc\out\branded-preview\de-DE\Microsoft.ui.xaml.dll.mui
2026-09-27T15:34:26.0423740Z    Compressing: \\?\D:\a\wootc\wootc\out\branded-preview\de-DE\Microsoft.UI.Xaml.Phone.dll.mui
2026-09-27T15:34:26.0425703Z    Compressing: \\?\D:\a\wootc\wootc\out\branded-preview\el-GR\Microsoft.ui.xaml.dll.mui
2026-09-27T15:34:26.0429091Z    Compressing: \\?\D:\a\wootc\wootc\out\branded-preview\el-GR\Microsoft.UI.Xaml.Phone.dll.mui
2026-09-27T15:34:26.0431232Z    Compressing: \\?\D:\a\wootc\wootc\out\branded-preview\en-GB\Microsoft.ui.xaml.dll.mui
2026-09-27T15:34:26.0434434Z    Compressing: \\?\D:\a\wootc\wootc\out\branded-preview\en-GB\Microsoft.UI.Xaml.Phone.dll.mui
2026-09-27T15:34:26.0436565Z    Compressing: \\?\D:\a\wootc\wootc\out\branded-preview\en-us\Microsoft.ui.xaml.dll.mui
2026-09-27T15:34:26.0440192Z    Compressing: \\?\D:\a\wootc\wootc\out\branded-preview\en-us\Microsoft.UI.Xaml.Phone.dll.mui
2026-09-27T15:34:26.0442229Z    Compressing: \\?\D:\a\wootc\wootc\out\branded-preview\es-ES\Microsoft.ui.xaml.dll.mui
2026-09-27T15:34:26.0445933Z    Compressing: \\?\D:\a\wootc\wootc\out\branded-preview\es-ES\Microsoft.UI.Xaml.Phone.dll.mui
2026-09-27T15:34:26.0448222Z    Compressing: \\?\D:\a\wootc\wootc\out\branded-preview\es-MX\Microsoft.ui.xaml.dll.mui
2026-09-27T15:34:26.0451650Z    Compressing: \\?\D:\a\wootc\wootc\out\branded-preview\es-MX\Microsoft.UI.Xaml.Phone.dll.mui
2026-09-27T15:34:26.0453705Z    Compressing: \\?\D:\a\wootc\wootc\out\branded-preview\et-EE\Microsoft.ui.xaml.dll.mui
2026-09-27T15:34:26.0457139Z    Compressing: \\?\D:\a\wootc\wootc\out\branded-preview\et-EE\Microsoft.UI.Xaml.Phone.dll.mui
2026-09-27T15:34:26.0459269Z    Compressing: \\?\D:\a\wootc\wootc\out\branded-preview\eu-ES\Microsoft.ui.xaml.dll.mui
2026-09-27T15:34:26.0462693Z    Compressing: \\?\D:\a\wootc\wootc\out\branded-preview\eu-ES\Microsoft.UI.Xaml.Phone.dll.mui
2026-09-27T15:34:26.0465090Z    Compressing: \\?\D:\a\wootc\wootc\out\branded-preview\fa-IR\Microsoft.ui.xaml.dll.mui
2026-09-27T15:34:26.0468567Z    Compressing: \\?\D:\a\wootc\wootc\out\branded-preview\fa-IR\Microsoft.UI.Xaml.Phone.dll.mui
2026-09-27T15:34:26.0470649Z    Compressing: \\?\D:\a\wootc\wootc\out\branded-preview\fi-FI\Microsoft.ui.xaml.dll.mui
2026-09-27T15:34:26.0473973Z    Compressing: \\?\D:\a\wootc\wootc\out\branded-preview\fi-FI\Microsoft.UI.Xaml.Phone.dll.mui
2026-09-27T15:34:26.0486946Z    Compressing: \\?\D:\a\wootc\wootc\out\branded-preview\fil-PH\Microsoft.ui.xaml.dll.mui
2026-09-27T15:34:26.0488281Z    Compressing: \\?\D:\a\wootc\wootc\out\branded-preview\fil-PH\Microsoft.UI.Xaml.Phone.dll.mui
2026-09-27T15:34:26.0489490Z    Compressing: \\?\D:\a\wootc\wootc\out\branded-preview\fr-CA\Microsoft.ui.xaml.dll.mui
2026-09-27T15:34:26.0490735Z    Compressing: \\?\D:\a\wootc\wootc\out\branded-preview\fr-CA\Microsoft.UI.Xaml.Phone.dll.mui
2026-09-27T15:34:26.0491912Z    Compressing: \\?\D:\a\wootc\wootc\out\branded-preview\fr-FR\Microsoft.ui.xaml.dll.mui
2026-09-27T15:34:26.0493125Z    Compressing: \\?\D:\a\wootc\wootc\out\branded-preview\fr-FR\Microsoft.UI.Xaml.Phone.dll.mui
2026-09-27T15:34:26.0494376Z    Compressing: \\?\D:\a\wootc\wootc\out\branded-preview\ga-IE\Microsoft.ui.xaml.dll.mui
2026-09-27T15:34:26.0498219Z    Compressing: \\?\D:\a\wootc\wootc\out\branded-preview\ga-IE\Microsoft.UI.Xaml.Phone.dll.mui
2026-09-27T15:34:26.0500211Z    Compressing: \\?\D:\a\wootc\wootc\out\branded-preview\gd-gb\Microsoft.ui.xaml.dll.mui
2026-09-27T15:34:26.0504030Z    Compressing: \\?\D:\a\wootc\wootc\out\branded-preview\gd-gb\Microsoft.UI.Xaml.Phone.dll.mui
2026-09-27T15:34:26.0506592Z    Compressing: \\?\D:\a\wootc\wootc\out\branded-preview\gl-ES\Microsoft.ui.xaml.dll.mui
2026-09-27T15:34:26.0510630Z    Compressing: \\?\D:\a\wootc\wootc\out\branded-preview\gl-ES\Microsoft.UI.Xaml.Phone.dll.mui
2026-09-27T15:34:26.0512822Z    Compressing: \\?\D:\a\wootc\wootc\out\branded-preview\gu-IN\Microsoft.ui.xaml.dll.mui
2026-09-27T15:34:26.0515928Z    Compressing: \\?\D:\a\wootc\wootc\out\branded-preview\gu-IN\Microsoft.UI.Xaml.Phone.dll.mui
2026-09-27T15:34:26.0518186Z    Compressing: \\?\D:\a\wootc\wootc\out\branded-preview\he-IL\Microsoft.ui.xaml.dll.mui
2026-09-27T15:34:26.0521746Z    Compressing: \\?\D:\a\wootc\wootc\out\branded-preview\he-IL\Microsoft.UI.Xaml.Phone.dll.mui
2026-09-27T15:34:26.0523568Z    Compressing: \\?\D:\a\wootc\wootc\out\branded-preview\hi-IN\Microsoft.ui.xaml.dll.mui
2026-09-27T15:34:26.0527161Z    Compressing: \\?\D:\a\wootc\wootc\out\branded-preview\hi-IN\Microsoft.UI.Xaml.Phone.dll.mui
2026-09-27T15:34:26.0529257Z    Compressing: \\?\D:\a\wootc\wootc\out\branded-preview\hr-HR\Microsoft.ui.xaml.dll.mui
2026-09-27T15:34:26.0532732Z    Compressing: \\?\D:\a\wootc\wootc\out\branded-preview\hr-HR\Microsoft.UI.Xaml.Phone.dll.mui
2026-09-27T15:34:26.0534839Z    Compressing: \\?\D:\a\wootc\wootc\out\branded-preview\hu-HU\Microsoft.ui.xaml.dll.mui
2026-09-27T15:34:26.0538299Z    Compressing: \\?\D:\a\wootc\wootc\out\branded-preview\hu-HU\Microsoft.UI.Xaml.Phone.dll.mui
2026-09-27T15:34:26.0541176Z    Compressing: \\?\D:\a\wootc\wootc\out\branded-preview\hy-AM\Microsoft.ui.xaml.dll.mui
2026-09-27T15:34:26.0545099Z    Compressing: \\?\D:\a\wootc\wootc\out\branded-preview\hy-AM\Microsoft.UI.Xaml.Phone.dll.mui
2026-09-27T15:34:26.0547161Z    Compressing: \\?\D:\a\wootc\wootc\out\branded-preview\id-ID\Microsoft.ui.xaml.dll.mui
2026-09-27T15:34:26.0550653Z    Compressing: \\?\D:\a\wootc\wootc\out\branded-preview\id-ID\Microsoft.UI.Xaml.Phone.dll.mui
2026-09-27T15:34:26.0552856Z    Compressing: \\?\D:\a\wootc\wootc\out\branded-preview\is-IS\Microsoft.ui.xaml.dll.mui
2026-09-27T15:34:26.0556181Z    Compressing: \\?\D:\a\wootc\wootc\out\branded-preview\is-IS\Microsoft.UI.Xaml.Phone.dll.mui
2026-09-27T15:34:26.0558504Z    Compressing: \\?\D:\a\wootc\wootc\out\branded-preview\it-IT\Microsoft.ui.xaml.dll.mui
2026-09-27T15:34:26.0562303Z    Compressing: \\?\D:\a\wootc\wootc\out\branded-preview\it-IT\Microsoft.UI.Xaml.Phone.dll.mui
2026-09-27T15:34:26.0564432Z    Compressing: \\?\D:\a\wootc\wootc\out\branded-preview\ja-JP\Microsoft.ui.xaml.dll.mui
2026-09-27T15:34:26.0567513Z    Compressing: \\?\D:\a\wootc\wootc\out\branded-preview\ja-JP\Microsoft.UI.Xaml.Phone.dll.mui
2026-09-27T15:34:26.0569561Z    Compressing: \\?\D:\a\wootc\wootc\out\branded-preview\ka-GE\Microsoft.ui.xaml.dll.mui
2026-09-27T15:34:26.0572944Z    Compressing: \\?\D:\a\wootc\wootc\out\branded-preview\ka-GE\Microsoft.UI.Xaml.Phone.dll.mui
2026-09-27T15:34:26.0575002Z    Compressing: \\?\D:\a\wootc\wootc\out\branded-preview\kk-KZ\Microsoft.ui.xaml.dll.mui
2026-09-27T15:34:26.0578654Z    Compressing: \\?\D:\a\wootc\wootc\out\branded-preview\kk-KZ\Microsoft.UI.Xaml.Phone.dll.mui
2026-09-27T15:34:26.0580827Z    Compressing: \\?\D:\a\wootc\wootc\out\branded-preview\km-KH\Microsoft.ui.xaml.dll.mui
2026-09-27T15:34:26.0584424Z    Compressing: \\?\D:\a\wootc\wootc\out\branded-preview\km-KH\Microsoft.UI.Xaml.Phone.dll.mui
2026-09-27T15:34:26.0586557Z    Compressing: \\?\D:\a\wootc\wootc\out\branded-preview\kn-IN\Microsoft.ui.xaml.dll.mui
2026-09-27T15:34:26.0589988Z    Compressing: \\?\D:\a\wootc\wootc\out\branded-preview\kn-IN\Microsoft.UI.Xaml.Phone.dll.mui
2026-09-27T15:34:26.0592126Z    Compressing: \\?\D:\a\wootc\wootc\out\branded-preview\ko-KR\Microsoft.ui.xaml.dll.mui
2026-09-27T15:34:26.0595185Z    Compressing: \\?\D:\a\wootc\wootc\out\branded-preview\ko-KR\Microsoft.UI.Xaml.Phone.dll.mui
2026-09-27T15:34:26.0597223Z    Compressing: \\?\D:\a\wootc\wootc\out\branded-preview\kok-IN\Microsoft.ui.xaml.dll.mui
2026-09-27T15:34:26.0600885Z    Compressing: \\?\D:\a\wootc\wootc\out\branded-preview\kok-IN\Microsoft.UI.Xaml.Phone.dll.mui
2026-09-27T15:34:26.0603624Z    Compressing: \\?\D:\a\wootc\wootc\out\branded-preview\lb-LU\Microsoft.ui.xaml.dll.mui
2026-09-27T15:34:26.0607258Z    Compressing: \\?\D:\a\wootc\wootc\out\branded-preview\lb-LU\Microsoft.UI.Xaml.Phone.dll.mui
2026-09-27T15:34:26.0609388Z    Compressing: \\?\D:\a\wootc\wootc\out\branded-preview\lo-LA\Microsoft.ui.xaml.dll.mui
2026-09-27T15:34:26.0612642Z    Compressing: \\?\D:\a\wootc\wootc\out\branded-preview\lo-LA\Microsoft.UI.Xaml.Phone.dll.mui
2026-09-27T15:34:26.0615002Z    Compressing: \\?\D:\a\wootc\wootc\out\branded-preview\lt-LT\Microsoft.ui.xaml.dll.mui
2026-09-27T15:34:26.0618313Z    Compressing: \\?\D:\a\wootc\wootc\out\branded-preview\lt-LT\Microsoft.UI.Xaml.Phone.dll.mui
2026-09-27T15:34:26.0620429Z    Compressing: \\?\D:\a\wootc\wootc\out\branded-preview\lv-LV\Microsoft.ui.xaml.dll.mui
2026-09-27T15:34:26.0624010Z    Compressing: \\?\D:\a\wootc\wootc\out\branded-preview\lv-LV\Microsoft.UI.Xaml.Phone.dll.mui
2026-09-27T15:34:26.0626158Z    Compressing: \\?\D:\a\wootc\wootc\out\branded-preview\mi-NZ\Microsoft.ui.xaml.dll.mui
2026-09-27T15:34:26.0629437Z    Compressing: \\?\D:\a\wootc\wootc\out\branded-preview\mi-NZ\Microsoft.UI.Xaml.Phone.dll.mui
2026-09-27T15:34:26.0631670Z    Compressing: \\?\D:\a\wootc\wootc\out\branded-preview\Microsoft.UI.Xaml\Assets\map.html
2026-09-27T15:34:26.0635162Z    Compressing: \\?\D:\a\wootc\wootc\out\branded-preview\Microsoft.UI.Xaml\Assets\NoiseAsset_256x256_PNG.png
2026-09-27T15:34:26.0636871Z    Compressing: \\?\D:\a\wootc\wootc\out\branded-preview\mk-MK\Microsoft.ui.xaml.dll.mui
2026-09-27T15:34:26.0640284Z    Compressing: \\?\D:\a\wootc\wootc\out\branded-preview\mk-MK\Microsoft.UI.Xaml.Phone.dll.mui
2026-09-27T15:34:26.0643256Z    Compressing: \\?\D:\a\wootc\wootc\out\branded-preview\ml-IN\Microsoft.ui.xaml.dll.mui
2026-09-27T15:34:26.0647602Z    Compressing: \\?\D:\a\wootc\wootc\out\branded-preview\ml-IN\Microsoft.UI.Xaml.Phone.dll.mui
2026-09-27T15:34:26.0650035Z    Compressing: \\?\D:\a\wootc\wootc\out\branded-preview\mr-IN\Microsoft.ui.xaml.dll.mui
2026-09-27T15:34:26.0653082Z    Compressing: \\?\D:\a\wootc\wootc\out\branded-preview\mr-IN\Microsoft.UI.Xaml.Phone.dll.mui
2026-09-27T15:34:26.0655206Z    Compressing: \\?\D:\a\wootc\wootc\out\branded-preview\ms-MY\Microsoft.ui.xaml.dll.mui
2026-09-27T15:34:26.0658241Z    Compressing: \\?\D:\a\wootc\wootc\out\branded-preview\ms-MY\Microsoft.UI.Xaml.Phone.dll.mui
2026-09-27T15:34:26.0660494Z    Compressing: \\?\D:\a\wootc\wootc\out\branded-preview\mt-MT\Microsoft.ui.xaml.dll.mui
2026-09-27T15:34:26.0663918Z    Compressing: \\?\D:\a\wootc\wootc\out\branded-preview\mt-MT\Microsoft.UI.Xaml.Phone.dll.mui
2026-09-27T15:34:26.0665733Z    Compressing: \\?\D:\a\wootc\wootc\out\branded-preview\nb-NO\Microsoft.ui.xaml.dll.mui
2026-09-27T15:34:26.0668824Z    Compressing: \\?\D:\a\wootc\wootc\out\branded-preview\nb-NO\Microsoft.UI.Xaml.Phone.dll.mui
2026-09-27T15:34:26.0670900Z    Compressing: \\?\D:\a\wootc\wootc\out\branded-preview\ne-NP\Microsoft.ui.xaml.dll.mui
2026-09-27T15:34:26.0673927Z    Compressing: \\?\D:\a\wootc\wootc\out\branded-preview\ne-NP\Microsoft.UI.Xaml.Phone.dll.mui
2026-09-27T15:34:26.0675849Z    Compressing: \\?\D:\a\wootc\wootc\out\branded-preview\nl-NL\Microsoft.ui.xaml.dll.mui
2026-09-27T15:34:26.0678932Z    Compressing: \\?\D:\a\wootc\wootc\out\branded-preview\nl-NL\Microsoft.UI.Xaml.Phone.dll.mui
2026-09-27T15:34:26.0680827Z    Compressing: \\?\D:\a\wootc\wootc\out\branded-preview\nn-NO\Microsoft.ui.xaml.dll.mui
2026-09-27T15:34:26.0684218Z    Compressing: \\?\D:\a\wootc\wootc\out\branded-preview\nn-NO\Microsoft.UI.Xaml.Phone.dll.mui
2026-09-27T15:34:26.0686007Z    Compressing: \\?\D:\a\wootc\wootc\out\branded-preview\or-IN\Microsoft.ui.xaml.dll.mui
2026-09-27T15:34:26.0688995Z    Compressing: \\?\D:\a\wootc\wootc\out\branded-preview\or-IN\Microsoft.UI.Xaml.Phone.dll.mui
2026-09-27T15:34:26.0690707Z    Compressing: \\?\D:\a\wootc\wootc\out\branded-preview\pa-IN\Microsoft.ui.xaml.dll.mui
2026-09-27T15:34:26.0693755Z    Compressing: \\?\D:\a\wootc\wootc\out\branded-preview\pa-IN\Microsoft.UI.Xaml.Phone.dll.mui
2026-09-27T15:34:26.0695815Z    Compressing: \\?\D:\a\wootc\wootc\out\branded-preview\pl-PL\Microsoft.ui.xaml.dll.mui
2026-09-27T15:34:26.0700885Z    Compressing: \\?\D:\a\wootc\wootc\out\branded-preview\pl-PL\Microsoft.UI.Xaml.Phone.dll.mui
2026-09-27T15:34:26.0703206Z    Compressing: \\?\D:\a\wootc\wootc\out\branded-preview\pt-BR\Microsoft.ui.xaml.dll.mui
2026-09-27T15:34:26.0707464Z    Compressing: \\?\D:\a\wootc\wootc\out\branded-preview\pt-BR\Microsoft.UI.Xaml.Phone.dll.mui
2026-09-27T15:34:26.0709158Z    Compressing: \\?\D:\a\wootc\wootc\out\branded-preview\pt-PT\Microsoft.ui.xaml.dll.mui
2026-09-27T15:34:26.0712618Z    Compressing: \\?\D:\a\wootc\wootc\out\branded-preview\pt-PT\Microsoft.UI.Xaml.Phone.dll.mui
2026-09-27T15:34:26.0714364Z    Compressing: \\?\D:\a\wootc\wootc\out\branded-preview\quz-PE\Microsoft.ui.xaml.dll.mui
2026-09-27T15:34:26.0717463Z    Compressing: \\?\D:\a\wootc\wootc\out\branded-preview\quz-PE\Microsoft.UI.Xaml.Phone.dll.mui
2026-09-27T15:34:26.0719505Z    Compressing: \\?\D:\a\wootc\wootc\out\branded-preview\ro-RO\Microsoft.ui.xaml.dll.mui
2026-09-27T15:34:26.0723029Z    Compressing: \\?\D:\a\wootc\wootc\out\branded-preview\ro-RO\Microsoft.UI.Xaml.Phone.dll.mui
2026-09-27T15:34:26.0724939Z    Compressing: \\?\D:\a\wootc\wootc\out\branded-preview\ru-RU\Microsoft.ui.xaml.dll.mui
2026-09-27T15:34:26.0728232Z    Compressing: \\?\D:\a\wootc\wootc\out\branded-preview\ru-RU\Microsoft.UI.Xaml.Phone.dll.mui
2026-09-27T15:34:26.0730419Z    Compressing: \\?\D:\a\wootc\wootc\out\branded-preview\sk-SK\Microsoft.ui.xaml.dll.mui
2026-09-27T15:34:26.0733571Z    Compressing: \\?\D:\a\wootc\wootc\out\branded-preview\sk-SK\Microsoft.UI.Xaml.Phone.dll.mui
2026-09-27T15:34:26.0735347Z    Compressing: \\?\D:\a\wootc\wootc\out\branded-preview\sl-SI\Microsoft.ui.xaml.dll.mui
2026-09-27T15:34:26.0738561Z    Compressing: \\?\D:\a\wootc\wootc\out\branded-preview\sl-SI\Microsoft.UI.Xaml.Phone.dll.mui
2026-09-27T15:34:26.0740655Z    Compressing: \\?\D:\a\wootc\wootc\out\branded-preview\sq-AL\Microsoft.ui.xaml.dll.mui
2026-09-27T15:34:26.0744289Z    Compressing: \\?\D:\a\wootc\wootc\out\branded-preview\sq-AL\Microsoft.UI.Xaml.Phone.dll.mui
2026-09-27T15:34:26.0746094Z    Compressing: \\?\D:\a\wootc\wootc\out\branded-preview\sr-Cyrl-BA\Microsoft.ui.xaml.dll.mui
2026-09-27T15:34:26.0749227Z    Compressing: \\?\D:\a\wootc\wootc\out\branded-preview\sr-Cyrl-BA\Microsoft.UI.Xaml.Phone.dll.mui
2026-09-27T15:34:26.0751042Z    Compressing: \\?\D:\a\wootc\wootc\out\branded-preview\sr-Cyrl-RS\Microsoft.ui.xaml.dll.mui
2026-09-27T15:34:26.0754513Z    Compressing: \\?\D:\a\wootc\wootc\out\branded-preview\sr-Cyrl-RS\Microsoft.UI.Xaml.Phone.dll.mui
2026-09-27T15:34:26.0756315Z    Compressing: \\?\D:\a\wootc\wootc\out\branded-preview\sr-Latn-RS\Microsoft.ui.xaml.dll.mui
2026-09-27T15:34:26.0759389Z    Compressing: \\?\D:\a\wootc\wootc\out\branded-preview\sr-Latn-RS\Microsoft.UI.Xaml.Phone.dll.mui
2026-09-27T15:34:26.0761511Z    Compressing: \\?\D:\a\wootc\wootc\out\branded-preview\sv-SE\Microsoft.ui.xaml.dll.mui
2026-09-27T15:34:26.0765835Z    Compressing: \\?\D:\a\wootc\wootc\out\branded-preview\sv-SE\Microsoft.UI.Xaml.Phone.dll.mui
2026-09-27T15:34:26.0768428Z    Compressing: \\?\D:\a\wootc\wootc\out\branded-preview\ta-IN\Microsoft.ui.xaml.dll.mui
2026-09-27T15:34:26.0773263Z    Compressing: \\?\D:\a\wootc\wootc\out\branded-preview\ta-IN\Microsoft.UI.Xaml.Phone.dll.mui
2026-09-27T15:34:26.0775866Z    Compressing: \\?\D:\a\wootc\wootc\out\branded-preview\te-IN\Microsoft.ui.xaml.dll.mui
2026-09-27T15:34:26.0779556Z    Compressing: \\?\D:\a\wootc\wootc\out\branded-preview\te-IN\Microsoft.UI.Xaml.Phone.dll.mui
2026-09-27T15:34:26.0781893Z    Compressing: \\?\D:\a\wootc\wootc\out\branded-preview\th-TH\Microsoft.ui.xaml.dll.mui
2026-09-27T15:34:26.0785389Z    Compressing: \\?\D:\a\wootc\wootc\out\branded-preview\th-TH\Microsoft.UI.Xaml.Phone.dll.mui
2026-09-27T15:34:26.0787147Z    Compressing: \\?\D:\a\wootc\wootc\out\branded-preview\tr-TR\Microsoft.ui.xaml.dll.mui
2026-09-27T15:34:26.0790391Z    Compressing: \\?\D:\a\wootc\wootc\out\branded-preview\tr-TR\Microsoft.UI.Xaml.Phone.dll.mui
2026-09-27T15:34:26.0792568Z    Compressing: \\?\D:\a\wootc\wootc\out\branded-preview\tt-RU\Microsoft.ui.xaml.dll.mui
2026-09-27T15:34:26.0797106Z    Compressing: \\?\D:\a\wootc\wootc\out\branded-preview\tt-RU\Microsoft.UI.Xaml.Phone.dll.mui
2026-09-27T15:34:26.0799877Z    Compressing: \\?\D:\a\wootc\wootc\out\branded-preview\ug-CN\Microsoft.ui.xaml.dll.mui
2026-09-27T15:34:26.0805060Z    Compressing: \\?\D:\a\wootc\wootc\out\branded-preview\ug-CN\Microsoft.UI.Xaml.Phone.dll.mui
2026-09-27T15:34:26.0807613Z    Compressing: \\?\D:\a\wootc\wootc\out\branded-preview\uk-UA\Microsoft.ui.xaml.dll.mui
2026-09-27T15:34:26.0812509Z    Compressing: \\?\D:\a\wootc\wootc\out\branded-preview\uk-UA\Microsoft.UI.Xaml.Phone.dll.mui
2026-09-27T15:34:26.0815330Z    Compressing: \\?\D:\a\wootc\wootc\out\branded-preview\ur-PK\Microsoft.ui.xaml.dll.mui
2026-09-27T15:34:26.0820033Z    Compressing: \\?\D:\a\wootc\wootc\out\branded-preview\ur-PK\Microsoft.UI.Xaml.Phone.dll.mui
2026-09-27T15:34:26.0823098Z    Compressing: \\?\D:\a\wootc\wootc\out\branded-preview\uz-Latn-UZ\Microsoft.ui.xaml.dll.mui
2026-09-27T15:34:26.0828014Z    Compressing: \\?\D:\a\wootc\wootc\out\branded-preview\uz-Latn-UZ\Microsoft.UI.Xaml.Phone.dll.mui
2026-09-27T15:34:26.0830705Z    Compressing: \\?\D:\a\wootc\wootc\out\branded-preview\vi-VN\Microsoft.ui.xaml.dll.mui
2026-09-27T15:34:26.0835521Z    Compressing: \\?\D:\a\wootc\wootc\out\branded-preview\vi-VN\Microsoft.UI.Xaml.Phone.dll.mui
2026-09-27T15:34:26.0838208Z    Compressing: \\?\D:\a\wootc\wootc\out\branded-preview\zh-CN\Microsoft.ui.xaml.dll.mui
2026-09-27T15:34:26.0842548Z    Compressing: \\?\D:\a\wootc\wootc\out\branded-preview\zh-CN\Microsoft.UI.Xaml.Phone.dll.mui
2026-09-27T15:34:26.0845252Z    Compressing: \\?\D:\a\wootc\wootc\out\branded-preview\zh-TW\Microsoft.ui.xaml.dll.mui
2026-09-27T15:34:26.0849116Z    Compressing: \\?\D:\a\wootc\wootc\out\branded-preview\zh-TW\Microsoft.UI.Xaml.Phone.dll.mui
2026-09-27T15:34:26.7226416Z    Compressing Setup program executable
2026-09-27T15:34:27.1989314Z    Updating version info (Setup.exe)
2026-09-27T15:34:27.1990010Z    Updating manifest (Setup.exe)
2026-09-27T15:34:27.1990380Z 
2026-09-27T15:34:27.1994228Z 
2026-09-27T15:34:27.1995068Z Successful compile (35.937 sec). Resulting Setup program filename is:
2026-09-27T15:34:37.0966922Z D:\a\wootc\wootc\out\preview-installer\bazzite-native-preview-932537a7e650ec1608980999da7a9e60fb9e218e.exe
2026-09-27T15:34:37.0968031Z   Determining projects to restore...
2026-09-27T15:34:44.3042433Z   Restored D:\a\wootc\wootc\shell\Wootc.Shell.UiTests\Wootc.Shell.UiTests.csproj (in 6.94 sec).
2026-09-27T15:34:45.6274816Z   Wootc.Shell.UiTests -> D:\a\wootc\wootc\shell\Wootc.Shell.UiTests\bin\Release\net8.0-windows10.0.19041.0\Wootc.Shell.UiTests.dll
2026-09-27T15:34:45.6420808Z Test run for D:\a\wootc\wootc\shell\Wootc.Shell.UiTests\bin\Release\net8.0-windows10.0.19041.0\Wootc.Shell.UiTests.dll (.NETCoreApp,Version=v8.0)
2026-09-27T15:34:46.3938017Z A total of 1 test files matched the specified pattern.
2026-09-27T15:34:50.3208164Z Results File: D:\a\wootc\wootc\shell\Wootc.Shell.UiTests\TestResults\installed-bazzite.trx
2026-09-27T15:34:50.3211268Z 
2026-09-27T15:34:50.3288902Z Passed!  - Failed:     0, Passed:     1, Skipped:     0, Total:     1, Duration: 2 s - Wootc.Shell.UiTests.dll (net8.0)
2026-09-27T15:34:52.1024502Z PASS actual bazzite preview compile/install/brand/startup RPC/uninstall with foreign-file preservation and observed test cleanup
2026-09-27T15:34:52.1457844Z ##[group]Run actions/upload-artifact@v7
2026-09-27T15:34:52.1458192Z with:
2026-09-27T15:34:52.1458399Z   name: winui-preview-package-bazzite
2026-09-27T15:34:52.1458990Z   path: out/preview-installer/
out/branded-preview/native-package.json
shell/Wootc.Shell.UiTests/TestResults/*.trx

2026-09-27T15:34:52.1459548Z   if-no-files-found: error
2026-09-27T15:34:52.1459770Z   compression-level: 6
2026-09-27T15:34:52.1459972Z   overwrite: false
2026-09-27T15:34:52.1460173Z   include-hidden-files: false
2026-09-27T15:34:52.1460396Z   archive: true
2026-09-27T15:34:52.1460565Z env:
2026-09-27T15:34:52.1460768Z   DOTNET_ROOT: C:\Program Files\dotnet
2026-09-27T15:34:52.1461014Z   GOTOOLCHAIN: local
2026-09-27T15:34:52.1461206Z ##[endgroup]
2026-09-27T15:34:52.3332887Z Multiple search paths detected. Calculating the least common ancestor of all paths
2026-09-27T15:34:52.3336354Z The least common ancestor is D:\a\wootc\wootc. This will be the root directory of the artifact
2026-09-27T15:34:52.3337540Z With the provided path, there will be 8 files uploaded
2026-09-27T15:34:52.3343201Z Artifact name is valid!
2026-09-27T15:34:52.3344328Z Root directory input is valid!
2026-09-27T15:34:52.5359043Z Uploading artifact: winui-preview-package-bazzite.zip
2026-09-27T15:34:52.5408683Z Beginning upload of artifact content to blob storage
2026-09-27T15:34:53.1252040Z Uploaded bytes 8388608
2026-09-27T15:34:53.3121556Z Uploaded bytes 16777216
2026-09-27T15:34:53.5313079Z Uploaded bytes 25165824
2026-09-27T15:34:53.9067067Z Uploaded bytes 33554432
2026-09-27T15:34:54.1743183Z Uploaded bytes 41943040
2026-09-27T15:34:54.3477012Z Uploaded bytes 50331648
2026-09-27T15:34:54.5844525Z Uploaded bytes 58720256
2026-09-27T15:34:54.8977960Z Uploaded bytes 67108864
2026-09-27T15:34:54.9226398Z Uploaded bytes 67919429
2026-09-27T15:34:54.9381264Z Finished uploading artifact content to blob storage!
2026-09-27T15:34:54.9385798Z SHA256 digest of uploaded artifact is f75e52fe05bc2a49e1141731ce448aba87492246be3a165c4e3586a43260c58d
2026-09-27T15:34:54.9388280Z Finalizing artifact upload
2026-09-27T15:34:55.1372562Z Artifact winui-preview-package-bazzite successfully finalized. Artifact ID 10935566765
2026-09-27T15:34:55.1373863Z Artifact winui-preview-package-bazzite has been successfully uploaded! Final size is 67919429 bytes. Artifact ID is 10935566765
2026-09-27T15:34:55.1383703Z Artifact download URL: https://github.com/tuna-os/wootc/actions/runs/36329882021/artifacts/10935566765
2026-09-27T15:34:55.1736710Z Post job cleanup.
2026-09-27T15:34:55.4383361Z [command]C:\hostedtoolcache\windows\go\1.26.0\x64\bin\go.exe env GOMODCACHE
2026-09-27T15:34:55.4466566Z [command]C:\hostedtoolcache\windows\go\1.26.0\x64\bin\go.exe env GOCACHE
2026-09-27T15:34:55.4744528Z C:\Users\runneradmin\go\pkg\mod
2026-09-27T15:34:55.4832278Z C:\Users\runneradmin\AppData\Local\go-build
2026-09-27T15:34:55.4852876Z Primary key was not generated. Please check the log messages above for more errors or information
2026-09-27T15:34:55.5126458Z Post job cleanup.
2026-09-27T15:34:55.7029636Z Post job cleanup.
2026-09-27T15:34:55.9030846Z [command]"C:\Program Files\Git\bin\git.exe" version
2026-09-27T15:34:55.9316314Z git version 2.55.0.windows.5
2026-09-27T15:34:55.9391722Z Temporarily overriding HOME='D:\a\_temp\2d085f4b-c574-467a-bb55-fe3c34532650' before making global git config changes
2026-09-27T15:34:55.9393137Z Adding repository directory to the temporary git global config as a safe directory
2026-09-27T15:34:55.9406121Z [command]"C:\Program Files\Git\bin\git.exe" config --global --add safe.directory D:\a\wootc\wootc
2026-09-27T15:34:55.9738917Z Removing SSH command configuration
2026-09-27T15:34:55.9750035Z [command]"C:\Program Files\Git\bin\git.exe" config --local --name-only --get-regexp core\.sshCommand
2026-09-27T15:34:56.0076925Z [command]"C:\Program Files\Git\bin\git.exe" submodule foreach --recursive "sh -c \"git config --local --name-only --get-regexp 'core\.sshCommand' && git config --local --unset-all 'core.sshCommand' || :\""
2026-09-27T15:34:56.5929331Z Removing HTTP extra header
2026-09-27T15:34:56.5940878Z [command]"C:\Program Files\Git\bin\git.exe" config --local --name-only --get-regexp http\.https\:\/\/github\.com\/\.extraheader
2026-09-27T15:34:56.6249591Z [command]"C:\Program Files\Git\bin\git.exe" submodule foreach --recursive "sh -c \"git config --local --name-only --get-regexp 'http\.https\:\/\/github\.com\/\.extraheader' && git config --local --unset-all 'http.https://github.com/.extraheader' || :\""
2026-09-27T15:34:57.1595806Z Removing includeIf entries pointing to credentials config files
2026-09-27T15:34:57.1613463Z [command]"C:\Program Files\Git\bin\git.exe" config --local --name-only --get-regexp ^includeIf\.gitdir:
2026-09-27T15:34:57.1878704Z includeif.gitdir:D:/a/wootc/wootc/.git.path
2026-09-27T15:34:57.1879756Z includeif.gitdir:D:/a/wootc/wootc/.git/worktrees/*.path
2026-09-27T15:34:57.1880419Z includeif.gitdir:/github/workspace/.git.path
2026-09-27T15:34:57.1881127Z includeif.gitdir:/github/workspace/.git/worktrees/*.path
2026-09-27T15:34:57.1922815Z [command]"C:\Program Files\Git\bin\git.exe" config --local --get-all includeif.gitdir:D:/a/wootc/wootc/.git.path
2026-09-27T15:34:57.2196958Z D:\a\_temp\git-credentials-ab347d5a-8f7f-4604-ac71-161013ae780a.config
2026-09-27T15:34:57.2248832Z [command]"C:\Program Files\Git\bin\git.exe" config --local --unset includeif.gitdir:D:/a/wootc/wootc/.git.path D\:\\a\\_temp\\git\-credentials\-ab347d5a\-8f7f\-4604\-ac71\-161013ae780a\.config
2026-09-27T15:34:57.2620589Z [command]"C:\Program Files\Git\bin\git.exe" config --local --get-all includeif.gitdir:D:/a/wootc/wootc/.git/worktrees/*.path
2026-09-27T15:34:57.2879285Z D:\a\_temp\git-credentials-ab347d5a-8f7f-4604-ac71-161013ae780a.config
2026-09-27T15:34:57.2917598Z [command]"C:\Program Files\Git\bin\git.exe" config --local --unset includeif.gitdir:D:/a/wootc/wootc/.git/worktrees/*.path D\:\\a\\_temp\\git\-credentials\-ab347d5a\-8f7f\-4604\-ac71\-161013ae780a\.config
2026-09-27T15:34:57.3208429Z [command]"C:\Program Files\Git\bin\git.exe" config --local --get-all includeif.gitdir:/github/workspace/.git.path
2026-09-27T15:34:57.3460175Z /github/runner_temp/git-credentials-ab347d5a-8f7f-4604-ac71-161013ae780a.config
2026-09-27T15:34:57.3497529Z [command]"C:\Program Files\Git\bin\git.exe" config --local --unset includeif.gitdir:/github/workspace/.git.path \/github\/runner_temp\/git\-credentials\-ab347d5a\-8f7f\-4604\-ac71\-161013ae780a\.config
2026-09-27T15:34:57.3788819Z [command]"C:\Program Files\Git\bin\git.exe" config --local --get-all includeif.gitdir:/github/workspace/.git/worktrees/*.path
2026-09-27T15:34:57.4038664Z /github/runner_temp/git-credentials-ab347d5a-8f7f-4604-ac71-161013ae780a.config
2026-09-27T15:34:57.4079224Z [command]"C:\Program Files\Git\bin\git.exe" config --local --unset includeif.gitdir:/github/workspace/.git/worktrees/*.path \/github\/runner_temp\/git\-credentials\-ab347d5a\-8f7f\-4604\-ac71\-161013ae780a\.config
2026-09-27T15:34:57.4377833Z [command]"C:\Program Files\Git\bin\git.exe" submodule foreach --recursive "git config --local --show-origin --name-only --get-regexp remote.origin.url"
2026-09-27T15:34:57.9971637Z Removing credentials config 'D:\a\_temp\git-credentials-ab347d5a-8f7f-4604-ac71-161013ae780a.config'
2026-09-27T15:34:58.0169477Z Cleaning up orphan processes
2026-09-27T15:34:58.0558866Z Terminate orphan process: pid (5828) (dotnet)
2026-09-27T15:34:58.0869261Z Terminate orphan process: pid (1316) (VBCSCompiler)
2026-09-27T15:34:58.0945624Z Terminate orphan process: pid (7204) (conhost)
