2026-09-27T15:31:45.7183798Z Current runner version: '2.337.0'
2026-09-27T15:31:45.7224242Z ##[group]Runner Image Provisioner
2026-09-27T15:31:45.7225593Z Hosted Compute Agent
2026-09-27T15:31:45.7226604Z Version: 20260828.587
2026-09-27T15:31:45.7227781Z Commit: abac92662cab4cc7352de4f9f9d2e2419aad9c29
2026-09-27T15:31:45.7229109Z Build Date: 2026-08-28T16:44:25Z
2026-09-27T15:31:45.7230355Z Worker ID: {c39becea-f7fc-418d-a8a7-e251c356f04e}
2026-09-27T15:31:45.7231705Z Azure Region: northcentralus
2026-09-27T15:31:45.7232785Z ##[endgroup]
2026-09-27T15:31:45.7235692Z ##[group]Operating System
2026-09-27T15:31:45.7236800Z Microsoft Windows Server 2025
2026-09-27T15:31:45.7237864Z 10.0.26100
2026-09-27T15:31:45.7238663Z Datacenter
2026-09-27T15:31:45.7239159Z ##[endgroup]
2026-09-27T15:31:45.7239734Z ##[group]Runner Image
2026-09-27T15:31:45.7240382Z Image: windows-2025-vs2026
2026-09-27T15:31:45.7241042Z Version: 20260922.246.2
2026-09-27T15:31:45.7243636Z Included Software: https://github.com/actions/runner-images/blob/win25-vs2026/20260922.246/images/windows/Windows2025-VS2026-Readme.md
2026-09-27T15:31:45.7245596Z Image Release: https://github.com/actions/runner-images/releases/tag/win25-vs2026%2F20260922.246
2026-09-27T15:31:45.7247447Z ##[endgroup]
2026-09-27T15:31:45.7249408Z ##[group]GITHUB_TOKEN Permissions
2026-09-27T15:31:45.7252278Z Contents: read
2026-09-27T15:31:45.7253304Z Metadata: read
2026-09-27T15:31:45.7254797Z ##[endgroup]
2026-09-27T15:31:45.7257638Z Secret source: Actions
2026-09-27T15:31:45.7258618Z Cache mode: write
2026-09-27T15:31:45.7259328Z Prepare workflow directory
2026-09-27T15:31:45.7697975Z Prepare all required actions
2026-09-27T15:31:45.7748755Z Getting action download info
2026-09-27T15:31:45.9793857Z Download action repository 'actions/checkout@v7' (SHA:3d3c42e5aac5ba805825da76410c181273ba90b1)
2026-09-27T15:31:46.1086856Z Download action repository 'actions/setup-dotnet@v6' (SHA:a98b56852c35b8e3190ac28c8c2271da59106c68)
2026-09-27T15:31:46.4672126Z Download action repository 'actions/setup-go@v7' (SHA:b7ad1dad31e06c5925ef5d2fc7ad053ef454303e)
2026-09-27T15:31:46.7802833Z Download action repository 'actions/upload-artifact@v7' (SHA:043fb46d1a93c77aae656e7c1c64a875d1fc6a0a)
2026-09-27T15:31:47.0128082Z Complete job name: Branded preview package (tunaos)
2026-09-27T15:31:47.2094770Z ##[group]Run actions/checkout@v7
2026-09-27T15:31:47.2096150Z with:
2026-09-27T15:31:47.2096794Z   repository: tuna-os/wootc
2026-09-27T15:31:47.2101352Z   token: ***
2026-09-27T15:31:47.2101877Z   ssh-strict: true
2026-09-27T15:31:47.2102448Z   ssh-user: git
2026-09-27T15:31:47.2103009Z   persist-credentials: true
2026-09-27T15:31:47.2103605Z   clean: true
2026-09-27T15:31:47.2104200Z   sparse-checkout-cone-mode: true
2026-09-27T15:31:47.2104825Z   fetch-depth: 1
2026-09-27T15:31:47.2105397Z   fetch-tags: false
2026-09-27T15:31:47.2106260Z   show-progress: true
2026-09-27T15:31:47.2106884Z   lfs: false
2026-09-27T15:31:47.2107428Z   submodules: false
2026-09-27T15:31:47.2108019Z   set-safe-directory: true
2026-09-27T15:31:47.2108729Z   allow-unsafe-pr-checkout: false
2026-09-27T15:31:47.2109686Z ##[endgroup]
2026-09-27T15:31:47.3739991Z Syncing repository: tuna-os/wootc
2026-09-27T15:31:47.3742113Z ##[group]Getting Git version info
2026-09-27T15:31:47.3743074Z Working directory is 'D:\a\wootc\wootc'
2026-09-27T15:31:47.4570213Z [command]"C:\Program Files\Git\bin\git.exe" version
2026-09-27T15:31:47.9757479Z git version 2.55.0.windows.5
2026-09-27T15:31:47.9809707Z ##[endgroup]
2026-09-27T15:31:47.9827086Z Temporarily overriding HOME='D:\a\_temp\84de75ce-fd14-47c2-b876-ba34d72fede7' before making global git config changes
2026-09-27T15:31:47.9828524Z Adding repository directory to the temporary git global config as a safe directory
2026-09-27T15:31:47.9837918Z [command]"C:\Program Files\Git\bin\git.exe" config --global --add safe.directory D:\a\wootc\wootc
2026-09-27T15:31:48.0879536Z Deleting the contents of 'D:\a\wootc\wootc'
2026-09-27T15:31:48.0884723Z ##[group]Determining repository object format
2026-09-27T15:31:48.0888653Z ##[endgroup]
2026-09-27T15:31:48.0889644Z ##[group]Initializing the repository
2026-09-27T15:31:48.0896487Z [command]"C:\Program Files\Git\bin\git.exe" init D:\a\wootc\wootc
2026-09-27T15:31:48.2104806Z Initialized empty Git repository in D:/a/wootc/wootc/.git/
2026-09-27T15:31:48.2107674Z [command]"C:\Program Files\Git\bin\git.exe" remote add origin https://github.com/tuna-os/wootc
2026-09-27T15:31:48.2893643Z ##[endgroup]
2026-09-27T15:31:48.2894626Z ##[group]Disabling automatic garbage collection
2026-09-27T15:31:48.2902767Z [command]"C:\Program Files\Git\bin\git.exe" config --local gc.auto 0
2026-09-27T15:31:48.3210416Z ##[endgroup]
2026-09-27T15:31:48.3211950Z ##[group]Setting up auth
2026-09-27T15:31:48.3212640Z Removing SSH command configuration
2026-09-27T15:31:48.3228794Z [command]"C:\Program Files\Git\bin\git.exe" config --local --name-only --get-regexp core\.sshCommand
2026-09-27T15:31:48.3545158Z [command]"C:\Program Files\Git\bin\git.exe" submodule foreach --recursive "sh -c \"git config --local --name-only --get-regexp 'core\.sshCommand' && git config --local --unset-all 'core.sshCommand' || :\""
2026-09-27T15:31:50.1957411Z Removing HTTP extra header
2026-09-27T15:31:50.1969877Z [command]"C:\Program Files\Git\bin\git.exe" config --local --name-only --get-regexp http\.https\:\/\/github\.com\/\.extraheader
2026-09-27T15:31:50.2283581Z [command]"C:\Program Files\Git\bin\git.exe" submodule foreach --recursive "sh -c \"git config --local --name-only --get-regexp 'http\.https\:\/\/github\.com\/\.extraheader' && git config --local --unset-all 'http.https://github.com/.extraheader' || :\""
2026-09-27T15:31:50.7871558Z Removing includeIf entries pointing to credentials config files
2026-09-27T15:31:50.7881076Z [command]"C:\Program Files\Git\bin\git.exe" config --local --name-only --get-regexp ^includeIf\.gitdir:
2026-09-27T15:31:50.8203246Z [command]"C:\Program Files\Git\bin\git.exe" submodule foreach --recursive "git config --local --show-origin --name-only --get-regexp remote.origin.url"
2026-09-27T15:31:51.3917706Z [command]"C:\Program Files\Git\bin\git.exe" config --file D:\a\_temp\git-credentials-5f36ec69-ae5f-4d25-bf80-771bfcdafb5d.config http.https://github.com/.extraheader "AUTHORIZATION: basic ***"
2026-09-27T15:31:51.4236588Z [command]"C:\Program Files\Git\bin\git.exe" config --local includeIf.gitdir:D:/a/wootc/wootc/.git.path D:\a\_temp\git-credentials-5f36ec69-ae5f-4d25-bf80-771bfcdafb5d.config
2026-09-27T15:31:51.4544744Z [command]"C:\Program Files\Git\bin\git.exe" config --local includeIf.gitdir:D:/a/wootc/wootc/.git/worktrees/*.path D:\a\_temp\git-credentials-5f36ec69-ae5f-4d25-bf80-771bfcdafb5d.config
2026-09-27T15:31:51.4917668Z [command]"C:\Program Files\Git\bin\git.exe" config --local includeIf.gitdir:/github/workspace/.git.path /github/runner_temp/git-credentials-5f36ec69-ae5f-4d25-bf80-771bfcdafb5d.config
2026-09-27T15:31:51.5252444Z [command]"C:\Program Files\Git\bin\git.exe" config --local includeIf.gitdir:/github/workspace/.git/worktrees/*.path /github/runner_temp/git-credentials-5f36ec69-ae5f-4d25-bf80-771bfcdafb5d.config
2026-09-27T15:31:51.5583937Z ##[endgroup]
2026-09-27T15:31:51.5584781Z ##[group]Fetching the repository
2026-09-27T15:31:51.5594082Z [command]"C:\Program Files\Git\bin\git.exe" -c protocol.version=2 fetch --no-tags --prune --no-recurse-submodules --depth=1 origin +932537a7e650ec1608980999da7a9e60fb9e218e:refs/remotes/pull/496/merge
2026-09-27T15:31:53.0415163Z From https://github.com/tuna-os/wootc
2026-09-27T15:31:53.0416081Z  * [new ref]         932537a7e650ec1608980999da7a9e60fb9e218e -> pull/496/merge
2026-09-27T15:31:53.0462402Z ##[endgroup]
2026-09-27T15:31:53.0463076Z ##[group]Determining the checkout info
2026-09-27T15:31:53.0464604Z ##[endgroup]
2026-09-27T15:31:53.0475225Z [command]"C:\Program Files\Git\bin\git.exe" sparse-checkout disable
2026-09-27T15:31:53.1019343Z [command]"C:\Program Files\Git\bin\git.exe" config --local --unset-all extensions.worktreeConfig
2026-09-27T15:31:53.1327387Z ##[group]Checking out the ref
2026-09-27T15:31:53.1337300Z [command]"C:\Program Files\Git\bin\git.exe" checkout --progress --force refs/remotes/pull/496/merge
2026-09-27T15:31:53.5827187Z Note: switching to 'refs/remotes/pull/496/merge'.
2026-09-27T15:31:53.5827604Z 
2026-09-27T15:31:53.5827864Z You are in 'detached HEAD' state. You can look around, make experimental
2026-09-27T15:31:53.5828340Z changes and commit them, and you can discard any commits you make in this
2026-09-27T15:31:53.5828793Z state without impacting any branches by switching back to a branch.
2026-09-27T15:31:53.5829061Z 
2026-09-27T15:31:53.5829263Z If you want to create a new branch to retain commits you create, you may
2026-09-27T15:31:53.5829712Z do so (now or later) by using -c with the switch command. Example:
2026-09-27T15:31:53.5829990Z 
2026-09-27T15:31:53.5830086Z   git switch -c <new-branch-name>
2026-09-27T15:31:53.5830399Z 
2026-09-27T15:31:53.5830566Z Or undo this operation with:
2026-09-27T15:31:53.5830895Z 
2026-09-27T15:31:53.5831015Z   git switch -
2026-09-27T15:31:53.5831131Z 
2026-09-27T15:31:53.5831345Z Turn off this advice by setting config variable advice.detachedHead to false
2026-09-27T15:31:53.5831656Z 
2026-09-27T15:31:53.5836738Z HEAD is now at 932537a Merge 2fb26457880690fd9dffae29d62201f5aa09ed04 into 99f3987f235006e9b6f5893ff13c5234359a80b8
2026-09-27T15:31:53.6024770Z ##[endgroup]
2026-09-27T15:31:53.6504536Z [command]"C:\Program Files\Git\bin\git.exe" log -1 --format=%H
2026-09-27T15:31:53.6812188Z 932537a7e650ec1608980999da7a9e60fb9e218e
2026-09-27T15:31:53.7358526Z ##[group]Run actions/setup-dotnet@v6
2026-09-27T15:31:53.7359023Z with:
2026-09-27T15:31:53.7359337Z   global-json-file: shell/global.json
2026-09-27T15:31:53.7359767Z   cache: false
2026-09-27T15:31:53.7360056Z ##[endgroup]
2026-09-27T15:31:54.0163210Z [command]"C:\Program Files\PowerShell\7\pwsh.exe" -NoLogo -Sta -NoProfile -NonInteractive -ExecutionPolicy Unrestricted -Command & 'D:\a\_actions\actions\setup-dotnet\v6\externals\install-dotnet.ps1' -SkipNonVersionedFiles -Runtime dotnet -Channel LTS
2026-09-27T15:31:55.4191377Z dotnet-install: .NET Core Runtime with version '10.0.12' is already installed.
2026-09-27T15:31:55.6083597Z [command]"C:\Program Files\PowerShell\7\pwsh.exe" -NoLogo -Sta -NoProfile -NonInteractive -ExecutionPolicy Unrestricted -Command & 'D:\a\_actions\actions\setup-dotnet\v6\externals\install-dotnet.ps1' -SkipNonVersionedFiles -Version 8.0.425
2026-09-27T15:31:56.3728028Z dotnet-install: .NET Core SDK with version '8.0.425' is already installed.
2026-09-27T15:31:56.4894367Z ##[group]Run actions/setup-go@v7
2026-09-27T15:31:56.4894681Z with:
2026-09-27T15:31:56.4894875Z   go-version-file: app/go.mod
2026-09-27T15:31:56.4895109Z   check-latest: false
2026-09-27T15:31:56.4897838Z   token: ***
2026-09-27T15:31:56.4898020Z   cache: true
2026-09-27T15:31:56.4898181Z env:
2026-09-27T15:31:56.4898355Z   DOTNET_ROOT: C:\Program Files\dotnet
2026-09-27T15:31:56.4898593Z ##[endgroup]
2026-09-27T15:31:56.6487053Z Setup go version spec 1.26.0
2026-09-27T15:31:56.6500069Z Attempting to download 1.26.0...
2026-09-27T15:31:57.1936335Z matching 1.26.0...
2026-09-27T15:31:57.1941910Z Acquiring 1.26.0 from https://github.com/actions/go-versions/releases/download/1.26.0-21889650668/go-1.26.0-win32-x64.zip
2026-09-27T15:31:57.9021256Z Extracting Go...
2026-09-27T15:31:58.0160138Z [command]"C:\Program Files\PowerShell\7\pwsh.exe" -NoLogo -NoProfile -NonInteractive -ExecutionPolicy Unrestricted -Command "$ErrorActionPreference = 'Stop' ; try { Add-Type -AssemblyName System.IO.Compression.ZipFile } catch { } ; try { [System.IO.Compression.ZipFile]::ExtractToDirectory('D:\a\_temp\go-1.26.0-win32-x64.zip', 'D:\a\_temp\cf8ef36b-1404-4baf-ae3b-6c932211e6dc', $true) } catch { if (($_.Exception.GetType().FullName -eq 'System.Management.Automation.MethodException') -or ($_.Exception.GetType().FullName -eq 'System.Management.Automation.RuntimeException') ){ Expand-Archive -LiteralPath 'D:\a\_temp\go-1.26.0-win32-x64.zip' -DestinationPath 'D:\a\_temp\cf8ef36b-1404-4baf-ae3b-6c932211e6dc' -Force } else { throw $_ } } ;"
2026-09-27T15:32:03.4411840Z Successfully extracted go to D:\a\_temp\cf8ef36b-1404-4baf-ae3b-6c932211e6dc
2026-09-27T15:32:03.4412594Z Adding to the cache ...
2026-09-27T15:32:16.1715711Z Created link C:\hostedtoolcache\windows\go\1.26.0\x64 => D:\hostedtoolcache\windows\go\1.26.0\x64
2026-09-27T15:32:16.1720631Z Created link C:\hostedtoolcache\windows\go\1.26.0\x64.complete => D:\hostedtoolcache\windows\go\1.26.0\x64.complete
2026-09-27T15:32:16.1721662Z Successfully cached go to C:\hostedtoolcache\windows\go\1.26.0\x64
2026-09-27T15:32:16.1727148Z Added go to the path
2026-09-27T15:32:16.1728727Z Successfully set up Go version 1.26.0
2026-09-27T15:32:16.5842513Z [command]C:\hostedtoolcache\windows\go\1.26.0\x64\bin\go.exe env GOMODCACHE
2026-09-27T15:32:16.5896587Z [command]C:\hostedtoolcache\windows\go\1.26.0\x64\bin\go.exe env GOCACHE
2026-09-27T15:32:16.6220556Z C:\Users\runneradmin\go\pkg\mod
2026-09-27T15:32:16.6245061Z C:\Users\runneradmin\AppData\Local\go-build
2026-09-27T15:32:16.6283170Z ##[warning]Restore cache failed: Dependencies file is not found in D:\a\wootc\wootc. Supported file pattern: go.mod
2026-09-27T15:32:16.6296574Z go version go1.26.0 windows/amd64
2026-09-27T15:32:16.6296836Z 
2026-09-27T15:32:16.6297115Z ##[group]go env
2026-09-27T15:32:21.7954142Z set AR=ar
2026-09-27T15:32:21.7954861Z set CC=gcc
2026-09-27T15:32:21.7955664Z set CGO_CFLAGS=-O2 -g
2026-09-27T15:32:21.7957370Z set CGO_CPPFLAGS=
2026-09-27T15:32:21.7961249Z set CGO_CXXFLAGS=-O2 -g
2026-09-27T15:32:21.7961764Z set CGO_ENABLED=1
2026-09-27T15:32:21.7962197Z set CGO_FFLAGS=-O2 -g
2026-09-27T15:32:21.7962651Z set CGO_LDFLAGS=-O2 -g
2026-09-27T15:32:21.7963085Z set CXX=g++
2026-09-27T15:32:21.7963442Z set GCCGO=gccgo
2026-09-27T15:32:21.7963811Z set GO111MODULE=
2026-09-27T15:32:21.7964176Z set GOAMD64=v1
2026-09-27T15:32:21.7964546Z set GOARCH=amd64
2026-09-27T15:32:21.7964937Z set GOAUTH=netrc
2026-09-27T15:32:21.7965302Z set GOBIN=
2026-09-27T15:32:21.7965834Z set GOCACHE=C:\Users\runneradmin\AppData\Local\go-build
2026-09-27T15:32:21.7966443Z set GOCACHEPROG=
2026-09-27T15:32:21.7966812Z set GODEBUG=
2026-09-27T15:32:21.7967324Z set GOENV=C:\Users\runneradmin\AppData\Roaming\go\env
2026-09-27T15:32:21.7967897Z set GOEXE=.exe
2026-09-27T15:32:21.7968283Z set GOEXPERIMENT=
2026-09-27T15:32:21.7968685Z set GOFIPS140=off
2026-09-27T15:32:21.7969058Z set GOFLAGS=
2026-09-27T15:32:21.7974296Z set GOGCCFLAGS=-m64 -mthreads -Wl,--no-gc-sections -fmessage-length=0 -ffile-prefix-map=C:\Users\RUNNER~1\AppData\Local\Temp\go-build4065065238=/tmp/go-build -gno-record-gcc-switches
2026-09-27T15:32:21.7975894Z set GOHOSTARCH=amd64
2026-09-27T15:32:21.7976478Z set GOHOSTOS=windows
2026-09-27T15:32:21.7976894Z set GOINSECURE=
2026-09-27T15:32:21.7977274Z set GOMOD=NUL
2026-09-27T15:32:21.7977997Z set GOMODCACHE=C:\Users\runneradmin\go\pkg\mod
2026-09-27T15:32:21.7978551Z set GONOPROXY=
2026-09-27T15:32:21.7978931Z set GONOSUMDB=
2026-09-27T15:32:21.7979295Z set GOOS=windows
2026-09-27T15:32:21.7979748Z set GOPATH=C:\Users\runneradmin\go
2026-09-27T15:32:21.7980341Z set GOPRIVATE=
2026-09-27T15:32:21.7980902Z set GOPROXY=https://proxy.golang.org,direct
2026-09-27T15:32:21.7982267Z set GOROOT=C:\hostedtoolcache\windows\go\1.26.0\x64
2026-09-27T15:32:21.7982830Z set GOSUMDB=sum.golang.org
2026-09-27T15:32:21.7983214Z set GOTELEMETRY=local
2026-09-27T15:32:21.7983778Z set GOTELEMETRYDIR=C:\Users\runneradmin\AppData\Roaming\go\telemetry
2026-09-27T15:32:21.7984361Z set GOTMPDIR=
2026-09-27T15:32:21.7984667Z set GOTOOLCHAIN=local
2026-09-27T15:32:21.7985273Z set GOTOOLDIR=C:\hostedtoolcache\windows\go\1.26.0\x64\pkg\tool\windows_amd64
2026-09-27T15:32:21.7985905Z set GOVCS=
2026-09-27T15:32:21.7986205Z set GOVERSION=go1.26.0
2026-09-27T15:32:21.7986517Z set GOWORK=
2026-09-27T15:32:21.7986826Z set PKG_CONFIG=pkg-config
2026-09-27T15:32:21.7987051Z 
2026-09-27T15:32:21.7987815Z ##[endgroup]
2026-09-27T15:32:21.8356087Z ##[group]Run dotnet publish shell/Wootc.Shell/Wootc.Shell.csproj --configuration Release --runtime win-x64 -p:Platform=x64 -p:NativeBuildId=932537a7e650ec1608980999da7a9e60fb9e218e -p:NativeBrandId=tunaos --output out/branded-preview
2026-09-27T15:32:21.8357931Z [36;1mdotnet publish shell/Wootc.Shell/Wootc.Shell.csproj --configuration Release --runtime win-x64 -p:Platform=x64 -p:NativeBuildId=932537a7e650ec1608980999da7a9e60fb9e218e -p:NativeBrandId=tunaos --output out/branded-preview[0m
2026-09-27T15:32:21.8358998Z [36;1mif ($LASTEXITCODE -ne 0) { throw 'Branded native publish refused' }[0m
2026-09-27T15:32:21.8359497Z [36;1mNew-Item -ItemType Directory -Force app/frontend/dist | Out-Null[0m
2026-09-27T15:32:21.8360075Z [36;1mSet-Content app/frontend/dist/index.html '<!doctype html><title>Native engine preview</title>'[0m
2026-09-27T15:32:21.8360556Z [36;1mPush-Location app[0m
2026-09-27T15:32:21.8361359Z [36;1mtry { go build -ldflags "-X main.nativeBuildID=932537a7e650ec1608980999da7a9e60fb9e218e -X main.brandID=tunaos" -o ../out/branded-preview/wootc-engine.exe . } finally { Pop-Location }[0m
2026-09-27T15:32:21.8362256Z [36;1mif ($LASTEXITCODE -ne 0) { throw 'Branded engine build refused' }[0m
2026-09-27T15:32:21.8692749Z shell: C:\Program Files\PowerShell\7\pwsh.EXE -command ". '{0}'"
2026-09-27T15:32:21.8693115Z env:
2026-09-27T15:32:21.8693312Z   DOTNET_ROOT: C:\Program Files\dotnet
2026-09-27T15:32:21.8693567Z   GOTOOLCHAIN: local
2026-09-27T15:32:21.8693757Z ##[endgroup]
2026-09-27T15:32:34.7436270Z   Determining projects to restore...
2026-09-27T15:32:37.2044675Z   Restored D:\a\wootc\wootc\shell\Wootc.Shell.Core\Wootc.Shell.Core.csproj (in 66 ms).
2026-09-27T15:32:44.1283878Z   Restored D:\a\wootc\wootc\shell\Wootc.Shell.Native\Wootc.Shell.Native.csproj (in 7.4 sec).
2026-09-27T15:33:07.1309144Z   Restored D:\a\wootc\wootc\shell\Wootc.Shell\Wootc.Shell.csproj (in 30.4 sec).
2026-09-27T15:33:17.1014866Z   Wootc.Shell.Core -> D:\a\wootc\wootc\shell\Wootc.Shell.Core\bin\x64\Release\net8.0\Wootc.Shell.Core.dll
2026-09-27T15:33:18.5452811Z   Wootc.Shell.Native -> D:\a\wootc\wootc\shell\Wootc.Shell.Native\bin\x64\Release\net8.0-windows10.0.19041.0\Wootc.Shell.Native.dll
2026-09-27T15:33:32.1307792Z   Wootc.Shell -> D:\a\wootc\wootc\shell\Wootc.Shell\bin\x64\Release\net8.0-windows10.0.19041.0\win-x64\Wootc.Shell.dll
2026-09-27T15:33:34.6623127Z   Wootc.Shell -> D:\a\wootc\wootc\out\branded-preview\
2026-09-27T15:33:35.1349277Z go: downloading github.com/tredoe/osutil v1.5.0
2026-09-27T15:33:35.1350045Z go: downloading github.com/wailsapp/wails/v2 v2.16.0
2026-09-27T15:33:37.3575034Z go: downloading golang.org/x/sys v0.48.0
2026-09-27T15:33:37.3575776Z go: downloading golang.org/x/crypto v0.57.0
2026-09-27T15:33:37.3577097Z go: downloading golang.org/x/mod v0.41.0
2026-09-27T15:33:39.0863001Z go: downloading github.com/leaanthony/u v1.1.1
2026-09-27T15:33:39.0881680Z go: downloading github.com/leaanthony/slicer v1.6.0
2026-09-27T15:33:39.1853052Z go: downloading github.com/leaanthony/go-ansi-parser v1.6.1
2026-09-27T15:33:39.1860034Z go: downloading github.com/pkg/errors v0.9.1
2026-09-27T15:33:39.1938981Z go: downloading github.com/wailsapp/go-webview2 v1.0.22
2026-09-27T15:33:39.2359832Z go: downloading github.com/rivo/uniseg v0.4.7
2026-09-27T15:34:02.0835722Z ##[group]Run ./shell/packaging/test-installed-preview.ps1 -BrandId 'tunaos' -BuildId '932537a7e650ec1608980999da7a9e60fb9e218e' -PackageDirectory out/branded-preview -OutputDirectory out/preview-installer
2026-09-27T15:34:02.0837299Z [36;1m./shell/packaging/test-installed-preview.ps1 -BrandId 'tunaos' -BuildId '932537a7e650ec1608980999da7a9e60fb9e218e' -PackageDirectory out/branded-preview -OutputDirectory out/preview-installer[0m
2026-09-27T15:34:02.0912429Z shell: C:\Program Files\PowerShell\7\pwsh.EXE -command ". '{0}'"
2026-09-27T15:34:02.0912792Z env:
2026-09-27T15:34:02.0913038Z   DOTNET_ROOT: C:\Program Files\dotnet
2026-09-27T15:34:02.0913309Z   GOTOOLCHAIN: local
2026-09-27T15:34:02.0914421Z ##[endgroup]
2026-09-27T15:34:03.0637337Z PASS actual root-reparse mutant accepts unsafe path; exact source restored and refuses it
2026-09-27T15:34:03.1089990Z PASS actual manifest writer, exclusive preservation, missing resources, wrong brand, root/child reparse refusals
2026-09-27T15:34:04.9646063Z PASS actual uninstaller observation: retained timeout, changed identity, directory, missing, later removal
2026-09-27T15:34:08.6879431Z Inno Setup 7 Command-Line Compiler
2026-09-27T15:34:08.6880198Z Copyright (C) 1997-2026 Jordan Russell. All rights reserved.
2026-09-27T15:34:08.6881037Z Portions Copyright (C) 2000-2026 Martijn Laan. All rights reserved.
2026-09-27T15:34:08.6881939Z Portions Copyright (C) 2001-2004 Alex Yackimoff. All rights reserved.
2026-09-27T15:34:08.6882653Z https://www.innosetup.com
2026-09-27T15:34:08.6882920Z 
2026-09-27T15:34:08.7174460Z Compiler engine version: Inno Setup 7.1.0
2026-09-27T15:34:08.7175004Z Non-commercial use only
2026-09-27T15:34:08.7415124Z 
2026-09-27T15:34:08.7415510Z Preprocessing
2026-09-27T15:34:08.7418876Z    Reading file: C:\Users\RUNNER~1\AppData\Local\Temp\wootc-preview-packaging-9aab783d040d45af958f4d8c367282a9\compiler\ISPPBuiltins.iss
2026-09-27T15:34:08.7428682Z Parsing [Setup] section, line 21
2026-09-27T15:34:08.7429222Z Parsing [Setup] section, line 22
2026-09-27T15:34:08.7429682Z Parsing [Setup] section, line 23
2026-09-27T15:34:08.7430157Z Parsing [Setup] section, line 24
2026-09-27T15:34:08.7439219Z Parsing [Setup] section, line 25
2026-09-27T15:34:08.7455604Z Parsing [Setup] section, line 26
2026-09-27T15:34:08.7456429Z Parsing [Setup] section, line 27
2026-09-27T15:34:08.7457248Z Parsing [Setup] section, line 28
2026-09-27T15:34:08.7457735Z Parsing [Setup] section, line 29
2026-09-27T15:34:08.7458182Z Parsing [Setup] section, line 30
2026-09-27T15:34:08.7458601Z Parsing [Setup] section, line 31
2026-09-27T15:34:08.7459040Z Parsing [Setup] section, line 32
2026-09-27T15:34:08.7459351Z Parsing [Setup] section, line 33
2026-09-27T15:34:08.7459607Z Parsing [Setup] section, line 34
2026-09-27T15:34:08.7459876Z Parsing [Setup] section, line 35
2026-09-27T15:34:08.7460128Z Parsing [Setup] section, line 36
2026-09-27T15:34:08.7460375Z Parsing [Setup] section, line 37
2026-09-27T15:34:08.7460632Z Parsing [Setup] section, line 38
2026-09-27T15:34:08.7460896Z Parsing [Setup] section, line 39
2026-09-27T15:34:08.7461169Z Reading file (WizardImageFile)
2026-09-27T15:34:08.7461447Z Reading file (WizardSmallImageFile)
2026-09-27T15:34:08.7461740Z Preparing Setup program executable
2026-09-27T15:34:08.7911055Z    Verification successful
2026-09-27T15:34:08.7939938Z    Updating icons (Setup.e32)
2026-09-27T15:34:08.8049128Z    Updating version info (Setup.e32)
2026-09-27T15:34:08.8063900Z Determining language code pages
2026-09-27T15:34:08.8065235Z    Reading file: C:\Users\RUNNER~1\AppData\Local\Temp\wootc-preview-packaging-9aab783d040d45af958f4d8c367282a9\compiler\Default.isl
2026-09-27T15:34:08.8070094Z    Messages in script file
2026-09-27T15:34:08.8070535Z Reading default messages from Default.isl
2026-09-27T15:34:08.8076792Z Parsing [LangOptions], [Messages], and [CustomMessages] sections
2026-09-27T15:34:08.8080580Z    Reading file: C:\Users\RUNNER~1\AppData\Local\Temp\wootc-preview-packaging-9aab783d040d45af958f4d8c367282a9\compiler\Default.isl
2026-09-27T15:34:08.8081509Z    Messages in script file
2026-09-27T15:34:08.8081904Z Reading [Code] section
2026-09-27T15:34:08.8082298Z Parsing [Icons] section, line 45
2026-09-27T15:34:08.8082584Z Parsing [Files] section, line 42
2026-09-27T15:34:08.8178087Z Compiling [Code] section
2026-09-27T15:34:08.8273301Z Creating setup files
2026-09-27T15:34:08.8396293Z    Verification successful
2026-09-27T15:34:08.8407490Z    Updating icons (Setup.exe)
2026-09-27T15:34:08.8438650Z    Compressing: \\?\D:\a\wootc\wootc\out\branded-preview\clretwrc.dll
2026-09-27T15:34:08.8508650Z    Compressing: \\?\D:\a\wootc\wootc\out\branded-preview\clrgc.dll
2026-09-27T15:34:08.8601132Z    Compressing: \\?\D:\a\wootc\wootc\out\branded-preview\clrjit.dll
2026-09-27T15:34:08.8832384Z    Compressing: \\?\D:\a\wootc\wootc\out\branded-preview\coreclr.dll
2026-09-27T15:34:08.9489457Z    Compressing: \\?\D:\a\wootc\wootc\out\branded-preview\CoreMessagingXP.dll
2026-09-27T15:34:08.9629571Z    Compressing: \\?\D:\a\wootc\wootc\out\branded-preview\createdump.exe
2026-09-27T15:34:08.9640737Z    Compressing: \\?\D:\a\wootc\wootc\out\branded-preview\dcompi.dll
2026-09-27T15:34:09.0057567Z    Compressing: \\?\D:\a\wootc\wootc\out\branded-preview\DirectML.dll
2026-09-27T15:34:13.6486793Z    Compressing: \\?\D:\a\wootc\wootc\out\branded-preview\dwmcorei.dll
2026-09-27T15:34:13.6763047Z    Compressing: \\?\D:\a\wootc\wootc\out\branded-preview\DwmSceneI.dll
2026-09-27T15:34:14.4687904Z    Compressing: \\?\D:\a\wootc\wootc\out\branded-preview\DWriteCore.dll
2026-09-27T15:34:14.5160971Z    Compressing: \\?\D:\a\wootc\wootc\out\branded-preview\hostfxr.dll
2026-09-27T15:34:14.5207351Z    Compressing: \\?\D:\a\wootc\wootc\out\branded-preview\hostpolicy.dll
2026-09-27T15:34:14.5245911Z    Compressing: \\?\D:\a\wootc\wootc\out\branded-preview\marshal.dll
2026-09-27T15:34:14.5312061Z    Compressing: \\?\D:\a\wootc\wootc\out\branded-preview\Microsoft.Asg.SemanticIndex.AiFabric.Compatibility.dll
2026-09-27T15:34:15.4845398Z    Compressing: \\?\D:\a\wootc\wootc\out\branded-preview\Microsoft.CSharp.dll
2026-09-27T15:34:15.4975581Z    Compressing: \\?\D:\a\wootc\wootc\out\branded-preview\Microsoft.DiaSymReader.Native.amd64.dll
2026-09-27T15:34:16.5537275Z    Compressing: \\?\D:\a\wootc\wootc\out\branded-preview\Microsoft.DirectManipulation.dll
2026-09-27T15:34:16.5600379Z    Compressing: \\?\D:\a\wootc\wootc\out\branded-preview\Microsoft.Foundation.winmd
2026-09-27T15:34:16.5602308Z    Compressing: \\?\D:\a\wootc\wootc\out\branded-preview\Microsoft.Graphics.Display.dll
2026-09-27T15:34:16.5625248Z    Compressing: \\?\D:\a\wootc\wootc\out\branded-preview\Microsoft.Graphics.Imaging.dll
2026-09-27T15:34:16.5638731Z    Compressing: \\?\D:\a\wootc\wootc\out\branded-preview\Microsoft.Graphics.Imaging.Projection.dll
2026-09-27T15:34:16.5642006Z    Compressing: \\?\D:\a\wootc\wootc\out\branded-preview\Microsoft.Graphics.Imaging.winmd
2026-09-27T15:34:16.5644612Z    Compressing: \\?\D:\a\wootc\wootc\out\branded-preview\Microsoft.Graphics.ImagingInternal.ImageObjectRemover.winmd
2026-09-27T15:34:16.5646457Z    Compressing: \\?\D:\a\wootc\wootc\out\branded-preview\Microsoft.Graphics.ImagingInternal.winmd
2026-09-27T15:34:16.5648913Z    Compressing: \\?\D:\a\wootc\wootc\out\branded-preview\Microsoft.Graphics.Internal.Imaging.winmd
2026-09-27T15:34:16.5651395Z    Compressing: \\?\D:\a\wootc\wootc\out\branded-preview\Microsoft.Graphics.winmd
2026-09-27T15:34:16.5654104Z    Compressing: \\?\D:\a\wootc\wootc\out\branded-preview\Microsoft.InputStateManager.dll
2026-09-27T15:34:16.5697841Z    Compressing: \\?\D:\a\wootc\wootc\out\branded-preview\Microsoft.InteractiveExperiences.Projection.dll
2026-09-27T15:34:17.6234018Z    Compressing: \\?\D:\a\wootc\wootc\out\branded-preview\Microsoft.Internal.FrameworkUdk.dll
2026-09-27T15:34:17.6369830Z    Compressing: \\?\D:\a\wootc\wootc\out\branded-preview\Microsoft.ML.OnnxRuntime.dll
2026-09-27T15:34:17.6408220Z    Compressing: \\?\D:\a\wootc\wootc\out\branded-preview\Microsoft.Security.Authentication.OAuth.Projection.dll
2026-09-27T15:34:17.6419698Z    Compressing: \\?\D:\a\wootc\wootc\out\branded-preview\Microsoft.Security.Authentication.OAuth.winmd
2026-09-27T15:34:17.6424303Z    Compressing: \\?\D:\a\wootc\wootc\out\branded-preview\Microsoft.UI.Composition.OSSupport.dll
2026-09-27T15:34:17.6435548Z    Compressing: \\?\D:\a\wootc\wootc\out\branded-preview\Microsoft.UI.Designer.dll
2026-09-27T15:34:17.6454867Z    Compressing: \\?\D:\a\wootc\wootc\out\branded-preview\Microsoft.UI.dll
2026-09-27T15:34:17.6476103Z    Compressing: \\?\D:\a\wootc\wootc\out\branded-preview\Microsoft.UI.Input.dll
2026-09-27T15:34:17.6628805Z    Compressing: \\?\D:\a\wootc\wootc\out\branded-preview\Microsoft.UI.pri
2026-09-27T15:34:17.6638490Z    Compressing: \\?\D:\a\wootc\wootc\out\branded-preview\Microsoft.UI.Text.winmd
2026-09-27T15:34:17.6642939Z    Compressing: \\?\D:\a\wootc\wootc\out\branded-preview\Microsoft.UI.Windowing.Core.dll
2026-09-27T15:34:17.6694728Z    Compressing: \\?\D:\a\wootc\wootc\out\branded-preview\Microsoft.UI.Windowing.dll
2026-09-27T15:34:17.6786428Z    Compressing: \\?\D:\a\wootc\wootc\out\branded-preview\Microsoft.UI.winmd
2026-09-27T15:34:18.5087699Z    Compressing: \\?\D:\a\wootc\wootc\out\branded-preview\Microsoft.UI.Xaml.Controls.dll
2026-09-27T15:34:19.6126184Z    Compressing: \\?\D:\a\wootc\wootc\out\branded-preview\Microsoft.UI.Xaml.Controls.pri
2026-09-27T15:34:19.6338550Z    Compressing: \\?\D:\a\wootc\wootc\out\branded-preview\Microsoft.ui.xaml.dll
2026-09-27T15:34:22.9914396Z    Compressing: \\?\D:\a\wootc\wootc\out\branded-preview\Microsoft.UI.Xaml.Internal.dll
2026-09-27T15:34:23.9856842Z    Compressing: \\?\D:\a\wootc\wootc\out\branded-preview\Microsoft.UI.Xaml.Phone.dll
2026-09-27T15:34:23.9965082Z    Compressing: \\?\D:\a\wootc\wootc\out\branded-preview\Microsoft.ui.xaml.resources.19h1.dll
2026-09-27T15:34:24.0136413Z    Compressing: \\?\D:\a\wootc\wootc\out\branded-preview\Microsoft.ui.xaml.resources.common.dll
2026-09-27T15:34:24.0142905Z    Compressing: \\?\D:\a\wootc\wootc\out\branded-preview\Microsoft.UI.Xaml.winmd
2026-09-27T15:34:24.0304602Z    Compressing: \\?\D:\a\wootc\wootc\out\branded-preview\Microsoft.VisualBasic.Core.dll
2026-09-27T15:34:24.7765812Z    Compressing: \\?\D:\a\wootc\wootc\out\branded-preview\Microsoft.VisualBasic.dll
2026-09-27T15:34:24.7768838Z    Compressing: \\?\D:\a\wootc\wootc\out\branded-preview\Microsoft.Web.WebView2.Core.dll
2026-09-27T15:34:24.7876063Z    Compressing: \\?\D:\a\wootc\wootc\out\branded-preview\Microsoft.Web.WebView2.Core.Projection.dll
2026-09-27T15:34:24.7952512Z    Compressing: \\?\D:\a\wootc\wootc\out\branded-preview\Microsoft.Win32.Primitives.dll
2026-09-27T15:34:24.7955159Z    Compressing: \\?\D:\a\wootc\wootc\out\branded-preview\Microsoft.Win32.Registry.dll
2026-09-27T15:34:24.7968377Z    Compressing: \\?\D:\a\wootc\wootc\out\branded-preview\Microsoft.Windows.AI.AICapabilities.dll
2026-09-27T15:34:24.7979388Z    Compressing: \\?\D:\a\wootc\wootc\out\branded-preview\Microsoft.Windows.AI.ContentModerationInternal.winmd
2026-09-27T15:34:24.7981070Z    Compressing: \\?\D:\a\wootc\wootc\out\branded-preview\Microsoft.Windows.AI.ContentSafety.dll
2026-09-27T15:34:24.7991772Z    Compressing: \\?\D:\a\wootc\wootc\out\branded-preview\Microsoft.Windows.AI.ContentSafety.Projection.dll
2026-09-27T15:34:24.7995723Z    Compressing: \\?\D:\a\wootc\wootc\out\branded-preview\Microsoft.Windows.AI.ContentSafety.winmd
2026-09-27T15:34:24.7997970Z    Compressing: \\?\D:\a\wootc\wootc\out\branded-preview\Microsoft.Windows.AI.Foundation.Projection.dll
2026-09-27T15:34:24.8000986Z    Compressing: \\?\D:\a\wootc\wootc\out\branded-preview\Microsoft.Windows.AI.Foundation.winmd
2026-09-27T15:34:24.8002813Z    Compressing: \\?\D:\a\wootc\wootc\out\branded-preview\Microsoft.Windows.AI.FoundationInternal.winmd
2026-09-27T15:34:24.8004399Z    Compressing: \\?\D:\a\wootc\wootc\out\branded-preview\Microsoft.Windows.AI.GenerativeInternal.winmd
2026-09-27T15:34:24.8007767Z    Compressing: \\?\D:\a\wootc\wootc\out\branded-preview\Microsoft.Windows.AI.Imaging.dll
2026-09-27T15:34:24.8101007Z    Compressing: \\?\D:\a\wootc\wootc\out\branded-preview\Microsoft.Windows.AI.Imaging.Projection.dll
2026-09-27T15:34:24.8116328Z    Compressing: \\?\D:\a\wootc\wootc\out\branded-preview\Microsoft.Windows.AI.Imaging.winmd
2026-09-27T15:34:24.8119164Z    Compressing: \\?\D:\a\wootc\wootc\out\branded-preview\Microsoft.Windows.AI.MachineLearning.dll
2026-09-27T15:34:24.8221832Z    Compressing: \\?\D:\a\wootc\wootc\out\branded-preview\Microsoft.Windows.AI.MachineLearning.Projection.dll
2026-09-27T15:34:24.8236081Z    Compressing: \\?\D:\a\wootc\wootc\out\branded-preview\Microsoft.Windows.AI.Projection.dll
2026-09-27T15:34:24.8241173Z    Compressing: \\?\D:\a\wootc\wootc\out\branded-preview\Microsoft.Windows.AI.Search.Experimental.dll
2026-09-27T15:34:25.5393009Z    Compressing: \\?\D:\a\wootc\wootc\out\branded-preview\Microsoft.Windows.AI.Text.dll
2026-09-27T15:34:25.5490983Z    Compressing: \\?\D:\a\wootc\wootc\out\branded-preview\Microsoft.Windows.AI.Text.Projection.dll
2026-09-27T15:34:25.5505091Z    Compressing: \\?\D:\a\wootc\wootc\out\branded-preview\Microsoft.Windows.AI.Text.winmd
2026-09-27T15:34:25.5517400Z    Compressing: \\?\D:\a\wootc\wootc\out\branded-preview\Microsoft.Windows.AI.Video.dll
2026-09-27T15:34:25.5582834Z    Compressing: \\?\D:\a\wootc\wootc\out\branded-preview\Microsoft.Windows.AI.Video.Projection.dll
2026-09-27T15:34:25.5590355Z    Compressing: \\?\D:\a\wootc\wootc\out\branded-preview\Microsoft.Windows.AI.Video.winmd
2026-09-27T15:34:25.5595722Z    Compressing: \\?\D:\a\wootc\wootc\out\branded-preview\Microsoft.Windows.AI.winmd
2026-09-27T15:34:25.5597165Z    Compressing: \\?\D:\a\wootc\wootc\out\branded-preview\Microsoft.Windows.ApplicationModel.Background.Projection.dll
2026-09-27T15:34:25.5601276Z    Compressing: \\?\D:\a\wootc\wootc\out\branded-preview\Microsoft.Windows.ApplicationModel.Background.UniversalBGTask.dll
2026-09-27T15:34:25.5612369Z    Compressing: \\?\D:\a\wootc\wootc\out\branded-preview\Microsoft.Windows.ApplicationModel.Background.UniversalBGTask.winmd
2026-09-27T15:34:25.5614833Z    Compressing: \\?\D:\a\wootc\wootc\out\branded-preview\Microsoft.Windows.ApplicationModel.Background.winmd
2026-09-27T15:34:25.5617472Z    Compressing: \\?\D:\a\wootc\wootc\out\branded-preview\Microsoft.Windows.ApplicationModel.DynamicDependency.Projection.dll
2026-09-27T15:34:25.5624300Z    Compressing: \\?\D:\a\wootc\wootc\out\branded-preview\Microsoft.Windows.ApplicationModel.DynamicDependency.winmd
2026-09-27T15:34:25.5627119Z    Compressing: \\?\D:\a\wootc\wootc\out\branded-preview\Microsoft.Windows.ApplicationModel.Resources.dll
2026-09-27T15:34:25.5651437Z    Compressing: \\?\D:\a\wootc\wootc\out\branded-preview\Microsoft.Windows.ApplicationModel.Resources.Projection.dll
2026-09-27T15:34:25.5661218Z    Compressing: \\?\D:\a\wootc\wootc\out\branded-preview\Microsoft.Windows.ApplicationModel.Resources.winmd
2026-09-27T15:34:25.5665372Z    Compressing: \\?\D:\a\wootc\wootc\out\branded-preview\Microsoft.Windows.ApplicationModel.WindowsAppRuntime.Projection.dll
2026-09-27T15:34:25.5673401Z    Compressing: \\?\D:\a\wootc\wootc\out\branded-preview\Microsoft.Windows.ApplicationModel.WindowsAppRuntime.winmd
2026-09-27T15:34:25.5677563Z    Compressing: \\?\D:\a\wootc\wootc\out\branded-preview\Microsoft.Windows.AppLifecycle.Projection.dll
2026-09-27T15:34:25.5683511Z    Compressing: \\?\D:\a\wootc\wootc\out\branded-preview\Microsoft.Windows.AppLifecycle.winmd
2026-09-27T15:34:25.5686046Z    Compressing: \\?\D:\a\wootc\wootc\out\branded-preview\Microsoft.Windows.AppNotifications.Builder.Projection.dll
2026-09-27T15:34:25.5693137Z    Compressing: \\?\D:\a\wootc\wootc\out\branded-preview\Microsoft.Windows.AppNotifications.Builder.winmd
2026-09-27T15:34:25.5696289Z    Compressing: \\?\D:\a\wootc\wootc\out\branded-preview\Microsoft.Windows.AppNotifications.Projection.dll
2026-09-27T15:34:25.5703385Z    Compressing: \\?\D:\a\wootc\wootc\out\branded-preview\Microsoft.Windows.AppNotifications.winmd
2026-09-27T15:34:25.5705787Z    Compressing: \\?\D:\a\wootc\wootc\out\branded-preview\Microsoft.Windows.BadgeNotifications.Projection.dll
2026-09-27T15:34:25.5709051Z    Compressing: \\?\D:\a\wootc\wootc\out\branded-preview\Microsoft.Windows.BadgeNotifications.winmd
2026-09-27T15:34:25.5711068Z    Compressing: \\?\D:\a\wootc\wootc\out\branded-preview\Microsoft.Windows.Foundation.Projection.dll
2026-09-27T15:34:25.5714576Z    Compressing: \\?\D:\a\wootc\wootc\out\branded-preview\Microsoft.Windows.Foundation.winmd
2026-09-27T15:34:25.5716997Z    Compressing: \\?\D:\a\wootc\wootc\out\branded-preview\Microsoft.Windows.Globalization.winmd
2026-09-27T15:34:25.5719308Z    Compressing: \\?\D:\a\wootc\wootc\out\branded-preview\Microsoft.Windows.ImageCreationInternal.winmd
2026-09-27T15:34:25.5722488Z    Compressing: \\?\D:\a\wootc\wootc\out\branded-preview\Microsoft.Windows.Internal.AI.ContentModeration.winmd
2026-09-27T15:34:25.5725302Z    Compressing: \\?\D:\a\wootc\wootc\out\branded-preview\Microsoft.Windows.Internal.AI.Generative.winmd
2026-09-27T15:34:25.5728583Z    Compressing: \\?\D:\a\wootc\wootc\out\branded-preview\Microsoft.Windows.Internal.ImageCreation.winmd
2026-09-27T15:34:25.5730736Z    Compressing: \\?\D:\a\wootc\wootc\out\branded-preview\Microsoft.Windows.Internal.SemanticSearch.winmd
2026-09-27T15:34:25.5733202Z    Compressing: \\?\D:\a\wootc\wootc\out\branded-preview\Microsoft.Windows.Internal.Vision.winmd
2026-09-27T15:34:25.5735531Z    Compressing: \\?\D:\a\wootc\wootc\out\branded-preview\Microsoft.Windows.Management.Deployment.Projection.dll
2026-09-27T15:34:25.5752681Z    Compressing: \\?\D:\a\wootc\wootc\out\branded-preview\Microsoft.Windows.Management.Deployment.winmd
2026-09-27T15:34:25.5757357Z    Compressing: \\?\D:\a\wootc\wootc\out\branded-preview\Microsoft.Windows.Media.Capture.Projection.dll
2026-09-27T15:34:25.5763002Z    Compressing: \\?\D:\a\wootc\wootc\out\branded-preview\Microsoft.Windows.Media.Capture.winmd
2026-09-27T15:34:25.5765797Z    Compressing: \\?\D:\a\wootc\wootc\out\branded-preview\Microsoft.Windows.Private.Workloads.SessionManager.winmd
2026-09-27T15:34:25.5767702Z    Compressing: \\?\D:\a\wootc\wootc\out\branded-preview\Microsoft.Windows.PrivateCommon.winmd
2026-09-27T15:34:25.5770292Z    Compressing: \\?\D:\a\wootc\wootc\out\branded-preview\Microsoft.Windows.PushNotifications.Projection.dll
2026-09-27T15:34:25.5775217Z    Compressing: \\?\D:\a\wootc\wootc\out\branded-preview\Microsoft.Windows.PushNotifications.winmd
2026-09-27T15:34:25.5777393Z    Compressing: \\?\D:\a\wootc\wootc\out\branded-preview\Microsoft.Windows.SDK.NET.dll
2026-09-27T15:34:29.7029254Z    Compressing: \\?\D:\a\wootc\wootc\out\branded-preview\Microsoft.Windows.Search.dll
2026-09-27T15:34:30.4519211Z    Compressing: \\?\D:\a\wootc\wootc\out\branded-preview\Microsoft.Windows.Search.Projection.dll
2026-09-27T15:34:30.4538395Z    Compressing: \\?\D:\a\wootc\wootc\out\branded-preview\Microsoft.Windows.Search.winmd
2026-09-27T15:34:30.4543737Z    Compressing: \\?\D:\a\wootc\wootc\out\branded-preview\Microsoft.Windows.Security.AccessControl.Projection.dll
2026-09-27T15:34:30.4547590Z    Compressing: \\?\D:\a\wootc\wootc\out\branded-preview\Microsoft.Windows.Security.AccessControl.winmd
2026-09-27T15:34:30.4550103Z    Compressing: \\?\D:\a\wootc\wootc\out\branded-preview\Microsoft.Windows.SemanticSearch.winmd
2026-09-27T15:34:30.4553197Z    Compressing: \\?\D:\a\wootc\wootc\out\branded-preview\Microsoft.Windows.SemanticSearchInternal.winmd
2026-09-27T15:34:30.4557337Z    Compressing: \\?\D:\a\wootc\wootc\out\branded-preview\Microsoft.Windows.Storage.Pickers.Projection.dll
2026-09-27T15:34:30.4564728Z    Compressing: \\?\D:\a\wootc\wootc\out\branded-preview\Microsoft.Windows.Storage.Pickers.winmd
2026-09-27T15:34:30.4567740Z    Compressing: \\?\D:\a\wootc\wootc\out\branded-preview\Microsoft.Windows.Storage.Projection.dll
2026-09-27T15:34:30.4572659Z    Compressing: \\?\D:\a\wootc\wootc\out\branded-preview\Microsoft.Windows.Storage.winmd
2026-09-27T15:34:30.4577047Z    Compressing: \\?\D:\a\wootc\wootc\out\branded-preview\Microsoft.Windows.System.Power.Projection.dll
2026-09-27T15:34:30.4580074Z    Compressing: \\?\D:\a\wootc\wootc\out\branded-preview\Microsoft.Windows.System.Power.winmd
2026-09-27T15:34:30.4582850Z    Compressing: \\?\D:\a\wootc\wootc\out\branded-preview\Microsoft.Windows.System.Projection.dll
2026-09-27T15:34:30.4586112Z    Compressing: \\?\D:\a\wootc\wootc\out\branded-preview\Microsoft.Windows.System.winmd
2026-09-27T15:34:30.4588399Z    Compressing: \\?\D:\a\wootc\wootc\out\branded-preview\Microsoft.Windows.Vision.winmd
2026-09-27T15:34:30.4590365Z    Compressing: \\?\D:\a\wootc\wootc\out\branded-preview\Microsoft.Windows.VisionInternal.winmd
2026-09-27T15:34:30.4592779Z    Compressing: \\?\D:\a\wootc\wootc\out\branded-preview\Microsoft.Windows.Widgets.dll
2026-09-27T15:34:30.4836807Z    Compressing: \\?\D:\a\wootc\wootc\out\branded-preview\Microsoft.Windows.Widgets.Projection.dll
2026-09-27T15:34:31.2483764Z    Compressing: \\?\D:\a\wootc\wootc\out\branded-preview\Microsoft.Windows.Widgets.winmd
2026-09-27T15:34:31.2485317Z    Compressing: \\?\D:\a\wootc\wootc\out\branded-preview\Microsoft.Windows.Workloads.dll
2026-09-27T15:34:31.2538884Z    Compressing: \\?\D:\a\wootc\wootc\out\branded-preview\Microsoft.Windows.Workloads.pri
2026-09-27T15:34:31.2540785Z    Compressing: \\?\D:\a\wootc\wootc\out\branded-preview\Microsoft.Windows.Workloads.Resources.dll
2026-09-27T15:34:31.2579224Z    Compressing: \\?\D:\a\wootc\wootc\out\branded-preview\Microsoft.Windows.Workloads.Resources_ec.dll
2026-09-27T15:34:31.2587974Z    Compressing: \\?\D:\a\wootc\wootc\out\branded-preview\Microsoft.Windows.Workloads.winmd
2026-09-27T15:34:31.2590571Z    Compressing: \\?\D:\a\wootc\wootc\out\branded-preview\Microsoft.WindowsAppRuntime.Bootstrap.dll
2026-09-27T15:34:31.2629839Z    Compressing: \\?\D:\a\wootc\wootc\out\branded-preview\Microsoft.WindowsAppRuntime.Bootstrap.Net.dll
2026-09-27T15:34:31.2633157Z    Compressing: \\?\D:\a\wootc\wootc\out\branded-preview\Microsoft.WindowsAppRuntime.dll
2026-09-27T15:34:31.2965000Z    Compressing: \\?\D:\a\wootc\wootc\out\branded-preview\Microsoft.WindowsAppRuntime.pri
2026-09-27T15:34:31.2966063Z    Compressing: \\?\D:\a\wootc\wootc\out\branded-preview\Microsoft.WinUI.dll
2026-09-27T15:34:32.8828998Z    Compressing: \\?\D:\a\wootc\wootc\out\branded-preview\MRM.dll
2026-09-27T15:34:32.8858713Z    Compressing: \\?\D:\a\wootc\wootc\out\branded-preview\mscordaccore.dll
2026-09-27T15:34:32.9008905Z    Compressing: \\?\D:\a\wootc\wootc\out\branded-preview\mscordaccore_amd64_amd64_8.0.3126.42015.dll
2026-09-27T15:34:32.9165794Z    Compressing: \\?\D:\a\wootc\wootc\out\branded-preview\mscordbi.dll
2026-09-27T15:34:33.6028346Z    Compressing: \\?\D:\a\wootc\wootc\out\branded-preview\mscorlib.dll
2026-09-27T15:34:33.6038075Z    Compressing: \\?\D:\a\wootc\wootc\out\branded-preview\mscorrc.dll
2026-09-27T15:34:33.6058198Z    Compressing: \\?\D:\a\wootc\wootc\out\branded-preview\msquic.dll
2026-09-27T15:34:33.6137425Z    Compressing: \\?\D:\a\wootc\wootc\out\branded-preview\native-package.json
2026-09-27T15:34:33.6144676Z    Compressing: \\?\D:\a\wootc\wootc\out\branded-preview\netstandard.dll
2026-09-27T15:34:33.6160293Z    Compressing: \\?\D:\a\wootc\wootc\out\branded-preview\NPUDetect.dll
2026-09-27T15:34:33.6202497Z    Compressing: \\?\D:\a\wootc\wootc\out\branded-preview\onnxruntime.dll
2026-09-27T15:34:38.4518080Z    Compressing: \\?\D:\a\wootc\wootc\out\branded-preview\PerceptiveStreaming.dll
2026-09-27T15:34:39.1455924Z    Compressing: \\?\D:\a\wootc\wootc\out\branded-preview\PushNotificationsLongRunningTask.ProxyStub.dll
2026-09-27T15:34:39.1461215Z    Compressing: \\?\D:\a\wootc\wootc\out\branded-preview\RestartAgent.exe
2026-09-27T15:34:39.1501092Z    Compressing: \\?\D:\a\wootc\wootc\out\branded-preview\SessionHandleIPCProxyStub.dll
2026-09-27T15:34:39.1502392Z    Compressing: \\?\D:\a\wootc\wootc\out\branded-preview\System.AppContext.dll
2026-09-27T15:34:39.1503869Z    Compressing: \\?\D:\a\wootc\wootc\out\branded-preview\System.Buffers.dll
2026-09-27T15:34:39.1505401Z    Compressing: \\?\D:\a\wootc\wootc\out\branded-preview\System.Collections.Concurrent.dll
2026-09-27T15:34:39.1531972Z    Compressing: \\?\D:\a\wootc\wootc\out\branded-preview\System.Collections.dll
2026-09-27T15:34:39.1573308Z    Compressing: \\?\D:\a\wootc\wootc\out\branded-preview\System.Collections.Immutable.dll
2026-09-27T15:34:39.1704989Z    Compressing: \\?\D:\a\wootc\wootc\out\branded-preview\System.Collections.NonGeneric.dll
2026-09-27T15:34:39.1721816Z    Compressing: \\?\D:\a\wootc\wootc\out\branded-preview\System.Collections.Specialized.dll
2026-09-27T15:34:39.1733632Z    Compressing: \\?\D:\a\wootc\wootc\out\branded-preview\System.ComponentModel.Annotations.dll
2026-09-27T15:34:39.1754446Z    Compressing: \\?\D:\a\wootc\wootc\out\branded-preview\System.ComponentModel.DataAnnotations.dll
2026-09-27T15:34:39.1757692Z    Compressing: \\?\D:\a\wootc\wootc\out\branded-preview\System.ComponentModel.dll
2026-09-27T15:34:39.1762751Z    Compressing: \\?\D:\a\wootc\wootc\out\branded-preview\System.ComponentModel.EventBasedAsync.dll
2026-09-27T15:34:39.1769782Z    Compressing: \\?\D:\a\wootc\wootc\out\branded-preview\System.ComponentModel.Primitives.dll
2026-09-27T15:34:39.1778045Z    Compressing: \\?\D:\a\wootc\wootc\out\branded-preview\System.ComponentModel.TypeConverter.dll
2026-09-27T15:34:39.1871886Z    Compressing: \\?\D:\a\wootc\wootc\out\branded-preview\System.Configuration.dll
2026-09-27T15:34:39.1875003Z    Compressing: \\?\D:\a\wootc\wootc\out\branded-preview\System.Console.dll
2026-09-27T15:34:39.1892653Z    Compressing: \\?\D:\a\wootc\wootc\out\branded-preview\System.Core.dll
2026-09-27T15:34:39.1895745Z    Compressing: \\?\D:\a\wootc\wootc\out\branded-preview\System.Data.Common.dll
2026-09-27T15:34:39.9504444Z    Compressing: \\?\D:\a\wootc\wootc\out\branded-preview\System.Data.DataSetExtensions.dll
2026-09-27T15:34:39.9506477Z    Compressing: \\?\D:\a\wootc\wootc\out\branded-preview\System.Data.dll
2026-09-27T15:34:39.9509882Z    Compressing: \\?\D:\a\wootc\wootc\out\branded-preview\System.Diagnostics.Contracts.dll
2026-09-27T15:34:39.9512170Z    Compressing: \\?\D:\a\wootc\wootc\out\branded-preview\System.Diagnostics.Debug.dll
2026-09-27T15:34:39.9514576Z    Compressing: \\?\D:\a\wootc\wootc\out\branded-preview\System.Diagnostics.DiagnosticSource.dll
2026-09-27T15:34:39.9554164Z    Compressing: \\?\D:\a\wootc\wootc\out\branded-preview\System.Diagnostics.FileVersionInfo.dll
2026-09-27T15:34:39.9560639Z    Compressing: \\?\D:\a\wootc\wootc\out\branded-preview\System.Diagnostics.Process.dll
2026-09-27T15:34:39.9592655Z    Compressing: \\?\D:\a\wootc\wootc\out\branded-preview\System.Diagnostics.StackTrace.dll
2026-09-27T15:34:39.9600481Z    Compressing: \\?\D:\a\wootc\wootc\out\branded-preview\System.Diagnostics.TextWriterTraceListener.dll
2026-09-27T15:34:39.9607924Z    Compressing: \\?\D:\a\wootc\wootc\out\branded-preview\System.Diagnostics.Tools.dll
2026-09-27T15:34:39.9611527Z    Compressing: \\?\D:\a\wootc\wootc\out\branded-preview\System.Diagnostics.TraceSource.dll
2026-09-27T15:34:39.9626911Z    Compressing: \\?\D:\a\wootc\wootc\out\branded-preview\System.Diagnostics.Tracing.dll
2026-09-27T15:34:39.9629202Z    Compressing: \\?\D:\a\wootc\wootc\out\branded-preview\System.dll
2026-09-27T15:34:39.9636165Z    Compressing: \\?\D:\a\wootc\wootc\out\branded-preview\System.Drawing.dll
2026-09-27T15:34:39.9639026Z    Compressing: \\?\D:\a\wootc\wootc\out\branded-preview\System.Drawing.Primitives.dll
2026-09-27T15:34:39.9654431Z    Compressing: \\?\D:\a\wootc\wootc\out\branded-preview\System.Dynamic.Runtime.dll
2026-09-27T15:34:39.9657556Z    Compressing: \\?\D:\a\wootc\wootc\out\branded-preview\System.Formats.Asn1.dll
2026-09-27T15:34:39.9686709Z    Compressing: \\?\D:\a\wootc\wootc\out\branded-preview\System.Formats.Tar.dll
2026-09-27T15:34:39.9719580Z    Compressing: \\?\D:\a\wootc\wootc\out\branded-preview\System.Globalization.Calendars.dll
2026-09-27T15:34:39.9723477Z    Compressing: \\?\D:\a\wootc\wootc\out\branded-preview\System.Globalization.dll
2026-09-27T15:34:39.9726210Z    Compressing: \\?\D:\a\wootc\wootc\out\branded-preview\System.Globalization.Extensions.dll
2026-09-27T15:34:39.9728728Z    Compressing: \\?\D:\a\wootc\wootc\out\branded-preview\System.IO.Compression.Brotli.dll
2026-09-27T15:34:39.9739540Z    Compressing: \\?\D:\a\wootc\wootc\out\branded-preview\System.IO.Compression.dll
2026-09-27T15:34:39.9770047Z    Compressing: \\?\D:\a\wootc\wootc\out\branded-preview\System.IO.Compression.FileSystem.dll
2026-09-27T15:34:39.9772421Z    Compressing: \\?\D:\a\wootc\wootc\out\branded-preview\System.IO.Compression.Native.dll
2026-09-27T15:34:39.9851995Z    Compressing: \\?\D:\a\wootc\wootc\out\branded-preview\System.IO.Compression.ZipFile.dll
2026-09-27T15:34:39.9859141Z    Compressing: \\?\D:\a\wootc\wootc\out\branded-preview\System.IO.dll
2026-09-27T15:34:39.9861900Z    Compressing: \\?\D:\a\wootc\wootc\out\branded-preview\System.IO.FileSystem.AccessControl.dll
2026-09-27T15:34:39.9872214Z    Compressing: \\?\D:\a\wootc\wootc\out\branded-preview\System.IO.FileSystem.dll
2026-09-27T15:34:39.9875822Z    Compressing: \\?\D:\a\wootc\wootc\out\branded-preview\System.IO.FileSystem.DriveInfo.dll
2026-09-27T15:34:39.9882499Z    Compressing: \\?\D:\a\wootc\wootc\out\branded-preview\System.IO.FileSystem.Primitives.dll
2026-09-27T15:34:39.9885593Z    Compressing: \\?\D:\a\wootc\wootc\out\branded-preview\System.IO.FileSystem.Watcher.dll
2026-09-27T15:34:39.9895513Z    Compressing: \\?\D:\a\wootc\wootc\out\branded-preview\System.IO.IsolatedStorage.dll
2026-09-27T15:34:39.9905458Z    Compressing: \\?\D:\a\wootc\wootc\out\branded-preview\System.IO.MemoryMappedFiles.dll
2026-09-27T15:34:39.9916698Z    Compressing: \\?\D:\a\wootc\wootc\out\branded-preview\System.IO.Pipes.AccessControl.dll
2026-09-27T15:34:39.9919643Z    Compressing: \\?\D:\a\wootc\wootc\out\branded-preview\System.IO.Pipes.dll
2026-09-27T15:34:40.9095768Z    Compressing: \\?\D:\a\wootc\wootc\out\branded-preview\System.IO.UnmanagedMemoryStream.dll
2026-09-27T15:34:40.9098857Z    Compressing: \\?\D:\a\wootc\wootc\out\branded-preview\System.Linq.dll
2026-09-27T15:34:40.9131498Z    Compressing: \\?\D:\a\wootc\wootc\out\branded-preview\System.Linq.Expressions.dll
2026-09-27T15:34:40.9560444Z    Compressing: \\?\D:\a\wootc\wootc\out\branded-preview\System.Linq.Parallel.dll
2026-09-27T15:34:41.8222436Z    Compressing: \\?\D:\a\wootc\wootc\out\branded-preview\System.Linq.Queryable.dll
2026-09-27T15:34:41.8248824Z    Compressing: \\?\D:\a\wootc\wootc\out\branded-preview\System.Memory.dll
2026-09-27T15:34:41.8273501Z    Compressing: \\?\D:\a\wootc\wootc\out\branded-preview\System.Net.dll
2026-09-27T15:34:41.8277825Z    Compressing: \\?\D:\a\wootc\wootc\out\branded-preview\System.Net.Http.dll
2026-09-27T15:34:41.8479530Z    Compressing: \\?\D:\a\wootc\wootc\out\branded-preview\System.Net.Http.Json.dll
2026-09-27T15:34:41.8492287Z    Compressing: \\?\D:\a\wootc\wootc\out\branded-preview\System.Net.HttpListener.dll
2026-09-27T15:34:41.8544698Z    Compressing: \\?\D:\a\wootc\wootc\out\branded-preview\System.Net.Mail.dll
2026-09-27T15:34:41.8585921Z    Compressing: \\?\D:\a\wootc\wootc\out\branded-preview\System.Net.NameResolution.dll
2026-09-27T15:34:41.8597474Z    Compressing: \\?\D:\a\wootc\wootc\out\branded-preview\System.Net.NetworkInformation.dll
2026-09-27T15:34:41.8612758Z    Compressing: \\?\D:\a\wootc\wootc\out\branded-preview\System.Net.Ping.dll
2026-09-27T15:34:41.8622281Z    Compressing: \\?\D:\a\wootc\wootc\out\branded-preview\System.Net.Primitives.dll
2026-09-27T15:34:41.8644648Z    Compressing: \\?\D:\a\wootc\wootc\out\branded-preview\System.Net.Quic.dll
2026-09-27T15:34:41.8677001Z    Compressing: \\?\D:\a\wootc\wootc\out\branded-preview\System.Net.Requests.dll
2026-09-27T15:34:41.8722808Z    Compressing: \\?\D:\a\wootc\wootc\out\branded-preview\System.Net.Security.dll
2026-09-27T15:34:42.5957461Z    Compressing: \\?\D:\a\wootc\wootc\out\branded-preview\System.Net.ServicePoint.dll
2026-09-27T15:34:42.5965660Z    Compressing: \\?\D:\a\wootc\wootc\out\branded-preview\System.Net.Sockets.dll
2026-09-27T15:34:42.6045017Z    Compressing: \\?\D:\a\wootc\wootc\out\branded-preview\System.Net.WebClient.dll
2026-09-27T15:34:42.6063654Z    Compressing: \\?\D:\a\wootc\wootc\out\branded-preview\System.Net.WebHeaderCollection.dll
2026-09-27T15:34:42.6070921Z    Compressing: \\?\D:\a\wootc\wootc\out\branded-preview\System.Net.WebProxy.dll
2026-09-27T15:34:42.6078537Z    Compressing: \\?\D:\a\wootc\wootc\out\branded-preview\System.Net.WebSockets.Client.dll
2026-09-27T15:34:42.6094733Z    Compressing: \\?\D:\a\wootc\wootc\out\branded-preview\System.Net.WebSockets.dll
2026-09-27T15:34:42.6118722Z    Compressing: \\?\D:\a\wootc\wootc\out\branded-preview\System.Numerics.dll
2026-09-27T15:34:42.6120372Z    Compressing: \\?\D:\a\wootc\wootc\out\branded-preview\System.Numerics.Tensors.dll
2026-09-27T15:34:42.6181088Z    Compressing: \\?\D:\a\wootc\wootc\out\branded-preview\System.Numerics.Vectors.dll
2026-09-27T15:34:42.6184232Z    Compressing: \\?\D:\a\wootc\wootc\out\branded-preview\System.ObjectModel.dll
2026-09-27T15:34:42.6197621Z    Compressing: \\?\D:\a\wootc\wootc\out\branded-preview\System.Private.CoreLib.dll
2026-09-27T15:34:45.2199941Z    Compressing: \\?\D:\a\wootc\wootc\out\branded-preview\System.Private.DataContractSerialization.dll
2026-09-27T15:34:45.2429722Z    Compressing: \\?\D:\a\wootc\wootc\out\branded-preview\System.Private.Uri.dll
2026-09-27T15:34:45.2456120Z    Compressing: \\?\D:\a\wootc\wootc\out\branded-preview\System.Private.Xml.dll
2026-09-27T15:34:46.8458055Z    Compressing: \\?\D:\a\wootc\wootc\out\branded-preview\System.Private.Xml.Linq.dll
2026-09-27T15:34:46.8496792Z    Compressing: \\?\D:\a\wootc\wootc\out\branded-preview\System.Reflection.DispatchProxy.dll
2026-09-27T15:34:46.8504935Z    Compressing: \\?\D:\a\wootc\wootc\out\branded-preview\System.Reflection.dll
2026-09-27T15:34:46.8507094Z    Compressing: \\?\D:\a\wootc\wootc\out\branded-preview\System.Reflection.Emit.dll
2026-09-27T15:34:46.8520212Z    Compressing: \\?\D:\a\wootc\wootc\out\branded-preview\System.Reflection.Emit.ILGeneration.dll
2026-09-27T15:34:46.8522471Z    Compressing: \\?\D:\a\wootc\wootc\out\branded-preview\System.Reflection.Emit.Lightweight.dll
2026-09-27T15:34:46.8524672Z    Compressing: \\?\D:\a\wootc\wootc\out\branded-preview\System.Reflection.Extensions.dll
2026-09-27T15:34:46.8527155Z    Compressing: \\?\D:\a\wootc\wootc\out\branded-preview\System.Reflection.Metadata.dll
2026-09-27T15:34:46.8631155Z    Compressing: \\?\D:\a\wootc\wootc\out\branded-preview\System.Reflection.Primitives.dll
2026-09-27T15:34:46.8633522Z    Compressing: \\?\D:\a\wootc\wootc\out\branded-preview\System.Reflection.TypeExtensions.dll
2026-09-27T15:34:46.8638066Z    Compressing: \\?\D:\a\wootc\wootc\out\branded-preview\System.Resources.Reader.dll
2026-09-27T15:34:46.8640703Z    Compressing: \\?\D:\a\wootc\wootc\out\branded-preview\System.Resources.ResourceManager.dll
2026-09-27T15:34:46.8643238Z    Compressing: \\?\D:\a\wootc\wootc\out\branded-preview\System.Resources.Writer.dll
2026-09-27T15:34:46.8648910Z    Compressing: \\?\D:\a\wootc\wootc\out\branded-preview\System.Runtime.CompilerServices.Unsafe.dll
2026-09-27T15:34:46.8651275Z    Compressing: \\?\D:\a\wootc\wootc\out\branded-preview\System.Runtime.CompilerServices.VisualC.dll
2026-09-27T15:34:46.8654686Z    Compressing: \\?\D:\a\wootc\wootc\out\branded-preview\System.Runtime.dll
2026-09-27T15:34:46.8659839Z    Compressing: \\?\D:\a\wootc\wootc\out\branded-preview\System.Runtime.Extensions.dll
2026-09-27T15:34:46.8662542Z    Compressing: \\?\D:\a\wootc\wootc\out\branded-preview\System.Runtime.Handles.dll
2026-09-27T15:34:46.8664729Z    Compressing: \\?\D:\a\wootc\wootc\out\branded-preview\System.Runtime.InteropServices.dll
2026-09-27T15:34:46.8674529Z    Compressing: \\?\D:\a\wootc\wootc\out\branded-preview\System.Runtime.InteropServices.JavaScript.dll
2026-09-27T15:34:46.8680255Z    Compressing: \\?\D:\a\wootc\wootc\out\branded-preview\System.Runtime.InteropServices.RuntimeInformation.dll
2026-09-27T15:34:46.8683506Z    Compressing: \\?\D:\a\wootc\wootc\out\branded-preview\System.Runtime.Intrinsics.dll
2026-09-27T15:34:46.8684936Z    Compressing: \\?\D:\a\wootc\wootc\out\branded-preview\System.Runtime.Loader.dll
2026-09-27T15:34:46.8687216Z    Compressing: \\?\D:\a\wootc\wootc\out\branded-preview\System.Runtime.Numerics.dll
2026-09-27T15:34:46.8718827Z    Compressing: \\?\D:\a\wootc\wootc\out\branded-preview\System.Runtime.Serialization.dll
2026-09-27T15:34:46.8721126Z    Compressing: \\?\D:\a\wootc\wootc\out\branded-preview\System.Runtime.Serialization.Formatters.dll
2026-09-27T15:34:46.8750650Z    Compressing: \\?\D:\a\wootc\wootc\out\branded-preview\System.Runtime.Serialization.Json.dll
2026-09-27T15:34:46.8753222Z    Compressing: \\?\D:\a\wootc\wootc\out\branded-preview\System.Runtime.Serialization.Primitives.dll
2026-09-27T15:34:46.8757572Z    Compressing: \\?\D:\a\wootc\wootc\out\branded-preview\System.Runtime.Serialization.Xml.dll
2026-09-27T15:34:46.8761203Z    Compressing: \\?\D:\a\wootc\wootc\out\branded-preview\System.Security.AccessControl.dll
2026-09-27T15:34:46.8800712Z    Compressing: \\?\D:\a\wootc\wootc\out\branded-preview\System.Security.Claims.dll
2026-09-27T15:34:46.8817471Z    Compressing: \\?\D:\a\wootc\wootc\out\branded-preview\System.Security.Cryptography.Algorithms.dll
2026-09-27T15:34:46.8820948Z    Compressing: \\?\D:\a\wootc\wootc\out\branded-preview\System.Security.Cryptography.Cng.dll
2026-09-27T15:34:46.8824004Z    Compressing: \\?\D:\a\wootc\wootc\out\branded-preview\System.Security.Cryptography.Csp.dll
2026-09-27T15:34:46.8827052Z    Compressing: \\?\D:\a\wootc\wootc\out\branded-preview\System.Security.Cryptography.dll
2026-09-27T15:34:47.5609800Z    Compressing: \\?\D:\a\wootc\wootc\out\branded-preview\System.Security.Cryptography.Encoding.dll
2026-09-27T15:34:47.5612676Z    Compressing: \\?\D:\a\wootc\wootc\out\branded-preview\System.Security.Cryptography.OpenSsl.dll
2026-09-27T15:34:47.5615397Z    Compressing: \\?\D:\a\wootc\wootc\out\branded-preview\System.Security.Cryptography.Primitives.dll
2026-09-27T15:34:47.5618891Z    Compressing: \\?\D:\a\wootc\wootc\out\branded-preview\System.Security.Cryptography.X509Certificates.dll
2026-09-27T15:34:47.5622129Z    Compressing: \\?\D:\a\wootc\wootc\out\branded-preview\System.Security.dll
2026-09-27T15:34:47.5624903Z    Compressing: \\?\D:\a\wootc\wootc\out\branded-preview\System.Security.Principal.dll
2026-09-27T15:34:47.5627523Z    Compressing: \\?\D:\a\wootc\wootc\out\branded-preview\System.Security.Principal.Windows.dll
2026-09-27T15:34:47.5646440Z    Compressing: \\?\D:\a\wootc\wootc\out\branded-preview\System.Security.SecureString.dll
2026-09-27T15:34:47.5649615Z    Compressing: \\?\D:\a\wootc\wootc\out\branded-preview\System.ServiceModel.Web.dll
2026-09-27T15:34:47.5652893Z    Compressing: \\?\D:\a\wootc\wootc\out\branded-preview\System.ServiceProcess.dll
2026-09-27T15:34:47.5656328Z    Compressing: \\?\D:\a\wootc\wootc\out\branded-preview\System.Text.Encoding.CodePages.dll
2026-09-27T15:34:47.5739641Z    Compressing: \\?\D:\a\wootc\wootc\out\branded-preview\System.Text.Encoding.dll
2026-09-27T15:34:47.5741988Z    Compressing: \\?\D:\a\wootc\wootc\out\branded-preview\System.Text.Encoding.Extensions.dll
2026-09-27T15:34:47.5744170Z    Compressing: \\?\D:\a\wootc\wootc\out\branded-preview\System.Text.Encodings.Web.dll
2026-09-27T15:34:47.5757410Z    Compressing: \\?\D:\a\wootc\wootc\out\branded-preview\System.Text.Json.dll
2026-09-27T15:34:47.5897314Z    Compressing: \\?\D:\a\wootc\wootc\out\branded-preview\System.Text.RegularExpressions.dll
2026-09-27T15:34:47.5991889Z    Compressing: \\?\D:\a\wootc\wootc\out\branded-preview\System.Threading.Channels.dll
2026-09-27T15:34:47.6005419Z    Compressing: \\?\D:\a\wootc\wootc\out\branded-preview\System.Threading.dll
2026-09-27T15:34:48.3135894Z    Compressing: \\?\D:\a\wootc\wootc\out\branded-preview\System.Threading.Overlapped.dll
2026-09-27T15:34:48.3138340Z    Compressing: \\?\D:\a\wootc\wootc\out\branded-preview\System.Threading.Tasks.Dataflow.dll
2026-09-27T15:34:48.3183809Z    Compressing: \\?\D:\a\wootc\wootc\out\branded-preview\System.Threading.Tasks.dll
2026-09-27T15:34:48.3185948Z    Compressing: \\?\D:\a\wootc\wootc\out\branded-preview\System.Threading.Tasks.Extensions.dll
2026-09-27T15:34:48.3188504Z    Compressing: \\?\D:\a\wootc\wootc\out\branded-preview\System.Threading.Tasks.Parallel.dll
2026-09-27T15:34:48.3201191Z    Compressing: \\?\D:\a\wootc\wootc\out\branded-preview\System.Threading.Thread.dll
2026-09-27T15:34:48.3203430Z    Compressing: \\?\D:\a\wootc\wootc\out\branded-preview\System.Threading.ThreadPool.dll
2026-09-27T15:34:48.3205347Z    Compressing: \\?\D:\a\wootc\wootc\out\branded-preview\System.Threading.Timer.dll
2026-09-27T15:34:48.3207308Z    Compressing: \\?\D:\a\wootc\wootc\out\branded-preview\System.Transactions.dll
2026-09-27T15:34:48.3209865Z    Compressing: \\?\D:\a\wootc\wootc\out\branded-preview\System.Transactions.Local.dll
2026-09-27T15:34:48.3272177Z    Compressing: \\?\D:\a\wootc\wootc\out\branded-preview\System.ValueTuple.dll
2026-09-27T15:34:48.3274175Z    Compressing: \\?\D:\a\wootc\wootc\out\branded-preview\System.Web.dll
2026-09-27T15:34:48.3276183Z    Compressing: \\?\D:\a\wootc\wootc\out\branded-preview\System.Web.HttpUtility.dll
2026-09-27T15:34:48.3282047Z    Compressing: \\?\D:\a\wootc\wootc\out\branded-preview\System.Windows.dll
2026-09-27T15:34:48.3284238Z    Compressing: \\?\D:\a\wootc\wootc\out\branded-preview\System.Xml.dll
2026-09-27T15:34:48.3287296Z    Compressing: \\?\D:\a\wootc\wootc\out\branded-preview\System.Xml.Linq.dll
2026-09-27T15:34:48.3289497Z    Compressing: \\?\D:\a\wootc\wootc\out\branded-preview\System.Xml.ReaderWriter.dll
2026-09-27T15:34:48.3292243Z    Compressing: \\?\D:\a\wootc\wootc\out\branded-preview\System.Xml.Serialization.dll
2026-09-27T15:34:48.3294239Z    Compressing: \\?\D:\a\wootc\wootc\out\branded-preview\System.Xml.XDocument.dll
2026-09-27T15:34:48.3296166Z    Compressing: \\?\D:\a\wootc\wootc\out\branded-preview\System.Xml.XmlDocument.dll
2026-09-27T15:34:48.3298354Z    Compressing: \\?\D:\a\wootc\wootc\out\branded-preview\System.Xml.XmlSerializer.dll
2026-09-27T15:34:48.3300802Z    Compressing: \\?\D:\a\wootc\wootc\out\branded-preview\System.Xml.XPath.dll
2026-09-27T15:34:48.3302934Z    Compressing: \\?\D:\a\wootc\wootc\out\branded-preview\System.Xml.XPath.XDocument.dll
2026-09-27T15:34:48.3306721Z    Compressing: \\?\D:\a\wootc\wootc\out\branded-preview\WebView2Loader.dll
2026-09-27T15:34:48.3321947Z    Compressing: \\?\D:\a\wootc\wootc\out\branded-preview\WindowsBase.dll
2026-09-27T15:34:48.3323912Z    Compressing: \\?\D:\a\wootc\wootc\out\branded-preview\WinRT.Runtime.dll
2026-09-27T15:34:48.3373481Z    Compressing: \\?\D:\a\wootc\wootc\out\branded-preview\WinUIEdit.dll
2026-09-27T15:34:49.1377962Z    Compressing: \\?\D:\a\wootc\wootc\out\branded-preview\wootc-engine.exe
2026-09-27T15:34:51.0549737Z    Compressing: \\?\D:\a\wootc\wootc\out\branded-preview\Wootc.Shell.Core.dll
2026-09-27T15:34:51.0554591Z    Compressing: \\?\D:\a\wootc\wootc\out\branded-preview\Wootc.Shell.Core.pdb
2026-09-27T15:34:51.0557223Z    Compressing: \\?\D:\a\wootc\wootc\out\branded-preview\Wootc.Shell.deps.json
2026-09-27T15:34:51.0561525Z    Compressing: \\?\D:\a\wootc\wootc\out\branded-preview\Wootc.Shell.dll
2026-09-27T15:34:51.0577884Z    Compressing: \\?\D:\a\wootc\wootc\out\branded-preview\Wootc.Shell.exe
2026-09-27T15:34:51.0605098Z    Compressing: \\?\D:\a\wootc\wootc\out\branded-preview\Wootc.Shell.Native.dll
2026-09-27T15:34:51.0610374Z    Compressing: \\?\D:\a\wootc\wootc\out\branded-preview\Wootc.Shell.Native.pdb
2026-09-27T15:34:51.0612808Z    Compressing: \\?\D:\a\wootc\wootc\out\branded-preview\Wootc.Shell.pdb
2026-09-27T15:34:51.0616001Z    Compressing: \\?\D:\a\wootc\wootc\out\branded-preview\Wootc.Shell.pri
2026-09-27T15:34:51.5238137Z    Compressing: \\?\D:\a\wootc\wootc\out\branded-preview\Wootc.Shell.runtimeconfig.json
2026-09-27T15:34:51.5239621Z    Compressing: \\?\D:\a\wootc\wootc\out\branded-preview\workloads.365.json
2026-09-27T15:34:51.5241226Z    Compressing: \\?\D:\a\wootc\wootc\out\branded-preview\workloads.j32.json
2026-09-27T15:34:51.5243029Z    Compressing: \\?\D:\a\wootc\wootc\out\branded-preview\workloads.json
2026-09-27T15:34:51.5245231Z    Compressing: \\?\D:\a\wootc\wootc\out\branded-preview\workloads.lnl.json
2026-09-27T15:34:51.5248292Z    Compressing: \\?\D:\a\wootc\wootc\out\branded-preview\workloads.qnn.json
2026-09-27T15:34:51.5251124Z    Compressing: \\?\D:\a\wootc\wootc\out\branded-preview\workloads.stx.json
2026-09-27T15:34:51.5254004Z    Compressing: \\?\D:\a\wootc\wootc\out\branded-preview\wuceffectsi.dll
2026-09-27T15:34:51.5327669Z    Compressing: \\?\D:\a\wootc\wootc\out\branded-preview\af-ZA\Microsoft.ui.xaml.dll.mui
2026-09-27T15:34:51.5332159Z    Compressing: \\?\D:\a\wootc\wootc\out\branded-preview\af-ZA\Microsoft.UI.Xaml.Phone.dll.mui
2026-09-27T15:34:51.5335358Z    Compressing: \\?\D:\a\wootc\wootc\out\branded-preview\am-ET\Microsoft.ui.xaml.dll.mui
2026-09-27T15:34:51.5339576Z    Compressing: \\?\D:\a\wootc\wootc\out\branded-preview\am-ET\Microsoft.UI.Xaml.Phone.dll.mui
2026-09-27T15:34:51.5342616Z    Compressing: \\?\D:\a\wootc\wootc\out\branded-preview\ar-SA\Microsoft.ui.xaml.dll.mui
2026-09-27T15:34:51.5347698Z    Compressing: \\?\D:\a\wootc\wootc\out\branded-preview\ar-SA\Microsoft.UI.Xaml.Phone.dll.mui
2026-09-27T15:34:51.5349991Z    Compressing: \\?\D:\a\wootc\wootc\out\branded-preview\as-IN\Microsoft.ui.xaml.dll.mui
2026-09-27T15:34:51.5353967Z    Compressing: \\?\D:\a\wootc\wootc\out\branded-preview\as-IN\Microsoft.UI.Xaml.Phone.dll.mui
2026-09-27T15:34:51.5356867Z    Compressing: \\?\D:\a\wootc\wootc\out\branded-preview\az-Latn-AZ\Microsoft.ui.xaml.dll.mui
2026-09-27T15:34:51.5361773Z    Compressing: \\?\D:\a\wootc\wootc\out\branded-preview\az-Latn-AZ\Microsoft.UI.Xaml.Phone.dll.mui
2026-09-27T15:34:51.5364790Z    Compressing: \\?\D:\a\wootc\wootc\out\branded-preview\bg-BG\Microsoft.ui.xaml.dll.mui
2026-09-27T15:34:51.5370299Z    Compressing: \\?\D:\a\wootc\wootc\out\branded-preview\bg-BG\Microsoft.UI.Xaml.Phone.dll.mui
2026-09-27T15:34:51.5373140Z    Compressing: \\?\D:\a\wootc\wootc\out\branded-preview\bn-IN\Microsoft.ui.xaml.dll.mui
2026-09-27T15:34:51.5377594Z    Compressing: \\?\D:\a\wootc\wootc\out\branded-preview\bn-IN\Microsoft.UI.Xaml.Phone.dll.mui
2026-09-27T15:34:51.5380532Z    Compressing: \\?\D:\a\wootc\wootc\out\branded-preview\Branding\brand.json
2026-09-27T15:34:51.5381872Z    Compressing: \\?\D:\a\wootc\wootc\out\branded-preview\bs-Latn-BA\Microsoft.ui.xaml.dll.mui
2026-09-27T15:34:51.5385785Z    Compressing: \\?\D:\a\wootc\wootc\out\branded-preview\bs-Latn-BA\Microsoft.UI.Xaml.Phone.dll.mui
2026-09-27T15:34:51.5388620Z    Compressing: \\?\D:\a\wootc\wootc\out\branded-preview\ca-ES\Microsoft.ui.xaml.dll.mui
2026-09-27T15:34:51.5393621Z    Compressing: \\?\D:\a\wootc\wootc\out\branded-preview\ca-ES\Microsoft.UI.Xaml.Phone.dll.mui
2026-09-27T15:34:51.5396359Z    Compressing: \\?\D:\a\wootc\wootc\out\branded-preview\ca-Es-VALENCIA\Microsoft.ui.xaml.dll.mui
2026-09-27T15:34:51.5400716Z    Compressing: \\?\D:\a\wootc\wootc\out\branded-preview\ca-Es-VALENCIA\Microsoft.UI.Xaml.Phone.dll.mui
2026-09-27T15:34:51.5403010Z    Compressing: \\?\D:\a\wootc\wootc\out\branded-preview\cs-CZ\Microsoft.ui.xaml.dll.mui
2026-09-27T15:34:51.5407763Z    Compressing: \\?\D:\a\wootc\wootc\out\branded-preview\cs-CZ\Microsoft.UI.Xaml.Phone.dll.mui
2026-09-27T15:34:51.5410031Z    Compressing: \\?\D:\a\wootc\wootc\out\branded-preview\cy-GB\Microsoft.ui.xaml.dll.mui
2026-09-27T15:34:51.5413958Z    Compressing: \\?\D:\a\wootc\wootc\out\branded-preview\cy-GB\Microsoft.UI.Xaml.Phone.dll.mui
2026-09-27T15:34:51.5416141Z    Compressing: \\?\D:\a\wootc\wootc\out\branded-preview\da-DK\Microsoft.ui.xaml.dll.mui
2026-09-27T15:34:51.5419611Z    Compressing: \\?\D:\a\wootc\wootc\out\branded-preview\da-DK\Microsoft.UI.Xaml.Phone.dll.mui
2026-09-27T15:34:51.5421727Z    Compressing: \\?\D:\a\wootc\wootc\out\branded-preview\de-DE\Microsoft.ui.xaml.dll.mui
2026-09-27T15:34:51.5425854Z    Compressing: \\?\D:\a\wootc\wootc\out\branded-preview\de-DE\Microsoft.UI.Xaml.Phone.dll.mui
2026-09-27T15:34:51.5427694Z    Compressing: \\?\D:\a\wootc\wootc\out\branded-preview\el-GR\Microsoft.ui.xaml.dll.mui
2026-09-27T15:34:51.5431356Z    Compressing: \\?\D:\a\wootc\wootc\out\branded-preview\el-GR\Microsoft.UI.Xaml.Phone.dll.mui
2026-09-27T15:34:51.5433723Z    Compressing: \\?\D:\a\wootc\wootc\out\branded-preview\en-GB\Microsoft.ui.xaml.dll.mui
2026-09-27T15:34:51.5436827Z    Compressing: \\?\D:\a\wootc\wootc\out\branded-preview\en-GB\Microsoft.UI.Xaml.Phone.dll.mui
2026-09-27T15:34:51.5438939Z    Compressing: \\?\D:\a\wootc\wootc\out\branded-preview\en-us\Microsoft.ui.xaml.dll.mui
2026-09-27T15:34:51.5442427Z    Compressing: \\?\D:\a\wootc\wootc\out\branded-preview\en-us\Microsoft.UI.Xaml.Phone.dll.mui
2026-09-27T15:34:51.5444470Z    Compressing: \\?\D:\a\wootc\wootc\out\branded-preview\es-ES\Microsoft.ui.xaml.dll.mui
2026-09-27T15:34:51.5447852Z    Compressing: \\?\D:\a\wootc\wootc\out\branded-preview\es-ES\Microsoft.UI.Xaml.Phone.dll.mui
2026-09-27T15:34:51.5450002Z    Compressing: \\?\D:\a\wootc\wootc\out\branded-preview\es-MX\Microsoft.ui.xaml.dll.mui
2026-09-27T15:34:51.5465773Z    Compressing: \\?\D:\a\wootc\wootc\out\branded-preview\es-MX\Microsoft.UI.Xaml.Phone.dll.mui
2026-09-27T15:34:51.5467084Z    Compressing: \\?\D:\a\wootc\wootc\out\branded-preview\et-EE\Microsoft.ui.xaml.dll.mui
2026-09-27T15:34:51.5468297Z    Compressing: \\?\D:\a\wootc\wootc\out\branded-preview\et-EE\Microsoft.UI.Xaml.Phone.dll.mui
2026-09-27T15:34:51.5469615Z    Compressing: \\?\D:\a\wootc\wootc\out\branded-preview\eu-ES\Microsoft.ui.xaml.dll.mui
2026-09-27T15:34:51.5471172Z    Compressing: \\?\D:\a\wootc\wootc\out\branded-preview\eu-ES\Microsoft.UI.Xaml.Phone.dll.mui
2026-09-27T15:34:51.5472364Z    Compressing: \\?\D:\a\wootc\wootc\out\branded-preview\fa-IR\Microsoft.ui.xaml.dll.mui
2026-09-27T15:34:51.5473878Z    Compressing: \\?\D:\a\wootc\wootc\out\branded-preview\fa-IR\Microsoft.UI.Xaml.Phone.dll.mui
2026-09-27T15:34:51.5476412Z    Compressing: \\?\D:\a\wootc\wootc\out\branded-preview\fi-FI\Microsoft.ui.xaml.dll.mui
2026-09-27T15:34:51.5478422Z    Compressing: \\?\D:\a\wootc\wootc\out\branded-preview\fi-FI\Microsoft.UI.Xaml.Phone.dll.mui
2026-09-27T15:34:51.5481566Z    Compressing: \\?\D:\a\wootc\wootc\out\branded-preview\fil-PH\Microsoft.ui.xaml.dll.mui
2026-09-27T15:34:51.5484881Z    Compressing: \\?\D:\a\wootc\wootc\out\branded-preview\fil-PH\Microsoft.UI.Xaml.Phone.dll.mui
2026-09-27T15:34:51.5486928Z    Compressing: \\?\D:\a\wootc\wootc\out\branded-preview\fr-CA\Microsoft.ui.xaml.dll.mui
2026-09-27T15:34:51.5490805Z    Compressing: \\?\D:\a\wootc\wootc\out\branded-preview\fr-CA\Microsoft.UI.Xaml.Phone.dll.mui
2026-09-27T15:34:51.5493006Z    Compressing: \\?\D:\a\wootc\wootc\out\branded-preview\fr-FR\Microsoft.ui.xaml.dll.mui
2026-09-27T15:34:51.5496521Z    Compressing: \\?\D:\a\wootc\wootc\out\branded-preview\fr-FR\Microsoft.UI.Xaml.Phone.dll.mui
2026-09-27T15:34:51.5498714Z    Compressing: \\?\D:\a\wootc\wootc\out\branded-preview\ga-IE\Microsoft.ui.xaml.dll.mui
2026-09-27T15:34:51.5502049Z    Compressing: \\?\D:\a\wootc\wootc\out\branded-preview\ga-IE\Microsoft.UI.Xaml.Phone.dll.mui
2026-09-27T15:34:51.5504133Z    Compressing: \\?\D:\a\wootc\wootc\out\branded-preview\gd-gb\Microsoft.ui.xaml.dll.mui
2026-09-27T15:34:51.5507772Z    Compressing: \\?\D:\a\wootc\wootc\out\branded-preview\gd-gb\Microsoft.UI.Xaml.Phone.dll.mui
2026-09-27T15:34:51.5510123Z    Compressing: \\?\D:\a\wootc\wootc\out\branded-preview\gl-ES\Microsoft.ui.xaml.dll.mui
2026-09-27T15:34:51.5513665Z    Compressing: \\?\D:\a\wootc\wootc\out\branded-preview\gl-ES\Microsoft.UI.Xaml.Phone.dll.mui
2026-09-27T15:34:51.5515872Z    Compressing: \\?\D:\a\wootc\wootc\out\branded-preview\gu-IN\Microsoft.ui.xaml.dll.mui
2026-09-27T15:34:51.5519057Z    Compressing: \\?\D:\a\wootc\wootc\out\branded-preview\gu-IN\Microsoft.UI.Xaml.Phone.dll.mui
2026-09-27T15:34:51.5521378Z    Compressing: \\?\D:\a\wootc\wootc\out\branded-preview\he-IL\Microsoft.ui.xaml.dll.mui
2026-09-27T15:34:51.5524564Z    Compressing: \\?\D:\a\wootc\wootc\out\branded-preview\he-IL\Microsoft.UI.Xaml.Phone.dll.mui
2026-09-27T15:34:51.5526502Z    Compressing: \\?\D:\a\wootc\wootc\out\branded-preview\hi-IN\Microsoft.ui.xaml.dll.mui
2026-09-27T15:34:51.5529747Z    Compressing: \\?\D:\a\wootc\wootc\out\branded-preview\hi-IN\Microsoft.UI.Xaml.Phone.dll.mui
2026-09-27T15:34:51.5532039Z    Compressing: \\?\D:\a\wootc\wootc\out\branded-preview\hr-HR\Microsoft.ui.xaml.dll.mui
2026-09-27T15:34:51.5535719Z    Compressing: \\?\D:\a\wootc\wootc\out\branded-preview\hr-HR\Microsoft.UI.Xaml.Phone.dll.mui
2026-09-27T15:34:51.5537898Z    Compressing: \\?\D:\a\wootc\wootc\out\branded-preview\hu-HU\Microsoft.ui.xaml.dll.mui
2026-09-27T15:34:51.5541446Z    Compressing: \\?\D:\a\wootc\wootc\out\branded-preview\hu-HU\Microsoft.UI.Xaml.Phone.dll.mui
2026-09-27T15:34:51.5543557Z    Compressing: \\?\D:\a\wootc\wootc\out\branded-preview\hy-AM\Microsoft.ui.xaml.dll.mui
2026-09-27T15:34:51.5546979Z    Compressing: \\?\D:\a\wootc\wootc\out\branded-preview\hy-AM\Microsoft.UI.Xaml.Phone.dll.mui
2026-09-27T15:34:51.5549009Z    Compressing: \\?\D:\a\wootc\wootc\out\branded-preview\id-ID\Microsoft.ui.xaml.dll.mui
2026-09-27T15:34:51.5552801Z    Compressing: \\?\D:\a\wootc\wootc\out\branded-preview\id-ID\Microsoft.UI.Xaml.Phone.dll.mui
2026-09-27T15:34:51.5554856Z    Compressing: \\?\D:\a\wootc\wootc\out\branded-preview\is-IS\Microsoft.ui.xaml.dll.mui
2026-09-27T15:34:51.5558112Z    Compressing: \\?\D:\a\wootc\wootc\out\branded-preview\is-IS\Microsoft.UI.Xaml.Phone.dll.mui
2026-09-27T15:34:51.5560407Z    Compressing: \\?\D:\a\wootc\wootc\out\branded-preview\it-IT\Microsoft.ui.xaml.dll.mui
2026-09-27T15:34:51.5563828Z    Compressing: \\?\D:\a\wootc\wootc\out\branded-preview\it-IT\Microsoft.UI.Xaml.Phone.dll.mui
2026-09-27T15:34:51.5565895Z    Compressing: \\?\D:\a\wootc\wootc\out\branded-preview\ja-JP\Microsoft.ui.xaml.dll.mui
2026-09-27T15:34:51.5569114Z    Compressing: \\?\D:\a\wootc\wootc\out\branded-preview\ja-JP\Microsoft.UI.Xaml.Phone.dll.mui
2026-09-27T15:34:51.5571497Z    Compressing: \\?\D:\a\wootc\wootc\out\branded-preview\ka-GE\Microsoft.ui.xaml.dll.mui
2026-09-27T15:34:51.5574858Z    Compressing: \\?\D:\a\wootc\wootc\out\branded-preview\ka-GE\Microsoft.UI.Xaml.Phone.dll.mui
2026-09-27T15:34:51.5576933Z    Compressing: \\?\D:\a\wootc\wootc\out\branded-preview\kk-KZ\Microsoft.ui.xaml.dll.mui
2026-09-27T15:34:51.5580537Z    Compressing: \\?\D:\a\wootc\wootc\out\branded-preview\kk-KZ\Microsoft.UI.Xaml.Phone.dll.mui
2026-09-27T15:34:51.5582598Z    Compressing: \\?\D:\a\wootc\wootc\out\branded-preview\km-KH\Microsoft.ui.xaml.dll.mui
2026-09-27T15:34:51.5585893Z    Compressing: \\?\D:\a\wootc\wootc\out\branded-preview\km-KH\Microsoft.UI.Xaml.Phone.dll.mui
2026-09-27T15:34:51.5588268Z    Compressing: \\?\D:\a\wootc\wootc\out\branded-preview\kn-IN\Microsoft.ui.xaml.dll.mui
2026-09-27T15:34:51.5591768Z    Compressing: \\?\D:\a\wootc\wootc\out\branded-preview\kn-IN\Microsoft.UI.Xaml.Phone.dll.mui
2026-09-27T15:34:51.5593850Z    Compressing: \\?\D:\a\wootc\wootc\out\branded-preview\ko-KR\Microsoft.ui.xaml.dll.mui
2026-09-27T15:34:51.5596876Z    Compressing: \\?\D:\a\wootc\wootc\out\branded-preview\ko-KR\Microsoft.UI.Xaml.Phone.dll.mui
2026-09-27T15:34:51.5598824Z    Compressing: \\?\D:\a\wootc\wootc\out\branded-preview\kok-IN\Microsoft.ui.xaml.dll.mui
2026-09-27T15:34:51.5602053Z    Compressing: \\?\D:\a\wootc\wootc\out\branded-preview\kok-IN\Microsoft.UI.Xaml.Phone.dll.mui
2026-09-27T15:34:51.5604089Z    Compressing: \\?\D:\a\wootc\wootc\out\branded-preview\lb-LU\Microsoft.ui.xaml.dll.mui
2026-09-27T15:34:51.5607735Z    Compressing: \\?\D:\a\wootc\wootc\out\branded-preview\lb-LU\Microsoft.UI.Xaml.Phone.dll.mui
2026-09-27T15:34:51.5609988Z    Compressing: \\?\D:\a\wootc\wootc\out\branded-preview\lo-LA\Microsoft.ui.xaml.dll.mui
2026-09-27T15:34:51.5613276Z    Compressing: \\?\D:\a\wootc\wootc\out\branded-preview\lo-LA\Microsoft.UI.Xaml.Phone.dll.mui
2026-09-27T15:34:51.5615728Z    Compressing: \\?\D:\a\wootc\wootc\out\branded-preview\lt-LT\Microsoft.ui.xaml.dll.mui
2026-09-27T15:34:51.5618911Z    Compressing: \\?\D:\a\wootc\wootc\out\branded-preview\lt-LT\Microsoft.UI.Xaml.Phone.dll.mui
2026-09-27T15:34:51.5620920Z    Compressing: \\?\D:\a\wootc\wootc\out\branded-preview\lv-LV\Microsoft.ui.xaml.dll.mui
2026-09-27T15:34:51.5624453Z    Compressing: \\?\D:\a\wootc\wootc\out\branded-preview\lv-LV\Microsoft.UI.Xaml.Phone.dll.mui
2026-09-27T15:34:51.5626486Z    Compressing: \\?\D:\a\wootc\wootc\out\branded-preview\mi-NZ\Microsoft.ui.xaml.dll.mui
2026-09-27T15:34:51.5629939Z    Compressing: \\?\D:\a\wootc\wootc\out\branded-preview\mi-NZ\Microsoft.UI.Xaml.Phone.dll.mui
2026-09-27T15:34:51.5632308Z    Compressing: \\?\D:\a\wootc\wootc\out\branded-preview\Microsoft.UI.Xaml\Assets\map.html
2026-09-27T15:34:51.5635919Z    Compressing: \\?\D:\a\wootc\wootc\out\branded-preview\Microsoft.UI.Xaml\Assets\NoiseAsset_256x256_PNG.png
2026-09-27T15:34:51.5637484Z    Compressing: \\?\D:\a\wootc\wootc\out\branded-preview\mk-MK\Microsoft.ui.xaml.dll.mui
2026-09-27T15:34:51.5641007Z    Compressing: \\?\D:\a\wootc\wootc\out\branded-preview\mk-MK\Microsoft.UI.Xaml.Phone.dll.mui
2026-09-27T15:34:51.5643062Z    Compressing: \\?\D:\a\wootc\wootc\out\branded-preview\ml-IN\Microsoft.ui.xaml.dll.mui
2026-09-27T15:34:51.5646588Z    Compressing: \\?\D:\a\wootc\wootc\out\branded-preview\ml-IN\Microsoft.UI.Xaml.Phone.dll.mui
2026-09-27T15:34:51.5648775Z    Compressing: \\?\D:\a\wootc\wootc\out\branded-preview\mr-IN\Microsoft.ui.xaml.dll.mui
2026-09-27T15:34:51.5652671Z    Compressing: \\?\D:\a\wootc\wootc\out\branded-preview\mr-IN\Microsoft.UI.Xaml.Phone.dll.mui
2026-09-27T15:34:51.5654718Z    Compressing: \\?\D:\a\wootc\wootc\out\branded-preview\ms-MY\Microsoft.ui.xaml.dll.mui
2026-09-27T15:34:51.5657999Z    Compressing: \\?\D:\a\wootc\wootc\out\branded-preview\ms-MY\Microsoft.UI.Xaml.Phone.dll.mui
2026-09-27T15:34:51.5660113Z    Compressing: \\?\D:\a\wootc\wootc\out\branded-preview\mt-MT\Microsoft.ui.xaml.dll.mui
2026-09-27T15:34:51.5663475Z    Compressing: \\?\D:\a\wootc\wootc\out\branded-preview\mt-MT\Microsoft.UI.Xaml.Phone.dll.mui
2026-09-27T15:34:51.5665588Z    Compressing: \\?\D:\a\wootc\wootc\out\branded-preview\nb-NO\Microsoft.ui.xaml.dll.mui
2026-09-27T15:34:51.5669185Z    Compressing: \\?\D:\a\wootc\wootc\out\branded-preview\nb-NO\Microsoft.UI.Xaml.Phone.dll.mui
2026-09-27T15:34:51.5671235Z    Compressing: \\?\D:\a\wootc\wootc\out\branded-preview\ne-NP\Microsoft.ui.xaml.dll.mui
2026-09-27T15:34:51.5674684Z    Compressing: \\?\D:\a\wootc\wootc\out\branded-preview\ne-NP\Microsoft.UI.Xaml.Phone.dll.mui
2026-09-27T15:34:51.5676740Z    Compressing: \\?\D:\a\wootc\wootc\out\branded-preview\nl-NL\Microsoft.ui.xaml.dll.mui
2026-09-27T15:34:51.5680492Z    Compressing: \\?\D:\a\wootc\wootc\out\branded-preview\nl-NL\Microsoft.UI.Xaml.Phone.dll.mui
2026-09-27T15:34:51.5682486Z    Compressing: \\?\D:\a\wootc\wootc\out\branded-preview\nn-NO\Microsoft.ui.xaml.dll.mui
2026-09-27T15:34:51.5685791Z    Compressing: \\?\D:\a\wootc\wootc\out\branded-preview\nn-NO\Microsoft.UI.Xaml.Phone.dll.mui
2026-09-27T15:34:51.5687818Z    Compressing: \\?\D:\a\wootc\wootc\out\branded-preview\or-IN\Microsoft.ui.xaml.dll.mui
2026-09-27T15:34:51.5691037Z    Compressing: \\?\D:\a\wootc\wootc\out\branded-preview\or-IN\Microsoft.UI.Xaml.Phone.dll.mui
2026-09-27T15:34:51.5693511Z    Compressing: \\?\D:\a\wootc\wootc\out\branded-preview\pa-IN\Microsoft.ui.xaml.dll.mui
2026-09-27T15:34:51.5696994Z    Compressing: \\?\D:\a\wootc\wootc\out\branded-preview\pa-IN\Microsoft.UI.Xaml.Phone.dll.mui
2026-09-27T15:34:51.5699011Z    Compressing: \\?\D:\a\wootc\wootc\out\branded-preview\pl-PL\Microsoft.ui.xaml.dll.mui
2026-09-27T15:34:51.5702382Z    Compressing: \\?\D:\a\wootc\wootc\out\branded-preview\pl-PL\Microsoft.UI.Xaml.Phone.dll.mui
2026-09-27T15:34:51.5704614Z    Compressing: \\?\D:\a\wootc\wootc\out\branded-preview\pt-BR\Microsoft.ui.xaml.dll.mui
2026-09-27T15:34:51.5708471Z    Compressing: \\?\D:\a\wootc\wootc\out\branded-preview\pt-BR\Microsoft.UI.Xaml.Phone.dll.mui
2026-09-27T15:34:51.5710560Z    Compressing: \\?\D:\a\wootc\wootc\out\branded-preview\pt-PT\Microsoft.ui.xaml.dll.mui
2026-09-27T15:34:51.5714069Z    Compressing: \\?\D:\a\wootc\wootc\out\branded-preview\pt-PT\Microsoft.UI.Xaml.Phone.dll.mui
2026-09-27T15:34:51.5716171Z    Compressing: \\?\D:\a\wootc\wootc\out\branded-preview\quz-PE\Microsoft.ui.xaml.dll.mui
2026-09-27T15:34:51.5720020Z    Compressing: \\?\D:\a\wootc\wootc\out\branded-preview\quz-PE\Microsoft.UI.Xaml.Phone.dll.mui
2026-09-27T15:34:51.5722125Z    Compressing: \\?\D:\a\wootc\wootc\out\branded-preview\ro-RO\Microsoft.ui.xaml.dll.mui
2026-09-27T15:34:51.5725590Z    Compressing: \\?\D:\a\wootc\wootc\out\branded-preview\ro-RO\Microsoft.UI.Xaml.Phone.dll.mui
2026-09-27T15:34:51.5728030Z    Compressing: \\?\D:\a\wootc\wootc\out\branded-preview\ru-RU\Microsoft.ui.xaml.dll.mui
2026-09-27T15:34:51.5731466Z    Compressing: \\?\D:\a\wootc\wootc\out\branded-preview\ru-RU\Microsoft.UI.Xaml.Phone.dll.mui
2026-09-27T15:34:51.5733643Z    Compressing: \\?\D:\a\wootc\wootc\out\branded-preview\sk-SK\Microsoft.ui.xaml.dll.mui
2026-09-27T15:34:51.5737009Z    Compressing: \\?\D:\a\wootc\wootc\out\branded-preview\sk-SK\Microsoft.UI.Xaml.Phone.dll.mui
2026-09-27T15:34:51.5739047Z    Compressing: \\?\D:\a\wootc\wootc\out\branded-preview\sl-SI\Microsoft.ui.xaml.dll.mui
2026-09-27T15:34:51.5742681Z    Compressing: \\?\D:\a\wootc\wootc\out\branded-preview\sl-SI\Microsoft.UI.Xaml.Phone.dll.mui
2026-09-27T15:34:51.5744823Z    Compressing: \\?\D:\a\wootc\wootc\out\branded-preview\sq-AL\Microsoft.ui.xaml.dll.mui
2026-09-27T15:34:51.5748765Z    Compressing: \\?\D:\a\wootc\wootc\out\branded-preview\sq-AL\Microsoft.UI.Xaml.Phone.dll.mui
2026-09-27T15:34:51.5750906Z    Compressing: \\?\D:\a\wootc\wootc\out\branded-preview\sr-Cyrl-BA\Microsoft.ui.xaml.dll.mui
2026-09-27T15:34:51.5754280Z    Compressing: \\?\D:\a\wootc\wootc\out\branded-preview\sr-Cyrl-BA\Microsoft.UI.Xaml.Phone.dll.mui
2026-09-27T15:34:51.5756567Z    Compressing: \\?\D:\a\wootc\wootc\out\branded-preview\sr-Cyrl-RS\Microsoft.ui.xaml.dll.mui
2026-09-27T15:34:51.5760064Z    Compressing: \\?\D:\a\wootc\wootc\out\branded-preview\sr-Cyrl-RS\Microsoft.UI.Xaml.Phone.dll.mui
2026-09-27T15:34:51.5762138Z    Compressing: \\?\D:\a\wootc\wootc\out\branded-preview\sr-Latn-RS\Microsoft.ui.xaml.dll.mui
2026-09-27T15:34:51.5765476Z    Compressing: \\?\D:\a\wootc\wootc\out\branded-preview\sr-Latn-RS\Microsoft.UI.Xaml.Phone.dll.mui
2026-09-27T15:34:51.5768241Z    Compressing: \\?\D:\a\wootc\wootc\out\branded-preview\sv-SE\Microsoft.ui.xaml.dll.mui
2026-09-27T15:34:51.5772220Z    Compressing: \\?\D:\a\wootc\wootc\out\branded-preview\sv-SE\Microsoft.UI.Xaml.Phone.dll.mui
2026-09-27T15:34:51.5775022Z    Compressing: \\?\D:\a\wootc\wootc\out\branded-preview\ta-IN\Microsoft.ui.xaml.dll.mui
2026-09-27T15:34:51.5778875Z    Compressing: \\?\D:\a\wootc\wootc\out\branded-preview\ta-IN\Microsoft.UI.Xaml.Phone.dll.mui
2026-09-27T15:34:51.5781680Z    Compressing: \\?\D:\a\wootc\wootc\out\branded-preview\te-IN\Microsoft.ui.xaml.dll.mui
2026-09-27T15:34:51.5785235Z    Compressing: \\?\D:\a\wootc\wootc\out\branded-preview\te-IN\Microsoft.UI.Xaml.Phone.dll.mui
2026-09-27T15:34:51.5787568Z    Compressing: \\?\D:\a\wootc\wootc\out\branded-preview\th-TH\Microsoft.ui.xaml.dll.mui
2026-09-27T15:34:51.5791761Z    Compressing: \\?\D:\a\wootc\wootc\out\branded-preview\th-TH\Microsoft.UI.Xaml.Phone.dll.mui
2026-09-27T15:34:51.5793997Z    Compressing: \\?\D:\a\wootc\wootc\out\branded-preview\tr-TR\Microsoft.ui.xaml.dll.mui
2026-09-27T15:34:51.5797740Z    Compressing: \\?\D:\a\wootc\wootc\out\branded-preview\tr-TR\Microsoft.UI.Xaml.Phone.dll.mui
2026-09-27T15:34:51.5800246Z    Compressing: \\?\D:\a\wootc\wootc\out\branded-preview\tt-RU\Microsoft.ui.xaml.dll.mui
2026-09-27T15:34:51.5805055Z    Compressing: \\?\D:\a\wootc\wootc\out\branded-preview\tt-RU\Microsoft.UI.Xaml.Phone.dll.mui
2026-09-27T15:34:51.5807923Z    Compressing: \\?\D:\a\wootc\wootc\out\branded-preview\ug-CN\Microsoft.ui.xaml.dll.mui
2026-09-27T15:34:51.5813304Z    Compressing: \\?\D:\a\wootc\wootc\out\branded-preview\ug-CN\Microsoft.UI.Xaml.Phone.dll.mui
2026-09-27T15:34:51.5815996Z    Compressing: \\?\D:\a\wootc\wootc\out\branded-preview\uk-UA\Microsoft.ui.xaml.dll.mui
2026-09-27T15:34:51.5821305Z    Compressing: \\?\D:\a\wootc\wootc\out\branded-preview\uk-UA\Microsoft.UI.Xaml.Phone.dll.mui
2026-09-27T15:34:51.5823746Z    Compressing: \\?\D:\a\wootc\wootc\out\branded-preview\ur-PK\Microsoft.ui.xaml.dll.mui
2026-09-27T15:34:51.5827875Z    Compressing: \\?\D:\a\wootc\wootc\out\branded-preview\ur-PK\Microsoft.UI.Xaml.Phone.dll.mui
2026-09-27T15:34:51.5830977Z    Compressing: \\?\D:\a\wootc\wootc\out\branded-preview\uz-Latn-UZ\Microsoft.ui.xaml.dll.mui
2026-09-27T15:34:51.5835417Z    Compressing: \\?\D:\a\wootc\wootc\out\branded-preview\uz-Latn-UZ\Microsoft.UI.Xaml.Phone.dll.mui
2026-09-27T15:34:51.5838081Z    Compressing: \\?\D:\a\wootc\wootc\out\branded-preview\vi-VN\Microsoft.ui.xaml.dll.mui
2026-09-27T15:34:51.5842358Z    Compressing: \\?\D:\a\wootc\wootc\out\branded-preview\vi-VN\Microsoft.UI.Xaml.Phone.dll.mui
2026-09-27T15:34:51.5845039Z    Compressing: \\?\D:\a\wootc\wootc\out\branded-preview\zh-CN\Microsoft.ui.xaml.dll.mui
2026-09-27T15:34:51.5849411Z    Compressing: \\?\D:\a\wootc\wootc\out\branded-preview\zh-CN\Microsoft.UI.Xaml.Phone.dll.mui
2026-09-27T15:34:51.5852437Z    Compressing: \\?\D:\a\wootc\wootc\out\branded-preview\zh-TW\Microsoft.ui.xaml.dll.mui
2026-09-27T15:34:51.5856437Z    Compressing: \\?\D:\a\wootc\wootc\out\branded-preview\zh-TW\Microsoft.UI.Xaml.Phone.dll.mui
2026-09-27T15:34:52.2687831Z    Compressing Setup program executable
2026-09-27T15:34:52.7735093Z    Updating version info (Setup.exe)
2026-09-27T15:34:52.7735511Z    Updating manifest (Setup.exe)
2026-09-27T15:34:52.7736725Z 
2026-09-27T15:34:52.7741408Z 
2026-09-27T15:34:52.7742263Z Successful compile (44.062 sec). Resulting Setup program filename is:
2026-09-27T15:34:52.7743010Z D:\a\wootc\wootc\out\preview-installer\tunaos-native-preview-932537a7e650ec1608980999da7a9e60fb9e218e.exe
2026-09-27T15:35:02.9712773Z   Determining projects to restore...
2026-09-27T15:35:08.8465801Z   Restored D:\a\wootc\wootc\shell\Wootc.Shell.UiTests\Wootc.Shell.UiTests.csproj (in 5.59 sec).
2026-09-27T15:35:10.0882587Z   Wootc.Shell.UiTests -> D:\a\wootc\wootc\shell\Wootc.Shell.UiTests\bin\Release\net8.0-windows10.0.19041.0\Wootc.Shell.UiTests.dll
2026-09-27T15:35:10.1059756Z Test run for D:\a\wootc\wootc\shell\Wootc.Shell.UiTests\bin\Release\net8.0-windows10.0.19041.0\Wootc.Shell.UiTests.dll (.NETCoreApp,Version=v8.0)
2026-09-27T15:35:10.7903409Z A total of 1 test files matched the specified pattern.
2026-09-27T15:35:14.8847771Z Results File: D:\a\wootc\wootc\shell\Wootc.Shell.UiTests\TestResults\installed-tunaos.trx
2026-09-27T15:35:14.8852228Z 
2026-09-27T15:35:14.8906861Z Passed!  - Failed:     0, Passed:     1, Skipped:     0, Total:     1, Duration: 2 s - Wootc.Shell.UiTests.dll (net8.0)
2026-09-27T15:35:16.7175431Z PASS actual tunaos preview compile/install/brand/startup RPC/uninstall with foreign-file preservation and observed test cleanup
2026-09-27T15:35:16.7642344Z ##[group]Run actions/upload-artifact@v7
2026-09-27T15:35:16.7642671Z with:
2026-09-27T15:35:16.7642874Z   name: winui-preview-package-tunaos
2026-09-27T15:35:16.7643450Z   path: out/preview-installer/
out/branded-preview/native-package.json
shell/Wootc.Shell.UiTests/TestResults/*.trx

2026-09-27T15:35:16.7644002Z   if-no-files-found: error
2026-09-27T15:35:16.7644223Z   compression-level: 6
2026-09-27T15:35:16.7644427Z   overwrite: false
2026-09-27T15:35:16.7644624Z   include-hidden-files: false
2026-09-27T15:35:16.7644845Z   archive: true
2026-09-27T15:35:16.7645010Z env:
2026-09-27T15:35:16.7645200Z   DOTNET_ROOT: C:\Program Files\dotnet
2026-09-27T15:35:16.7645439Z   GOTOOLCHAIN: local
2026-09-27T15:35:16.7645621Z ##[endgroup]
2026-09-27T15:35:16.9610378Z Multiple search paths detected. Calculating the least common ancestor of all paths
2026-09-27T15:35:16.9613979Z The least common ancestor is D:\a\wootc\wootc. This will be the root directory of the artifact
2026-09-27T15:35:16.9615340Z With the provided path, there will be 8 files uploaded
2026-09-27T15:35:16.9620865Z Artifact name is valid!
2026-09-27T15:35:16.9622029Z Root directory input is valid!
2026-09-27T15:35:17.2356185Z Uploading artifact: winui-preview-package-tunaos.zip
2026-09-27T15:35:17.2405258Z Beginning upload of artifact content to blob storage
2026-09-27T15:35:18.0375786Z Uploaded bytes 8388608
2026-09-27T15:35:18.2928649Z Uploaded bytes 16777216
2026-09-27T15:35:18.2935499Z Uploaded bytes 25165824
2026-09-27T15:35:18.5239239Z Uploaded bytes 33554432
2026-09-27T15:35:19.4341790Z Uploaded bytes 41943040
2026-09-27T15:35:19.4344862Z Uploaded bytes 50331648
2026-09-27T15:35:19.5610463Z Uploaded bytes 58720256
2026-09-27T15:35:19.8154480Z Uploaded bytes 67108864
2026-09-27T15:35:19.8570761Z Uploaded bytes 67919795
2026-09-27T15:35:19.8878914Z Finished uploading artifact content to blob storage!
2026-09-27T15:35:19.8883780Z SHA256 digest of uploaded artifact is b13b56bcecb1884a13003bc4e4f08e3b56f2c4290cd75bf3c20679dec99f17c8
2026-09-27T15:35:19.8886032Z Finalizing artifact upload
2026-09-27T15:35:20.7670876Z Artifact winui-preview-package-tunaos successfully finalized. Artifact ID 10935586710
2026-09-27T15:35:20.7672461Z Artifact winui-preview-package-tunaos has been successfully uploaded! Final size is 67919795 bytes. Artifact ID is 10935586710
2026-09-27T15:35:20.7683605Z Artifact download URL: https://github.com/tuna-os/wootc/actions/runs/36329882021/artifacts/10935586710
2026-09-27T15:35:20.8073080Z Post job cleanup.
2026-09-27T15:35:21.0645794Z [command]C:\hostedtoolcache\windows\go\1.26.0\x64\bin\go.exe env GOMODCACHE
2026-09-27T15:35:21.0736745Z [command]C:\hostedtoolcache\windows\go\1.26.0\x64\bin\go.exe env GOCACHE
2026-09-27T15:35:21.1068580Z C:\Users\runneradmin\go\pkg\mod
2026-09-27T15:35:21.1108328Z C:\Users\runneradmin\AppData\Local\go-build
2026-09-27T15:35:21.1134360Z Primary key was not generated. Please check the log messages above for more errors or information
2026-09-27T15:35:21.1446054Z Post job cleanup.
2026-09-27T15:35:21.3276045Z Post job cleanup.
2026-09-27T15:35:21.5315946Z [command]"C:\Program Files\Git\bin\git.exe" version
2026-09-27T15:35:21.5600599Z git version 2.55.0.windows.5
2026-09-27T15:35:21.5666214Z Temporarily overriding HOME='D:\a\_temp\844aaf50-29ff-4719-afc3-269197e3c1b3' before making global git config changes
2026-09-27T15:35:21.5667652Z Adding repository directory to the temporary git global config as a safe directory
2026-09-27T15:35:21.5677552Z [command]"C:\Program Files\Git\bin\git.exe" config --global --add safe.directory D:\a\wootc\wootc
2026-09-27T15:35:21.5996850Z Removing SSH command configuration
2026-09-27T15:35:21.6009030Z [command]"C:\Program Files\Git\bin\git.exe" config --local --name-only --get-regexp core\.sshCommand
2026-09-27T15:35:21.6344533Z [command]"C:\Program Files\Git\bin\git.exe" submodule foreach --recursive "sh -c \"git config --local --name-only --get-regexp 'core\.sshCommand' && git config --local --unset-all 'core.sshCommand' || :\""
2026-09-27T15:35:22.2162259Z Removing HTTP extra header
2026-09-27T15:35:22.2178514Z [command]"C:\Program Files\Git\bin\git.exe" config --local --name-only --get-regexp http\.https\:\/\/github\.com\/\.extraheader
2026-09-27T15:35:22.2512674Z [command]"C:\Program Files\Git\bin\git.exe" submodule foreach --recursive "sh -c \"git config --local --name-only --get-regexp 'http\.https\:\/\/github\.com\/\.extraheader' && git config --local --unset-all 'http.https://github.com/.extraheader' || :\""
2026-09-27T15:35:22.8091866Z Removing includeIf entries pointing to credentials config files
2026-09-27T15:35:22.8092590Z [command]"C:\Program Files\Git\bin\git.exe" config --local --name-only --get-regexp ^includeIf\.gitdir:
2026-09-27T15:35:22.8375160Z includeif.gitdir:D:/a/wootc/wootc/.git.path
2026-09-27T15:35:22.8375781Z includeif.gitdir:D:/a/wootc/wootc/.git/worktrees/*.path
2026-09-27T15:35:22.8376477Z includeif.gitdir:/github/workspace/.git.path
2026-09-27T15:35:22.8377068Z includeif.gitdir:/github/workspace/.git/worktrees/*.path
2026-09-27T15:35:22.8420841Z [command]"C:\Program Files\Git\bin\git.exe" config --local --get-all includeif.gitdir:D:/a/wootc/wootc/.git.path
2026-09-27T15:35:22.8700621Z D:\a\_temp\git-credentials-5f36ec69-ae5f-4d25-bf80-771bfcdafb5d.config
2026-09-27T15:35:22.8746410Z [command]"C:\Program Files\Git\bin\git.exe" config --local --unset includeif.gitdir:D:/a/wootc/wootc/.git.path D\:\\a\\_temp\\git\-credentials\-5f36ec69\-ae5f\-4d25\-bf80\-771bfcdafb5d\.config
2026-09-27T15:35:22.9117338Z [command]"C:\Program Files\Git\bin\git.exe" config --local --get-all includeif.gitdir:D:/a/wootc/wootc/.git/worktrees/*.path
2026-09-27T15:35:22.9400599Z D:\a\_temp\git-credentials-5f36ec69-ae5f-4d25-bf80-771bfcdafb5d.config
2026-09-27T15:35:22.9456108Z [command]"C:\Program Files\Git\bin\git.exe" config --local --unset includeif.gitdir:D:/a/wootc/wootc/.git/worktrees/*.path D\:\\a\\_temp\\git\-credentials\-5f36ec69\-ae5f\-4d25\-bf80\-771bfcdafb5d\.config
2026-09-27T15:35:22.9809404Z [command]"C:\Program Files\Git\bin\git.exe" config --local --get-all includeif.gitdir:/github/workspace/.git.path
2026-09-27T15:35:23.0087258Z /github/runner_temp/git-credentials-5f36ec69-ae5f-4d25-bf80-771bfcdafb5d.config
2026-09-27T15:35:23.0130312Z [command]"C:\Program Files\Git\bin\git.exe" config --local --unset includeif.gitdir:/github/workspace/.git.path \/github\/runner_temp\/git\-credentials\-5f36ec69\-ae5f\-4d25\-bf80\-771bfcdafb5d\.config
2026-09-27T15:35:23.0453546Z [command]"C:\Program Files\Git\bin\git.exe" config --local --get-all includeif.gitdir:/github/workspace/.git/worktrees/*.path
2026-09-27T15:35:23.0728508Z /github/runner_temp/git-credentials-5f36ec69-ae5f-4d25-bf80-771bfcdafb5d.config
2026-09-27T15:35:23.0780021Z [command]"C:\Program Files\Git\bin\git.exe" config --local --unset includeif.gitdir:/github/workspace/.git/worktrees/*.path \/github\/runner_temp\/git\-credentials\-5f36ec69\-ae5f\-4d25\-bf80\-771bfcdafb5d\.config
2026-09-27T15:35:23.1106749Z [command]"C:\Program Files\Git\bin\git.exe" submodule foreach --recursive "git config --local --show-origin --name-only --get-regexp remote.origin.url"
2026-09-27T15:35:23.6794477Z Removing credentials config 'D:\a\_temp\git-credentials-5f36ec69-ae5f-4d25-bf80-771bfcdafb5d.config'
2026-09-27T15:35:23.6996122Z Cleaning up orphan processes
2026-09-27T15:35:23.7137862Z Terminate orphan process: pid (6788) (dotnet)
2026-09-27T15:35:23.7203814Z Terminate orphan process: pid (3692) (conhost)
2026-09-27T15:35:23.7454769Z Terminate orphan process: pid (7764) (VBCSCompiler)
2026-09-27T15:35:23.7536791Z Terminate orphan process: pid (5996) (conhost)
