W: Unable to read /tmp/tmp03bh5iik/apt-private/etc/-/ - DirectoryExists (2: No such file or directory)
W: Unable to read /dev/null - RealFileExists (2: No such file or directory)
W: APT had planned for dpkg to do more than it reported back (0 vs 5).
   Affected packages: fixture-package:amd64
W: Unable to read /tmp/tmp_lvz27oz/apt-private/etc/-/ - DirectoryExists (2: No such file or directory)
W: Unable to read /dev/null - RealFileExists (2: No such file or directory)
W: APT had planned for dpkg to do more than it reported back (0 vs 5).
   Affected packages: fixture-package:amd64
----------------------------------------------------------------------
Ran 31 tests in 4.910s

OK
Reading package lists...
Building dependency tree...
The following packages will be upgraded:
  fixture-package
1 upgraded, 0 newly installed, 0 to remove and 0 not upgraded.
After this operation, 0 B of additional disk space will be used.
Reading package lists...
Building dependency tree...
The following packages will be upgraded:
  fixture-package
1 upgraded, 0 newly installed, 0 to remove and 0 not upgraded.
After this operation, 0 B of additional disk space will be used.
