  228  docs/agent-lessons.md
  227  docs/SPEC.md
  125  docs/phase2-attach-postmortem.md
   76  docs/borrowed-from-libertix.md
   70  docs/ntfs-on-linux.md
   65  docs/phase2-debug-plan.md
   64  docs/plugin-architecture.md
   62  docs/branding-and-distribution.md
   49  docs/gui-phase1-architecture.md
   46  docs/release-notes-v0.3.0-beta.md
   45  docs/manual-testing.md
   39  docs/philosophy.md
   34  docs/upstream-blessings.md
   32  docs/finish-plan.md
   31  docs/gui-walkthrough.md
   30  docs/session-migration.md
   29  docs/milestones.md
   27  docs/status.md
   24  docs/non-bootc-adoption.md
   23  docs/adr/0004-composefs-kernel-module-matching.md
   20  docs/alpha-adopter-program.md
   19  docs/branding.md
   18  docs/adr/0004-restore-vm-first-product.md
   17  docs/architecture-boundary.md
   15  docs/docs-truth-pass.md
   12  docs/adr/0002-hardware-preflight-bootc-matching.md
   12  docs/experiments/vm-helper-2026-09-26.md
   12  docs/prefilled-profile-testing.md
    9  docs/adr/0001-phase1-first-architecture.md
    9  docs/branded-walkthroughs.md
    9  CONTRIBUTING.md
    7  docs/plan.md
    6  docs/adr/0003-onedrive-files-on-demand-migration.md
    6  docs/vhdx-exploration.md
    4  docs/backend-contract.md
    4  docs/soak.md
    4  docs/systemd-boot.md
    1  docs/artifact-authentication.md
    1  docs/specs/migration-extensions.md
    1  docs/windows-state-trust.md

1512 finding(s) across 40 file(s)
