2026-09-27T18:50:18.1730279Z Current runner version: '2.337.0'
2026-09-27T18:50:18.1769080Z ##[group]Runner Image Provisioner
2026-09-27T18:50:18.1770471Z Hosted Compute Agent
2026-09-27T18:50:18.1771448Z Version: 20260828.587
2026-09-27T18:50:18.1772507Z Commit: abac92662cab4cc7352de4f9f9d2e2419aad9c29
2026-09-27T18:50:18.1773751Z Build Date: 2026-08-28T16:44:25Z
2026-09-27T18:50:18.1774936Z Worker ID: {27ab8504-f037-4918-ac4a-9858d28d46cc}
2026-09-27T18:50:18.1776203Z Azure Region: eastus
2026-09-27T18:50:18.1777137Z ##[endgroup]
2026-09-27T18:50:18.1779428Z ##[group]Operating System
2026-09-27T18:50:18.1780560Z Microsoft Windows Server 2025
2026-09-27T18:50:18.1781552Z 10.0.26100
2026-09-27T18:50:18.1782333Z Datacenter
2026-09-27T18:50:18.1783245Z ##[endgroup]
2026-09-27T18:50:18.1784839Z ##[group]Runner Image
2026-09-27T18:50:18.1785973Z Image: windows-2025-vs2026
2026-09-27T18:50:18.1786865Z Version: 20260922.246.2
2026-09-27T18:50:18.1789079Z Included Software: https://github.com/actions/runner-images/blob/win25-vs2026/20260922.246/images/windows/Windows2025-VS2026-Readme.md
2026-09-27T18:50:18.1791851Z Image Release: https://github.com/actions/runner-images/releases/tag/win25-vs2026%2F20260922.246
2026-09-27T18:50:18.1793502Z ##[endgroup]
2026-09-27T18:50:18.1795115Z ##[group]GITHUB_TOKEN Permissions
2026-09-27T18:50:18.1797584Z Contents: read
2026-09-27T18:50:18.1798397Z Metadata: read
2026-09-27T18:50:18.1799150Z ##[endgroup]
2026-09-27T18:50:18.1801846Z Secret source: Actions
2026-09-27T18:50:18.1803112Z Cache mode: write
2026-09-27T18:50:18.1804480Z Prepare workflow directory
2026-09-27T18:50:18.2231473Z Prepare all required actions
2026-09-27T18:50:18.2286252Z Getting action download info
2026-09-27T18:50:18.3917599Z Download action repository 'actions/checkout@v7' (SHA:3d3c42e5aac5ba805825da76410c181273ba90b1)
2026-09-27T18:50:18.5256604Z Download action repository 'actions/setup-dotnet@v6' (SHA:a98b56852c35b8e3190ac28c8c2271da59106c68)
2026-09-27T18:50:18.7956154Z Download action repository 'actions/setup-go@v7' (SHA:b7ad1dad31e06c5925ef5d2fc7ad053ef454303e)
2026-09-27T18:50:19.0308181Z Download action repository 'actions/upload-artifact@v7' (SHA:043fb46d1a93c77aae656e7c1c64a875d1fc6a0a)
2026-09-27T18:50:19.2621590Z Complete job name: Branded preview package (bazzite)
2026-09-27T18:50:19.4122978Z ##[group]Run actions/checkout@v7
2026-09-27T18:50:19.4124234Z with:
2026-09-27T18:50:19.4124792Z   repository: tuna-os/wootc
2026-09-27T18:50:19.4129998Z   token: ***
2026-09-27T18:50:19.4130539Z   ssh-strict: true
2026-09-27T18:50:19.4131117Z   ssh-user: git
2026-09-27T18:50:19.4131658Z   persist-credentials: true
2026-09-27T18:50:19.4132356Z   clean: true
2026-09-27T18:50:19.4133095Z   sparse-checkout-cone-mode: true
2026-09-27T18:50:19.4133707Z   fetch-depth: 1
2026-09-27T18:50:19.4134243Z   fetch-tags: false
2026-09-27T18:50:19.4134752Z   show-progress: true
2026-09-27T18:50:19.4135258Z   lfs: false
2026-09-27T18:50:19.4136336Z   submodules: false
2026-09-27T18:50:19.4137231Z   set-safe-directory: true
2026-09-27T18:50:19.4138455Z   allow-unsafe-pr-checkout: false
2026-09-27T18:50:19.4139870Z ##[endgroup]
2026-09-27T18:50:19.5601426Z Syncing repository: tuna-os/wootc
2026-09-27T18:50:19.5603479Z ##[group]Getting Git version info
2026-09-27T18:50:19.5604344Z Working directory is 'D:\a\wootc\wootc'
2026-09-27T18:50:19.6616331Z [command]"C:\Program Files\Git\bin\git.exe" version
2026-09-27T18:50:20.0254567Z git version 2.55.0.windows.5
2026-09-27T18:50:20.0297978Z ##[endgroup]
2026-09-27T18:50:20.0314215Z Temporarily overriding HOME='D:\a\_temp\d382a95e-4a35-4cc8-b3a3-309ad58bbecc' before making global git config changes
2026-09-27T18:50:20.0315725Z Adding repository directory to the temporary git global config as a safe directory
2026-09-27T18:50:20.0324070Z [command]"C:\Program Files\Git\bin\git.exe" config --global --add safe.directory D:\a\wootc\wootc
2026-09-27T18:50:20.0981339Z Deleting the contents of 'D:\a\wootc\wootc'
2026-09-27T18:50:20.0986630Z ##[group]Determining repository object format
2026-09-27T18:50:20.0990307Z ##[endgroup]
2026-09-27T18:50:20.0991305Z ##[group]Initializing the repository
2026-09-27T18:50:20.0996456Z [command]"C:\Program Files\Git\bin\git.exe" init D:\a\wootc\wootc
2026-09-27T18:50:20.1850531Z Initialized empty Git repository in D:/a/wootc/wootc/.git/
2026-09-27T18:50:20.1906046Z [command]"C:\Program Files\Git\bin\git.exe" remote add origin https://github.com/tuna-os/wootc
2026-09-27T18:50:20.2550121Z ##[endgroup]
2026-09-27T18:50:20.2550971Z ##[group]Disabling automatic garbage collection
2026-09-27T18:50:20.2559528Z [command]"C:\Program Files\Git\bin\git.exe" config --local gc.auto 0
2026-09-27T18:50:20.2847526Z ##[endgroup]
2026-09-27T18:50:20.2848916Z ##[group]Setting up auth
2026-09-27T18:50:20.2849879Z Removing SSH command configuration
2026-09-27T18:50:20.2858243Z [command]"C:\Program Files\Git\bin\git.exe" config --local --name-only --get-regexp core\.sshCommand
2026-09-27T18:50:20.3148387Z [command]"C:\Program Files\Git\bin\git.exe" submodule foreach --recursive "sh -c \"git config --local --name-only --get-regexp 'core\.sshCommand' && git config --local --unset-all 'core.sshCommand' || :\""
2026-09-27T18:50:21.7287536Z Removing HTTP extra header
2026-09-27T18:50:21.7296680Z [command]"C:\Program Files\Git\bin\git.exe" config --local --name-only --get-regexp http\.https\:\/\/github\.com\/\.extraheader
2026-09-27T18:50:21.7583684Z [command]"C:\Program Files\Git\bin\git.exe" submodule foreach --recursive "sh -c \"git config --local --name-only --get-regexp 'http\.https\:\/\/github\.com\/\.extraheader' && git config --local --unset-all 'http.https://github.com/.extraheader' || :\""
2026-09-27T18:50:22.2948003Z Removing includeIf entries pointing to credentials config files
2026-09-27T18:50:22.2959103Z [command]"C:\Program Files\Git\bin\git.exe" config --local --name-only --get-regexp ^includeIf\.gitdir:
2026-09-27T18:50:22.3253888Z [command]"C:\Program Files\Git\bin\git.exe" submodule foreach --recursive "git config --local --show-origin --name-only --get-regexp remote.origin.url"
2026-09-27T18:50:22.8699739Z [command]"C:\Program Files\Git\bin\git.exe" config --file D:\a\_temp\git-credentials-ea04ce87-e7c2-4553-a074-14a73b749369.config http.https://github.com/.extraheader "AUTHORIZATION: basic ***"
2026-09-27T18:50:22.8998303Z [command]"C:\Program Files\Git\bin\git.exe" config --local includeIf.gitdir:D:/a/wootc/wootc/.git.path D:\a\_temp\git-credentials-ea04ce87-e7c2-4553-a074-14a73b749369.config
2026-09-27T18:50:22.9285724Z [command]"C:\Program Files\Git\bin\git.exe" config --local includeIf.gitdir:D:/a/wootc/wootc/.git/worktrees/*.path D:\a\_temp\git-credentials-ea04ce87-e7c2-4553-a074-14a73b749369.config
2026-09-27T18:50:22.9625126Z [command]"C:\Program Files\Git\bin\git.exe" config --local includeIf.gitdir:/github/workspace/.git.path /github/runner_temp/git-credentials-ea04ce87-e7c2-4553-a074-14a73b749369.config
2026-09-27T18:50:22.9913330Z [command]"C:\Program Files\Git\bin\git.exe" config --local includeIf.gitdir:/github/workspace/.git/worktrees/*.path /github/runner_temp/git-credentials-ea04ce87-e7c2-4553-a074-14a73b749369.config
2026-09-27T18:50:23.0189780Z ##[endgroup]
2026-09-27T18:50:23.0190228Z ##[group]Fetching the repository
2026-09-27T18:50:23.0204643Z [command]"C:\Program Files\Git\bin\git.exe" -c protocol.version=2 fetch --no-tags --prune --no-recurse-submodules --depth=1 origin +a68dcec66fe88cb8a26f1c5f78ff350124fc613a:refs/remotes/pull/501/merge
2026-09-27T18:50:24.0229288Z From https://github.com/tuna-os/wootc
2026-09-27T18:50:24.0231016Z  * [new ref]         a68dcec66fe88cb8a26f1c5f78ff350124fc613a -> pull/501/merge
2026-09-27T18:50:24.0273814Z ##[endgroup]
2026-09-27T18:50:24.0274742Z ##[group]Determining the checkout info
2026-09-27T18:50:24.0275483Z ##[endgroup]
2026-09-27T18:50:24.0285151Z [command]"C:\Program Files\Git\bin\git.exe" sparse-checkout disable
2026-09-27T18:50:24.0733910Z [command]"C:\Program Files\Git\bin\git.exe" config --local --unset-all extensions.worktreeConfig
2026-09-27T18:50:24.1026519Z ##[group]Checking out the ref
2026-09-27T18:50:24.1036604Z [command]"C:\Program Files\Git\bin\git.exe" checkout --progress --force refs/remotes/pull/501/merge
2026-09-27T18:50:24.6465982Z Note: switching to 'refs/remotes/pull/501/merge'.
2026-09-27T18:50:24.6466511Z 
2026-09-27T18:50:24.6466843Z You are in 'detached HEAD' state. You can look around, make experimental
2026-09-27T18:50:24.6467705Z changes and commit them, and you can discard any commits you make in this
2026-09-27T18:50:24.6468487Z state without impacting any branches by switching back to a branch.
2026-09-27T18:50:24.6468967Z 
2026-09-27T18:50:24.6469322Z If you want to create a new branch to retain commits you create, you may
2026-09-27T18:50:24.6470095Z do so (now or later) by using -c with the switch command. Example:
2026-09-27T18:50:24.6470520Z 
2026-09-27T18:50:24.6470672Z   git switch -c <new-branch-name>
2026-09-27T18:50:24.6470995Z 
2026-09-27T18:50:24.6471138Z Or undo this operation with:
2026-09-27T18:50:24.6471477Z 
2026-09-27T18:50:24.6471601Z   git switch -
2026-09-27T18:50:24.6471807Z 
2026-09-27T18:50:24.6472169Z Turn off this advice by setting config variable advice.detachedHead to false
2026-09-27T18:50:24.6472726Z 
2026-09-27T18:50:24.6473383Z HEAD is now at a68dcec Merge 99b6a71a1d742a23ee46585a0da070dd410eb848 into a1b497449594fd3a62e743cfbf725108950f8171
2026-09-27T18:50:24.6599639Z ##[endgroup]
2026-09-27T18:50:24.7005429Z [command]"C:\Program Files\Git\bin\git.exe" log -1 --format=%H
2026-09-27T18:50:24.7265687Z a68dcec66fe88cb8a26f1c5f78ff350124fc613a
2026-09-27T18:50:24.7711382Z ##[group]Run actions/setup-dotnet@v6
2026-09-27T18:50:24.7711836Z with:
2026-09-27T18:50:24.7712115Z   global-json-file: shell/global.json
2026-09-27T18:50:24.7712494Z   cache: false
2026-09-27T18:50:24.7712738Z ##[endgroup]
2026-09-27T18:50:25.0705935Z [command]"C:\Program Files\PowerShell\7\pwsh.exe" -NoLogo -Sta -NoProfile -NonInteractive -ExecutionPolicy Unrestricted -Command & 'D:\a\_actions\actions\setup-dotnet\v6\externals\install-dotnet.ps1' -SkipNonVersionedFiles -Runtime dotnet -Channel LTS
2026-09-27T18:50:26.3379285Z dotnet-install: .NET Core Runtime with version '10.0.12' is already installed.
2026-09-27T18:50:26.4991854Z [command]"C:\Program Files\PowerShell\7\pwsh.exe" -NoLogo -Sta -NoProfile -NonInteractive -ExecutionPolicy Unrestricted -Command & 'D:\a\_actions\actions\setup-dotnet\v6\externals\install-dotnet.ps1' -SkipNonVersionedFiles -Version 10.0.401
2026-09-27T18:50:27.1600244Z dotnet-install: .NET Core SDK with version '10.0.401' is already installed.
2026-09-27T18:50:27.2648296Z ##[group]Run actions/setup-go@v7
2026-09-27T18:50:27.2648597Z with:
2026-09-27T18:50:27.2648793Z   go-version-file: app/go.mod
2026-09-27T18:50:27.2649032Z   check-latest: false
2026-09-27T18:50:27.2651599Z   token: ***
2026-09-27T18:50:27.2651793Z   cache: true
2026-09-27T18:50:27.2651962Z env:
2026-09-27T18:50:27.2652146Z   DOTNET_ROOT: C:\Program Files\dotnet
2026-09-27T18:50:27.2652393Z ##[endgroup]
2026-09-27T18:50:27.4107891Z Setup go version spec 1.26.0
2026-09-27T18:50:27.4119720Z Attempting to download 1.26.0...
2026-09-27T18:50:27.8836732Z matching 1.26.0...
2026-09-27T18:50:27.8855378Z Acquiring 1.26.0 from https://github.com/actions/go-versions/releases/download/1.26.0-21889650668/go-1.26.0-win32-x64.zip
2026-09-27T18:50:28.5123619Z Extracting Go...
2026-09-27T18:50:28.5933597Z [command]"C:\Program Files\PowerShell\7\pwsh.exe" -NoLogo -NoProfile -NonInteractive -ExecutionPolicy Unrestricted -Command "$ErrorActionPreference = 'Stop' ; try { Add-Type -AssemblyName System.IO.Compression.ZipFile } catch { } ; try { [System.IO.Compression.ZipFile]::ExtractToDirectory('D:\a\_temp\go-1.26.0-win32-x64.zip', 'D:\a\_temp\fd6c4160-ddb7-4eda-ac48-f0b3491d39d5', $true) } catch { if (($_.Exception.GetType().FullName -eq 'System.Management.Automation.MethodException') -or ($_.Exception.GetType().FullName -eq 'System.Management.Automation.RuntimeException') ){ Expand-Archive -LiteralPath 'D:\a\_temp\go-1.26.0-win32-x64.zip' -DestinationPath 'D:\a\_temp\fd6c4160-ddb7-4eda-ac48-f0b3491d39d5' -Force } else { throw $_ } } ;"
2026-09-27T18:50:33.4271791Z Successfully extracted go to D:\a\_temp\fd6c4160-ddb7-4eda-ac48-f0b3491d39d5
2026-09-27T18:50:33.4272312Z Adding to the cache ...
2026-09-27T18:50:44.0805369Z Created link C:\hostedtoolcache\windows\go\1.26.0\x64 => D:\hostedtoolcache\windows\go\1.26.0\x64
2026-09-27T18:50:44.0813860Z Created link C:\hostedtoolcache\windows\go\1.26.0\x64.complete => D:\hostedtoolcache\windows\go\1.26.0\x64.complete
2026-09-27T18:50:44.0815118Z Successfully cached go to C:\hostedtoolcache\windows\go\1.26.0\x64
2026-09-27T18:50:44.0820690Z Added go to the path
2026-09-27T18:50:44.0822851Z Successfully set up Go version 1.26.0
2026-09-27T18:50:44.4207647Z [command]C:\hostedtoolcache\windows\go\1.26.0\x64\bin\go.exe env GOMODCACHE
2026-09-27T18:50:44.4263005Z [command]C:\hostedtoolcache\windows\go\1.26.0\x64\bin\go.exe env GOCACHE
2026-09-27T18:50:44.4511082Z C:\Users\runneradmin\go\pkg\mod
2026-09-27T18:50:44.4559901Z C:\Users\runneradmin\AppData\Local\go-build
2026-09-27T18:50:44.4608279Z ##[warning]Restore cache failed: Dependencies file is not found in D:\a\wootc\wootc. Supported file pattern: go.mod
2026-09-27T18:50:44.4625038Z go version go1.26.0 windows/amd64
2026-09-27T18:50:44.4625362Z 
2026-09-27T18:50:44.4625825Z ##[group]go env
2026-09-27T18:50:47.5708533Z set AR=ar
2026-09-27T18:50:47.5708870Z set CC=gcc
2026-09-27T18:50:47.5709262Z set CGO_CFLAGS=-O2 -g
2026-09-27T18:50:47.5709701Z set CGO_CPPFLAGS=
2026-09-27T18:50:47.5710117Z set CGO_CXXFLAGS=-O2 -g
2026-09-27T18:50:47.5710477Z set CGO_ENABLED=1
2026-09-27T18:50:47.5710792Z set CGO_FFLAGS=-O2 -g
2026-09-27T18:50:47.5711130Z set CGO_LDFLAGS=-O2 -g
2026-09-27T18:50:47.5711470Z set CXX=g++
2026-09-27T18:50:47.5712032Z set GCCGO=gccgo
2026-09-27T18:50:47.5712371Z set GO111MODULE=
2026-09-27T18:50:47.5712665Z set GOAMD64=v1
2026-09-27T18:50:47.5712946Z set GOARCH=amd64
2026-09-27T18:50:47.5713324Z set GOAUTH=netrc
2026-09-27T18:50:47.5713622Z set GOBIN=
2026-09-27T18:50:47.5714067Z set GOCACHE=C:\Users\runneradmin\AppData\Local\go-build
2026-09-27T18:50:47.5714562Z set GOCACHEPROG=
2026-09-27T18:50:47.5714753Z set GODEBUG=
2026-09-27T18:50:47.5715021Z set GOENV=C:\Users\runneradmin\AppData\Roaming\go\env
2026-09-27T18:50:47.5715311Z set GOEXE=.exe
2026-09-27T18:50:47.5715498Z set GOEXPERIMENT=
2026-09-27T18:50:47.5715693Z set GOFIPS140=off
2026-09-27T18:50:47.5715868Z set GOFLAGS=
2026-09-27T18:50:47.5718696Z set GOGCCFLAGS=-m64 -mthreads -Wl,--no-gc-sections -fmessage-length=0 -ffile-prefix-map=C:\Users\RUNNER~1\AppData\Local\Temp\go-build3240179046=/tmp/go-build -gno-record-gcc-switches
2026-09-27T18:50:47.5719571Z set GOHOSTARCH=amd64
2026-09-27T18:50:47.5719810Z set GOHOSTOS=windows
2026-09-27T18:50:47.5720002Z set GOINSECURE=
2026-09-27T18:50:47.5720179Z set GOMOD=NUL
2026-09-27T18:50:47.5720417Z set GOMODCACHE=C:\Users\runneradmin\go\pkg\mod
2026-09-27T18:50:47.5720694Z set GONOPROXY=
2026-09-27T18:50:47.5720871Z set GONOSUMDB=
2026-09-27T18:50:47.5721042Z set GOOS=windows
2026-09-27T18:50:47.5721263Z set GOPATH=C:\Users\runneradmin\go
2026-09-27T18:50:47.5721529Z set GOPRIVATE=
2026-09-27T18:50:47.5721824Z set GOPROXY=https://proxy.golang.org,direct
2026-09-27T18:50:47.5722190Z set GOROOT=C:\hostedtoolcache\windows\go\1.26.0\x64
2026-09-27T18:50:47.5722502Z set GOSUMDB=sum.golang.org
2026-09-27T18:50:47.5722724Z set GOTELEMETRY=local
2026-09-27T18:50:47.5723058Z set GOTELEMETRYDIR=C:\Users\runneradmin\AppData\Roaming\go\telemetry
2026-09-27T18:50:47.5723401Z set GOTMPDIR=
2026-09-27T18:50:47.5723808Z set GOTOOLCHAIN=local
2026-09-27T18:50:47.5724189Z set GOTOOLDIR=C:\hostedtoolcache\windows\go\1.26.0\x64\pkg\tool\windows_amd64
2026-09-27T18:50:47.5724550Z set GOVCS=
2026-09-27T18:50:47.5724733Z set GOVERSION=go1.26.0
2026-09-27T18:50:47.5724915Z set GOWORK=
2026-09-27T18:50:47.5725107Z set PKG_CONFIG=pkg-config
2026-09-27T18:50:47.5725242Z 
2026-09-27T18:50:47.5725752Z ##[endgroup]
2026-09-27T18:50:47.6060313Z ##[group]Run dotnet publish shell/Wootc.Shell/Wootc.Shell.csproj --configuration Release --runtime win-x64 -p:Platform=x64 -p:NativeBuildId=a68dcec66fe88cb8a26f1c5f78ff350124fc613a -p:NativeBrandId=bazzite --output out/branded-preview
2026-09-27T18:50:47.6062116Z [36;1mdotnet publish shell/Wootc.Shell/Wootc.Shell.csproj --configuration Release --runtime win-x64 -p:Platform=x64 -p:NativeBuildId=a68dcec66fe88cb8a26f1c5f78ff350124fc613a -p:NativeBrandId=bazzite --output out/branded-preview[0m
2026-09-27T18:50:47.6063193Z [36;1mif ($LASTEXITCODE -ne 0) { throw 'Branded native publish refused' }[0m
2026-09-27T18:50:47.6063673Z [36;1mNew-Item -ItemType Directory -Force app/frontend/dist | Out-Null[0m
2026-09-27T18:50:47.6064464Z [36;1mSet-Content app/frontend/dist/index.html '<!doctype html><title>Native engine preview</title>'[0m
2026-09-27T18:50:47.6064928Z [36;1mPush-Location app[0m
2026-09-27T18:50:47.6065720Z [36;1mtry { go build -ldflags "-X main.nativeBuildID=a68dcec66fe88cb8a26f1c5f78ff350124fc613a -X main.brandID=bazzite" -o ../out/branded-preview/wootc-engine.exe . } finally { Pop-Location }[0m
2026-09-27T18:50:47.6066633Z [36;1mif ($LASTEXITCODE -ne 0) { throw 'Branded engine build refused' }[0m
2026-09-27T18:50:47.6592501Z shell: C:\Program Files\PowerShell\7\pwsh.EXE -command ". '{0}'"
2026-09-27T18:50:47.6592887Z env:
2026-09-27T18:50:47.6593091Z   DOTNET_ROOT: C:\Program Files\dotnet
2026-09-27T18:50:47.6593477Z   GOTOOLCHAIN: local
2026-09-27T18:50:47.6593826Z ##[endgroup]
2026-09-27T18:50:56.2158687Z   Determining projects to restore...
2026-09-27T18:50:58.8514026Z   Restored D:\a\wootc\wootc\shell\Wootc.Shell.Core\Wootc.Shell.Core.csproj (in 172 ms).
2026-09-27T18:51:00.6057746Z   Restored D:\a\wootc\wootc\shell\Wootc.Shell.Native\Wootc.Shell.Native.csproj (in 2.01 sec).
2026-09-27T18:51:26.3341124Z   Restored D:\a\wootc\wootc\shell\Wootc.Shell\Wootc.Shell.csproj (in 27.73 sec).
2026-09-27T18:51:33.4921156Z   Wootc.Shell.Core -> D:\a\wootc\wootc\shell\Wootc.Shell.Core\bin\x64\Release\net8.0\Wootc.Shell.Core.dll
2026-09-27T18:51:34.6908460Z   Wootc.Shell.Native -> D:\a\wootc\wootc\shell\Wootc.Shell.Native\bin\x64\Release\net8.0-windows10.0.19041.0\Wootc.Shell.Native.dll
2026-09-27T18:51:47.8514321Z   Wootc.Shell -> D:\a\wootc\wootc\shell\Wootc.Shell\bin\x64\Release\net8.0-windows10.0.19041.0\win-x64\Wootc.Shell.dll
2026-09-27T18:51:49.7211621Z   Wootc.Shell -> D:\a\wootc\wootc\out\branded-preview\
2026-09-27T18:51:50.2463934Z go: downloading github.com/tredoe/osutil v1.5.0
2026-09-27T18:51:50.2506090Z go: downloading github.com/wailsapp/wails/v2 v2.16.0
2026-09-27T18:51:53.1449869Z go: downloading golang.org/x/sys v0.48.0
2026-09-27T18:51:53.1450560Z go: downloading golang.org/x/crypto v0.57.0
2026-09-27T18:51:53.1451108Z go: downloading golang.org/x/mod v0.41.0
2026-09-27T18:51:54.2468227Z go: downloading github.com/leaanthony/u v1.1.1
2026-09-27T18:51:54.2482996Z go: downloading github.com/leaanthony/slicer v1.6.0
2026-09-27T18:51:54.2996738Z go: downloading github.com/leaanthony/go-ansi-parser v1.6.1
2026-09-27T18:51:54.3013182Z go: downloading github.com/pkg/errors v0.9.1
2026-09-27T18:51:54.3305883Z go: downloading github.com/wailsapp/go-webview2 v1.0.22
2026-09-27T18:51:54.4778483Z go: downloading github.com/rivo/uniseg v0.4.7
2026-09-27T18:52:13.7973224Z ##[group]Run ./shell/packaging/test-installed-preview.ps1 -BrandId 'bazzite' -BuildId 'a68dcec66fe88cb8a26f1c5f78ff350124fc613a' -PackageDirectory out/branded-preview -OutputDirectory out/preview-installer
2026-09-27T18:52:13.7976084Z [36;1m./shell/packaging/test-installed-preview.ps1 -BrandId 'bazzite' -BuildId 'a68dcec66fe88cb8a26f1c5f78ff350124fc613a' -PackageDirectory out/branded-preview -OutputDirectory out/preview-installer[0m
2026-09-27T18:52:13.8054031Z shell: C:\Program Files\PowerShell\7\pwsh.EXE -command ". '{0}'"
2026-09-27T18:52:13.8054393Z env:
2026-09-27T18:52:13.8054580Z   DOTNET_ROOT: C:\Program Files\dotnet
2026-09-27T18:52:13.8054837Z   GOTOOLCHAIN: local
2026-09-27T18:52:13.8055777Z ##[endgroup]
2026-09-27T18:52:14.6112216Z PASS actual root-reparse mutant accepts unsafe path; exact source restored and refuses it
2026-09-27T18:52:14.9347043Z PASS actual manifest writer, exclusive preservation, missing resources, wrong brand, root/child reparse refusals
2026-09-27T18:52:16.6813701Z PASS actual uninstaller observation: retained timeout, changed identity, directory, missing, later removal
2026-09-27T18:52:19.9437864Z Inno Setup 7 Command-Line Compiler
2026-09-27T18:52:19.9438999Z Copyright (C) 1997-2026 Jordan Russell. All rights reserved.
2026-09-27T18:52:19.9439503Z Portions Copyright (C) 2000-2026 Martijn Laan. All rights reserved.
2026-09-27T18:52:19.9440225Z Portions Copyright (C) 2001-2004 Alex Yackimoff. All rights reserved.
2026-09-27T18:52:19.9440633Z https://www.innosetup.com
2026-09-27T18:52:19.9440796Z 
2026-09-27T18:52:19.9654423Z Compiler engine version: Inno Setup 7.1.0
2026-09-27T18:52:19.9654796Z Non-commercial use only
2026-09-27T18:52:19.9654993Z 
2026-09-27T18:52:19.9839604Z Preprocessing
2026-09-27T18:52:19.9843074Z    Reading file: C:\Users\RUNNER~1\AppData\Local\Temp\wootc-preview-packaging-0cc6a02c84b24836940e3d82e192c39d\compiler\ISPPBuiltins.iss
2026-09-27T18:52:19.9852499Z Parsing [Setup] section, line 21
2026-09-27T18:52:19.9853003Z Parsing [Setup] section, line 22
2026-09-27T18:52:19.9853477Z Parsing [Setup] section, line 23
2026-09-27T18:52:19.9853934Z Parsing [Setup] section, line 24
2026-09-27T18:52:19.9854383Z Parsing [Setup] section, line 25
2026-09-27T18:52:19.9854767Z Parsing [Setup] section, line 26
2026-09-27T18:52:19.9855211Z Parsing [Setup] section, line 27
2026-09-27T18:52:19.9855682Z Parsing [Setup] section, line 28
2026-09-27T18:52:19.9856149Z Parsing [Setup] section, line 29
2026-09-27T18:52:19.9856596Z Parsing [Setup] section, line 30
2026-09-27T18:52:19.9857282Z Parsing [Setup] section, line 31
2026-09-27T18:52:19.9857659Z Parsing [Setup] section, line 32
2026-09-27T18:52:19.9857964Z Parsing [Setup] section, line 33
2026-09-27T18:52:19.9858256Z Parsing [Setup] section, line 34
2026-09-27T18:52:19.9858545Z Parsing [Setup] section, line 35
2026-09-27T18:52:19.9858841Z Parsing [Setup] section, line 36
2026-09-27T18:52:19.9859130Z Parsing [Setup] section, line 37
2026-09-27T18:52:19.9859435Z Parsing [Setup] section, line 38
2026-09-27T18:52:19.9859720Z Parsing [Setup] section, line 39
2026-09-27T18:52:19.9860013Z Reading file (WizardImageFile)
2026-09-27T18:52:19.9860319Z Reading file (WizardSmallImageFile)
2026-09-27T18:52:19.9860643Z Preparing Setup program executable
2026-09-27T18:52:20.0224476Z    Verification successful
2026-09-27T18:52:20.0249914Z    Updating icons (Setup.e32)
2026-09-27T18:52:20.0336251Z    Updating version info (Setup.e32)
2026-09-27T18:52:20.0350470Z Determining language code pages
2026-09-27T18:52:20.0351836Z    Reading file: C:\Users\RUNNER~1\AppData\Local\Temp\wootc-preview-packaging-0cc6a02c84b24836940e3d82e192c39d\compiler\Default.isl
2026-09-27T18:52:20.0356331Z    Messages in script file
2026-09-27T18:52:20.0356761Z Reading default messages from Default.isl
2026-09-27T18:52:20.0362773Z Parsing [LangOptions], [Messages], and [CustomMessages] sections
2026-09-27T18:52:20.0365892Z    Reading file: C:\Users\RUNNER~1\AppData\Local\Temp\wootc-preview-packaging-0cc6a02c84b24836940e3d82e192c39d\compiler\Default.isl
2026-09-27T18:52:20.0366946Z    Messages in script file
2026-09-27T18:52:20.0367218Z Reading [Code] section
2026-09-27T18:52:20.0367478Z Parsing [Icons] section, line 45
2026-09-27T18:52:20.0367994Z Parsing [Files] section, line 42
2026-09-27T18:52:20.0441126Z Compiling [Code] section
2026-09-27T18:52:20.0502458Z Creating setup files
2026-09-27T18:52:20.0586428Z    Verification successful
2026-09-27T18:52:20.0594824Z    Updating icons (Setup.exe)
2026-09-27T18:52:20.0623079Z    Compressing: \\?\D:\a\wootc\wootc\out\branded-preview\clretwrc.dll
2026-09-27T18:52:20.0656427Z    Compressing: \\?\D:\a\wootc\wootc\out\branded-preview\clrgc.dll
2026-09-27T18:52:20.0720781Z    Compressing: \\?\D:\a\wootc\wootc\out\branded-preview\clrjit.dll
2026-09-27T18:52:20.0893105Z    Compressing: \\?\D:\a\wootc\wootc\out\branded-preview\coreclr.dll
2026-09-27T18:52:20.1473384Z    Compressing: \\?\D:\a\wootc\wootc\out\branded-preview\CoreMessagingXP.dll
2026-09-27T18:52:20.1587667Z    Compressing: \\?\D:\a\wootc\wootc\out\branded-preview\createdump.exe
2026-09-27T18:52:20.1595416Z    Compressing: \\?\D:\a\wootc\wootc\out\branded-preview\dcompi.dll
2026-09-27T18:52:20.1910839Z    Compressing: \\?\D:\a\wootc\wootc\out\branded-preview\DirectML.dll
2026-09-27T18:52:23.5365620Z    Compressing: \\?\D:\a\wootc\wootc\out\branded-preview\dwmcorei.dll
2026-09-27T18:52:23.5638597Z    Compressing: \\?\D:\a\wootc\wootc\out\branded-preview\DwmSceneI.dll
2026-09-27T18:52:24.1673111Z    Compressing: \\?\D:\a\wootc\wootc\out\branded-preview\DWriteCore.dll
2026-09-27T18:52:24.2063402Z    Compressing: \\?\D:\a\wootc\wootc\out\branded-preview\hostfxr.dll
2026-09-27T18:52:24.2098333Z    Compressing: \\?\D:\a\wootc\wootc\out\branded-preview\hostpolicy.dll
2026-09-27T18:52:24.2145358Z    Compressing: \\?\D:\a\wootc\wootc\out\branded-preview\marshal.dll
2026-09-27T18:52:24.2225783Z    Compressing: \\?\D:\a\wootc\wootc\out\branded-preview\Microsoft.Asg.SemanticIndex.AiFabric.Compatibility.dll
2026-09-27T18:52:24.9789182Z    Compressing: \\?\D:\a\wootc\wootc\out\branded-preview\Microsoft.CSharp.dll
2026-09-27T18:52:24.9888980Z    Compressing: \\?\D:\a\wootc\wootc\out\branded-preview\Microsoft.DiaSymReader.Native.amd64.dll
2026-09-27T18:52:25.7696608Z    Compressing: \\?\D:\a\wootc\wootc\out\branded-preview\Microsoft.DirectManipulation.dll
2026-09-27T18:52:25.7759296Z    Compressing: \\?\D:\a\wootc\wootc\out\branded-preview\Microsoft.Foundation.winmd
2026-09-27T18:52:25.7761211Z    Compressing: \\?\D:\a\wootc\wootc\out\branded-preview\Microsoft.Graphics.Display.dll
2026-09-27T18:52:25.7783184Z    Compressing: \\?\D:\a\wootc\wootc\out\branded-preview\Microsoft.Graphics.Imaging.dll
2026-09-27T18:52:25.7797269Z    Compressing: \\?\D:\a\wootc\wootc\out\branded-preview\Microsoft.Graphics.Imaging.Projection.dll
2026-09-27T18:52:25.7800561Z    Compressing: \\?\D:\a\wootc\wootc\out\branded-preview\Microsoft.Graphics.Imaging.winmd
2026-09-27T18:52:25.7802858Z    Compressing: \\?\D:\a\wootc\wootc\out\branded-preview\Microsoft.Graphics.ImagingInternal.ImageObjectRemover.winmd
2026-09-27T18:52:25.7804687Z    Compressing: \\?\D:\a\wootc\wootc\out\branded-preview\Microsoft.Graphics.ImagingInternal.winmd
2026-09-27T18:52:25.7807084Z    Compressing: \\?\D:\a\wootc\wootc\out\branded-preview\Microsoft.Graphics.Internal.Imaging.winmd
2026-09-27T18:52:25.7809706Z    Compressing: \\?\D:\a\wootc\wootc\out\branded-preview\Microsoft.Graphics.winmd
2026-09-27T18:52:25.7812722Z    Compressing: \\?\D:\a\wootc\wootc\out\branded-preview\Microsoft.InputStateManager.dll
2026-09-27T18:52:25.7856303Z    Compressing: \\?\D:\a\wootc\wootc\out\branded-preview\Microsoft.InteractiveExperiences.Projection.dll
2026-09-27T18:52:26.5752174Z    Compressing: \\?\D:\a\wootc\wootc\out\branded-preview\Microsoft.Internal.FrameworkUdk.dll
2026-09-27T18:52:26.5899420Z    Compressing: \\?\D:\a\wootc\wootc\out\branded-preview\Microsoft.ML.OnnxRuntime.dll
2026-09-27T18:52:26.5938526Z    Compressing: \\?\D:\a\wootc\wootc\out\branded-preview\Microsoft.Security.Authentication.OAuth.Projection.dll
2026-09-27T18:52:26.5946641Z    Compressing: \\?\D:\a\wootc\wootc\out\branded-preview\Microsoft.Security.Authentication.OAuth.winmd
2026-09-27T18:52:26.5949581Z    Compressing: \\?\D:\a\wootc\wootc\out\branded-preview\Microsoft.UI.Composition.OSSupport.dll
2026-09-27T18:52:26.5956889Z    Compressing: \\?\D:\a\wootc\wootc\out\branded-preview\Microsoft.UI.Designer.dll
2026-09-27T18:52:26.5969451Z    Compressing: \\?\D:\a\wootc\wootc\out\branded-preview\Microsoft.UI.dll
2026-09-27T18:52:26.5986608Z    Compressing: \\?\D:\a\wootc\wootc\out\branded-preview\Microsoft.UI.Input.dll
2026-09-27T18:52:26.6136846Z    Compressing: \\?\D:\a\wootc\wootc\out\branded-preview\Microsoft.UI.pri
2026-09-27T18:52:26.6145862Z    Compressing: \\?\D:\a\wootc\wootc\out\branded-preview\Microsoft.UI.Text.winmd
2026-09-27T18:52:26.6150029Z    Compressing: \\?\D:\a\wootc\wootc\out\branded-preview\Microsoft.UI.Windowing.Core.dll
2026-09-27T18:52:26.6214937Z    Compressing: \\?\D:\a\wootc\wootc\out\branded-preview\Microsoft.UI.Windowing.dll
2026-09-27T18:52:26.6295515Z    Compressing: \\?\D:\a\wootc\wootc\out\branded-preview\Microsoft.UI.winmd
2026-09-27T18:52:27.2898788Z    Compressing: \\?\D:\a\wootc\wootc\out\branded-preview\Microsoft.UI.Xaml.Controls.dll
2026-09-27T18:52:28.1824549Z    Compressing: \\?\D:\a\wootc\wootc\out\branded-preview\Microsoft.UI.Xaml.Controls.pri
2026-09-27T18:52:28.2022834Z    Compressing: \\?\D:\a\wootc\wootc\out\branded-preview\Microsoft.ui.xaml.dll
2026-09-27T18:52:30.7856519Z    Compressing: \\?\D:\a\wootc\wootc\out\branded-preview\Microsoft.UI.Xaml.Internal.dll
2026-09-27T18:52:31.5021890Z    Compressing: \\?\D:\a\wootc\wootc\out\branded-preview\Microsoft.UI.Xaml.Phone.dll
2026-09-27T18:52:31.5196550Z    Compressing: \\?\D:\a\wootc\wootc\out\branded-preview\Microsoft.ui.xaml.resources.19h1.dll
2026-09-27T18:52:31.5322363Z    Compressing: \\?\D:\a\wootc\wootc\out\branded-preview\Microsoft.ui.xaml.resources.common.dll
2026-09-27T18:52:31.5328300Z    Compressing: \\?\D:\a\wootc\wootc\out\branded-preview\Microsoft.UI.Xaml.winmd
2026-09-27T18:52:31.5490742Z    Compressing: \\?\D:\a\wootc\wootc\out\branded-preview\Microsoft.VisualBasic.Core.dll
2026-09-27T18:52:32.1821916Z    Compressing: \\?\D:\a\wootc\wootc\out\branded-preview\Microsoft.VisualBasic.dll
2026-09-27T18:52:32.1825647Z    Compressing: \\?\D:\a\wootc\wootc\out\branded-preview\Microsoft.Web.WebView2.Core.dll
2026-09-27T18:52:32.1934883Z    Compressing: \\?\D:\a\wootc\wootc\out\branded-preview\Microsoft.Web.WebView2.Core.Projection.dll
2026-09-27T18:52:32.2022059Z    Compressing: \\?\D:\a\wootc\wootc\out\branded-preview\Microsoft.Win32.Primitives.dll
2026-09-27T18:52:32.2024500Z    Compressing: \\?\D:\a\wootc\wootc\out\branded-preview\Microsoft.Win32.Registry.dll
2026-09-27T18:52:32.2037035Z    Compressing: \\?\D:\a\wootc\wootc\out\branded-preview\Microsoft.Windows.AI.AICapabilities.dll
2026-09-27T18:52:32.2049535Z    Compressing: \\?\D:\a\wootc\wootc\out\branded-preview\Microsoft.Windows.AI.ContentModerationInternal.winmd
2026-09-27T18:52:32.2051139Z    Compressing: \\?\D:\a\wootc\wootc\out\branded-preview\Microsoft.Windows.AI.ContentSafety.dll
2026-09-27T18:52:32.2062459Z    Compressing: \\?\D:\a\wootc\wootc\out\branded-preview\Microsoft.Windows.AI.ContentSafety.Projection.dll
2026-09-27T18:52:32.2066528Z    Compressing: \\?\D:\a\wootc\wootc\out\branded-preview\Microsoft.Windows.AI.ContentSafety.winmd
2026-09-27T18:52:32.2068807Z    Compressing: \\?\D:\a\wootc\wootc\out\branded-preview\Microsoft.Windows.AI.Foundation.Projection.dll
2026-09-27T18:52:32.2071874Z    Compressing: \\?\D:\a\wootc\wootc\out\branded-preview\Microsoft.Windows.AI.Foundation.winmd
2026-09-27T18:52:32.2073846Z    Compressing: \\?\D:\a\wootc\wootc\out\branded-preview\Microsoft.Windows.AI.FoundationInternal.winmd
2026-09-27T18:52:32.2075820Z    Compressing: \\?\D:\a\wootc\wootc\out\branded-preview\Microsoft.Windows.AI.GenerativeInternal.winmd
2026-09-27T18:52:32.2079572Z    Compressing: \\?\D:\a\wootc\wootc\out\branded-preview\Microsoft.Windows.AI.Imaging.dll
2026-09-27T18:52:32.2151011Z    Compressing: \\?\D:\a\wootc\wootc\out\branded-preview\Microsoft.Windows.AI.Imaging.Projection.dll
2026-09-27T18:52:32.2159659Z    Compressing: \\?\D:\a\wootc\wootc\out\branded-preview\Microsoft.Windows.AI.Imaging.winmd
2026-09-27T18:52:32.2162529Z    Compressing: \\?\D:\a\wootc\wootc\out\branded-preview\Microsoft.Windows.AI.MachineLearning.dll
2026-09-27T18:52:32.2279028Z    Compressing: \\?\D:\a\wootc\wootc\out\branded-preview\Microsoft.Windows.AI.MachineLearning.Projection.dll
2026-09-27T18:52:32.2292473Z    Compressing: \\?\D:\a\wootc\wootc\out\branded-preview\Microsoft.Windows.AI.Projection.dll
2026-09-27T18:52:32.2297415Z    Compressing: \\?\D:\a\wootc\wootc\out\branded-preview\Microsoft.Windows.AI.Search.Experimental.dll
2026-09-27T18:52:32.8045788Z    Compressing: \\?\D:\a\wootc\wootc\out\branded-preview\Microsoft.Windows.AI.Text.dll
2026-09-27T18:52:32.8151871Z    Compressing: \\?\D:\a\wootc\wootc\out\branded-preview\Microsoft.Windows.AI.Text.Projection.dll
2026-09-27T18:52:32.8162612Z    Compressing: \\?\D:\a\wootc\wootc\out\branded-preview\Microsoft.Windows.AI.Text.winmd
2026-09-27T18:52:32.8165613Z    Compressing: \\?\D:\a\wootc\wootc\out\branded-preview\Microsoft.Windows.AI.Video.dll
2026-09-27T18:52:32.8217309Z    Compressing: \\?\D:\a\wootc\wootc\out\branded-preview\Microsoft.Windows.AI.Video.Projection.dll
2026-09-27T18:52:32.8222542Z    Compressing: \\?\D:\a\wootc\wootc\out\branded-preview\Microsoft.Windows.AI.Video.winmd
2026-09-27T18:52:32.8224408Z    Compressing: \\?\D:\a\wootc\wootc\out\branded-preview\Microsoft.Windows.AI.winmd
2026-09-27T18:52:32.8226762Z    Compressing: \\?\D:\a\wootc\wootc\out\branded-preview\Microsoft.Windows.ApplicationModel.Background.Projection.dll
2026-09-27T18:52:32.8229853Z    Compressing: \\?\D:\a\wootc\wootc\out\branded-preview\Microsoft.Windows.ApplicationModel.Background.UniversalBGTask.dll
2026-09-27T18:52:32.8239718Z    Compressing: \\?\D:\a\wootc\wootc\out\branded-preview\Microsoft.Windows.ApplicationModel.Background.UniversalBGTask.winmd
2026-09-27T18:52:32.8241690Z    Compressing: \\?\D:\a\wootc\wootc\out\branded-preview\Microsoft.Windows.ApplicationModel.Background.winmd
2026-09-27T18:52:32.8243811Z    Compressing: \\?\D:\a\wootc\wootc\out\branded-preview\Microsoft.Windows.ApplicationModel.DynamicDependency.Projection.dll
2026-09-27T18:52:32.8248568Z    Compressing: \\?\D:\a\wootc\wootc\out\branded-preview\Microsoft.Windows.ApplicationModel.DynamicDependency.winmd
2026-09-27T18:52:32.8250909Z    Compressing: \\?\D:\a\wootc\wootc\out\branded-preview\Microsoft.Windows.ApplicationModel.Resources.dll
2026-09-27T18:52:32.8267220Z    Compressing: \\?\D:\a\wootc\wootc\out\branded-preview\Microsoft.Windows.ApplicationModel.Resources.Projection.dll
2026-09-27T18:52:32.8273920Z    Compressing: \\?\D:\a\wootc\wootc\out\branded-preview\Microsoft.Windows.ApplicationModel.Resources.winmd
2026-09-27T18:52:32.8277630Z    Compressing: \\?\D:\a\wootc\wootc\out\branded-preview\Microsoft.Windows.ApplicationModel.WindowsAppRuntime.Projection.dll
2026-09-27T18:52:32.8283779Z    Compressing: \\?\D:\a\wootc\wootc\out\branded-preview\Microsoft.Windows.ApplicationModel.WindowsAppRuntime.winmd
2026-09-27T18:52:32.8286383Z    Compressing: \\?\D:\a\wootc\wootc\out\branded-preview\Microsoft.Windows.AppLifecycle.Projection.dll
2026-09-27T18:52:32.8290711Z    Compressing: \\?\D:\a\wootc\wootc\out\branded-preview\Microsoft.Windows.AppLifecycle.winmd
2026-09-27T18:52:32.8293041Z    Compressing: \\?\D:\a\wootc\wootc\out\branded-preview\Microsoft.Windows.AppNotifications.Builder.Projection.dll
2026-09-27T18:52:32.8300164Z    Compressing: \\?\D:\a\wootc\wootc\out\branded-preview\Microsoft.Windows.AppNotifications.Builder.winmd
2026-09-27T18:52:32.8302941Z    Compressing: \\?\D:\a\wootc\wootc\out\branded-preview\Microsoft.Windows.AppNotifications.Projection.dll
2026-09-27T18:52:32.8309328Z    Compressing: \\?\D:\a\wootc\wootc\out\branded-preview\Microsoft.Windows.AppNotifications.winmd
2026-09-27T18:52:32.8311424Z    Compressing: \\?\D:\a\wootc\wootc\out\branded-preview\Microsoft.Windows.BadgeNotifications.Projection.dll
2026-09-27T18:52:32.8313993Z    Compressing: \\?\D:\a\wootc\wootc\out\branded-preview\Microsoft.Windows.BadgeNotifications.winmd
2026-09-27T18:52:32.8315687Z    Compressing: \\?\D:\a\wootc\wootc\out\branded-preview\Microsoft.Windows.Foundation.Projection.dll
2026-09-27T18:52:32.8319110Z    Compressing: \\?\D:\a\wootc\wootc\out\branded-preview\Microsoft.Windows.Foundation.winmd
2026-09-27T18:52:32.8321309Z    Compressing: \\?\D:\a\wootc\wootc\out\branded-preview\Microsoft.Windows.Globalization.winmd
2026-09-27T18:52:32.8323000Z    Compressing: \\?\D:\a\wootc\wootc\out\branded-preview\Microsoft.Windows.ImageCreationInternal.winmd
2026-09-27T18:52:32.8325115Z    Compressing: \\?\D:\a\wootc\wootc\out\branded-preview\Microsoft.Windows.Internal.AI.ContentModeration.winmd
2026-09-27T18:52:32.8327082Z    Compressing: \\?\D:\a\wootc\wootc\out\branded-preview\Microsoft.Windows.Internal.AI.Generative.winmd
2026-09-27T18:52:32.8329948Z    Compressing: \\?\D:\a\wootc\wootc\out\branded-preview\Microsoft.Windows.Internal.ImageCreation.winmd
2026-09-27T18:52:32.8332006Z    Compressing: \\?\D:\a\wootc\wootc\out\branded-preview\Microsoft.Windows.Internal.SemanticSearch.winmd
2026-09-27T18:52:32.8334214Z    Compressing: \\?\D:\a\wootc\wootc\out\branded-preview\Microsoft.Windows.Internal.Vision.winmd
2026-09-27T18:52:32.8336143Z    Compressing: \\?\D:\a\wootc\wootc\out\branded-preview\Microsoft.Windows.Management.Deployment.Projection.dll
2026-09-27T18:52:32.8352617Z    Compressing: \\?\D:\a\wootc\wootc\out\branded-preview\Microsoft.Windows.Management.Deployment.winmd
2026-09-27T18:52:32.8357023Z    Compressing: \\?\D:\a\wootc\wootc\out\branded-preview\Microsoft.Windows.Media.Capture.Projection.dll
2026-09-27T18:52:32.8361344Z    Compressing: \\?\D:\a\wootc\wootc\out\branded-preview\Microsoft.Windows.Media.Capture.winmd
2026-09-27T18:52:32.8363452Z    Compressing: \\?\D:\a\wootc\wootc\out\branded-preview\Microsoft.Windows.Private.Workloads.SessionManager.winmd
2026-09-27T18:52:32.8365331Z    Compressing: \\?\D:\a\wootc\wootc\out\branded-preview\Microsoft.Windows.PrivateCommon.winmd
2026-09-27T18:52:32.8367596Z    Compressing: \\?\D:\a\wootc\wootc\out\branded-preview\Microsoft.Windows.PushNotifications.Projection.dll
2026-09-27T18:52:32.8372160Z    Compressing: \\?\D:\a\wootc\wootc\out\branded-preview\Microsoft.Windows.PushNotifications.winmd
2026-09-27T18:52:32.8373997Z    Compressing: \\?\D:\a\wootc\wootc\out\branded-preview\Microsoft.Windows.SDK.NET.dll
2026-09-27T18:52:36.3276915Z    Compressing: \\?\D:\a\wootc\wootc\out\branded-preview\Microsoft.Windows.Search.dll
2026-09-27T18:52:36.9734001Z    Compressing: \\?\D:\a\wootc\wootc\out\branded-preview\Microsoft.Windows.Search.Projection.dll
2026-09-27T18:52:36.9751852Z    Compressing: \\?\D:\a\wootc\wootc\out\branded-preview\Microsoft.Windows.Search.winmd
2026-09-27T18:52:36.9756817Z    Compressing: \\?\D:\a\wootc\wootc\out\branded-preview\Microsoft.Windows.Security.AccessControl.Projection.dll
2026-09-27T18:52:36.9759254Z    Compressing: \\?\D:\a\wootc\wootc\out\branded-preview\Microsoft.Windows.Security.AccessControl.winmd
2026-09-27T18:52:36.9760879Z    Compressing: \\?\D:\a\wootc\wootc\out\branded-preview\Microsoft.Windows.SemanticSearch.winmd
2026-09-27T18:52:36.9762688Z    Compressing: \\?\D:\a\wootc\wootc\out\branded-preview\Microsoft.Windows.SemanticSearchInternal.winmd
2026-09-27T18:52:36.9764960Z    Compressing: \\?\D:\a\wootc\wootc\out\branded-preview\Microsoft.Windows.Storage.Pickers.Projection.dll
2026-09-27T18:52:36.9771536Z    Compressing: \\?\D:\a\wootc\wootc\out\branded-preview\Microsoft.Windows.Storage.Pickers.winmd
2026-09-27T18:52:36.9773860Z    Compressing: \\?\D:\a\wootc\wootc\out\branded-preview\Microsoft.Windows.Storage.Projection.dll
2026-09-27T18:52:36.9778190Z    Compressing: \\?\D:\a\wootc\wootc\out\branded-preview\Microsoft.Windows.Storage.winmd
2026-09-27T18:52:36.9781094Z    Compressing: \\?\D:\a\wootc\wootc\out\branded-preview\Microsoft.Windows.System.Power.Projection.dll
2026-09-27T18:52:36.9784102Z    Compressing: \\?\D:\a\wootc\wootc\out\branded-preview\Microsoft.Windows.System.Power.winmd
2026-09-27T18:52:36.9786463Z    Compressing: \\?\D:\a\wootc\wootc\out\branded-preview\Microsoft.Windows.System.Projection.dll
2026-09-27T18:52:36.9789438Z    Compressing: \\?\D:\a\wootc\wootc\out\branded-preview\Microsoft.Windows.System.winmd
2026-09-27T18:52:36.9791283Z    Compressing: \\?\D:\a\wootc\wootc\out\branded-preview\Microsoft.Windows.Vision.winmd
2026-09-27T18:52:36.9792915Z    Compressing: \\?\D:\a\wootc\wootc\out\branded-preview\Microsoft.Windows.VisionInternal.winmd
2026-09-27T18:52:36.9794944Z    Compressing: \\?\D:\a\wootc\wootc\out\branded-preview\Microsoft.Windows.Widgets.dll
2026-09-27T18:52:37.0065024Z    Compressing: \\?\D:\a\wootc\wootc\out\branded-preview\Microsoft.Windows.Widgets.Projection.dll
2026-09-27T18:52:37.6272083Z    Compressing: \\?\D:\a\wootc\wootc\out\branded-preview\Microsoft.Windows.Widgets.winmd
2026-09-27T18:52:37.6277045Z    Compressing: \\?\D:\a\wootc\wootc\out\branded-preview\Microsoft.Windows.Workloads.dll
2026-09-27T18:52:37.6339121Z    Compressing: \\?\D:\a\wootc\wootc\out\branded-preview\Microsoft.Windows.Workloads.pri
2026-09-27T18:52:37.6340427Z    Compressing: \\?\D:\a\wootc\wootc\out\branded-preview\Microsoft.Windows.Workloads.Resources.dll
2026-09-27T18:52:37.6366697Z    Compressing: \\?\D:\a\wootc\wootc\out\branded-preview\Microsoft.Windows.Workloads.Resources_ec.dll
2026-09-27T18:52:37.6391385Z    Compressing: \\?\D:\a\wootc\wootc\out\branded-preview\Microsoft.Windows.Workloads.winmd
2026-09-27T18:52:37.6393957Z    Compressing: \\?\D:\a\wootc\wootc\out\branded-preview\Microsoft.WindowsAppRuntime.Bootstrap.dll
2026-09-27T18:52:37.6456631Z    Compressing: \\?\D:\a\wootc\wootc\out\branded-preview\Microsoft.WindowsAppRuntime.Bootstrap.Net.dll
2026-09-27T18:52:37.6459917Z    Compressing: \\?\D:\a\wootc\wootc\out\branded-preview\Microsoft.WindowsAppRuntime.dll
2026-09-27T18:52:37.6756310Z    Compressing: \\?\D:\a\wootc\wootc\out\branded-preview\Microsoft.WindowsAppRuntime.pri
2026-09-27T18:52:37.6758116Z    Compressing: \\?\D:\a\wootc\wootc\out\branded-preview\Microsoft.WinUI.dll
2026-09-27T18:52:39.4630403Z    Compressing: \\?\D:\a\wootc\wootc\out\branded-preview\MRM.dll
2026-09-27T18:52:39.4658223Z    Compressing: \\?\D:\a\wootc\wootc\out\branded-preview\mscordaccore.dll
2026-09-27T18:52:39.4784848Z    Compressing: \\?\D:\a\wootc\wootc\out\branded-preview\mscordaccore_amd64_amd64_8.0.3126.42015.dll
2026-09-27T18:52:39.4916260Z    Compressing: \\?\D:\a\wootc\wootc\out\branded-preview\mscordbi.dll
2026-09-27T18:52:40.1185379Z    Compressing: \\?\D:\a\wootc\wootc\out\branded-preview\mscorlib.dll
2026-09-27T18:52:40.1191583Z    Compressing: \\?\D:\a\wootc\wootc\out\branded-preview\mscorrc.dll
2026-09-27T18:52:40.1205897Z    Compressing: \\?\D:\a\wootc\wootc\out\branded-preview\msquic.dll
2026-09-27T18:52:40.1258652Z    Compressing: \\?\D:\a\wootc\wootc\out\branded-preview\native-package.json
2026-09-27T18:52:40.1263925Z    Compressing: \\?\D:\a\wootc\wootc\out\branded-preview\netstandard.dll
2026-09-27T18:52:40.1273982Z    Compressing: \\?\D:\a\wootc\wootc\out\branded-preview\NPUDetect.dll
2026-09-27T18:52:40.1302178Z    Compressing: \\?\D:\a\wootc\wootc\out\branded-preview\onnxruntime.dll
2026-09-27T18:52:43.7941509Z    Compressing: \\?\D:\a\wootc\wootc\out\branded-preview\PerceptiveStreaming.dll
2026-09-27T18:52:44.3879711Z    Compressing: \\?\D:\a\wootc\wootc\out\branded-preview\PushNotificationsLongRunningTask.ProxyStub.dll
2026-09-27T18:52:44.3884695Z    Compressing: \\?\D:\a\wootc\wootc\out\branded-preview\RestartAgent.exe
2026-09-27T18:52:44.3897278Z    Compressing: \\?\D:\a\wootc\wootc\out\branded-preview\SessionHandleIPCProxyStub.dll
2026-09-27T18:52:44.3902959Z    Compressing: \\?\D:\a\wootc\wootc\out\branded-preview\System.AppContext.dll
2026-09-27T18:52:44.3906222Z    Compressing: \\?\D:\a\wootc\wootc\out\branded-preview\System.Buffers.dll
2026-09-27T18:52:44.3909034Z    Compressing: \\?\D:\a\wootc\wootc\out\branded-preview\System.Collections.Concurrent.dll
2026-09-27T18:52:44.3951366Z    Compressing: \\?\D:\a\wootc\wootc\out\branded-preview\System.Collections.dll
2026-09-27T18:52:44.3991060Z    Compressing: \\?\D:\a\wootc\wootc\out\branded-preview\System.Collections.Immutable.dll
2026-09-27T18:52:44.4071867Z    Compressing: \\?\D:\a\wootc\wootc\out\branded-preview\System.Collections.NonGeneric.dll
2026-09-27T18:52:44.4082626Z    Compressing: \\?\D:\a\wootc\wootc\out\branded-preview\System.Collections.Specialized.dll
2026-09-27T18:52:44.4093671Z    Compressing: \\?\D:\a\wootc\wootc\out\branded-preview\System.ComponentModel.Annotations.dll
2026-09-27T18:52:44.4121497Z    Compressing: \\?\D:\a\wootc\wootc\out\branded-preview\System.ComponentModel.DataAnnotations.dll
2026-09-27T18:52:44.4123643Z    Compressing: \\?\D:\a\wootc\wootc\out\branded-preview\System.ComponentModel.dll
2026-09-27T18:52:44.4127576Z    Compressing: \\?\D:\a\wootc\wootc\out\branded-preview\System.ComponentModel.EventBasedAsync.dll
2026-09-27T18:52:44.4133033Z    Compressing: \\?\D:\a\wootc\wootc\out\branded-preview\System.ComponentModel.Primitives.dll
2026-09-27T18:52:44.4141088Z    Compressing: \\?\D:\a\wootc\wootc\out\branded-preview\System.ComponentModel.TypeConverter.dll
2026-09-27T18:52:44.4212013Z    Compressing: \\?\D:\a\wootc\wootc\out\branded-preview\System.Configuration.dll
2026-09-27T18:52:44.4214523Z    Compressing: \\?\D:\a\wootc\wootc\out\branded-preview\System.Console.dll
2026-09-27T18:52:44.4230997Z    Compressing: \\?\D:\a\wootc\wootc\out\branded-preview\System.Core.dll
2026-09-27T18:52:44.4233687Z    Compressing: \\?\D:\a\wootc\wootc\out\branded-preview\System.Data.Common.dll
2026-09-27T18:52:44.9538411Z    Compressing: \\?\D:\a\wootc\wootc\out\branded-preview\System.Data.DataSetExtensions.dll
2026-09-27T18:52:44.9540079Z    Compressing: \\?\D:\a\wootc\wootc\out\branded-preview\System.Data.dll
2026-09-27T18:52:44.9543095Z    Compressing: \\?\D:\a\wootc\wootc\out\branded-preview\System.Diagnostics.Contracts.dll
2026-09-27T18:52:44.9545006Z    Compressing: \\?\D:\a\wootc\wootc\out\branded-preview\System.Diagnostics.Debug.dll
2026-09-27T18:52:44.9546987Z    Compressing: \\?\D:\a\wootc\wootc\out\branded-preview\System.Diagnostics.DiagnosticSource.dll
2026-09-27T18:52:44.9585644Z    Compressing: \\?\D:\a\wootc\wootc\out\branded-preview\System.Diagnostics.FileVersionInfo.dll
2026-09-27T18:52:44.9590604Z    Compressing: \\?\D:\a\wootc\wootc\out\branded-preview\System.Diagnostics.Process.dll
2026-09-27T18:52:44.9622055Z    Compressing: \\?\D:\a\wootc\wootc\out\branded-preview\System.Diagnostics.StackTrace.dll
2026-09-27T18:52:44.9626964Z    Compressing: \\?\D:\a\wootc\wootc\out\branded-preview\System.Diagnostics.TextWriterTraceListener.dll
2026-09-27T18:52:44.9633815Z    Compressing: \\?\D:\a\wootc\wootc\out\branded-preview\System.Diagnostics.Tools.dll
2026-09-27T18:52:44.9635759Z    Compressing: \\?\D:\a\wootc\wootc\out\branded-preview\System.Diagnostics.TraceSource.dll
2026-09-27T18:52:44.9649339Z    Compressing: \\?\D:\a\wootc\wootc\out\branded-preview\System.Diagnostics.Tracing.dll
2026-09-27T18:52:44.9652222Z    Compressing: \\?\D:\a\wootc\wootc\out\branded-preview\System.dll
2026-09-27T18:52:44.9657341Z    Compressing: \\?\D:\a\wootc\wootc\out\branded-preview\System.Drawing.dll
2026-09-27T18:52:44.9659929Z    Compressing: \\?\D:\a\wootc\wootc\out\branded-preview\System.Drawing.Primitives.dll
2026-09-27T18:52:44.9674013Z    Compressing: \\?\D:\a\wootc\wootc\out\branded-preview\System.Dynamic.Runtime.dll
2026-09-27T18:52:44.9675862Z    Compressing: \\?\D:\a\wootc\wootc\out\branded-preview\System.Formats.Asn1.dll
2026-09-27T18:52:44.9698862Z    Compressing: \\?\D:\a\wootc\wootc\out\branded-preview\System.Formats.Tar.dll
2026-09-27T18:52:44.9724603Z    Compressing: \\?\D:\a\wootc\wootc\out\branded-preview\System.Globalization.Calendars.dll
2026-09-27T18:52:44.9726705Z    Compressing: \\?\D:\a\wootc\wootc\out\branded-preview\System.Globalization.dll
2026-09-27T18:52:44.9728463Z    Compressing: \\?\D:\a\wootc\wootc\out\branded-preview\System.Globalization.Extensions.dll
2026-09-27T18:52:44.9730497Z    Compressing: \\?\D:\a\wootc\wootc\out\branded-preview\System.IO.Compression.Brotli.dll
2026-09-27T18:52:44.9738869Z    Compressing: \\?\D:\a\wootc\wootc\out\branded-preview\System.IO.Compression.dll
2026-09-27T18:52:44.9763594Z    Compressing: \\?\D:\a\wootc\wootc\out\branded-preview\System.IO.Compression.FileSystem.dll
2026-09-27T18:52:44.9765442Z    Compressing: \\?\D:\a\wootc\wootc\out\branded-preview\System.IO.Compression.Native.dll
2026-09-27T18:52:44.9841788Z    Compressing: \\?\D:\a\wootc\wootc\out\branded-preview\System.IO.Compression.ZipFile.dll
2026-09-27T18:52:44.9847534Z    Compressing: \\?\D:\a\wootc\wootc\out\branded-preview\System.IO.dll
2026-09-27T18:52:44.9850112Z    Compressing: \\?\D:\a\wootc\wootc\out\branded-preview\System.IO.FileSystem.AccessControl.dll
2026-09-27T18:52:44.9860494Z    Compressing: \\?\D:\a\wootc\wootc\out\branded-preview\System.IO.FileSystem.dll
2026-09-27T18:52:44.9863652Z    Compressing: \\?\D:\a\wootc\wootc\out\branded-preview\System.IO.FileSystem.DriveInfo.dll
2026-09-27T18:52:44.9870557Z    Compressing: \\?\D:\a\wootc\wootc\out\branded-preview\System.IO.FileSystem.Primitives.dll
2026-09-27T18:52:44.9874536Z    Compressing: \\?\D:\a\wootc\wootc\out\branded-preview\System.IO.FileSystem.Watcher.dll
2026-09-27T18:52:44.9884006Z    Compressing: \\?\D:\a\wootc\wootc\out\branded-preview\System.IO.IsolatedStorage.dll
2026-09-27T18:52:44.9894229Z    Compressing: \\?\D:\a\wootc\wootc\out\branded-preview\System.IO.MemoryMappedFiles.dll
2026-09-27T18:52:44.9903334Z    Compressing: \\?\D:\a\wootc\wootc\out\branded-preview\System.IO.Pipes.AccessControl.dll
2026-09-27T18:52:44.9906420Z    Compressing: \\?\D:\a\wootc\wootc\out\branded-preview\System.IO.Pipes.dll
2026-09-27T18:52:45.6295106Z    Compressing: \\?\D:\a\wootc\wootc\out\branded-preview\System.IO.UnmanagedMemoryStream.dll
2026-09-27T18:52:45.6297243Z    Compressing: \\?\D:\a\wootc\wootc\out\branded-preview\System.Linq.dll
2026-09-27T18:52:45.6347654Z    Compressing: \\?\D:\a\wootc\wootc\out\branded-preview\System.Linq.Expressions.dll
2026-09-27T18:52:45.6697873Z    Compressing: \\?\D:\a\wootc\wootc\out\branded-preview\System.Linq.Parallel.dll
2026-09-27T18:52:46.3304237Z    Compressing: \\?\D:\a\wootc\wootc\out\branded-preview\System.Linq.Queryable.dll
2026-09-27T18:52:46.3321873Z    Compressing: \\?\D:\a\wootc\wootc\out\branded-preview\System.Memory.dll
2026-09-27T18:52:46.3337648Z    Compressing: \\?\D:\a\wootc\wootc\out\branded-preview\System.Net.dll
2026-09-27T18:52:46.3340060Z    Compressing: \\?\D:\a\wootc\wootc\out\branded-preview\System.Net.Http.dll
2026-09-27T18:52:46.3499738Z    Compressing: \\?\D:\a\wootc\wootc\out\branded-preview\System.Net.Http.Json.dll
2026-09-27T18:52:46.3512196Z    Compressing: \\?\D:\a\wootc\wootc\out\branded-preview\System.Net.HttpListener.dll
2026-09-27T18:52:46.3563326Z    Compressing: \\?\D:\a\wootc\wootc\out\branded-preview\System.Net.Mail.dll
2026-09-27T18:52:46.3603688Z    Compressing: \\?\D:\a\wootc\wootc\out\branded-preview\System.Net.NameResolution.dll
2026-09-27T18:52:46.3614726Z    Compressing: \\?\D:\a\wootc\wootc\out\branded-preview\System.Net.NetworkInformation.dll
2026-09-27T18:52:46.3629850Z    Compressing: \\?\D:\a\wootc\wootc\out\branded-preview\System.Net.Ping.dll
2026-09-27T18:52:46.3639724Z    Compressing: \\?\D:\a\wootc\wootc\out\branded-preview\System.Net.Primitives.dll
2026-09-27T18:52:46.3662859Z    Compressing: \\?\D:\a\wootc\wootc\out\branded-preview\System.Net.Quic.dll
2026-09-27T18:52:46.3691969Z    Compressing: \\?\D:\a\wootc\wootc\out\branded-preview\System.Net.Requests.dll
2026-09-27T18:52:46.3741932Z    Compressing: \\?\D:\a\wootc\wootc\out\branded-preview\System.Net.Security.dll
2026-09-27T18:52:46.9544381Z    Compressing: \\?\D:\a\wootc\wootc\out\branded-preview\System.Net.ServicePoint.dll
2026-09-27T18:52:46.9551537Z    Compressing: \\?\D:\a\wootc\wootc\out\branded-preview\System.Net.Sockets.dll
2026-09-27T18:52:46.9612771Z    Compressing: \\?\D:\a\wootc\wootc\out\branded-preview\System.Net.WebClient.dll
2026-09-27T18:52:46.9630955Z    Compressing: \\?\D:\a\wootc\wootc\out\branded-preview\System.Net.WebHeaderCollection.dll
2026-09-27T18:52:46.9638842Z    Compressing: \\?\D:\a\wootc\wootc\out\branded-preview\System.Net.WebProxy.dll
2026-09-27T18:52:46.9645023Z    Compressing: \\?\D:\a\wootc\wootc\out\branded-preview\System.Net.WebSockets.Client.dll
2026-09-27T18:52:46.9655822Z    Compressing: \\?\D:\a\wootc\wootc\out\branded-preview\System.Net.WebSockets.dll
2026-09-27T18:52:46.9674461Z    Compressing: \\?\D:\a\wootc\wootc\out\branded-preview\System.Numerics.dll
2026-09-27T18:52:46.9677634Z    Compressing: \\?\D:\a\wootc\wootc\out\branded-preview\System.Numerics.Tensors.dll
2026-09-27T18:52:46.9737613Z    Compressing: \\?\D:\a\wootc\wootc\out\branded-preview\System.Numerics.Vectors.dll
2026-09-27T18:52:46.9740175Z    Compressing: \\?\D:\a\wootc\wootc\out\branded-preview\System.ObjectModel.dll
2026-09-27T18:52:46.9752868Z    Compressing: \\?\D:\a\wootc\wootc\out\branded-preview\System.Private.CoreLib.dll
2026-09-27T18:52:49.0645106Z    Compressing: \\?\D:\a\wootc\wootc\out\branded-preview\System.Private.DataContractSerialization.dll
2026-09-27T18:52:49.0960659Z    Compressing: \\?\D:\a\wootc\wootc\out\branded-preview\System.Private.Uri.dll
2026-09-27T18:52:49.1023765Z    Compressing: \\?\D:\a\wootc\wootc\out\branded-preview\System.Private.Xml.dll
2026-09-27T18:52:50.5143528Z    Compressing: \\?\D:\a\wootc\wootc\out\branded-preview\System.Private.Xml.Linq.dll
2026-09-27T18:52:50.5207801Z    Compressing: \\?\D:\a\wootc\wootc\out\branded-preview\System.Reflection.DispatchProxy.dll
2026-09-27T18:52:50.5220266Z    Compressing: \\?\D:\a\wootc\wootc\out\branded-preview\System.Reflection.dll
2026-09-27T18:52:50.5223476Z    Compressing: \\?\D:\a\wootc\wootc\out\branded-preview\System.Reflection.Emit.dll
2026-09-27T18:52:50.5244346Z    Compressing: \\?\D:\a\wootc\wootc\out\branded-preview\System.Reflection.Emit.ILGeneration.dll
2026-09-27T18:52:50.5247436Z    Compressing: \\?\D:\a\wootc\wootc\out\branded-preview\System.Reflection.Emit.Lightweight.dll
2026-09-27T18:52:50.5250483Z    Compressing: \\?\D:\a\wootc\wootc\out\branded-preview\System.Reflection.Extensions.dll
2026-09-27T18:52:50.5253305Z    Compressing: \\?\D:\a\wootc\wootc\out\branded-preview\System.Reflection.Metadata.dll
2026-09-27T18:52:50.5393269Z    Compressing: \\?\D:\a\wootc\wootc\out\branded-preview\System.Reflection.Primitives.dll
2026-09-27T18:52:50.5395762Z    Compressing: \\?\D:\a\wootc\wootc\out\branded-preview\System.Reflection.TypeExtensions.dll
2026-09-27T18:52:50.5400739Z    Compressing: \\?\D:\a\wootc\wootc\out\branded-preview\System.Resources.Reader.dll
2026-09-27T18:52:50.5403246Z    Compressing: \\?\D:\a\wootc\wootc\out\branded-preview\System.Resources.ResourceManager.dll
2026-09-27T18:52:50.5405518Z    Compressing: \\?\D:\a\wootc\wootc\out\branded-preview\System.Resources.Writer.dll
2026-09-27T18:52:50.5411279Z    Compressing: \\?\D:\a\wootc\wootc\out\branded-preview\System.Runtime.CompilerServices.Unsafe.dll
2026-09-27T18:52:50.5413560Z    Compressing: \\?\D:\a\wootc\wootc\out\branded-preview\System.Runtime.CompilerServices.VisualC.dll
2026-09-27T18:52:50.5417019Z    Compressing: \\?\D:\a\wootc\wootc\out\branded-preview\System.Runtime.dll
2026-09-27T18:52:50.5423041Z    Compressing: \\?\D:\a\wootc\wootc\out\branded-preview\System.Runtime.Extensions.dll
2026-09-27T18:52:50.5425526Z    Compressing: \\?\D:\a\wootc\wootc\out\branded-preview\System.Runtime.Handles.dll
2026-09-27T18:52:50.5427848Z    Compressing: \\?\D:\a\wootc\wootc\out\branded-preview\System.Runtime.InteropServices.dll
2026-09-27T18:52:50.5438402Z    Compressing: \\?\D:\a\wootc\wootc\out\branded-preview\System.Runtime.InteropServices.JavaScript.dll
2026-09-27T18:52:50.5444115Z    Compressing: \\?\D:\a\wootc\wootc\out\branded-preview\System.Runtime.InteropServices.RuntimeInformation.dll
2026-09-27T18:52:50.5447290Z    Compressing: \\?\D:\a\wootc\wootc\out\branded-preview\System.Runtime.Intrinsics.dll
2026-09-27T18:52:50.5448469Z    Compressing: \\?\D:\a\wootc\wootc\out\branded-preview\System.Runtime.Loader.dll
2026-09-27T18:52:50.5451144Z    Compressing: \\?\D:\a\wootc\wootc\out\branded-preview\System.Runtime.Numerics.dll
2026-09-27T18:52:50.5483062Z    Compressing: \\?\D:\a\wootc\wootc\out\branded-preview\System.Runtime.Serialization.dll
2026-09-27T18:52:50.5485756Z    Compressing: \\?\D:\a\wootc\wootc\out\branded-preview\System.Runtime.Serialization.Formatters.dll
2026-09-27T18:52:50.5515264Z    Compressing: \\?\D:\a\wootc\wootc\out\branded-preview\System.Runtime.Serialization.Json.dll
2026-09-27T18:52:50.5517893Z    Compressing: \\?\D:\a\wootc\wootc\out\branded-preview\System.Runtime.Serialization.Primitives.dll
2026-09-27T18:52:50.5522225Z    Compressing: \\?\D:\a\wootc\wootc\out\branded-preview\System.Runtime.Serialization.Xml.dll
2026-09-27T18:52:50.5524731Z    Compressing: \\?\D:\a\wootc\wootc\out\branded-preview\System.Security.AccessControl.dll
2026-09-27T18:52:50.5547360Z    Compressing: \\?\D:\a\wootc\wootc\out\branded-preview\System.Security.Claims.dll
2026-09-27T18:52:50.5557886Z    Compressing: \\?\D:\a\wootc\wootc\out\branded-preview\System.Security.Cryptography.Algorithms.dll
2026-09-27T18:52:50.5560295Z    Compressing: \\?\D:\a\wootc\wootc\out\branded-preview\System.Security.Cryptography.Cng.dll
2026-09-27T18:52:50.5562624Z    Compressing: \\?\D:\a\wootc\wootc\out\branded-preview\System.Security.Cryptography.Csp.dll
2026-09-27T18:52:50.5564868Z    Compressing: \\?\D:\a\wootc\wootc\out\branded-preview\System.Security.Cryptography.dll
2026-09-27T18:52:51.1614542Z    Compressing: \\?\D:\a\wootc\wootc\out\branded-preview\System.Security.Cryptography.Encoding.dll
2026-09-27T18:52:51.1714230Z    Compressing: \\?\D:\a\wootc\wootc\out\branded-preview\System.Security.Cryptography.OpenSsl.dll
2026-09-27T18:52:51.1716125Z    Compressing: \\?\D:\a\wootc\wootc\out\branded-preview\System.Security.Cryptography.Primitives.dll
2026-09-27T18:52:51.1717956Z    Compressing: \\?\D:\a\wootc\wootc\out\branded-preview\System.Security.Cryptography.X509Certificates.dll
2026-09-27T18:52:51.1719345Z    Compressing: \\?\D:\a\wootc\wootc\out\branded-preview\System.Security.dll
2026-09-27T18:52:51.1720575Z    Compressing: \\?\D:\a\wootc\wootc\out\branded-preview\System.Security.Principal.dll
2026-09-27T18:52:51.1721957Z    Compressing: \\?\D:\a\wootc\wootc\out\branded-preview\System.Security.Principal.Windows.dll
2026-09-27T18:52:51.1723446Z    Compressing: \\?\D:\a\wootc\wootc\out\branded-preview\System.Security.SecureString.dll
2026-09-27T18:52:51.1724762Z    Compressing: \\?\D:\a\wootc\wootc\out\branded-preview\System.ServiceModel.Web.dll
2026-09-27T18:52:51.1726033Z    Compressing: \\?\D:\a\wootc\wootc\out\branded-preview\System.ServiceProcess.dll
2026-09-27T18:52:51.1727350Z    Compressing: \\?\D:\a\wootc\wootc\out\branded-preview\System.Text.Encoding.CodePages.dll
2026-09-27T18:52:51.1728723Z    Compressing: \\?\D:\a\wootc\wootc\out\branded-preview\System.Text.Encoding.dll
2026-09-27T18:52:51.1730014Z    Compressing: \\?\D:\a\wootc\wootc\out\branded-preview\System.Text.Encoding.Extensions.dll
2026-09-27T18:52:51.1731365Z    Compressing: \\?\D:\a\wootc\wootc\out\branded-preview\System.Text.Encodings.Web.dll
2026-09-27T18:52:51.1750529Z    Compressing: \\?\D:\a\wootc\wootc\out\branded-preview\System.Text.Json.dll
2026-09-27T18:52:51.1970921Z    Compressing: \\?\D:\a\wootc\wootc\out\branded-preview\System.Text.RegularExpressions.dll
2026-09-27T18:52:51.2175521Z    Compressing: \\?\D:\a\wootc\wootc\out\branded-preview\System.Threading.Channels.dll
2026-09-27T18:52:51.2177513Z    Compressing: \\?\D:\a\wootc\wootc\out\branded-preview\System.Threading.dll
2026-09-27T18:52:51.8282037Z    Compressing: \\?\D:\a\wootc\wootc\out\branded-preview\System.Threading.Overlapped.dll
2026-09-27T18:52:51.8285086Z    Compressing: \\?\D:\a\wootc\wootc\out\branded-preview\System.Threading.Tasks.Dataflow.dll
2026-09-27T18:52:51.8354313Z    Compressing: \\?\D:\a\wootc\wootc\out\branded-preview\System.Threading.Tasks.dll
2026-09-27T18:52:51.8357452Z    Compressing: \\?\D:\a\wootc\wootc\out\branded-preview\System.Threading.Tasks.Extensions.dll
2026-09-27T18:52:51.8360464Z    Compressing: \\?\D:\a\wootc\wootc\out\branded-preview\System.Threading.Tasks.Parallel.dll
2026-09-27T18:52:51.8378974Z    Compressing: \\?\D:\a\wootc\wootc\out\branded-preview\System.Threading.Thread.dll
2026-09-27T18:52:51.8381530Z    Compressing: \\?\D:\a\wootc\wootc\out\branded-preview\System.Threading.ThreadPool.dll
2026-09-27T18:52:51.8383784Z    Compressing: \\?\D:\a\wootc\wootc\out\branded-preview\System.Threading.Timer.dll
2026-09-27T18:52:51.8386117Z    Compressing: \\?\D:\a\wootc\wootc\out\branded-preview\System.Transactions.dll
2026-09-27T18:52:51.8388431Z    Compressing: \\?\D:\a\wootc\wootc\out\branded-preview\System.Transactions.Local.dll
2026-09-27T18:52:51.8451250Z    Compressing: \\?\D:\a\wootc\wootc\out\branded-preview\System.ValueTuple.dll
2026-09-27T18:52:51.8453465Z    Compressing: \\?\D:\a\wootc\wootc\out\branded-preview\System.Web.dll
2026-09-27T18:52:51.8455804Z    Compressing: \\?\D:\a\wootc\wootc\out\branded-preview\System.Web.HttpUtility.dll
2026-09-27T18:52:51.8461934Z    Compressing: \\?\D:\a\wootc\wootc\out\branded-preview\System.Windows.dll
2026-09-27T18:52:51.8464101Z    Compressing: \\?\D:\a\wootc\wootc\out\branded-preview\System.Xml.dll
2026-09-27T18:52:51.8467113Z    Compressing: \\?\D:\a\wootc\wootc\out\branded-preview\System.Xml.Linq.dll
2026-09-27T18:52:51.8469607Z    Compressing: \\?\D:\a\wootc\wootc\out\branded-preview\System.Xml.ReaderWriter.dll
2026-09-27T18:52:51.8472526Z    Compressing: \\?\D:\a\wootc\wootc\out\branded-preview\System.Xml.Serialization.dll
2026-09-27T18:52:51.8474650Z    Compressing: \\?\D:\a\wootc\wootc\out\branded-preview\System.Xml.XDocument.dll
2026-09-27T18:52:51.8476984Z    Compressing: \\?\D:\a\wootc\wootc\out\branded-preview\System.Xml.XmlDocument.dll
2026-09-27T18:52:51.8479346Z    Compressing: \\?\D:\a\wootc\wootc\out\branded-preview\System.Xml.XmlSerializer.dll
2026-09-27T18:52:51.8481592Z    Compressing: \\?\D:\a\wootc\wootc\out\branded-preview\System.Xml.XPath.dll
2026-09-27T18:52:51.8483809Z    Compressing: \\?\D:\a\wootc\wootc\out\branded-preview\System.Xml.XPath.XDocument.dll
2026-09-27T18:52:51.8487586Z    Compressing: \\?\D:\a\wootc\wootc\out\branded-preview\WebView2Loader.dll
2026-09-27T18:52:51.8503103Z    Compressing: \\?\D:\a\wootc\wootc\out\branded-preview\WindowsBase.dll
2026-09-27T18:52:51.8505378Z    Compressing: \\?\D:\a\wootc\wootc\out\branded-preview\WinRT.Runtime.dll
2026-09-27T18:52:51.8554808Z    Compressing: \\?\D:\a\wootc\wootc\out\branded-preview\WinUIEdit.dll
2026-09-27T18:52:52.5281341Z    Compressing: \\?\D:\a\wootc\wootc\out\branded-preview\wootc-engine.exe
2026-09-27T18:52:54.2614287Z    Compressing: \\?\D:\a\wootc\wootc\out\branded-preview\Wootc.Shell.Core.dll
2026-09-27T18:52:54.2621841Z    Compressing: \\?\D:\a\wootc\wootc\out\branded-preview\Wootc.Shell.Core.pdb
2026-09-27T18:52:54.2625218Z    Compressing: \\?\D:\a\wootc\wootc\out\branded-preview\Wootc.Shell.deps.json
2026-09-27T18:52:54.2630099Z    Compressing: \\?\D:\a\wootc\wootc\out\branded-preview\Wootc.Shell.dll
2026-09-27T18:52:54.2648652Z    Compressing: \\?\D:\a\wootc\wootc\out\branded-preview\Wootc.Shell.exe
2026-09-27T18:52:54.2693669Z    Compressing: \\?\D:\a\wootc\wootc\out\branded-preview\Wootc.Shell.Native.dll
2026-09-27T18:52:54.2700317Z    Compressing: \\?\D:\a\wootc\wootc\out\branded-preview\Wootc.Shell.Native.pdb
2026-09-27T18:52:54.2703041Z    Compressing: \\?\D:\a\wootc\wootc\out\branded-preview\Wootc.Shell.pdb
2026-09-27T18:52:54.2706338Z    Compressing: \\?\D:\a\wootc\wootc\out\branded-preview\Wootc.Shell.pri
2026-09-27T18:52:54.7560182Z    Compressing: \\?\D:\a\wootc\wootc\out\branded-preview\Wootc.Shell.runtimeconfig.json
2026-09-27T18:52:54.7561087Z    Compressing: \\?\D:\a\wootc\wootc\out\branded-preview\workloads.365.json
2026-09-27T18:52:54.7562471Z    Compressing: \\?\D:\a\wootc\wootc\out\branded-preview\workloads.j32.json
2026-09-27T18:52:54.7564618Z    Compressing: \\?\D:\a\wootc\wootc\out\branded-preview\workloads.json
2026-09-27T18:52:54.7566386Z    Compressing: \\?\D:\a\wootc\wootc\out\branded-preview\workloads.lnl.json
2026-09-27T18:52:54.7569187Z    Compressing: \\?\D:\a\wootc\wootc\out\branded-preview\workloads.qnn.json
2026-09-27T18:52:54.7571654Z    Compressing: \\?\D:\a\wootc\wootc\out\branded-preview\workloads.stx.json
2026-09-27T18:52:54.7573678Z    Compressing: \\?\D:\a\wootc\wootc\out\branded-preview\wuceffectsi.dll
2026-09-27T18:52:54.7622066Z    Compressing: \\?\D:\a\wootc\wootc\out\branded-preview\af-ZA\Microsoft.ui.xaml.dll.mui
2026-09-27T18:52:54.7625506Z    Compressing: \\?\D:\a\wootc\wootc\out\branded-preview\af-ZA\Microsoft.UI.Xaml.Phone.dll.mui
2026-09-27T18:52:54.7627555Z    Compressing: \\?\D:\a\wootc\wootc\out\branded-preview\am-ET\Microsoft.ui.xaml.dll.mui
2026-09-27T18:52:54.7630634Z    Compressing: \\?\D:\a\wootc\wootc\out\branded-preview\am-ET\Microsoft.UI.Xaml.Phone.dll.mui
2026-09-27T18:52:54.7632713Z    Compressing: \\?\D:\a\wootc\wootc\out\branded-preview\ar-SA\Microsoft.ui.xaml.dll.mui
2026-09-27T18:52:54.7635965Z    Compressing: \\?\D:\a\wootc\wootc\out\branded-preview\ar-SA\Microsoft.UI.Xaml.Phone.dll.mui
2026-09-27T18:52:54.7638054Z    Compressing: \\?\D:\a\wootc\wootc\out\branded-preview\as-IN\Microsoft.ui.xaml.dll.mui
2026-09-27T18:52:54.7641252Z    Compressing: \\?\D:\a\wootc\wootc\out\branded-preview\as-IN\Microsoft.UI.Xaml.Phone.dll.mui
2026-09-27T18:52:54.7643379Z    Compressing: \\?\D:\a\wootc\wootc\out\branded-preview\az-Latn-AZ\Microsoft.ui.xaml.dll.mui
2026-09-27T18:52:54.7647261Z    Compressing: \\?\D:\a\wootc\wootc\out\branded-preview\az-Latn-AZ\Microsoft.UI.Xaml.Phone.dll.mui
2026-09-27T18:52:54.7649358Z    Compressing: \\?\D:\a\wootc\wootc\out\branded-preview\bg-BG\Microsoft.ui.xaml.dll.mui
2026-09-27T18:52:54.7652690Z    Compressing: \\?\D:\a\wootc\wootc\out\branded-preview\bg-BG\Microsoft.UI.Xaml.Phone.dll.mui
2026-09-27T18:52:54.7654739Z    Compressing: \\?\D:\a\wootc\wootc\out\branded-preview\bn-IN\Microsoft.ui.xaml.dll.mui
2026-09-27T18:52:54.7657975Z    Compressing: \\?\D:\a\wootc\wootc\out\branded-preview\bn-IN\Microsoft.UI.Xaml.Phone.dll.mui
2026-09-27T18:52:54.7660180Z    Compressing: \\?\D:\a\wootc\wootc\out\branded-preview\Branding\brand.json
2026-09-27T18:52:54.7661104Z    Compressing: \\?\D:\a\wootc\wootc\out\branded-preview\bs-Latn-BA\Microsoft.ui.xaml.dll.mui
2026-09-27T18:52:54.7664852Z    Compressing: \\?\D:\a\wootc\wootc\out\branded-preview\bs-Latn-BA\Microsoft.UI.Xaml.Phone.dll.mui
2026-09-27T18:52:54.7667078Z    Compressing: \\?\D:\a\wootc\wootc\out\branded-preview\ca-ES\Microsoft.ui.xaml.dll.mui
2026-09-27T18:52:54.7670454Z    Compressing: \\?\D:\a\wootc\wootc\out\branded-preview\ca-ES\Microsoft.UI.Xaml.Phone.dll.mui
2026-09-27T18:52:54.7672565Z    Compressing: \\?\D:\a\wootc\wootc\out\branded-preview\ca-Es-VALENCIA\Microsoft.ui.xaml.dll.mui
2026-09-27T18:52:54.7675904Z    Compressing: \\?\D:\a\wootc\wootc\out\branded-preview\ca-Es-VALENCIA\Microsoft.UI.Xaml.Phone.dll.mui
2026-09-27T18:52:54.7677954Z    Compressing: \\?\D:\a\wootc\wootc\out\branded-preview\cs-CZ\Microsoft.ui.xaml.dll.mui
2026-09-27T18:52:54.7681184Z    Compressing: \\?\D:\a\wootc\wootc\out\branded-preview\cs-CZ\Microsoft.UI.Xaml.Phone.dll.mui
2026-09-27T18:52:54.7683370Z    Compressing: \\?\D:\a\wootc\wootc\out\branded-preview\cy-GB\Microsoft.ui.xaml.dll.mui
2026-09-27T18:52:54.7686769Z    Compressing: \\?\D:\a\wootc\wootc\out\branded-preview\cy-GB\Microsoft.UI.Xaml.Phone.dll.mui
2026-09-27T18:52:54.7702219Z    Compressing: \\?\D:\a\wootc\wootc\out\branded-preview\da-DK\Microsoft.ui.xaml.dll.mui
2026-09-27T18:52:54.7703514Z    Compressing: \\?\D:\a\wootc\wootc\out\branded-preview\da-DK\Microsoft.UI.Xaml.Phone.dll.mui
2026-09-27T18:52:54.7704985Z    Compressing: \\?\D:\a\wootc\wootc\out\branded-preview\de-DE\Microsoft.ui.xaml.dll.mui
2026-09-27T18:52:54.7706452Z    Compressing: \\?\D:\a\wootc\wootc\out\branded-preview\de-DE\Microsoft.UI.Xaml.Phone.dll.mui
2026-09-27T18:52:54.7707597Z    Compressing: \\?\D:\a\wootc\wootc\out\branded-preview\el-GR\Microsoft.ui.xaml.dll.mui
2026-09-27T18:52:54.7709190Z    Compressing: \\?\D:\a\wootc\wootc\out\branded-preview\el-GR\Microsoft.UI.Xaml.Phone.dll.mui
2026-09-27T18:52:54.7710492Z    Compressing: \\?\D:\a\wootc\wootc\out\branded-preview\en-GB\Microsoft.ui.xaml.dll.mui
2026-09-27T18:52:54.7711704Z    Compressing: \\?\D:\a\wootc\wootc\out\branded-preview\en-GB\Microsoft.UI.Xaml.Phone.dll.mui
2026-09-27T18:52:54.7712836Z    Compressing: \\?\D:\a\wootc\wootc\out\branded-preview\en-us\Microsoft.ui.xaml.dll.mui
2026-09-27T18:52:54.7716038Z    Compressing: \\?\D:\a\wootc\wootc\out\branded-preview\en-us\Microsoft.UI.Xaml.Phone.dll.mui
2026-09-27T18:52:54.7717898Z    Compressing: \\?\D:\a\wootc\wootc\out\branded-preview\es-ES\Microsoft.ui.xaml.dll.mui
2026-09-27T18:52:54.7721339Z    Compressing: \\?\D:\a\wootc\wootc\out\branded-preview\es-ES\Microsoft.UI.Xaml.Phone.dll.mui
2026-09-27T18:52:54.7723328Z    Compressing: \\?\D:\a\wootc\wootc\out\branded-preview\es-MX\Microsoft.ui.xaml.dll.mui
2026-09-27T18:52:54.7726744Z    Compressing: \\?\D:\a\wootc\wootc\out\branded-preview\es-MX\Microsoft.UI.Xaml.Phone.dll.mui
2026-09-27T18:52:54.7729105Z    Compressing: \\?\D:\a\wootc\wootc\out\branded-preview\et-EE\Microsoft.ui.xaml.dll.mui
2026-09-27T18:52:54.7732340Z    Compressing: \\?\D:\a\wootc\wootc\out\branded-preview\et-EE\Microsoft.UI.Xaml.Phone.dll.mui
2026-09-27T18:52:54.7734425Z    Compressing: \\?\D:\a\wootc\wootc\out\branded-preview\eu-ES\Microsoft.ui.xaml.dll.mui
2026-09-27T18:52:54.7738311Z    Compressing: \\?\D:\a\wootc\wootc\out\branded-preview\eu-ES\Microsoft.UI.Xaml.Phone.dll.mui
2026-09-27T18:52:54.7740329Z    Compressing: \\?\D:\a\wootc\wootc\out\branded-preview\fa-IR\Microsoft.ui.xaml.dll.mui
2026-09-27T18:52:54.7743432Z    Compressing: \\?\D:\a\wootc\wootc\out\branded-preview\fa-IR\Microsoft.UI.Xaml.Phone.dll.mui
2026-09-27T18:52:54.7746064Z    Compressing: \\?\D:\a\wootc\wootc\out\branded-preview\fi-FI\Microsoft.ui.xaml.dll.mui
2026-09-27T18:52:54.7749489Z    Compressing: \\?\D:\a\wootc\wootc\out\branded-preview\fi-FI\Microsoft.UI.Xaml.Phone.dll.mui
2026-09-27T18:52:54.7751539Z    Compressing: \\?\D:\a\wootc\wootc\out\branded-preview\fil-PH\Microsoft.ui.xaml.dll.mui
2026-09-27T18:52:54.7754904Z    Compressing: \\?\D:\a\wootc\wootc\out\branded-preview\fil-PH\Microsoft.UI.Xaml.Phone.dll.mui
2026-09-27T18:52:54.7756854Z    Compressing: \\?\D:\a\wootc\wootc\out\branded-preview\fr-CA\Microsoft.ui.xaml.dll.mui
2026-09-27T18:52:54.7760193Z    Compressing: \\?\D:\a\wootc\wootc\out\branded-preview\fr-CA\Microsoft.UI.Xaml.Phone.dll.mui
2026-09-27T18:52:54.7762217Z    Compressing: \\?\D:\a\wootc\wootc\out\branded-preview\fr-FR\Microsoft.ui.xaml.dll.mui
2026-09-27T18:52:54.7766213Z    Compressing: \\?\D:\a\wootc\wootc\out\branded-preview\fr-FR\Microsoft.UI.Xaml.Phone.dll.mui
2026-09-27T18:52:54.7768048Z    Compressing: \\?\D:\a\wootc\wootc\out\branded-preview\ga-IE\Microsoft.ui.xaml.dll.mui
2026-09-27T18:52:54.7771357Z    Compressing: \\?\D:\a\wootc\wootc\out\branded-preview\ga-IE\Microsoft.UI.Xaml.Phone.dll.mui
2026-09-27T18:52:54.7773491Z    Compressing: \\?\D:\a\wootc\wootc\out\branded-preview\gd-gb\Microsoft.ui.xaml.dll.mui
2026-09-27T18:52:54.7776782Z    Compressing: \\?\D:\a\wootc\wootc\out\branded-preview\gd-gb\Microsoft.UI.Xaml.Phone.dll.mui
2026-09-27T18:52:54.7778846Z    Compressing: \\?\D:\a\wootc\wootc\out\branded-preview\gl-ES\Microsoft.ui.xaml.dll.mui
2026-09-27T18:52:54.7783491Z    Compressing: \\?\D:\a\wootc\wootc\out\branded-preview\gl-ES\Microsoft.UI.Xaml.Phone.dll.mui
2026-09-27T18:52:54.7786414Z    Compressing: \\?\D:\a\wootc\wootc\out\branded-preview\gu-IN\Microsoft.ui.xaml.dll.mui
2026-09-27T18:52:54.7789343Z    Compressing: \\?\D:\a\wootc\wootc\out\branded-preview\gu-IN\Microsoft.UI.Xaml.Phone.dll.mui
2026-09-27T18:52:54.7791473Z    Compressing: \\?\D:\a\wootc\wootc\out\branded-preview\he-IL\Microsoft.ui.xaml.dll.mui
2026-09-27T18:52:54.7794130Z    Compressing: \\?\D:\a\wootc\wootc\out\branded-preview\he-IL\Microsoft.UI.Xaml.Phone.dll.mui
2026-09-27T18:52:54.7795745Z    Compressing: \\?\D:\a\wootc\wootc\out\branded-preview\hi-IN\Microsoft.ui.xaml.dll.mui
2026-09-27T18:52:54.7798765Z    Compressing: \\?\D:\a\wootc\wootc\out\branded-preview\hi-IN\Microsoft.UI.Xaml.Phone.dll.mui
2026-09-27T18:52:54.7800457Z    Compressing: \\?\D:\a\wootc\wootc\out\branded-preview\hr-HR\Microsoft.ui.xaml.dll.mui
2026-09-27T18:52:54.7803944Z    Compressing: \\?\D:\a\wootc\wootc\out\branded-preview\hr-HR\Microsoft.UI.Xaml.Phone.dll.mui
2026-09-27T18:52:54.7805898Z    Compressing: \\?\D:\a\wootc\wootc\out\branded-preview\hu-HU\Microsoft.ui.xaml.dll.mui
2026-09-27T18:52:54.7808908Z    Compressing: \\?\D:\a\wootc\wootc\out\branded-preview\hu-HU\Microsoft.UI.Xaml.Phone.dll.mui
2026-09-27T18:52:54.7810625Z    Compressing: \\?\D:\a\wootc\wootc\out\branded-preview\hy-AM\Microsoft.ui.xaml.dll.mui
2026-09-27T18:52:54.7813829Z    Compressing: \\?\D:\a\wootc\wootc\out\branded-preview\hy-AM\Microsoft.UI.Xaml.Phone.dll.mui
2026-09-27T18:52:54.7815772Z    Compressing: \\?\D:\a\wootc\wootc\out\branded-preview\id-ID\Microsoft.ui.xaml.dll.mui
2026-09-27T18:52:54.7818744Z    Compressing: \\?\D:\a\wootc\wootc\out\branded-preview\id-ID\Microsoft.UI.Xaml.Phone.dll.mui
2026-09-27T18:52:54.7820474Z    Compressing: \\?\D:\a\wootc\wootc\out\branded-preview\is-IS\Microsoft.ui.xaml.dll.mui
2026-09-27T18:52:54.7823824Z    Compressing: \\?\D:\a\wootc\wootc\out\branded-preview\is-IS\Microsoft.UI.Xaml.Phone.dll.mui
2026-09-27T18:52:54.7826028Z    Compressing: \\?\D:\a\wootc\wootc\out\branded-preview\it-IT\Microsoft.ui.xaml.dll.mui
2026-09-27T18:52:54.7829798Z    Compressing: \\?\D:\a\wootc\wootc\out\branded-preview\it-IT\Microsoft.UI.Xaml.Phone.dll.mui
2026-09-27T18:52:54.7832106Z    Compressing: \\?\D:\a\wootc\wootc\out\branded-preview\ja-JP\Microsoft.ui.xaml.dll.mui
2026-09-27T18:52:54.7835765Z    Compressing: \\?\D:\a\wootc\wootc\out\branded-preview\ja-JP\Microsoft.UI.Xaml.Phone.dll.mui
2026-09-27T18:52:54.7837294Z    Compressing: \\?\D:\a\wootc\wootc\out\branded-preview\ka-GE\Microsoft.ui.xaml.dll.mui
2026-09-27T18:52:54.7840406Z    Compressing: \\?\D:\a\wootc\wootc\out\branded-preview\ka-GE\Microsoft.UI.Xaml.Phone.dll.mui
2026-09-27T18:52:54.7842482Z    Compressing: \\?\D:\a\wootc\wootc\out\branded-preview\kk-KZ\Microsoft.ui.xaml.dll.mui
2026-09-27T18:52:54.7845998Z    Compressing: \\?\D:\a\wootc\wootc\out\branded-preview\kk-KZ\Microsoft.UI.Xaml.Phone.dll.mui
2026-09-27T18:52:54.7847782Z    Compressing: \\?\D:\a\wootc\wootc\out\branded-preview\km-KH\Microsoft.ui.xaml.dll.mui
2026-09-27T18:52:54.7850817Z    Compressing: \\?\D:\a\wootc\wootc\out\branded-preview\km-KH\Microsoft.UI.Xaml.Phone.dll.mui
2026-09-27T18:52:54.7852845Z    Compressing: \\?\D:\a\wootc\wootc\out\branded-preview\kn-IN\Microsoft.ui.xaml.dll.mui
2026-09-27T18:52:54.7855913Z    Compressing: \\?\D:\a\wootc\wootc\out\branded-preview\kn-IN\Microsoft.UI.Xaml.Phone.dll.mui
2026-09-27T18:52:54.7857621Z    Compressing: \\?\D:\a\wootc\wootc\out\branded-preview\ko-KR\Microsoft.ui.xaml.dll.mui
2026-09-27T18:52:54.7860103Z    Compressing: \\?\D:\a\wootc\wootc\out\branded-preview\ko-KR\Microsoft.UI.Xaml.Phone.dll.mui
2026-09-27T18:52:54.7861785Z    Compressing: \\?\D:\a\wootc\wootc\out\branded-preview\kok-IN\Microsoft.ui.xaml.dll.mui
2026-09-27T18:52:54.7865035Z    Compressing: \\?\D:\a\wootc\wootc\out\branded-preview\kok-IN\Microsoft.UI.Xaml.Phone.dll.mui
2026-09-27T18:52:54.7866937Z    Compressing: \\?\D:\a\wootc\wootc\out\branded-preview\lb-LU\Microsoft.ui.xaml.dll.mui
2026-09-27T18:52:54.7869975Z    Compressing: \\?\D:\a\wootc\wootc\out\branded-preview\lb-LU\Microsoft.UI.Xaml.Phone.dll.mui
2026-09-27T18:52:54.7871737Z    Compressing: \\?\D:\a\wootc\wootc\out\branded-preview\lo-LA\Microsoft.ui.xaml.dll.mui
2026-09-27T18:52:54.7875560Z    Compressing: \\?\D:\a\wootc\wootc\out\branded-preview\lo-LA\Microsoft.UI.Xaml.Phone.dll.mui
2026-09-27T18:52:54.7878030Z    Compressing: \\?\D:\a\wootc\wootc\out\branded-preview\lt-LT\Microsoft.ui.xaml.dll.mui
2026-09-27T18:52:54.7881888Z    Compressing: \\?\D:\a\wootc\wootc\out\branded-preview\lt-LT\Microsoft.UI.Xaml.Phone.dll.mui
2026-09-27T18:52:54.7884338Z    Compressing: \\?\D:\a\wootc\wootc\out\branded-preview\lv-LV\Microsoft.ui.xaml.dll.mui
2026-09-27T18:52:54.7887239Z    Compressing: \\?\D:\a\wootc\wootc\out\branded-preview\lv-LV\Microsoft.UI.Xaml.Phone.dll.mui
2026-09-27T18:52:54.7888981Z    Compressing: \\?\D:\a\wootc\wootc\out\branded-preview\mi-NZ\Microsoft.ui.xaml.dll.mui
2026-09-27T18:52:54.7892063Z    Compressing: \\?\D:\a\wootc\wootc\out\branded-preview\mi-NZ\Microsoft.UI.Xaml.Phone.dll.mui
2026-09-27T18:52:54.7894140Z    Compressing: \\?\D:\a\wootc\wootc\out\branded-preview\Microsoft.UI.Xaml\Assets\map.html
2026-09-27T18:52:54.7897547Z    Compressing: \\?\D:\a\wootc\wootc\out\branded-preview\Microsoft.UI.Xaml\Assets\NoiseAsset_256x256_PNG.png
2026-09-27T18:52:54.7898677Z    Compressing: \\?\D:\a\wootc\wootc\out\branded-preview\mk-MK\Microsoft.ui.xaml.dll.mui
2026-09-27T18:52:54.7901928Z    Compressing: \\?\D:\a\wootc\wootc\out\branded-preview\mk-MK\Microsoft.UI.Xaml.Phone.dll.mui
2026-09-27T18:52:54.7904248Z    Compressing: \\?\D:\a\wootc\wootc\out\branded-preview\ml-IN\Microsoft.ui.xaml.dll.mui
2026-09-27T18:52:54.7907466Z    Compressing: \\?\D:\a\wootc\wootc\out\branded-preview\ml-IN\Microsoft.UI.Xaml.Phone.dll.mui
2026-09-27T18:52:54.7909246Z    Compressing: \\?\D:\a\wootc\wootc\out\branded-preview\mr-IN\Microsoft.ui.xaml.dll.mui
2026-09-27T18:52:54.7912137Z    Compressing: \\?\D:\a\wootc\wootc\out\branded-preview\mr-IN\Microsoft.UI.Xaml.Phone.dll.mui
2026-09-27T18:52:54.7914017Z    Compressing: \\?\D:\a\wootc\wootc\out\branded-preview\ms-MY\Microsoft.ui.xaml.dll.mui
2026-09-27T18:52:54.7917258Z    Compressing: \\?\D:\a\wootc\wootc\out\branded-preview\ms-MY\Microsoft.UI.Xaml.Phone.dll.mui
2026-09-27T18:52:54.7919045Z    Compressing: \\?\D:\a\wootc\wootc\out\branded-preview\mt-MT\Microsoft.ui.xaml.dll.mui
2026-09-27T18:52:54.7922697Z    Compressing: \\?\D:\a\wootc\wootc\out\branded-preview\mt-MT\Microsoft.UI.Xaml.Phone.dll.mui
2026-09-27T18:52:54.7924814Z    Compressing: \\?\D:\a\wootc\wootc\out\branded-preview\nb-NO\Microsoft.ui.xaml.dll.mui
2026-09-27T18:52:54.7928237Z    Compressing: \\?\D:\a\wootc\wootc\out\branded-preview\nb-NO\Microsoft.UI.Xaml.Phone.dll.mui
2026-09-27T18:52:54.7929956Z    Compressing: \\?\D:\a\wootc\wootc\out\branded-preview\ne-NP\Microsoft.ui.xaml.dll.mui
2026-09-27T18:52:54.7933021Z    Compressing: \\?\D:\a\wootc\wootc\out\branded-preview\ne-NP\Microsoft.UI.Xaml.Phone.dll.mui
2026-09-27T18:52:54.7935051Z    Compressing: \\?\D:\a\wootc\wootc\out\branded-preview\nl-NL\Microsoft.ui.xaml.dll.mui
2026-09-27T18:52:54.7938088Z    Compressing: \\?\D:\a\wootc\wootc\out\branded-preview\nl-NL\Microsoft.UI.Xaml.Phone.dll.mui
2026-09-27T18:52:54.7939957Z    Compressing: \\?\D:\a\wootc\wootc\out\branded-preview\nn-NO\Microsoft.ui.xaml.dll.mui
2026-09-27T18:52:54.7942883Z    Compressing: \\?\D:\a\wootc\wootc\out\branded-preview\nn-NO\Microsoft.UI.Xaml.Phone.dll.mui
2026-09-27T18:52:54.7945025Z    Compressing: \\?\D:\a\wootc\wootc\out\branded-preview\or-IN\Microsoft.ui.xaml.dll.mui
2026-09-27T18:52:54.7948214Z    Compressing: \\?\D:\a\wootc\wootc\out\branded-preview\or-IN\Microsoft.UI.Xaml.Phone.dll.mui
2026-09-27T18:52:54.7949999Z    Compressing: \\?\D:\a\wootc\wootc\out\branded-preview\pa-IN\Microsoft.ui.xaml.dll.mui
2026-09-27T18:52:54.7952821Z    Compressing: \\?\D:\a\wootc\wootc\out\branded-preview\pa-IN\Microsoft.UI.Xaml.Phone.dll.mui
2026-09-27T18:52:54.7954492Z    Compressing: \\?\D:\a\wootc\wootc\out\branded-preview\pl-PL\Microsoft.ui.xaml.dll.mui
2026-09-27T18:52:54.7957684Z    Compressing: \\?\D:\a\wootc\wootc\out\branded-preview\pl-PL\Microsoft.UI.Xaml.Phone.dll.mui
2026-09-27T18:52:54.7959694Z    Compressing: \\?\D:\a\wootc\wootc\out\branded-preview\pt-BR\Microsoft.ui.xaml.dll.mui
2026-09-27T18:52:54.7963294Z    Compressing: \\?\D:\a\wootc\wootc\out\branded-preview\pt-BR\Microsoft.UI.Xaml.Phone.dll.mui
2026-09-27T18:52:54.7965183Z    Compressing: \\?\D:\a\wootc\wootc\out\branded-preview\pt-PT\Microsoft.ui.xaml.dll.mui
2026-09-27T18:52:54.7968978Z    Compressing: \\?\D:\a\wootc\wootc\out\branded-preview\pt-PT\Microsoft.UI.Xaml.Phone.dll.mui
2026-09-27T18:52:54.7970511Z    Compressing: \\?\D:\a\wootc\wootc\out\branded-preview\quz-PE\Microsoft.ui.xaml.dll.mui
2026-09-27T18:52:54.7974903Z    Compressing: \\?\D:\a\wootc\wootc\out\branded-preview\quz-PE\Microsoft.UI.Xaml.Phone.dll.mui
2026-09-27T18:52:54.7977137Z    Compressing: \\?\D:\a\wootc\wootc\out\branded-preview\ro-RO\Microsoft.ui.xaml.dll.mui
2026-09-27T18:52:54.7980478Z    Compressing: \\?\D:\a\wootc\wootc\out\branded-preview\ro-RO\Microsoft.UI.Xaml.Phone.dll.mui
2026-09-27T18:52:54.7982841Z    Compressing: \\?\D:\a\wootc\wootc\out\branded-preview\ru-RU\Microsoft.ui.xaml.dll.mui
2026-09-27T18:52:54.7986081Z    Compressing: \\?\D:\a\wootc\wootc\out\branded-preview\ru-RU\Microsoft.UI.Xaml.Phone.dll.mui
2026-09-27T18:52:54.7987887Z    Compressing: \\?\D:\a\wootc\wootc\out\branded-preview\sk-SK\Microsoft.ui.xaml.dll.mui
2026-09-27T18:52:54.7991288Z    Compressing: \\?\D:\a\wootc\wootc\out\branded-preview\sk-SK\Microsoft.UI.Xaml.Phone.dll.mui
2026-09-27T18:52:54.7993318Z    Compressing: \\?\D:\a\wootc\wootc\out\branded-preview\sl-SI\Microsoft.ui.xaml.dll.mui
2026-09-27T18:52:54.7996755Z    Compressing: \\?\D:\a\wootc\wootc\out\branded-preview\sl-SI\Microsoft.UI.Xaml.Phone.dll.mui
2026-09-27T18:52:54.7998872Z    Compressing: \\?\D:\a\wootc\wootc\out\branded-preview\sq-AL\Microsoft.ui.xaml.dll.mui
2026-09-27T18:52:54.8002587Z    Compressing: \\?\D:\a\wootc\wootc\out\branded-preview\sq-AL\Microsoft.UI.Xaml.Phone.dll.mui
2026-09-27T18:52:54.8005445Z    Compressing: \\?\D:\a\wootc\wootc\out\branded-preview\sr-Cyrl-BA\Microsoft.ui.xaml.dll.mui
2026-09-27T18:52:54.8009374Z    Compressing: \\?\D:\a\wootc\wootc\out\branded-preview\sr-Cyrl-BA\Microsoft.UI.Xaml.Phone.dll.mui
2026-09-27T18:52:54.8012031Z    Compressing: \\?\D:\a\wootc\wootc\out\branded-preview\sr-Cyrl-RS\Microsoft.ui.xaml.dll.mui
2026-09-27T18:52:54.8015932Z    Compressing: \\?\D:\a\wootc\wootc\out\branded-preview\sr-Cyrl-RS\Microsoft.UI.Xaml.Phone.dll.mui
2026-09-27T18:52:54.8018594Z    Compressing: \\?\D:\a\wootc\wootc\out\branded-preview\sr-Latn-RS\Microsoft.ui.xaml.dll.mui
2026-09-27T18:52:54.8022801Z    Compressing: \\?\D:\a\wootc\wootc\out\branded-preview\sr-Latn-RS\Microsoft.UI.Xaml.Phone.dll.mui
2026-09-27T18:52:54.8025402Z    Compressing: \\?\D:\a\wootc\wootc\out\branded-preview\sv-SE\Microsoft.ui.xaml.dll.mui
2026-09-27T18:52:54.8029930Z    Compressing: \\?\D:\a\wootc\wootc\out\branded-preview\sv-SE\Microsoft.UI.Xaml.Phone.dll.mui
2026-09-27T18:52:54.8032200Z    Compressing: \\?\D:\a\wootc\wootc\out\branded-preview\ta-IN\Microsoft.ui.xaml.dll.mui
2026-09-27T18:52:54.8036203Z    Compressing: \\?\D:\a\wootc\wootc\out\branded-preview\ta-IN\Microsoft.UI.Xaml.Phone.dll.mui
2026-09-27T18:52:54.8038825Z    Compressing: \\?\D:\a\wootc\wootc\out\branded-preview\te-IN\Microsoft.ui.xaml.dll.mui
2026-09-27T18:52:54.8042985Z    Compressing: \\?\D:\a\wootc\wootc\out\branded-preview\te-IN\Microsoft.UI.Xaml.Phone.dll.mui
2026-09-27T18:52:54.8045761Z    Compressing: \\?\D:\a\wootc\wootc\out\branded-preview\th-TH\Microsoft.ui.xaml.dll.mui
2026-09-27T18:52:54.8049318Z    Compressing: \\?\D:\a\wootc\wootc\out\branded-preview\th-TH\Microsoft.UI.Xaml.Phone.dll.mui
2026-09-27T18:52:54.8051738Z    Compressing: \\?\D:\a\wootc\wootc\out\branded-preview\tr-TR\Microsoft.ui.xaml.dll.mui
2026-09-27T18:52:54.8056386Z    Compressing: \\?\D:\a\wootc\wootc\out\branded-preview\tr-TR\Microsoft.UI.Xaml.Phone.dll.mui
2026-09-27T18:52:54.8059072Z    Compressing: \\?\D:\a\wootc\wootc\out\branded-preview\tt-RU\Microsoft.ui.xaml.dll.mui
2026-09-27T18:52:54.8064197Z    Compressing: \\?\D:\a\wootc\wootc\out\branded-preview\tt-RU\Microsoft.UI.Xaml.Phone.dll.mui
2026-09-27T18:52:54.8066868Z    Compressing: \\?\D:\a\wootc\wootc\out\branded-preview\ug-CN\Microsoft.ui.xaml.dll.mui
2026-09-27T18:52:54.8077043Z    Compressing: \\?\D:\a\wootc\wootc\out\branded-preview\ug-CN\Microsoft.UI.Xaml.Phone.dll.mui
2026-09-27T18:52:54.8078490Z    Compressing: \\?\D:\a\wootc\wootc\out\branded-preview\uk-UA\Microsoft.ui.xaml.dll.mui
2026-09-27T18:52:54.8081381Z    Compressing: \\?\D:\a\wootc\wootc\out\branded-preview\uk-UA\Microsoft.UI.Xaml.Phone.dll.mui
2026-09-27T18:52:54.8083154Z    Compressing: \\?\D:\a\wootc\wootc\out\branded-preview\ur-PK\Microsoft.ui.xaml.dll.mui
2026-09-27T18:52:54.8088893Z    Compressing: \\?\D:\a\wootc\wootc\out\branded-preview\ur-PK\Microsoft.UI.Xaml.Phone.dll.mui
2026-09-27T18:52:54.8091676Z    Compressing: \\?\D:\a\wootc\wootc\out\branded-preview\uz-Latn-UZ\Microsoft.ui.xaml.dll.mui
2026-09-27T18:52:54.8096719Z    Compressing: \\?\D:\a\wootc\wootc\out\branded-preview\uz-Latn-UZ\Microsoft.UI.Xaml.Phone.dll.mui
2026-09-27T18:52:54.8099429Z    Compressing: \\?\D:\a\wootc\wootc\out\branded-preview\vi-VN\Microsoft.ui.xaml.dll.mui
2026-09-27T18:52:54.8104647Z    Compressing: \\?\D:\a\wootc\wootc\out\branded-preview\vi-VN\Microsoft.UI.Xaml.Phone.dll.mui
2026-09-27T18:52:54.8107431Z    Compressing: \\?\D:\a\wootc\wootc\out\branded-preview\zh-CN\Microsoft.ui.xaml.dll.mui
2026-09-27T18:52:54.8111494Z    Compressing: \\?\D:\a\wootc\wootc\out\branded-preview\zh-CN\Microsoft.UI.Xaml.Phone.dll.mui
2026-09-27T18:52:54.8114165Z    Compressing: \\?\D:\a\wootc\wootc\out\branded-preview\zh-TW\Microsoft.ui.xaml.dll.mui
2026-09-27T18:52:54.8118127Z    Compressing: \\?\D:\a\wootc\wootc\out\branded-preview\zh-TW\Microsoft.UI.Xaml.Phone.dll.mui
2026-09-27T18:52:55.4604475Z    Compressing Setup program executable
2026-09-27T18:52:55.9409503Z    Updating version info (Setup.exe)
2026-09-27T18:52:55.9410598Z    Updating manifest (Setup.exe)
2026-09-27T18:52:55.9411912Z 
2026-09-27T18:52:55.9416625Z 
2026-09-27T18:52:55.9418038Z Successful compile (35.984 sec). Resulting Setup program filename is:
2026-09-27T18:52:55.9419565Z D:\a\wootc\wootc\out\preview-installer\bazzite-native-preview-a68dcec66fe88cb8a26f1c5f78ff350124fc613a.exe
2026-09-27T18:53:10.7571486Z   Determining projects to restore...
2026-09-27T18:53:16.7140325Z   Restored D:\a\wootc\wootc\shell\Wootc.Shell.UiTests\Wootc.Shell.UiTests.csproj (in 5.69 sec).
2026-09-27T18:53:18.0431804Z   Wootc.Shell.UiTests -> D:\a\wootc\wootc\shell\Wootc.Shell.UiTests\bin\Release\net8.0-windows10.0.19041.0\Wootc.Shell.UiTests.dll
2026-09-27T18:53:18.0584470Z Test run for D:\a\wootc\wootc\shell\Wootc.Shell.UiTests\bin\Release\net8.0-windows10.0.19041.0\Wootc.Shell.UiTests.dll (.NETCoreApp,Version=v8.0)
2026-09-27T18:53:18.8236178Z A total of 1 test files matched the specified pattern.
2026-09-27T18:53:44.6893593Z [xUnit.net 00:00:23.19]     Wootc.Shell.UiTests.InstalledPreviewTests.ActualInstalledPreviewBrandAndAuthenticatedStartup [FAIL]
2026-09-27T18:53:44.7819847Z   Failed Wootc.Shell.UiTests.InstalledPreviewTests.ActualInstalledPreviewBrandAndAuthenticatedStartup [22 s]
2026-09-27T18:53:44.7821439Z   Error Message:
2026-09-27T18:53:44.7822885Z    System.InvalidOperationException : First configuration consumer did not complete; ConfigurationGeneration:2; State:pending; enabled=False
2026-09-27T18:53:44.7824032Z   Stack Trace:
2026-09-27T18:53:44.7825980Z      at Wootc.Shell.UiTests.InstalledPreviewTests.ActualInstalledPreviewBrandAndAuthenticatedStartup() in D:\a\wootc\wootc\shell\Wootc.Shell.UiTests\InstalledPreviewTests.cs:line 92
2026-09-27T18:53:44.7827780Z --- End of stack trace from previous location ---
2026-09-27T18:53:44.7995784Z Results File: D:\a\wootc\wootc\shell\Wootc.Shell.UiTests\TestResults\installed-bazzite.trx
2026-09-27T18:53:44.7998699Z 
2026-09-27T18:53:44.8045018Z Failed!  - Failed:     1, Passed:     0, Skipped:     0, Total:     1, Duration: 22 s - Wootc.Shell.UiTests.dll (net8.0)
2026-09-27T18:53:45.4048337Z [31;1mException: [0mD:\a\wootc\wootc\shell\packaging\test-installed-preview.ps1:53[0m
2026-09-27T18:53:45.4050078Z [31;1m[0m[36;1mLine |[0m
2026-09-27T18:53:45.4052477Z [31;1m[0m[36;1m[36;1m  53 | [0m … de -ne 0) { [36;1mthrow "Owned preview operation refused with exit $code"[0m } …[0m
2026-09-27T18:53:45.4053763Z [31;1m[0m[36;1m[36;1m[0m[36;1m[0m[36;1m     | [31;1m               ~~~~~~~~~~~~~~~~~~~~~~~~~~~~~~~~~~~~~~~~~~~~~~~~~~~~~~~[0m
2026-09-27T18:53:45.4054610Z [31;1m[0m[36;1m[36;1m[0m[36;1m[0m[36;1m[31;1m[31;1m[36;1m     | [31;1mOwned preview operation refused with exit 1[0m
2026-09-27T18:53:45.4307819Z ##[error]Process completed with exit code 1.
2026-09-27T18:53:45.4485428Z ##[group]Run actions/upload-artifact@v7
2026-09-27T18:53:45.4485763Z with:
2026-09-27T18:53:45.4485972Z   name: winui-preview-package-bazzite
2026-09-27T18:53:45.4486552Z   path: out/preview-installer/
out/branded-preview/native-package.json
shell/Wootc.Shell.UiTests/TestResults/*.trx

2026-09-27T18:53:45.4487323Z   if-no-files-found: error
2026-09-27T18:53:45.4487539Z   compression-level: 6
2026-09-27T18:53:45.4487734Z   overwrite: false
2026-09-27T18:53:45.4487932Z   include-hidden-files: false
2026-09-27T18:53:45.4488155Z   archive: true
2026-09-27T18:53:45.4488320Z env:
2026-09-27T18:53:45.4488496Z   DOTNET_ROOT: C:\Program Files\dotnet
2026-09-27T18:53:45.4488736Z   GOTOOLCHAIN: local
2026-09-27T18:53:45.4488919Z ##[endgroup]
2026-09-27T18:53:45.6405591Z Multiple search paths detected. Calculating the least common ancestor of all paths
2026-09-27T18:53:45.6409980Z The least common ancestor is D:\a\wootc\wootc. This will be the root directory of the artifact
2026-09-27T18:53:45.6410995Z With the provided path, there will be 4 files uploaded
2026-09-27T18:53:45.6415032Z Artifact name is valid!
2026-09-27T18:53:45.6416638Z Root directory input is valid!
2026-09-27T18:53:45.8604600Z Uploading artifact: winui-preview-package-bazzite.zip
2026-09-27T18:53:45.8654325Z Beginning upload of artifact content to blob storage
2026-09-27T18:53:46.4576622Z Uploaded bytes 8388608
2026-09-27T18:53:46.6552247Z Uploaded bytes 16777216
2026-09-27T18:53:46.8765235Z Uploaded bytes 25165824
2026-09-27T18:53:47.1734032Z Uploaded bytes 33554432
2026-09-27T18:53:47.3461678Z Uploaded bytes 41943040
2026-09-27T18:53:47.6904361Z Uploaded bytes 50331648
2026-09-27T18:53:47.9356423Z Uploaded bytes 58720256
2026-09-27T18:53:48.1859126Z Uploaded bytes 67108864
2026-09-27T18:53:48.2622887Z Uploaded bytes 68004343
2026-09-27T18:53:48.2769383Z Finished uploading artifact content to blob storage!
2026-09-27T18:53:48.2773972Z SHA256 digest of uploaded artifact is f56db9f3c4ae8c7b089f91c0c9a635b3b21a9fbb1859a56b787c123e2c047312
2026-09-27T18:53:48.2776386Z Finalizing artifact upload
2026-09-27T18:53:48.4871003Z Artifact winui-preview-package-bazzite successfully finalized. Artifact ID 10939725986
2026-09-27T18:53:48.4871945Z Artifact winui-preview-package-bazzite has been successfully uploaded! Final size is 68004343 bytes. Artifact ID is 10939725986
2026-09-27T18:53:48.4882517Z Artifact download URL: https://github.com/tuna-os/wootc/actions/runs/36342118819/artifacts/10939725986
2026-09-27T18:53:48.5291093Z Post job cleanup.
2026-09-27T18:53:48.7284453Z [command]"C:\Program Files\Git\bin\git.exe" version
2026-09-27T18:53:48.7571170Z git version 2.55.0.windows.5
2026-09-27T18:53:48.7649987Z Temporarily overriding HOME='D:\a\_temp\1638f860-3bee-4358-89cb-5ebbd041e40c' before making global git config changes
2026-09-27T18:53:48.7651405Z Adding repository directory to the temporary git global config as a safe directory
2026-09-27T18:53:48.7662158Z [command]"C:\Program Files\Git\bin\git.exe" config --global --add safe.directory D:\a\wootc\wootc
2026-09-27T18:53:48.7982051Z Removing SSH command configuration
2026-09-27T18:53:48.7992593Z [command]"C:\Program Files\Git\bin\git.exe" config --local --name-only --get-regexp core\.sshCommand
2026-09-27T18:53:48.8297140Z [command]"C:\Program Files\Git\bin\git.exe" submodule foreach --recursive "sh -c \"git config --local --name-only --get-regexp 'core\.sshCommand' && git config --local --unset-all 'core.sshCommand' || :\""
2026-09-27T18:53:49.3919115Z Removing HTTP extra header
2026-09-27T18:53:49.3929723Z [command]"C:\Program Files\Git\bin\git.exe" config --local --name-only --get-regexp http\.https\:\/\/github\.com\/\.extraheader
2026-09-27T18:53:49.4228917Z [command]"C:\Program Files\Git\bin\git.exe" submodule foreach --recursive "sh -c \"git config --local --name-only --get-regexp 'http\.https\:\/\/github\.com\/\.extraheader' && git config --local --unset-all 'http.https://github.com/.extraheader' || :\""
2026-09-27T18:53:49.9803643Z Removing includeIf entries pointing to credentials config files
2026-09-27T18:53:49.9819642Z [command]"C:\Program Files\Git\bin\git.exe" config --local --name-only --get-regexp ^includeIf\.gitdir:
2026-09-27T18:53:50.0094355Z includeif.gitdir:D:/a/wootc/wootc/.git.path
2026-09-27T18:53:50.0095381Z includeif.gitdir:D:/a/wootc/wootc/.git/worktrees/*.path
2026-09-27T18:53:50.0096067Z includeif.gitdir:/github/workspace/.git.path
2026-09-27T18:53:50.0096765Z includeif.gitdir:/github/workspace/.git/worktrees/*.path
2026-09-27T18:53:50.0138359Z [command]"C:\Program Files\Git\bin\git.exe" config --local --get-all includeif.gitdir:D:/a/wootc/wootc/.git.path
2026-09-27T18:53:50.0404691Z D:\a\_temp\git-credentials-ea04ce87-e7c2-4553-a074-14a73b749369.config
2026-09-27T18:53:50.0447294Z [command]"C:\Program Files\Git\bin\git.exe" config --local --unset includeif.gitdir:D:/a/wootc/wootc/.git.path D\:\\a\\_temp\\git\-credentials\-ea04ce87\-e7c2\-4553\-a074\-14a73b749369\.config
2026-09-27T18:53:50.0756743Z [command]"C:\Program Files\Git\bin\git.exe" config --local --get-all includeif.gitdir:D:/a/wootc/wootc/.git/worktrees/*.path
2026-09-27T18:53:50.1017804Z D:\a\_temp\git-credentials-ea04ce87-e7c2-4553-a074-14a73b749369.config
2026-09-27T18:53:50.1061290Z [command]"C:\Program Files\Git\bin\git.exe" config --local --unset includeif.gitdir:D:/a/wootc/wootc/.git/worktrees/*.path D\:\\a\\_temp\\git\-credentials\-ea04ce87\-e7c2\-4553\-a074\-14a73b749369\.config
2026-09-27T18:53:50.1361364Z [command]"C:\Program Files\Git\bin\git.exe" config --local --get-all includeif.gitdir:/github/workspace/.git.path
2026-09-27T18:53:50.1627122Z /github/runner_temp/git-credentials-ea04ce87-e7c2-4553-a074-14a73b749369.config
2026-09-27T18:53:50.1660843Z [command]"C:\Program Files\Git\bin\git.exe" config --local --unset includeif.gitdir:/github/workspace/.git.path \/github\/runner_temp\/git\-credentials\-ea04ce87\-e7c2\-4553\-a074\-14a73b749369\.config
2026-09-27T18:53:50.1960081Z [command]"C:\Program Files\Git\bin\git.exe" config --local --get-all includeif.gitdir:/github/workspace/.git/worktrees/*.path
2026-09-27T18:53:50.2212922Z /github/runner_temp/git-credentials-ea04ce87-e7c2-4553-a074-14a73b749369.config
2026-09-27T18:53:50.2290336Z [command]"C:\Program Files\Git\bin\git.exe" config --local --unset includeif.gitdir:/github/workspace/.git/worktrees/*.path \/github\/runner_temp\/git\-credentials\-ea04ce87\-e7c2\-4553\-a074\-14a73b749369\.config
2026-09-27T18:53:50.2610106Z [command]"C:\Program Files\Git\bin\git.exe" submodule foreach --recursive "git config --local --show-origin --name-only --get-regexp remote.origin.url"
2026-09-27T18:53:50.7745135Z Removing credentials config 'D:\a\_temp\git-credentials-ea04ce87-e7c2-4553-a074-14a73b749369.config'
2026-09-27T18:53:50.7941534Z Cleaning up orphan processes
2026-09-27T18:53:50.8185629Z Terminate orphan process: pid (5976) (dotnet)
2026-09-27T18:53:50.8246264Z Terminate orphan process: pid (6864) (conhost)
2026-09-27T18:53:50.8381244Z Terminate orphan process: pid (6380) (VBCSCompiler)
2026-09-27T18:53:50.8458658Z Terminate orphan process: pid (8668) (conhost)
