2026-09-27T18:50:18.4682911Z Current runner version: '2.337.0'
2026-09-27T18:50:18.4717779Z ##[group]Runner Image Provisioner
2026-09-27T18:50:18.4718597Z Hosted Compute Agent
2026-09-27T18:50:18.4719207Z Version: 20260828.587
2026-09-27T18:50:18.4720913Z Commit: abac92662cab4cc7352de4f9f9d2e2419aad9c29
2026-09-27T18:50:18.4721698Z Build Date: 2026-08-28T16:44:25Z
2026-09-27T18:50:18.4722326Z Worker ID: {c0089a82-a589-45be-befb-1f58602655cb}
2026-09-27T18:50:18.4722984Z Azure Region: northcentralus
2026-09-27T18:50:18.4723557Z ##[endgroup]
2026-09-27T18:50:18.4725071Z ##[group]Operating System
2026-09-27T18:50:18.4726113Z Microsoft Windows Server 2025
2026-09-27T18:50:18.4727532Z 10.0.26100
2026-09-27T18:50:18.4728312Z Datacenter
2026-09-27T18:50:18.4729156Z ##[endgroup]
2026-09-27T18:50:18.4729934Z ##[group]Runner Image
2026-09-27T18:50:18.4731004Z Image: windows-2025-vs2026
2026-09-27T18:50:18.4731858Z Version: 20260922.246.2
2026-09-27T18:50:18.4734477Z Included Software: https://github.com/actions/runner-images/blob/win25-vs2026/20260922.246/images/windows/Windows2025-VS2026-Readme.md
2026-09-27T18:50:18.4737367Z Image Release: https://github.com/actions/runner-images/releases/tag/win25-vs2026%2F20260922.246
2026-09-27T18:50:18.4739040Z ##[endgroup]
2026-09-27T18:50:18.4740943Z ##[group]GITHUB_TOKEN Permissions
2026-09-27T18:50:18.4743777Z Contents: read
2026-09-27T18:50:18.4744879Z Metadata: read
2026-09-27T18:50:18.4746234Z ##[endgroup]
2026-09-27T18:50:18.4749708Z Secret source: Actions
2026-09-27T18:50:18.4751452Z Cache mode: write
2026-09-27T18:50:18.4752695Z Prepare workflow directory
2026-09-27T18:50:18.5180650Z Prepare all required actions
2026-09-27T18:50:18.5240622Z Getting action download info
2026-09-27T18:50:18.7400275Z Download action repository 'actions/checkout@v7' (SHA:3d3c42e5aac5ba805825da76410c181273ba90b1)
2026-09-27T18:50:18.8759335Z Download action repository 'actions/setup-dotnet@v6' (SHA:a98b56852c35b8e3190ac28c8c2271da59106c68)
2026-09-27T18:50:19.2280320Z Download action repository 'actions/setup-go@v7' (SHA:b7ad1dad31e06c5925ef5d2fc7ad053ef454303e)
2026-09-27T18:50:19.5406154Z Download action repository 'actions/upload-artifact@v7' (SHA:043fb46d1a93c77aae656e7c1c64a875d1fc6a0a)
2026-09-27T18:50:19.7643354Z Complete job name: Branded preview package (wootc)
2026-09-27T18:50:19.9061668Z ##[group]Run actions/checkout@v7
2026-09-27T18:50:19.9063051Z with:
2026-09-27T18:50:19.9063580Z   repository: tuna-os/wootc
2026-09-27T18:50:19.9067686Z   token: ***
2026-09-27T18:50:19.9068190Z   ssh-strict: true
2026-09-27T18:50:19.9068672Z   ssh-user: git
2026-09-27T18:50:19.9069199Z   persist-credentials: true
2026-09-27T18:50:19.9069742Z   clean: true
2026-09-27T18:50:19.9070241Z   sparse-checkout-cone-mode: true
2026-09-27T18:50:19.9070836Z   fetch-depth: 1
2026-09-27T18:50:19.9071345Z   fetch-tags: false
2026-09-27T18:50:19.9071863Z   show-progress: true
2026-09-27T18:50:19.9072364Z   lfs: false
2026-09-27T18:50:19.9073195Z   submodules: false
2026-09-27T18:50:19.9073740Z   set-safe-directory: true
2026-09-27T18:50:19.9074356Z   allow-unsafe-pr-checkout: false
2026-09-27T18:50:19.9075255Z ##[endgroup]
2026-09-27T18:50:20.0661581Z Syncing repository: tuna-os/wootc
2026-09-27T18:50:20.0663626Z ##[group]Getting Git version info
2026-09-27T18:50:20.0664532Z Working directory is 'D:\a\wootc\wootc'
2026-09-27T18:50:20.1684976Z [command]"C:\Program Files\Git\bin\git.exe" version
2026-09-27T18:50:20.5027811Z git version 2.55.0.windows.5
2026-09-27T18:50:20.5085622Z ##[endgroup]
2026-09-27T18:50:20.5103521Z Temporarily overriding HOME='D:\a\_temp\75cca621-f28d-4e68-b337-6df9327be9b8' before making global git config changes
2026-09-27T18:50:20.5106405Z Adding repository directory to the temporary git global config as a safe directory
2026-09-27T18:50:20.5116986Z [command]"C:\Program Files\Git\bin\git.exe" config --global --add safe.directory D:\a\wootc\wootc
2026-09-27T18:50:20.5782413Z Deleting the contents of 'D:\a\wootc\wootc'
2026-09-27T18:50:20.5788822Z ##[group]Determining repository object format
2026-09-27T18:50:20.5792962Z ##[endgroup]
2026-09-27T18:50:20.5793763Z ##[group]Initializing the repository
2026-09-27T18:50:20.5800321Z [command]"C:\Program Files\Git\bin\git.exe" init D:\a\wootc\wootc
2026-09-27T18:50:20.6639353Z Initialized empty Git repository in D:/a/wootc/wootc/.git/
2026-09-27T18:50:20.6687739Z [command]"C:\Program Files\Git\bin\git.exe" remote add origin https://github.com/tuna-os/wootc
2026-09-27T18:50:20.7297685Z ##[endgroup]
2026-09-27T18:50:20.7298882Z ##[group]Disabling automatic garbage collection
2026-09-27T18:50:20.7307313Z [command]"C:\Program Files\Git\bin\git.exe" config --local gc.auto 0
2026-09-27T18:50:20.7612242Z ##[endgroup]
2026-09-27T18:50:20.7613662Z ##[group]Setting up auth
2026-09-27T18:50:20.7614596Z Removing SSH command configuration
2026-09-27T18:50:20.7623780Z [command]"C:\Program Files\Git\bin\git.exe" config --local --name-only --get-regexp core\.sshCommand
2026-09-27T18:50:20.7957171Z [command]"C:\Program Files\Git\bin\git.exe" submodule foreach --recursive "sh -c \"git config --local --name-only --get-regexp 'core\.sshCommand' && git config --local --unset-all 'core.sshCommand' || :\""
2026-09-27T18:50:22.1673508Z Removing HTTP extra header
2026-09-27T18:50:22.1682784Z [command]"C:\Program Files\Git\bin\git.exe" config --local --name-only --get-regexp http\.https\:\/\/github\.com\/\.extraheader
2026-09-27T18:50:22.2007940Z [command]"C:\Program Files\Git\bin\git.exe" submodule foreach --recursive "sh -c \"git config --local --name-only --get-regexp 'http\.https\:\/\/github\.com\/\.extraheader' && git config --local --unset-all 'http.https://github.com/.extraheader' || :\""
2026-09-27T18:50:22.8089166Z Removing includeIf entries pointing to credentials config files
2026-09-27T18:50:22.8099851Z [command]"C:\Program Files\Git\bin\git.exe" config --local --name-only --get-regexp ^includeIf\.gitdir:
2026-09-27T18:50:22.8422455Z [command]"C:\Program Files\Git\bin\git.exe" submodule foreach --recursive "git config --local --show-origin --name-only --get-regexp remote.origin.url"
2026-09-27T18:50:23.4184745Z [command]"C:\Program Files\Git\bin\git.exe" config --file D:\a\_temp\git-credentials-5a9613bf-5189-4aa5-b407-502c00082b27.config http.https://github.com/.extraheader "AUTHORIZATION: basic ***"
2026-09-27T18:50:23.4539300Z [command]"C:\Program Files\Git\bin\git.exe" config --local includeIf.gitdir:D:/a/wootc/wootc/.git.path D:\a\_temp\git-credentials-5a9613bf-5189-4aa5-b407-502c00082b27.config
2026-09-27T18:50:23.4897952Z [command]"C:\Program Files\Git\bin\git.exe" config --local includeIf.gitdir:D:/a/wootc/wootc/.git/worktrees/*.path D:\a\_temp\git-credentials-5a9613bf-5189-4aa5-b407-502c00082b27.config
2026-09-27T18:50:23.5265937Z [command]"C:\Program Files\Git\bin\git.exe" config --local includeIf.gitdir:/github/workspace/.git.path /github/runner_temp/git-credentials-5a9613bf-5189-4aa5-b407-502c00082b27.config
2026-09-27T18:50:23.5593838Z [command]"C:\Program Files\Git\bin\git.exe" config --local includeIf.gitdir:/github/workspace/.git/worktrees/*.path /github/runner_temp/git-credentials-5a9613bf-5189-4aa5-b407-502c00082b27.config
2026-09-27T18:50:23.5922956Z ##[endgroup]
2026-09-27T18:50:23.5923425Z ##[group]Fetching the repository
2026-09-27T18:50:23.5935856Z [command]"C:\Program Files\Git\bin\git.exe" -c protocol.version=2 fetch --no-tags --prune --no-recurse-submodules --depth=1 origin +a68dcec66fe88cb8a26f1c5f78ff350124fc613a:refs/remotes/pull/501/merge
2026-09-27T18:50:24.6607484Z From https://github.com/tuna-os/wootc
2026-09-27T18:50:24.6608514Z  * [new ref]         a68dcec66fe88cb8a26f1c5f78ff350124fc613a -> pull/501/merge
2026-09-27T18:50:24.6660717Z ##[endgroup]
2026-09-27T18:50:24.6661366Z ##[group]Determining the checkout info
2026-09-27T18:50:24.6663622Z ##[endgroup]
2026-09-27T18:50:24.6677364Z [command]"C:\Program Files\Git\bin\git.exe" sparse-checkout disable
2026-09-27T18:50:24.7154540Z [command]"C:\Program Files\Git\bin\git.exe" config --local --unset-all extensions.worktreeConfig
2026-09-27T18:50:24.7516028Z ##[group]Checking out the ref
2026-09-27T18:50:24.7526985Z [command]"C:\Program Files\Git\bin\git.exe" checkout --progress --force refs/remotes/pull/501/merge
2026-09-27T18:50:25.3087372Z Note: switching to 'refs/remotes/pull/501/merge'.
2026-09-27T18:50:25.3087988Z 
2026-09-27T18:50:25.3088371Z You are in 'detached HEAD' state. You can look around, make experimental
2026-09-27T18:50:25.3089187Z changes and commit them, and you can discard any commits you make in this
2026-09-27T18:50:25.3089908Z state without impacting any branches by switching back to a branch.
2026-09-27T18:50:25.3090387Z 
2026-09-27T18:50:25.3090622Z If you want to create a new branch to retain commits you create, you may
2026-09-27T18:50:25.3091085Z do so (now or later) by using -c with the switch command. Example:
2026-09-27T18:50:25.3091328Z 
2026-09-27T18:50:25.3091436Z   git switch -c <new-branch-name>
2026-09-27T18:50:25.3091666Z 
2026-09-27T18:50:25.3091757Z Or undo this operation with:
2026-09-27T18:50:25.3091939Z 
2026-09-27T18:50:25.3092011Z   git switch -
2026-09-27T18:50:25.3092131Z 
2026-09-27T18:50:25.3092331Z Turn off this advice by setting config variable advice.detachedHead to false
2026-09-27T18:50:25.3092634Z 
2026-09-27T18:50:25.3093052Z HEAD is now at a68dcec Merge 99b6a71a1d742a23ee46585a0da070dd410eb848 into a1b497449594fd3a62e743cfbf725108950f8171
2026-09-27T18:50:25.3219722Z ##[endgroup]
2026-09-27T18:50:25.3912418Z [command]"C:\Program Files\Git\bin\git.exe" log -1 --format=%H
2026-09-27T18:50:25.4221193Z a68dcec66fe88cb8a26f1c5f78ff350124fc613a
2026-09-27T18:50:25.4718324Z ##[group]Run actions/setup-dotnet@v6
2026-09-27T18:50:25.4718649Z with:
2026-09-27T18:50:25.4718837Z   global-json-file: shell/global.json
2026-09-27T18:50:25.4719125Z   cache: false
2026-09-27T18:50:25.4719298Z ##[endgroup]
2026-09-27T18:50:25.7944033Z [command]"C:\Program Files\PowerShell\7\pwsh.exe" -NoLogo -Sta -NoProfile -NonInteractive -ExecutionPolicy Unrestricted -Command & 'D:\a\_actions\actions\setup-dotnet\v6\externals\install-dotnet.ps1' -SkipNonVersionedFiles -Runtime dotnet -Channel LTS
2026-09-27T18:50:27.1468777Z dotnet-install: .NET Core Runtime with version '10.0.12' is already installed.
2026-09-27T18:50:27.3146663Z [command]"C:\Program Files\PowerShell\7\pwsh.exe" -NoLogo -Sta -NoProfile -NonInteractive -ExecutionPolicy Unrestricted -Command & 'D:\a\_actions\actions\setup-dotnet\v6\externals\install-dotnet.ps1' -SkipNonVersionedFiles -Version 10.0.401
2026-09-27T18:50:28.0428736Z dotnet-install: .NET Core SDK with version '10.0.401' is already installed.
2026-09-27T18:50:28.1580115Z ##[group]Run actions/setup-go@v7
2026-09-27T18:50:28.1580439Z with:
2026-09-27T18:50:28.1580632Z   go-version-file: app/go.mod
2026-09-27T18:50:28.1580876Z   check-latest: false
2026-09-27T18:50:28.1583438Z   token: ***
2026-09-27T18:50:28.1583629Z   cache: true
2026-09-27T18:50:28.1583795Z env:
2026-09-27T18:50:28.1583967Z   DOTNET_ROOT: C:\Program Files\dotnet
2026-09-27T18:50:28.1584211Z ##[endgroup]
2026-09-27T18:50:28.3087496Z Setup go version spec 1.26.0
2026-09-27T18:50:28.3099372Z Attempting to download 1.26.0...
2026-09-27T18:50:28.9417878Z matching 1.26.0...
2026-09-27T18:50:28.9433574Z Acquiring 1.26.0 from https://github.com/actions/go-versions/releases/download/1.26.0-21889650668/go-1.26.0-win32-x64.zip
2026-09-27T18:50:29.5259180Z Extracting Go...
2026-09-27T18:50:29.6139878Z [command]"C:\Program Files\PowerShell\7\pwsh.exe" -NoLogo -NoProfile -NonInteractive -ExecutionPolicy Unrestricted -Command "$ErrorActionPreference = 'Stop' ; try { Add-Type -AssemblyName System.IO.Compression.ZipFile } catch { } ; try { [System.IO.Compression.ZipFile]::ExtractToDirectory('D:\a\_temp\go-1.26.0-win32-x64.zip', 'D:\a\_temp\5f8c11fc-712a-41ce-b33e-0c348452ef31', $true) } catch { if (($_.Exception.GetType().FullName -eq 'System.Management.Automation.MethodException') -or ($_.Exception.GetType().FullName -eq 'System.Management.Automation.RuntimeException') ){ Expand-Archive -LiteralPath 'D:\a\_temp\go-1.26.0-win32-x64.zip' -DestinationPath 'D:\a\_temp\5f8c11fc-712a-41ce-b33e-0c348452ef31' -Force } else { throw $_ } } ;"
2026-09-27T18:50:34.8396929Z Successfully extracted go to D:\a\_temp\5f8c11fc-712a-41ce-b33e-0c348452ef31
2026-09-27T18:50:34.8397583Z Adding to the cache ...
2026-09-27T18:50:46.8615324Z Created link C:\hostedtoolcache\windows\go\1.26.0\x64 => D:\hostedtoolcache\windows\go\1.26.0\x64
2026-09-27T18:50:46.8619525Z Created link C:\hostedtoolcache\windows\go\1.26.0\x64.complete => D:\hostedtoolcache\windows\go\1.26.0\x64.complete
2026-09-27T18:50:46.8620872Z Successfully cached go to C:\hostedtoolcache\windows\go\1.26.0\x64
2026-09-27T18:50:46.8627753Z Added go to the path
2026-09-27T18:50:46.8629506Z Successfully set up Go version 1.26.0
2026-09-27T18:50:47.2221901Z [command]C:\hostedtoolcache\windows\go\1.26.0\x64\bin\go.exe env GOMODCACHE
2026-09-27T18:50:47.2276097Z [command]C:\hostedtoolcache\windows\go\1.26.0\x64\bin\go.exe env GOCACHE
2026-09-27T18:50:47.2547033Z C:\Users\runneradmin\go\pkg\mod
2026-09-27T18:50:47.2580318Z C:\Users\runneradmin\AppData\Local\go-build
2026-09-27T18:50:47.2623771Z ##[warning]Restore cache failed: Dependencies file is not found in D:\a\wootc\wootc. Supported file pattern: go.mod
2026-09-27T18:50:47.2636900Z go version go1.26.0 windows/amd64
2026-09-27T18:50:47.2637096Z 
2026-09-27T18:50:47.2637494Z ##[group]go env
2026-09-27T18:50:49.8467834Z set AR=ar
2026-09-27T18:50:49.8468159Z set CC=gcc
2026-09-27T18:50:49.8468579Z set CGO_CFLAGS=-O2 -g
2026-09-27T18:50:49.8468965Z set CGO_CPPFLAGS=
2026-09-27T18:50:49.8469210Z set CGO_CXXFLAGS=-O2 -g
2026-09-27T18:50:49.8469431Z set CGO_ENABLED=1
2026-09-27T18:50:49.8469637Z set CGO_FFLAGS=-O2 -g
2026-09-27T18:50:49.8469847Z set CGO_LDFLAGS=-O2 -g
2026-09-27T18:50:49.8470036Z set CXX=g++
2026-09-27T18:50:49.8470196Z set GCCGO=gccgo
2026-09-27T18:50:49.8470371Z set GO111MODULE=
2026-09-27T18:50:49.8470548Z set GOAMD64=v1
2026-09-27T18:50:49.8470717Z set GOARCH=amd64
2026-09-27T18:50:49.8470898Z set GOAUTH=netrc
2026-09-27T18:50:49.8471166Z set GOBIN=
2026-09-27T18:50:49.8471570Z set GOCACHE=C:\Users\runneradmin\AppData\Local\go-build
2026-09-27T18:50:49.8472027Z set GOCACHEPROG=
2026-09-27T18:50:49.8472291Z set GODEBUG=
2026-09-27T18:50:49.8472699Z set GOENV=C:\Users\runneradmin\AppData\Roaming\go\env
2026-09-27T18:50:49.8473210Z set GOEXE=.exe
2026-09-27T18:50:49.8473434Z set GOEXPERIMENT=
2026-09-27T18:50:49.8473631Z set GOFIPS140=off
2026-09-27T18:50:49.8473803Z set GOFLAGS=
2026-09-27T18:50:49.8477146Z set GOGCCFLAGS=-m64 -mthreads -Wl,--no-gc-sections -fmessage-length=0 -ffile-prefix-map=C:\Users\RUNNER~1\AppData\Local\Temp\go-build601181825=/tmp/go-build -gno-record-gcc-switches
2026-09-27T18:50:49.8478051Z set GOHOSTARCH=amd64
2026-09-27T18:50:49.8478318Z set GOHOSTOS=windows
2026-09-27T18:50:49.8478512Z set GOINSECURE=
2026-09-27T18:50:49.8478689Z set GOMOD=NUL
2026-09-27T18:50:49.8478929Z set GOMODCACHE=C:\Users\runneradmin\go\pkg\mod
2026-09-27T18:50:49.8479201Z set GONOPROXY=
2026-09-27T18:50:49.8479377Z set GONOSUMDB=
2026-09-27T18:50:49.8479546Z set GOOS=windows
2026-09-27T18:50:49.8479784Z set GOPATH=C:\Users\runneradmin\go
2026-09-27T18:50:49.8480044Z set GOPRIVATE=
2026-09-27T18:50:49.8480603Z set GOPROXY=https://proxy.golang.org,direct
2026-09-27T18:50:49.8480975Z set GOROOT=C:\hostedtoolcache\windows\go\1.26.0\x64
2026-09-27T18:50:49.8481286Z set GOSUMDB=sum.golang.org
2026-09-27T18:50:49.8481509Z set GOTELEMETRY=local
2026-09-27T18:50:49.8481855Z set GOTELEMETRYDIR=C:\Users\runneradmin\AppData\Roaming\go\telemetry
2026-09-27T18:50:49.8482225Z set GOTMPDIR=
2026-09-27T18:50:49.8482422Z set GOTOOLCHAIN=local
2026-09-27T18:50:49.8482787Z set GOTOOLDIR=C:\hostedtoolcache\windows\go\1.26.0\x64\pkg\tool\windows_amd64
2026-09-27T18:50:49.8483151Z set GOVCS=
2026-09-27T18:50:49.8483331Z set GOVERSION=go1.26.0
2026-09-27T18:50:49.8483515Z set GOWORK=
2026-09-27T18:50:49.8483709Z set PKG_CONFIG=pkg-config
2026-09-27T18:50:49.8483858Z 
2026-09-27T18:50:49.8484523Z ##[endgroup]
2026-09-27T18:50:49.8842502Z ##[group]Run dotnet publish shell/Wootc.Shell/Wootc.Shell.csproj --configuration Release --runtime win-x64 -p:Platform=x64 -p:NativeBuildId=a68dcec66fe88cb8a26f1c5f78ff350124fc613a -p:NativeBrandId=wootc --output out/branded-preview
2026-09-27T18:50:49.8844329Z [36;1mdotnet publish shell/Wootc.Shell/Wootc.Shell.csproj --configuration Release --runtime win-x64 -p:Platform=x64 -p:NativeBuildId=a68dcec66fe88cb8a26f1c5f78ff350124fc613a -p:NativeBrandId=wootc --output out/branded-preview[0m
2026-09-27T18:50:49.8845400Z [36;1mif ($LASTEXITCODE -ne 0) { throw 'Branded native publish refused' }[0m
2026-09-27T18:50:49.8845880Z [36;1mNew-Item -ItemType Directory -Force app/frontend/dist | Out-Null[0m
2026-09-27T18:50:49.8846470Z [36;1mSet-Content app/frontend/dist/index.html '<!doctype html><title>Native engine preview</title>'[0m
2026-09-27T18:50:49.8846935Z [36;1mPush-Location app[0m
2026-09-27T18:50:49.8847704Z [36;1mtry { go build -ldflags "-X main.nativeBuildID=a68dcec66fe88cb8a26f1c5f78ff350124fc613a -X main.brandID=wootc" -o ../out/branded-preview/wootc-engine.exe . } finally { Pop-Location }[0m
2026-09-27T18:50:49.8848609Z [36;1mif ($LASTEXITCODE -ne 0) { throw 'Branded engine build refused' }[0m
2026-09-27T18:50:49.9361354Z shell: C:\Program Files\PowerShell\7\pwsh.EXE -command ". '{0}'"
2026-09-27T18:50:49.9361775Z env:
2026-09-27T18:50:49.9361998Z   DOTNET_ROOT: C:\Program Files\dotnet
2026-09-27T18:50:49.9362296Z   GOTOOLCHAIN: local
2026-09-27T18:50:49.9362517Z ##[endgroup]
2026-09-27T18:50:57.2890425Z   Determining projects to restore...
2026-09-27T18:50:59.7986251Z   Restored D:\a\wootc\wootc\shell\Wootc.Shell.Core\Wootc.Shell.Core.csproj (in 344 ms).
2026-09-27T18:51:01.4287991Z   Restored D:\a\wootc\wootc\shell\Wootc.Shell.Native\Wootc.Shell.Native.csproj (in 2.04 sec).
2026-09-27T18:51:26.8803332Z   Restored D:\a\wootc\wootc\shell\Wootc.Shell\Wootc.Shell.csproj (in 27.49 sec).
2026-09-27T18:51:33.3987882Z   Wootc.Shell.Core -> D:\a\wootc\wootc\shell\Wootc.Shell.Core\bin\x64\Release\net8.0\Wootc.Shell.Core.dll
2026-09-27T18:51:34.8116291Z   Wootc.Shell.Native -> D:\a\wootc\wootc\shell\Wootc.Shell.Native\bin\x64\Release\net8.0-windows10.0.19041.0\Wootc.Shell.Native.dll
2026-09-27T18:51:48.2542255Z   Wootc.Shell -> D:\a\wootc\wootc\shell\Wootc.Shell\bin\x64\Release\net8.0-windows10.0.19041.0\win-x64\Wootc.Shell.dll
2026-09-27T18:51:50.1413900Z   Wootc.Shell -> D:\a\wootc\wootc\out\branded-preview\
2026-09-27T18:51:50.8035598Z go: downloading github.com/tredoe/osutil v1.5.0
2026-09-27T18:51:50.8073544Z go: downloading github.com/wailsapp/wails/v2 v2.16.0
2026-09-27T18:51:53.3100773Z go: downloading golang.org/x/mod v0.41.0
2026-09-27T18:51:53.3101510Z go: downloading golang.org/x/crypto v0.57.0
2026-09-27T18:51:53.3102128Z go: downloading golang.org/x/sys v0.48.0
2026-09-27T18:51:54.1756969Z go: downloading github.com/leaanthony/slicer v1.6.0
2026-09-27T18:51:54.1782449Z go: downloading github.com/leaanthony/u v1.1.1
2026-09-27T18:51:54.2313529Z go: downloading github.com/leaanthony/go-ansi-parser v1.6.1
2026-09-27T18:51:54.2342180Z go: downloading github.com/pkg/errors v0.9.1
2026-09-27T18:51:54.2383285Z go: downloading github.com/wailsapp/go-webview2 v1.0.22
2026-09-27T18:51:54.2700284Z go: downloading github.com/rivo/uniseg v0.4.7
2026-09-27T18:52:14.2063897Z ##[group]Run ./shell/packaging/test-installed-preview.ps1 -BrandId 'wootc' -BuildId 'a68dcec66fe88cb8a26f1c5f78ff350124fc613a' -PackageDirectory out/branded-preview -OutputDirectory out/preview-installer
2026-09-27T18:52:14.2065479Z [36;1m./shell/packaging/test-installed-preview.ps1 -BrandId 'wootc' -BuildId 'a68dcec66fe88cb8a26f1c5f78ff350124fc613a' -PackageDirectory out/branded-preview -OutputDirectory out/preview-installer[0m
2026-09-27T18:52:14.2138756Z shell: C:\Program Files\PowerShell\7\pwsh.EXE -command ". '{0}'"
2026-09-27T18:52:14.2139102Z env:
2026-09-27T18:52:14.2139292Z   DOTNET_ROOT: C:\Program Files\dotnet
2026-09-27T18:52:14.2139551Z   GOTOOLCHAIN: local
2026-09-27T18:52:14.2140496Z ##[endgroup]
2026-09-27T18:52:14.9978084Z PASS actual root-reparse mutant accepts unsafe path; exact source restored and refuses it
2026-09-27T18:52:15.0363113Z PASS actual manifest writer, exclusive preservation, missing resources, wrong brand, root/child reparse refusals
2026-09-27T18:52:16.7919926Z PASS actual uninstaller observation: retained timeout, changed identity, directory, missing, later removal
2026-09-27T18:52:20.1999341Z Inno Setup 7 Command-Line Compiler
2026-09-27T18:52:20.1999788Z Copyright (C) 1997-2026 Jordan Russell. All rights reserved.
2026-09-27T18:52:20.2000287Z Portions Copyright (C) 2000-2026 Martijn Laan. All rights reserved.
2026-09-27T18:52:20.2000787Z Portions Copyright (C) 2001-2004 Alex Yackimoff. All rights reserved.
2026-09-27T18:52:20.2001190Z https://www.innosetup.com
2026-09-27T18:52:20.2001353Z 
2026-09-27T18:52:20.2215396Z Compiler engine version: Inno Setup 7.1.0
2026-09-27T18:52:20.2216109Z Non-commercial use only
2026-09-27T18:52:20.2216320Z 
2026-09-27T18:52:20.2399001Z Preprocessing
2026-09-27T18:52:20.2402080Z    Reading file: C:\Users\RUNNER~1\AppData\Local\Temp\wootc-preview-packaging-2e9250c40dd541a8a2beca470b420658\compiler\ISPPBuiltins.iss
2026-09-27T18:52:20.2411823Z Parsing [Setup] section, line 21
2026-09-27T18:52:20.2413096Z Parsing [Setup] section, line 22
2026-09-27T18:52:20.2413652Z Parsing [Setup] section, line 23
2026-09-27T18:52:20.2414131Z Parsing [Setup] section, line 24
2026-09-27T18:52:20.2414480Z Parsing [Setup] section, line 25
2026-09-27T18:52:20.2415107Z Parsing [Setup] section, line 26
2026-09-27T18:52:20.2415430Z Parsing [Setup] section, line 27
2026-09-27T18:52:20.2415739Z Parsing [Setup] section, line 28
2026-09-27T18:52:20.2416042Z Parsing [Setup] section, line 29
2026-09-27T18:52:20.2416349Z Parsing [Setup] section, line 30
2026-09-27T18:52:20.2416652Z Parsing [Setup] section, line 31
2026-09-27T18:52:20.2416961Z Parsing [Setup] section, line 32
2026-09-27T18:52:20.2417276Z Parsing [Setup] section, line 33
2026-09-27T18:52:20.2417580Z Parsing [Setup] section, line 34
2026-09-27T18:52:20.2417893Z Parsing [Setup] section, line 35
2026-09-27T18:52:20.2418204Z Parsing [Setup] section, line 36
2026-09-27T18:52:20.2418512Z Parsing [Setup] section, line 37
2026-09-27T18:52:20.2418827Z Parsing [Setup] section, line 38
2026-09-27T18:52:20.2419172Z Parsing [Setup] section, line 39
2026-09-27T18:52:20.2419484Z Reading file (WizardImageFile)
2026-09-27T18:52:20.2419819Z Reading file (WizardSmallImageFile)
2026-09-27T18:52:20.2420165Z Preparing Setup program executable
2026-09-27T18:52:20.2783269Z    Verification successful
2026-09-27T18:52:20.2807000Z    Updating icons (Setup.e32)
2026-09-27T18:52:20.2891053Z    Updating version info (Setup.e32)
2026-09-27T18:52:20.2905868Z Determining language code pages
2026-09-27T18:52:20.2907068Z    Reading file: C:\Users\RUNNER~1\AppData\Local\Temp\wootc-preview-packaging-2e9250c40dd541a8a2beca470b420658\compiler\Default.isl
2026-09-27T18:52:20.2911680Z    Messages in script file
2026-09-27T18:52:20.2912202Z Reading default messages from Default.isl
2026-09-27T18:52:20.2918241Z Parsing [LangOptions], [Messages], and [CustomMessages] sections
2026-09-27T18:52:20.2921797Z    Reading file: C:\Users\RUNNER~1\AppData\Local\Temp\wootc-preview-packaging-2e9250c40dd541a8a2beca470b420658\compiler\Default.isl
2026-09-27T18:52:20.2923115Z    Messages in script file
2026-09-27T18:52:20.2923564Z Reading [Code] section
2026-09-27T18:52:20.2924000Z Parsing [Icons] section, line 45
2026-09-27T18:52:20.2924478Z Parsing [Files] section, line 42
2026-09-27T18:52:20.3000311Z Compiling [Code] section
2026-09-27T18:52:20.3065994Z Creating setup files
2026-09-27T18:52:20.3150607Z    Verification successful
2026-09-27T18:52:20.3157590Z    Updating icons (Setup.exe)
2026-09-27T18:52:20.3185855Z    Compressing: \\?\D:\a\wootc\wootc\out\branded-preview\clretwrc.dll
2026-09-27T18:52:20.3219814Z    Compressing: \\?\D:\a\wootc\wootc\out\branded-preview\clrgc.dll
2026-09-27T18:52:20.3286712Z    Compressing: \\?\D:\a\wootc\wootc\out\branded-preview\clrjit.dll
2026-09-27T18:52:20.3459012Z    Compressing: \\?\D:\a\wootc\wootc\out\branded-preview\coreclr.dll
2026-09-27T18:52:20.3990530Z    Compressing: \\?\D:\a\wootc\wootc\out\branded-preview\CoreMessagingXP.dll
2026-09-27T18:52:20.4106792Z    Compressing: \\?\D:\a\wootc\wootc\out\branded-preview\createdump.exe
2026-09-27T18:52:20.4117826Z    Compressing: \\?\D:\a\wootc\wootc\out\branded-preview\dcompi.dll
2026-09-27T18:52:20.4438483Z    Compressing: \\?\D:\a\wootc\wootc\out\branded-preview\DirectML.dll
2026-09-27T18:52:23.6931633Z    Compressing: \\?\D:\a\wootc\wootc\out\branded-preview\dwmcorei.dll
2026-09-27T18:52:23.7216823Z    Compressing: \\?\D:\a\wootc\wootc\out\branded-preview\DwmSceneI.dll
2026-09-27T18:52:24.3362054Z    Compressing: \\?\D:\a\wootc\wootc\out\branded-preview\DWriteCore.dll
2026-09-27T18:52:24.3709181Z    Compressing: \\?\D:\a\wootc\wootc\out\branded-preview\hostfxr.dll
2026-09-27T18:52:24.3744024Z    Compressing: \\?\D:\a\wootc\wootc\out\branded-preview\hostpolicy.dll
2026-09-27T18:52:24.3782631Z    Compressing: \\?\D:\a\wootc\wootc\out\branded-preview\marshal.dll
2026-09-27T18:52:24.3834471Z    Compressing: \\?\D:\a\wootc\wootc\out\branded-preview\Microsoft.Asg.SemanticIndex.AiFabric.Compatibility.dll
2026-09-27T18:52:25.1226698Z    Compressing: \\?\D:\a\wootc\wootc\out\branded-preview\Microsoft.CSharp.dll
2026-09-27T18:52:25.1352191Z    Compressing: \\?\D:\a\wootc\wootc\out\branded-preview\Microsoft.DiaSymReader.Native.amd64.dll
2026-09-27T18:52:25.9133433Z    Compressing: \\?\D:\a\wootc\wootc\out\branded-preview\Microsoft.DirectManipulation.dll
2026-09-27T18:52:25.9196254Z    Compressing: \\?\D:\a\wootc\wootc\out\branded-preview\Microsoft.Foundation.winmd
2026-09-27T18:52:25.9198531Z    Compressing: \\?\D:\a\wootc\wootc\out\branded-preview\Microsoft.Graphics.Display.dll
2026-09-27T18:52:25.9220399Z    Compressing: \\?\D:\a\wootc\wootc\out\branded-preview\Microsoft.Graphics.Imaging.dll
2026-09-27T18:52:25.9234436Z    Compressing: \\?\D:\a\wootc\wootc\out\branded-preview\Microsoft.Graphics.Imaging.Projection.dll
2026-09-27T18:52:25.9237697Z    Compressing: \\?\D:\a\wootc\wootc\out\branded-preview\Microsoft.Graphics.Imaging.winmd
2026-09-27T18:52:25.9239881Z    Compressing: \\?\D:\a\wootc\wootc\out\branded-preview\Microsoft.Graphics.ImagingInternal.ImageObjectRemover.winmd
2026-09-27T18:52:25.9241864Z    Compressing: \\?\D:\a\wootc\wootc\out\branded-preview\Microsoft.Graphics.ImagingInternal.winmd
2026-09-27T18:52:25.9244230Z    Compressing: \\?\D:\a\wootc\wootc\out\branded-preview\Microsoft.Graphics.Internal.Imaging.winmd
2026-09-27T18:52:25.9246688Z    Compressing: \\?\D:\a\wootc\wootc\out\branded-preview\Microsoft.Graphics.winmd
2026-09-27T18:52:25.9249430Z    Compressing: \\?\D:\a\wootc\wootc\out\branded-preview\Microsoft.InputStateManager.dll
2026-09-27T18:52:25.9293249Z    Compressing: \\?\D:\a\wootc\wootc\out\branded-preview\Microsoft.InteractiveExperiences.Projection.dll
2026-09-27T18:52:26.6923511Z    Compressing: \\?\D:\a\wootc\wootc\out\branded-preview\Microsoft.Internal.FrameworkUdk.dll
2026-09-27T18:52:26.7068570Z    Compressing: \\?\D:\a\wootc\wootc\out\branded-preview\Microsoft.ML.OnnxRuntime.dll
2026-09-27T18:52:26.7109594Z    Compressing: \\?\D:\a\wootc\wootc\out\branded-preview\Microsoft.Security.Authentication.OAuth.Projection.dll
2026-09-27T18:52:26.7116910Z    Compressing: \\?\D:\a\wootc\wootc\out\branded-preview\Microsoft.Security.Authentication.OAuth.winmd
2026-09-27T18:52:26.7119829Z    Compressing: \\?\D:\a\wootc\wootc\out\branded-preview\Microsoft.UI.Composition.OSSupport.dll
2026-09-27T18:52:26.7126944Z    Compressing: \\?\D:\a\wootc\wootc\out\branded-preview\Microsoft.UI.Designer.dll
2026-09-27T18:52:26.7138864Z    Compressing: \\?\D:\a\wootc\wootc\out\branded-preview\Microsoft.UI.dll
2026-09-27T18:52:26.7156721Z    Compressing: \\?\D:\a\wootc\wootc\out\branded-preview\Microsoft.UI.Input.dll
2026-09-27T18:52:26.7306023Z    Compressing: \\?\D:\a\wootc\wootc\out\branded-preview\Microsoft.UI.pri
2026-09-27T18:52:26.7315322Z    Compressing: \\?\D:\a\wootc\wootc\out\branded-preview\Microsoft.UI.Text.winmd
2026-09-27T18:52:26.7319339Z    Compressing: \\?\D:\a\wootc\wootc\out\branded-preview\Microsoft.UI.Windowing.Core.dll
2026-09-27T18:52:26.7384526Z    Compressing: \\?\D:\a\wootc\wootc\out\branded-preview\Microsoft.UI.Windowing.dll
2026-09-27T18:52:26.7473025Z    Compressing: \\?\D:\a\wootc\wootc\out\branded-preview\Microsoft.UI.winmd
2026-09-27T18:52:27.3928752Z    Compressing: \\?\D:\a\wootc\wootc\out\branded-preview\Microsoft.UI.Xaml.Controls.dll
2026-09-27T18:52:28.2326093Z    Compressing: \\?\D:\a\wootc\wootc\out\branded-preview\Microsoft.UI.Xaml.Controls.pri
2026-09-27T18:52:28.2516145Z    Compressing: \\?\D:\a\wootc\wootc\out\branded-preview\Microsoft.ui.xaml.dll
2026-09-27T18:52:30.8316876Z    Compressing: \\?\D:\a\wootc\wootc\out\branded-preview\Microsoft.UI.Xaml.Internal.dll
2026-09-27T18:52:31.5406019Z    Compressing: \\?\D:\a\wootc\wootc\out\branded-preview\Microsoft.UI.Xaml.Phone.dll
2026-09-27T18:52:31.5512794Z    Compressing: \\?\D:\a\wootc\wootc\out\branded-preview\Microsoft.ui.xaml.resources.19h1.dll
2026-09-27T18:52:31.5620618Z    Compressing: \\?\D:\a\wootc\wootc\out\branded-preview\Microsoft.ui.xaml.resources.common.dll
2026-09-27T18:52:31.5626221Z    Compressing: \\?\D:\a\wootc\wootc\out\branded-preview\Microsoft.UI.Xaml.winmd
2026-09-27T18:52:31.5789746Z    Compressing: \\?\D:\a\wootc\wootc\out\branded-preview\Microsoft.VisualBasic.Core.dll
2026-09-27T18:52:32.1922242Z    Compressing: \\?\D:\a\wootc\wootc\out\branded-preview\Microsoft.VisualBasic.dll
2026-09-27T18:52:32.1924547Z    Compressing: \\?\D:\a\wootc\wootc\out\branded-preview\Microsoft.Web.WebView2.Core.dll
2026-09-27T18:52:32.2001518Z    Compressing: \\?\D:\a\wootc\wootc\out\branded-preview\Microsoft.Web.WebView2.Core.Projection.dll
2026-09-27T18:52:32.2066823Z    Compressing: \\?\D:\a\wootc\wootc\out\branded-preview\Microsoft.Win32.Primitives.dll
2026-09-27T18:52:32.2069939Z    Compressing: \\?\D:\a\wootc\wootc\out\branded-preview\Microsoft.Win32.Registry.dll
2026-09-27T18:52:32.2087735Z    Compressing: \\?\D:\a\wootc\wootc\out\branded-preview\Microsoft.Windows.AI.AICapabilities.dll
2026-09-27T18:52:32.2106065Z    Compressing: \\?\D:\a\wootc\wootc\out\branded-preview\Microsoft.Windows.AI.ContentModerationInternal.winmd
2026-09-27T18:52:32.2117821Z    Compressing: \\?\D:\a\wootc\wootc\out\branded-preview\Microsoft.Windows.AI.ContentSafety.dll
2026-09-27T18:52:32.2127670Z    Compressing: \\?\D:\a\wootc\wootc\out\branded-preview\Microsoft.Windows.AI.ContentSafety.Projection.dll
2026-09-27T18:52:32.2133569Z    Compressing: \\?\D:\a\wootc\wootc\out\branded-preview\Microsoft.Windows.AI.ContentSafety.winmd
2026-09-27T18:52:32.2136764Z    Compressing: \\?\D:\a\wootc\wootc\out\branded-preview\Microsoft.Windows.AI.Foundation.Projection.dll
2026-09-27T18:52:32.2141394Z    Compressing: \\?\D:\a\wootc\wootc\out\branded-preview\Microsoft.Windows.AI.Foundation.winmd
2026-09-27T18:52:32.2143893Z    Compressing: \\?\D:\a\wootc\wootc\out\branded-preview\Microsoft.Windows.AI.FoundationInternal.winmd
2026-09-27T18:52:32.2146501Z    Compressing: \\?\D:\a\wootc\wootc\out\branded-preview\Microsoft.Windows.AI.GenerativeInternal.winmd
2026-09-27T18:52:32.2151196Z    Compressing: \\?\D:\a\wootc\wootc\out\branded-preview\Microsoft.Windows.AI.Imaging.dll
2026-09-27T18:52:32.2273219Z    Compressing: \\?\D:\a\wootc\wootc\out\branded-preview\Microsoft.Windows.AI.Imaging.Projection.dll
2026-09-27T18:52:32.2287048Z    Compressing: \\?\D:\a\wootc\wootc\out\branded-preview\Microsoft.Windows.AI.Imaging.winmd
2026-09-27T18:52:32.2290599Z    Compressing: \\?\D:\a\wootc\wootc\out\branded-preview\Microsoft.Windows.AI.MachineLearning.dll
2026-09-27T18:52:32.2396611Z    Compressing: \\?\D:\a\wootc\wootc\out\branded-preview\Microsoft.Windows.AI.MachineLearning.Projection.dll
2026-09-27T18:52:32.2410434Z    Compressing: \\?\D:\a\wootc\wootc\out\branded-preview\Microsoft.Windows.AI.Projection.dll
2026-09-27T18:52:32.2415368Z    Compressing: \\?\D:\a\wootc\wootc\out\branded-preview\Microsoft.Windows.AI.Search.Experimental.dll
2026-09-27T18:52:32.8034444Z    Compressing: \\?\D:\a\wootc\wootc\out\branded-preview\Microsoft.Windows.AI.Text.dll
2026-09-27T18:52:32.8150690Z    Compressing: \\?\D:\a\wootc\wootc\out\branded-preview\Microsoft.Windows.AI.Text.Projection.dll
2026-09-27T18:52:32.8161517Z    Compressing: \\?\D:\a\wootc\wootc\out\branded-preview\Microsoft.Windows.AI.Text.winmd
2026-09-27T18:52:32.8164472Z    Compressing: \\?\D:\a\wootc\wootc\out\branded-preview\Microsoft.Windows.AI.Video.dll
2026-09-27T18:52:32.8216230Z    Compressing: \\?\D:\a\wootc\wootc\out\branded-preview\Microsoft.Windows.AI.Video.Projection.dll
2026-09-27T18:52:32.8220271Z    Compressing: \\?\D:\a\wootc\wootc\out\branded-preview\Microsoft.Windows.AI.Video.winmd
2026-09-27T18:52:32.8222027Z    Compressing: \\?\D:\a\wootc\wootc\out\branded-preview\Microsoft.Windows.AI.winmd
2026-09-27T18:52:32.8224223Z    Compressing: \\?\D:\a\wootc\wootc\out\branded-preview\Microsoft.Windows.ApplicationModel.Background.Projection.dll
2026-09-27T18:52:32.8227346Z    Compressing: \\?\D:\a\wootc\wootc\out\branded-preview\Microsoft.Windows.ApplicationModel.Background.UniversalBGTask.dll
2026-09-27T18:52:32.8237339Z    Compressing: \\?\D:\a\wootc\wootc\out\branded-preview\Microsoft.Windows.ApplicationModel.Background.UniversalBGTask.winmd
2026-09-27T18:52:32.8238768Z    Compressing: \\?\D:\a\wootc\wootc\out\branded-preview\Microsoft.Windows.ApplicationModel.Background.winmd
2026-09-27T18:52:32.8241095Z    Compressing: \\?\D:\a\wootc\wootc\out\branded-preview\Microsoft.Windows.ApplicationModel.DynamicDependency.Projection.dll
2026-09-27T18:52:32.8245645Z    Compressing: \\?\D:\a\wootc\wootc\out\branded-preview\Microsoft.Windows.ApplicationModel.DynamicDependency.winmd
2026-09-27T18:52:32.8248015Z    Compressing: \\?\D:\a\wootc\wootc\out\branded-preview\Microsoft.Windows.ApplicationModel.Resources.dll
2026-09-27T18:52:32.8264014Z    Compressing: \\?\D:\a\wootc\wootc\out\branded-preview\Microsoft.Windows.ApplicationModel.Resources.Projection.dll
2026-09-27T18:52:32.8270716Z    Compressing: \\?\D:\a\wootc\wootc\out\branded-preview\Microsoft.Windows.ApplicationModel.Resources.winmd
2026-09-27T18:52:32.8273206Z    Compressing: \\?\D:\a\wootc\wootc\out\branded-preview\Microsoft.Windows.ApplicationModel.WindowsAppRuntime.Projection.dll
2026-09-27T18:52:32.8278527Z    Compressing: \\?\D:\a\wootc\wootc\out\branded-preview\Microsoft.Windows.ApplicationModel.WindowsAppRuntime.winmd
2026-09-27T18:52:32.8281186Z    Compressing: \\?\D:\a\wootc\wootc\out\branded-preview\Microsoft.Windows.AppLifecycle.Projection.dll
2026-09-27T18:52:32.8285610Z    Compressing: \\?\D:\a\wootc\wootc\out\branded-preview\Microsoft.Windows.AppLifecycle.winmd
2026-09-27T18:52:32.8287992Z    Compressing: \\?\D:\a\wootc\wootc\out\branded-preview\Microsoft.Windows.AppNotifications.Builder.Projection.dll
2026-09-27T18:52:32.8295177Z    Compressing: \\?\D:\a\wootc\wootc\out\branded-preview\Microsoft.Windows.AppNotifications.Builder.winmd
2026-09-27T18:52:32.8297949Z    Compressing: \\?\D:\a\wootc\wootc\out\branded-preview\Microsoft.Windows.AppNotifications.Projection.dll
2026-09-27T18:52:32.8304381Z    Compressing: \\?\D:\a\wootc\wootc\out\branded-preview\Microsoft.Windows.AppNotifications.winmd
2026-09-27T18:52:32.8306467Z    Compressing: \\?\D:\a\wootc\wootc\out\branded-preview\Microsoft.Windows.BadgeNotifications.Projection.dll
2026-09-27T18:52:32.8309227Z    Compressing: \\?\D:\a\wootc\wootc\out\branded-preview\Microsoft.Windows.BadgeNotifications.winmd
2026-09-27T18:52:32.8310895Z    Compressing: \\?\D:\a\wootc\wootc\out\branded-preview\Microsoft.Windows.Foundation.Projection.dll
2026-09-27T18:52:32.8314360Z    Compressing: \\?\D:\a\wootc\wootc\out\branded-preview\Microsoft.Windows.Foundation.winmd
2026-09-27T18:52:32.8316867Z    Compressing: \\?\D:\a\wootc\wootc\out\branded-preview\Microsoft.Windows.Globalization.winmd
2026-09-27T18:52:32.8318544Z    Compressing: \\?\D:\a\wootc\wootc\out\branded-preview\Microsoft.Windows.ImageCreationInternal.winmd
2026-09-27T18:52:32.8321257Z    Compressing: \\?\D:\a\wootc\wootc\out\branded-preview\Microsoft.Windows.Internal.AI.ContentModeration.winmd
2026-09-27T18:52:32.8322913Z    Compressing: \\?\D:\a\wootc\wootc\out\branded-preview\Microsoft.Windows.Internal.AI.Generative.winmd
2026-09-27T18:52:32.8326116Z    Compressing: \\?\D:\a\wootc\wootc\out\branded-preview\Microsoft.Windows.Internal.ImageCreation.winmd
2026-09-27T18:52:32.8327906Z    Compressing: \\?\D:\a\wootc\wootc\out\branded-preview\Microsoft.Windows.Internal.SemanticSearch.winmd
2026-09-27T18:52:32.8330127Z    Compressing: \\?\D:\a\wootc\wootc\out\branded-preview\Microsoft.Windows.Internal.Vision.winmd
2026-09-27T18:52:32.8332072Z    Compressing: \\?\D:\a\wootc\wootc\out\branded-preview\Microsoft.Windows.Management.Deployment.Projection.dll
2026-09-27T18:52:32.8348697Z    Compressing: \\?\D:\a\wootc\wootc\out\branded-preview\Microsoft.Windows.Management.Deployment.winmd
2026-09-27T18:52:32.8353166Z    Compressing: \\?\D:\a\wootc\wootc\out\branded-preview\Microsoft.Windows.Media.Capture.Projection.dll
2026-09-27T18:52:32.8357337Z    Compressing: \\?\D:\a\wootc\wootc\out\branded-preview\Microsoft.Windows.Media.Capture.winmd
2026-09-27T18:52:32.8359483Z    Compressing: \\?\D:\a\wootc\wootc\out\branded-preview\Microsoft.Windows.Private.Workloads.SessionManager.winmd
2026-09-27T18:52:32.8361241Z    Compressing: \\?\D:\a\wootc\wootc\out\branded-preview\Microsoft.Windows.PrivateCommon.winmd
2026-09-27T18:52:32.8363216Z    Compressing: \\?\D:\a\wootc\wootc\out\branded-preview\Microsoft.Windows.PushNotifications.Projection.dll
2026-09-27T18:52:32.8367810Z    Compressing: \\?\D:\a\wootc\wootc\out\branded-preview\Microsoft.Windows.PushNotifications.winmd
2026-09-27T18:52:32.8369995Z    Compressing: \\?\D:\a\wootc\wootc\out\branded-preview\Microsoft.Windows.SDK.NET.dll
2026-09-27T18:52:36.2778503Z    Compressing: \\?\D:\a\wootc\wootc\out\branded-preview\Microsoft.Windows.Search.dll
2026-09-27T18:52:36.9262208Z    Compressing: \\?\D:\a\wootc\wootc\out\branded-preview\Microsoft.Windows.Search.Projection.dll
2026-09-27T18:52:36.9280969Z    Compressing: \\?\D:\a\wootc\wootc\out\branded-preview\Microsoft.Windows.Search.winmd
2026-09-27T18:52:36.9285776Z    Compressing: \\?\D:\a\wootc\wootc\out\branded-preview\Microsoft.Windows.Security.AccessControl.Projection.dll
2026-09-27T18:52:36.9288458Z    Compressing: \\?\D:\a\wootc\wootc\out\branded-preview\Microsoft.Windows.Security.AccessControl.winmd
2026-09-27T18:52:36.9290586Z    Compressing: \\?\D:\a\wootc\wootc\out\branded-preview\Microsoft.Windows.SemanticSearch.winmd
2026-09-27T18:52:36.9292810Z    Compressing: \\?\D:\a\wootc\wootc\out\branded-preview\Microsoft.Windows.SemanticSearchInternal.winmd
2026-09-27T18:52:36.9295408Z    Compressing: \\?\D:\a\wootc\wootc\out\branded-preview\Microsoft.Windows.Storage.Pickers.Projection.dll
2026-09-27T18:52:36.9302770Z    Compressing: \\?\D:\a\wootc\wootc\out\branded-preview\Microsoft.Windows.Storage.Pickers.winmd
2026-09-27T18:52:36.9305385Z    Compressing: \\?\D:\a\wootc\wootc\out\branded-preview\Microsoft.Windows.Storage.Projection.dll
2026-09-27T18:52:36.9309749Z    Compressing: \\?\D:\a\wootc\wootc\out\branded-preview\Microsoft.Windows.Storage.winmd
2026-09-27T18:52:36.9313154Z    Compressing: \\?\D:\a\wootc\wootc\out\branded-preview\Microsoft.Windows.System.Power.Projection.dll
2026-09-27T18:52:36.9316262Z    Compressing: \\?\D:\a\wootc\wootc\out\branded-preview\Microsoft.Windows.System.Power.winmd
2026-09-27T18:52:36.9318814Z    Compressing: \\?\D:\a\wootc\wootc\out\branded-preview\Microsoft.Windows.System.Projection.dll
2026-09-27T18:52:36.9321958Z    Compressing: \\?\D:\a\wootc\wootc\out\branded-preview\Microsoft.Windows.System.winmd
2026-09-27T18:52:36.9324156Z    Compressing: \\?\D:\a\wootc\wootc\out\branded-preview\Microsoft.Windows.Vision.winmd
2026-09-27T18:52:36.9326374Z    Compressing: \\?\D:\a\wootc\wootc\out\branded-preview\Microsoft.Windows.VisionInternal.winmd
2026-09-27T18:52:36.9328755Z    Compressing: \\?\D:\a\wootc\wootc\out\branded-preview\Microsoft.Windows.Widgets.dll
2026-09-27T18:52:36.9602099Z    Compressing: \\?\D:\a\wootc\wootc\out\branded-preview\Microsoft.Windows.Widgets.Projection.dll
2026-09-27T18:52:37.5703095Z    Compressing: \\?\D:\a\wootc\wootc\out\branded-preview\Microsoft.Windows.Widgets.winmd
2026-09-27T18:52:37.5708059Z    Compressing: \\?\D:\a\wootc\wootc\out\branded-preview\Microsoft.Windows.Workloads.dll
2026-09-27T18:52:37.5748323Z    Compressing: \\?\D:\a\wootc\wootc\out\branded-preview\Microsoft.Windows.Workloads.pri
2026-09-27T18:52:37.5749934Z    Compressing: \\?\D:\a\wootc\wootc\out\branded-preview\Microsoft.Windows.Workloads.Resources.dll
2026-09-27T18:52:37.5766936Z    Compressing: \\?\D:\a\wootc\wootc\out\branded-preview\Microsoft.Windows.Workloads.Resources_ec.dll
2026-09-27T18:52:37.5783323Z    Compressing: \\?\D:\a\wootc\wootc\out\branded-preview\Microsoft.Windows.Workloads.winmd
2026-09-27T18:52:37.5785800Z    Compressing: \\?\D:\a\wootc\wootc\out\branded-preview\Microsoft.WindowsAppRuntime.Bootstrap.dll
2026-09-27T18:52:37.5825334Z    Compressing: \\?\D:\a\wootc\wootc\out\branded-preview\Microsoft.WindowsAppRuntime.Bootstrap.Net.dll
2026-09-27T18:52:37.5828745Z    Compressing: \\?\D:\a\wootc\wootc\out\branded-preview\Microsoft.WindowsAppRuntime.dll
2026-09-27T18:52:37.6096750Z    Compressing: \\?\D:\a\wootc\wootc\out\branded-preview\Microsoft.WindowsAppRuntime.pri
2026-09-27T18:52:37.6098642Z    Compressing: \\?\D:\a\wootc\wootc\out\branded-preview\Microsoft.WinUI.dll
2026-09-27T18:52:38.9725213Z    Compressing: \\?\D:\a\wootc\wootc\out\branded-preview\MRM.dll
2026-09-27T18:52:38.9753257Z    Compressing: \\?\D:\a\wootc\wootc\out\branded-preview\mscordaccore.dll
2026-09-27T18:52:38.9883869Z    Compressing: \\?\D:\a\wootc\wootc\out\branded-preview\mscordaccore_amd64_amd64_8.0.3126.42015.dll
2026-09-27T18:52:39.0155932Z    Compressing: \\?\D:\a\wootc\wootc\out\branded-preview\mscordbi.dll
2026-09-27T18:52:39.6103316Z    Compressing: \\?\D:\a\wootc\wootc\out\branded-preview\mscorlib.dll
2026-09-27T18:52:39.6109604Z    Compressing: \\?\D:\a\wootc\wootc\out\branded-preview\mscorrc.dll
2026-09-27T18:52:39.6124323Z    Compressing: \\?\D:\a\wootc\wootc\out\branded-preview\msquic.dll
2026-09-27T18:52:39.6178272Z    Compressing: \\?\D:\a\wootc\wootc\out\branded-preview\native-package.json
2026-09-27T18:52:39.6183548Z    Compressing: \\?\D:\a\wootc\wootc\out\branded-preview\netstandard.dll
2026-09-27T18:52:39.6194595Z    Compressing: \\?\D:\a\wootc\wootc\out\branded-preview\NPUDetect.dll
2026-09-27T18:52:39.6224369Z    Compressing: \\?\D:\a\wootc\wootc\out\branded-preview\onnxruntime.dll
2026-09-27T18:52:43.2713447Z    Compressing: \\?\D:\a\wootc\wootc\out\branded-preview\PerceptiveStreaming.dll
2026-09-27T18:52:43.8614380Z    Compressing: \\?\D:\a\wootc\wootc\out\branded-preview\PushNotificationsLongRunningTask.ProxyStub.dll
2026-09-27T18:52:43.8619441Z    Compressing: \\?\D:\a\wootc\wootc\out\branded-preview\RestartAgent.exe
2026-09-27T18:52:43.8632051Z    Compressing: \\?\D:\a\wootc\wootc\out\branded-preview\SessionHandleIPCProxyStub.dll
2026-09-27T18:52:43.8637636Z    Compressing: \\?\D:\a\wootc\wootc\out\branded-preview\System.AppContext.dll
2026-09-27T18:52:43.8640885Z    Compressing: \\?\D:\a\wootc\wootc\out\branded-preview\System.Buffers.dll
2026-09-27T18:52:43.8643743Z    Compressing: \\?\D:\a\wootc\wootc\out\branded-preview\System.Collections.Concurrent.dll
2026-09-27T18:52:43.8685993Z    Compressing: \\?\D:\a\wootc\wootc\out\branded-preview\System.Collections.dll
2026-09-27T18:52:43.8726098Z    Compressing: \\?\D:\a\wootc\wootc\out\branded-preview\System.Collections.Immutable.dll
2026-09-27T18:52:43.8809086Z    Compressing: \\?\D:\a\wootc\wootc\out\branded-preview\System.Collections.NonGeneric.dll
2026-09-27T18:52:43.8819979Z    Compressing: \\?\D:\a\wootc\wootc\out\branded-preview\System.Collections.Specialized.dll
2026-09-27T18:52:43.8831323Z    Compressing: \\?\D:\a\wootc\wootc\out\branded-preview\System.ComponentModel.Annotations.dll
2026-09-27T18:52:43.8850799Z    Compressing: \\?\D:\a\wootc\wootc\out\branded-preview\System.ComponentModel.DataAnnotations.dll
2026-09-27T18:52:43.8853369Z    Compressing: \\?\D:\a\wootc\wootc\out\branded-preview\System.ComponentModel.dll
2026-09-27T18:52:43.8857710Z    Compressing: \\?\D:\a\wootc\wootc\out\branded-preview\System.ComponentModel.EventBasedAsync.dll
2026-09-27T18:52:43.8862835Z    Compressing: \\?\D:\a\wootc\wootc\out\branded-preview\System.ComponentModel.Primitives.dll
2026-09-27T18:52:43.8871145Z    Compressing: \\?\D:\a\wootc\wootc\out\branded-preview\System.ComponentModel.TypeConverter.dll
2026-09-27T18:52:43.8940849Z    Compressing: \\?\D:\a\wootc\wootc\out\branded-preview\System.Configuration.dll
2026-09-27T18:52:43.8943482Z    Compressing: \\?\D:\a\wootc\wootc\out\branded-preview\System.Console.dll
2026-09-27T18:52:43.8960646Z    Compressing: \\?\D:\a\wootc\wootc\out\branded-preview\System.Core.dll
2026-09-27T18:52:43.8963677Z    Compressing: \\?\D:\a\wootc\wootc\out\branded-preview\System.Data.Common.dll
2026-09-27T18:52:44.4579984Z    Compressing: \\?\D:\a\wootc\wootc\out\branded-preview\System.Data.DataSetExtensions.dll
2026-09-27T18:52:44.4582282Z    Compressing: \\?\D:\a\wootc\wootc\out\branded-preview\System.Data.dll
2026-09-27T18:52:44.4585723Z    Compressing: \\?\D:\a\wootc\wootc\out\branded-preview\System.Diagnostics.Contracts.dll
2026-09-27T18:52:44.4588056Z    Compressing: \\?\D:\a\wootc\wootc\out\branded-preview\System.Diagnostics.Debug.dll
2026-09-27T18:52:44.4590834Z    Compressing: \\?\D:\a\wootc\wootc\out\branded-preview\System.Diagnostics.DiagnosticSource.dll
2026-09-27T18:52:44.4630308Z    Compressing: \\?\D:\a\wootc\wootc\out\branded-preview\System.Diagnostics.FileVersionInfo.dll
2026-09-27T18:52:44.4636389Z    Compressing: \\?\D:\a\wootc\wootc\out\branded-preview\System.Diagnostics.Process.dll
2026-09-27T18:52:44.4670194Z    Compressing: \\?\D:\a\wootc\wootc\out\branded-preview\System.Diagnostics.StackTrace.dll
2026-09-27T18:52:44.4676141Z    Compressing: \\?\D:\a\wootc\wootc\out\branded-preview\System.Diagnostics.TextWriterTraceListener.dll
2026-09-27T18:52:44.4683281Z    Compressing: \\?\D:\a\wootc\wootc\out\branded-preview\System.Diagnostics.Tools.dll
2026-09-27T18:52:44.4685747Z    Compressing: \\?\D:\a\wootc\wootc\out\branded-preview\System.Diagnostics.TraceSource.dll
2026-09-27T18:52:44.4701082Z    Compressing: \\?\D:\a\wootc\wootc\out\branded-preview\System.Diagnostics.Tracing.dll
2026-09-27T18:52:44.4703639Z    Compressing: \\?\D:\a\wootc\wootc\out\branded-preview\System.dll
2026-09-27T18:52:44.4709182Z    Compressing: \\?\D:\a\wootc\wootc\out\branded-preview\System.Drawing.dll
2026-09-27T18:52:44.4712522Z    Compressing: \\?\D:\a\wootc\wootc\out\branded-preview\System.Drawing.Primitives.dll
2026-09-27T18:52:44.4725995Z    Compressing: \\?\D:\a\wootc\wootc\out\branded-preview\System.Dynamic.Runtime.dll
2026-09-27T18:52:44.4728420Z    Compressing: \\?\D:\a\wootc\wootc\out\branded-preview\System.Formats.Asn1.dll
2026-09-27T18:52:44.4752501Z    Compressing: \\?\D:\a\wootc\wootc\out\branded-preview\System.Formats.Tar.dll
2026-09-27T18:52:44.4779976Z    Compressing: \\?\D:\a\wootc\wootc\out\branded-preview\System.Globalization.Calendars.dll
2026-09-27T18:52:44.4782648Z    Compressing: \\?\D:\a\wootc\wootc\out\branded-preview\System.Globalization.dll
2026-09-27T18:52:44.4784917Z    Compressing: \\?\D:\a\wootc\wootc\out\branded-preview\System.Globalization.Extensions.dll
2026-09-27T18:52:44.4787810Z    Compressing: \\?\D:\a\wootc\wootc\out\branded-preview\System.IO.Compression.Brotli.dll
2026-09-27T18:52:44.4796751Z    Compressing: \\?\D:\a\wootc\wootc\out\branded-preview\System.IO.Compression.dll
2026-09-27T18:52:44.4823014Z    Compressing: \\?\D:\a\wootc\wootc\out\branded-preview\System.IO.Compression.FileSystem.dll
2026-09-27T18:52:44.4825311Z    Compressing: \\?\D:\a\wootc\wootc\out\branded-preview\System.IO.Compression.Native.dll
2026-09-27T18:52:44.4915287Z    Compressing: \\?\D:\a\wootc\wootc\out\branded-preview\System.IO.Compression.ZipFile.dll
2026-09-27T18:52:44.4922026Z    Compressing: \\?\D:\a\wootc\wootc\out\branded-preview\System.IO.dll
2026-09-27T18:52:44.5024365Z    Compressing: \\?\D:\a\wootc\wootc\out\branded-preview\System.IO.FileSystem.AccessControl.dll
2026-09-27T18:52:44.5025882Z    Compressing: \\?\D:\a\wootc\wootc\out\branded-preview\System.IO.FileSystem.dll
2026-09-27T18:52:44.5028458Z    Compressing: \\?\D:\a\wootc\wootc\out\branded-preview\System.IO.FileSystem.DriveInfo.dll
2026-09-27T18:52:44.5029847Z    Compressing: \\?\D:\a\wootc\wootc\out\branded-preview\System.IO.FileSystem.Primitives.dll
2026-09-27T18:52:44.5031035Z    Compressing: \\?\D:\a\wootc\wootc\out\branded-preview\System.IO.FileSystem.Watcher.dll
2026-09-27T18:52:44.5032188Z    Compressing: \\?\D:\a\wootc\wootc\out\branded-preview\System.IO.IsolatedStorage.dll
2026-09-27T18:52:44.5033244Z    Compressing: \\?\D:\a\wootc\wootc\out\branded-preview\System.IO.MemoryMappedFiles.dll
2026-09-27T18:52:44.5034378Z    Compressing: \\?\D:\a\wootc\wootc\out\branded-preview\System.IO.Pipes.AccessControl.dll
2026-09-27T18:52:44.5035514Z    Compressing: \\?\D:\a\wootc\wootc\out\branded-preview\System.IO.Pipes.dll
2026-09-27T18:52:45.1997450Z    Compressing: \\?\D:\a\wootc\wootc\out\branded-preview\System.IO.UnmanagedMemoryStream.dll
2026-09-27T18:52:45.2000345Z    Compressing: \\?\D:\a\wootc\wootc\out\branded-preview\System.Linq.dll
2026-09-27T18:52:45.2051902Z    Compressing: \\?\D:\a\wootc\wootc\out\branded-preview\System.Linq.Expressions.dll
2026-09-27T18:52:45.2396279Z    Compressing: \\?\D:\a\wootc\wootc\out\branded-preview\System.Linq.Parallel.dll
2026-09-27T18:52:45.9464510Z    Compressing: \\?\D:\a\wootc\wootc\out\branded-preview\System.Linq.Queryable.dll
2026-09-27T18:52:45.9491379Z    Compressing: \\?\D:\a\wootc\wootc\out\branded-preview\System.Memory.dll
2026-09-27T18:52:45.9516669Z    Compressing: \\?\D:\a\wootc\wootc\out\branded-preview\System.Net.dll
2026-09-27T18:52:45.9520052Z    Compressing: \\?\D:\a\wootc\wootc\out\branded-preview\System.Net.Http.dll
2026-09-27T18:52:45.9762110Z    Compressing: \\?\D:\a\wootc\wootc\out\branded-preview\System.Net.Http.Json.dll
2026-09-27T18:52:45.9774598Z    Compressing: \\?\D:\a\wootc\wootc\out\branded-preview\System.Net.HttpListener.dll
2026-09-27T18:52:45.9826001Z    Compressing: \\?\D:\a\wootc\wootc\out\branded-preview\System.Net.Mail.dll
2026-09-27T18:52:45.9866581Z    Compressing: \\?\D:\a\wootc\wootc\out\branded-preview\System.Net.NameResolution.dll
2026-09-27T18:52:45.9877906Z    Compressing: \\?\D:\a\wootc\wootc\out\branded-preview\System.Net.NetworkInformation.dll
2026-09-27T18:52:45.9893557Z    Compressing: \\?\D:\a\wootc\wootc\out\branded-preview\System.Net.Ping.dll
2026-09-27T18:52:45.9903084Z    Compressing: \\?\D:\a\wootc\wootc\out\branded-preview\System.Net.Primitives.dll
2026-09-27T18:52:45.9925250Z    Compressing: \\?\D:\a\wootc\wootc\out\branded-preview\System.Net.Quic.dll
2026-09-27T18:52:45.9964271Z    Compressing: \\?\D:\a\wootc\wootc\out\branded-preview\System.Net.Requests.dll
2026-09-27T18:52:46.0014640Z    Compressing: \\?\D:\a\wootc\wootc\out\branded-preview\System.Net.Security.dll
2026-09-27T18:52:46.6007410Z    Compressing: \\?\D:\a\wootc\wootc\out\branded-preview\System.Net.ServicePoint.dll
2026-09-27T18:52:46.6014519Z    Compressing: \\?\D:\a\wootc\wootc\out\branded-preview\System.Net.Sockets.dll
2026-09-27T18:52:46.6095011Z    Compressing: \\?\D:\a\wootc\wootc\out\branded-preview\System.Net.WebClient.dll
2026-09-27T18:52:46.6120101Z    Compressing: \\?\D:\a\wootc\wootc\out\branded-preview\System.Net.WebHeaderCollection.dll
2026-09-27T18:52:46.6131431Z    Compressing: \\?\D:\a\wootc\wootc\out\branded-preview\System.Net.WebProxy.dll
2026-09-27T18:52:46.6138827Z    Compressing: \\?\D:\a\wootc\wootc\out\branded-preview\System.Net.WebSockets.Client.dll
2026-09-27T18:52:46.6155100Z    Compressing: \\?\D:\a\wootc\wootc\out\branded-preview\System.Net.WebSockets.dll
2026-09-27T18:52:46.6185538Z    Compressing: \\?\D:\a\wootc\wootc\out\branded-preview\System.Numerics.dll
2026-09-27T18:52:46.6188681Z    Compressing: \\?\D:\a\wootc\wootc\out\branded-preview\System.Numerics.Tensors.dll
2026-09-27T18:52:46.6257498Z    Compressing: \\?\D:\a\wootc\wootc\out\branded-preview\System.Numerics.Vectors.dll
2026-09-27T18:52:46.6259553Z    Compressing: \\?\D:\a\wootc\wootc\out\branded-preview\System.ObjectModel.dll
2026-09-27T18:52:46.6267583Z    Compressing: \\?\D:\a\wootc\wootc\out\branded-preview\System.Private.CoreLib.dll
2026-09-27T18:52:48.7298241Z    Compressing: \\?\D:\a\wootc\wootc\out\branded-preview\System.Private.DataContractSerialization.dll
2026-09-27T18:52:48.7493253Z    Compressing: \\?\D:\a\wootc\wootc\out\branded-preview\System.Private.Uri.dll
2026-09-27T18:52:48.7517948Z    Compressing: \\?\D:\a\wootc\wootc\out\branded-preview\System.Private.Xml.dll
2026-09-27T18:52:50.0882014Z    Compressing: \\?\D:\a\wootc\wootc\out\branded-preview\System.Private.Xml.Linq.dll
2026-09-27T18:52:50.0932006Z    Compressing: \\?\D:\a\wootc\wootc\out\branded-preview\System.Reflection.DispatchProxy.dll
2026-09-27T18:52:50.0940689Z    Compressing: \\?\D:\a\wootc\wootc\out\branded-preview\System.Reflection.dll
2026-09-27T18:52:50.0943925Z    Compressing: \\?\D:\a\wootc\wootc\out\branded-preview\System.Reflection.Emit.dll
2026-09-27T18:52:50.0958460Z    Compressing: \\?\D:\a\wootc\wootc\out\branded-preview\System.Reflection.Emit.ILGeneration.dll
2026-09-27T18:52:50.0961620Z    Compressing: \\?\D:\a\wootc\wootc\out\branded-preview\System.Reflection.Emit.Lightweight.dll
2026-09-27T18:52:50.0964778Z    Compressing: \\?\D:\a\wootc\wootc\out\branded-preview\System.Reflection.Extensions.dll
2026-09-27T18:52:50.0968171Z    Compressing: \\?\D:\a\wootc\wootc\out\branded-preview\System.Reflection.Metadata.dll
2026-09-27T18:52:50.1076032Z    Compressing: \\?\D:\a\wootc\wootc\out\branded-preview\System.Reflection.Primitives.dll
2026-09-27T18:52:50.1078493Z    Compressing: \\?\D:\a\wootc\wootc\out\branded-preview\System.Reflection.TypeExtensions.dll
2026-09-27T18:52:50.1083182Z    Compressing: \\?\D:\a\wootc\wootc\out\branded-preview\System.Resources.Reader.dll
2026-09-27T18:52:50.1085792Z    Compressing: \\?\D:\a\wootc\wootc\out\branded-preview\System.Resources.ResourceManager.dll
2026-09-27T18:52:50.1088025Z    Compressing: \\?\D:\a\wootc\wootc\out\branded-preview\System.Resources.Writer.dll
2026-09-27T18:52:50.1094338Z    Compressing: \\?\D:\a\wootc\wootc\out\branded-preview\System.Runtime.CompilerServices.Unsafe.dll
2026-09-27T18:52:50.1096753Z    Compressing: \\?\D:\a\wootc\wootc\out\branded-preview\System.Runtime.CompilerServices.VisualC.dll
2026-09-27T18:52:50.1100204Z    Compressing: \\?\D:\a\wootc\wootc\out\branded-preview\System.Runtime.dll
2026-09-27T18:52:50.1105316Z    Compressing: \\?\D:\a\wootc\wootc\out\branded-preview\System.Runtime.Extensions.dll
2026-09-27T18:52:50.1110759Z    Compressing: \\?\D:\a\wootc\wootc\out\branded-preview\System.Runtime.Handles.dll
2026-09-27T18:52:50.1112435Z    Compressing: \\?\D:\a\wootc\wootc\out\branded-preview\System.Runtime.InteropServices.dll
2026-09-27T18:52:50.1128218Z    Compressing: \\?\D:\a\wootc\wootc\out\branded-preview\System.Runtime.InteropServices.JavaScript.dll
2026-09-27T18:52:50.1136929Z    Compressing: \\?\D:\a\wootc\wootc\out\branded-preview\System.Runtime.InteropServices.RuntimeInformation.dll
2026-09-27T18:52:50.1140851Z    Compressing: \\?\D:\a\wootc\wootc\out\branded-preview\System.Runtime.Intrinsics.dll
2026-09-27T18:52:50.1142981Z    Compressing: \\?\D:\a\wootc\wootc\out\branded-preview\System.Runtime.Loader.dll
2026-09-27T18:52:50.1146124Z    Compressing: \\?\D:\a\wootc\wootc\out\branded-preview\System.Runtime.Numerics.dll
2026-09-27T18:52:50.1182583Z    Compressing: \\?\D:\a\wootc\wootc\out\branded-preview\System.Runtime.Serialization.dll
2026-09-27T18:52:50.1185281Z    Compressing: \\?\D:\a\wootc\wootc\out\branded-preview\System.Runtime.Serialization.Formatters.dll
2026-09-27T18:52:50.1215888Z    Compressing: \\?\D:\a\wootc\wootc\out\branded-preview\System.Runtime.Serialization.Json.dll
2026-09-27T18:52:50.1218505Z    Compressing: \\?\D:\a\wootc\wootc\out\branded-preview\System.Runtime.Serialization.Primitives.dll
2026-09-27T18:52:50.1222805Z    Compressing: \\?\D:\a\wootc\wootc\out\branded-preview\System.Runtime.Serialization.Xml.dll
2026-09-27T18:52:50.1225411Z    Compressing: \\?\D:\a\wootc\wootc\out\branded-preview\System.Security.AccessControl.dll
2026-09-27T18:52:50.1248852Z    Compressing: \\?\D:\a\wootc\wootc\out\branded-preview\System.Security.Claims.dll
2026-09-27T18:52:50.1259309Z    Compressing: \\?\D:\a\wootc\wootc\out\branded-preview\System.Security.Cryptography.Algorithms.dll
2026-09-27T18:52:50.1261664Z    Compressing: \\?\D:\a\wootc\wootc\out\branded-preview\System.Security.Cryptography.Cng.dll
2026-09-27T18:52:50.1264338Z    Compressing: \\?\D:\a\wootc\wootc\out\branded-preview\System.Security.Cryptography.Csp.dll
2026-09-27T18:52:50.1269157Z    Compressing: \\?\D:\a\wootc\wootc\out\branded-preview\System.Security.Cryptography.dll
2026-09-27T18:52:50.7147346Z    Compressing: \\?\D:\a\wootc\wootc\out\branded-preview\System.Security.Cryptography.Encoding.dll
2026-09-27T18:52:50.7150509Z    Compressing: \\?\D:\a\wootc\wootc\out\branded-preview\System.Security.Cryptography.OpenSsl.dll
2026-09-27T18:52:50.7153038Z    Compressing: \\?\D:\a\wootc\wootc\out\branded-preview\System.Security.Cryptography.Primitives.dll
2026-09-27T18:52:50.7156116Z    Compressing: \\?\D:\a\wootc\wootc\out\branded-preview\System.Security.Cryptography.X509Certificates.dll
2026-09-27T18:52:50.7158712Z    Compressing: \\?\D:\a\wootc\wootc\out\branded-preview\System.Security.dll
2026-09-27T18:52:50.7162270Z    Compressing: \\?\D:\a\wootc\wootc\out\branded-preview\System.Security.Principal.dll
2026-09-27T18:52:50.7164903Z    Compressing: \\?\D:\a\wootc\wootc\out\branded-preview\System.Security.Principal.Windows.dll
2026-09-27T18:52:50.7191171Z    Compressing: \\?\D:\a\wootc\wootc\out\branded-preview\System.Security.SecureString.dll
2026-09-27T18:52:50.7193809Z    Compressing: \\?\D:\a\wootc\wootc\out\branded-preview\System.ServiceModel.Web.dll
2026-09-27T18:52:50.7197070Z    Compressing: \\?\D:\a\wootc\wootc\out\branded-preview\System.ServiceProcess.dll
2026-09-27T18:52:50.7200045Z    Compressing: \\?\D:\a\wootc\wootc\out\branded-preview\System.Text.Encoding.CodePages.dll
2026-09-27T18:52:50.7287381Z    Compressing: \\?\D:\a\wootc\wootc\out\branded-preview\System.Text.Encoding.dll
2026-09-27T18:52:50.7289893Z    Compressing: \\?\D:\a\wootc\wootc\out\branded-preview\System.Text.Encoding.Extensions.dll
2026-09-27T18:52:50.7292218Z    Compressing: \\?\D:\a\wootc\wootc\out\branded-preview\System.Text.Encodings.Web.dll
2026-09-27T18:52:50.7305024Z    Compressing: \\?\D:\a\wootc\wootc\out\branded-preview\System.Text.Json.dll
2026-09-27T18:52:50.7444073Z    Compressing: \\?\D:\a\wootc\wootc\out\branded-preview\System.Text.RegularExpressions.dll
2026-09-27T18:52:50.7539519Z    Compressing: \\?\D:\a\wootc\wootc\out\branded-preview\System.Threading.Channels.dll
2026-09-27T18:52:50.7552569Z    Compressing: \\?\D:\a\wootc\wootc\out\branded-preview\System.Threading.dll
2026-09-27T18:52:51.3474797Z    Compressing: \\?\D:\a\wootc\wootc\out\branded-preview\System.Threading.Overlapped.dll
2026-09-27T18:52:51.3477494Z    Compressing: \\?\D:\a\wootc\wootc\out\branded-preview\System.Threading.Tasks.Dataflow.dll
2026-09-27T18:52:51.3547473Z    Compressing: \\?\D:\a\wootc\wootc\out\branded-preview\System.Threading.Tasks.dll
2026-09-27T18:52:51.3550459Z    Compressing: \\?\D:\a\wootc\wootc\out\branded-preview\System.Threading.Tasks.Extensions.dll
2026-09-27T18:52:51.3553179Z    Compressing: \\?\D:\a\wootc\wootc\out\branded-preview\System.Threading.Tasks.Parallel.dll
2026-09-27T18:52:51.3571822Z    Compressing: \\?\D:\a\wootc\wootc\out\branded-preview\System.Threading.Thread.dll
2026-09-27T18:52:51.3574517Z    Compressing: \\?\D:\a\wootc\wootc\out\branded-preview\System.Threading.ThreadPool.dll
2026-09-27T18:52:51.3577663Z    Compressing: \\?\D:\a\wootc\wootc\out\branded-preview\System.Threading.Timer.dll
2026-09-27T18:52:51.3579943Z    Compressing: \\?\D:\a\wootc\wootc\out\branded-preview\System.Transactions.dll
2026-09-27T18:52:51.3582370Z    Compressing: \\?\D:\a\wootc\wootc\out\branded-preview\System.Transactions.Local.dll
2026-09-27T18:52:51.3646071Z    Compressing: \\?\D:\a\wootc\wootc\out\branded-preview\System.ValueTuple.dll
2026-09-27T18:52:51.3648438Z    Compressing: \\?\D:\a\wootc\wootc\out\branded-preview\System.Web.dll
2026-09-27T18:52:51.3650642Z    Compressing: \\?\D:\a\wootc\wootc\out\branded-preview\System.Web.HttpUtility.dll
2026-09-27T18:52:51.3657148Z    Compressing: \\?\D:\a\wootc\wootc\out\branded-preview\System.Windows.dll
2026-09-27T18:52:51.3659414Z    Compressing: \\?\D:\a\wootc\wootc\out\branded-preview\System.Xml.dll
2026-09-27T18:52:51.3662471Z    Compressing: \\?\D:\a\wootc\wootc\out\branded-preview\System.Xml.Linq.dll
2026-09-27T18:52:51.3664736Z    Compressing: \\?\D:\a\wootc\wootc\out\branded-preview\System.Xml.ReaderWriter.dll
2026-09-27T18:52:51.3667486Z    Compressing: \\?\D:\a\wootc\wootc\out\branded-preview\System.Xml.Serialization.dll
2026-09-27T18:52:51.3669929Z    Compressing: \\?\D:\a\wootc\wootc\out\branded-preview\System.Xml.XDocument.dll
2026-09-27T18:52:51.3672147Z    Compressing: \\?\D:\a\wootc\wootc\out\branded-preview\System.Xml.XmlDocument.dll
2026-09-27T18:52:51.3674594Z    Compressing: \\?\D:\a\wootc\wootc\out\branded-preview\System.Xml.XmlSerializer.dll
2026-09-27T18:52:51.3677043Z    Compressing: \\?\D:\a\wootc\wootc\out\branded-preview\System.Xml.XPath.dll
2026-09-27T18:52:51.3679191Z    Compressing: \\?\D:\a\wootc\wootc\out\branded-preview\System.Xml.XPath.XDocument.dll
2026-09-27T18:52:51.3682892Z    Compressing: \\?\D:\a\wootc\wootc\out\branded-preview\WebView2Loader.dll
2026-09-27T18:52:51.3698774Z    Compressing: \\?\D:\a\wootc\wootc\out\branded-preview\WindowsBase.dll
2026-09-27T18:52:51.3701061Z    Compressing: \\?\D:\a\wootc\wootc\out\branded-preview\WinRT.Runtime.dll
2026-09-27T18:52:51.3751535Z    Compressing: \\?\D:\a\wootc\wootc\out\branded-preview\WinUIEdit.dll
2026-09-27T18:52:52.0510158Z    Compressing: \\?\D:\a\wootc\wootc\out\branded-preview\wootc-engine.exe
2026-09-27T18:52:53.7435318Z    Compressing: \\?\D:\a\wootc\wootc\out\branded-preview\Wootc.Shell.Core.dll
2026-09-27T18:52:53.7443468Z    Compressing: \\?\D:\a\wootc\wootc\out\branded-preview\Wootc.Shell.Core.pdb
2026-09-27T18:52:53.7446772Z    Compressing: \\?\D:\a\wootc\wootc\out\branded-preview\Wootc.Shell.deps.json
2026-09-27T18:52:53.7450938Z    Compressing: \\?\D:\a\wootc\wootc\out\branded-preview\Wootc.Shell.dll
2026-09-27T18:52:53.7469467Z    Compressing: \\?\D:\a\wootc\wootc\out\branded-preview\Wootc.Shell.exe
2026-09-27T18:52:53.7496994Z    Compressing: \\?\D:\a\wootc\wootc\out\branded-preview\Wootc.Shell.Native.dll
2026-09-27T18:52:53.7504018Z    Compressing: \\?\D:\a\wootc\wootc\out\branded-preview\Wootc.Shell.Native.pdb
2026-09-27T18:52:53.7506860Z    Compressing: \\?\D:\a\wootc\wootc\out\branded-preview\Wootc.Shell.pdb
2026-09-27T18:52:53.7510224Z    Compressing: \\?\D:\a\wootc\wootc\out\branded-preview\Wootc.Shell.pri
2026-09-27T18:52:54.2042245Z    Compressing: \\?\D:\a\wootc\wootc\out\branded-preview\Wootc.Shell.runtimeconfig.json
2026-09-27T18:52:54.2043322Z    Compressing: \\?\D:\a\wootc\wootc\out\branded-preview\workloads.365.json
2026-09-27T18:52:54.2045344Z    Compressing: \\?\D:\a\wootc\wootc\out\branded-preview\workloads.j32.json
2026-09-27T18:52:54.2047343Z    Compressing: \\?\D:\a\wootc\wootc\out\branded-preview\workloads.json
2026-09-27T18:52:54.2049011Z    Compressing: \\?\D:\a\wootc\wootc\out\branded-preview\workloads.lnl.json
2026-09-27T18:52:54.2051337Z    Compressing: \\?\D:\a\wootc\wootc\out\branded-preview\workloads.qnn.json
2026-09-27T18:52:54.2053558Z    Compressing: \\?\D:\a\wootc\wootc\out\branded-preview\workloads.stx.json
2026-09-27T18:52:54.2056119Z    Compressing: \\?\D:\a\wootc\wootc\out\branded-preview\wuceffectsi.dll
2026-09-27T18:52:54.2103398Z    Compressing: \\?\D:\a\wootc\wootc\out\branded-preview\af-ZA\Microsoft.ui.xaml.dll.mui
2026-09-27T18:52:54.2106711Z    Compressing: \\?\D:\a\wootc\wootc\out\branded-preview\af-ZA\Microsoft.UI.Xaml.Phone.dll.mui
2026-09-27T18:52:54.2108708Z    Compressing: \\?\D:\a\wootc\wootc\out\branded-preview\am-ET\Microsoft.ui.xaml.dll.mui
2026-09-27T18:52:54.2111838Z    Compressing: \\?\D:\a\wootc\wootc\out\branded-preview\am-ET\Microsoft.UI.Xaml.Phone.dll.mui
2026-09-27T18:52:54.2113926Z    Compressing: \\?\D:\a\wootc\wootc\out\branded-preview\ar-SA\Microsoft.ui.xaml.dll.mui
2026-09-27T18:52:54.2117642Z    Compressing: \\?\D:\a\wootc\wootc\out\branded-preview\ar-SA\Microsoft.UI.Xaml.Phone.dll.mui
2026-09-27T18:52:54.2119728Z    Compressing: \\?\D:\a\wootc\wootc\out\branded-preview\as-IN\Microsoft.ui.xaml.dll.mui
2026-09-27T18:52:54.2122996Z    Compressing: \\?\D:\a\wootc\wootc\out\branded-preview\as-IN\Microsoft.UI.Xaml.Phone.dll.mui
2026-09-27T18:52:54.2125070Z    Compressing: \\?\D:\a\wootc\wootc\out\branded-preview\az-Latn-AZ\Microsoft.ui.xaml.dll.mui
2026-09-27T18:52:54.2128439Z    Compressing: \\?\D:\a\wootc\wootc\out\branded-preview\az-Latn-AZ\Microsoft.UI.Xaml.Phone.dll.mui
2026-09-27T18:52:54.2130491Z    Compressing: \\?\D:\a\wootc\wootc\out\branded-preview\bg-BG\Microsoft.ui.xaml.dll.mui
2026-09-27T18:52:54.2133931Z    Compressing: \\?\D:\a\wootc\wootc\out\branded-preview\bg-BG\Microsoft.UI.Xaml.Phone.dll.mui
2026-09-27T18:52:54.2136670Z    Compressing: \\?\D:\a\wootc\wootc\out\branded-preview\bn-IN\Microsoft.ui.xaml.dll.mui
2026-09-27T18:52:54.2139982Z    Compressing: \\?\D:\a\wootc\wootc\out\branded-preview\bn-IN\Microsoft.UI.Xaml.Phone.dll.mui
2026-09-27T18:52:54.2142067Z    Compressing: \\?\D:\a\wootc\wootc\out\branded-preview\Branding\brand.json
2026-09-27T18:52:54.2142896Z    Compressing: \\?\D:\a\wootc\wootc\out\branded-preview\bs-Latn-BA\Microsoft.ui.xaml.dll.mui
2026-09-27T18:52:54.2145990Z    Compressing: \\?\D:\a\wootc\wootc\out\branded-preview\bs-Latn-BA\Microsoft.UI.Xaml.Phone.dll.mui
2026-09-27T18:52:54.2148047Z    Compressing: \\?\D:\a\wootc\wootc\out\branded-preview\ca-ES\Microsoft.ui.xaml.dll.mui
2026-09-27T18:52:54.2151453Z    Compressing: \\?\D:\a\wootc\wootc\out\branded-preview\ca-ES\Microsoft.UI.Xaml.Phone.dll.mui
2026-09-27T18:52:54.2154462Z    Compressing: \\?\D:\a\wootc\wootc\out\branded-preview\ca-Es-VALENCIA\Microsoft.ui.xaml.dll.mui
2026-09-27T18:52:54.2157587Z    Compressing: \\?\D:\a\wootc\wootc\out\branded-preview\ca-Es-VALENCIA\Microsoft.UI.Xaml.Phone.dll.mui
2026-09-27T18:52:54.2159613Z    Compressing: \\?\D:\a\wootc\wootc\out\branded-preview\cs-CZ\Microsoft.ui.xaml.dll.mui
2026-09-27T18:52:54.2162868Z    Compressing: \\?\D:\a\wootc\wootc\out\branded-preview\cs-CZ\Microsoft.UI.Xaml.Phone.dll.mui
2026-09-27T18:52:54.2165073Z    Compressing: \\?\D:\a\wootc\wootc\out\branded-preview\cy-GB\Microsoft.ui.xaml.dll.mui
2026-09-27T18:52:54.2168347Z    Compressing: \\?\D:\a\wootc\wootc\out\branded-preview\cy-GB\Microsoft.UI.Xaml.Phone.dll.mui
2026-09-27T18:52:54.2170434Z    Compressing: \\?\D:\a\wootc\wootc\out\branded-preview\da-DK\Microsoft.ui.xaml.dll.mui
2026-09-27T18:52:54.2174347Z    Compressing: \\?\D:\a\wootc\wootc\out\branded-preview\da-DK\Microsoft.UI.Xaml.Phone.dll.mui
2026-09-27T18:52:54.2176212Z    Compressing: \\?\D:\a\wootc\wootc\out\branded-preview\de-DE\Microsoft.ui.xaml.dll.mui
2026-09-27T18:52:54.2179759Z    Compressing: \\?\D:\a\wootc\wootc\out\branded-preview\de-DE\Microsoft.UI.Xaml.Phone.dll.mui
2026-09-27T18:52:54.2181643Z    Compressing: \\?\D:\a\wootc\wootc\out\branded-preview\el-GR\Microsoft.ui.xaml.dll.mui
2026-09-27T18:52:54.2184957Z    Compressing: \\?\D:\a\wootc\wootc\out\branded-preview\el-GR\Microsoft.UI.Xaml.Phone.dll.mui
2026-09-27T18:52:54.2187073Z    Compressing: \\?\D:\a\wootc\wootc\out\branded-preview\en-GB\Microsoft.ui.xaml.dll.mui
2026-09-27T18:52:54.2190411Z    Compressing: \\?\D:\a\wootc\wootc\out\branded-preview\en-GB\Microsoft.UI.Xaml.Phone.dll.mui
2026-09-27T18:52:54.2192544Z    Compressing: \\?\D:\a\wootc\wootc\out\branded-preview\en-us\Microsoft.ui.xaml.dll.mui
2026-09-27T18:52:54.2196280Z    Compressing: \\?\D:\a\wootc\wootc\out\branded-preview\en-us\Microsoft.UI.Xaml.Phone.dll.mui
2026-09-27T18:52:54.2198197Z    Compressing: \\?\D:\a\wootc\wootc\out\branded-preview\es-ES\Microsoft.ui.xaml.dll.mui
2026-09-27T18:52:54.2201780Z    Compressing: \\?\D:\a\wootc\wootc\out\branded-preview\es-ES\Microsoft.UI.Xaml.Phone.dll.mui
2026-09-27T18:52:54.2203933Z    Compressing: \\?\D:\a\wootc\wootc\out\branded-preview\es-MX\Microsoft.ui.xaml.dll.mui
2026-09-27T18:52:54.2207241Z    Compressing: \\?\D:\a\wootc\wootc\out\branded-preview\es-MX\Microsoft.UI.Xaml.Phone.dll.mui
2026-09-27T18:52:54.2209273Z    Compressing: \\?\D:\a\wootc\wootc\out\branded-preview\et-EE\Microsoft.ui.xaml.dll.mui
2026-09-27T18:52:54.2212675Z    Compressing: \\?\D:\a\wootc\wootc\out\branded-preview\et-EE\Microsoft.UI.Xaml.Phone.dll.mui
2026-09-27T18:52:54.2215066Z    Compressing: \\?\D:\a\wootc\wootc\out\branded-preview\eu-ES\Microsoft.ui.xaml.dll.mui
2026-09-27T18:52:54.2218744Z    Compressing: \\?\D:\a\wootc\wootc\out\branded-preview\eu-ES\Microsoft.UI.Xaml.Phone.dll.mui
2026-09-27T18:52:54.2220772Z    Compressing: \\?\D:\a\wootc\wootc\out\branded-preview\fa-IR\Microsoft.ui.xaml.dll.mui
2026-09-27T18:52:54.2224093Z    Compressing: \\?\D:\a\wootc\wootc\out\branded-preview\fa-IR\Microsoft.UI.Xaml.Phone.dll.mui
2026-09-27T18:52:54.2226397Z    Compressing: \\?\D:\a\wootc\wootc\out\branded-preview\fi-FI\Microsoft.ui.xaml.dll.mui
2026-09-27T18:52:54.2230548Z    Compressing: \\?\D:\a\wootc\wootc\out\branded-preview\fi-FI\Microsoft.UI.Xaml.Phone.dll.mui
2026-09-27T18:52:54.2244004Z    Compressing: \\?\D:\a\wootc\wootc\out\branded-preview\fil-PH\Microsoft.ui.xaml.dll.mui
2026-09-27T18:52:54.2245296Z    Compressing: \\?\D:\a\wootc\wootc\out\branded-preview\fil-PH\Microsoft.UI.Xaml.Phone.dll.mui
2026-09-27T18:52:54.2247202Z    Compressing: \\?\D:\a\wootc\wootc\out\branded-preview\fr-CA\Microsoft.ui.xaml.dll.mui
2026-09-27T18:52:54.2248339Z    Compressing: \\?\D:\a\wootc\wootc\out\branded-preview\fr-CA\Microsoft.UI.Xaml.Phone.dll.mui
2026-09-27T18:52:54.2249554Z    Compressing: \\?\D:\a\wootc\wootc\out\branded-preview\fr-FR\Microsoft.ui.xaml.dll.mui
2026-09-27T18:52:54.2250758Z    Compressing: \\?\D:\a\wootc\wootc\out\branded-preview\fr-FR\Microsoft.UI.Xaml.Phone.dll.mui
2026-09-27T18:52:54.2251977Z    Compressing: \\?\D:\a\wootc\wootc\out\branded-preview\ga-IE\Microsoft.ui.xaml.dll.mui
2026-09-27T18:52:54.2254864Z    Compressing: \\?\D:\a\wootc\wootc\out\branded-preview\ga-IE\Microsoft.UI.Xaml.Phone.dll.mui
2026-09-27T18:52:54.2256286Z    Compressing: \\?\D:\a\wootc\wootc\out\branded-preview\gd-gb\Microsoft.ui.xaml.dll.mui
2026-09-27T18:52:54.2260322Z    Compressing: \\?\D:\a\wootc\wootc\out\branded-preview\gd-gb\Microsoft.UI.Xaml.Phone.dll.mui
2026-09-27T18:52:54.2262141Z    Compressing: \\?\D:\a\wootc\wootc\out\branded-preview\gl-ES\Microsoft.ui.xaml.dll.mui
2026-09-27T18:52:54.2266052Z    Compressing: \\?\D:\a\wootc\wootc\out\branded-preview\gl-ES\Microsoft.UI.Xaml.Phone.dll.mui
2026-09-27T18:52:54.2267976Z    Compressing: \\?\D:\a\wootc\wootc\out\branded-preview\gu-IN\Microsoft.ui.xaml.dll.mui
2026-09-27T18:52:54.2271131Z    Compressing: \\?\D:\a\wootc\wootc\out\branded-preview\gu-IN\Microsoft.UI.Xaml.Phone.dll.mui
2026-09-27T18:52:54.2273512Z    Compressing: \\?\D:\a\wootc\wootc\out\branded-preview\he-IL\Microsoft.ui.xaml.dll.mui
2026-09-27T18:52:54.2276876Z    Compressing: \\?\D:\a\wootc\wootc\out\branded-preview\he-IL\Microsoft.UI.Xaml.Phone.dll.mui
2026-09-27T18:52:54.2278834Z    Compressing: \\?\D:\a\wootc\wootc\out\branded-preview\hi-IN\Microsoft.ui.xaml.dll.mui
2026-09-27T18:52:54.2282084Z    Compressing: \\?\D:\a\wootc\wootc\out\branded-preview\hi-IN\Microsoft.UI.Xaml.Phone.dll.mui
2026-09-27T18:52:54.2284185Z    Compressing: \\?\D:\a\wootc\wootc\out\branded-preview\hr-HR\Microsoft.ui.xaml.dll.mui
2026-09-27T18:52:54.2287541Z    Compressing: \\?\D:\a\wootc\wootc\out\branded-preview\hr-HR\Microsoft.UI.Xaml.Phone.dll.mui
2026-09-27T18:52:54.2289921Z    Compressing: \\?\D:\a\wootc\wootc\out\branded-preview\hu-HU\Microsoft.ui.xaml.dll.mui
2026-09-27T18:52:54.2293245Z    Compressing: \\?\D:\a\wootc\wootc\out\branded-preview\hu-HU\Microsoft.UI.Xaml.Phone.dll.mui
2026-09-27T18:52:54.2295630Z    Compressing: \\?\D:\a\wootc\wootc\out\branded-preview\hy-AM\Microsoft.ui.xaml.dll.mui
2026-09-27T18:52:54.2298889Z    Compressing: \\?\D:\a\wootc\wootc\out\branded-preview\hy-AM\Microsoft.UI.Xaml.Phone.dll.mui
2026-09-27T18:52:54.2300675Z    Compressing: \\?\D:\a\wootc\wootc\out\branded-preview\id-ID\Microsoft.ui.xaml.dll.mui
2026-09-27T18:52:54.2303664Z    Compressing: \\?\D:\a\wootc\wootc\out\branded-preview\id-ID\Microsoft.UI.Xaml.Phone.dll.mui
2026-09-27T18:52:54.2305420Z    Compressing: \\?\D:\a\wootc\wootc\out\branded-preview\is-IS\Microsoft.ui.xaml.dll.mui
2026-09-27T18:52:54.2308510Z    Compressing: \\?\D:\a\wootc\wootc\out\branded-preview\is-IS\Microsoft.UI.Xaml.Phone.dll.mui
2026-09-27T18:52:54.2310592Z    Compressing: \\?\D:\a\wootc\wootc\out\branded-preview\it-IT\Microsoft.ui.xaml.dll.mui
2026-09-27T18:52:54.2314198Z    Compressing: \\?\D:\a\wootc\wootc\out\branded-preview\it-IT\Microsoft.UI.Xaml.Phone.dll.mui
2026-09-27T18:52:54.2316137Z    Compressing: \\?\D:\a\wootc\wootc\out\branded-preview\ja-JP\Microsoft.ui.xaml.dll.mui
2026-09-27T18:52:54.2319242Z    Compressing: \\?\D:\a\wootc\wootc\out\branded-preview\ja-JP\Microsoft.UI.Xaml.Phone.dll.mui
2026-09-27T18:52:54.2321003Z    Compressing: \\?\D:\a\wootc\wootc\out\branded-preview\ka-GE\Microsoft.ui.xaml.dll.mui
2026-09-27T18:52:54.2324189Z    Compressing: \\?\D:\a\wootc\wootc\out\branded-preview\ka-GE\Microsoft.UI.Xaml.Phone.dll.mui
2026-09-27T18:52:54.2326257Z    Compressing: \\?\D:\a\wootc\wootc\out\branded-preview\kk-KZ\Microsoft.ui.xaml.dll.mui
2026-09-27T18:52:54.2329315Z    Compressing: \\?\D:\a\wootc\wootc\out\branded-preview\kk-KZ\Microsoft.UI.Xaml.Phone.dll.mui
2026-09-27T18:52:54.2331074Z    Compressing: \\?\D:\a\wootc\wootc\out\branded-preview\km-KH\Microsoft.ui.xaml.dll.mui
2026-09-27T18:52:54.2334302Z    Compressing: \\?\D:\a\wootc\wootc\out\branded-preview\km-KH\Microsoft.UI.Xaml.Phone.dll.mui
2026-09-27T18:52:54.2336083Z    Compressing: \\?\D:\a\wootc\wootc\out\branded-preview\kn-IN\Microsoft.ui.xaml.dll.mui
2026-09-27T18:52:54.2339379Z    Compressing: \\?\D:\a\wootc\wootc\out\branded-preview\kn-IN\Microsoft.UI.Xaml.Phone.dll.mui
2026-09-27T18:52:54.2341204Z    Compressing: \\?\D:\a\wootc\wootc\out\branded-preview\ko-KR\Microsoft.ui.xaml.dll.mui
2026-09-27T18:52:54.2343766Z    Compressing: \\?\D:\a\wootc\wootc\out\branded-preview\ko-KR\Microsoft.UI.Xaml.Phone.dll.mui
2026-09-27T18:52:54.2345465Z    Compressing: \\?\D:\a\wootc\wootc\out\branded-preview\kok-IN\Microsoft.ui.xaml.dll.mui
2026-09-27T18:52:54.2348523Z    Compressing: \\?\D:\a\wootc\wootc\out\branded-preview\kok-IN\Microsoft.UI.Xaml.Phone.dll.mui
2026-09-27T18:52:54.2350601Z    Compressing: \\?\D:\a\wootc\wootc\out\branded-preview\lb-LU\Microsoft.ui.xaml.dll.mui
2026-09-27T18:52:54.2353887Z    Compressing: \\?\D:\a\wootc\wootc\out\branded-preview\lb-LU\Microsoft.UI.Xaml.Phone.dll.mui
2026-09-27T18:52:54.2355840Z    Compressing: \\?\D:\a\wootc\wootc\out\branded-preview\lo-LA\Microsoft.ui.xaml.dll.mui
2026-09-27T18:52:54.2359215Z    Compressing: \\?\D:\a\wootc\wootc\out\branded-preview\lo-LA\Microsoft.UI.Xaml.Phone.dll.mui
2026-09-27T18:52:54.2361214Z    Compressing: \\?\D:\a\wootc\wootc\out\branded-preview\lt-LT\Microsoft.ui.xaml.dll.mui
2026-09-27T18:52:54.2364245Z    Compressing: \\?\D:\a\wootc\wootc\out\branded-preview\lt-LT\Microsoft.UI.Xaml.Phone.dll.mui
2026-09-27T18:52:54.2366335Z    Compressing: \\?\D:\a\wootc\wootc\out\branded-preview\lv-LV\Microsoft.ui.xaml.dll.mui
2026-09-27T18:52:54.2369344Z    Compressing: \\?\D:\a\wootc\wootc\out\branded-preview\lv-LV\Microsoft.UI.Xaml.Phone.dll.mui
2026-09-27T18:52:54.2371070Z    Compressing: \\?\D:\a\wootc\wootc\out\branded-preview\mi-NZ\Microsoft.ui.xaml.dll.mui
2026-09-27T18:52:54.2374400Z    Compressing: \\?\D:\a\wootc\wootc\out\branded-preview\mi-NZ\Microsoft.UI.Xaml.Phone.dll.mui
2026-09-27T18:52:54.2376190Z    Compressing: \\?\D:\a\wootc\wootc\out\branded-preview\Microsoft.UI.Xaml\Assets\map.html
2026-09-27T18:52:54.2379807Z    Compressing: \\?\D:\a\wootc\wootc\out\branded-preview\Microsoft.UI.Xaml\Assets\NoiseAsset_256x256_PNG.png
2026-09-27T18:52:54.2380688Z    Compressing: \\?\D:\a\wootc\wootc\out\branded-preview\mk-MK\Microsoft.ui.xaml.dll.mui
2026-09-27T18:52:54.2384188Z    Compressing: \\?\D:\a\wootc\wootc\out\branded-preview\mk-MK\Microsoft.UI.Xaml.Phone.dll.mui
2026-09-27T18:52:54.2385968Z    Compressing: \\?\D:\a\wootc\wootc\out\branded-preview\ml-IN\Microsoft.ui.xaml.dll.mui
2026-09-27T18:52:54.2389278Z    Compressing: \\?\D:\a\wootc\wootc\out\branded-preview\ml-IN\Microsoft.UI.Xaml.Phone.dll.mui
2026-09-27T18:52:54.2391357Z    Compressing: \\?\D:\a\wootc\wootc\out\branded-preview\mr-IN\Microsoft.ui.xaml.dll.mui
2026-09-27T18:52:54.2394556Z    Compressing: \\?\D:\a\wootc\wootc\out\branded-preview\mr-IN\Microsoft.UI.Xaml.Phone.dll.mui
2026-09-27T18:52:54.2396450Z    Compressing: \\?\D:\a\wootc\wootc\out\branded-preview\ms-MY\Microsoft.ui.xaml.dll.mui
2026-09-27T18:52:54.2399919Z    Compressing: \\?\D:\a\wootc\wootc\out\branded-preview\ms-MY\Microsoft.UI.Xaml.Phone.dll.mui
2026-09-27T18:52:54.2401721Z    Compressing: \\?\D:\a\wootc\wootc\out\branded-preview\mt-MT\Microsoft.ui.xaml.dll.mui
2026-09-27T18:52:54.2404915Z    Compressing: \\?\D:\a\wootc\wootc\out\branded-preview\mt-MT\Microsoft.UI.Xaml.Phone.dll.mui
2026-09-27T18:52:54.2406957Z    Compressing: \\?\D:\a\wootc\wootc\out\branded-preview\nb-NO\Microsoft.ui.xaml.dll.mui
2026-09-27T18:52:54.2409867Z    Compressing: \\?\D:\a\wootc\wootc\out\branded-preview\nb-NO\Microsoft.UI.Xaml.Phone.dll.mui
2026-09-27T18:52:54.2411669Z    Compressing: \\?\D:\a\wootc\wootc\out\branded-preview\ne-NP\Microsoft.ui.xaml.dll.mui
2026-09-27T18:52:54.2415055Z    Compressing: \\?\D:\a\wootc\wootc\out\branded-preview\ne-NP\Microsoft.UI.Xaml.Phone.dll.mui
2026-09-27T18:52:54.2417121Z    Compressing: \\?\D:\a\wootc\wootc\out\branded-preview\nl-NL\Microsoft.ui.xaml.dll.mui
2026-09-27T18:52:54.2420342Z    Compressing: \\?\D:\a\wootc\wootc\out\branded-preview\nl-NL\Microsoft.UI.Xaml.Phone.dll.mui
2026-09-27T18:52:54.2422259Z    Compressing: \\?\D:\a\wootc\wootc\out\branded-preview\nn-NO\Microsoft.ui.xaml.dll.mui
2026-09-27T18:52:54.2425520Z    Compressing: \\?\D:\a\wootc\wootc\out\branded-preview\nn-NO\Microsoft.UI.Xaml.Phone.dll.mui
2026-09-27T18:52:54.2427182Z    Compressing: \\?\D:\a\wootc\wootc\out\branded-preview\or-IN\Microsoft.ui.xaml.dll.mui
2026-09-27T18:52:54.2430319Z    Compressing: \\?\D:\a\wootc\wootc\out\branded-preview\or-IN\Microsoft.UI.Xaml.Phone.dll.mui
2026-09-27T18:52:54.2432378Z    Compressing: \\?\D:\a\wootc\wootc\out\branded-preview\pa-IN\Microsoft.ui.xaml.dll.mui
2026-09-27T18:52:54.2435508Z    Compressing: \\?\D:\a\wootc\wootc\out\branded-preview\pa-IN\Microsoft.UI.Xaml.Phone.dll.mui
2026-09-27T18:52:54.2437288Z    Compressing: \\?\D:\a\wootc\wootc\out\branded-preview\pl-PL\Microsoft.ui.xaml.dll.mui
2026-09-27T18:52:54.2440665Z    Compressing: \\?\D:\a\wootc\wootc\out\branded-preview\pl-PL\Microsoft.UI.Xaml.Phone.dll.mui
2026-09-27T18:52:54.2442709Z    Compressing: \\?\D:\a\wootc\wootc\out\branded-preview\pt-BR\Microsoft.ui.xaml.dll.mui
2026-09-27T18:52:54.2446089Z    Compressing: \\?\D:\a\wootc\wootc\out\branded-preview\pt-BR\Microsoft.UI.Xaml.Phone.dll.mui
2026-09-27T18:52:54.2448019Z    Compressing: \\?\D:\a\wootc\wootc\out\branded-preview\pt-PT\Microsoft.ui.xaml.dll.mui
2026-09-27T18:52:54.2451044Z    Compressing: \\?\D:\a\wootc\wootc\out\branded-preview\pt-PT\Microsoft.UI.Xaml.Phone.dll.mui
2026-09-27T18:52:54.2452806Z    Compressing: \\?\D:\a\wootc\wootc\out\branded-preview\quz-PE\Microsoft.ui.xaml.dll.mui
2026-09-27T18:52:54.2456277Z    Compressing: \\?\D:\a\wootc\wootc\out\branded-preview\quz-PE\Microsoft.UI.Xaml.Phone.dll.mui
2026-09-27T18:52:54.2458287Z    Compressing: \\?\D:\a\wootc\wootc\out\branded-preview\ro-RO\Microsoft.ui.xaml.dll.mui
2026-09-27T18:52:54.2461561Z    Compressing: \\?\D:\a\wootc\wootc\out\branded-preview\ro-RO\Microsoft.UI.Xaml.Phone.dll.mui
2026-09-27T18:52:54.2463534Z    Compressing: \\?\D:\a\wootc\wootc\out\branded-preview\ru-RU\Microsoft.ui.xaml.dll.mui
2026-09-27T18:52:54.2466986Z    Compressing: \\?\D:\a\wootc\wootc\out\branded-preview\ru-RU\Microsoft.UI.Xaml.Phone.dll.mui
2026-09-27T18:52:54.2468750Z    Compressing: \\?\D:\a\wootc\wootc\out\branded-preview\sk-SK\Microsoft.ui.xaml.dll.mui
2026-09-27T18:52:54.2472612Z    Compressing: \\?\D:\a\wootc\wootc\out\branded-preview\sk-SK\Microsoft.UI.Xaml.Phone.dll.mui
2026-09-27T18:52:54.2475171Z    Compressing: \\?\D:\a\wootc\wootc\out\branded-preview\sl-SI\Microsoft.ui.xaml.dll.mui
2026-09-27T18:52:54.2479487Z    Compressing: \\?\D:\a\wootc\wootc\out\branded-preview\sl-SI\Microsoft.UI.Xaml.Phone.dll.mui
2026-09-27T18:52:54.2482243Z    Compressing: \\?\D:\a\wootc\wootc\out\branded-preview\sq-AL\Microsoft.ui.xaml.dll.mui
2026-09-27T18:52:54.2486938Z    Compressing: \\?\D:\a\wootc\wootc\out\branded-preview\sq-AL\Microsoft.UI.Xaml.Phone.dll.mui
2026-09-27T18:52:54.2489536Z    Compressing: \\?\D:\a\wootc\wootc\out\branded-preview\sr-Cyrl-BA\Microsoft.ui.xaml.dll.mui
2026-09-27T18:52:54.2493736Z    Compressing: \\?\D:\a\wootc\wootc\out\branded-preview\sr-Cyrl-BA\Microsoft.UI.Xaml.Phone.dll.mui
2026-09-27T18:52:54.2496579Z    Compressing: \\?\D:\a\wootc\wootc\out\branded-preview\sr-Cyrl-RS\Microsoft.ui.xaml.dll.mui
2026-09-27T18:52:54.2501023Z    Compressing: \\?\D:\a\wootc\wootc\out\branded-preview\sr-Cyrl-RS\Microsoft.UI.Xaml.Phone.dll.mui
2026-09-27T18:52:54.2503417Z    Compressing: \\?\D:\a\wootc\wootc\out\branded-preview\sr-Latn-RS\Microsoft.ui.xaml.dll.mui
2026-09-27T18:52:54.2507345Z    Compressing: \\?\D:\a\wootc\wootc\out\branded-preview\sr-Latn-RS\Microsoft.UI.Xaml.Phone.dll.mui
2026-09-27T18:52:54.2509571Z    Compressing: \\?\D:\a\wootc\wootc\out\branded-preview\sv-SE\Microsoft.ui.xaml.dll.mui
2026-09-27T18:52:54.2513444Z    Compressing: \\?\D:\a\wootc\wootc\out\branded-preview\sv-SE\Microsoft.UI.Xaml.Phone.dll.mui
2026-09-27T18:52:54.2515710Z    Compressing: \\?\D:\a\wootc\wootc\out\branded-preview\ta-IN\Microsoft.ui.xaml.dll.mui
2026-09-27T18:52:54.2520213Z    Compressing: \\?\D:\a\wootc\wootc\out\branded-preview\ta-IN\Microsoft.UI.Xaml.Phone.dll.mui
2026-09-27T18:52:54.2522732Z    Compressing: \\?\D:\a\wootc\wootc\out\branded-preview\te-IN\Microsoft.ui.xaml.dll.mui
2026-09-27T18:52:54.2527045Z    Compressing: \\?\D:\a\wootc\wootc\out\branded-preview\te-IN\Microsoft.UI.Xaml.Phone.dll.mui
2026-09-27T18:52:54.2529711Z    Compressing: \\?\D:\a\wootc\wootc\out\branded-preview\th-TH\Microsoft.ui.xaml.dll.mui
2026-09-27T18:52:54.2533804Z    Compressing: \\?\D:\a\wootc\wootc\out\branded-preview\th-TH\Microsoft.UI.Xaml.Phone.dll.mui
2026-09-27T18:52:54.2536366Z    Compressing: \\?\D:\a\wootc\wootc\out\branded-preview\tr-TR\Microsoft.ui.xaml.dll.mui
2026-09-27T18:52:54.2540663Z    Compressing: \\?\D:\a\wootc\wootc\out\branded-preview\tr-TR\Microsoft.UI.Xaml.Phone.dll.mui
2026-09-27T18:52:54.2543479Z    Compressing: \\?\D:\a\wootc\wootc\out\branded-preview\tt-RU\Microsoft.ui.xaml.dll.mui
2026-09-27T18:52:54.2547879Z    Compressing: \\?\D:\a\wootc\wootc\out\branded-preview\tt-RU\Microsoft.UI.Xaml.Phone.dll.mui
2026-09-27T18:52:54.2550594Z    Compressing: \\?\D:\a\wootc\wootc\out\branded-preview\ug-CN\Microsoft.ui.xaml.dll.mui
2026-09-27T18:52:54.2555838Z    Compressing: \\?\D:\a\wootc\wootc\out\branded-preview\ug-CN\Microsoft.UI.Xaml.Phone.dll.mui
2026-09-27T18:52:54.2558261Z    Compressing: \\?\D:\a\wootc\wootc\out\branded-preview\uk-UA\Microsoft.ui.xaml.dll.mui
2026-09-27T18:52:54.2566035Z    Compressing: \\?\D:\a\wootc\wootc\out\branded-preview\uk-UA\Microsoft.UI.Xaml.Phone.dll.mui
2026-09-27T18:52:54.2567476Z    Compressing: \\?\D:\a\wootc\wootc\out\branded-preview\ur-PK\Microsoft.ui.xaml.dll.mui
2026-09-27T18:52:54.2571770Z    Compressing: \\?\D:\a\wootc\wootc\out\branded-preview\ur-PK\Microsoft.UI.Xaml.Phone.dll.mui
2026-09-27T18:52:54.2574882Z    Compressing: \\?\D:\a\wootc\wootc\out\branded-preview\uz-Latn-UZ\Microsoft.ui.xaml.dll.mui
2026-09-27T18:52:54.2579994Z    Compressing: \\?\D:\a\wootc\wootc\out\branded-preview\uz-Latn-UZ\Microsoft.UI.Xaml.Phone.dll.mui
2026-09-27T18:52:54.2582938Z    Compressing: \\?\D:\a\wootc\wootc\out\branded-preview\vi-VN\Microsoft.ui.xaml.dll.mui
2026-09-27T18:52:54.2587640Z    Compressing: \\?\D:\a\wootc\wootc\out\branded-preview\vi-VN\Microsoft.UI.Xaml.Phone.dll.mui
2026-09-27T18:52:54.2590477Z    Compressing: \\?\D:\a\wootc\wootc\out\branded-preview\zh-CN\Microsoft.ui.xaml.dll.mui
2026-09-27T18:52:54.2594805Z    Compressing: \\?\D:\a\wootc\wootc\out\branded-preview\zh-CN\Microsoft.UI.Xaml.Phone.dll.mui
2026-09-27T18:52:54.2597597Z    Compressing: \\?\D:\a\wootc\wootc\out\branded-preview\zh-TW\Microsoft.ui.xaml.dll.mui
2026-09-27T18:52:54.2601614Z    Compressing: \\?\D:\a\wootc\wootc\out\branded-preview\zh-TW\Microsoft.UI.Xaml.Phone.dll.mui
2026-09-27T18:52:54.8937235Z    Compressing Setup program executable
2026-09-27T18:52:55.3383150Z    Updating version info (Setup.exe)
2026-09-27T18:52:55.3383643Z    Updating manifest (Setup.exe)
2026-09-27T18:52:55.3384066Z 
2026-09-27T18:52:55.3387505Z 
2026-09-27T18:52:55.3388223Z Successful compile (35.110 sec). Resulting Setup program filename is:
2026-09-27T18:52:55.3389565Z D:\a\wootc\wootc\out\preview-installer\wootc-native-preview-a68dcec66fe88cb8a26f1c5f78ff350124fc613a.exe
2026-09-27T18:53:05.2034734Z   Determining projects to restore...
2026-09-27T18:53:11.2607995Z   Restored D:\a\wootc\wootc\shell\Wootc.Shell.UiTests\Wootc.Shell.UiTests.csproj (in 5.78 sec).
2026-09-27T18:53:12.5261489Z   Wootc.Shell.UiTests -> D:\a\wootc\wootc\shell\Wootc.Shell.UiTests\bin\Release\net8.0-windows10.0.19041.0\Wootc.Shell.UiTests.dll
2026-09-27T18:53:12.5405708Z Test run for D:\a\wootc\wootc\shell\Wootc.Shell.UiTests\bin\Release\net8.0-windows10.0.19041.0\Wootc.Shell.UiTests.dll (.NETCoreApp,Version=v8.0)
2026-09-27T18:53:13.2173007Z A total of 1 test files matched the specified pattern.
2026-09-27T18:53:28.6444602Z [xUnit.net 00:00:13.04]     Wootc.Shell.UiTests.InstalledPreviewTests.ActualInstalledPreviewBrandAndAuthenticatedStartup [FAIL]
2026-09-27T18:53:28.7747188Z   Failed Wootc.Shell.UiTests.InstalledPreviewTests.ActualInstalledPreviewBrandAndAuthenticatedStartup [12 s]
2026-09-27T18:53:28.7748358Z   Error Message:
2026-09-27T18:53:28.7748776Z    Assert.True() Failure
2026-09-27T18:53:28.7749134Z Expected: True
2026-09-27T18:53:28.7749436Z Actual:   False
2026-09-27T18:53:28.7749741Z   Stack Trace:
2026-09-27T18:53:28.7751646Z      at Wootc.Shell.UiTests.InstalledPreviewTests.ActualInstalledPreviewBrandAndAuthenticatedStartup() in D:\a\wootc\wootc\shell\Wootc.Shell.UiTests\InstalledPreviewTests.cs:line 101
2026-09-27T18:53:28.7753380Z --- End of stack trace from previous location ---
2026-09-27T18:53:28.7963247Z Results File: D:\a\wootc\wootc\shell\Wootc.Shell.UiTests\TestResults\installed-wootc.trx
2026-09-27T18:53:28.7967248Z 
2026-09-27T18:53:28.8019791Z Failed!  - Failed:     1, Passed:     0, Skipped:     0, Total:     1, Duration: 12 s - Wootc.Shell.UiTests.dll (net8.0)
2026-09-27T18:53:29.4117811Z [31;1mException: [0mD:\a\wootc\wootc\shell\packaging\test-installed-preview.ps1:53[0m
2026-09-27T18:53:29.4119679Z [31;1m[0m[36;1mLine |[0m
2026-09-27T18:53:29.4123187Z [31;1m[0m[36;1m[36;1m  53 | [0m … de -ne 0) { [36;1mthrow "Owned preview operation refused with exit $code"[0m } …[0m
2026-09-27T18:53:29.4124356Z [31;1m[0m[36;1m[36;1m[0m[36;1m[0m[36;1m     | [31;1m               ~~~~~~~~~~~~~~~~~~~~~~~~~~~~~~~~~~~~~~~~~~~~~~~~~~~~~~~[0m
2026-09-27T18:53:29.4125179Z [31;1m[0m[36;1m[36;1m[0m[36;1m[0m[36;1m[31;1m[31;1m[36;1m     | [31;1mOwned preview operation refused with exit 1[0m
2026-09-27T18:53:29.4378705Z ##[error]Process completed with exit code 1.
2026-09-27T18:53:29.4568160Z ##[group]Run actions/upload-artifact@v7
2026-09-27T18:53:29.4568529Z with:
2026-09-27T18:53:29.4568739Z   name: winui-preview-package-wootc
2026-09-27T18:53:29.4569329Z   path: out/preview-installer/
out/branded-preview/native-package.json
shell/Wootc.Shell.UiTests/TestResults/*.trx

2026-09-27T18:53:29.4570129Z   if-no-files-found: error
2026-09-27T18:53:29.4570351Z   compression-level: 6
2026-09-27T18:53:29.4570541Z   overwrite: false
2026-09-27T18:53:29.4570729Z   include-hidden-files: false
2026-09-27T18:53:29.4570937Z   archive: true
2026-09-27T18:53:29.4571101Z env:
2026-09-27T18:53:29.4571273Z   DOTNET_ROOT: C:\Program Files\dotnet
2026-09-27T18:53:29.4571509Z   GOTOOLCHAIN: local
2026-09-27T18:53:29.4571689Z ##[endgroup]
2026-09-27T18:53:29.6447608Z Multiple search paths detected. Calculating the least common ancestor of all paths
2026-09-27T18:53:29.6451421Z The least common ancestor is D:\a\wootc\wootc. This will be the root directory of the artifact
2026-09-27T18:53:29.6452156Z With the provided path, there will be 4 files uploaded
2026-09-27T18:53:29.6457316Z Artifact name is valid!
2026-09-27T18:53:29.6458710Z Root directory input is valid!
2026-09-27T18:53:29.8899578Z Uploading artifact: winui-preview-package-wootc.zip
2026-09-27T18:53:29.8950242Z Beginning upload of artifact content to blob storage
2026-09-27T18:53:30.6847671Z Uploaded bytes 8388608
2026-09-27T18:53:30.9633723Z Uploaded bytes 16777216
2026-09-27T18:53:31.0117413Z Uploaded bytes 25165824
2026-09-27T18:53:31.2412622Z Uploaded bytes 33554432
2026-09-27T18:53:31.5583880Z Uploaded bytes 41943040
2026-09-27T18:53:31.7135586Z Uploaded bytes 50331648
2026-09-27T18:53:31.9705837Z Uploaded bytes 58720256
2026-09-27T18:53:32.1895548Z Uploaded bytes 67108864
2026-09-27T18:53:32.2335902Z Uploaded bytes 68003665
2026-09-27T18:53:32.2664653Z Finished uploading artifact content to blob storage!
2026-09-27T18:53:32.2668810Z SHA256 digest of uploaded artifact is 58606c6dbcded7c2d6deee5d8e097d828dc7c4b39efebc4d2855a92af58b1b79
2026-09-27T18:53:32.2671093Z Finalizing artifact upload
2026-09-27T18:53:32.5724944Z Artifact winui-preview-package-wootc successfully finalized. Artifact ID 10939850507
2026-09-27T18:53:32.5726110Z Artifact winui-preview-package-wootc has been successfully uploaded! Final size is 68003665 bytes. Artifact ID is 10939850507
2026-09-27T18:53:32.5735829Z Artifact download URL: https://github.com/tuna-os/wootc/actions/runs/36342118819/artifacts/10939850507
2026-09-27T18:53:32.6111786Z Post job cleanup.
2026-09-27T18:53:32.8065617Z [command]"C:\Program Files\Git\bin\git.exe" version
2026-09-27T18:53:32.8366784Z git version 2.55.0.windows.5
2026-09-27T18:53:32.8443430Z Temporarily overriding HOME='D:\a\_temp\f6ef6f4f-3c2a-4f41-85bb-8e9876659016' before making global git config changes
2026-09-27T18:53:32.8444852Z Adding repository directory to the temporary git global config as a safe directory
2026-09-27T18:53:32.8455850Z [command]"C:\Program Files\Git\bin\git.exe" config --global --add safe.directory D:\a\wootc\wootc
2026-09-27T18:53:32.8794835Z Removing SSH command configuration
2026-09-27T18:53:32.8805235Z [command]"C:\Program Files\Git\bin\git.exe" config --local --name-only --get-regexp core\.sshCommand
2026-09-27T18:53:32.9113289Z [command]"C:\Program Files\Git\bin\git.exe" submodule foreach --recursive "sh -c \"git config --local --name-only --get-regexp 'core\.sshCommand' && git config --local --unset-all 'core.sshCommand' || :\""
2026-09-27T18:53:33.4338429Z Removing HTTP extra header
2026-09-27T18:53:33.4349034Z [command]"C:\Program Files\Git\bin\git.exe" config --local --name-only --get-regexp http\.https\:\/\/github\.com\/\.extraheader
2026-09-27T18:53:33.4657576Z [command]"C:\Program Files\Git\bin\git.exe" submodule foreach --recursive "sh -c \"git config --local --name-only --get-regexp 'http\.https\:\/\/github\.com\/\.extraheader' && git config --local --unset-all 'http.https://github.com/.extraheader' || :\""
2026-09-27T18:53:34.0059294Z Removing includeIf entries pointing to credentials config files
2026-09-27T18:53:34.0080408Z [command]"C:\Program Files\Git\bin\git.exe" config --local --name-only --get-regexp ^includeIf\.gitdir:
2026-09-27T18:53:34.0344351Z includeif.gitdir:D:/a/wootc/wootc/.git.path
2026-09-27T18:53:34.0345088Z includeif.gitdir:D:/a/wootc/wootc/.git/worktrees/*.path
2026-09-27T18:53:34.0345508Z includeif.gitdir:/github/workspace/.git.path
2026-09-27T18:53:34.0345990Z includeif.gitdir:/github/workspace/.git/worktrees/*.path
2026-09-27T18:53:34.0380518Z [command]"C:\Program Files\Git\bin\git.exe" config --local --get-all includeif.gitdir:D:/a/wootc/wootc/.git.path
2026-09-27T18:53:34.0629126Z D:\a\_temp\git-credentials-5a9613bf-5189-4aa5-b407-502c00082b27.config
2026-09-27T18:53:34.0673001Z [command]"C:\Program Files\Git\bin\git.exe" config --local --unset includeif.gitdir:D:/a/wootc/wootc/.git.path D\:\\a\\_temp\\git\-credentials\-5a9613bf\-5189\-4aa5\-b407\-502c00082b27\.config
2026-09-27T18:53:34.1022615Z [command]"C:\Program Files\Git\bin\git.exe" config --local --get-all includeif.gitdir:D:/a/wootc/wootc/.git/worktrees/*.path
2026-09-27T18:53:34.1284883Z D:\a\_temp\git-credentials-5a9613bf-5189-4aa5-b407-502c00082b27.config
2026-09-27T18:53:34.1327647Z [command]"C:\Program Files\Git\bin\git.exe" config --local --unset includeif.gitdir:D:/a/wootc/wootc/.git/worktrees/*.path D\:\\a\\_temp\\git\-credentials\-5a9613bf\-5189\-4aa5\-b407\-502c00082b27\.config
2026-09-27T18:53:34.1623418Z [command]"C:\Program Files\Git\bin\git.exe" config --local --get-all includeif.gitdir:/github/workspace/.git.path
2026-09-27T18:53:34.1869935Z /github/runner_temp/git-credentials-5a9613bf-5189-4aa5-b407-502c00082b27.config
2026-09-27T18:53:34.1908637Z [command]"C:\Program Files\Git\bin\git.exe" config --local --unset includeif.gitdir:/github/workspace/.git.path \/github\/runner_temp\/git\-credentials\-5a9613bf\-5189\-4aa5\-b407\-502c00082b27\.config
2026-09-27T18:53:34.2213363Z [command]"C:\Program Files\Git\bin\git.exe" config --local --get-all includeif.gitdir:/github/workspace/.git/worktrees/*.path
2026-09-27T18:53:34.2513468Z /github/runner_temp/git-credentials-5a9613bf-5189-4aa5-b407-502c00082b27.config
2026-09-27T18:53:34.2560534Z [command]"C:\Program Files\Git\bin\git.exe" config --local --unset includeif.gitdir:/github/workspace/.git/worktrees/*.path \/github\/runner_temp\/git\-credentials\-5a9613bf\-5189\-4aa5\-b407\-502c00082b27\.config
2026-09-27T18:53:34.2885686Z [command]"C:\Program Files\Git\bin\git.exe" submodule foreach --recursive "git config --local --show-origin --name-only --get-regexp remote.origin.url"
2026-09-27T18:53:34.8557649Z Removing credentials config 'D:\a\_temp\git-credentials-5a9613bf-5189-4aa5-b407-502c00082b27.config'
2026-09-27T18:53:34.8771959Z Cleaning up orphan processes
2026-09-27T18:53:34.8897272Z Terminate orphan process: pid (5772) (dotnet)
2026-09-27T18:53:34.8971786Z Terminate orphan process: pid (9084) (conhost)
2026-09-27T18:53:34.9182378Z Terminate orphan process: pid (9576) (VBCSCompiler)
2026-09-27T18:53:34.9256176Z Terminate orphan process: pid (1888) (conhost)
