Formatting 'C:\Windows\Temp\wootc-phase1-probe\experiment-target.raw', fmt=raw size=25769803776
Formatting 'C:\Windows\Temp\wootc-phase1-probe\experiment-scratch.raw', fmt=raw size=21474836480
MEM=2048 TIMED_OUT
MEM=2048 EXIT= TOTAL_SECONDS=90.497291 PEAK_WORKING_SET=366432256 READY=False
[   37.708298] ACPI: 1 ACPI AML tables successfully acquired and loaded
[   37.776086] ACPI: Interpreter enabled
[   37.778486] ACPI: PM: (supports S0 S3 S5)
[   37.788311] ACPI: Using IOAPIC for interrupt routing
[   37.808431] PCI: Using host bridge windows from ACPI; if necessary, use "pci=nocrs" and report a bug
[   37.818304] PCI: Using E820 reservations for host bridge windows
[   37.832419] ACPI: Enabled 2 GPEs in block 00 to 3F
[   37.878290] ACPI: PCI Root Bridge [PCI0] (domain 0000 [bus 00-ff])
[   37.878323] acpi PNP0A08:00: _OSC: OS supports [ExtendedConfig ASPM ClockPM Segments MSI HPX-Type3]
[   37.888364] acpi PNP0A08:00: _OSC: platform does not support [PCIeHotplug LTR]
[   37.898378] acpi PNP0A08:00: _OSC: OS now controls [PME PCIeCapability]
[   37.918290] PCI host bridge to bus 0000:00
[   37.918329] pci_bus 0000:00: root bus resource [io  0x0000-0x0cf7 window]
[   37.929102] pci_bus 0000:00: root bus resource [io  0x0d00-0xffff window]
[   37.938310] pci_bus 0000:00: root bus resource [mem 0x000a0000-0x000bffff window]
[   37.948309] pci_bus 0000:00: root bus resource [mem 0x80000000-0xafffffff window]
[   37.958311] pci_bus 0000:00: root bus resource [mem 0xc0000000-0xfebfffff window]
[   37.968319] pci_bus 0000:00: root bus resource [mem 0x100000000-0x8ffffffff window]
[   37.978313] pci_bus 0000:00: root bus resource [bus 00-ff]
[   37.997902] pci 0000:00:00.0: [8086:29c0] type 00 class 0x060000 conventional PCI endpoint
[   38.048290] pci 0000:00:01.0: [1af4:1000] type 00 class 0x020000 conventional PCI endpoint
[   38.068290] pci 0000:00:01.0: BAR 0 [io  0xc180-0xc19f]
[   38.078290] pci 0000:00:01.0: BAR 1 [mem 0xfebc0000-0xfebc0fff]
[   38.098290] pci 0000:00:01.0: BAR 4 [mem 0xfebf0000-0xfebf3fff 64bit pref]
[   38.115648] pci 0000:00:01.0: ROM [mem 0xfeb80000-0xfebbffff pref]
[   38.158290] pci 0000:00:02.0: [1af4:1003] type 00 class 0x078000 conventional PCI endpoint
[   38.178290] pci 0000:00:02.0: BAR 0 [io  0xc100-0xc13f]
[   38.196389] pci 0000:00:02.0: BAR 1 [mem 0xfebc1000-0xfebc1fff]
[   38.228290] pci 0000:00:02.0: BAR 4 [mem 0xfebf4000-0xfebf7fff 64bit pref]
[   38.278290] pci 0000:00:03.0: [1af4:1001] type 00 class 0x010000 conventional PCI endpoint
[   38.308119] pci 0000:00:03.0: BAR 0 [io  0xc000-0xc07f]
[   38.336406] pci 0000:00:03.0: BAR 1 [mem 0xfebc2000-0xfebc2fff]
[   38.355336] pci 0000:00:03.0: BAR 4 [mem 0xfebf8000-0xfebfbfff 64bit pref]
[   38.412067] pci 0000:00:04.0: [1af4:1001] type 00 class 0x010000 conventional PCI endpoint
[   38.438258] pci 0000:00:04.0: BAR 0 [io  0xc080-0xc0ff]
[   38.448304] pci 0000:00:04.0: BAR 1 [mem 0xfebc3000-0xfebc3fff]
[   38.492318] pci 0000:00:04.0: BAR 4 [mem 0xfebfc000-0xfebfffff 64bit pref]
[   38.558290] pci 0000:00:1f.0: [8086:2918] type 00 class 0x060100 conventional PCI endpoint
[   38.598290] pci 0000:00:1f.0: quirk: [io  0x0600-0x067f] claimed by ICH6 ACPI/GPIO/TCO
[   38.608304] pci 0000:00:1f.2: [8086:2922] type 00 class 0x010601 conventional PCI endpoint
[   38.648290] pci 0000:00:1f.2: BAR 4 [io  0xc1a0-0xc1bf]
[   38.658290] pci 0000:00:1f.2: BAR 5 [mem 0xfebc4000-0xfebc4fff]
[   38.688290] pci 0000:00:1f.3: [8086:2930] type 00 class 0x0c0500 conventional PCI endpoint
[   38.718290] pci 0000:00:1f.3: BAR 4 [io  0x0700-0x073f]
[   38.818074] ACPI: PCI: Interrupt link LNKA confi
