[    0.000000] Linux version 6.12.111-0-virt (buildozer@build-3-21-x86_64) (gcc (Alpine 14.2.0) 14.2.0, GNU ld (GNU Binutils) 2.43.1) #1-Alpine SMP PREEMPT_DYNAMIC 2026-09-23 08:03:57
[    0.000000] Command line: console=ttyS0 wootc.image=ghcr.io/tuna-os/yellowfin@sha256:ed95623a4943a75b5ea61edb914de5a9b6033c4fb2ddb9de60fa14d88861520d
[    0.000000] BIOS-provided physical RAM map:
[    0.000000] BIOS-e820: [mem 0x0000000000000000-0x000000000009fbff] usable
[    0.000000] BIOS-e820: [mem 0x000000000009fc00-0x000000000009ffff] reserved
[    0.000000] BIOS-e820: [mem 0x00000000000f0000-0x00000000000fffff] reserved
[    0.000000] BIOS-e820: [mem 0x0000000000100000-0x000000007ffdbfff] usable
[    0.000000] BIOS-e820: [mem 0x000000007ffdc000-0x000000007fffffff] reserved
[    0.000000] BIOS-e820: [mem 0x00000000b0000000-0x00000000bfffffff] reserved
[    0.000000] BIOS-e820: [mem 0x00000000fed1c000-0x00000000fed1ffff] reserved
[    0.000000] BIOS-e820: [mem 0x00000000fffc0000-0x00000000ffffffff] reserved
[    0.000000] BIOS-e820: [mem 0x000000fd00000000-0x000000ffffffffff] reserved
[    0.000000] NX (Execute Disable) protection: active
[    0.000000] APIC: Static calls initialized
[    0.000000] SMBIOS 3.0.0 present.
[    0.000000] DMI: QEMU Standard PC (Q35 + ICH9, 2009), BIOS 1.16.3-debian-1.16.3-2 04/01/2014
[    0.000000] DMI: Memory slots populated: 1/1
[    0.000000] tsc: Fast TSC calibration failed
[    0.000000] last_pfn = 0x7ffdc max_arch_pfn = 0x400000000
[    0.000000] MTRR map: 4 entries (3 fixed + 1 variable; max 19), built from 8 variable MTRRs
[    0.000000] x86/PAT: Configuration [0-7]: WB  WC  UC- UC  WB  WP  UC- WT  
[    0.000000] found SMP MP-table at [mem 0x000f5470-0x000f547f]
[    0.000000] RAMDISK: [mem 0x7a98a000-0x7ffcffff]
[    0.000000] ACPI: Early table checksum verification disabled
[    0.000000] ACPI: RSDP 0x00000000000F52B0 000014 (v00 BOCHS )
[    0.000000] ACPI: RSDT 0x000000007FFE2330 000038 (v01 BOCHS  BXPC     00000001 BXPC 00000001)
[    0.000000] ACPI: FACP 0x000000007FFE2128 0000F4 (v03 BOCHS  BXPC     00000001 BXPC 00000001)
[    0.000000] ACPI: DSDT 0x000000007FFE0040 0020E8 (v01 BOCHS  BXPC     00000001 BXPC 00000001)
[    0.000000] ACPI: FACS 0x000000007FFE0000 000040
[    0.000000] ACPI: APIC 0x000000007FFE221C 000078 (v03 BOCHS  BXPC     00000001 BXPC 00000001)
[    0.000000] ACPI: HPET 0x000000007FFE2294 000038 (v01 BOCHS  BXPC     00000001 BXPC 00000001)
[    0.000000] ACPI: MCFG 0x000000007FFE22CC 00003C (v01 BOCHS  BXPC     00000001 BXPC 00000001)
[    0.000000] ACPI: WAET 0x000000007FFE2308 000028 (v01 BOCHS  BXPC     00000001 BXPC 00000001)
[    0.000000] ACPI: Reserving FACP table memory at [mem 0x7ffe2128-0x7ffe221b]
[    0.000000] ACPI: Reserving DSDT table memory at [mem 0x7ffe0040-0x7ffe2127]
[    0.000000] ACPI: Reserving FACS table memory at [mem 0x7ffe0000-0x7ffe003f]
[    0.000000] ACPI: Reserving APIC table memory at [mem 0x7ffe221c-0x7ffe2293]
[    0.000000] ACPI: Reserving HPET table memory at [mem 0x7ffe2294-0x7ffe22cb]
[    0.000000] ACPI: Reserving MCFG table memory at [mem 0x7ffe22cc-0x7ffe2307]
[    0.000000] ACPI: Reserving WAET table memory at [mem 0x7ffe2308-0x7ffe232f]
[    0.000000] Zone ranges:
[    0.000000]   DMA      [mem 0x0000000000001000-0x0000000000ffffff]
[    0.000000]   DMA32    [mem 0x0000000001000000-0x000000007ffdbfff]
[    0.000000]   Normal   empty
[    0.000000] Movable zone start for each node
[    0.000000] Early memory node ranges
[    0.000000]   node   0: [mem 0x0000000000001000-0x000000000009efff]
[    0.000000]   node   0: [mem 0x0000000000100000-0x000000007ffdbfff]
[    0.000000] Initmem setup node 0 [mem 0x0000000000001000-0x000000007ffdbfff]
[    0.000000] On node 0, zone DMA: 1 pages in unavailable ranges
[    0.000000] On node 0, zone DMA: 97 pages in unavailable ranges
[    0.000000] On node 0, zone DMA32: 36 pages in unavailable ranges
[    0.000000] ACPI: PM-Timer IO Port: 0x608
[    0.000000] ACPI: LAPIC_NMI (acpi_id[0xff] dfl dfl lint[0x1])
[    0.000000] IOAPIC[0]: apic_id 0, version 32, address 0xfec00000, GSI 0-23
[    0.000000] ACPI: INT_SRC_OVR (bus 0 bus_irq 0 global_irq 2 dfl dfl)
[    0.000000] ACPI: INT_SRC_OVR (bus 0 bus_irq 5 global_irq 5 high level)
[    0.000000] ACPI: INT_SRC_OVR (bus 0 bus_irq 9 global_irq 9 high level)
[    0.000000] ACPI: INT_SRC_OVR (bus 0 bus_irq 10 global_irq 10 high level)
[    0.000000] ACPI: INT_SRC_OVR (bus 0 bus_irq 11 global_irq 11 high level)
[    0.000000] ACPI: Using ACPI (MADT) for SMP configuration information
[    0.000000] ACPI: HPET id: 0x8086a201 base: 0xfed00000
[    0.000000] CPU topo: Max. logical packages:   1
[    0.000000] CPU topo: Max. logical dies:       1
[    0.000000] CPU topo: Max. dies per package:   1
[    0.000000] CPU topo: Max. threads per core:   1
[    0.000000] CPU topo: Num. cores per package:     1
[    0.000000] CPU topo: Num. threads per package:   1
[    0.000000] CPU topo: Allowing 1 present CPUs plus 0 hotplug CPUs
[    0.000000] [mem 0xc0000000-0xfed1bfff] available for PCI devices
[    0.000000] Booting paravirtualized kernel on bare hardware
[    0.000000] clocksource: refined-jiffies: mask: 0xffffffff max_cycles: 0xffffffff, max_idle_ns: 19112604462750000 ns
[    0.000000] setup_percpu: NR_CPUS:256 nr_cpumask_bits:1 nr_cpu_ids:1 nr_node_ids:1
[    0.000000] percpu: Embedded 59 pages/cpu s204184 r8192 d29288 u2097152
[    0.000000] Kernel command line: console=ttyS0 wootc.image=ghcr.io/tuna-os/yellowfin@sha256:ed95623a4943a75b5ea61edb914de5a9b6033c4fb2ddb9de60fa14d88861520d
[    0.000000] Dentry cache hash table entries: 262144 (order: 9, 2097152 bytes, linear)
[    0.000000] Inode-cache hash table entries: 131072 (order: 8, 1048576 bytes, linear)
[    0.000000] Built 1 zonelists, mobility grouping on.  Total pages: 524154
[    0.000000] mem auto-init: stack:all(zero), heap alloc:on, heap free:off
[    0.000000] SLUB: HWalign=64, Order=0-3, MinObjects=0, CPUs=1, Nodes=1
[    0.000000] Dynamic Preempt: none
[    0.000000] rcu: Preemptible hierarchical RCU implementation.
[    0.000000] rcu: 	RCU restricting CPUs from NR_CPUS=256 to nr_cpu_ids=1.
[    0.000000] 	Trampoline variant of Tasks RCU enabled.
[    0.000000] 	Tracing variant of Tasks RCU enabled.
[    0.000000] rcu: RCU calculated value of scheduler-enlistment delay is 10 jiffies.
[    0.000000] rcu: Adjusting geometry for rcu_fanout_leaf=16, nr_cpu_ids=1
[    0.000000] RCU Tasks: Setting shift to 0 and lim to 1 rcu_task_cb_adjust=1 rcu_task_cpu_ids=1.
[    0.000000] RCU Tasks Trace: Setting shift to 0 and lim to 1 rcu_task_cb_adjust=1 rcu_task_cpu_ids=1.
[    0.000000] NR_IRQS: 16640, nr_irqs: 256, preallocated irqs: 16
[    0.000000] rcu: srcu_init: Setting srcu_struct sizes based on contention.
[    0.000000] clocksource: jiffies: mask: 0xffffffff max_cycles: 0xffffffff, max_idle_ns: 19112604462750000 ns
[    0.000000] kfence: initialized - using 2097152 bytes for 255 objects at 0x(____ptrval____)-0x(____ptrval____)
[    0.000000] Console: colour VGA+ 80x25
[    0.000000] printk: legacy console [ttyS0] enabled
[    0.000000] ACPI: Core revision 20240827
[    0.000000] clocksource: hpet: mask: 0xffffffff max_cycles: 0xffffffff, max_idle_ns: 19112604467 ns
[    0.030000] APIC: Switch to symmetric I/O mode setup
[    0.040000] ..TIMER: vector=0x30 apic1=0 pin1=2 apic2=-1 pin2=-1
[    0.120000] tsc: Unable to calibrate against PIT
[    0.120000] tsc: using HPET reference calibration
[    0.120000] tsc: Detected 2500.020 MHz processor
[    0.003648] clocksource: tsc-early: mask: 0xffffffffffffffff max_cycles: 0x24094ca657a, max_idle_ns: 440795285901 ns
[    0.007136] Calibrating delay loop (skipped), value calculated using timer frequency.. 5000.04 BogoMIPS (lpj=25000200)
[    0.012754] Last level iTLB entries: 4KB 512, 2MB 255, 4MB 127
[    0.013139] Last level dTLB entries: 4KB 512, 2MB 255, 4MB 127, 1GB 0
[    0.014981] Spectre V1 : Mitigation: usercopy/swapgs barriers and __user pointer sanitization
[    0.015985] Spectre V2 : Mitigation: Retpolines
[    0.018402] Spectre V2 : Spectre v2 / SpectreRSB: Filling RSB on context switch and VMEXIT
[    0.042055] x86/fpu: x87 FPU will use FXSAVE
[    1.282338] Freeing SMP alternatives memory: 36K
[    1.287618] pid_max: default: 32768 minimum: 301
[    1.319153] LSM: initializing lsm=lockdown,capability,landlock
[    1.334636] landlock: Up and running.
[    1.357528] Mount-cache hash table entries: 4096 (order: 3, 32768 bytes, linear)
[    1.359704] Mountpoint-cache hash table entries: 4096 (order: 3, 32768 bytes, linear)
[    1.671231] smpboot: CPU0: AMD QEMU Virtual CPU version 2.5+ (family: 0xf, model: 0x6b, stepping: 0x1)
[    1.764639] Performance Events: PMU not available due to virtualization, using software events only.
[    1.767744] signal: max sigframe size: 1440
[    1.772456] rcu: Hierarchical SRCU implementation.
[    1.772932] rcu: 	Max phase no-delay instances is 1000.
[    1.792374] NMI watchdog: Perf NMI watchdog permanently disabled
[    1.799090] smp: Bringing up secondary CPUs ...
[    1.802955] smp: Brought up 1 node, 1 CPU
[    1.803639] smpboot: Total of 1 processors activated (5000.04 BogoMIPS)
[    1.818323] Memory: 1930696K/2096616K available (14336K kernel code, 1938K rwdata, 9224K rodata, 2808K init, 1428K bss, 162276K reserved, 0K cma-reserved)
[    1.840605] devtmpfs: initialized
[    1.849768] x86/mm: Memory block size: 128MB
[    1.871792] futex hash table entries: 256 (order: 2, 16384 bytes, linear)
[    1.911745] NET: Registered PF_NETLINK/PF_ROUTE protocol family
[    1.920005] audit: initializing netlink subsys (disabled)
[    1.930988] thermal_sys: Registered thermal governor 'step_wise'
[    1.933083] audit: type=2000 audit(1790443163.040:1): state=initialized audit_enabled=0 res=1
[    1.935130] cpuidle: using governor ladder
[    1.935772] cpuidle: using governor menu
[    1.940290] acpiphp: ACPI Hot Plug PCI Controller Driver version: 0.5
[    1.950960] PCI: ECAM [mem 0xb0000000-0xbfffffff] (base 0xb0000000) for domain 0000 [bus 00-ff]
[    1.953236] PCI: ECAM [mem 0xb0000000-0xbfffffff] reserved as E820 entry
[    1.958120] PCI: Using configuration type 1 for base access
[    1.965580] kprobes: kprobe jump-optimization is enabled. All kprobes are optimized if possible.
[    2.001424] HugeTLB: registered 2.00 MiB page size, pre-allocated 0 pages
[    2.001849] HugeTLB: 28 KiB vmemmap can be freed for a 2.00 MiB page
[    2.052330] ACPI: Added _OSI(Module Device)
[    2.052736] ACPI: Added _OSI(Processor Device)
[    2.053076] ACPI: Added _OSI(Processor Aggregator Device)
[    2.112011] ACPI: 1 ACPI AML tables successfully acquired and loaded
[    2.278632] ACPI: Interpreter enabled
[    2.281529] ACPI: PM: (supports S0 S3 S5)
[    2.282364] ACPI: Using IOAPIC for interrupt routing
[    2.285946] PCI: Using host bridge windows from ACPI; if necessary, use "pci=nocrs" and report a bug
[    2.286488] PCI: Using E820 reservations for host bridge windows
[    2.290110] ACPI: Enabled 2 GPEs in block 00 to 3F
[    2.374943] ACPI: PCI Root Bridge [PCI0] (domain 0000 [bus 00-ff])
[    2.376604] acpi PNP0A08:00: _OSC: OS supports [ExtendedConfig ASPM ClockPM Segments MSI HPX-Type3]
[    2.380123] acpi PNP0A08:00: _OSC: platform does not support [PCIeHotplug LTR]
[    2.382113] acpi PNP0A08:00: _OSC: OS now controls [PME PCIeCapability]
[    2.394715] PCI host bridge to bus 0000:00
[    2.395717] pci_bus 0000:00: root bus resource [io  0x0000-0x0cf7 window]
[    2.396252] pci_bus 0000:00: root bus resource [io  0x0d00-0xffff window]
[    2.396527] pci_bus 0000:00: root bus resource [mem 0x000a0000-0x000bffff window]
[    2.396841] pci_bus 0000:00: root bus resource [mem 0x80000000-0xafffffff window]
[    2.397130] pci_bus 0000:00: root bus resource [mem 0xc0000000-0xfebfffff window]
[    2.397426] pci_bus 0000:00: root bus resource [mem 0x100000000-0x8ffffffff window]
[    2.398026] pci_bus 0000:00: root bus resource [bus 00-ff]
[    2.401270] pci 0000:00:00.0: [8086:29c0] type 00 class 0x060000 conventional PCI endpoint
[    2.414928] pci 0000:00:01.0: [1234:1111] type 00 class 0x030000 conventional PCI endpoint
[    2.418547] pci 0000:00:01.0: BAR 0 [mem 0xfd000000-0xfdffffff pref]
[    2.423376] pci 0000:00:01.0: BAR 2 [mem 0xfebd4000-0xfebd4fff]
[    2.430728] pci 0000:00:01.0: ROM [mem 0xfebc0000-0xfebcffff pref]
[    2.431829] pci 0000:00:01.0: Video device with shadowed ROM at [mem 0x000c0000-0x000dffff]
[    2.435685] pci 0000:00:02.0: [8086:10d3] type 00 class 0x020000 PCIe Root Complex Integrated Endpoint
[    2.440993] pci 0000:00:02.0: BAR 0 [mem 0xfeb80000-0xfeb9ffff]
[    2.443612] pci 0000:00:02.0: BAR 1 [mem 0xfeba0000-0xfebbffff]
[    2.445805] pci 0000:00:02.0: BAR 2 [io  0xc100-0xc11f]
[    2.449315] pci 0000:00:02.0: BAR 3 [mem 0xfebd0000-0xfebd3fff]
[    2.459741] pci 0000:00:02.0: ROM [mem 0xfeb00000-0xfeb7ffff pref]
[    2.469013] pci 0000:00:03.0: [1af4:1003] type 00 class 0x078000 conventional PCI endpoint
[    2.471995] pci 0000:00:03.0: BAR 0 [io  0xc080-0xc0bf]
[    2.473930] pci 0000:00:03.0: BAR 1 [mem 0xfebd5000-0xfebd5fff]
[    2.479945] pci 0000:00:03.0: BAR 4 [mem 0xfe000000-0xfe003fff 64bit pref]
[    2.486503] pci 0000:00:04.0: [1af4:1001] type 00 class 0x010000 conventional PCI endpoint
[    2.488874] pci 0000:00:04.0: BAR 0 [io  0xc000-0xc07f]
[    2.490872] pci 0000:00:04.0: BAR 1 [mem 0xfebd6000-0xfebd6fff]
[    2.498606] pci 0000:00:04.0: BAR 4 [mem 0xfe004000-0xfe007fff 64bit pref]
[    2.505497] pci 0000:00:1f.0: [8086:2918] type 00 class 0x060100 conventional PCI endpoint
[    2.506867] pci 0000:00:1f.0: quirk: [io  0x0600-0x067f] claimed by ICH6 ACPI/GPIO/TCO
[    2.509026] pci 0000:00:1f.2: [8086:2922] type 00 class 0x010601 conventional PCI endpoint
[    2.522230] pci 0000:00:1f.2: BAR 4 [io  0xc120-0xc13f]
[    2.526067] pci 0000:00:1f.2: BAR 5 [mem 0xfebd7000-0xfebd7fff]
[    2.529318] pci 0000:00:1f.3: [8086:2930] type 00 class 0x0c0500 conventional PCI endpoint
[    2.534662] pci 0000:00:1f.3: BAR 4 [io  0x0700-0x073f]
[    2.554020] ACPI: PCI: Interrupt link LNKA configured for IRQ 10
[    2.555914] ACPI: PCI: Interrupt link LNKB configured for IRQ 10
[    2.559151] ACPI: PCI: Interrupt link LNKC configured for IRQ 11
[    2.564935] ACPI: PCI: Interrupt link LNKD configured for IRQ 11
[    2.566595] ACPI: PCI: Interrupt link LNKE configured for IRQ 10
[    2.570122] ACPI: PCI: Interrupt link LNKF configured for IRQ 10
[    2.571469] ACPI: PCI: Interrupt link LNKG configured for IRQ 11
[    2.575390] ACPI: PCI: Interrupt link LNKH configured for IRQ 11
[    2.576007] ACPI: PCI: Interrupt link GSIA configured for IRQ 16
[    2.576464] ACPI: PCI: Interrupt link GSIB configured for IRQ 17
[    2.576853] ACPI: PCI: Interrupt link GSIC configured for IRQ 18
[    2.577357] ACPI: PCI: Interrupt link GSID configured for IRQ 19
[    2.577770] ACPI: PCI: Interrupt link GSIE configured for IRQ 20
[    2.578147] ACPI: PCI: Interrupt link GSIF configured for IRQ 21
[    2.578534] ACPI: PCI: Interrupt link GSIG configured for IRQ 22
[    2.578914] ACPI: PCI: Interrupt link GSIH configured for IRQ 23
[    2.595838] iommu: Default domain type: Translated
[    2.596287] iommu: DMA domain TLB invalidation policy: lazy mode
[    2.609571] SCSI subsystem initialized
[    2.624877] pps_core: LinuxPPS API ver. 1 registered
[    2.625233] pps_core: Software ver. 5.3.6 - Copyright 2005-2007 Rodolfo Giometti <giometti@linux.it>
[    2.625805] PTP clock support registered
[    2.675809] PCI: Using ACPI for IRQ routing
[    2.692711] hpet: 3 channels of 0 reserved for per-cpu timers
[    2.697333] clocksource: Switched to clocksource tsc-early
[    2.726613] VFS: Disk quotas dquot_6.6.0
[    2.730842] VFS: Dquot-cache hash table entries: 512 (order 0, 4096 bytes)
[    2.757347] pnp: PnP ACPI init
[    2.774954] system 00:05: [mem 0xb0000000-0xbfffffff window] has been reserved
[    2.780866] pnp: PnP ACPI: found 6 devices
[    2.863108] clocksource: acpi_pm: mask: 0xffffff max_cycles: 0xffffff, max_idle_ns: 2085701024 ns
[    2.870225] NET: Registered PF_INET protocol family
[    2.873971] IP idents hash table entries: 32768 (order: 6, 262144 bytes, linear)
[    3.137339] tcp_listen_portaddr_hash hash table entries: 1024 (order: 2, 16384 bytes, linear)
[    3.138245] Table-perturb hash table entries: 65536 (order: 6, 262144 bytes, linear)
[    3.140197] TCP established hash table entries: 16384 (order: 5, 131072 bytes, linear)
[    3.141748] TCP bind hash table entries: 16384 (order: 7, 524288 bytes, linear)
[    3.142938] TCP: Hash tables configured (established 16384 bind 16384)
[    3.148103] MPTCP token hash table entries: 2048 (order: 4, 49152 bytes, linear)
[    3.149391] UDP hash table entries: 1024 (order: 3, 32768 bytes, linear)
[    3.153213] UDP-Lite hash table entries: 1024 (order: 3, 32768 bytes, linear)
[    3.167829] NET: Registered PF_UNIX/PF_LOCAL protocol family
[    3.171744] NET: Registered PF_XDP protocol family
[    3.177148] pci_bus 0000:00: resource 4 [io  0x0000-0x0cf7 window]
[    3.177539] pci_bus 0000:00: resource 5 [io  0x0d00-0xffff window]
[    3.177816] pci_bus 0000:00: resource 6 [mem 0x000a0000-0x000bffff window]
[    3.178249] pci_bus 0000:00: resource 7 [mem 0x80000000-0xafffffff window]
[    3.178552] pci_bus 0000:00: resource 8 [mem 0xc0000000-0xfebfffff window]
[    3.178852] pci_bus 0000:00: resource 9 [mem 0x100000000-0x8ffffffff window]
[    3.180521] PCI: CLS 0 bytes, default 64
[    3.201221] Initialise system trusted keyrings
[    3.238480] Unpacking initramfs...
[    3.336483] workingset: timestamp_bits=46 max_order=19 bucket_order=0
[    3.345426] Key type asymmetric registered
[    3.345935] Asymmetric key parser 'x509' registered
[    3.347387] Block layer SCSI generic (bsg) driver version 0.4 loaded (major 247)
[    3.369626] io scheduler mq-deadline registered
[    3.370143] io scheduler kyber registered
[    3.371200] io scheduler bfq registered
[    3.398962] ERST DBG: ERST support is disabled.
[    3.418431] ACPI: \_SB_.GSIH: Enabled at IRQ 23
[    3.437459] ACPI: \_SB_.GSIE: Enabled at IRQ 20
[    3.497221] Serial: 8250/16550 driver, 4 ports, IRQ sharing enabled
[    3.510057] 00:03: ttyS0 at I/O 0x3f8 (irq = 4, base_baud = 115200) is a 16550A
[    3.698897] VMware PVSCSI driver - version 1.0.7.0-k
[    3.703968] ACPI: \_SB_.GSIA: Enabled at IRQ 16
[    3.723750] ahci 0000:00:1f.2: AHCI vers 0001.0000, 32 command slots, 1.5 Gbps, SATA mode
[    3.724228] ahci 0000:00:1f.2: 6/6 ports implemented (port mask 0x3f)
[    3.726111] ahci 0000:00:1f.2: flags: 64bit ncq only 
[    3.819292] scsi host0: ahci
[    3.841190] scsi host1: ahci
[    3.857745] scsi host2: ahci
[    3.868628] scsi host3: ahci
[    3.877359] scsi host4: ahci
[    3.886727] scsi host5: ahci
[    3.890712] ata1: SATA max UDMA/133 abar m4096@0xfebd7000 port 0xfebd7100 irq 26 lpm-pol 1
[    3.891412] ata2: SATA max UDMA/133 abar m4096@0xfebd7000 port 0xfebd7180 irq 26 lpm-pol 1
[    3.891737] ata3: SATA max UDMA/133 abar m4096@0xfebd7000 port 0xfebd7200 irq 26 lpm-pol 1
[    3.892040] ata4: SATA max UDMA/133 abar m4096@0xfebd7000 port 0xfebd7280 irq 26 lpm-pol 1
[    3.892333] ata5: SATA max UDMA/133 abar m4096@0xfebd7000 port 0xfebd7300 irq 26 lpm-pol 1
[    3.893757] ata6: SATA max UDMA/133 abar m4096@0xfebd7000 port 0xfebd7380 irq 26 lpm-pol 1
[    3.897805] hv_vmbus: registering driver hv_netvsc
[    3.901437] i8042: PNP: PS/2 Controller [PNP0303:KBD,PNP0f13:MOU] at 0x60,0x64 irq 1,12
[    3.917222] serio: i8042 KBD port at 0x60,0x64 irq 1
[    3.918074] serio: i8042 AUX port at 0x60,0x64 irq 12
[    3.919134] hv_vmbus: registering driver hyperv_keyboard
[    3.920713] rtc_cmos 00:04: RTC can wake from S4
[    3.939204] input: AT Translated Set 2 keyboard as /devices/platform/i8042/serio0/input/input0
[    4.030203] rtc_cmos 00:04: registered as rtc0
[    4.032083] rtc_cmos 00:04: setting system clock to 2026-09-26T17:19:25 UTC (1790443165)
[    4.036144] rtc_cmos 00:04: alarms up to one day, y3k, 242 bytes nvram, hpet irqs
[    4.038536] amd_pstate: the _CPC object is not present in SBIOS or ACPI disabled
[    4.072146] gre: GRE over IPv4 demultiplexor driver
[    4.075883] NET: Registered PF_INET6 protocol family
[    4.157595] Segment Routing with IPv6
[    4.159357] In-situ OAM (IOAM) with IPv6
[    4.186729] Key type dns_resolver registered
[    4.190089] IPI shorthand broadcast: enabled
[    4.243936] sched_clock: Marking stable (4360640960, -125478365)->(4351186301, -116023706)
[    4.275292] tsc: Refined TSC clocksource calibration: 2499.983 MHz
[    4.276719] clocksource: tsc: mask: 0xffffffffffffffff max_cycles: 0x240929c67be, max_idle_ns: 440795271273 ns
[    4.278411] clocksource: Switched to clocksource tsc
[    4.374134] ata3: SATA link up 1.5 Gbps (SStatus 113 SControl 300)
[    4.381906] ata3.00: LPM support broken, forcing max_power
[    4.383008] ata3.00: ATAPI: QEMU DVD-ROM, 2.5+, max UDMA/100
[    4.383659] ata3.00: applying bridge limits
[    4.388386] ata3.00: LPM support broken, forcing max_power
[    4.390173] ata3.00: configured for UDMA/100
[    4.396121] ata4: SATA link down (SStatus 0 SControl 300)
[    4.396916] ata5: SATA link down (SStatus 0 SControl 300)
[    4.397353] ata1: SATA link down (SStatus 0 SControl 300)
[    4.410665] ata2: SATA link down (SStatus 0 SControl 300)
[    4.444045] scsi 2:0:0:0: CD-ROM            QEMU     QEMU DVD-ROM     2.5+ PQ: 0 ANSI: 5
[    4.471204] ata6: SATA link down (SStatus 0 SControl 300)
[    4.588040] registered taskstats version 1
[    4.596908] Loading compiled-in X.509 certificates
[   14.746851] Freeing initrd memory: 88344K
[   15.437747] Loaded X.509 cert 'alpinelinux.org: Alpine Linux kernel key: d76a695f66ad9cd28f5c22a8508f36e91f521f7a'
[   15.488473] Key type .fscrypt registered
[   15.488874] Key type fscrypt-provisioning registered
[   15.922112] Freeing unused kernel image (initmem) memory: 2808K
[   15.923262] Write protecting the kernel read-only data: 24576k
[   15.930407] Freeing unused kernel image (rodata/data gap) memory: 1016K
[   15.936795] rodata_test: all tests were successful
[   15.939332] Run /init as init process
wootc-builder: FAIL: target disk /dev/vda not present
[   18.892387] ACPI: PM: Preparing to enter system sleep state S5
[   18.894047] reboot: Power down
