[WebServer] (node:3170940) Warning: The 'NO_COLOR' env is ignored due to the 'FORCE_COLOR' env being set.
[WebServer] (Use `node --trace-warnings ...` to show where the warning was created)
[WebServer] (node:3170963) Warning: The 'NO_COLOR' env is ignored due to the 'FORCE_COLOR' env being set.
[WebServer] (Use `node --trace-warnings ...` to show where the warning was created)

Running 43 tests using 1 worker

(node:3170996) Warning: The 'NO_COLOR' env is ignored due to the 'FORCE_COLOR' env being set.
(Use `node --trace-warnings ...` to show where the warning was created)
  ✓   1 gui.spec.js:30:1 › installer — launchpad (variant selection + system info) (1.1s)
  ✓   2 gui.spec.js:42:1 › installer — validation gates the Install button (535ms)
  ✓   3 gui.spec.js:58:1 › installer — progress screen (1.5s)
  ✓   4 gui.spec.js:72:1 › installer — done screen (866ms)
  ✓   5 gui.spec.js:93:1 › installer — session consent does not assert successful export (769ms)
  ✓   6 gui.spec.js:109:1 › control panel — partition-aware uninstall options (443ms)
  ✓   7 gui.spec.js:122:1 › control panel — personal partition without wootc-data label never offers RemovePartition (467ms)
  ✓   8 gui.spec.js:133:1 › control panel — uninstall confirmation names the verified volume label (332ms)
  ✓   9 gui.spec.js:149:1 › control panel — Boot in VM offered when available (§6.2) (267ms)
  ✓  10 gui.spec.js:158:1 › control panel — unavailable VM explains how to enable acceleration (259ms)
  ✓  11 gui.spec.js:167:1 › installer — NTFS defrag recommendation is advisory and actionable (§3.6) (402ms)
  ✓  12 gui.spec.js:177:1 › installer — backend detection is automatic; forcing systemd-boot warns for Secure Boot (441ms)
  ✓  13 gui.spec.js:192:1 › installer — supported family custom OCI reference is accepted (370ms)
  ✓  14 gui.spec.js:207:1 › installer — BitLocker offers unencrypted-partition path (no forced decrypt) (285ms)
  ✓  15 gui.spec.js:222:1 › installer — LUKS encryption options (§2.6) with TPM recommended (610ms)
  ✓  16 gui.spec.js:243:1 › branding — partner re-skin applies theme + copy (317ms)
  ✓  17 gui.spec.js:263:1 › branding — a brand build wears real assets, not the wootc name (332ms)
  ✓  18 gui.spec.js:299:1 › migration dashboard — files, apps, office (306ms)
  ✓  19 gui.spec.js:315:1 › installer — custom OCI ref defaults to auto backend detection (338ms)
  ✓  20 gui.spec.js:339:1 › installer — identity hides under Advanced only when derived from the PC (337ms)
  ✓  21 gui.spec.js:363:1 › installer — identity stays on the main form when it cannot be derived (258ms)
  ✓  22 gui.spec.js:375:1 › installer — the default form asks for a password and nothing else (481ms)
  ✓  23 gui.spec.js:410:1 › titlebar — frameless window controls reach the runtime (272ms)
  ✓  24 gui.spec.js:422:1 › titlebar — closing during an install asks for confirmation (413ms)
  ✓  25 gui.spec.js:449:1 › every exit button reaches the runtime (343ms)
  ✓  26 gui.spec.js:466:1 › disk size larger than C: can hold gates the install button (256ms)
  ✓  27 gui.spec.js:480:1 › a failed last run is acknowledged on relaunch (186ms)
  ✓  28 gui.spec.js:489:1 › a deployed install offers Restart into TunaOS (210ms)
  ✓  29 gui.spec.js:498:1 › new release notice preserves a form in use and opens the release page (1.8s)
  ✓  30 gui.spec.js:513:1 › release notice failure leaves the launchpad usable (294ms)
  ✓  31 gui.spec.js:521:1 › release notice rejects a non-release link (237ms)
  ✓  32 gui.spec.js:529:1 › progress uses backend labels while phase IDs remain stable (471ms)
  ✓  33 gui.spec.js:548:3 › invalid backend catalogue cannot silently use a handwritten fallback (0) (200ms)
  ✓  34 gui.spec.js:548:3 › invalid backend catalogue cannot silently use a handwritten fallback (2) (187ms)
  ✓  35 gui.spec.js:555:1 › last-run phase display uses its backend label safely (218ms)
  ✓  36 gui.spec.js:565:1 › VM-first account flow uses only implemented choices and supports clean restart (533ms)
  ✓  37 gui.spec.js:589:1 › VM-first action shows the next required account detail (650ms)
  ✓  38 gui.spec.js:616:1 › E2E drive observes the VM-first button and prepares through the real launchpad form (4.7s)
  ✓  39 gui.spec.js:649:1 › signed runtime setup returns to account setup without starting an install (377ms)
  ✓  40 gui.spec.js:656:1 › a release without the runtime gives an explicit error without installing Linux (304ms)
  ✓  41 gui.spec.js:668:3 › VM preparation drive refuses a directive missing schemaVersion (3.1s)
  ✓  42 gui.spec.js:668:3 › VM preparation drive refuses a directive missing runId (3.1s)
  ✓  43 gui.spec.js:668:3 › VM preparation drive refuses a directive missing directiveId (3.2s)

  43 passed (38.3s)
