2026-09-27T17:57:08.5107348Z Current runner version: '2.337.0'
2026-09-27T17:57:08.5131495Z ##[group]Runner Image Provisioner
2026-09-27T17:57:08.5132178Z Hosted Compute Agent
2026-09-27T17:57:08.5132606Z Version: 20260828.587
2026-09-27T17:57:08.5133482Z Commit: abac92662cab4cc7352de4f9f9d2e2419aad9c29
2026-09-27T17:57:08.5134065Z Build Date: 2026-08-28T16:44:25Z
2026-09-27T17:57:08.5134604Z Worker ID: {f375a4fd-dcc4-424d-8f37-ec454ddca234}
2026-09-27T17:57:08.5135120Z Azure Region: eastus
2026-09-27T17:57:08.5135518Z ##[endgroup]
2026-09-27T17:57:08.5136622Z ##[group]Operating System
2026-09-27T17:57:08.5137105Z Microsoft Windows Server 2025
2026-09-27T17:57:08.5137588Z 10.0.26100
2026-09-27T17:57:08.5137949Z Datacenter
2026-09-27T17:57:08.5138304Z ##[endgroup]
2026-09-27T17:57:08.5138709Z ##[group]Runner Image
2026-09-27T17:57:08.5139130Z Image: windows-2025-vs2026
2026-09-27T17:57:08.5139639Z Version: 20260922.246.2
2026-09-27T17:57:08.5141067Z Included Software: https://github.com/actions/runner-images/blob/win25-vs2026/20260922.246/images/windows/Windows2025-VS2026-Readme.md
2026-09-27T17:57:08.5142415Z Image Release: https://github.com/actions/runner-images/releases/tag/win25-vs2026%2F20260922.246
2026-09-27T17:57:08.5143180Z ##[endgroup]
2026-09-27T17:57:08.5143987Z ##[group]GITHUB_TOKEN Permissions
2026-09-27T17:57:08.5145820Z Contents: read
2026-09-27T17:57:08.5146294Z Metadata: read
2026-09-27T17:57:08.5146679Z ##[endgroup]
2026-09-27T17:57:08.5148396Z Secret source: Actions
2026-09-27T17:57:08.5149116Z Cache mode: write
2026-09-27T17:57:08.5149631Z Prepare workflow directory
2026-09-27T17:57:08.5409496Z Prepare all required actions
2026-09-27T17:57:08.5448035Z Getting action download info
2026-09-27T17:57:08.7328551Z Download action repository 'actions/checkout@v7' (SHA:3d3c42e5aac5ba805825da76410c181273ba90b1)
2026-09-27T17:57:08.8397230Z Download action repository 'actions/setup-dotnet@v6' (SHA:a98b56852c35b8e3190ac28c8c2271da59106c68)
2026-09-27T17:57:09.0417319Z Download action repository 'actions/setup-go@v7' (SHA:b7ad1dad31e06c5925ef5d2fc7ad053ef454303e)
2026-09-27T17:57:09.2478273Z Download action repository 'actions/upload-artifact@v7' (SHA:043fb46d1a93c77aae656e7c1c64a875d1fc6a0a)
2026-09-27T17:57:09.4773468Z Complete job name: Branded preview package (tunaos)
2026-09-27T17:57:09.6325993Z ##[group]Run actions/checkout@v7
2026-09-27T17:57:09.6328014Z with:
2026-09-27T17:57:09.6328455Z   repository: tuna-os/wootc
2026-09-27T17:57:09.6332375Z   token: ***
2026-09-27T17:57:09.6332829Z   ssh-strict: true
2026-09-27T17:57:09.6333259Z   ssh-user: git
2026-09-27T17:57:09.6333683Z   persist-credentials: true
2026-09-27T17:57:09.6334133Z   clean: true
2026-09-27T17:57:09.6334587Z   sparse-checkout-cone-mode: true
2026-09-27T17:57:09.6335089Z   fetch-depth: 1
2026-09-27T17:57:09.6335485Z   fetch-tags: false
2026-09-27T17:57:09.6335935Z   show-progress: true
2026-09-27T17:57:09.6336363Z   lfs: false
2026-09-27T17:57:09.6336778Z   submodules: false
2026-09-27T17:57:09.6337374Z   set-safe-directory: true
2026-09-27T17:57:09.6337979Z   allow-unsafe-pr-checkout: false
2026-09-27T17:57:09.6338749Z ##[endgroup]
2026-09-27T17:57:09.8514655Z Syncing repository: tuna-os/wootc
2026-09-27T17:57:09.8516156Z ##[group]Getting Git version info
2026-09-27T17:57:09.8516813Z Working directory is 'D:\a\wootc\wootc'
2026-09-27T17:57:09.9080122Z [command]"C:\Program Files\Git\bin\git.exe" version
2026-09-27T17:57:10.7721770Z git version 2.55.0.windows.5
2026-09-27T17:57:10.7762831Z ##[endgroup]
2026-09-27T17:57:10.7777272Z Temporarily overriding HOME='D:\a\_temp\f44e7b1d-01b5-4850-8e69-0368e4495dc1' before making global git config changes
2026-09-27T17:57:10.7779213Z Adding repository directory to the temporary git global config as a safe directory
2026-09-27T17:57:10.7786974Z [command]"C:\Program Files\Git\bin\git.exe" config --global --add safe.directory D:\a\wootc\wootc
2026-09-27T17:57:10.9153497Z Deleting the contents of 'D:\a\wootc\wootc'
2026-09-27T17:57:10.9158599Z ##[group]Determining repository object format
2026-09-27T17:57:10.9163193Z ##[endgroup]
2026-09-27T17:57:10.9164747Z ##[group]Initializing the repository
2026-09-27T17:57:10.9168902Z [command]"C:\Program Files\Git\bin\git.exe" init D:\a\wootc\wootc
2026-09-27T17:57:11.0327724Z Initialized empty Git repository in D:/a/wootc/wootc/.git/
2026-09-27T17:57:11.0374540Z [command]"C:\Program Files\Git\bin\git.exe" remote add origin https://github.com/tuna-os/wootc
2026-09-27T17:57:11.1078582Z ##[endgroup]
2026-09-27T17:57:11.1086570Z ##[group]Disabling automatic garbage collection
2026-09-27T17:57:11.1087233Z [command]"C:\Program Files\Git\bin\git.exe" config --local gc.auto 0
2026-09-27T17:57:11.1329967Z ##[endgroup]
2026-09-27T17:57:11.1330374Z ##[group]Setting up auth
2026-09-27T17:57:11.1330716Z Removing SSH command configuration
2026-09-27T17:57:11.1338922Z [command]"C:\Program Files\Git\bin\git.exe" config --local --name-only --get-regexp core\.sshCommand
2026-09-27T17:57:11.1591204Z [command]"C:\Program Files\Git\bin\git.exe" submodule foreach --recursive "sh -c \"git config --local --name-only --get-regexp 'core\.sshCommand' && git config --local --unset-all 'core.sshCommand' || :\""
2026-09-27T17:57:13.2502686Z Removing HTTP extra header
2026-09-27T17:57:13.2512345Z [command]"C:\Program Files\Git\bin\git.exe" config --local --name-only --get-regexp http\.https\:\/\/github\.com\/\.extraheader
2026-09-27T17:57:13.2802740Z [command]"C:\Program Files\Git\bin\git.exe" submodule foreach --recursive "sh -c \"git config --local --name-only --get-regexp 'http\.https\:\/\/github\.com\/\.extraheader' && git config --local --unset-all 'http.https://github.com/.extraheader' || :\""
2026-09-27T17:57:13.7472606Z Removing includeIf entries pointing to credentials config files
2026-09-27T17:57:13.7473484Z [command]"C:\Program Files\Git\bin\git.exe" config --local --name-only --get-regexp ^includeIf\.gitdir:
2026-09-27T17:57:13.7735282Z [command]"C:\Program Files\Git\bin\git.exe" submodule foreach --recursive "git config --local --show-origin --name-only --get-regexp remote.origin.url"
2026-09-27T17:57:14.2186244Z [command]"C:\Program Files\Git\bin\git.exe" config --file D:\a\_temp\git-credentials-0c760b52-01b1-40a4-959e-b561f733c590.config http.https://github.com/.extraheader "AUTHORIZATION: basic ***"
2026-09-27T17:57:14.2458546Z [command]"C:\Program Files\Git\bin\git.exe" config --local includeIf.gitdir:D:/a/wootc/wootc/.git.path D:\a\_temp\git-credentials-0c760b52-01b1-40a4-959e-b561f733c590.config
2026-09-27T17:57:14.2721887Z [command]"C:\Program Files\Git\bin\git.exe" config --local includeIf.gitdir:D:/a/wootc/wootc/.git/worktrees/*.path D:\a\_temp\git-credentials-0c760b52-01b1-40a4-959e-b561f733c590.config
2026-09-27T17:57:14.3056894Z [command]"C:\Program Files\Git\bin\git.exe" config --local includeIf.gitdir:/github/workspace/.git.path /github/runner_temp/git-credentials-0c760b52-01b1-40a4-959e-b561f733c590.config
2026-09-27T17:57:14.3311042Z [command]"C:\Program Files\Git\bin\git.exe" config --local includeIf.gitdir:/github/workspace/.git/worktrees/*.path /github/runner_temp/git-credentials-0c760b52-01b1-40a4-959e-b561f733c590.config
2026-09-27T17:57:14.3560335Z ##[endgroup]
2026-09-27T17:57:14.3560683Z ##[group]Fetching the repository
2026-09-27T17:57:14.3574434Z [command]"C:\Program Files\Git\bin\git.exe" -c protocol.version=2 fetch --no-tags --prune --no-recurse-submodules --depth=1 origin +9fee6d58ef97d368d861a37d7cbb1551dc6c3524:refs/remotes/pull/501/merge
2026-09-27T17:57:16.2378015Z From https://github.com/tuna-os/wootc
2026-09-27T17:57:16.2378795Z  * [new ref]         9fee6d58ef97d368d861a37d7cbb1551dc6c3524 -> pull/501/merge
2026-09-27T17:57:16.2411064Z ##[endgroup]
2026-09-27T17:57:16.2411472Z ##[group]Determining the checkout info
2026-09-27T17:57:16.2413049Z ##[endgroup]
2026-09-27T17:57:16.2420859Z [command]"C:\Program Files\Git\bin\git.exe" sparse-checkout disable
2026-09-27T17:57:16.2881051Z [command]"C:\Program Files\Git\bin\git.exe" config --local --unset-all extensions.worktreeConfig
2026-09-27T17:57:16.3137043Z ##[group]Checking out the ref
2026-09-27T17:57:16.3148324Z [command]"C:\Program Files\Git\bin\git.exe" checkout --progress --force refs/remotes/pull/501/merge
2026-09-27T17:57:16.7377407Z Note: switching to 'refs/remotes/pull/501/merge'.
2026-09-27T17:57:16.7377800Z 
2026-09-27T17:57:16.7378023Z You are in 'detached HEAD' state. You can look around, make experimental
2026-09-27T17:57:16.7378606Z changes and commit them, and you can discard any commits you make in this
2026-09-27T17:57:16.7379181Z state without impacting any branches by switching back to a branch.
2026-09-27T17:57:16.7379495Z 
2026-09-27T17:57:16.7379671Z If you want to create a new branch to retain commits you create, you may
2026-09-27T17:57:16.7380040Z do so (now or later) by using -c with the switch command. Example:
2026-09-27T17:57:16.7380230Z 
2026-09-27T17:57:16.7380319Z   git switch -c <new-branch-name>
2026-09-27T17:57:16.7380487Z 
2026-09-27T17:57:16.7380565Z Or undo this operation with:
2026-09-27T17:57:16.7380696Z 
2026-09-27T17:57:16.7380762Z   git switch -
2026-09-27T17:57:16.7380849Z 
2026-09-27T17:57:16.7381013Z Turn off this advice by setting config variable advice.detachedHead to false
2026-09-27T17:57:16.7381248Z 
2026-09-27T17:57:16.7416450Z HEAD is now at 9fee6d5 Merge 7f0cdf6dd6ffebff9fa8f2ec5e8710fc7fca6af6 into f0177b3a2d322d345fe54884f3555059b7219179
2026-09-27T17:57:16.7563585Z ##[endgroup]
2026-09-27T17:57:16.8243467Z [command]"C:\Program Files\Git\bin\git.exe" log -1 --format=%H
2026-09-27T17:57:16.8513885Z 9fee6d58ef97d368d861a37d7cbb1551dc6c3524
2026-09-27T17:57:16.8902933Z ##[group]Run actions/setup-dotnet@v6
2026-09-27T17:57:16.8903223Z with:
2026-09-27T17:57:16.8903395Z   global-json-file: shell/global.json
2026-09-27T17:57:16.8903605Z   cache: false
2026-09-27T17:57:16.8903754Z ##[endgroup]
2026-09-27T17:57:17.0947836Z [command]"C:\Program Files\PowerShell\7\pwsh.exe" -NoLogo -Sta -NoProfile -NonInteractive -ExecutionPolicy Unrestricted -Command & 'D:\a\_actions\actions\setup-dotnet\v6\externals\install-dotnet.ps1' -SkipNonVersionedFiles -Runtime dotnet -Channel LTS
2026-09-27T17:57:18.7746616Z dotnet-install: .NET Core Runtime with version '10.0.12' is already installed.
2026-09-27T17:57:18.9852714Z [command]"C:\Program Files\PowerShell\7\pwsh.exe" -NoLogo -Sta -NoProfile -NonInteractive -ExecutionPolicy Unrestricted -Command & 'D:\a\_actions\actions\setup-dotnet\v6\externals\install-dotnet.ps1' -SkipNonVersionedFiles -Version 10.0.401
2026-09-27T17:57:19.5907642Z dotnet-install: .NET Core SDK with version '10.0.401' is already installed.
2026-09-27T17:57:19.6814076Z ##[group]Run actions/setup-go@v7
2026-09-27T17:57:19.6814332Z with:
2026-09-27T17:57:19.6814495Z   go-version-file: app/go.mod
2026-09-27T17:57:19.6814687Z   check-latest: false
2026-09-27T17:57:19.6816759Z   token: ***
2026-09-27T17:57:19.6816913Z   cache: true
2026-09-27T17:57:19.6817053Z env:
2026-09-27T17:57:19.6817201Z   DOTNET_ROOT: C:\Program Files\dotnet
2026-09-27T17:57:19.6817399Z ##[endgroup]
2026-09-27T17:57:19.8028382Z Setup go version spec 1.26.0
2026-09-27T17:57:19.8037254Z Attempting to download 1.26.0...
2026-09-27T17:57:20.1934261Z matching 1.26.0...
2026-09-27T17:57:20.1937727Z Acquiring 1.26.0 from https://github.com/actions/go-versions/releases/download/1.26.0-21889650668/go-1.26.0-win32-x64.zip
2026-09-27T17:57:20.6607487Z Extracting Go...
2026-09-27T17:57:20.8256373Z [command]"C:\Program Files\PowerShell\7\pwsh.exe" -NoLogo -NoProfile -NonInteractive -ExecutionPolicy Unrestricted -Command "$ErrorActionPreference = 'Stop' ; try { Add-Type -AssemblyName System.IO.Compression.ZipFile } catch { } ; try { [System.IO.Compression.ZipFile]::ExtractToDirectory('D:\a\_temp\go-1.26.0-win32-x64.zip', 'D:\a\_temp\939c3a81-4230-49d0-bc7b-f4ec8db59022', $true) } catch { if (($_.Exception.GetType().FullName -eq 'System.Management.Automation.MethodException') -or ($_.Exception.GetType().FullName -eq 'System.Management.Automation.RuntimeException') ){ Expand-Archive -LiteralPath 'D:\a\_temp\go-1.26.0-win32-x64.zip' -DestinationPath 'D:\a\_temp\939c3a81-4230-49d0-bc7b-f4ec8db59022' -Force } else { throw $_ } } ;"
2026-09-27T17:57:25.9395628Z Successfully extracted go to D:\a\_temp\939c3a81-4230-49d0-bc7b-f4ec8db59022
2026-09-27T17:57:25.9396145Z Adding to the cache ...
2026-09-27T17:57:35.1645429Z Created link C:\hostedtoolcache\windows\go\1.26.0\x64 => D:\hostedtoolcache\windows\go\1.26.0\x64
2026-09-27T17:57:35.1648368Z Created link C:\hostedtoolcache\windows\go\1.26.0\x64.complete => D:\hostedtoolcache\windows\go\1.26.0\x64.complete
2026-09-27T17:57:35.1649771Z Successfully cached go to C:\hostedtoolcache\windows\go\1.26.0\x64
2026-09-27T17:57:35.1654175Z Added go to the path
2026-09-27T17:57:35.1655292Z Successfully set up Go version 1.26.0
2026-09-27T17:57:35.4059403Z [command]C:\hostedtoolcache\windows\go\1.26.0\x64\bin\go.exe env GOMODCACHE
2026-09-27T17:57:35.4102426Z [command]C:\hostedtoolcache\windows\go\1.26.0\x64\bin\go.exe env GOCACHE
2026-09-27T17:57:35.4344116Z C:\Users\runneradmin\go\pkg\mod
2026-09-27T17:57:35.4349498Z C:\Users\runneradmin\AppData\Local\go-build
2026-09-27T17:57:35.4384080Z ##[warning]Restore cache failed: Dependencies file is not found in D:\a\wootc\wootc. Supported file pattern: go.mod
2026-09-27T17:57:35.4395724Z go version go1.26.0 windows/amd64
2026-09-27T17:57:35.4395882Z 
2026-09-27T17:57:35.4396111Z ##[group]go env
2026-09-27T17:57:43.4083107Z set AR=ar
2026-09-27T17:57:43.4083575Z set CC=gcc
2026-09-27T17:57:43.4084162Z set CGO_CFLAGS=-O2 -g
2026-09-27T17:57:43.4170985Z set CGO_CPPFLAGS=
2026-09-27T17:57:43.4171600Z set CGO_CXXFLAGS=-O2 -g
2026-09-27T17:57:43.4171941Z set CGO_ENABLED=1
2026-09-27T17:57:43.4172253Z set CGO_FFLAGS=-O2 -g
2026-09-27T17:57:43.4172573Z set CGO_LDFLAGS=-O2 -g
2026-09-27T17:57:43.4172879Z set CXX=g++
2026-09-27T17:57:43.4173148Z set GCCGO=gccgo
2026-09-27T17:57:43.4173428Z set GO111MODULE=
2026-09-27T17:57:43.4173707Z set GOAMD64=v1
2026-09-27T17:57:43.4173972Z set GOARCH=amd64
2026-09-27T17:57:43.4174248Z set GOAUTH=netrc
2026-09-27T17:57:43.4174528Z set GOBIN=
2026-09-27T17:57:43.4174911Z set GOCACHE=C:\Users\runneradmin\AppData\Local\go-build
2026-09-27T17:57:43.4175330Z set GOCACHEPROG=
2026-09-27T17:57:43.4179285Z set GODEBUG=
2026-09-27T17:57:43.4179695Z set GOENV=C:\Users\runneradmin\AppData\Roaming\go\env
2026-09-27T17:57:43.4180100Z set GOEXE=.exe
2026-09-27T17:57:43.4180316Z set GOEXPERIMENT=
2026-09-27T17:57:43.4180596Z set GOFIPS140=off
2026-09-27T17:57:43.4180863Z set GOFLAGS=
2026-09-27T17:57:43.4184663Z set GOGCCFLAGS=-m64 -mthreads -Wl,--no-gc-sections -fmessage-length=0 -ffile-prefix-map=C:\Users\RUNNER~1\AppData\Local\Temp\go-build1377364094=/tmp/go-build -gno-record-gcc-switches
2026-09-27T17:57:43.4185807Z set GOHOSTARCH=amd64
2026-09-27T17:57:43.4186218Z set GOHOSTOS=windows
2026-09-27T17:57:43.4186542Z set GOINSECURE=
2026-09-27T17:57:43.4186822Z set GOMOD=NUL
2026-09-27T17:57:43.4187186Z set GOMODCACHE=C:\Users\runneradmin\go\pkg\mod
2026-09-27T17:57:43.4187602Z set GONOPROXY=
2026-09-27T17:57:43.4187887Z set GONOSUMDB=
2026-09-27T17:57:43.4188157Z set GOOS=windows
2026-09-27T17:57:43.4192398Z set GOPATH=C:\Users\runneradmin\go
2026-09-27T17:57:43.4192989Z set GOPRIVATE=
2026-09-27T17:57:43.4193424Z set GOPROXY=https://proxy.golang.org,direct
2026-09-27T17:57:43.4194179Z set GOROOT=C:\hostedtoolcache\windows\go\1.26.0\x64
2026-09-27T17:57:43.4194620Z set GOSUMDB=sum.golang.org
2026-09-27T17:57:43.4194946Z set GOTELEMETRY=local
2026-09-27T17:57:43.4195424Z set GOTELEMETRYDIR=C:\Users\runneradmin\AppData\Roaming\go\telemetry
2026-09-27T17:57:43.4195911Z set GOTMPDIR=
2026-09-27T17:57:43.4196194Z set GOTOOLCHAIN=local
2026-09-27T17:57:43.4196690Z set GOTOOLDIR=C:\hostedtoolcache\windows\go\1.26.0\x64\pkg\tool\windows_amd64
2026-09-27T17:57:43.4197139Z set GOVCS=
2026-09-27T17:57:43.4197634Z set GOVERSION=go1.26.0
2026-09-27T17:57:43.4198271Z set GOWORK=
2026-09-27T17:57:43.4198509Z set PKG_CONFIG=pkg-config
2026-09-27T17:57:43.4198684Z 
2026-09-27T17:57:43.4199313Z ##[endgroup]
2026-09-27T17:57:43.4489931Z ##[group]Run dotnet publish shell/Wootc.Shell/Wootc.Shell.csproj --configuration Release --runtime win-x64 -p:Platform=x64 -p:NativeBuildId=9fee6d58ef97d368d861a37d7cbb1551dc6c3524 -p:NativeBrandId=tunaos --output out/branded-preview
2026-09-27T17:57:43.4491345Z [36;1mdotnet publish shell/Wootc.Shell/Wootc.Shell.csproj --configuration Release --runtime win-x64 -p:Platform=x64 -p:NativeBuildId=9fee6d58ef97d368d861a37d7cbb1551dc6c3524 -p:NativeBrandId=tunaos --output out/branded-preview[0m
2026-09-27T17:57:43.4492149Z [36;1mif ($LASTEXITCODE -ne 0) { throw 'Branded native publish refused' }[0m
2026-09-27T17:57:43.4492520Z [36;1mNew-Item -ItemType Directory -Force app/frontend/dist | Out-Null[0m
2026-09-27T17:57:43.4492967Z [36;1mSet-Content app/frontend/dist/index.html '<!doctype html><title>Native engine preview</title>'[0m
2026-09-27T17:57:43.4493319Z [36;1mPush-Location app[0m
2026-09-27T17:57:43.4493950Z [36;1mtry { go build -ldflags "-X main.nativeBuildID=9fee6d58ef97d368d861a37d7cbb1551dc6c3524 -X main.brandID=tunaos" -o ../out/branded-preview/wootc-engine.exe . } finally { Pop-Location }[0m
2026-09-27T17:57:43.4494613Z [36;1mif ($LASTEXITCODE -ne 0) { throw 'Branded engine build refused' }[0m
2026-09-27T17:57:43.4612786Z shell: C:\Program Files\PowerShell\7\pwsh.EXE -command ". '{0}'"
2026-09-27T17:57:43.4613066Z env:
2026-09-27T17:57:43.4613224Z   DOTNET_ROOT: C:\Program Files\dotnet
2026-09-27T17:57:43.4613424Z   GOTOOLCHAIN: local
2026-09-27T17:57:43.4613582Z ##[endgroup]
2026-09-27T17:57:56.3033120Z   Determining projects to restore...
2026-09-27T17:57:59.7624138Z   Restored D:\a\wootc\wootc\shell\Wootc.Shell.Core\Wootc.Shell.Core.csproj (in 214 ms).
2026-09-27T17:58:05.1636996Z   Restored D:\a\wootc\wootc\shell\Wootc.Shell.Native\Wootc.Shell.Native.csproj (in 5.64 sec).
2026-09-27T17:58:38.0652712Z   Restored D:\a\wootc\wootc\shell\Wootc.Shell\Wootc.Shell.csproj (in 38.64 sec).
2026-09-27T17:58:50.5106191Z   Wootc.Shell.Core -> D:\a\wootc\wootc\shell\Wootc.Shell.Core\bin\x64\Release\net8.0\Wootc.Shell.Core.dll
2026-09-27T17:58:51.4144635Z   Wootc.Shell.Native -> D:\a\wootc\wootc\shell\Wootc.Shell.Native\bin\x64\Release\net8.0-windows10.0.19041.0\Wootc.Shell.Native.dll
2026-09-27T17:59:02.0731381Z   Wootc.Shell -> D:\a\wootc\wootc\shell\Wootc.Shell\bin\x64\Release\net8.0-windows10.0.19041.0\win-x64\Wootc.Shell.dll
2026-09-27T17:59:05.0877972Z   Wootc.Shell -> D:\a\wootc\wootc\out\branded-preview\
2026-09-27T17:59:05.5676451Z go: downloading github.com/tredoe/osutil v1.5.0
2026-09-27T17:59:05.5683020Z go: downloading github.com/wailsapp/wails/v2 v2.16.0
2026-09-27T17:59:06.9975043Z go: downloading golang.org/x/crypto v0.57.0
2026-09-27T17:59:06.9976093Z go: downloading golang.org/x/sys v0.48.0
2026-09-27T17:59:06.9976829Z go: downloading golang.org/x/mod v0.41.0
2026-09-27T17:59:10.5772597Z go: downloading github.com/leaanthony/u v1.1.1
2026-09-27T17:59:10.5841473Z go: downloading github.com/leaanthony/slicer v1.6.0
2026-09-27T17:59:10.9454452Z go: downloading github.com/leaanthony/go-ansi-parser v1.6.1
2026-09-27T17:59:10.9471527Z go: downloading github.com/pkg/errors v0.9.1
2026-09-27T17:59:10.9484058Z go: downloading github.com/wailsapp/go-webview2 v1.0.22
2026-09-27T17:59:10.9987399Z go: downloading github.com/rivo/uniseg v0.4.7
2026-09-27T17:59:29.9146353Z ##[group]Run ./shell/packaging/test-installed-preview.ps1 -BrandId 'tunaos' -BuildId '9fee6d58ef97d368d861a37d7cbb1551dc6c3524' -PackageDirectory out/branded-preview -OutputDirectory out/preview-installer
2026-09-27T17:59:29.9147745Z [36;1m./shell/packaging/test-installed-preview.ps1 -BrandId 'tunaos' -BuildId '9fee6d58ef97d368d861a37d7cbb1551dc6c3524' -PackageDirectory out/branded-preview -OutputDirectory out/preview-installer[0m
2026-09-27T17:59:29.9211258Z shell: C:\Program Files\PowerShell\7\pwsh.EXE -command ". '{0}'"
2026-09-27T17:59:29.9211537Z env:
2026-09-27T17:59:29.9211698Z   DOTNET_ROOT: C:\Program Files\dotnet
2026-09-27T17:59:29.9211896Z   GOTOOLCHAIN: local
2026-09-27T17:59:29.9212828Z ##[endgroup]
2026-09-27T17:59:32.1607731Z PASS actual root-reparse mutant accepts unsafe path; exact source restored and refuses it
2026-09-27T17:59:32.1887419Z PASS actual manifest writer, exclusive preservation, missing resources, wrong brand, root/child reparse refusals
2026-09-27T17:59:33.9253327Z PASS actual uninstaller observation: retained timeout, changed identity, directory, missing, later removal
2026-09-27T17:59:36.8468978Z Inno Setup 7 Command-Line Compiler
2026-09-27T17:59:36.8469527Z Copyright (C) 1997-2026 Jordan Russell. All rights reserved.
2026-09-27T17:59:36.8470079Z Portions Copyright (C) 2000-2026 Martijn Laan. All rights reserved.
2026-09-27T17:59:36.8470810Z Portions Copyright (C) 2001-2004 Alex Yackimoff. All rights reserved.
2026-09-27T17:59:36.8471423Z https://www.innosetup.com
2026-09-27T17:59:36.8471639Z 
2026-09-27T17:59:36.8659146Z Compiler engine version: Inno Setup 7.1.0
2026-09-27T17:59:36.8659559Z Non-commercial use only
2026-09-27T17:59:36.8659943Z 
2026-09-27T17:59:36.8815276Z Preprocessing
2026-09-27T17:59:36.8817786Z    Reading file: C:\Users\RUNNER~1\AppData\Local\Temp\wootc-preview-packaging-7ad6ad0ef35843a286f8d706dca01cde\compiler\ISPPBuiltins.iss
2026-09-27T17:59:36.8825881Z Parsing [Setup] section, line 21
2026-09-27T17:59:36.8826271Z Parsing [Setup] section, line 22
2026-09-27T17:59:36.8826578Z Parsing [Setup] section, line 23
2026-09-27T17:59:36.8826873Z Parsing [Setup] section, line 24
2026-09-27T17:59:36.8827177Z Parsing [Setup] section, line 25
2026-09-27T17:59:36.8827505Z Parsing [Setup] section, line 26
2026-09-27T17:59:36.8827816Z Parsing [Setup] section, line 27
2026-09-27T17:59:36.8828125Z Parsing [Setup] section, line 28
2026-09-27T17:59:36.8828434Z Parsing [Setup] section, line 29
2026-09-27T17:59:36.8828732Z Parsing [Setup] section, line 30
2026-09-27T17:59:36.8829025Z Parsing [Setup] section, line 31
2026-09-27T17:59:36.8829338Z Parsing [Setup] section, line 32
2026-09-27T17:59:36.8829666Z Parsing [Setup] section, line 33
2026-09-27T17:59:36.8829943Z Parsing [Setup] section, line 34
2026-09-27T17:59:36.8830214Z Parsing [Setup] section, line 35
2026-09-27T17:59:36.8830490Z Parsing [Setup] section, line 36
2026-09-27T17:59:36.8830761Z Parsing [Setup] section, line 37
2026-09-27T17:59:36.8831050Z Parsing [Setup] section, line 38
2026-09-27T17:59:36.8831980Z Parsing [Setup] section, line 39
2026-09-27T17:59:36.8832878Z Reading file (WizardImageFile)
2026-09-27T17:59:36.8833343Z Reading file (WizardSmallImageFile)
2026-09-27T17:59:36.8833793Z Preparing Setup program executable
2026-09-27T17:59:36.9142964Z    Verification successful
2026-09-27T17:59:36.9166594Z    Updating icons (Setup.e32)
2026-09-27T17:59:36.9243519Z    Updating version info (Setup.e32)
2026-09-27T17:59:36.9257514Z Determining language code pages
2026-09-27T17:59:36.9258487Z    Reading file: C:\Users\RUNNER~1\AppData\Local\Temp\wootc-preview-packaging-7ad6ad0ef35843a286f8d706dca01cde\compiler\Default.isl
2026-09-27T17:59:36.9262762Z    Messages in script file
2026-09-27T17:59:36.9263079Z Reading default messages from Default.isl
2026-09-27T17:59:36.9267616Z Parsing [LangOptions], [Messages], and [CustomMessages] sections
2026-09-27T17:59:36.9270325Z    Reading file: C:\Users\RUNNER~1\AppData\Local\Temp\wootc-preview-packaging-7ad6ad0ef35843a286f8d706dca01cde\compiler\Default.isl
2026-09-27T17:59:36.9271254Z    Messages in script file
2026-09-27T17:59:36.9271564Z Reading [Code] section
2026-09-27T17:59:36.9271856Z Parsing [Icons] section, line 45
2026-09-27T17:59:36.9272193Z Parsing [Files] section, line 42
2026-09-27T17:59:36.9329458Z Compiling [Code] section
2026-09-27T17:59:36.9380711Z Creating setup files
2026-09-27T17:59:36.9451608Z    Verification successful
2026-09-27T17:59:36.9458316Z    Updating icons (Setup.exe)
2026-09-27T17:59:36.9481381Z    Compressing: \\?\D:\a\wootc\wootc\out\branded-preview\clretwrc.dll
2026-09-27T17:59:36.9510463Z    Compressing: \\?\D:\a\wootc\wootc\out\branded-preview\clrgc.dll
2026-09-27T17:59:36.9567365Z    Compressing: \\?\D:\a\wootc\wootc\out\branded-preview\clrjit.dll
2026-09-27T17:59:36.9713120Z    Compressing: \\?\D:\a\wootc\wootc\out\branded-preview\coreclr.dll
2026-09-27T17:59:37.0125098Z    Compressing: \\?\D:\a\wootc\wootc\out\branded-preview\CoreMessagingXP.dll
2026-09-27T17:59:37.0215595Z    Compressing: \\?\D:\a\wootc\wootc\out\branded-preview\createdump.exe
2026-09-27T17:59:37.0222264Z    Compressing: \\?\D:\a\wootc\wootc\out\branded-preview\dcompi.dll
2026-09-27T17:59:37.0525202Z    Compressing: \\?\D:\a\wootc\wootc\out\branded-preview\DirectML.dll
2026-09-27T17:59:40.7513744Z    Compressing: \\?\D:\a\wootc\wootc\out\branded-preview\dwmcorei.dll
2026-09-27T17:59:40.7757882Z    Compressing: \\?\D:\a\wootc\wootc\out\branded-preview\DwmSceneI.dll
2026-09-27T17:59:41.4708547Z    Compressing: \\?\D:\a\wootc\wootc\out\branded-preview\DWriteCore.dll
2026-09-27T17:59:41.5072207Z    Compressing: \\?\D:\a\wootc\wootc\out\branded-preview\hostfxr.dll
2026-09-27T17:59:41.5103833Z    Compressing: \\?\D:\a\wootc\wootc\out\branded-preview\hostpolicy.dll
2026-09-27T17:59:41.5157882Z    Compressing: \\?\D:\a\wootc\wootc\out\branded-preview\marshal.dll
2026-09-27T17:59:41.5224099Z    Compressing: \\?\D:\a\wootc\wootc\out\branded-preview\Microsoft.Asg.SemanticIndex.AiFabric.Compatibility.dll
2026-09-27T17:59:42.3666851Z    Compressing: \\?\D:\a\wootc\wootc\out\branded-preview\Microsoft.CSharp.dll
2026-09-27T17:59:42.3790475Z    Compressing: \\?\D:\a\wootc\wootc\out\branded-preview\Microsoft.DiaSymReader.Native.amd64.dll
2026-09-27T17:59:43.2800058Z    Compressing: \\?\D:\a\wootc\wootc\out\branded-preview\Microsoft.DirectManipulation.dll
2026-09-27T17:59:43.2889575Z    Compressing: \\?\D:\a\wootc\wootc\out\branded-preview\Microsoft.Foundation.winmd
2026-09-27T17:59:43.2891462Z    Compressing: \\?\D:\a\wootc\wootc\out\branded-preview\Microsoft.Graphics.Display.dll
2026-09-27T17:59:43.2921807Z    Compressing: \\?\D:\a\wootc\wootc\out\branded-preview\Microsoft.Graphics.Imaging.dll
2026-09-27T17:59:43.2940778Z    Compressing: \\?\D:\a\wootc\wootc\out\branded-preview\Microsoft.Graphics.Imaging.Projection.dll
2026-09-27T17:59:43.2944936Z    Compressing: \\?\D:\a\wootc\wootc\out\branded-preview\Microsoft.Graphics.Imaging.winmd
2026-09-27T17:59:43.2947734Z    Compressing: \\?\D:\a\wootc\wootc\out\branded-preview\Microsoft.Graphics.ImagingInternal.ImageObjectRemover.winmd
2026-09-27T17:59:43.2949696Z    Compressing: \\?\D:\a\wootc\wootc\out\branded-preview\Microsoft.Graphics.ImagingInternal.winmd
2026-09-27T17:59:43.2952350Z    Compressing: \\?\D:\a\wootc\wootc\out\branded-preview\Microsoft.Graphics.Internal.Imaging.winmd
2026-09-27T17:59:43.2955168Z    Compressing: \\?\D:\a\wootc\wootc\out\branded-preview\Microsoft.Graphics.winmd
2026-09-27T17:59:43.2958483Z    Compressing: \\?\D:\a\wootc\wootc\out\branded-preview\Microsoft.InputStateManager.dll
2026-09-27T17:59:43.3018924Z    Compressing: \\?\D:\a\wootc\wootc\out\branded-preview\Microsoft.InteractiveExperiences.Projection.dll
2026-09-27T17:59:44.2386391Z    Compressing: \\?\D:\a\wootc\wootc\out\branded-preview\Microsoft.Internal.FrameworkUdk.dll
2026-09-27T17:59:44.2520489Z    Compressing: \\?\D:\a\wootc\wootc\out\branded-preview\Microsoft.ML.OnnxRuntime.dll
2026-09-27T17:59:44.2557779Z    Compressing: \\?\D:\a\wootc\wootc\out\branded-preview\Microsoft.Security.Authentication.OAuth.Projection.dll
2026-09-27T17:59:44.2559096Z    Compressing: \\?\D:\a\wootc\wootc\out\branded-preview\Microsoft.Security.Authentication.OAuth.winmd
2026-09-27T17:59:44.2560412Z    Compressing: \\?\D:\a\wootc\wootc\out\branded-preview\Microsoft.UI.Composition.OSSupport.dll
2026-09-27T17:59:44.2561297Z    Compressing: \\?\D:\a\wootc\wootc\out\branded-preview\Microsoft.UI.Designer.dll
2026-09-27T17:59:44.2562074Z    Compressing: \\?\D:\a\wootc\wootc\out\branded-preview\Microsoft.UI.dll
2026-09-27T17:59:44.2574690Z    Compressing: \\?\D:\a\wootc\wootc\out\branded-preview\Microsoft.UI.Input.dll
2026-09-27T17:59:44.2708791Z    Compressing: \\?\D:\a\wootc\wootc\out\branded-preview\Microsoft.UI.pri
2026-09-27T17:59:44.2717241Z    Compressing: \\?\D:\a\wootc\wootc\out\branded-preview\Microsoft.UI.Text.winmd
2026-09-27T17:59:44.2720739Z    Compressing: \\?\D:\a\wootc\wootc\out\branded-preview\Microsoft.UI.Windowing.Core.dll
2026-09-27T17:59:44.2803315Z    Compressing: \\?\D:\a\wootc\wootc\out\branded-preview\Microsoft.UI.Windowing.dll
2026-09-27T17:59:44.2871353Z    Compressing: \\?\D:\a\wootc\wootc\out\branded-preview\Microsoft.UI.winmd
2026-09-27T17:59:45.0432480Z    Compressing: \\?\D:\a\wootc\wootc\out\branded-preview\Microsoft.UI.Xaml.Controls.dll
2026-09-27T17:59:45.9789432Z    Compressing: \\?\D:\a\wootc\wootc\out\branded-preview\Microsoft.UI.Xaml.Controls.pri
2026-09-27T17:59:45.9974722Z    Compressing: \\?\D:\a\wootc\wootc\out\branded-preview\Microsoft.ui.xaml.dll
2026-09-27T17:59:48.9066102Z    Compressing: \\?\D:\a\wootc\wootc\out\branded-preview\Microsoft.UI.Xaml.Internal.dll
2026-09-27T17:59:49.6320474Z    Compressing: \\?\D:\a\wootc\wootc\out\branded-preview\Microsoft.UI.Xaml.Phone.dll
2026-09-27T17:59:49.6413709Z    Compressing: \\?\D:\a\wootc\wootc\out\branded-preview\Microsoft.ui.xaml.resources.19h1.dll
2026-09-27T17:59:49.6506017Z    Compressing: \\?\D:\a\wootc\wootc\out\branded-preview\Microsoft.ui.xaml.resources.common.dll
2026-09-27T17:59:49.6511838Z    Compressing: \\?\D:\a\wootc\wootc\out\branded-preview\Microsoft.UI.Xaml.winmd
2026-09-27T17:59:49.6678106Z    Compressing: \\?\D:\a\wootc\wootc\out\branded-preview\Microsoft.VisualBasic.Core.dll
2026-09-27T17:59:50.2305838Z    Compressing: \\?\D:\a\wootc\wootc\out\branded-preview\Microsoft.VisualBasic.dll
2026-09-27T17:59:50.2307028Z    Compressing: \\?\D:\a\wootc\wootc\out\branded-preview\Microsoft.Web.WebView2.Core.dll
2026-09-27T17:59:50.2376182Z    Compressing: \\?\D:\a\wootc\wootc\out\branded-preview\Microsoft.Web.WebView2.Core.Projection.dll
2026-09-27T17:59:50.2433937Z    Compressing: \\?\D:\a\wootc\wootc\out\branded-preview\Microsoft.Win32.Primitives.dll
2026-09-27T17:59:50.2436118Z    Compressing: \\?\D:\a\wootc\wootc\out\branded-preview\Microsoft.Win32.Registry.dll
2026-09-27T17:59:50.2448004Z    Compressing: \\?\D:\a\wootc\wootc\out\branded-preview\Microsoft.Windows.AI.AICapabilities.dll
2026-09-27T17:59:50.2458069Z    Compressing: \\?\D:\a\wootc\wootc\out\branded-preview\Microsoft.Windows.AI.ContentModerationInternal.winmd
2026-09-27T17:59:50.2459676Z    Compressing: \\?\D:\a\wootc\wootc\out\branded-preview\Microsoft.Windows.AI.ContentSafety.dll
2026-09-27T17:59:50.2469438Z    Compressing: \\?\D:\a\wootc\wootc\out\branded-preview\Microsoft.Windows.AI.ContentSafety.Projection.dll
2026-09-27T17:59:50.2472980Z    Compressing: \\?\D:\a\wootc\wootc\out\branded-preview\Microsoft.Windows.AI.ContentSafety.winmd
2026-09-27T17:59:50.2475031Z    Compressing: \\?\D:\a\wootc\wootc\out\branded-preview\Microsoft.Windows.AI.Foundation.Projection.dll
2026-09-27T17:59:50.2477713Z    Compressing: \\?\D:\a\wootc\wootc\out\branded-preview\Microsoft.Windows.AI.Foundation.winmd
2026-09-27T17:59:50.2479453Z    Compressing: \\?\D:\a\wootc\wootc\out\branded-preview\Microsoft.Windows.AI.FoundationInternal.winmd
2026-09-27T17:59:50.2481151Z    Compressing: \\?\D:\a\wootc\wootc\out\branded-preview\Microsoft.Windows.AI.GenerativeInternal.winmd
2026-09-27T17:59:50.2484294Z    Compressing: \\?\D:\a\wootc\wootc\out\branded-preview\Microsoft.Windows.AI.Imaging.dll
2026-09-27T17:59:50.2547491Z    Compressing: \\?\D:\a\wootc\wootc\out\branded-preview\Microsoft.Windows.AI.Imaging.Projection.dll
2026-09-27T17:59:50.2554711Z    Compressing: \\?\D:\a\wootc\wootc\out\branded-preview\Microsoft.Windows.AI.Imaging.winmd
2026-09-27T17:59:50.2556997Z    Compressing: \\?\D:\a\wootc\wootc\out\branded-preview\Microsoft.Windows.AI.MachineLearning.dll
2026-09-27T17:59:50.2647903Z    Compressing: \\?\D:\a\wootc\wootc\out\branded-preview\Microsoft.Windows.AI.MachineLearning.Projection.dll
2026-09-27T17:59:50.2659877Z    Compressing: \\?\D:\a\wootc\wootc\out\branded-preview\Microsoft.Windows.AI.Projection.dll
2026-09-27T17:59:50.2664365Z    Compressing: \\?\D:\a\wootc\wootc\out\branded-preview\Microsoft.Windows.AI.Search.Experimental.dll
2026-09-27T17:59:50.8130057Z    Compressing: \\?\D:\a\wootc\wootc\out\branded-preview\Microsoft.Windows.AI.Text.dll
2026-09-27T17:59:50.8209811Z    Compressing: \\?\D:\a\wootc\wootc\out\branded-preview\Microsoft.Windows.AI.Text.Projection.dll
2026-09-27T17:59:50.8219988Z    Compressing: \\?\D:\a\wootc\wootc\out\branded-preview\Microsoft.Windows.AI.Text.winmd
2026-09-27T17:59:50.8223242Z    Compressing: \\?\D:\a\wootc\wootc\out\branded-preview\Microsoft.Windows.AI.Video.dll
2026-09-27T17:59:50.8272111Z    Compressing: \\?\D:\a\wootc\wootc\out\branded-preview\Microsoft.Windows.AI.Video.Projection.dll
2026-09-27T17:59:50.8276790Z    Compressing: \\?\D:\a\wootc\wootc\out\branded-preview\Microsoft.Windows.AI.Video.winmd
2026-09-27T17:59:50.8278689Z    Compressing: \\?\D:\a\wootc\wootc\out\branded-preview\Microsoft.Windows.AI.winmd
2026-09-27T17:59:50.8280994Z    Compressing: \\?\D:\a\wootc\wootc\out\branded-preview\Microsoft.Windows.ApplicationModel.Background.Projection.dll
2026-09-27T17:59:50.8284048Z    Compressing: \\?\D:\a\wootc\wootc\out\branded-preview\Microsoft.Windows.ApplicationModel.Background.UniversalBGTask.dll
2026-09-27T17:59:50.8294005Z    Compressing: \\?\D:\a\wootc\wootc\out\branded-preview\Microsoft.Windows.ApplicationModel.Background.UniversalBGTask.winmd
2026-09-27T17:59:50.8296299Z    Compressing: \\?\D:\a\wootc\wootc\out\branded-preview\Microsoft.Windows.ApplicationModel.Background.winmd
2026-09-27T17:59:50.8298486Z    Compressing: \\?\D:\a\wootc\wootc\out\branded-preview\Microsoft.Windows.ApplicationModel.DynamicDependency.Projection.dll
2026-09-27T17:59:50.8304850Z    Compressing: \\?\D:\a\wootc\wootc\out\branded-preview\Microsoft.Windows.ApplicationModel.DynamicDependency.winmd
2026-09-27T17:59:50.8307446Z    Compressing: \\?\D:\a\wootc\wootc\out\branded-preview\Microsoft.Windows.ApplicationModel.Resources.dll
2026-09-27T17:59:50.8321869Z    Compressing: \\?\D:\a\wootc\wootc\out\branded-preview\Microsoft.Windows.ApplicationModel.Resources.Projection.dll
2026-09-27T17:59:50.8328702Z    Compressing: \\?\D:\a\wootc\wootc\out\branded-preview\Microsoft.Windows.ApplicationModel.Resources.winmd
2026-09-27T17:59:50.8330828Z    Compressing: \\?\D:\a\wootc\wootc\out\branded-preview\Microsoft.Windows.ApplicationModel.WindowsAppRuntime.Projection.dll
2026-09-27T17:59:50.8335306Z    Compressing: \\?\D:\a\wootc\wootc\out\branded-preview\Microsoft.Windows.ApplicationModel.WindowsAppRuntime.winmd
2026-09-27T17:59:50.8338020Z    Compressing: \\?\D:\a\wootc\wootc\out\branded-preview\Microsoft.Windows.AppLifecycle.Projection.dll
2026-09-27T17:59:50.8341407Z    Compressing: \\?\D:\a\wootc\wootc\out\branded-preview\Microsoft.Windows.AppLifecycle.winmd
2026-09-27T17:59:50.8343616Z    Compressing: \\?\D:\a\wootc\wootc\out\branded-preview\Microsoft.Windows.AppNotifications.Builder.Projection.dll
2026-09-27T17:59:50.8350022Z    Compressing: \\?\D:\a\wootc\wootc\out\branded-preview\Microsoft.Windows.AppNotifications.Builder.winmd
2026-09-27T17:59:50.8352572Z    Compressing: \\?\D:\a\wootc\wootc\out\branded-preview\Microsoft.Windows.AppNotifications.Projection.dll
2026-09-27T17:59:50.8358544Z    Compressing: \\?\D:\a\wootc\wootc\out\branded-preview\Microsoft.Windows.AppNotifications.winmd
2026-09-27T17:59:50.8360320Z    Compressing: \\?\D:\a\wootc\wootc\out\branded-preview\Microsoft.Windows.BadgeNotifications.Projection.dll
2026-09-27T17:59:50.8362901Z    Compressing: \\?\D:\a\wootc\wootc\out\branded-preview\Microsoft.Windows.BadgeNotifications.winmd
2026-09-27T17:59:50.8364510Z    Compressing: \\?\D:\a\wootc\wootc\out\branded-preview\Microsoft.Windows.Foundation.Projection.dll
2026-09-27T17:59:50.8367484Z    Compressing: \\?\D:\a\wootc\wootc\out\branded-preview\Microsoft.Windows.Foundation.winmd
2026-09-27T17:59:50.8369640Z    Compressing: \\?\D:\a\wootc\wootc\out\branded-preview\Microsoft.Windows.Globalization.winmd
2026-09-27T17:59:50.8371318Z    Compressing: \\?\D:\a\wootc\wootc\out\branded-preview\Microsoft.Windows.ImageCreationInternal.winmd
2026-09-27T17:59:50.8373291Z    Compressing: \\?\D:\a\wootc\wootc\out\branded-preview\Microsoft.Windows.Internal.AI.ContentModeration.winmd
2026-09-27T17:59:50.8374943Z    Compressing: \\?\D:\a\wootc\wootc\out\branded-preview\Microsoft.Windows.Internal.AI.Generative.winmd
2026-09-27T17:59:50.8378060Z    Compressing: \\?\D:\a\wootc\wootc\out\branded-preview\Microsoft.Windows.Internal.ImageCreation.winmd
2026-09-27T17:59:50.8379317Z    Compressing: \\?\D:\a\wootc\wootc\out\branded-preview\Microsoft.Windows.Internal.SemanticSearch.winmd
2026-09-27T17:59:50.8381428Z    Compressing: \\?\D:\a\wootc\wootc\out\branded-preview\Microsoft.Windows.Internal.Vision.winmd
2026-09-27T17:59:50.8383287Z    Compressing: \\?\D:\a\wootc\wootc\out\branded-preview\Microsoft.Windows.Management.Deployment.Projection.dll
2026-09-27T17:59:50.8398205Z    Compressing: \\?\D:\a\wootc\wootc\out\branded-preview\Microsoft.Windows.Management.Deployment.winmd
2026-09-27T17:59:50.8401877Z    Compressing: \\?\D:\a\wootc\wootc\out\branded-preview\Microsoft.Windows.Media.Capture.Projection.dll
2026-09-27T17:59:50.8405477Z    Compressing: \\?\D:\a\wootc\wootc\out\branded-preview\Microsoft.Windows.Media.Capture.winmd
2026-09-27T17:59:50.8407745Z    Compressing: \\?\D:\a\wootc\wootc\out\branded-preview\Microsoft.Windows.Private.Workloads.SessionManager.winmd
2026-09-27T17:59:50.8409488Z    Compressing: \\?\D:\a\wootc\wootc\out\branded-preview\Microsoft.Windows.PrivateCommon.winmd
2026-09-27T17:59:50.8411359Z    Compressing: \\?\D:\a\wootc\wootc\out\branded-preview\Microsoft.Windows.PushNotifications.Projection.dll
2026-09-27T17:59:50.8415555Z    Compressing: \\?\D:\a\wootc\wootc\out\branded-preview\Microsoft.Windows.PushNotifications.winmd
2026-09-27T17:59:50.8417373Z    Compressing: \\?\D:\a\wootc\wootc\out\branded-preview\Microsoft.Windows.SDK.NET.dll
2026-09-27T17:59:54.1192920Z    Compressing: \\?\D:\a\wootc\wootc\out\branded-preview\Microsoft.Windows.Search.dll
2026-09-27T17:59:54.7007194Z    Compressing: \\?\D:\a\wootc\wootc\out\branded-preview\Microsoft.Windows.Search.Projection.dll
2026-09-27T17:59:54.7022932Z    Compressing: \\?\D:\a\wootc\wootc\out\branded-preview\Microsoft.Windows.Search.winmd
2026-09-27T17:59:54.7027386Z    Compressing: \\?\D:\a\wootc\wootc\out\branded-preview\Microsoft.Windows.Security.AccessControl.Projection.dll
2026-09-27T17:59:54.7029951Z    Compressing: \\?\D:\a\wootc\wootc\out\branded-preview\Microsoft.Windows.Security.AccessControl.winmd
2026-09-27T17:59:54.7032239Z    Compressing: \\?\D:\a\wootc\wootc\out\branded-preview\Microsoft.Windows.SemanticSearch.winmd
2026-09-27T17:59:54.7033653Z    Compressing: \\?\D:\a\wootc\wootc\out\branded-preview\Microsoft.Windows.SemanticSearchInternal.winmd
2026-09-27T17:59:54.7035983Z    Compressing: \\?\D:\a\wootc\wootc\out\branded-preview\Microsoft.Windows.Storage.Pickers.Projection.dll
2026-09-27T17:59:54.7041840Z    Compressing: \\?\D:\a\wootc\wootc\out\branded-preview\Microsoft.Windows.Storage.Pickers.winmd
2026-09-27T17:59:54.7044002Z    Compressing: \\?\D:\a\wootc\wootc\out\branded-preview\Microsoft.Windows.Storage.Projection.dll
2026-09-27T17:59:54.7048748Z    Compressing: \\?\D:\a\wootc\wootc\out\branded-preview\Microsoft.Windows.Storage.winmd
2026-09-27T17:59:54.7051382Z    Compressing: \\?\D:\a\wootc\wootc\out\branded-preview\Microsoft.Windows.System.Power.Projection.dll
2026-09-27T17:59:54.7054267Z    Compressing: \\?\D:\a\wootc\wootc\out\branded-preview\Microsoft.Windows.System.Power.winmd
2026-09-27T17:59:54.7056144Z    Compressing: \\?\D:\a\wootc\wootc\out\branded-preview\Microsoft.Windows.System.Projection.dll
2026-09-27T17:59:54.7058939Z    Compressing: \\?\D:\a\wootc\wootc\out\branded-preview\Microsoft.Windows.System.winmd
2026-09-27T17:59:54.7060741Z    Compressing: \\?\D:\a\wootc\wootc\out\branded-preview\Microsoft.Windows.Vision.winmd
2026-09-27T17:59:54.7062450Z    Compressing: \\?\D:\a\wootc\wootc\out\branded-preview\Microsoft.Windows.VisionInternal.winmd
2026-09-27T17:59:54.7064291Z    Compressing: \\?\D:\a\wootc\wootc\out\branded-preview\Microsoft.Windows.Widgets.dll
2026-09-27T17:59:54.7298683Z    Compressing: \\?\D:\a\wootc\wootc\out\branded-preview\Microsoft.Windows.Widgets.Projection.dll
2026-09-27T17:59:55.2770683Z    Compressing: \\?\D:\a\wootc\wootc\out\branded-preview\Microsoft.Windows.Widgets.winmd
2026-09-27T17:59:55.2774714Z    Compressing: \\?\D:\a\wootc\wootc\out\branded-preview\Microsoft.Windows.Workloads.dll
2026-09-27T17:59:55.2809713Z    Compressing: \\?\D:\a\wootc\wootc\out\branded-preview\Microsoft.Windows.Workloads.pri
2026-09-27T17:59:55.2810873Z    Compressing: \\?\D:\a\wootc\wootc\out\branded-preview\Microsoft.Windows.Workloads.Resources.dll
2026-09-27T17:59:55.2825269Z    Compressing: \\?\D:\a\wootc\wootc\out\branded-preview\Microsoft.Windows.Workloads.Resources_ec.dll
2026-09-27T17:59:55.2846558Z    Compressing: \\?\D:\a\wootc\wootc\out\branded-preview\Microsoft.Windows.Workloads.winmd
2026-09-27T17:59:55.2848721Z    Compressing: \\?\D:\a\wootc\wootc\out\branded-preview\Microsoft.WindowsAppRuntime.Bootstrap.dll
2026-09-27T17:59:55.2903552Z    Compressing: \\?\D:\a\wootc\wootc\out\branded-preview\Microsoft.WindowsAppRuntime.Bootstrap.Net.dll
2026-09-27T17:59:55.2906616Z    Compressing: \\?\D:\a\wootc\wootc\out\branded-preview\Microsoft.WindowsAppRuntime.dll
2026-09-27T17:59:55.3140068Z    Compressing: \\?\D:\a\wootc\wootc\out\branded-preview\Microsoft.WindowsAppRuntime.pri
2026-09-27T17:59:55.3141993Z    Compressing: \\?\D:\a\wootc\wootc\out\branded-preview\Microsoft.WinUI.dll
2026-09-27T17:59:56.5186913Z    Compressing: \\?\D:\a\wootc\wootc\out\branded-preview\MRM.dll
2026-09-27T17:59:56.5211441Z    Compressing: \\?\D:\a\wootc\wootc\out\branded-preview\mscordaccore.dll
2026-09-27T17:59:56.5324286Z    Compressing: \\?\D:\a\wootc\wootc\out\branded-preview\mscordaccore_amd64_amd64_8.0.3126.42015.dll
2026-09-27T17:59:56.5440094Z    Compressing: \\?\D:\a\wootc\wootc\out\branded-preview\mscordbi.dll
2026-09-27T17:59:57.0656330Z    Compressing: \\?\D:\a\wootc\wootc\out\branded-preview\mscorlib.dll
2026-09-27T17:59:57.0661521Z    Compressing: \\?\D:\a\wootc\wootc\out\branded-preview\mscorrc.dll
2026-09-27T17:59:57.0673813Z    Compressing: \\?\D:\a\wootc\wootc\out\branded-preview\msquic.dll
2026-09-27T17:59:57.0721305Z    Compressing: \\?\D:\a\wootc\wootc\out\branded-preview\native-package.json
2026-09-27T17:59:57.0725993Z    Compressing: \\?\D:\a\wootc\wootc\out\branded-preview\netstandard.dll
2026-09-27T17:59:57.0735367Z    Compressing: \\?\D:\a\wootc\wootc\out\branded-preview\NPUDetect.dll
2026-09-27T17:59:57.0762068Z    Compressing: \\?\D:\a\wootc\wootc\out\branded-preview\onnxruntime.dll
2026-09-27T18:00:00.4472332Z    Compressing: \\?\D:\a\wootc\wootc\out\branded-preview\PerceptiveStreaming.dll
2026-09-27T18:00:00.9533690Z    Compressing: \\?\D:\a\wootc\wootc\out\branded-preview\PushNotificationsLongRunningTask.ProxyStub.dll
2026-09-27T18:00:00.9538459Z    Compressing: \\?\D:\a\wootc\wootc\out\branded-preview\RestartAgent.exe
2026-09-27T18:00:00.9549534Z    Compressing: \\?\D:\a\wootc\wootc\out\branded-preview\SessionHandleIPCProxyStub.dll
2026-09-27T18:00:00.9555408Z    Compressing: \\?\D:\a\wootc\wootc\out\branded-preview\System.AppContext.dll
2026-09-27T18:00:00.9558453Z    Compressing: \\?\D:\a\wootc\wootc\out\branded-preview\System.Buffers.dll
2026-09-27T18:00:00.9560901Z    Compressing: \\?\D:\a\wootc\wootc\out\branded-preview\System.Collections.Concurrent.dll
2026-09-27T18:00:00.9601350Z    Compressing: \\?\D:\a\wootc\wootc\out\branded-preview\System.Collections.dll
2026-09-27T18:00:00.9635428Z    Compressing: \\?\D:\a\wootc\wootc\out\branded-preview\System.Collections.Immutable.dll
2026-09-27T18:00:00.9750417Z    Compressing: \\?\D:\a\wootc\wootc\out\branded-preview\System.Collections.NonGeneric.dll
2026-09-27T18:00:00.9764888Z    Compressing: \\?\D:\a\wootc\wootc\out\branded-preview\System.Collections.Specialized.dll
2026-09-27T18:00:00.9779800Z    Compressing: \\?\D:\a\wootc\wootc\out\branded-preview\System.ComponentModel.Annotations.dll
2026-09-27T18:00:00.9804795Z    Compressing: \\?\D:\a\wootc\wootc\out\branded-preview\System.ComponentModel.DataAnnotations.dll
2026-09-27T18:00:00.9806591Z    Compressing: \\?\D:\a\wootc\wootc\out\branded-preview\System.ComponentModel.dll
2026-09-27T18:00:00.9809654Z    Compressing: \\?\D:\a\wootc\wootc\out\branded-preview\System.ComponentModel.EventBasedAsync.dll
2026-09-27T18:00:00.9814137Z    Compressing: \\?\D:\a\wootc\wootc\out\branded-preview\System.ComponentModel.Primitives.dll
2026-09-27T18:00:00.9821106Z    Compressing: \\?\D:\a\wootc\wootc\out\branded-preview\System.ComponentModel.TypeConverter.dll
2026-09-27T18:00:00.9883000Z    Compressing: \\?\D:\a\wootc\wootc\out\branded-preview\System.Configuration.dll
2026-09-27T18:00:00.9884949Z    Compressing: \\?\D:\a\wootc\wootc\out\branded-preview\System.Console.dll
2026-09-27T18:00:00.9899542Z    Compressing: \\?\D:\a\wootc\wootc\out\branded-preview\System.Core.dll
2026-09-27T18:00:00.9901834Z    Compressing: \\?\D:\a\wootc\wootc\out\branded-preview\System.Data.Common.dll
2026-09-27T18:00:01.5105339Z    Compressing: \\?\D:\a\wootc\wootc\out\branded-preview\System.Data.DataSetExtensions.dll
2026-09-27T18:00:01.5107384Z    Compressing: \\?\D:\a\wootc\wootc\out\branded-preview\System.Data.dll
2026-09-27T18:00:01.5110236Z    Compressing: \\?\D:\a\wootc\wootc\out\branded-preview\System.Diagnostics.Contracts.dll
2026-09-27T18:00:01.5111977Z    Compressing: \\?\D:\a\wootc\wootc\out\branded-preview\System.Diagnostics.Debug.dll
2026-09-27T18:00:01.5113920Z    Compressing: \\?\D:\a\wootc\wootc\out\branded-preview\System.Diagnostics.DiagnosticSource.dll
2026-09-27T18:00:01.5148358Z    Compressing: \\?\D:\a\wootc\wootc\out\branded-preview\System.Diagnostics.FileVersionInfo.dll
2026-09-27T18:00:01.5152654Z    Compressing: \\?\D:\a\wootc\wootc\out\branded-preview\System.Diagnostics.Process.dll
2026-09-27T18:00:01.5180737Z    Compressing: \\?\D:\a\wootc\wootc\out\branded-preview\System.Diagnostics.StackTrace.dll
2026-09-27T18:00:01.5185282Z    Compressing: \\?\D:\a\wootc\wootc\out\branded-preview\System.Diagnostics.TextWriterTraceListener.dll
2026-09-27T18:00:01.5191307Z    Compressing: \\?\D:\a\wootc\wootc\out\branded-preview\System.Diagnostics.Tools.dll
2026-09-27T18:00:01.5193187Z    Compressing: \\?\D:\a\wootc\wootc\out\branded-preview\System.Diagnostics.TraceSource.dll
2026-09-27T18:00:01.5205459Z    Compressing: \\?\D:\a\wootc\wootc\out\branded-preview\System.Diagnostics.Tracing.dll
2026-09-27T18:00:01.5207856Z    Compressing: \\?\D:\a\wootc\wootc\out\branded-preview\System.dll
2026-09-27T18:00:01.5212249Z    Compressing: \\?\D:\a\wootc\wootc\out\branded-preview\System.Drawing.dll
2026-09-27T18:00:01.5214734Z    Compressing: \\?\D:\a\wootc\wootc\out\branded-preview\System.Drawing.Primitives.dll
2026-09-27T18:00:01.5225845Z    Compressing: \\?\D:\a\wootc\wootc\out\branded-preview\System.Dynamic.Runtime.dll
2026-09-27T18:00:01.5228101Z    Compressing: \\?\D:\a\wootc\wootc\out\branded-preview\System.Formats.Asn1.dll
2026-09-27T18:00:01.5249502Z    Compressing: \\?\D:\a\wootc\wootc\out\branded-preview\System.Formats.Tar.dll
2026-09-27T18:00:01.5272705Z    Compressing: \\?\D:\a\wootc\wootc\out\branded-preview\System.Globalization.Calendars.dll
2026-09-27T18:00:01.5274819Z    Compressing: \\?\D:\a\wootc\wootc\out\branded-preview\System.Globalization.dll
2026-09-27T18:00:01.5276628Z    Compressing: \\?\D:\a\wootc\wootc\out\branded-preview\System.Globalization.Extensions.dll
2026-09-27T18:00:01.5278783Z    Compressing: \\?\D:\a\wootc\wootc\out\branded-preview\System.IO.Compression.Brotli.dll
2026-09-27T18:00:01.5286238Z    Compressing: \\?\D:\a\wootc\wootc\out\branded-preview\System.IO.Compression.dll
2026-09-27T18:00:01.5308778Z    Compressing: \\?\D:\a\wootc\wootc\out\branded-preview\System.IO.Compression.FileSystem.dll
2026-09-27T18:00:01.5310553Z    Compressing: \\?\D:\a\wootc\wootc\out\branded-preview\System.IO.Compression.Native.dll
2026-09-27T18:00:01.5380015Z    Compressing: \\?\D:\a\wootc\wootc\out\branded-preview\System.IO.Compression.ZipFile.dll
2026-09-27T18:00:01.5384965Z    Compressing: \\?\D:\a\wootc\wootc\out\branded-preview\System.IO.dll
2026-09-27T18:00:01.5387605Z    Compressing: \\?\D:\a\wootc\wootc\out\branded-preview\System.IO.FileSystem.AccessControl.dll
2026-09-27T18:00:01.5396704Z    Compressing: \\?\D:\a\wootc\wootc\out\branded-preview\System.IO.FileSystem.dll
2026-09-27T18:00:01.5398736Z    Compressing: \\?\D:\a\wootc\wootc\out\branded-preview\System.IO.FileSystem.DriveInfo.dll
2026-09-27T18:00:01.5405049Z    Compressing: \\?\D:\a\wootc\wootc\out\branded-preview\System.IO.FileSystem.Primitives.dll
2026-09-27T18:00:01.5409415Z    Compressing: \\?\D:\a\wootc\wootc\out\branded-preview\System.IO.FileSystem.Watcher.dll
2026-09-27T18:00:01.5416710Z    Compressing: \\?\D:\a\wootc\wootc\out\branded-preview\System.IO.IsolatedStorage.dll
2026-09-27T18:00:01.5425475Z    Compressing: \\?\D:\a\wootc\wootc\out\branded-preview\System.IO.MemoryMappedFiles.dll
2026-09-27T18:00:01.5433587Z    Compressing: \\?\D:\a\wootc\wootc\out\branded-preview\System.IO.Pipes.AccessControl.dll
2026-09-27T18:00:01.5436206Z    Compressing: \\?\D:\a\wootc\wootc\out\branded-preview\System.IO.Pipes.dll
2026-09-27T18:00:02.2238525Z    Compressing: \\?\D:\a\wootc\wootc\out\branded-preview\System.IO.UnmanagedMemoryStream.dll
2026-09-27T18:00:02.2240257Z    Compressing: \\?\D:\a\wootc\wootc\out\branded-preview\System.Linq.dll
2026-09-27T18:00:02.2308253Z    Compressing: \\?\D:\a\wootc\wootc\out\branded-preview\System.Linq.Expressions.dll
2026-09-27T18:00:02.2636075Z    Compressing: \\?\D:\a\wootc\wootc\out\branded-preview\System.Linq.Parallel.dll
2026-09-27T18:00:02.9162654Z    Compressing: \\?\D:\a\wootc\wootc\out\branded-preview\System.Linq.Queryable.dll
2026-09-27T18:00:02.9182988Z    Compressing: \\?\D:\a\wootc\wootc\out\branded-preview\System.Memory.dll
2026-09-27T18:00:02.9201566Z    Compressing: \\?\D:\a\wootc\wootc\out\branded-preview\System.Net.dll
2026-09-27T18:00:02.9203971Z    Compressing: \\?\D:\a\wootc\wootc\out\branded-preview\System.Net.Http.dll
2026-09-27T18:00:02.9366005Z    Compressing: \\?\D:\a\wootc\wootc\out\branded-preview\System.Net.Http.Json.dll
2026-09-27T18:00:02.9377603Z    Compressing: \\?\D:\a\wootc\wootc\out\branded-preview\System.Net.HttpListener.dll
2026-09-27T18:00:02.9422645Z    Compressing: \\?\D:\a\wootc\wootc\out\branded-preview\System.Net.Mail.dll
2026-09-27T18:00:02.9457513Z    Compressing: \\?\D:\a\wootc\wootc\out\branded-preview\System.Net.NameResolution.dll
2026-09-27T18:00:02.9467606Z    Compressing: \\?\D:\a\wootc\wootc\out\branded-preview\System.Net.NetworkInformation.dll
2026-09-27T18:00:02.9480939Z    Compressing: \\?\D:\a\wootc\wootc\out\branded-preview\System.Net.Ping.dll
2026-09-27T18:00:02.9489699Z    Compressing: \\?\D:\a\wootc\wootc\out\branded-preview\System.Net.Primitives.dll
2026-09-27T18:00:02.9509168Z    Compressing: \\?\D:\a\wootc\wootc\out\branded-preview\System.Net.Quic.dll
2026-09-27T18:00:02.9536998Z    Compressing: \\?\D:\a\wootc\wootc\out\branded-preview\System.Net.Requests.dll
2026-09-27T18:00:02.9579060Z    Compressing: \\?\D:\a\wootc\wootc\out\branded-preview\System.Net.Security.dll
2026-09-27T18:00:03.5626762Z    Compressing: \\?\D:\a\wootc\wootc\out\branded-preview\System.Net.ServicePoint.dll
2026-09-27T18:00:03.5633093Z    Compressing: \\?\D:\a\wootc\wootc\out\branded-preview\System.Net.Sockets.dll
2026-09-27T18:00:03.5699385Z    Compressing: \\?\D:\a\wootc\wootc\out\branded-preview\System.Net.WebClient.dll
2026-09-27T18:00:03.5720887Z    Compressing: \\?\D:\a\wootc\wootc\out\branded-preview\System.Net.WebHeaderCollection.dll
2026-09-27T18:00:03.5730031Z    Compressing: \\?\D:\a\wootc\wootc\out\branded-preview\System.Net.WebProxy.dll
2026-09-27T18:00:03.5735968Z    Compressing: \\?\D:\a\wootc\wootc\out\branded-preview\System.Net.WebSockets.Client.dll
2026-09-27T18:00:03.5748281Z    Compressing: \\?\D:\a\wootc\wootc\out\branded-preview\System.Net.WebSockets.dll
2026-09-27T18:00:03.5771514Z    Compressing: \\?\D:\a\wootc\wootc\out\branded-preview\System.Numerics.dll
2026-09-27T18:00:03.5773883Z    Compressing: \\?\D:\a\wootc\wootc\out\branded-preview\System.Numerics.Tensors.dll
2026-09-27T18:00:03.5871738Z    Compressing: \\?\D:\a\wootc\wootc\out\branded-preview\System.Numerics.Vectors.dll
2026-09-27T18:00:03.5872767Z    Compressing: \\?\D:\a\wootc\wootc\out\branded-preview\System.ObjectModel.dll
2026-09-27T18:00:03.5873936Z    Compressing: \\?\D:\a\wootc\wootc\out\branded-preview\System.Private.CoreLib.dll
2026-09-27T18:00:05.6331762Z    Compressing: \\?\D:\a\wootc\wootc\out\branded-preview\System.Private.DataContractSerialization.dll
2026-09-27T18:00:05.6500564Z    Compressing: \\?\D:\a\wootc\wootc\out\branded-preview\System.Private.Uri.dll
2026-09-27T18:00:05.6522728Z    Compressing: \\?\D:\a\wootc\wootc\out\branded-preview\System.Private.Xml.dll
2026-09-27T18:00:06.9034388Z    Compressing: \\?\D:\a\wootc\wootc\out\branded-preview\System.Private.Xml.Linq.dll
2026-09-27T18:00:06.9073358Z    Compressing: \\?\D:\a\wootc\wootc\out\branded-preview\System.Reflection.DispatchProxy.dll
2026-09-27T18:00:06.9077896Z    Compressing: \\?\D:\a\wootc\wootc\out\branded-preview\System.Reflection.dll
2026-09-27T18:00:06.9081041Z    Compressing: \\?\D:\a\wootc\wootc\out\branded-preview\System.Reflection.Emit.dll
2026-09-27T18:00:06.9099312Z    Compressing: \\?\D:\a\wootc\wootc\out\branded-preview\System.Reflection.Emit.ILGeneration.dll
2026-09-27T18:00:06.9101991Z    Compressing: \\?\D:\a\wootc\wootc\out\branded-preview\System.Reflection.Emit.Lightweight.dll
2026-09-27T18:00:06.9104621Z    Compressing: \\?\D:\a\wootc\wootc\out\branded-preview\System.Reflection.Extensions.dll
2026-09-27T18:00:06.9107133Z    Compressing: \\?\D:\a\wootc\wootc\out\branded-preview\System.Reflection.Metadata.dll
2026-09-27T18:00:06.9242194Z    Compressing: \\?\D:\a\wootc\wootc\out\branded-preview\System.Reflection.Primitives.dll
2026-09-27T18:00:06.9244242Z    Compressing: \\?\D:\a\wootc\wootc\out\branded-preview\System.Reflection.TypeExtensions.dll
2026-09-27T18:00:06.9248299Z    Compressing: \\?\D:\a\wootc\wootc\out\branded-preview\System.Resources.Reader.dll
2026-09-27T18:00:06.9250499Z    Compressing: \\?\D:\a\wootc\wootc\out\branded-preview\System.Resources.ResourceManager.dll
2026-09-27T18:00:06.9252416Z    Compressing: \\?\D:\a\wootc\wootc\out\branded-preview\System.Resources.Writer.dll
2026-09-27T18:00:06.9257567Z    Compressing: \\?\D:\a\wootc\wootc\out\branded-preview\System.Runtime.CompilerServices.Unsafe.dll
2026-09-27T18:00:06.9259523Z    Compressing: \\?\D:\a\wootc\wootc\out\branded-preview\System.Runtime.CompilerServices.VisualC.dll
2026-09-27T18:00:06.9262451Z    Compressing: \\?\D:\a\wootc\wootc\out\branded-preview\System.Runtime.dll
2026-09-27T18:00:06.9266746Z    Compressing: \\?\D:\a\wootc\wootc\out\branded-preview\System.Runtime.Extensions.dll
2026-09-27T18:00:06.9269291Z    Compressing: \\?\D:\a\wootc\wootc\out\branded-preview\System.Runtime.Handles.dll
2026-09-27T18:00:06.9271233Z    Compressing: \\?\D:\a\wootc\wootc\out\branded-preview\System.Runtime.InteropServices.dll
2026-09-27T18:00:06.9281717Z    Compressing: \\?\D:\a\wootc\wootc\out\branded-preview\System.Runtime.InteropServices.JavaScript.dll
2026-09-27T18:00:06.9287002Z    Compressing: \\?\D:\a\wootc\wootc\out\branded-preview\System.Runtime.InteropServices.RuntimeInformation.dll
2026-09-27T18:00:06.9289659Z    Compressing: \\?\D:\a\wootc\wootc\out\branded-preview\System.Runtime.Intrinsics.dll
2026-09-27T18:00:06.9290557Z    Compressing: \\?\D:\a\wootc\wootc\out\branded-preview\System.Runtime.Loader.dll
2026-09-27T18:00:06.9292891Z    Compressing: \\?\D:\a\wootc\wootc\out\branded-preview\System.Runtime.Numerics.dll
2026-09-27T18:00:06.9321180Z    Compressing: \\?\D:\a\wootc\wootc\out\branded-preview\System.Runtime.Serialization.dll
2026-09-27T18:00:06.9323363Z    Compressing: \\?\D:\a\wootc\wootc\out\branded-preview\System.Runtime.Serialization.Formatters.dll
2026-09-27T18:00:06.9351951Z    Compressing: \\?\D:\a\wootc\wootc\out\branded-preview\System.Runtime.Serialization.Json.dll
2026-09-27T18:00:06.9354313Z    Compressing: \\?\D:\a\wootc\wootc\out\branded-preview\System.Runtime.Serialization.Primitives.dll
2026-09-27T18:00:06.9358057Z    Compressing: \\?\D:\a\wootc\wootc\out\branded-preview\System.Runtime.Serialization.Xml.dll
2026-09-27T18:00:06.9360145Z    Compressing: \\?\D:\a\wootc\wootc\out\branded-preview\System.Security.AccessControl.dll
2026-09-27T18:00:06.9380270Z    Compressing: \\?\D:\a\wootc\wootc\out\branded-preview\System.Security.Claims.dll
2026-09-27T18:00:06.9390196Z    Compressing: \\?\D:\a\wootc\wootc\out\branded-preview\System.Security.Cryptography.Algorithms.dll
2026-09-27T18:00:06.9392486Z    Compressing: \\?\D:\a\wootc\wootc\out\branded-preview\System.Security.Cryptography.Cng.dll
2026-09-27T18:00:06.9394471Z    Compressing: \\?\D:\a\wootc\wootc\out\branded-preview\System.Security.Cryptography.Csp.dll
2026-09-27T18:00:06.9396402Z    Compressing: \\?\D:\a\wootc\wootc\out\branded-preview\System.Security.Cryptography.dll
2026-09-27T18:00:07.4995332Z    Compressing: \\?\D:\a\wootc\wootc\out\branded-preview\System.Security.Cryptography.Encoding.dll
2026-09-27T18:00:07.4997460Z    Compressing: \\?\D:\a\wootc\wootc\out\branded-preview\System.Security.Cryptography.OpenSsl.dll
2026-09-27T18:00:07.4999948Z    Compressing: \\?\D:\a\wootc\wootc\out\branded-preview\System.Security.Cryptography.Primitives.dll
2026-09-27T18:00:07.5002342Z    Compressing: \\?\D:\a\wootc\wootc\out\branded-preview\System.Security.Cryptography.X509Certificates.dll
2026-09-27T18:00:07.5004827Z    Compressing: \\?\D:\a\wootc\wootc\out\branded-preview\System.Security.dll
2026-09-27T18:00:07.5007800Z    Compressing: \\?\D:\a\wootc\wootc\out\branded-preview\System.Security.Principal.dll
2026-09-27T18:00:07.5010183Z    Compressing: \\?\D:\a\wootc\wootc\out\branded-preview\System.Security.Principal.Windows.dll
2026-09-27T18:00:07.5035224Z    Compressing: \\?\D:\a\wootc\wootc\out\branded-preview\System.Security.SecureString.dll
2026-09-27T18:00:07.5036279Z    Compressing: \\?\D:\a\wootc\wootc\out\branded-preview\System.ServiceModel.Web.dll
2026-09-27T18:00:07.5038386Z    Compressing: \\?\D:\a\wootc\wootc\out\branded-preview\System.ServiceProcess.dll
2026-09-27T18:00:07.5040923Z    Compressing: \\?\D:\a\wootc\wootc\out\branded-preview\System.Text.Encoding.CodePages.dll
2026-09-27T18:00:07.5120924Z    Compressing: \\?\D:\a\wootc\wootc\out\branded-preview\System.Text.Encoding.dll
2026-09-27T18:00:07.5122688Z    Compressing: \\?\D:\a\wootc\wootc\out\branded-preview\System.Text.Encoding.Extensions.dll
2026-09-27T18:00:07.5125391Z    Compressing: \\?\D:\a\wootc\wootc\out\branded-preview\System.Text.Encodings.Web.dll
2026-09-27T18:00:07.5137152Z    Compressing: \\?\D:\a\wootc\wootc\out\branded-preview\System.Text.Json.dll
2026-09-27T18:00:07.5258811Z    Compressing: \\?\D:\a\wootc\wootc\out\branded-preview\System.Text.RegularExpressions.dll
2026-09-27T18:00:07.5343308Z    Compressing: \\?\D:\a\wootc\wootc\out\branded-preview\System.Threading.Channels.dll
2026-09-27T18:00:07.5354912Z    Compressing: \\?\D:\a\wootc\wootc\out\branded-preview\System.Threading.dll
2026-09-27T18:00:08.0831204Z    Compressing: \\?\D:\a\wootc\wootc\out\branded-preview\System.Threading.Overlapped.dll
2026-09-27T18:00:08.0838950Z    Compressing: \\?\D:\a\wootc\wootc\out\branded-preview\System.Threading.Tasks.Dataflow.dll
2026-09-27T18:00:08.0893335Z    Compressing: \\?\D:\a\wootc\wootc\out\branded-preview\System.Threading.Tasks.dll
2026-09-27T18:00:08.0897540Z    Compressing: \\?\D:\a\wootc\wootc\out\branded-preview\System.Threading.Tasks.Extensions.dll
2026-09-27T18:00:08.0898845Z    Compressing: \\?\D:\a\wootc\wootc\out\branded-preview\System.Threading.Tasks.Parallel.dll
2026-09-27T18:00:08.0914859Z    Compressing: \\?\D:\a\wootc\wootc\out\branded-preview\System.Threading.Thread.dll
2026-09-27T18:00:08.0917691Z    Compressing: \\?\D:\a\wootc\wootc\out\branded-preview\System.Threading.ThreadPool.dll
2026-09-27T18:00:08.0919750Z    Compressing: \\?\D:\a\wootc\wootc\out\branded-preview\System.Threading.Timer.dll
2026-09-27T18:00:08.0921616Z    Compressing: \\?\D:\a\wootc\wootc\out\branded-preview\System.Transactions.dll
2026-09-27T18:00:08.0923638Z    Compressing: \\?\D:\a\wootc\wootc\out\branded-preview\System.Transactions.Local.dll
2026-09-27T18:00:08.0978604Z    Compressing: \\?\D:\a\wootc\wootc\out\branded-preview\System.ValueTuple.dll
2026-09-27T18:00:08.0980134Z    Compressing: \\?\D:\a\wootc\wootc\out\branded-preview\System.Web.dll
2026-09-27T18:00:08.0982049Z    Compressing: \\?\D:\a\wootc\wootc\out\branded-preview\System.Web.HttpUtility.dll
2026-09-27T18:00:08.0987410Z    Compressing: \\?\D:\a\wootc\wootc\out\branded-preview\System.Windows.dll
2026-09-27T18:00:08.0989224Z    Compressing: \\?\D:\a\wootc\wootc\out\branded-preview\System.Xml.dll
2026-09-27T18:00:08.0991829Z    Compressing: \\?\D:\a\wootc\wootc\out\branded-preview\System.Xml.Linq.dll
2026-09-27T18:00:08.0993644Z    Compressing: \\?\D:\a\wootc\wootc\out\branded-preview\System.Xml.ReaderWriter.dll
2026-09-27T18:00:08.0995970Z    Compressing: \\?\D:\a\wootc\wootc\out\branded-preview\System.Xml.Serialization.dll
2026-09-27T18:00:08.0998487Z    Compressing: \\?\D:\a\wootc\wootc\out\branded-preview\System.Xml.XDocument.dll
2026-09-27T18:00:08.1000843Z    Compressing: \\?\D:\a\wootc\wootc\out\branded-preview\System.Xml.XmlDocument.dll
2026-09-27T18:00:08.1003404Z    Compressing: \\?\D:\a\wootc\wootc\out\branded-preview\System.Xml.XmlSerializer.dll
2026-09-27T18:00:08.1006211Z    Compressing: \\?\D:\a\wootc\wootc\out\branded-preview\System.Xml.XPath.dll
2026-09-27T18:00:08.1008547Z    Compressing: \\?\D:\a\wootc\wootc\out\branded-preview\System.Xml.XPath.XDocument.dll
2026-09-27T18:00:08.1012042Z    Compressing: \\?\D:\a\wootc\wootc\out\branded-preview\WebView2Loader.dll
2026-09-27T18:00:08.1025589Z    Compressing: \\?\D:\a\wootc\wootc\out\branded-preview\WindowsBase.dll
2026-09-27T18:00:08.1027426Z    Compressing: \\?\D:\a\wootc\wootc\out\branded-preview\WinRT.Runtime.dll
2026-09-27T18:00:08.1070480Z    Compressing: \\?\D:\a\wootc\wootc\out\branded-preview\WinUIEdit.dll
2026-09-27T18:00:08.7574234Z    Compressing: \\?\D:\a\wootc\wootc\out\branded-preview\wootc-engine.exe
2026-09-27T18:00:10.2984391Z    Compressing: \\?\D:\a\wootc\wootc\out\branded-preview\Wootc.Shell.Core.dll
2026-09-27T18:00:10.2990681Z    Compressing: \\?\D:\a\wootc\wootc\out\branded-preview\Wootc.Shell.Core.pdb
2026-09-27T18:00:10.2993146Z    Compressing: \\?\D:\a\wootc\wootc\out\branded-preview\Wootc.Shell.deps.json
2026-09-27T18:00:10.2996698Z    Compressing: \\?\D:\a\wootc\wootc\out\branded-preview\Wootc.Shell.dll
2026-09-27T18:00:10.3012287Z    Compressing: \\?\D:\a\wootc\wootc\out\branded-preview\Wootc.Shell.exe
2026-09-27T18:00:10.3036602Z    Compressing: \\?\D:\a\wootc\wootc\out\branded-preview\Wootc.Shell.Native.dll
2026-09-27T18:00:10.3041763Z    Compressing: \\?\D:\a\wootc\wootc\out\branded-preview\Wootc.Shell.Native.pdb
2026-09-27T18:00:10.3043786Z    Compressing: \\?\D:\a\wootc\wootc\out\branded-preview\Wootc.Shell.pdb
2026-09-27T18:00:10.3046514Z    Compressing: \\?\D:\a\wootc\wootc\out\branded-preview\Wootc.Shell.pri
2026-09-27T18:00:10.7115011Z    Compressing: \\?\D:\a\wootc\wootc\out\branded-preview\Wootc.Shell.runtimeconfig.json
2026-09-27T18:00:10.7116002Z    Compressing: \\?\D:\a\wootc\wootc\out\branded-preview\workloads.365.json
2026-09-27T18:00:10.7117295Z    Compressing: \\?\D:\a\wootc\wootc\out\branded-preview\workloads.j32.json
2026-09-27T18:00:10.7118015Z    Compressing: \\?\D:\a\wootc\wootc\out\branded-preview\workloads.json
2026-09-27T18:00:10.7119198Z    Compressing: \\?\D:\a\wootc\wootc\out\branded-preview\workloads.lnl.json
2026-09-27T18:00:10.7121440Z    Compressing: \\?\D:\a\wootc\wootc\out\branded-preview\workloads.qnn.json
2026-09-27T18:00:10.7123237Z    Compressing: \\?\D:\a\wootc\wootc\out\branded-preview\workloads.stx.json
2026-09-27T18:00:10.7125161Z    Compressing: \\?\D:\a\wootc\wootc\out\branded-preview\wuceffectsi.dll
2026-09-27T18:00:10.7167972Z    Compressing: \\?\D:\a\wootc\wootc\out\branded-preview\af-ZA\Microsoft.ui.xaml.dll.mui
2026-09-27T18:00:10.7170670Z    Compressing: \\?\D:\a\wootc\wootc\out\branded-preview\af-ZA\Microsoft.UI.Xaml.Phone.dll.mui
2026-09-27T18:00:10.7172422Z    Compressing: \\?\D:\a\wootc\wootc\out\branded-preview\am-ET\Microsoft.ui.xaml.dll.mui
2026-09-27T18:00:10.7175325Z    Compressing: \\?\D:\a\wootc\wootc\out\branded-preview\am-ET\Microsoft.UI.Xaml.Phone.dll.mui
2026-09-27T18:00:10.7176877Z    Compressing: \\?\D:\a\wootc\wootc\out\branded-preview\ar-SA\Microsoft.ui.xaml.dll.mui
2026-09-27T18:00:10.7179987Z    Compressing: \\?\D:\a\wootc\wootc\out\branded-preview\ar-SA\Microsoft.UI.Xaml.Phone.dll.mui
2026-09-27T18:00:10.7181513Z    Compressing: \\?\D:\a\wootc\wootc\out\branded-preview\as-IN\Microsoft.ui.xaml.dll.mui
2026-09-27T18:00:10.7184295Z    Compressing: \\?\D:\a\wootc\wootc\out\branded-preview\as-IN\Microsoft.UI.Xaml.Phone.dll.mui
2026-09-27T18:00:10.7186139Z    Compressing: \\?\D:\a\wootc\wootc\out\branded-preview\az-Latn-AZ\Microsoft.ui.xaml.dll.mui
2026-09-27T18:00:10.7188984Z    Compressing: \\?\D:\a\wootc\wootc\out\branded-preview\az-Latn-AZ\Microsoft.UI.Xaml.Phone.dll.mui
2026-09-27T18:00:10.7190690Z    Compressing: \\?\D:\a\wootc\wootc\out\branded-preview\bg-BG\Microsoft.ui.xaml.dll.mui
2026-09-27T18:00:10.7193692Z    Compressing: \\?\D:\a\wootc\wootc\out\branded-preview\bg-BG\Microsoft.UI.Xaml.Phone.dll.mui
2026-09-27T18:00:10.7195625Z    Compressing: \\?\D:\a\wootc\wootc\out\branded-preview\bn-IN\Microsoft.ui.xaml.dll.mui
2026-09-27T18:00:10.7198259Z    Compressing: \\?\D:\a\wootc\wootc\out\branded-preview\bn-IN\Microsoft.UI.Xaml.Phone.dll.mui
2026-09-27T18:00:10.7199953Z    Compressing: \\?\D:\a\wootc\wootc\out\branded-preview\Branding\brand.json
2026-09-27T18:00:10.7214400Z    Compressing: \\?\D:\a\wootc\wootc\out\branded-preview\bs-Latn-BA\Microsoft.ui.xaml.dll.mui
2026-09-27T18:00:10.7217775Z    Compressing: \\?\D:\a\wootc\wootc\out\branded-preview\bs-Latn-BA\Microsoft.UI.Xaml.Phone.dll.mui
2026-09-27T18:00:10.7218736Z    Compressing: \\?\D:\a\wootc\wootc\out\branded-preview\ca-ES\Microsoft.ui.xaml.dll.mui
2026-09-27T18:00:10.7219663Z    Compressing: \\?\D:\a\wootc\wootc\out\branded-preview\ca-ES\Microsoft.UI.Xaml.Phone.dll.mui
2026-09-27T18:00:10.7220324Z    Compressing: \\?\D:\a\wootc\wootc\out\branded-preview\ca-Es-VALENCIA\Microsoft.ui.xaml.dll.mui
2026-09-27T18:00:10.7220924Z    Compressing: \\?\D:\a\wootc\wootc\out\branded-preview\ca-Es-VALENCIA\Microsoft.UI.Xaml.Phone.dll.mui
2026-09-27T18:00:10.7221487Z    Compressing: \\?\D:\a\wootc\wootc\out\branded-preview\cs-CZ\Microsoft.ui.xaml.dll.mui
2026-09-27T18:00:10.7222187Z    Compressing: \\?\D:\a\wootc\wootc\out\branded-preview\cs-CZ\Microsoft.UI.Xaml.Phone.dll.mui
2026-09-27T18:00:10.7222785Z    Compressing: \\?\D:\a\wootc\wootc\out\branded-preview\cy-GB\Microsoft.ui.xaml.dll.mui
2026-09-27T18:00:10.7223331Z    Compressing: \\?\D:\a\wootc\wootc\out\branded-preview\cy-GB\Microsoft.UI.Xaml.Phone.dll.mui
2026-09-27T18:00:10.7224295Z    Compressing: \\?\D:\a\wootc\wootc\out\branded-preview\da-DK\Microsoft.ui.xaml.dll.mui
2026-09-27T18:00:10.7227263Z    Compressing: \\?\D:\a\wootc\wootc\out\branded-preview\da-DK\Microsoft.UI.Xaml.Phone.dll.mui
2026-09-27T18:00:10.7228719Z    Compressing: \\?\D:\a\wootc\wootc\out\branded-preview\de-DE\Microsoft.ui.xaml.dll.mui
2026-09-27T18:00:10.7232413Z    Compressing: \\?\D:\a\wootc\wootc\out\branded-preview\de-DE\Microsoft.UI.Xaml.Phone.dll.mui
2026-09-27T18:00:10.7233820Z    Compressing: \\?\D:\a\wootc\wootc\out\branded-preview\el-GR\Microsoft.ui.xaml.dll.mui
2026-09-27T18:00:10.7236602Z    Compressing: \\?\D:\a\wootc\wootc\out\branded-preview\el-GR\Microsoft.UI.Xaml.Phone.dll.mui
2026-09-27T18:00:10.7238294Z    Compressing: \\?\D:\a\wootc\wootc\out\branded-preview\en-GB\Microsoft.ui.xaml.dll.mui
2026-09-27T18:00:10.7240979Z    Compressing: \\?\D:\a\wootc\wootc\out\branded-preview\en-GB\Microsoft.UI.Xaml.Phone.dll.mui
2026-09-27T18:00:10.7242700Z    Compressing: \\?\D:\a\wootc\wootc\out\branded-preview\en-us\Microsoft.ui.xaml.dll.mui
2026-09-27T18:00:10.7245524Z    Compressing: \\?\D:\a\wootc\wootc\out\branded-preview\en-us\Microsoft.UI.Xaml.Phone.dll.mui
2026-09-27T18:00:10.7247375Z    Compressing: \\?\D:\a\wootc\wootc\out\branded-preview\es-ES\Microsoft.ui.xaml.dll.mui
2026-09-27T18:00:10.7250077Z    Compressing: \\?\D:\a\wootc\wootc\out\branded-preview\es-ES\Microsoft.UI.Xaml.Phone.dll.mui
2026-09-27T18:00:10.7252227Z    Compressing: \\?\D:\a\wootc\wootc\out\branded-preview\es-MX\Microsoft.ui.xaml.dll.mui
2026-09-27T18:00:10.7255130Z    Compressing: \\?\D:\a\wootc\wootc\out\branded-preview\es-MX\Microsoft.UI.Xaml.Phone.dll.mui
2026-09-27T18:00:10.7256679Z    Compressing: \\?\D:\a\wootc\wootc\out\branded-preview\et-EE\Microsoft.ui.xaml.dll.mui
2026-09-27T18:00:10.7259513Z    Compressing: \\?\D:\a\wootc\wootc\out\branded-preview\et-EE\Microsoft.UI.Xaml.Phone.dll.mui
2026-09-27T18:00:10.7261208Z    Compressing: \\?\D:\a\wootc\wootc\out\branded-preview\eu-ES\Microsoft.ui.xaml.dll.mui
2026-09-27T18:00:10.7264179Z    Compressing: \\?\D:\a\wootc\wootc\out\branded-preview\eu-ES\Microsoft.UI.Xaml.Phone.dll.mui
2026-09-27T18:00:10.7265877Z    Compressing: \\?\D:\a\wootc\wootc\out\branded-preview\fa-IR\Microsoft.ui.xaml.dll.mui
2026-09-27T18:00:10.7268637Z    Compressing: \\?\D:\a\wootc\wootc\out\branded-preview\fa-IR\Microsoft.UI.Xaml.Phone.dll.mui
2026-09-27T18:00:10.7270342Z    Compressing: \\?\D:\a\wootc\wootc\out\branded-preview\fi-FI\Microsoft.ui.xaml.dll.mui
2026-09-27T18:00:10.7273448Z    Compressing: \\?\D:\a\wootc\wootc\out\branded-preview\fi-FI\Microsoft.UI.Xaml.Phone.dll.mui
2026-09-27T18:00:10.7275114Z    Compressing: \\?\D:\a\wootc\wootc\out\branded-preview\fil-PH\Microsoft.ui.xaml.dll.mui
2026-09-27T18:00:10.7277982Z    Compressing: \\?\D:\a\wootc\wootc\out\branded-preview\fil-PH\Microsoft.UI.Xaml.Phone.dll.mui
2026-09-27T18:00:10.7279647Z    Compressing: \\?\D:\a\wootc\wootc\out\branded-preview\fr-CA\Microsoft.ui.xaml.dll.mui
2026-09-27T18:00:10.7282581Z    Compressing: \\?\D:\a\wootc\wootc\out\branded-preview\fr-CA\Microsoft.UI.Xaml.Phone.dll.mui
2026-09-27T18:00:10.7284279Z    Compressing: \\?\D:\a\wootc\wootc\out\branded-preview\fr-FR\Microsoft.ui.xaml.dll.mui
2026-09-27T18:00:10.7287145Z    Compressing: \\?\D:\a\wootc\wootc\out\branded-preview\fr-FR\Microsoft.UI.Xaml.Phone.dll.mui
2026-09-27T18:00:10.7288848Z    Compressing: \\?\D:\a\wootc\wootc\out\branded-preview\ga-IE\Microsoft.ui.xaml.dll.mui
2026-09-27T18:00:10.7292330Z    Compressing: \\?\D:\a\wootc\wootc\out\branded-preview\ga-IE\Microsoft.UI.Xaml.Phone.dll.mui
2026-09-27T18:00:10.7294052Z    Compressing: \\?\D:\a\wootc\wootc\out\branded-preview\gd-gb\Microsoft.ui.xaml.dll.mui
2026-09-27T18:00:10.7296779Z    Compressing: \\?\D:\a\wootc\wootc\out\branded-preview\gd-gb\Microsoft.UI.Xaml.Phone.dll.mui
2026-09-27T18:00:10.7298625Z    Compressing: \\?\D:\a\wootc\wootc\out\branded-preview\gl-ES\Microsoft.ui.xaml.dll.mui
2026-09-27T18:00:10.7301371Z    Compressing: \\?\D:\a\wootc\wootc\out\branded-preview\gl-ES\Microsoft.UI.Xaml.Phone.dll.mui
2026-09-27T18:00:10.7303269Z    Compressing: \\?\D:\a\wootc\wootc\out\branded-preview\gu-IN\Microsoft.ui.xaml.dll.mui
2026-09-27T18:00:10.7306224Z    Compressing: \\?\D:\a\wootc\wootc\out\branded-preview\gu-IN\Microsoft.UI.Xaml.Phone.dll.mui
2026-09-27T18:00:10.7308005Z    Compressing: \\?\D:\a\wootc\wootc\out\branded-preview\he-IL\Microsoft.ui.xaml.dll.mui
2026-09-27T18:00:10.7310611Z    Compressing: \\?\D:\a\wootc\wootc\out\branded-preview\he-IL\Microsoft.UI.Xaml.Phone.dll.mui
2026-09-27T18:00:10.7312454Z    Compressing: \\?\D:\a\wootc\wootc\out\branded-preview\hi-IN\Microsoft.ui.xaml.dll.mui
2026-09-27T18:00:10.7315157Z    Compressing: \\?\D:\a\wootc\wootc\out\branded-preview\hi-IN\Microsoft.UI.Xaml.Phone.dll.mui
2026-09-27T18:00:10.7316862Z    Compressing: \\?\D:\a\wootc\wootc\out\branded-preview\hr-HR\Microsoft.ui.xaml.dll.mui
2026-09-27T18:00:10.7319711Z    Compressing: \\?\D:\a\wootc\wootc\out\branded-preview\hr-HR\Microsoft.UI.Xaml.Phone.dll.mui
2026-09-27T18:00:10.7321387Z    Compressing: \\?\D:\a\wootc\wootc\out\branded-preview\hu-HU\Microsoft.ui.xaml.dll.mui
2026-09-27T18:00:10.7324203Z    Compressing: \\?\D:\a\wootc\wootc\out\branded-preview\hu-HU\Microsoft.UI.Xaml.Phone.dll.mui
2026-09-27T18:00:10.7325863Z    Compressing: \\?\D:\a\wootc\wootc\out\branded-preview\hy-AM\Microsoft.ui.xaml.dll.mui
2026-09-27T18:00:10.7329391Z    Compressing: \\?\D:\a\wootc\wootc\out\branded-preview\hy-AM\Microsoft.UI.Xaml.Phone.dll.mui
2026-09-27T18:00:10.7331081Z    Compressing: \\?\D:\a\wootc\wootc\out\branded-preview\id-ID\Microsoft.ui.xaml.dll.mui
2026-09-27T18:00:10.7334391Z    Compressing: \\?\D:\a\wootc\wootc\out\branded-preview\id-ID\Microsoft.UI.Xaml.Phone.dll.mui
2026-09-27T18:00:10.7336184Z    Compressing: \\?\D:\a\wootc\wootc\out\branded-preview\is-IS\Microsoft.ui.xaml.dll.mui
2026-09-27T18:00:10.7338707Z    Compressing: \\?\D:\a\wootc\wootc\out\branded-preview\is-IS\Microsoft.UI.Xaml.Phone.dll.mui
2026-09-27T18:00:10.7340368Z    Compressing: \\?\D:\a\wootc\wootc\out\branded-preview\it-IT\Microsoft.ui.xaml.dll.mui
2026-09-27T18:00:10.7343263Z    Compressing: \\?\D:\a\wootc\wootc\out\branded-preview\it-IT\Microsoft.UI.Xaml.Phone.dll.mui
2026-09-27T18:00:10.7344985Z    Compressing: \\?\D:\a\wootc\wootc\out\branded-preview\ja-JP\Microsoft.ui.xaml.dll.mui
2026-09-27T18:00:10.7347418Z    Compressing: \\?\D:\a\wootc\wootc\out\branded-preview\ja-JP\Microsoft.UI.Xaml.Phone.dll.mui
2026-09-27T18:00:10.7349085Z    Compressing: \\?\D:\a\wootc\wootc\out\branded-preview\ka-GE\Microsoft.ui.xaml.dll.mui
2026-09-27T18:00:10.7352668Z    Compressing: \\?\D:\a\wootc\wootc\out\branded-preview\ka-GE\Microsoft.UI.Xaml.Phone.dll.mui
2026-09-27T18:00:10.7354347Z    Compressing: \\?\D:\a\wootc\wootc\out\branded-preview\kk-KZ\Microsoft.ui.xaml.dll.mui
2026-09-27T18:00:10.7357409Z    Compressing: \\?\D:\a\wootc\wootc\out\branded-preview\kk-KZ\Microsoft.UI.Xaml.Phone.dll.mui
2026-09-27T18:00:10.7358943Z    Compressing: \\?\D:\a\wootc\wootc\out\branded-preview\km-KH\Microsoft.ui.xaml.dll.mui
2026-09-27T18:00:10.7361646Z    Compressing: \\?\D:\a\wootc\wootc\out\branded-preview\km-KH\Microsoft.UI.Xaml.Phone.dll.mui
2026-09-27T18:00:10.7363352Z    Compressing: \\?\D:\a\wootc\wootc\out\branded-preview\kn-IN\Microsoft.ui.xaml.dll.mui
2026-09-27T18:00:10.7366363Z    Compressing: \\?\D:\a\wootc\wootc\out\branded-preview\kn-IN\Microsoft.UI.Xaml.Phone.dll.mui
2026-09-27T18:00:10.7367936Z    Compressing: \\?\D:\a\wootc\wootc\out\branded-preview\ko-KR\Microsoft.ui.xaml.dll.mui
2026-09-27T18:00:10.7370564Z    Compressing: \\?\D:\a\wootc\wootc\out\branded-preview\ko-KR\Microsoft.UI.Xaml.Phone.dll.mui
2026-09-27T18:00:10.7372395Z    Compressing: \\?\D:\a\wootc\wootc\out\branded-preview\kok-IN\Microsoft.ui.xaml.dll.mui
2026-09-27T18:00:10.7375163Z    Compressing: \\?\D:\a\wootc\wootc\out\branded-preview\kok-IN\Microsoft.UI.Xaml.Phone.dll.mui
2026-09-27T18:00:10.7376888Z    Compressing: \\?\D:\a\wootc\wootc\out\branded-preview\lb-LU\Microsoft.ui.xaml.dll.mui
2026-09-27T18:00:10.7379848Z    Compressing: \\?\D:\a\wootc\wootc\out\branded-preview\lb-LU\Microsoft.UI.Xaml.Phone.dll.mui
2026-09-27T18:00:10.7381572Z    Compressing: \\?\D:\a\wootc\wootc\out\branded-preview\lo-LA\Microsoft.ui.xaml.dll.mui
2026-09-27T18:00:10.7384523Z    Compressing: \\?\D:\a\wootc\wootc\out\branded-preview\lo-LA\Microsoft.UI.Xaml.Phone.dll.mui
2026-09-27T18:00:10.7386439Z    Compressing: \\?\D:\a\wootc\wootc\out\branded-preview\lt-LT\Microsoft.ui.xaml.dll.mui
2026-09-27T18:00:10.7389458Z    Compressing: \\?\D:\a\wootc\wootc\out\branded-preview\lt-LT\Microsoft.UI.Xaml.Phone.dll.mui
2026-09-27T18:00:10.7391370Z    Compressing: \\?\D:\a\wootc\wootc\out\branded-preview\lv-LV\Microsoft.ui.xaml.dll.mui
2026-09-27T18:00:10.7394233Z    Compressing: \\?\D:\a\wootc\wootc\out\branded-preview\lv-LV\Microsoft.UI.Xaml.Phone.dll.mui
2026-09-27T18:00:10.7395920Z    Compressing: \\?\D:\a\wootc\wootc\out\branded-preview\mi-NZ\Microsoft.ui.xaml.dll.mui
2026-09-27T18:00:10.7398696Z    Compressing: \\?\D:\a\wootc\wootc\out\branded-preview\mi-NZ\Microsoft.UI.Xaml.Phone.dll.mui
2026-09-27T18:00:10.7400489Z    Compressing: \\?\D:\a\wootc\wootc\out\branded-preview\Microsoft.UI.Xaml\Assets\map.html
2026-09-27T18:00:10.7403837Z    Compressing: \\?\D:\a\wootc\wootc\out\branded-preview\Microsoft.UI.Xaml\Assets\NoiseAsset_256x256_PNG.png
2026-09-27T18:00:10.7404796Z    Compressing: \\?\D:\a\wootc\wootc\out\branded-preview\mk-MK\Microsoft.ui.xaml.dll.mui
2026-09-27T18:00:10.7407747Z    Compressing: \\?\D:\a\wootc\wootc\out\branded-preview\mk-MK\Microsoft.UI.Xaml.Phone.dll.mui
2026-09-27T18:00:10.7409510Z    Compressing: \\?\D:\a\wootc\wootc\out\branded-preview\ml-IN\Microsoft.ui.xaml.dll.mui
2026-09-27T18:00:10.7412831Z    Compressing: \\?\D:\a\wootc\wootc\out\branded-preview\ml-IN\Microsoft.UI.Xaml.Phone.dll.mui
2026-09-27T18:00:10.7414543Z    Compressing: \\?\D:\a\wootc\wootc\out\branded-preview\mr-IN\Microsoft.ui.xaml.dll.mui
2026-09-27T18:00:10.7417213Z    Compressing: \\?\D:\a\wootc\wootc\out\branded-preview\mr-IN\Microsoft.UI.Xaml.Phone.dll.mui
2026-09-27T18:00:10.7418955Z    Compressing: \\?\D:\a\wootc\wootc\out\branded-preview\ms-MY\Microsoft.ui.xaml.dll.mui
2026-09-27T18:00:10.7421771Z    Compressing: \\?\D:\a\wootc\wootc\out\branded-preview\ms-MY\Microsoft.UI.Xaml.Phone.dll.mui
2026-09-27T18:00:10.7423466Z    Compressing: \\?\D:\a\wootc\wootc\out\branded-preview\mt-MT\Microsoft.ui.xaml.dll.mui
2026-09-27T18:00:10.7426443Z    Compressing: \\?\D:\a\wootc\wootc\out\branded-preview\mt-MT\Microsoft.UI.Xaml.Phone.dll.mui
2026-09-27T18:00:10.7428077Z    Compressing: \\?\D:\a\wootc\wootc\out\branded-preview\nb-NO\Microsoft.ui.xaml.dll.mui
2026-09-27T18:00:10.7431305Z    Compressing: \\?\D:\a\wootc\wootc\out\branded-preview\nb-NO\Microsoft.UI.Xaml.Phone.dll.mui
2026-09-27T18:00:10.7433331Z    Compressing: \\?\D:\a\wootc\wootc\out\branded-preview\ne-NP\Microsoft.ui.xaml.dll.mui
2026-09-27T18:00:10.7437147Z    Compressing: \\?\D:\a\wootc\wootc\out\branded-preview\ne-NP\Microsoft.UI.Xaml.Phone.dll.mui
2026-09-27T18:00:10.7439389Z    Compressing: \\?\D:\a\wootc\wootc\out\branded-preview\nl-NL\Microsoft.ui.xaml.dll.mui
2026-09-27T18:00:10.7442431Z    Compressing: \\?\D:\a\wootc\wootc\out\branded-preview\nl-NL\Microsoft.UI.Xaml.Phone.dll.mui
2026-09-27T18:00:10.7444249Z    Compressing: \\?\D:\a\wootc\wootc\out\branded-preview\nn-NO\Microsoft.ui.xaml.dll.mui
2026-09-27T18:00:10.7447105Z    Compressing: \\?\D:\a\wootc\wootc\out\branded-preview\nn-NO\Microsoft.UI.Xaml.Phone.dll.mui
2026-09-27T18:00:10.7448985Z    Compressing: \\?\D:\a\wootc\wootc\out\branded-preview\or-IN\Microsoft.ui.xaml.dll.mui
2026-09-27T18:00:10.7452139Z    Compressing: \\?\D:\a\wootc\wootc\out\branded-preview\or-IN\Microsoft.UI.Xaml.Phone.dll.mui
2026-09-27T18:00:10.7454381Z    Compressing: \\?\D:\a\wootc\wootc\out\branded-preview\pa-IN\Microsoft.ui.xaml.dll.mui
2026-09-27T18:00:10.7458021Z    Compressing: \\?\D:\a\wootc\wootc\out\branded-preview\pa-IN\Microsoft.UI.Xaml.Phone.dll.mui
2026-09-27T18:00:10.7459693Z    Compressing: \\?\D:\a\wootc\wootc\out\branded-preview\pl-PL\Microsoft.ui.xaml.dll.mui
2026-09-27T18:00:10.7462633Z    Compressing: \\?\D:\a\wootc\wootc\out\branded-preview\pl-PL\Microsoft.UI.Xaml.Phone.dll.mui
2026-09-27T18:00:10.7464627Z    Compressing: \\?\D:\a\wootc\wootc\out\branded-preview\pt-BR\Microsoft.ui.xaml.dll.mui
2026-09-27T18:00:10.7467854Z    Compressing: \\?\D:\a\wootc\wootc\out\branded-preview\pt-BR\Microsoft.UI.Xaml.Phone.dll.mui
2026-09-27T18:00:10.7469379Z    Compressing: \\?\D:\a\wootc\wootc\out\branded-preview\pt-PT\Microsoft.ui.xaml.dll.mui
2026-09-27T18:00:10.7472476Z    Compressing: \\?\D:\a\wootc\wootc\out\branded-preview\pt-PT\Microsoft.UI.Xaml.Phone.dll.mui
2026-09-27T18:00:10.7474389Z    Compressing: \\?\D:\a\wootc\wootc\out\branded-preview\quz-PE\Microsoft.ui.xaml.dll.mui
2026-09-27T18:00:10.7477266Z    Compressing: \\?\D:\a\wootc\wootc\out\branded-preview\quz-PE\Microsoft.UI.Xaml.Phone.dll.mui
2026-09-27T18:00:10.7478958Z    Compressing: \\?\D:\a\wootc\wootc\out\branded-preview\ro-RO\Microsoft.ui.xaml.dll.mui
2026-09-27T18:00:10.7481937Z    Compressing: \\?\D:\a\wootc\wootc\out\branded-preview\ro-RO\Microsoft.UI.Xaml.Phone.dll.mui
2026-09-27T18:00:10.7483698Z    Compressing: \\?\D:\a\wootc\wootc\out\branded-preview\ru-RU\Microsoft.ui.xaml.dll.mui
2026-09-27T18:00:10.7486701Z    Compressing: \\?\D:\a\wootc\wootc\out\branded-preview\ru-RU\Microsoft.UI.Xaml.Phone.dll.mui
2026-09-27T18:00:10.7488533Z    Compressing: \\?\D:\a\wootc\wootc\out\branded-preview\sk-SK\Microsoft.ui.xaml.dll.mui
2026-09-27T18:00:10.7491750Z    Compressing: \\?\D:\a\wootc\wootc\out\branded-preview\sk-SK\Microsoft.UI.Xaml.Phone.dll.mui
2026-09-27T18:00:10.7493508Z    Compressing: \\?\D:\a\wootc\wootc\out\branded-preview\sl-SI\Microsoft.ui.xaml.dll.mui
2026-09-27T18:00:10.7496472Z    Compressing: \\?\D:\a\wootc\wootc\out\branded-preview\sl-SI\Microsoft.UI.Xaml.Phone.dll.mui
2026-09-27T18:00:10.7498880Z    Compressing: \\?\D:\a\wootc\wootc\out\branded-preview\sq-AL\Microsoft.ui.xaml.dll.mui
2026-09-27T18:00:10.7503917Z    Compressing: \\?\D:\a\wootc\wootc\out\branded-preview\sq-AL\Microsoft.UI.Xaml.Phone.dll.mui
2026-09-27T18:00:10.7513407Z    Compressing: \\?\D:\a\wootc\wootc\out\branded-preview\sr-Cyrl-BA\Microsoft.ui.xaml.dll.mui
2026-09-27T18:00:10.7514501Z    Compressing: \\?\D:\a\wootc\wootc\out\branded-preview\sr-Cyrl-BA\Microsoft.UI.Xaml.Phone.dll.mui
2026-09-27T18:00:10.7516561Z    Compressing: \\?\D:\a\wootc\wootc\out\branded-preview\sr-Cyrl-RS\Microsoft.ui.xaml.dll.mui
2026-09-27T18:00:10.7520332Z    Compressing: \\?\D:\a\wootc\wootc\out\branded-preview\sr-Cyrl-RS\Microsoft.UI.Xaml.Phone.dll.mui
2026-09-27T18:00:10.7522514Z    Compressing: \\?\D:\a\wootc\wootc\out\branded-preview\sr-Latn-RS\Microsoft.ui.xaml.dll.mui
2026-09-27T18:00:10.7526347Z    Compressing: \\?\D:\a\wootc\wootc\out\branded-preview\sr-Latn-RS\Microsoft.UI.Xaml.Phone.dll.mui
2026-09-27T18:00:10.7611049Z    Compressing: \\?\D:\a\wootc\wootc\out\branded-preview\sv-SE\Microsoft.ui.xaml.dll.mui
2026-09-27T18:00:10.7612204Z    Compressing: \\?\D:\a\wootc\wootc\out\branded-preview\sv-SE\Microsoft.UI.Xaml.Phone.dll.mui
2026-09-27T18:00:10.7613178Z    Compressing: \\?\D:\a\wootc\wootc\out\branded-preview\ta-IN\Microsoft.ui.xaml.dll.mui
2026-09-27T18:00:10.7614116Z    Compressing: \\?\D:\a\wootc\wootc\out\branded-preview\ta-IN\Microsoft.UI.Xaml.Phone.dll.mui
2026-09-27T18:00:10.7615045Z    Compressing: \\?\D:\a\wootc\wootc\out\branded-preview\te-IN\Microsoft.ui.xaml.dll.mui
2026-09-27T18:00:10.7615989Z    Compressing: \\?\D:\a\wootc\wootc\out\branded-preview\te-IN\Microsoft.UI.Xaml.Phone.dll.mui
2026-09-27T18:00:10.7616901Z    Compressing: \\?\D:\a\wootc\wootc\out\branded-preview\th-TH\Microsoft.ui.xaml.dll.mui
2026-09-27T18:00:10.7617833Z    Compressing: \\?\D:\a\wootc\wootc\out\branded-preview\th-TH\Microsoft.UI.Xaml.Phone.dll.mui
2026-09-27T18:00:10.7618735Z    Compressing: \\?\D:\a\wootc\wootc\out\branded-preview\tr-TR\Microsoft.ui.xaml.dll.mui
2026-09-27T18:00:10.7619645Z    Compressing: \\?\D:\a\wootc\wootc\out\branded-preview\tr-TR\Microsoft.UI.Xaml.Phone.dll.mui
2026-09-27T18:00:10.7620539Z    Compressing: \\?\D:\a\wootc\wootc\out\branded-preview\tt-RU\Microsoft.ui.xaml.dll.mui
2026-09-27T18:00:10.7621468Z    Compressing: \\?\D:\a\wootc\wootc\out\branded-preview\tt-RU\Microsoft.UI.Xaml.Phone.dll.mui
2026-09-27T18:00:10.7622375Z    Compressing: \\?\D:\a\wootc\wootc\out\branded-preview\ug-CN\Microsoft.ui.xaml.dll.mui
2026-09-27T18:00:10.7623594Z    Compressing: \\?\D:\a\wootc\wootc\out\branded-preview\ug-CN\Microsoft.UI.Xaml.Phone.dll.mui
2026-09-27T18:00:10.7624513Z    Compressing: \\?\D:\a\wootc\wootc\out\branded-preview\uk-UA\Microsoft.ui.xaml.dll.mui
2026-09-27T18:00:10.7625433Z    Compressing: \\?\D:\a\wootc\wootc\out\branded-preview\uk-UA\Microsoft.UI.Xaml.Phone.dll.mui
2026-09-27T18:00:10.7626335Z    Compressing: \\?\D:\a\wootc\wootc\out\branded-preview\ur-PK\Microsoft.ui.xaml.dll.mui
2026-09-27T18:00:10.7627248Z    Compressing: \\?\D:\a\wootc\wootc\out\branded-preview\ur-PK\Microsoft.UI.Xaml.Phone.dll.mui
2026-09-27T18:00:10.7628206Z    Compressing: \\?\D:\a\wootc\wootc\out\branded-preview\uz-Latn-UZ\Microsoft.ui.xaml.dll.mui
2026-09-27T18:00:10.7629567Z    Compressing: \\?\D:\a\wootc\wootc\out\branded-preview\uz-Latn-UZ\Microsoft.UI.Xaml.Phone.dll.mui
2026-09-27T18:00:10.7630520Z    Compressing: \\?\D:\a\wootc\wootc\out\branded-preview\vi-VN\Microsoft.ui.xaml.dll.mui
2026-09-27T18:00:10.7631455Z    Compressing: \\?\D:\a\wootc\wootc\out\branded-preview\vi-VN\Microsoft.UI.Xaml.Phone.dll.mui
2026-09-27T18:00:10.7632366Z    Compressing: \\?\D:\a\wootc\wootc\out\branded-preview\zh-CN\Microsoft.ui.xaml.dll.mui
2026-09-27T18:00:10.7633281Z    Compressing: \\?\D:\a\wootc\wootc\out\branded-preview\zh-CN\Microsoft.UI.Xaml.Phone.dll.mui
2026-09-27T18:00:10.7634198Z    Compressing: \\?\D:\a\wootc\wootc\out\branded-preview\zh-TW\Microsoft.ui.xaml.dll.mui
2026-09-27T18:00:10.7635113Z    Compressing: \\?\D:\a\wootc\wootc\out\branded-preview\zh-TW\Microsoft.UI.Xaml.Phone.dll.mui
2026-09-27T18:00:11.3670929Z    Compressing Setup program executable
2026-09-27T18:00:11.8032150Z    Updating version info (Setup.exe)
2026-09-27T18:00:11.8032518Z    Updating manifest (Setup.exe)
2026-09-27T18:00:11.8033110Z 
2026-09-27T18:00:11.8035889Z 
2026-09-27T18:00:11.8036452Z Successful compile (34.938 sec). Resulting Setup program filename is:
2026-09-27T18:00:11.8037369Z D:\a\wootc\wootc\out\preview-installer\tunaos-native-preview-9fee6d58ef97d368d861a37d7cbb1551dc6c3524.exe
2026-09-27T18:00:23.8354897Z   Determining projects to restore...
2026-09-27T18:00:31.3370086Z   Restored D:\a\wootc\wootc\shell\Wootc.Shell.UiTests\Wootc.Shell.UiTests.csproj (in 7.29 sec).
2026-09-27T18:00:32.6186527Z   Wootc.Shell.UiTests -> D:\a\wootc\wootc\shell\Wootc.Shell.UiTests\bin\Release\net8.0-windows10.0.19041.0\Wootc.Shell.UiTests.dll
2026-09-27T18:00:32.6296734Z Test run for D:\a\wootc\wootc\shell\Wootc.Shell.UiTests\bin\Release\net8.0-windows10.0.19041.0\Wootc.Shell.UiTests.dll (.NETCoreApp,Version=v8.0)
2026-09-27T18:00:34.8161936Z A total of 1 test files matched the specified pattern.
2026-09-27T18:00:59.9818055Z [xUnit.net 00:00:18.63]     Wootc.Shell.UiTests.InstalledPreviewTests.ActualInstalledPreviewBrandAndAuthenticatedStartup [FAIL]
2026-09-27T18:01:00.0814011Z   Failed Wootc.Shell.UiTests.InstalledPreviewTests.ActualInstalledPreviewBrandAndAuthenticatedStartup [17 s]
2026-09-27T18:01:00.0814819Z   Error Message:
2026-09-27T18:01:00.0817542Z    System.InvalidOperationException : Actual configuration RPC/view unavailable; Linux configuration observation is unavailable; Stage:rpc-configuration-response; Failure:protocol; HResult:-2146233087; NativeCode:0; Engine:retained-running; PrimaryRpc:rpc-configuration-response; Failure:protocol; HResult:-2146233087; NativeCode:0; PrimaryStartup:none
2026-09-27T18:01:00.0819398Z   Stack Trace:
2026-09-27T18:01:00.0820714Z      at Wootc.Shell.UiTests.InstalledPreviewTests.ActualInstalledPreviewBrandAndAuthenticatedStartup() in D:\a\wootc\wootc\shell\Wootc.Shell.UiTests\InstalledPreviewTests.cs:line 61
2026-09-27T18:01:00.0821821Z --- End of stack trace from previous location ---
2026-09-27T18:01:00.0995217Z Results File: D:\a\wootc\wootc\shell\Wootc.Shell.UiTests\TestResults\installed-tunaos.trx
2026-09-27T18:01:00.0998116Z 
2026-09-27T18:01:00.1049852Z Failed!  - Failed:     1, Passed:     0, Skipped:     0, Total:     1, Duration: 17 s - Wootc.Shell.UiTests.dll (net8.0)
2026-09-27T18:01:00.7323568Z [31;1mException: [0mD:\a\wootc\wootc\shell\packaging\test-installed-preview.ps1:53[0m
2026-09-27T18:01:00.7324311Z [31;1m[0m[36;1mLine |[0m
2026-09-27T18:01:00.7325067Z [31;1m[0m[36;1m[36;1m  53 | [0m … de -ne 0) { [36;1mthrow "Owned preview operation refused with exit $code"[0m } …[0m
2026-09-27T18:01:00.7325698Z [31;1m[0m[36;1m[36;1m[0m[36;1m[0m[36;1m     | [31;1m               ~~~~~~~~~~~~~~~~~~~~~~~~~~~~~~~~~~~~~~~~~~~~~~~~~~~~~~~[0m
2026-09-27T18:01:00.7326251Z [31;1m[0m[36;1m[36;1m[0m[36;1m[0m[36;1m[31;1m[31;1m[36;1m     | [31;1mOwned preview operation refused with exit 1[0m
2026-09-27T18:01:00.7553210Z ##[error]Process completed with exit code 1.
2026-09-27T18:01:00.7695828Z ##[group]Run actions/upload-artifact@v7
2026-09-27T18:01:00.7696102Z with:
2026-09-27T18:01:00.7696279Z   name: winui-preview-package-tunaos
2026-09-27T18:01:00.7696747Z   path: out/preview-installer/
out/branded-preview/native-package.json
shell/Wootc.Shell.UiTests/TestResults/*.trx

2026-09-27T18:01:00.7697165Z   if-no-files-found: error
2026-09-27T18:01:00.7697343Z   compression-level: 6
2026-09-27T18:01:00.7697503Z   overwrite: false
2026-09-27T18:01:00.7697665Z   include-hidden-files: false
2026-09-27T18:01:00.7697839Z   archive: true
2026-09-27T18:01:00.7697978Z env:
2026-09-27T18:01:00.7698127Z   DOTNET_ROOT: C:\Program Files\dotnet
2026-09-27T18:01:00.7698323Z   GOTOOLCHAIN: local
2026-09-27T18:01:00.7698487Z ##[endgroup]
2026-09-27T18:01:00.9121898Z Multiple search paths detected. Calculating the least common ancestor of all paths
2026-09-27T18:01:00.9124390Z The least common ancestor is D:\a\wootc\wootc. This will be the root directory of the artifact
2026-09-27T18:01:00.9124962Z With the provided path, there will be 4 files uploaded
2026-09-27T18:01:00.9128327Z Artifact name is valid!
2026-09-27T18:01:00.9129152Z Root directory input is valid!
2026-09-27T18:01:01.0971656Z Uploading artifact: winui-preview-package-tunaos.zip
2026-09-27T18:01:01.1009194Z Beginning upload of artifact content to blob storage
2026-09-27T18:01:01.6059025Z Uploaded bytes 8388608
2026-09-27T18:01:01.8040098Z Uploaded bytes 16777216
2026-09-27T18:01:01.9759463Z Uploaded bytes 25165824
2026-09-27T18:01:02.1337701Z Uploaded bytes 33554432
2026-09-27T18:01:02.3288442Z Uploaded bytes 41943040
2026-09-27T18:01:02.5666966Z Uploaded bytes 50331648
2026-09-27T18:01:02.7656338Z Uploaded bytes 58720256
2026-09-27T18:01:02.9805039Z Uploaded bytes 67108864
2026-09-27T18:01:03.0256907Z Uploaded bytes 67982383
2026-09-27T18:01:03.0409116Z Finished uploading artifact content to blob storage!
2026-09-27T18:01:03.0411912Z SHA256 digest of uploaded artifact is 7edefc06125930e68bcd76bd2d1ccdb5bdfbaaa1bfdb0e899f5c2f780d73ca25
2026-09-27T18:01:03.0413454Z Finalizing artifact upload
2026-09-27T18:01:03.2449128Z Artifact winui-preview-package-tunaos successfully finalized. Artifact ID 10937859417
2026-09-27T18:01:03.2450196Z Artifact winui-preview-package-tunaos has been successfully uploaded! Final size is 67982383 bytes. Artifact ID is 10937859417
2026-09-27T18:01:03.2458643Z Artifact download URL: https://github.com/tuna-os/wootc/actions/runs/36338769554/artifacts/10937859417
2026-09-27T18:01:03.2763176Z Post job cleanup.
2026-09-27T18:01:03.4218827Z [command]"C:\Program Files\Git\bin\git.exe" version
2026-09-27T18:01:03.4439628Z git version 2.55.0.windows.5
2026-09-27T18:01:03.4487303Z Temporarily overriding HOME='D:\a\_temp\d6e6c076-ca9c-4ff6-9f79-9a72530c31bd' before making global git config changes
2026-09-27T18:01:03.4487983Z Adding repository directory to the temporary git global config as a safe directory
2026-09-27T18:01:03.4495483Z [command]"C:\Program Files\Git\bin\git.exe" config --global --add safe.directory D:\a\wootc\wootc
2026-09-27T18:01:03.4724143Z Removing SSH command configuration
2026-09-27T18:01:03.4733680Z [command]"C:\Program Files\Git\bin\git.exe" config --local --name-only --get-regexp core\.sshCommand
2026-09-27T18:01:03.4971916Z [command]"C:\Program Files\Git\bin\git.exe" submodule foreach --recursive "sh -c \"git config --local --name-only --get-regexp 'core\.sshCommand' && git config --local --unset-all 'core.sshCommand' || :\""
2026-09-27T18:01:03.9354744Z Removing HTTP extra header
2026-09-27T18:01:03.9363262Z [command]"C:\Program Files\Git\bin\git.exe" config --local --name-only --get-regexp http\.https\:\/\/github\.com\/\.extraheader
2026-09-27T18:01:03.9604664Z [command]"C:\Program Files\Git\bin\git.exe" submodule foreach --recursive "sh -c \"git config --local --name-only --get-regexp 'http\.https\:\/\/github\.com\/\.extraheader' && git config --local --unset-all 'http.https://github.com/.extraheader' || :\""
2026-09-27T18:01:04.3858865Z Removing includeIf entries pointing to credentials config files
2026-09-27T18:01:04.3873640Z [command]"C:\Program Files\Git\bin\git.exe" config --local --name-only --get-regexp ^includeIf\.gitdir:
2026-09-27T18:01:04.4080721Z includeif.gitdir:D:/a/wootc/wootc/.git.path
2026-09-27T18:01:04.4081331Z includeif.gitdir:D:/a/wootc/wootc/.git/worktrees/*.path
2026-09-27T18:01:04.4081800Z includeif.gitdir:/github/workspace/.git.path
2026-09-27T18:01:04.4082270Z includeif.gitdir:/github/workspace/.git/worktrees/*.path
2026-09-27T18:01:04.4112677Z [command]"C:\Program Files\Git\bin\git.exe" config --local --get-all includeif.gitdir:D:/a/wootc/wootc/.git.path
2026-09-27T18:01:04.4310500Z D:\a\_temp\git-credentials-0c760b52-01b1-40a4-959e-b561f733c590.config
2026-09-27T18:01:04.4355259Z [command]"C:\Program Files\Git\bin\git.exe" config --local --unset includeif.gitdir:D:/a/wootc/wootc/.git.path D\:\\a\\_temp\\git\-credentials\-0c760b52\-01b1\-40a4\-959e\-b561f733c590\.config
2026-09-27T18:01:04.4612895Z [command]"C:\Program Files\Git\bin\git.exe" config --local --get-all includeif.gitdir:D:/a/wootc/wootc/.git/worktrees/*.path
2026-09-27T18:01:04.4831349Z D:\a\_temp\git-credentials-0c760b52-01b1-40a4-959e-b561f733c590.config
2026-09-27T18:01:04.4863473Z [command]"C:\Program Files\Git\bin\git.exe" config --local --unset includeif.gitdir:D:/a/wootc/wootc/.git/worktrees/*.path D\:\\a\\_temp\\git\-credentials\-0c760b52\-01b1\-40a4\-959e\-b561f733c590\.config
2026-09-27T18:01:04.5101350Z [command]"C:\Program Files\Git\bin\git.exe" config --local --get-all includeif.gitdir:/github/workspace/.git.path
2026-09-27T18:01:04.5298899Z /github/runner_temp/git-credentials-0c760b52-01b1-40a4-959e-b561f733c590.config
2026-09-27T18:01:04.5328499Z [command]"C:\Program Files\Git\bin\git.exe" config --local --unset includeif.gitdir:/github/workspace/.git.path \/github\/runner_temp\/git\-credentials\-0c760b52\-01b1\-40a4\-959e\-b561f733c590\.config
2026-09-27T18:01:04.5558365Z [command]"C:\Program Files\Git\bin\git.exe" config --local --get-all includeif.gitdir:/github/workspace/.git/worktrees/*.path
2026-09-27T18:01:04.5756283Z /github/runner_temp/git-credentials-0c760b52-01b1-40a4-959e-b561f733c590.config
2026-09-27T18:01:04.5818291Z [command]"C:\Program Files\Git\bin\git.exe" config --local --unset includeif.gitdir:/github/workspace/.git/worktrees/*.path \/github\/runner_temp\/git\-credentials\-0c760b52\-01b1\-40a4\-959e\-b561f733c590\.config
2026-09-27T18:01:04.6062240Z [command]"C:\Program Files\Git\bin\git.exe" submodule foreach --recursive "git config --local --show-origin --name-only --get-regexp remote.origin.url"
2026-09-27T18:01:05.0044832Z Removing credentials config 'D:\a\_temp\git-credentials-0c760b52-01b1-40a4-959e-b561f733c590.config'
2026-09-27T18:01:05.0218618Z Cleaning up orphan processes
2026-09-27T18:01:05.0380014Z Terminate orphan process: pid (2676) (dotnet)
2026-09-27T18:01:05.0474769Z Terminate orphan process: pid (1400) (conhost)
2026-09-27T18:01:05.0590435Z Terminate orphan process: pid (5724) (VBCSCompiler)
2026-09-27T18:01:05.0661660Z Terminate orphan process: pid (3444) (conhost)
