2026-09-27T12:51:15.9006449Z Current runner version: '2.337.0'
2026-09-27T12:51:15.9028741Z ##[group]Runner Image Provisioner
2026-09-27T12:51:15.9029395Z Hosted Compute Agent
2026-09-27T12:51:15.9029827Z Version: 20260828.587
2026-09-27T12:51:15.9030339Z Commit: abac92662cab4cc7352de4f9f9d2e2419aad9c29
2026-09-27T12:51:15.9030914Z Build Date: 2026-08-28T16:44:25Z
2026-09-27T12:51:15.9031478Z Worker ID: {4b87f201-0416-451e-af89-bbde8d3a7572}
2026-09-27T12:51:15.9032053Z Azure Region: mexicocentral
2026-09-27T12:51:15.9032592Z ##[endgroup]
2026-09-27T12:51:15.9033716Z ##[group]Operating System
2026-09-27T12:51:15.9034199Z Microsoft Windows Server 2025
2026-09-27T12:51:15.9034669Z 10.0.26100
2026-09-27T12:51:15.9035082Z Datacenter
2026-09-27T12:51:15.9035478Z ##[endgroup]
2026-09-27T12:51:15.9035894Z ##[group]Runner Image
2026-09-27T12:51:15.9036347Z Image: windows-2025-vs2026
2026-09-27T12:51:15.9036794Z Version: 20260922.246.2
2026-09-27T12:51:15.9037977Z Included Software: https://github.com/actions/runner-images/blob/win25-vs2026/20260922.246/images/windows/Windows2025-VS2026-Readme.md
2026-09-27T12:51:15.9039256Z Image Release: https://github.com/actions/runner-images/releases/tag/win25-vs2026%2F20260922.246
2026-09-27T12:51:15.9040005Z ##[endgroup]
2026-09-27T12:51:15.9040870Z ##[group]GITHUB_TOKEN Permissions
2026-09-27T12:51:15.9042898Z Contents: read
2026-09-27T12:51:15.9043402Z Metadata: read
2026-09-27T12:51:15.9043846Z ##[endgroup]
2026-09-27T12:51:15.9045592Z Secret source: Actions
2026-09-27T12:51:15.9046281Z Cache mode: write
2026-09-27T12:51:15.9046795Z Prepare workflow directory
2026-09-27T12:51:15.9389364Z Prepare all required actions
2026-09-27T12:51:15.9447453Z Getting action download info
2026-09-27T12:51:16.2490408Z Download action repository 'actions/checkout@v7' (SHA:3d3c42e5aac5ba805825da76410c181273ba90b1)
2026-09-27T12:51:16.3487013Z Download action repository 'actions/setup-dotnet@v6' (SHA:a98b56852c35b8e3190ac28c8c2271da59106c68)
2026-09-27T12:51:16.9927453Z Download action repository 'actions/setup-go@v7' (SHA:b7ad1dad31e06c5925ef5d2fc7ad053ef454303e)
2026-09-27T12:51:17.6042806Z Download action repository 'actions/upload-artifact@v7' (SHA:043fb46d1a93c77aae656e7c1c64a875d1fc6a0a)
2026-09-27T12:51:17.9356103Z Complete job name: Branded preview package (tunaos)
2026-09-27T12:51:18.0481399Z ##[group]Run actions/checkout@v7
2026-09-27T12:51:18.0482215Z with:
2026-09-27T12:51:18.0482556Z   repository: tuna-os/wootc
2026-09-27T12:51:18.0485058Z   token: ***
2026-09-27T12:51:18.0485459Z   ssh-strict: true
2026-09-27T12:51:18.0485818Z   ssh-user: git
2026-09-27T12:51:18.0486155Z   persist-credentials: true
2026-09-27T12:51:18.0486500Z   clean: true
2026-09-27T12:51:18.0486824Z   sparse-checkout-cone-mode: true
2026-09-27T12:51:18.0487204Z   fetch-depth: 1
2026-09-27T12:51:18.0487526Z   fetch-tags: false
2026-09-27T12:51:18.0487850Z   show-progress: true
2026-09-27T12:51:18.0488192Z   lfs: false
2026-09-27T12:51:18.0488525Z   submodules: false
2026-09-27T12:51:18.0488858Z   set-safe-directory: true
2026-09-27T12:51:18.0489291Z   allow-unsafe-pr-checkout: false
2026-09-27T12:51:18.0489883Z ##[endgroup]
2026-09-27T12:51:18.1734956Z Syncing repository: tuna-os/wootc
2026-09-27T12:51:18.1736396Z ##[group]Getting Git version info
2026-09-27T12:51:18.1736939Z Working directory is 'D:\a\wootc\wootc'
2026-09-27T12:51:18.2383430Z [command]"C:\Program Files\Git\bin\git.exe" version
2026-09-27T12:51:18.6940434Z git version 2.55.0.windows.5
2026-09-27T12:51:18.6983224Z ##[endgroup]
2026-09-27T12:51:18.6997699Z Temporarily overriding HOME='D:\a\_temp\3b60e9a8-3a34-493a-892f-d18c815c9865' before making global git config changes
2026-09-27T12:51:18.6998427Z Adding repository directory to the temporary git global config as a safe directory
2026-09-27T12:51:18.7006064Z [command]"C:\Program Files\Git\bin\git.exe" config --global --add safe.directory D:\a\wootc\wootc
2026-09-27T12:51:18.7818827Z Deleting the contents of 'D:\a\wootc\wootc'
2026-09-27T12:51:18.7823193Z ##[group]Determining repository object format
2026-09-27T12:51:18.7826459Z ##[endgroup]
2026-09-27T12:51:18.7827189Z ##[group]Initializing the repository
2026-09-27T12:51:18.7832949Z [command]"C:\Program Files\Git\bin\git.exe" init D:\a\wootc\wootc
2026-09-27T12:51:18.8809923Z Initialized empty Git repository in D:/a/wootc/wootc/.git/
2026-09-27T12:51:18.8896698Z [command]"C:\Program Files\Git\bin\git.exe" remote add origin https://github.com/tuna-os/wootc
2026-09-27T12:51:19.0679967Z ##[endgroup]
2026-09-27T12:51:19.0681204Z ##[group]Disabling automatic garbage collection
2026-09-27T12:51:19.0687453Z [command]"C:\Program Files\Git\bin\git.exe" config --local gc.auto 0
2026-09-27T12:51:19.0942343Z ##[endgroup]
2026-09-27T12:51:19.0943162Z ##[group]Setting up auth
2026-09-27T12:51:19.0943575Z Removing SSH command configuration
2026-09-27T12:51:19.0952038Z [command]"C:\Program Files\Git\bin\git.exe" config --local --name-only --get-regexp core\.sshCommand
2026-09-27T12:51:19.1215896Z [command]"C:\Program Files\Git\bin\git.exe" submodule foreach --recursive "sh -c \"git config --local --name-only --get-regexp 'core\.sshCommand' && git config --local --unset-all 'core.sshCommand' || :\""
2026-09-27T12:51:20.8337439Z Removing HTTP extra header
2026-09-27T12:51:20.8347425Z [command]"C:\Program Files\Git\bin\git.exe" config --local --name-only --get-regexp http\.https\:\/\/github\.com\/\.extraheader
2026-09-27T12:51:20.8614988Z [command]"C:\Program Files\Git\bin\git.exe" submodule foreach --recursive "sh -c \"git config --local --name-only --get-regexp 'http\.https\:\/\/github\.com\/\.extraheader' && git config --local --unset-all 'http.https://github.com/.extraheader' || :\""
2026-09-27T12:51:21.3217295Z Removing includeIf entries pointing to credentials config files
2026-09-27T12:51:21.3226493Z [command]"C:\Program Files\Git\bin\git.exe" config --local --name-only --get-regexp ^includeIf\.gitdir:
2026-09-27T12:51:21.3473640Z [command]"C:\Program Files\Git\bin\git.exe" submodule foreach --recursive "git config --local --show-origin --name-only --get-regexp remote.origin.url"
2026-09-27T12:51:21.7809746Z [command]"C:\Program Files\Git\bin\git.exe" config --file D:\a\_temp\git-credentials-a9bfa1b5-12e8-4e7c-807e-062f6de39e76.config http.https://github.com/.extraheader "AUTHORIZATION: basic ***"
2026-09-27T12:51:21.8080897Z [command]"C:\Program Files\Git\bin\git.exe" config --local includeIf.gitdir:D:/a/wootc/wootc/.git.path D:\a\_temp\git-credentials-a9bfa1b5-12e8-4e7c-807e-062f6de39e76.config
2026-09-27T12:51:21.8344178Z [command]"C:\Program Files\Git\bin\git.exe" config --local includeIf.gitdir:D:/a/wootc/wootc/.git/worktrees/*.path D:\a\_temp\git-credentials-a9bfa1b5-12e8-4e7c-807e-062f6de39e76.config
2026-09-27T12:51:21.8645297Z [command]"C:\Program Files\Git\bin\git.exe" config --local includeIf.gitdir:/github/workspace/.git.path /github/runner_temp/git-credentials-a9bfa1b5-12e8-4e7c-807e-062f6de39e76.config
2026-09-27T12:51:21.8930342Z [command]"C:\Program Files\Git\bin\git.exe" config --local includeIf.gitdir:/github/workspace/.git/worktrees/*.path /github/runner_temp/git-credentials-a9bfa1b5-12e8-4e7c-807e-062f6de39e76.config
2026-09-27T12:51:21.9196384Z ##[endgroup]
2026-09-27T12:51:21.9274229Z ##[group]Fetching the repository
2026-09-27T12:51:21.9275939Z [command]"C:\Program Files\Git\bin\git.exe" -c protocol.version=2 fetch --no-tags --prune --no-recurse-submodules --depth=1 origin +f92717b458fe1e3ecc82d6f6627443f161828dfb:refs/remotes/pull/450/merge
2026-09-27T12:51:24.1864758Z From https://github.com/tuna-os/wootc
2026-09-27T12:51:24.1865991Z  * [new ref]         f92717b458fe1e3ecc82d6f6627443f161828dfb -> pull/450/merge
2026-09-27T12:51:24.1910500Z ##[endgroup]
2026-09-27T12:51:24.1910953Z ##[group]Determining the checkout info
2026-09-27T12:51:24.1911513Z ##[endgroup]
2026-09-27T12:51:24.1919868Z [command]"C:\Program Files\Git\bin\git.exe" sparse-checkout disable
2026-09-27T12:51:24.2631126Z [command]"C:\Program Files\Git\bin\git.exe" config --local --unset-all extensions.worktreeConfig
2026-09-27T12:51:24.2878451Z ##[group]Checking out the ref
2026-09-27T12:51:24.2887025Z [command]"C:\Program Files\Git\bin\git.exe" checkout --progress --force refs/remotes/pull/450/merge
2026-09-27T12:51:24.5927951Z Note: switching to 'refs/remotes/pull/450/merge'.
2026-09-27T12:51:24.5928379Z 
2026-09-27T12:51:24.5928854Z You are in 'detached HEAD' state. You can look around, make experimental
2026-09-27T12:51:24.5929442Z changes and commit them, and you can discard any commits you make in this
2026-09-27T12:51:24.5929934Z state without impacting any branches by switching back to a branch.
2026-09-27T12:51:24.5930234Z 
2026-09-27T12:51:24.5930479Z If you want to create a new branch to retain commits you create, you may
2026-09-27T12:51:24.5931055Z do so (now or later) by using -c with the switch command. Example:
2026-09-27T12:51:24.5931377Z 
2026-09-27T12:51:24.5931473Z   git switch -c <new-branch-name>
2026-09-27T12:51:24.5931653Z 
2026-09-27T12:51:24.5931736Z Or undo this operation with:
2026-09-27T12:51:24.5931879Z 
2026-09-27T12:51:24.5931941Z   git switch -
2026-09-27T12:51:24.5932040Z 
2026-09-27T12:51:24.5932198Z Turn off this advice by setting config variable advice.detachedHead to false
2026-09-27T12:51:24.5932430Z 
2026-09-27T12:51:24.5932716Z HEAD is now at f92717b Merge 7578f884ae63efa1eecc2e207a8fe8cfc2372394 into c349eb4511a6b7cafd1145480466d87413060583
2026-09-27T12:51:24.6032586Z ##[endgroup]
2026-09-27T12:51:24.6400540Z [command]"C:\Program Files\Git\bin\git.exe" log -1 --format=%H
2026-09-27T12:51:24.6636655Z f92717b458fe1e3ecc82d6f6627443f161828dfb
2026-09-27T12:51:24.7031273Z ##[group]Run actions/setup-dotnet@v6
2026-09-27T12:51:24.7031564Z with:
2026-09-27T12:51:24.7031735Z   global-json-file: shell/global.json
2026-09-27T12:51:24.7031950Z   cache: false
2026-09-27T12:51:24.7032098Z ##[endgroup]
2026-09-27T12:51:24.9447042Z [command]"C:\Program Files\PowerShell\7\pwsh.exe" -NoLogo -Sta -NoProfile -NonInteractive -ExecutionPolicy Unrestricted -Command & 'D:\a\_actions\actions\setup-dotnet\v6\externals\install-dotnet.ps1' -SkipNonVersionedFiles -Runtime dotnet -Channel LTS
2026-09-27T12:51:26.5402597Z dotnet-install: .NET Core Runtime with version '10.0.12' is already installed.
2026-09-27T12:51:26.6463551Z [command]"C:\Program Files\PowerShell\7\pwsh.exe" -NoLogo -Sta -NoProfile -NonInteractive -ExecutionPolicy Unrestricted -Command & 'D:\a\_actions\actions\setup-dotnet\v6\externals\install-dotnet.ps1' -SkipNonVersionedFiles -Version 8.0.425
2026-09-27T12:51:27.2193650Z dotnet-install: .NET Core SDK with version '8.0.425' is already installed.
2026-09-27T12:51:27.3138765Z ##[group]Run actions/setup-go@v7
2026-09-27T12:51:27.3139051Z with:
2026-09-27T12:51:27.3139218Z   go-version-file: app/go.mod
2026-09-27T12:51:27.3139409Z   check-latest: false
2026-09-27T12:51:27.3141364Z   token: ***
2026-09-27T12:51:27.3141517Z   cache: true
2026-09-27T12:51:27.3141673Z env:
2026-09-27T12:51:27.3141827Z   DOTNET_ROOT: C:\Program Files\dotnet
2026-09-27T12:51:27.3142029Z ##[endgroup]
2026-09-27T12:51:27.4452678Z Setup go version spec 1.26.0
2026-09-27T12:51:27.4461128Z Attempting to download 1.26.0...
2026-09-27T12:51:28.3699412Z matching 1.26.0...
2026-09-27T12:51:28.3711192Z Acquiring 1.26.0 from https://github.com/actions/go-versions/releases/download/1.26.0-21889650668/go-1.26.0-win32-x64.zip
2026-09-27T12:51:28.9812513Z Extracting Go...
2026-09-27T12:51:29.0302110Z [command]"C:\Program Files\PowerShell\7\pwsh.exe" -NoLogo -NoProfile -NonInteractive -ExecutionPolicy Unrestricted -Command "$ErrorActionPreference = 'Stop' ; try { Add-Type -AssemblyName System.IO.Compression.ZipFile } catch { } ; try { [System.IO.Compression.ZipFile]::ExtractToDirectory('D:\a\_temp\go-1.26.0-win32-x64.zip', 'D:\a\_temp\5db02aeb-fc70-4440-9b67-a36ba4108f87', $true) } catch { if (($_.Exception.GetType().FullName -eq 'System.Management.Automation.MethodException') -or ($_.Exception.GetType().FullName -eq 'System.Management.Automation.RuntimeException') ){ Expand-Archive -LiteralPath 'D:\a\_temp\go-1.26.0-win32-x64.zip' -DestinationPath 'D:\a\_temp\5db02aeb-fc70-4440-9b67-a36ba4108f87' -Force } else { throw $_ } } ;"
2026-09-27T12:51:33.1238545Z Successfully extracted go to D:\a\_temp\5db02aeb-fc70-4440-9b67-a36ba4108f87
2026-09-27T12:51:33.1238913Z Adding to the cache ...
2026-09-27T12:51:41.3318337Z Created link C:\hostedtoolcache\windows\go\1.26.0\x64 => D:\hostedtoolcache\windows\go\1.26.0\x64
2026-09-27T12:51:41.3321555Z Created link C:\hostedtoolcache\windows\go\1.26.0\x64.complete => D:\hostedtoolcache\windows\go\1.26.0\x64.complete
2026-09-27T12:51:41.3322404Z Successfully cached go to C:\hostedtoolcache\windows\go\1.26.0\x64
2026-09-27T12:51:41.3327385Z Added go to the path
2026-09-27T12:51:41.3328886Z Successfully set up Go version 1.26.0
2026-09-27T12:51:41.6348648Z [command]C:\hostedtoolcache\windows\go\1.26.0\x64\bin\go.exe env GOCACHE
2026-09-27T12:51:41.6390823Z [command]C:\hostedtoolcache\windows\go\1.26.0\x64\bin\go.exe env GOMODCACHE
2026-09-27T12:51:41.7323907Z C:\Users\runneradmin\go\pkg\mod
2026-09-27T12:51:41.7326123Z C:\Users\runneradmin\AppData\Local\go-build
2026-09-27T12:51:41.7365610Z ##[warning]Restore cache failed: Dependencies file is not found in D:\a\wootc\wootc. Supported file pattern: go.mod
2026-09-27T12:51:41.7379873Z go version go1.26.0 windows/amd64
2026-09-27T12:51:41.7380116Z 
2026-09-27T12:51:41.7380466Z ##[group]go env
2026-09-27T12:51:47.6792623Z set AR=ar
2026-09-27T12:51:47.6792900Z set CC=gcc
2026-09-27T12:51:47.6793206Z set CGO_CFLAGS=-O2 -g
2026-09-27T12:51:47.6793461Z set CGO_CPPFLAGS=
2026-09-27T12:51:47.6793691Z set CGO_CXXFLAGS=-O2 -g
2026-09-27T12:51:47.6793874Z set CGO_ENABLED=1
2026-09-27T12:51:47.6794042Z set CGO_FFLAGS=-O2 -g
2026-09-27T12:51:47.6794218Z set CGO_LDFLAGS=-O2 -g
2026-09-27T12:51:47.6794484Z set CXX=g++
2026-09-27T12:51:47.6794675Z set GCCGO=gccgo
2026-09-27T12:51:47.6794830Z set GO111MODULE=
2026-09-27T12:51:47.6794981Z set GOAMD64=v1
2026-09-27T12:51:47.6795130Z set GOARCH=amd64
2026-09-27T12:51:47.6795292Z set GOAUTH=netrc
2026-09-27T12:51:47.6795435Z set GOBIN=
2026-09-27T12:51:47.6795666Z set GOCACHE=C:\Users\runneradmin\AppData\Local\go-build
2026-09-27T12:51:47.6795917Z set GOCACHEPROG=
2026-09-27T12:51:47.6796071Z set GODEBUG=
2026-09-27T12:51:47.6796283Z set GOENV=C:\Users\runneradmin\AppData\Roaming\go\env
2026-09-27T12:51:47.6796515Z set GOEXE=.exe
2026-09-27T12:51:47.6796674Z set GOEXPERIMENT=
2026-09-27T12:51:47.6796837Z set GOFIPS140=off
2026-09-27T12:51:47.6796983Z set GOFLAGS=
2026-09-27T12:51:47.6799328Z set GOGCCFLAGS=-m64 -mthreads -Wl,--no-gc-sections -fmessage-length=0 -ffile-prefix-map=C:\Users\RUNNER~1\AppData\Local\Temp\go-build146238876=/tmp/go-build -gno-record-gcc-switches
2026-09-27T12:51:47.6800112Z set GOHOSTARCH=amd64
2026-09-27T12:51:47.6800322Z set GOHOSTOS=windows
2026-09-27T12:51:47.6800486Z set GOINSECURE=
2026-09-27T12:51:47.6800637Z set GOMOD=NUL
2026-09-27T12:51:47.6800836Z set GOMODCACHE=C:\Users\runneradmin\go\pkg\mod
2026-09-27T12:51:47.6801073Z set GONOPROXY=
2026-09-27T12:51:47.6801234Z set GONOSUMDB=
2026-09-27T12:51:47.6801378Z set GOOS=windows
2026-09-27T12:51:47.6801586Z set GOPATH=C:\Users\runneradmin\go
2026-09-27T12:51:47.6801829Z set GOPRIVATE=
2026-09-27T12:51:47.6802289Z set GOPROXY=https://proxy.golang.org,direct
2026-09-27T12:51:47.6802576Z set GOROOT=C:\hostedtoolcache\windows\go\1.26.0\x64
2026-09-27T12:51:47.6802828Z set GOSUMDB=sum.golang.org
2026-09-27T12:51:47.6803017Z set GOTELEMETRY=local
2026-09-27T12:51:47.6803296Z set GOTELEMETRYDIR=C:\Users\runneradmin\AppData\Roaming\go\telemetry
2026-09-27T12:51:47.6803581Z set GOTMPDIR=
2026-09-27T12:51:47.6803741Z set GOTOOLCHAIN=local
2026-09-27T12:51:47.6804031Z set GOTOOLDIR=C:\hostedtoolcache\windows\go\1.26.0\x64\pkg\tool\windows_amd64
2026-09-27T12:51:47.6804319Z set GOVCS=
2026-09-27T12:51:47.6804483Z set GOVERSION=go1.26.0
2026-09-27T12:51:47.6804643Z set GOWORK=
2026-09-27T12:51:47.6804810Z set PKG_CONFIG=pkg-config
2026-09-27T12:51:47.6804927Z 
2026-09-27T12:51:47.6805415Z ##[endgroup]
2026-09-27T12:51:47.7095485Z ##[group]Run dotnet publish shell/Wootc.Shell/Wootc.Shell.csproj --configuration Release --runtime win-x64 -p:Platform=x64 -p:NativeBuildId=f92717b458fe1e3ecc82d6f6627443f161828dfb -p:NativeBrandId=tunaos --output out/branded-preview
2026-09-27T12:51:47.7096964Z [36;1mdotnet publish shell/Wootc.Shell/Wootc.Shell.csproj --configuration Release --runtime win-x64 -p:Platform=x64 -p:NativeBuildId=f92717b458fe1e3ecc82d6f6627443f161828dfb -p:NativeBrandId=tunaos --output out/branded-preview[0m
2026-09-27T12:51:47.7097772Z [36;1mif ($LASTEXITCODE -ne 0) { throw 'Branded native publish refused' }[0m
2026-09-27T12:51:47.7098142Z [36;1mNew-Item -ItemType Directory -Force app/frontend/dist | Out-Null[0m
2026-09-27T12:51:47.7098581Z [36;1mSet-Content app/frontend/dist/index.html '<!doctype html><title>Native engine preview</title>'[0m
2026-09-27T12:51:47.7098938Z [36;1mPush-Location app[0m
2026-09-27T12:51:47.7099565Z [36;1mtry { go build -ldflags "-X main.nativeBuildID=f92717b458fe1e3ecc82d6f6627443f161828dfb -X main.brandID=tunaos" -o ../out/branded-preview/wootc-engine.exe . } finally { Pop-Location }[0m
2026-09-27T12:51:47.7100229Z [36;1mif ($LASTEXITCODE -ne 0) { throw 'Branded engine build refused' }[0m
2026-09-27T12:51:47.8186495Z shell: C:\Program Files\PowerShell\7\pwsh.EXE -command ". '{0}'"
2026-09-27T12:51:47.8186784Z env:
2026-09-27T12:51:47.8186957Z   DOTNET_ROOT: C:\Program Files\dotnet
2026-09-27T12:51:47.8187162Z   GOTOOLCHAIN: local
2026-09-27T12:51:47.8187322Z ##[endgroup]
2026-09-27T12:52:06.7473839Z   Determining projects to restore...
2026-09-27T12:52:09.7004357Z   Restored D:\a\wootc\wootc\shell\Wootc.Shell.Core\Wootc.Shell.Core.csproj (in 150 ms).
2026-09-27T12:52:35.1763329Z   Restored D:\a\wootc\wootc\shell\Wootc.Shell.Native\Wootc.Shell.Native.csproj (in 25.73 sec).
2026-09-27T12:53:00.0837104Z   Restored D:\a\wootc\wootc\shell\Wootc.Shell\Wootc.Shell.csproj (in 50.69 sec).
2026-09-27T12:53:12.0588591Z   Wootc.Shell.Core -> D:\a\wootc\wootc\shell\Wootc.Shell.Core\bin\x64\Release\net8.0\Wootc.Shell.Core.dll
2026-09-27T12:53:13.4481007Z   Wootc.Shell.Native -> D:\a\wootc\wootc\shell\Wootc.Shell.Native\bin\x64\Release\net8.0-windows10.0.19041.0\Wootc.Shell.Native.dll
2026-09-27T12:53:24.8778378Z   Wootc.Shell -> D:\a\wootc\wootc\shell\Wootc.Shell\bin\x64\Release\net8.0-windows10.0.19041.0\win-x64\Wootc.Shell.dll
2026-09-27T12:53:26.3475289Z   Wootc.Shell -> D:\a\wootc\wootc\out\branded-preview\
2026-09-27T12:53:26.8444349Z go: downloading github.com/wailsapp/wails/v2 v2.16.0
2026-09-27T12:53:26.8445537Z go: downloading github.com/tredoe/osutil v1.5.0
2026-09-27T12:53:31.5406084Z go: downloading golang.org/x/sys v0.48.0
2026-09-27T12:53:31.5406559Z go: downloading golang.org/x/mod v0.41.0
2026-09-27T12:53:31.5406948Z go: downloading golang.org/x/crypto v0.57.0
2026-09-27T12:53:33.3924133Z go: downloading github.com/leaanthony/u v1.1.1
2026-09-27T12:53:33.3926476Z go: downloading github.com/leaanthony/slicer v1.6.0
2026-09-27T12:53:33.4962761Z go: downloading github.com/leaanthony/go-ansi-parser v1.6.1
2026-09-27T12:53:33.4981705Z go: downloading github.com/pkg/errors v0.9.1
2026-09-27T12:53:33.5290137Z go: downloading github.com/wailsapp/go-webview2 v1.0.22
2026-09-27T12:53:33.6220483Z go: downloading github.com/rivo/uniseg v0.4.7
2026-09-27T12:53:50.3813246Z ##[group]Run ./shell/packaging/test-installed-preview.ps1 -BrandId 'tunaos' -BuildId 'f92717b458fe1e3ecc82d6f6627443f161828dfb' -PackageDirectory out/branded-preview -OutputDirectory out/preview-installer
2026-09-27T12:53:50.3814472Z [36;1m./shell/packaging/test-installed-preview.ps1 -BrandId 'tunaos' -BuildId 'f92717b458fe1e3ecc82d6f6627443f161828dfb' -PackageDirectory out/branded-preview -OutputDirectory out/preview-installer[0m
2026-09-27T12:53:50.3876167Z shell: C:\Program Files\PowerShell\7\pwsh.EXE -command ". '{0}'"
2026-09-27T12:53:50.3876449Z env:
2026-09-27T12:53:50.3876619Z   DOTNET_ROOT: C:\Program Files\dotnet
2026-09-27T12:53:50.3876818Z   GOTOOLCHAIN: local
2026-09-27T12:53:50.3877901Z ##[endgroup]
2026-09-27T12:53:52.3503857Z PASS actual root-reparse mutant accepts unsafe path; exact source restored and refuses it
2026-09-27T12:53:52.3842686Z PASS actual manifest writer, exclusive preservation, missing resources, wrong brand, root/child reparse refusals
2026-09-27T12:53:56.4691880Z Inno Setup 7 Command-Line Compiler
2026-09-27T12:53:56.4692496Z Copyright (C) 1997-2026 Jordan Russell. All rights reserved.
2026-09-27T12:53:56.4693077Z Portions Copyright (C) 2000-2026 Martijn Laan. All rights reserved.
2026-09-27T12:53:56.4693674Z Portions Copyright (C) 2001-2004 Alex Yackimoff. All rights reserved.
2026-09-27T12:53:56.4694161Z https://www.innosetup.com
2026-09-27T12:53:56.4694418Z 
2026-09-27T12:53:56.4884677Z Compiler engine version: Inno Setup 7.1.0
2026-09-27T12:53:56.4885050Z Non-commercial use only
2026-09-27T12:53:56.4885194Z 
2026-09-27T12:53:56.5041642Z Preprocessing
2026-09-27T12:53:56.5043979Z    Reading file: C:\Users\RUNNER~1\AppData\Local\Temp\wootc-preview-packaging-548c982e6caf4383bdaa49316e0df792\compiler\ISPPBuiltins.iss
2026-09-27T12:53:56.5051685Z Parsing [Setup] section, line 21
2026-09-27T12:53:56.5052243Z Parsing [Setup] section, line 22
2026-09-27T12:53:56.5052694Z Parsing [Setup] section, line 23
2026-09-27T12:53:56.5053046Z Parsing [Setup] section, line 24
2026-09-27T12:53:56.5053372Z Parsing [Setup] section, line 25
2026-09-27T12:53:56.5054137Z Parsing [Setup] section, line 26
2026-09-27T12:53:56.5054662Z Parsing [Setup] section, line 27
2026-09-27T12:53:56.5054925Z Parsing [Setup] section, line 28
2026-09-27T12:53:56.5055176Z Parsing [Setup] section, line 29
2026-09-27T12:53:56.5055424Z Parsing [Setup] section, line 30
2026-09-27T12:53:56.5055680Z Parsing [Setup] section, line 31
2026-09-27T12:53:56.5055928Z Parsing [Setup] section, line 32
2026-09-27T12:53:56.5056183Z Parsing [Setup] section, line 33
2026-09-27T12:53:56.5056431Z Parsing [Setup] section, line 34
2026-09-27T12:53:56.5056653Z Parsing [Setup] section, line 35
2026-09-27T12:53:56.5056873Z Parsing [Setup] section, line 36
2026-09-27T12:53:56.5057070Z Parsing [Setup] section, line 37
2026-09-27T12:53:56.5057269Z Parsing [Setup] section, line 38
2026-09-27T12:53:56.5057466Z Parsing [Setup] section, line 39
2026-09-27T12:53:56.5057689Z Reading file (WizardImageFile)
2026-09-27T12:53:56.5057918Z Reading file (WizardSmallImageFile)
2026-09-27T12:53:56.5058156Z Preparing Setup program executable
2026-09-27T12:53:56.5366165Z    Verification successful
2026-09-27T12:53:56.5391457Z    Updating icons (Setup.e32)
2026-09-27T12:53:56.5466054Z    Updating version info (Setup.e32)
2026-09-27T12:53:56.5480192Z Determining language code pages
2026-09-27T12:53:56.5480896Z    Reading file: C:\Users\RUNNER~1\AppData\Local\Temp\wootc-preview-packaging-548c982e6caf4383bdaa49316e0df792\compiler\Default.isl
2026-09-27T12:53:56.5485222Z    Messages in script file
2026-09-27T12:53:56.5485938Z Reading default messages from Default.isl
2026-09-27T12:53:56.5491226Z Parsing [LangOptions], [Messages], and [CustomMessages] sections
2026-09-27T12:53:56.5492354Z    Reading file: C:\Users\RUNNER~1\AppData\Local\Temp\wootc-preview-packaging-548c982e6caf4383bdaa49316e0df792\compiler\Default.isl
2026-09-27T12:53:56.5493289Z    Messages in script file
2026-09-27T12:53:56.5496841Z Reading [Code] section
2026-09-27T12:53:56.5497488Z Parsing [Icons] section, line 45
2026-09-27T12:53:56.5497857Z Parsing [Files] section, line 42
2026-09-27T12:53:56.5555318Z Compiling [Code] section
2026-09-27T12:53:56.5608146Z Creating setup files
2026-09-27T12:53:56.5679253Z    Verification successful
2026-09-27T12:53:56.5687219Z    Updating icons (Setup.exe)
2026-09-27T12:53:56.5712324Z    Compressing: \\?\D:\a\wootc\wootc\out\branded-preview\clretwrc.dll
2026-09-27T12:53:56.5746295Z    Compressing: \\?\D:\a\wootc\wootc\out\branded-preview\clrgc.dll
2026-09-27T12:53:56.5804440Z    Compressing: \\?\D:\a\wootc\wootc\out\branded-preview\clrjit.dll
2026-09-27T12:53:56.5954131Z    Compressing: \\?\D:\a\wootc\wootc\out\branded-preview\coreclr.dll
2026-09-27T12:53:56.6402652Z    Compressing: \\?\D:\a\wootc\wootc\out\branded-preview\CoreMessagingXP.dll
2026-09-27T12:53:56.6493592Z    Compressing: \\?\D:\a\wootc\wootc\out\branded-preview\createdump.exe
2026-09-27T12:53:56.6500584Z    Compressing: \\?\D:\a\wootc\wootc\out\branded-preview\dcompi.dll
2026-09-27T12:53:56.6770220Z    Compressing: \\?\D:\a\wootc\wootc\out\branded-preview\DirectML.dll
2026-09-27T12:54:00.4925345Z    Compressing: \\?\D:\a\wootc\wootc\out\branded-preview\dwmcorei.dll
2026-09-27T12:54:00.5169653Z    Compressing: \\?\D:\a\wootc\wootc\out\branded-preview\DwmSceneI.dll
2026-09-27T12:54:01.2129186Z    Compressing: \\?\D:\a\wootc\wootc\out\branded-preview\DWriteCore.dll
2026-09-27T12:54:01.2483898Z    Compressing: \\?\D:\a\wootc\wootc\out\branded-preview\hostfxr.dll
2026-09-27T12:54:01.2515205Z    Compressing: \\?\D:\a\wootc\wootc\out\branded-preview\hostpolicy.dll
2026-09-27T12:54:01.2549527Z    Compressing: \\?\D:\a\wootc\wootc\out\branded-preview\marshal.dll
2026-09-27T12:54:01.2592879Z    Compressing: \\?\D:\a\wootc\wootc\out\branded-preview\Microsoft.Asg.SemanticIndex.AiFabric.Compatibility.dll
2026-09-27T12:54:02.1132362Z    Compressing: \\?\D:\a\wootc\wootc\out\branded-preview\Microsoft.CSharp.dll
2026-09-27T12:54:02.1324094Z    Compressing: \\?\D:\a\wootc\wootc\out\branded-preview\Microsoft.DiaSymReader.Native.amd64.dll
2026-09-27T12:54:03.2426543Z    Compressing: \\?\D:\a\wootc\wootc\out\branded-preview\Microsoft.DirectManipulation.dll
2026-09-27T12:54:03.2482460Z    Compressing: \\?\D:\a\wootc\wootc\out\branded-preview\Microsoft.Foundation.winmd
2026-09-27T12:54:03.2484262Z    Compressing: \\?\D:\a\wootc\wootc\out\branded-preview\Microsoft.Graphics.Display.dll
2026-09-27T12:54:03.2504318Z    Compressing: \\?\D:\a\wootc\wootc\out\branded-preview\Microsoft.Graphics.Imaging.dll
2026-09-27T12:54:03.2519118Z    Compressing: \\?\D:\a\wootc\wootc\out\branded-preview\Microsoft.Graphics.Imaging.Projection.dll
2026-09-27T12:54:03.2522450Z    Compressing: \\?\D:\a\wootc\wootc\out\branded-preview\Microsoft.Graphics.Imaging.winmd
2026-09-27T12:54:03.2524284Z    Compressing: \\?\D:\a\wootc\wootc\out\branded-preview\Microsoft.Graphics.ImagingInternal.ImageObjectRemover.winmd
2026-09-27T12:54:03.2525930Z    Compressing: \\?\D:\a\wootc\wootc\out\branded-preview\Microsoft.Graphics.ImagingInternal.winmd
2026-09-27T12:54:03.2528140Z    Compressing: \\?\D:\a\wootc\wootc\out\branded-preview\Microsoft.Graphics.Internal.Imaging.winmd
2026-09-27T12:54:03.2530266Z    Compressing: \\?\D:\a\wootc\wootc\out\branded-preview\Microsoft.Graphics.winmd
2026-09-27T12:54:03.2532808Z    Compressing: \\?\D:\a\wootc\wootc\out\branded-preview\Microsoft.InputStateManager.dll
2026-09-27T12:54:03.2571731Z    Compressing: \\?\D:\a\wootc\wootc\out\branded-preview\Microsoft.InteractiveExperiences.Projection.dll
2026-09-27T12:54:04.2954356Z    Compressing: \\?\D:\a\wootc\wootc\out\branded-preview\Microsoft.Internal.FrameworkUdk.dll
2026-09-27T12:54:04.3069911Z    Compressing: \\?\D:\a\wootc\wootc\out\branded-preview\Microsoft.ML.OnnxRuntime.dll
2026-09-27T12:54:04.3101940Z    Compressing: \\?\D:\a\wootc\wootc\out\branded-preview\Microsoft.Security.Authentication.OAuth.Projection.dll
2026-09-27T12:54:04.3122945Z    Compressing: \\?\D:\a\wootc\wootc\out\branded-preview\Microsoft.Security.Authentication.OAuth.winmd
2026-09-27T12:54:04.3124592Z    Compressing: \\?\D:\a\wootc\wootc\out\branded-preview\Microsoft.UI.Composition.OSSupport.dll
2026-09-27T12:54:04.3127495Z    Compressing: \\?\D:\a\wootc\wootc\out\branded-preview\Microsoft.UI.Designer.dll
2026-09-27T12:54:04.3143036Z    Compressing: \\?\D:\a\wootc\wootc\out\branded-preview\Microsoft.UI.dll
2026-09-27T12:54:04.3158620Z    Compressing: \\?\D:\a\wootc\wootc\out\branded-preview\Microsoft.UI.Input.dll
2026-09-27T12:54:04.3312752Z    Compressing: \\?\D:\a\wootc\wootc\out\branded-preview\Microsoft.UI.pri
2026-09-27T12:54:04.3325449Z    Compressing: \\?\D:\a\wootc\wootc\out\branded-preview\Microsoft.UI.Text.winmd
2026-09-27T12:54:04.3330872Z    Compressing: \\?\D:\a\wootc\wootc\out\branded-preview\Microsoft.UI.Windowing.Core.dll
2026-09-27T12:54:04.3426196Z    Compressing: \\?\D:\a\wootc\wootc\out\branded-preview\Microsoft.UI.Windowing.dll
2026-09-27T12:54:04.3465576Z    Compressing: \\?\D:\a\wootc\wootc\out\branded-preview\Microsoft.UI.winmd
2026-09-27T12:54:05.1324992Z    Compressing: \\?\D:\a\wootc\wootc\out\branded-preview\Microsoft.UI.Xaml.Controls.dll
2026-09-27T12:54:06.2094582Z    Compressing: \\?\D:\a\wootc\wootc\out\branded-preview\Microsoft.UI.Xaml.Controls.pri
2026-09-27T12:54:06.2282829Z    Compressing: \\?\D:\a\wootc\wootc\out\branded-preview\Microsoft.ui.xaml.dll
2026-09-27T12:54:09.5894959Z    Compressing: \\?\D:\a\wootc\wootc\out\branded-preview\Microsoft.UI.Xaml.Internal.dll
2026-09-27T12:54:10.4347416Z    Compressing: \\?\D:\a\wootc\wootc\out\branded-preview\Microsoft.UI.Xaml.Phone.dll
2026-09-27T12:54:10.4439275Z    Compressing: \\?\D:\a\wootc\wootc\out\branded-preview\Microsoft.ui.xaml.resources.19h1.dll
2026-09-27T12:54:10.4530193Z    Compressing: \\?\D:\a\wootc\wootc\out\branded-preview\Microsoft.ui.xaml.resources.common.dll
2026-09-27T12:54:10.4535046Z    Compressing: \\?\D:\a\wootc\wootc\out\branded-preview\Microsoft.UI.Xaml.winmd
2026-09-27T12:54:10.4676297Z    Compressing: \\?\D:\a\wootc\wootc\out\branded-preview\Microsoft.VisualBasic.Core.dll
2026-09-27T12:54:11.1955374Z    Compressing: \\?\D:\a\wootc\wootc\out\branded-preview\Microsoft.VisualBasic.dll
2026-09-27T12:54:11.1957861Z    Compressing: \\?\D:\a\wootc\wootc\out\branded-preview\Microsoft.Web.WebView2.Core.dll
2026-09-27T12:54:11.2047893Z    Compressing: \\?\D:\a\wootc\wootc\out\branded-preview\Microsoft.Web.WebView2.Core.Projection.dll
2026-09-27T12:54:11.2104730Z    Compressing: \\?\D:\a\wootc\wootc\out\branded-preview\Microsoft.Win32.Primitives.dll
2026-09-27T12:54:11.2107376Z    Compressing: \\?\D:\a\wootc\wootc\out\branded-preview\Microsoft.Win32.Registry.dll
2026-09-27T12:54:11.2118053Z    Compressing: \\?\D:\a\wootc\wootc\out\branded-preview\Microsoft.Windows.AI.AICapabilities.dll
2026-09-27T12:54:11.2128079Z    Compressing: \\?\D:\a\wootc\wootc\out\branded-preview\Microsoft.Windows.AI.ContentModerationInternal.winmd
2026-09-27T12:54:11.2129606Z    Compressing: \\?\D:\a\wootc\wootc\out\branded-preview\Microsoft.Windows.AI.ContentSafety.dll
2026-09-27T12:54:11.2139476Z    Compressing: \\?\D:\a\wootc\wootc\out\branded-preview\Microsoft.Windows.AI.ContentSafety.Projection.dll
2026-09-27T12:54:11.2142990Z    Compressing: \\?\D:\a\wootc\wootc\out\branded-preview\Microsoft.Windows.AI.ContentSafety.winmd
2026-09-27T12:54:11.2144901Z    Compressing: \\?\D:\a\wootc\wootc\out\branded-preview\Microsoft.Windows.AI.Foundation.Projection.dll
2026-09-27T12:54:11.2147436Z    Compressing: \\?\D:\a\wootc\wootc\out\branded-preview\Microsoft.Windows.AI.Foundation.winmd
2026-09-27T12:54:11.2148970Z    Compressing: \\?\D:\a\wootc\wootc\out\branded-preview\Microsoft.Windows.AI.FoundationInternal.winmd
2026-09-27T12:54:11.2150377Z    Compressing: \\?\D:\a\wootc\wootc\out\branded-preview\Microsoft.Windows.AI.GenerativeInternal.winmd
2026-09-27T12:54:11.2152413Z    Compressing: \\?\D:\a\wootc\wootc\out\branded-preview\Microsoft.Windows.AI.Imaging.dll
2026-09-27T12:54:11.2214630Z    Compressing: \\?\D:\a\wootc\wootc\out\branded-preview\Microsoft.Windows.AI.Imaging.Projection.dll
2026-09-27T12:54:11.2221883Z    Compressing: \\?\D:\a\wootc\wootc\out\branded-preview\Microsoft.Windows.AI.Imaging.winmd
2026-09-27T12:54:11.2224019Z    Compressing: \\?\D:\a\wootc\wootc\out\branded-preview\Microsoft.Windows.AI.MachineLearning.dll
2026-09-27T12:54:11.2308855Z    Compressing: \\?\D:\a\wootc\wootc\out\branded-preview\Microsoft.Windows.AI.MachineLearning.Projection.dll
2026-09-27T12:54:11.2320429Z    Compressing: \\?\D:\a\wootc\wootc\out\branded-preview\Microsoft.Windows.AI.Projection.dll
2026-09-27T12:54:11.2324585Z    Compressing: \\?\D:\a\wootc\wootc\out\branded-preview\Microsoft.Windows.AI.Search.Experimental.dll
2026-09-27T12:54:11.8910792Z    Compressing: \\?\D:\a\wootc\wootc\out\branded-preview\Microsoft.Windows.AI.Text.dll
2026-09-27T12:54:11.9004673Z    Compressing: \\?\D:\a\wootc\wootc\out\branded-preview\Microsoft.Windows.AI.Text.Projection.dll
2026-09-27T12:54:11.9014491Z    Compressing: \\?\D:\a\wootc\wootc\out\branded-preview\Microsoft.Windows.AI.Text.winmd
2026-09-27T12:54:11.9018052Z    Compressing: \\?\D:\a\wootc\wootc\out\branded-preview\Microsoft.Windows.AI.Video.dll
2026-09-27T12:54:11.9064030Z    Compressing: \\?\D:\a\wootc\wootc\out\branded-preview\Microsoft.Windows.AI.Video.Projection.dll
2026-09-27T12:54:11.9068429Z    Compressing: \\?\D:\a\wootc\wootc\out\branded-preview\Microsoft.Windows.AI.Video.winmd
2026-09-27T12:54:11.9070670Z    Compressing: \\?\D:\a\wootc\wootc\out\branded-preview\Microsoft.Windows.AI.winmd
2026-09-27T12:54:11.9073322Z    Compressing: \\?\D:\a\wootc\wootc\out\branded-preview\Microsoft.Windows.ApplicationModel.Background.Projection.dll
2026-09-27T12:54:11.9076215Z    Compressing: \\?\D:\a\wootc\wootc\out\branded-preview\Microsoft.Windows.ApplicationModel.Background.UniversalBGTask.dll
2026-09-27T12:54:11.9085537Z    Compressing: \\?\D:\a\wootc\wootc\out\branded-preview\Microsoft.Windows.ApplicationModel.Background.UniversalBGTask.winmd
2026-09-27T12:54:11.9087175Z    Compressing: \\?\D:\a\wootc\wootc\out\branded-preview\Microsoft.Windows.ApplicationModel.Background.winmd
2026-09-27T12:54:11.9088736Z    Compressing: \\?\D:\a\wootc\wootc\out\branded-preview\Microsoft.Windows.ApplicationModel.DynamicDependency.Projection.dll
2026-09-27T12:54:11.9092982Z    Compressing: \\?\D:\a\wootc\wootc\out\branded-preview\Microsoft.Windows.ApplicationModel.DynamicDependency.winmd
2026-09-27T12:54:11.9095996Z    Compressing: \\?\D:\a\wootc\wootc\out\branded-preview\Microsoft.Windows.ApplicationModel.Resources.dll
2026-09-27T12:54:11.9110060Z    Compressing: \\?\D:\a\wootc\wootc\out\branded-preview\Microsoft.Windows.ApplicationModel.Resources.Projection.dll
2026-09-27T12:54:11.9117321Z    Compressing: \\?\D:\a\wootc\wootc\out\branded-preview\Microsoft.Windows.ApplicationModel.Resources.winmd
2026-09-27T12:54:11.9120113Z    Compressing: \\?\D:\a\wootc\wootc\out\branded-preview\Microsoft.Windows.ApplicationModel.WindowsAppRuntime.Projection.dll
2026-09-27T12:54:11.9124805Z    Compressing: \\?\D:\a\wootc\wootc\out\branded-preview\Microsoft.Windows.ApplicationModel.WindowsAppRuntime.winmd
2026-09-27T12:54:11.9127201Z    Compressing: \\?\D:\a\wootc\wootc\out\branded-preview\Microsoft.Windows.AppLifecycle.Projection.dll
2026-09-27T12:54:11.9131046Z    Compressing: \\?\D:\a\wootc\wootc\out\branded-preview\Microsoft.Windows.AppLifecycle.winmd
2026-09-27T12:54:11.9133529Z    Compressing: \\?\D:\a\wootc\wootc\out\branded-preview\Microsoft.Windows.AppNotifications.Builder.Projection.dll
2026-09-27T12:54:11.9142893Z    Compressing: \\?\D:\a\wootc\wootc\out\branded-preview\Microsoft.Windows.AppNotifications.Builder.winmd
2026-09-27T12:54:11.9146555Z    Compressing: \\?\D:\a\wootc\wootc\out\branded-preview\Microsoft.Windows.AppNotifications.Projection.dll
2026-09-27T12:54:11.9155082Z    Compressing: \\?\D:\a\wootc\wootc\out\branded-preview\Microsoft.Windows.AppNotifications.winmd
2026-09-27T12:54:11.9158671Z    Compressing: \\?\D:\a\wootc\wootc\out\branded-preview\Microsoft.Windows.BadgeNotifications.Projection.dll
2026-09-27T12:54:11.9161373Z    Compressing: \\?\D:\a\wootc\wootc\out\branded-preview\Microsoft.Windows.BadgeNotifications.winmd
2026-09-27T12:54:11.9163145Z    Compressing: \\?\D:\a\wootc\wootc\out\branded-preview\Microsoft.Windows.Foundation.Projection.dll
2026-09-27T12:54:11.9166160Z    Compressing: \\?\D:\a\wootc\wootc\out\branded-preview\Microsoft.Windows.Foundation.winmd
2026-09-27T12:54:11.9168493Z    Compressing: \\?\D:\a\wootc\wootc\out\branded-preview\Microsoft.Windows.Globalization.winmd
2026-09-27T12:54:11.9170738Z    Compressing: \\?\D:\a\wootc\wootc\out\branded-preview\Microsoft.Windows.ImageCreationInternal.winmd
2026-09-27T12:54:11.9173036Z    Compressing: \\?\D:\a\wootc\wootc\out\branded-preview\Microsoft.Windows.Internal.AI.ContentModeration.winmd
2026-09-27T12:54:11.9175797Z    Compressing: \\?\D:\a\wootc\wootc\out\branded-preview\Microsoft.Windows.Internal.AI.Generative.winmd
2026-09-27T12:54:11.9179798Z    Compressing: \\?\D:\a\wootc\wootc\out\branded-preview\Microsoft.Windows.Internal.ImageCreation.winmd
2026-09-27T12:54:11.9181882Z    Compressing: \\?\D:\a\wootc\wootc\out\branded-preview\Microsoft.Windows.Internal.SemanticSearch.winmd
2026-09-27T12:54:11.9183965Z    Compressing: \\?\D:\a\wootc\wootc\out\branded-preview\Microsoft.Windows.Internal.Vision.winmd
2026-09-27T12:54:11.9185927Z    Compressing: \\?\D:\a\wootc\wootc\out\branded-preview\Microsoft.Windows.Management.Deployment.Projection.dll
2026-09-27T12:54:11.9200556Z    Compressing: \\?\D:\a\wootc\wootc\out\branded-preview\Microsoft.Windows.Management.Deployment.winmd
2026-09-27T12:54:11.9204344Z    Compressing: \\?\D:\a\wootc\wootc\out\branded-preview\Microsoft.Windows.Media.Capture.Projection.dll
2026-09-27T12:54:11.9207709Z    Compressing: \\?\D:\a\wootc\wootc\out\branded-preview\Microsoft.Windows.Media.Capture.winmd
2026-09-27T12:54:11.9209670Z    Compressing: \\?\D:\a\wootc\wootc\out\branded-preview\Microsoft.Windows.Private.Workloads.SessionManager.winmd
2026-09-27T12:54:11.9211273Z    Compressing: \\?\D:\a\wootc\wootc\out\branded-preview\Microsoft.Windows.PrivateCommon.winmd
2026-09-27T12:54:11.9213135Z    Compressing: \\?\D:\a\wootc\wootc\out\branded-preview\Microsoft.Windows.PushNotifications.Projection.dll
2026-09-27T12:54:11.9217429Z    Compressing: \\?\D:\a\wootc\wootc\out\branded-preview\Microsoft.Windows.PushNotifications.winmd
2026-09-27T12:54:11.9219055Z    Compressing: \\?\D:\a\wootc\wootc\out\branded-preview\Microsoft.Windows.SDK.NET.dll
2026-09-27T12:54:15.7093996Z    Compressing: \\?\D:\a\wootc\wootc\out\branded-preview\Microsoft.Windows.Search.dll
2026-09-27T12:54:16.3650557Z    Compressing: \\?\D:\a\wootc\wootc\out\branded-preview\Microsoft.Windows.Search.Projection.dll
2026-09-27T12:54:16.3674846Z    Compressing: \\?\D:\a\wootc\wootc\out\branded-preview\Microsoft.Windows.Search.winmd
2026-09-27T12:54:16.3679741Z    Compressing: \\?\D:\a\wootc\wootc\out\branded-preview\Microsoft.Windows.Security.AccessControl.Projection.dll
2026-09-27T12:54:16.3682183Z    Compressing: \\?\D:\a\wootc\wootc\out\branded-preview\Microsoft.Windows.Security.AccessControl.winmd
2026-09-27T12:54:16.3684074Z    Compressing: \\?\D:\a\wootc\wootc\out\branded-preview\Microsoft.Windows.SemanticSearch.winmd
2026-09-27T12:54:16.3685970Z    Compressing: \\?\D:\a\wootc\wootc\out\branded-preview\Microsoft.Windows.SemanticSearchInternal.winmd
2026-09-27T12:54:16.3688309Z    Compressing: \\?\D:\a\wootc\wootc\out\branded-preview\Microsoft.Windows.Storage.Pickers.Projection.dll
2026-09-27T12:54:16.3694545Z    Compressing: \\?\D:\a\wootc\wootc\out\branded-preview\Microsoft.Windows.Storage.Pickers.winmd
2026-09-27T12:54:16.3696829Z    Compressing: \\?\D:\a\wootc\wootc\out\branded-preview\Microsoft.Windows.Storage.Projection.dll
2026-09-27T12:54:16.3701212Z    Compressing: \\?\D:\a\wootc\wootc\out\branded-preview\Microsoft.Windows.Storage.winmd
2026-09-27T12:54:16.3703559Z    Compressing: \\?\D:\a\wootc\wootc\out\branded-preview\Microsoft.Windows.System.Power.Projection.dll
2026-09-27T12:54:16.3708724Z    Compressing: \\?\D:\a\wootc\wootc\out\branded-preview\Microsoft.Windows.System.Power.winmd
2026-09-27T12:54:16.3710079Z    Compressing: \\?\D:\a\wootc\wootc\out\branded-preview\Microsoft.Windows.System.Projection.dll
2026-09-27T12:54:16.3714125Z    Compressing: \\?\D:\a\wootc\wootc\out\branded-preview\Microsoft.Windows.System.winmd
2026-09-27T12:54:16.3716401Z    Compressing: \\?\D:\a\wootc\wootc\out\branded-preview\Microsoft.Windows.Vision.winmd
2026-09-27T12:54:16.3718471Z    Compressing: \\?\D:\a\wootc\wootc\out\branded-preview\Microsoft.Windows.VisionInternal.winmd
2026-09-27T12:54:16.3721029Z    Compressing: \\?\D:\a\wootc\wootc\out\branded-preview\Microsoft.Windows.Widgets.dll
2026-09-27T12:54:16.3976022Z    Compressing: \\?\D:\a\wootc\wootc\out\branded-preview\Microsoft.Windows.Widgets.Projection.dll
2026-09-27T12:54:17.1733561Z    Compressing: \\?\D:\a\wootc\wootc\out\branded-preview\Microsoft.Windows.Widgets.winmd
2026-09-27T12:54:17.1738073Z    Compressing: \\?\D:\a\wootc\wootc\out\branded-preview\Microsoft.Windows.Workloads.dll
2026-09-27T12:54:17.1773411Z    Compressing: \\?\D:\a\wootc\wootc\out\branded-preview\Microsoft.Windows.Workloads.pri
2026-09-27T12:54:17.1774646Z    Compressing: \\?\D:\a\wootc\wootc\out\branded-preview\Microsoft.Windows.Workloads.Resources.dll
2026-09-27T12:54:17.1789233Z    Compressing: \\?\D:\a\wootc\wootc\out\branded-preview\Microsoft.Windows.Workloads.Resources_ec.dll
2026-09-27T12:54:17.1803315Z    Compressing: \\?\D:\a\wootc\wootc\out\branded-preview\Microsoft.Windows.Workloads.winmd
2026-09-27T12:54:17.1805393Z    Compressing: \\?\D:\a\wootc\wootc\out\branded-preview\Microsoft.WindowsAppRuntime.Bootstrap.dll
2026-09-27T12:54:17.1842995Z    Compressing: \\?\D:\a\wootc\wootc\out\branded-preview\Microsoft.WindowsAppRuntime.Bootstrap.Net.dll
2026-09-27T12:54:17.1846027Z    Compressing: \\?\D:\a\wootc\wootc\out\branded-preview\Microsoft.WindowsAppRuntime.dll
2026-09-27T12:54:17.2064468Z    Compressing: \\?\D:\a\wootc\wootc\out\branded-preview\Microsoft.WindowsAppRuntime.pri
2026-09-27T12:54:17.2065895Z    Compressing: \\?\D:\a\wootc\wootc\out\branded-preview\Microsoft.WinUI.dll
2026-09-27T12:54:18.6525762Z    Compressing: \\?\D:\a\wootc\wootc\out\branded-preview\MRM.dll
2026-09-27T12:54:18.6553115Z    Compressing: \\?\D:\a\wootc\wootc\out\branded-preview\mscordaccore.dll
2026-09-27T12:54:18.6665020Z    Compressing: \\?\D:\a\wootc\wootc\out\branded-preview\mscordaccore_amd64_amd64_8.0.3126.42015.dll
2026-09-27T12:54:18.6779370Z    Compressing: \\?\D:\a\wootc\wootc\out\branded-preview\mscordbi.dll
2026-09-27T12:54:19.3353294Z    Compressing: \\?\D:\a\wootc\wootc\out\branded-preview\mscorlib.dll
2026-09-27T12:54:19.3361519Z    Compressing: \\?\D:\a\wootc\wootc\out\branded-preview\mscorrc.dll
2026-09-27T12:54:19.3379297Z    Compressing: \\?\D:\a\wootc\wootc\out\branded-preview\msquic.dll
2026-09-27T12:54:19.3445548Z    Compressing: \\?\D:\a\wootc\wootc\out\branded-preview\native-package.json
2026-09-27T12:54:19.3451730Z    Compressing: \\?\D:\a\wootc\wootc\out\branded-preview\netstandard.dll
2026-09-27T12:54:19.3464885Z    Compressing: \\?\D:\a\wootc\wootc\out\branded-preview\NPUDetect.dll
2026-09-27T12:54:19.3501973Z    Compressing: \\?\D:\a\wootc\wootc\out\branded-preview\onnxruntime.dll
2026-09-27T12:54:23.9434205Z    Compressing: \\?\D:\a\wootc\wootc\out\branded-preview\PerceptiveStreaming.dll
2026-09-27T12:54:24.5240203Z    Compressing: \\?\D:\a\wootc\wootc\out\branded-preview\PushNotificationsLongRunningTask.ProxyStub.dll
2026-09-27T12:54:24.5244725Z    Compressing: \\?\D:\a\wootc\wootc\out\branded-preview\RestartAgent.exe
2026-09-27T12:54:24.5255465Z    Compressing: \\?\D:\a\wootc\wootc\out\branded-preview\SessionHandleIPCProxyStub.dll
2026-09-27T12:54:24.5260414Z    Compressing: \\?\D:\a\wootc\wootc\out\branded-preview\System.AppContext.dll
2026-09-27T12:54:24.5262741Z    Compressing: \\?\D:\a\wootc\wootc\out\branded-preview\System.Buffers.dll
2026-09-27T12:54:24.5265874Z    Compressing: \\?\D:\a\wootc\wootc\out\branded-preview\System.Collections.Concurrent.dll
2026-09-27T12:54:24.5301433Z    Compressing: \\?\D:\a\wootc\wootc\out\branded-preview\System.Collections.dll
2026-09-27T12:54:24.5335714Z    Compressing: \\?\D:\a\wootc\wootc\out\branded-preview\System.Collections.Immutable.dll
2026-09-27T12:54:24.5410474Z    Compressing: \\?\D:\a\wootc\wootc\out\branded-preview\System.Collections.NonGeneric.dll
2026-09-27T12:54:24.5425054Z    Compressing: \\?\D:\a\wootc\wootc\out\branded-preview\System.Collections.Specialized.dll
2026-09-27T12:54:24.5439692Z    Compressing: \\?\D:\a\wootc\wootc\out\branded-preview\System.ComponentModel.Annotations.dll
2026-09-27T12:54:24.5467391Z    Compressing: \\?\D:\a\wootc\wootc\out\branded-preview\System.ComponentModel.DataAnnotations.dll
2026-09-27T12:54:24.5469565Z    Compressing: \\?\D:\a\wootc\wootc\out\branded-preview\System.ComponentModel.dll
2026-09-27T12:54:24.5472728Z    Compressing: \\?\D:\a\wootc\wootc\out\branded-preview\System.ComponentModel.EventBasedAsync.dll
2026-09-27T12:54:24.5477125Z    Compressing: \\?\D:\a\wootc\wootc\out\branded-preview\System.ComponentModel.Primitives.dll
2026-09-27T12:54:24.5484322Z    Compressing: \\?\D:\a\wootc\wootc\out\branded-preview\System.ComponentModel.TypeConverter.dll
2026-09-27T12:54:24.5545829Z    Compressing: \\?\D:\a\wootc\wootc\out\branded-preview\System.Configuration.dll
2026-09-27T12:54:24.5547913Z    Compressing: \\?\D:\a\wootc\wootc\out\branded-preview\System.Console.dll
2026-09-27T12:54:24.5563982Z    Compressing: \\?\D:\a\wootc\wootc\out\branded-preview\System.Core.dll
2026-09-27T12:54:24.5566992Z    Compressing: \\?\D:\a\wootc\wootc\out\branded-preview\System.Data.Common.dll
2026-09-27T12:54:25.1499310Z    Compressing: \\?\D:\a\wootc\wootc\out\branded-preview\System.Data.DataSetExtensions.dll
2026-09-27T12:54:25.1501619Z    Compressing: \\?\D:\a\wootc\wootc\out\branded-preview\System.Data.dll
2026-09-27T12:54:25.1504599Z    Compressing: \\?\D:\a\wootc\wootc\out\branded-preview\System.Diagnostics.Contracts.dll
2026-09-27T12:54:25.1506613Z    Compressing: \\?\D:\a\wootc\wootc\out\branded-preview\System.Diagnostics.Debug.dll
2026-09-27T12:54:25.1508604Z    Compressing: \\?\D:\a\wootc\wootc\out\branded-preview\System.Diagnostics.DiagnosticSource.dll
2026-09-27T12:54:25.1543595Z    Compressing: \\?\D:\a\wootc\wootc\out\branded-preview\System.Diagnostics.FileVersionInfo.dll
2026-09-27T12:54:25.1548159Z    Compressing: \\?\D:\a\wootc\wootc\out\branded-preview\System.Diagnostics.Process.dll
2026-09-27T12:54:25.1576972Z    Compressing: \\?\D:\a\wootc\wootc\out\branded-preview\System.Diagnostics.StackTrace.dll
2026-09-27T12:54:25.1581502Z    Compressing: \\?\D:\a\wootc\wootc\out\branded-preview\System.Diagnostics.TextWriterTraceListener.dll
2026-09-27T12:54:25.1588488Z    Compressing: \\?\D:\a\wootc\wootc\out\branded-preview\System.Diagnostics.Tools.dll
2026-09-27T12:54:25.1590829Z    Compressing: \\?\D:\a\wootc\wootc\out\branded-preview\System.Diagnostics.TraceSource.dll
2026-09-27T12:54:25.1604552Z    Compressing: \\?\D:\a\wootc\wootc\out\branded-preview\System.Diagnostics.Tracing.dll
2026-09-27T12:54:25.1606318Z    Compressing: \\?\D:\a\wootc\wootc\out\branded-preview\System.dll
2026-09-27T12:54:25.1610757Z    Compressing: \\?\D:\a\wootc\wootc\out\branded-preview\System.Drawing.dll
2026-09-27T12:54:25.1613052Z    Compressing: \\?\D:\a\wootc\wootc\out\branded-preview\System.Drawing.Primitives.dll
2026-09-27T12:54:25.1624606Z    Compressing: \\?\D:\a\wootc\wootc\out\branded-preview\System.Dynamic.Runtime.dll
2026-09-27T12:54:25.1626388Z    Compressing: \\?\D:\a\wootc\wootc\out\branded-preview\System.Formats.Asn1.dll
2026-09-27T12:54:25.1645831Z    Compressing: \\?\D:\a\wootc\wootc\out\branded-preview\System.Formats.Tar.dll
2026-09-27T12:54:25.1668786Z    Compressing: \\?\D:\a\wootc\wootc\out\branded-preview\System.Globalization.Calendars.dll
2026-09-27T12:54:25.1670582Z    Compressing: \\?\D:\a\wootc\wootc\out\branded-preview\System.Globalization.dll
2026-09-27T12:54:25.1672686Z    Compressing: \\?\D:\a\wootc\wootc\out\branded-preview\System.Globalization.Extensions.dll
2026-09-27T12:54:25.1674117Z    Compressing: \\?\D:\a\wootc\wootc\out\branded-preview\System.IO.Compression.Brotli.dll
2026-09-27T12:54:25.1681297Z    Compressing: \\?\D:\a\wootc\wootc\out\branded-preview\System.IO.Compression.dll
2026-09-27T12:54:25.1702835Z    Compressing: \\?\D:\a\wootc\wootc\out\branded-preview\System.IO.Compression.FileSystem.dll
2026-09-27T12:54:25.1704493Z    Compressing: \\?\D:\a\wootc\wootc\out\branded-preview\System.IO.Compression.Native.dll
2026-09-27T12:54:25.1773788Z    Compressing: \\?\D:\a\wootc\wootc\out\branded-preview\System.IO.Compression.ZipFile.dll
2026-09-27T12:54:25.1779901Z    Compressing: \\?\D:\a\wootc\wootc\out\branded-preview\System.IO.dll
2026-09-27T12:54:25.1782034Z    Compressing: \\?\D:\a\wootc\wootc\out\branded-preview\System.IO.FileSystem.AccessControl.dll
2026-09-27T12:54:25.1791001Z    Compressing: \\?\D:\a\wootc\wootc\out\branded-preview\System.IO.FileSystem.dll
2026-09-27T12:54:25.1793278Z    Compressing: \\?\D:\a\wootc\wootc\out\branded-preview\System.IO.FileSystem.DriveInfo.dll
2026-09-27T12:54:25.1798676Z    Compressing: \\?\D:\a\wootc\wootc\out\branded-preview\System.IO.FileSystem.Primitives.dll
2026-09-27T12:54:25.1800948Z    Compressing: \\?\D:\a\wootc\wootc\out\branded-preview\System.IO.FileSystem.Watcher.dll
2026-09-27T12:54:25.1809050Z    Compressing: \\?\D:\a\wootc\wootc\out\branded-preview\System.IO.IsolatedStorage.dll
2026-09-27T12:54:25.1817353Z    Compressing: \\?\D:\a\wootc\wootc\out\branded-preview\System.IO.MemoryMappedFiles.dll
2026-09-27T12:54:25.1825285Z    Compressing: \\?\D:\a\wootc\wootc\out\branded-preview\System.IO.Pipes.AccessControl.dll
2026-09-27T12:54:25.1827656Z    Compressing: \\?\D:\a\wootc\wootc\out\branded-preview\System.IO.Pipes.dll
2026-09-27T12:54:25.9166536Z    Compressing: \\?\D:\a\wootc\wootc\out\branded-preview\System.IO.UnmanagedMemoryStream.dll
2026-09-27T12:54:25.9168931Z    Compressing: \\?\D:\a\wootc\wootc\out\branded-preview\System.Linq.dll
2026-09-27T12:54:25.9234097Z    Compressing: \\?\D:\a\wootc\wootc\out\branded-preview\System.Linq.Expressions.dll
2026-09-27T12:54:25.9568404Z    Compressing: \\?\D:\a\wootc\wootc\out\branded-preview\System.Linq.Parallel.dll
2026-09-27T12:54:26.6952648Z    Compressing: \\?\D:\a\wootc\wootc\out\branded-preview\System.Linq.Queryable.dll
2026-09-27T12:54:26.6967119Z    Compressing: \\?\D:\a\wootc\wootc\out\branded-preview\System.Memory.dll
2026-09-27T12:54:26.6981115Z    Compressing: \\?\D:\a\wootc\wootc\out\branded-preview\System.Net.dll
2026-09-27T12:54:26.6983891Z    Compressing: \\?\D:\a\wootc\wootc\out\branded-preview\System.Net.Http.dll
2026-09-27T12:54:26.7151168Z    Compressing: \\?\D:\a\wootc\wootc\out\branded-preview\System.Net.Http.Json.dll
2026-09-27T12:54:26.7162317Z    Compressing: \\?\D:\a\wootc\wootc\out\branded-preview\System.Net.HttpListener.dll
2026-09-27T12:54:26.7206911Z    Compressing: \\?\D:\a\wootc\wootc\out\branded-preview\System.Net.Mail.dll
2026-09-27T12:54:26.7241966Z    Compressing: \\?\D:\a\wootc\wootc\out\branded-preview\System.Net.NameResolution.dll
2026-09-27T12:54:26.7251693Z    Compressing: \\?\D:\a\wootc\wootc\out\branded-preview\System.Net.NetworkInformation.dll
2026-09-27T12:54:26.7264966Z    Compressing: \\?\D:\a\wootc\wootc\out\branded-preview\System.Net.Ping.dll
2026-09-27T12:54:26.7273020Z    Compressing: \\?\D:\a\wootc\wootc\out\branded-preview\System.Net.Primitives.dll
2026-09-27T12:54:26.7292069Z    Compressing: \\?\D:\a\wootc\wootc\out\branded-preview\System.Net.Quic.dll
2026-09-27T12:54:26.7319712Z    Compressing: \\?\D:\a\wootc\wootc\out\branded-preview\System.Net.Requests.dll
2026-09-27T12:54:26.7357350Z    Compressing: \\?\D:\a\wootc\wootc\out\branded-preview\System.Net.Security.dll
2026-09-27T12:54:27.4465547Z    Compressing: \\?\D:\a\wootc\wootc\out\branded-preview\System.Net.ServicePoint.dll
2026-09-27T12:54:27.4471808Z    Compressing: \\?\D:\a\wootc\wootc\out\branded-preview\System.Net.Sockets.dll
2026-09-27T12:54:27.4538892Z    Compressing: \\?\D:\a\wootc\wootc\out\branded-preview\System.Net.WebClient.dll
2026-09-27T12:54:27.4559775Z    Compressing: \\?\D:\a\wootc\wootc\out\branded-preview\System.Net.WebHeaderCollection.dll
2026-09-27T12:54:27.4568266Z    Compressing: \\?\D:\a\wootc\wootc\out\branded-preview\System.Net.WebProxy.dll
2026-09-27T12:54:27.4574022Z    Compressing: \\?\D:\a\wootc\wootc\out\branded-preview\System.Net.WebSockets.Client.dll
2026-09-27T12:54:27.4586785Z    Compressing: \\?\D:\a\wootc\wootc\out\branded-preview\System.Net.WebSockets.dll
2026-09-27T12:54:27.4609671Z    Compressing: \\?\D:\a\wootc\wootc\out\branded-preview\System.Numerics.dll
2026-09-27T12:54:27.4611866Z    Compressing: \\?\D:\a\wootc\wootc\out\branded-preview\System.Numerics.Tensors.dll
2026-09-27T12:54:27.4663641Z    Compressing: \\?\D:\a\wootc\wootc\out\branded-preview\System.Numerics.Vectors.dll
2026-09-27T12:54:27.4666036Z    Compressing: \\?\D:\a\wootc\wootc\out\branded-preview\System.ObjectModel.dll
2026-09-27T12:54:27.4675997Z    Compressing: \\?\D:\a\wootc\wootc\out\branded-preview\System.Private.CoreLib.dll
2026-09-27T12:54:29.9214830Z    Compressing: \\?\D:\a\wootc\wootc\out\branded-preview\System.Private.DataContractSerialization.dll
2026-09-27T12:54:29.9383519Z    Compressing: \\?\D:\a\wootc\wootc\out\branded-preview\System.Private.Uri.dll
2026-09-27T12:54:29.9405160Z    Compressing: \\?\D:\a\wootc\wootc\out\branded-preview\System.Private.Xml.dll
2026-09-27T12:54:31.4237385Z    Compressing: \\?\D:\a\wootc\wootc\out\branded-preview\System.Private.Xml.Linq.dll
2026-09-27T12:54:31.4270863Z    Compressing: \\?\D:\a\wootc\wootc\out\branded-preview\System.Reflection.DispatchProxy.dll
2026-09-27T12:54:31.4277857Z    Compressing: \\?\D:\a\wootc\wootc\out\branded-preview\System.Reflection.dll
2026-09-27T12:54:31.4279958Z    Compressing: \\?\D:\a\wootc\wootc\out\branded-preview\System.Reflection.Emit.dll
2026-09-27T12:54:31.4291309Z    Compressing: \\?\D:\a\wootc\wootc\out\branded-preview\System.Reflection.Emit.ILGeneration.dll
2026-09-27T12:54:31.4293266Z    Compressing: \\?\D:\a\wootc\wootc\out\branded-preview\System.Reflection.Emit.Lightweight.dll
2026-09-27T12:54:31.4295254Z    Compressing: \\?\D:\a\wootc\wootc\out\branded-preview\System.Reflection.Extensions.dll
2026-09-27T12:54:31.4297330Z    Compressing: \\?\D:\a\wootc\wootc\out\branded-preview\System.Reflection.Metadata.dll
2026-09-27T12:54:31.4389846Z    Compressing: \\?\D:\a\wootc\wootc\out\branded-preview\System.Reflection.Primitives.dll
2026-09-27T12:54:31.4391930Z    Compressing: \\?\D:\a\wootc\wootc\out\branded-preview\System.Reflection.TypeExtensions.dll
2026-09-27T12:54:31.4395824Z    Compressing: \\?\D:\a\wootc\wootc\out\branded-preview\System.Resources.Reader.dll
2026-09-27T12:54:31.4397883Z    Compressing: \\?\D:\a\wootc\wootc\out\branded-preview\System.Resources.ResourceManager.dll
2026-09-27T12:54:31.4399767Z    Compressing: \\?\D:\a\wootc\wootc\out\branded-preview\System.Resources.Writer.dll
2026-09-27T12:54:31.4404715Z    Compressing: \\?\D:\a\wootc\wootc\out\branded-preview\System.Runtime.CompilerServices.Unsafe.dll
2026-09-27T12:54:31.4406649Z    Compressing: \\?\D:\a\wootc\wootc\out\branded-preview\System.Runtime.CompilerServices.VisualC.dll
2026-09-27T12:54:31.4409823Z    Compressing: \\?\D:\a\wootc\wootc\out\branded-preview\System.Runtime.dll
2026-09-27T12:54:31.4414171Z    Compressing: \\?\D:\a\wootc\wootc\out\branded-preview\System.Runtime.Extensions.dll
2026-09-27T12:54:31.4416295Z    Compressing: \\?\D:\a\wootc\wootc\out\branded-preview\System.Runtime.Handles.dll
2026-09-27T12:54:31.4418223Z    Compressing: \\?\D:\a\wootc\wootc\out\branded-preview\System.Runtime.InteropServices.dll
2026-09-27T12:54:31.4426856Z    Compressing: \\?\D:\a\wootc\wootc\out\branded-preview\System.Runtime.InteropServices.JavaScript.dll
2026-09-27T12:54:31.4432098Z    Compressing: \\?\D:\a\wootc\wootc\out\branded-preview\System.Runtime.InteropServices.RuntimeInformation.dll
2026-09-27T12:54:31.4433693Z    Compressing: \\?\D:\a\wootc\wootc\out\branded-preview\System.Runtime.Intrinsics.dll
2026-09-27T12:54:31.4436810Z    Compressing: \\?\D:\a\wootc\wootc\out\branded-preview\System.Runtime.Loader.dll
2026-09-27T12:54:31.4437733Z    Compressing: \\?\D:\a\wootc\wootc\out\branded-preview\System.Runtime.Numerics.dll
2026-09-27T12:54:31.4465750Z    Compressing: \\?\D:\a\wootc\wootc\out\branded-preview\System.Runtime.Serialization.dll
2026-09-27T12:54:31.4467961Z    Compressing: \\?\D:\a\wootc\wootc\out\branded-preview\System.Runtime.Serialization.Formatters.dll
2026-09-27T12:54:31.4493188Z    Compressing: \\?\D:\a\wootc\wootc\out\branded-preview\System.Runtime.Serialization.Json.dll
2026-09-27T12:54:31.4495165Z    Compressing: \\?\D:\a\wootc\wootc\out\branded-preview\System.Runtime.Serialization.Primitives.dll
2026-09-27T12:54:31.4498784Z    Compressing: \\?\D:\a\wootc\wootc\out\branded-preview\System.Runtime.Serialization.Xml.dll
2026-09-27T12:54:31.4500683Z    Compressing: \\?\D:\a\wootc\wootc\out\branded-preview\System.Security.AccessControl.dll
2026-09-27T12:54:31.4520024Z    Compressing: \\?\D:\a\wootc\wootc\out\branded-preview\System.Security.Claims.dll
2026-09-27T12:54:31.4528912Z    Compressing: \\?\D:\a\wootc\wootc\out\branded-preview\System.Security.Cryptography.Algorithms.dll
2026-09-27T12:54:31.4530854Z    Compressing: \\?\D:\a\wootc\wootc\out\branded-preview\System.Security.Cryptography.Cng.dll
2026-09-27T12:54:31.4532744Z    Compressing: \\?\D:\a\wootc\wootc\out\branded-preview\System.Security.Cryptography.Csp.dll
2026-09-27T12:54:31.4534555Z    Compressing: \\?\D:\a\wootc\wootc\out\branded-preview\System.Security.Cryptography.dll
2026-09-27T12:54:32.1153753Z    Compressing: \\?\D:\a\wootc\wootc\out\branded-preview\System.Security.Cryptography.Encoding.dll
2026-09-27T12:54:32.1156615Z    Compressing: \\?\D:\a\wootc\wootc\out\branded-preview\System.Security.Cryptography.OpenSsl.dll
2026-09-27T12:54:32.1158227Z    Compressing: \\?\D:\a\wootc\wootc\out\branded-preview\System.Security.Cryptography.Primitives.dll
2026-09-27T12:54:32.1160323Z    Compressing: \\?\D:\a\wootc\wootc\out\branded-preview\System.Security.Cryptography.X509Certificates.dll
2026-09-27T12:54:32.1162515Z    Compressing: \\?\D:\a\wootc\wootc\out\branded-preview\System.Security.dll
2026-09-27T12:54:32.1165061Z    Compressing: \\?\D:\a\wootc\wootc\out\branded-preview\System.Security.Principal.dll
2026-09-27T12:54:32.1167014Z    Compressing: \\?\D:\a\wootc\wootc\out\branded-preview\System.Security.Principal.Windows.dll
2026-09-27T12:54:32.1183272Z    Compressing: \\?\D:\a\wootc\wootc\out\branded-preview\System.Security.SecureString.dll
2026-09-27T12:54:32.1185667Z    Compressing: \\?\D:\a\wootc\wootc\out\branded-preview\System.ServiceModel.Web.dll
2026-09-27T12:54:32.1188234Z    Compressing: \\?\D:\a\wootc\wootc\out\branded-preview\System.ServiceProcess.dll
2026-09-27T12:54:32.1191022Z    Compressing: \\?\D:\a\wootc\wootc\out\branded-preview\System.Text.Encoding.CodePages.dll
2026-09-27T12:54:32.1263172Z    Compressing: \\?\D:\a\wootc\wootc\out\branded-preview\System.Text.Encoding.dll
2026-09-27T12:54:32.1265949Z    Compressing: \\?\D:\a\wootc\wootc\out\branded-preview\System.Text.Encoding.Extensions.dll
2026-09-27T12:54:32.1268527Z    Compressing: \\?\D:\a\wootc\wootc\out\branded-preview\System.Text.Encodings.Web.dll
2026-09-27T12:54:32.1281565Z    Compressing: \\?\D:\a\wootc\wootc\out\branded-preview\System.Text.Json.dll
2026-09-27T12:54:32.1408882Z    Compressing: \\?\D:\a\wootc\wootc\out\branded-preview\System.Text.RegularExpressions.dll
2026-09-27T12:54:32.1503352Z    Compressing: \\?\D:\a\wootc\wootc\out\branded-preview\System.Threading.Channels.dll
2026-09-27T12:54:32.1518515Z    Compressing: \\?\D:\a\wootc\wootc\out\branded-preview\System.Threading.dll
2026-09-27T12:54:32.8479041Z    Compressing: \\?\D:\a\wootc\wootc\out\branded-preview\System.Threading.Overlapped.dll
2026-09-27T12:54:32.8484698Z    Compressing: \\?\D:\a\wootc\wootc\out\branded-preview\System.Threading.Tasks.Dataflow.dll
2026-09-27T12:54:32.8549109Z    Compressing: \\?\D:\a\wootc\wootc\out\branded-preview\System.Threading.Tasks.dll
2026-09-27T12:54:32.8552316Z    Compressing: \\?\D:\a\wootc\wootc\out\branded-preview\System.Threading.Tasks.Extensions.dll
2026-09-27T12:54:32.8554674Z    Compressing: \\?\D:\a\wootc\wootc\out\branded-preview\System.Threading.Tasks.Parallel.dll
2026-09-27T12:54:32.8573658Z    Compressing: \\?\D:\a\wootc\wootc\out\branded-preview\System.Threading.Thread.dll
2026-09-27T12:54:32.8576327Z    Compressing: \\?\D:\a\wootc\wootc\out\branded-preview\System.Threading.ThreadPool.dll
2026-09-27T12:54:32.8579149Z    Compressing: \\?\D:\a\wootc\wootc\out\branded-preview\System.Threading.Timer.dll
2026-09-27T12:54:32.8581725Z    Compressing: \\?\D:\a\wootc\wootc\out\branded-preview\System.Transactions.dll
2026-09-27T12:54:32.8584420Z    Compressing: \\?\D:\a\wootc\wootc\out\branded-preview\System.Transactions.Local.dll
2026-09-27T12:54:32.8646844Z    Compressing: \\?\D:\a\wootc\wootc\out\branded-preview\System.ValueTuple.dll
2026-09-27T12:54:32.8648575Z    Compressing: \\?\D:\a\wootc\wootc\out\branded-preview\System.Web.dll
2026-09-27T12:54:32.8650471Z    Compressing: \\?\D:\a\wootc\wootc\out\branded-preview\System.Web.HttpUtility.dll
2026-09-27T12:54:32.8655773Z    Compressing: \\?\D:\a\wootc\wootc\out\branded-preview\System.Windows.dll
2026-09-27T12:54:32.8657586Z    Compressing: \\?\D:\a\wootc\wootc\out\branded-preview\System.Xml.dll
2026-09-27T12:54:32.8660313Z    Compressing: \\?\D:\a\wootc\wootc\out\branded-preview\System.Xml.Linq.dll
2026-09-27T12:54:32.8662220Z    Compressing: \\?\D:\a\wootc\wootc\out\branded-preview\System.Xml.ReaderWriter.dll
2026-09-27T12:54:32.8664581Z    Compressing: \\?\D:\a\wootc\wootc\out\branded-preview\System.Xml.Serialization.dll
2026-09-27T12:54:32.8666555Z    Compressing: \\?\D:\a\wootc\wootc\out\branded-preview\System.Xml.XDocument.dll
2026-09-27T12:54:32.8668633Z    Compressing: \\?\D:\a\wootc\wootc\out\branded-preview\System.Xml.XmlDocument.dll
2026-09-27T12:54:32.8670488Z    Compressing: \\?\D:\a\wootc\wootc\out\branded-preview\System.Xml.XmlSerializer.dll
2026-09-27T12:54:32.8672373Z    Compressing: \\?\D:\a\wootc\wootc\out\branded-preview\System.Xml.XPath.dll
2026-09-27T12:54:32.8674247Z    Compressing: \\?\D:\a\wootc\wootc\out\branded-preview\System.Xml.XPath.XDocument.dll
2026-09-27T12:54:32.8677493Z    Compressing: \\?\D:\a\wootc\wootc\out\branded-preview\WebView2Loader.dll
2026-09-27T12:54:32.8691156Z    Compressing: \\?\D:\a\wootc\wootc\out\branded-preview\WindowsBase.dll
2026-09-27T12:54:32.8693041Z    Compressing: \\?\D:\a\wootc\wootc\out\branded-preview\WinRT.Runtime.dll
2026-09-27T12:54:32.8736904Z    Compressing: \\?\D:\a\wootc\wootc\out\branded-preview\WinUIEdit.dll
2026-09-27T12:54:33.6173579Z    Compressing: \\?\D:\a\wootc\wootc\out\branded-preview\wootc-engine.exe
2026-09-27T12:54:35.5157284Z    Compressing: \\?\D:\a\wootc\wootc\out\branded-preview\Wootc.Shell.Core.dll
2026-09-27T12:54:35.5162002Z    Compressing: \\?\D:\a\wootc\wootc\out\branded-preview\Wootc.Shell.Core.pdb
2026-09-27T12:54:35.5164119Z    Compressing: \\?\D:\a\wootc\wootc\out\branded-preview\Wootc.Shell.deps.json
2026-09-27T12:54:35.5167723Z    Compressing: \\?\D:\a\wootc\wootc\out\branded-preview\Wootc.Shell.dll
2026-09-27T12:54:35.5182504Z    Compressing: \\?\D:\a\wootc\wootc\out\branded-preview\Wootc.Shell.exe
2026-09-27T12:54:35.5207092Z    Compressing: \\?\D:\a\wootc\wootc\out\branded-preview\Wootc.Shell.Native.dll
2026-09-27T12:54:35.5211254Z    Compressing: \\?\D:\a\wootc\wootc\out\branded-preview\Wootc.Shell.Native.pdb
2026-09-27T12:54:35.5213142Z    Compressing: \\?\D:\a\wootc\wootc\out\branded-preview\Wootc.Shell.pdb
2026-09-27T12:54:35.5216032Z    Compressing: \\?\D:\a\wootc\wootc\out\branded-preview\Wootc.Shell.pri
2026-09-27T12:54:35.9597951Z    Compressing: \\?\D:\a\wootc\wootc\out\branded-preview\Wootc.Shell.runtimeconfig.json
2026-09-27T12:54:35.9600926Z    Compressing: \\?\D:\a\wootc\wootc\out\branded-preview\workloads.365.json
2026-09-27T12:54:35.9607072Z    Compressing: \\?\D:\a\wootc\wootc\out\branded-preview\workloads.j32.json
2026-09-27T12:54:35.9608340Z    Compressing: \\?\D:\a\wootc\wootc\out\branded-preview\workloads.json
2026-09-27T12:54:35.9609219Z    Compressing: \\?\D:\a\wootc\wootc\out\branded-preview\workloads.lnl.json
2026-09-27T12:54:35.9610120Z    Compressing: \\?\D:\a\wootc\wootc\out\branded-preview\workloads.qnn.json
2026-09-27T12:54:35.9610960Z    Compressing: \\?\D:\a\wootc\wootc\out\branded-preview\workloads.stx.json
2026-09-27T12:54:35.9611769Z    Compressing: \\?\D:\a\wootc\wootc\out\branded-preview\wuceffectsi.dll
2026-09-27T12:54:35.9654937Z    Compressing: \\?\D:\a\wootc\wootc\out\branded-preview\af-ZA\Microsoft.ui.xaml.dll.mui
2026-09-27T12:54:35.9700776Z    Compressing: \\?\D:\a\wootc\wootc\out\branded-preview\af-ZA\Microsoft.UI.Xaml.Phone.dll.mui
2026-09-27T12:54:35.9702251Z    Compressing: \\?\D:\a\wootc\wootc\out\branded-preview\am-ET\Microsoft.ui.xaml.dll.mui
2026-09-27T12:54:35.9705787Z    Compressing: \\?\D:\a\wootc\wootc\out\branded-preview\am-ET\Microsoft.UI.Xaml.Phone.dll.mui
2026-09-27T12:54:35.9708030Z    Compressing: \\?\D:\a\wootc\wootc\out\branded-preview\ar-SA\Microsoft.ui.xaml.dll.mui
2026-09-27T12:54:35.9712205Z    Compressing: \\?\D:\a\wootc\wootc\out\branded-preview\ar-SA\Microsoft.UI.Xaml.Phone.dll.mui
2026-09-27T12:54:35.9714796Z    Compressing: \\?\D:\a\wootc\wootc\out\branded-preview\as-IN\Microsoft.ui.xaml.dll.mui
2026-09-27T12:54:35.9719042Z    Compressing: \\?\D:\a\wootc\wootc\out\branded-preview\as-IN\Microsoft.UI.Xaml.Phone.dll.mui
2026-09-27T12:54:35.9721549Z    Compressing: \\?\D:\a\wootc\wootc\out\branded-preview\az-Latn-AZ\Microsoft.ui.xaml.dll.mui
2026-09-27T12:54:35.9724625Z    Compressing: \\?\D:\a\wootc\wootc\out\branded-preview\az-Latn-AZ\Microsoft.UI.Xaml.Phone.dll.mui
2026-09-27T12:54:35.9726771Z    Compressing: \\?\D:\a\wootc\wootc\out\branded-preview\bg-BG\Microsoft.ui.xaml.dll.mui
2026-09-27T12:54:35.9730083Z    Compressing: \\?\D:\a\wootc\wootc\out\branded-preview\bg-BG\Microsoft.UI.Xaml.Phone.dll.mui
2026-09-27T12:54:35.9732228Z    Compressing: \\?\D:\a\wootc\wootc\out\branded-preview\bn-IN\Microsoft.ui.xaml.dll.mui
2026-09-27T12:54:35.9735533Z    Compressing: \\?\D:\a\wootc\wootc\out\branded-preview\bn-IN\Microsoft.UI.Xaml.Phone.dll.mui
2026-09-27T12:54:35.9737634Z    Compressing: \\?\D:\a\wootc\wootc\out\branded-preview\Branding\brand.json
2026-09-27T12:54:35.9738857Z    Compressing: \\?\D:\a\wootc\wootc\out\branded-preview\bs-Latn-BA\Microsoft.ui.xaml.dll.mui
2026-09-27T12:54:35.9742136Z    Compressing: \\?\D:\a\wootc\wootc\out\branded-preview\bs-Latn-BA\Microsoft.UI.Xaml.Phone.dll.mui
2026-09-27T12:54:35.9744494Z    Compressing: \\?\D:\a\wootc\wootc\out\branded-preview\ca-ES\Microsoft.ui.xaml.dll.mui
2026-09-27T12:54:35.9747394Z    Compressing: \\?\D:\a\wootc\wootc\out\branded-preview\ca-ES\Microsoft.UI.Xaml.Phone.dll.mui
2026-09-27T12:54:35.9749535Z    Compressing: \\?\D:\a\wootc\wootc\out\branded-preview\ca-Es-VALENCIA\Microsoft.ui.xaml.dll.mui
2026-09-27T12:54:35.9753056Z    Compressing: \\?\D:\a\wootc\wootc\out\branded-preview\ca-Es-VALENCIA\Microsoft.UI.Xaml.Phone.dll.mui
2026-09-27T12:54:35.9755257Z    Compressing: \\?\D:\a\wootc\wootc\out\branded-preview\cs-CZ\Microsoft.ui.xaml.dll.mui
2026-09-27T12:54:35.9759923Z    Compressing: \\?\D:\a\wootc\wootc\out\branded-preview\cs-CZ\Microsoft.UI.Xaml.Phone.dll.mui
2026-09-27T12:54:35.9761988Z    Compressing: \\?\D:\a\wootc\wootc\out\branded-preview\cy-GB\Microsoft.ui.xaml.dll.mui
2026-09-27T12:54:35.9764676Z    Compressing: \\?\D:\a\wootc\wootc\out\branded-preview\cy-GB\Microsoft.UI.Xaml.Phone.dll.mui
2026-09-27T12:54:35.9766159Z    Compressing: \\?\D:\a\wootc\wootc\out\branded-preview\da-DK\Microsoft.ui.xaml.dll.mui
2026-09-27T12:54:35.9768818Z    Compressing: \\?\D:\a\wootc\wootc\out\branded-preview\da-DK\Microsoft.UI.Xaml.Phone.dll.mui
2026-09-27T12:54:35.9770465Z    Compressing: \\?\D:\a\wootc\wootc\out\branded-preview\de-DE\Microsoft.ui.xaml.dll.mui
2026-09-27T12:54:35.9773126Z    Compressing: \\?\D:\a\wootc\wootc\out\branded-preview\de-DE\Microsoft.UI.Xaml.Phone.dll.mui
2026-09-27T12:54:35.9774898Z    Compressing: \\?\D:\a\wootc\wootc\out\branded-preview\el-GR\Microsoft.ui.xaml.dll.mui
2026-09-27T12:54:35.9777695Z    Compressing: \\?\D:\a\wootc\wootc\out\branded-preview\el-GR\Microsoft.UI.Xaml.Phone.dll.mui
2026-09-27T12:54:35.9779387Z    Compressing: \\?\D:\a\wootc\wootc\out\branded-preview\en-GB\Microsoft.ui.xaml.dll.mui
2026-09-27T12:54:35.9781945Z    Compressing: \\?\D:\a\wootc\wootc\out\branded-preview\en-GB\Microsoft.UI.Xaml.Phone.dll.mui
2026-09-27T12:54:35.9783458Z    Compressing: \\?\D:\a\wootc\wootc\out\branded-preview\en-us\Microsoft.ui.xaml.dll.mui
2026-09-27T12:54:35.9785959Z    Compressing: \\?\D:\a\wootc\wootc\out\branded-preview\en-us\Microsoft.UI.Xaml.Phone.dll.mui
2026-09-27T12:54:35.9787463Z    Compressing: \\?\D:\a\wootc\wootc\out\branded-preview\es-ES\Microsoft.ui.xaml.dll.mui
2026-09-27T12:54:35.9790429Z    Compressing: \\?\D:\a\wootc\wootc\out\branded-preview\es-ES\Microsoft.UI.Xaml.Phone.dll.mui
2026-09-27T12:54:35.9792153Z    Compressing: \\?\D:\a\wootc\wootc\out\branded-preview\es-MX\Microsoft.ui.xaml.dll.mui
2026-09-27T12:54:35.9794795Z    Compressing: \\?\D:\a\wootc\wootc\out\branded-preview\es-MX\Microsoft.UI.Xaml.Phone.dll.mui
2026-09-27T12:54:35.9796700Z    Compressing: \\?\D:\a\wootc\wootc\out\branded-preview\et-EE\Microsoft.ui.xaml.dll.mui
2026-09-27T12:54:35.9799460Z    Compressing: \\?\D:\a\wootc\wootc\out\branded-preview\et-EE\Microsoft.UI.Xaml.Phone.dll.mui
2026-09-27T12:54:35.9801245Z    Compressing: \\?\D:\a\wootc\wootc\out\branded-preview\eu-ES\Microsoft.ui.xaml.dll.mui
2026-09-27T12:54:35.9803930Z    Compressing: \\?\D:\a\wootc\wootc\out\branded-preview\eu-ES\Microsoft.UI.Xaml.Phone.dll.mui
2026-09-27T12:54:35.9805594Z    Compressing: \\?\D:\a\wootc\wootc\out\branded-preview\fa-IR\Microsoft.ui.xaml.dll.mui
2026-09-27T12:54:35.9808164Z    Compressing: \\?\D:\a\wootc\wootc\out\branded-preview\fa-IR\Microsoft.UI.Xaml.Phone.dll.mui
2026-09-27T12:54:35.9809780Z    Compressing: \\?\D:\a\wootc\wootc\out\branded-preview\fi-FI\Microsoft.ui.xaml.dll.mui
2026-09-27T12:54:35.9812505Z    Compressing: \\?\D:\a\wootc\wootc\out\branded-preview\fi-FI\Microsoft.UI.Xaml.Phone.dll.mui
2026-09-27T12:54:35.9814050Z    Compressing: \\?\D:\a\wootc\wootc\out\branded-preview\fil-PH\Microsoft.ui.xaml.dll.mui
2026-09-27T12:54:35.9817083Z    Compressing: \\?\D:\a\wootc\wootc\out\branded-preview\fil-PH\Microsoft.UI.Xaml.Phone.dll.mui
2026-09-27T12:54:35.9819173Z    Compressing: \\?\D:\a\wootc\wootc\out\branded-preview\fr-CA\Microsoft.ui.xaml.dll.mui
2026-09-27T12:54:35.9821819Z    Compressing: \\?\D:\a\wootc\wootc\out\branded-preview\fr-CA\Microsoft.UI.Xaml.Phone.dll.mui
2026-09-27T12:54:35.9823328Z    Compressing: \\?\D:\a\wootc\wootc\out\branded-preview\fr-FR\Microsoft.ui.xaml.dll.mui
2026-09-27T12:54:35.9826023Z    Compressing: \\?\D:\a\wootc\wootc\out\branded-preview\fr-FR\Microsoft.UI.Xaml.Phone.dll.mui
2026-09-27T12:54:35.9827678Z    Compressing: \\?\D:\a\wootc\wootc\out\branded-preview\ga-IE\Microsoft.ui.xaml.dll.mui
2026-09-27T12:54:35.9830436Z    Compressing: \\?\D:\a\wootc\wootc\out\branded-preview\ga-IE\Microsoft.UI.Xaml.Phone.dll.mui
2026-09-27T12:54:35.9832049Z    Compressing: \\?\D:\a\wootc\wootc\out\branded-preview\gd-gb\Microsoft.ui.xaml.dll.mui
2026-09-27T12:54:35.9834701Z    Compressing: \\?\D:\a\wootc\wootc\out\branded-preview\gd-gb\Microsoft.UI.Xaml.Phone.dll.mui
2026-09-27T12:54:35.9836191Z    Compressing: \\?\D:\a\wootc\wootc\out\branded-preview\gl-ES\Microsoft.ui.xaml.dll.mui
2026-09-27T12:54:35.9839217Z    Compressing: \\?\D:\a\wootc\wootc\out\branded-preview\gl-ES\Microsoft.UI.Xaml.Phone.dll.mui
2026-09-27T12:54:35.9840960Z    Compressing: \\?\D:\a\wootc\wootc\out\branded-preview\gu-IN\Microsoft.ui.xaml.dll.mui
2026-09-27T12:54:35.9843418Z    Compressing: \\?\D:\a\wootc\wootc\out\branded-preview\gu-IN\Microsoft.UI.Xaml.Phone.dll.mui
2026-09-27T12:54:35.9844992Z    Compressing: \\?\D:\a\wootc\wootc\out\branded-preview\he-IL\Microsoft.ui.xaml.dll.mui
2026-09-27T12:54:35.9847641Z    Compressing: \\?\D:\a\wootc\wootc\out\branded-preview\he-IL\Microsoft.UI.Xaml.Phone.dll.mui
2026-09-27T12:54:35.9849365Z    Compressing: \\?\D:\a\wootc\wootc\out\branded-preview\hi-IN\Microsoft.ui.xaml.dll.mui
2026-09-27T12:54:35.9851802Z    Compressing: \\?\D:\a\wootc\wootc\out\branded-preview\hi-IN\Microsoft.UI.Xaml.Phone.dll.mui
2026-09-27T12:54:35.9853437Z    Compressing: \\?\D:\a\wootc\wootc\out\branded-preview\hr-HR\Microsoft.ui.xaml.dll.mui
2026-09-27T12:54:35.9856032Z    Compressing: \\?\D:\a\wootc\wootc\out\branded-preview\hr-HR\Microsoft.UI.Xaml.Phone.dll.mui
2026-09-27T12:54:35.9857543Z    Compressing: \\?\D:\a\wootc\wootc\out\branded-preview\hu-HU\Microsoft.ui.xaml.dll.mui
2026-09-27T12:54:35.9860522Z    Compressing: \\?\D:\a\wootc\wootc\out\branded-preview\hu-HU\Microsoft.UI.Xaml.Phone.dll.mui
2026-09-27T12:54:35.9862214Z    Compressing: \\?\D:\a\wootc\wootc\out\branded-preview\hy-AM\Microsoft.ui.xaml.dll.mui
2026-09-27T12:54:35.9864905Z    Compressing: \\?\D:\a\wootc\wootc\out\branded-preview\hy-AM\Microsoft.UI.Xaml.Phone.dll.mui
2026-09-27T12:54:35.9866505Z    Compressing: \\?\D:\a\wootc\wootc\out\branded-preview\id-ID\Microsoft.ui.xaml.dll.mui
2026-09-27T12:54:35.9869138Z    Compressing: \\?\D:\a\wootc\wootc\out\branded-preview\id-ID\Microsoft.UI.Xaml.Phone.dll.mui
2026-09-27T12:54:35.9870648Z    Compressing: \\?\D:\a\wootc\wootc\out\branded-preview\is-IS\Microsoft.ui.xaml.dll.mui
2026-09-27T12:54:35.9873280Z    Compressing: \\?\D:\a\wootc\wootc\out\branded-preview\is-IS\Microsoft.UI.Xaml.Phone.dll.mui
2026-09-27T12:54:35.9874916Z    Compressing: \\?\D:\a\wootc\wootc\out\branded-preview\it-IT\Microsoft.ui.xaml.dll.mui
2026-09-27T12:54:35.9877693Z    Compressing: \\?\D:\a\wootc\wootc\out\branded-preview\it-IT\Microsoft.UI.Xaml.Phone.dll.mui
2026-09-27T12:54:35.9879471Z    Compressing: \\?\D:\a\wootc\wootc\out\branded-preview\ja-JP\Microsoft.ui.xaml.dll.mui
2026-09-27T12:54:35.9881807Z    Compressing: \\?\D:\a\wootc\wootc\out\branded-preview\ja-JP\Microsoft.UI.Xaml.Phone.dll.mui
2026-09-27T12:54:35.9883188Z    Compressing: \\?\D:\a\wootc\wootc\out\branded-preview\ka-GE\Microsoft.ui.xaml.dll.mui
2026-09-27T12:54:35.9896998Z    Compressing: \\?\D:\a\wootc\wootc\out\branded-preview\ka-GE\Microsoft.UI.Xaml.Phone.dll.mui
2026-09-27T12:54:35.9898600Z    Compressing: \\?\D:\a\wootc\wootc\out\branded-preview\kk-KZ\Microsoft.ui.xaml.dll.mui
2026-09-27T12:54:35.9899555Z    Compressing: \\?\D:\a\wootc\wootc\out\branded-preview\kk-KZ\Microsoft.UI.Xaml.Phone.dll.mui
2026-09-27T12:54:35.9900445Z    Compressing: \\?\D:\a\wootc\wootc\out\branded-preview\km-KH\Microsoft.ui.xaml.dll.mui
2026-09-27T12:54:35.9901332Z    Compressing: \\?\D:\a\wootc\wootc\out\branded-preview\km-KH\Microsoft.UI.Xaml.Phone.dll.mui
2026-09-27T12:54:35.9902168Z    Compressing: \\?\D:\a\wootc\wootc\out\branded-preview\kn-IN\Microsoft.ui.xaml.dll.mui
2026-09-27T12:54:35.9903069Z    Compressing: \\?\D:\a\wootc\wootc\out\branded-preview\kn-IN\Microsoft.UI.Xaml.Phone.dll.mui
2026-09-27T12:54:35.9903923Z    Compressing: \\?\D:\a\wootc\wootc\out\branded-preview\ko-KR\Microsoft.ui.xaml.dll.mui
2026-09-27T12:54:35.9905840Z    Compressing: \\?\D:\a\wootc\wootc\out\branded-preview\ko-KR\Microsoft.UI.Xaml.Phone.dll.mui
2026-09-27T12:54:35.9907186Z    Compressing: \\?\D:\a\wootc\wootc\out\branded-preview\kok-IN\Microsoft.ui.xaml.dll.mui
2026-09-27T12:54:35.9909816Z    Compressing: \\?\D:\a\wootc\wootc\out\branded-preview\kok-IN\Microsoft.UI.Xaml.Phone.dll.mui
2026-09-27T12:54:35.9911505Z    Compressing: \\?\D:\a\wootc\wootc\out\branded-preview\lb-LU\Microsoft.ui.xaml.dll.mui
2026-09-27T12:54:35.9914164Z    Compressing: \\?\D:\a\wootc\wootc\out\branded-preview\lb-LU\Microsoft.UI.Xaml.Phone.dll.mui
2026-09-27T12:54:35.9916252Z    Compressing: \\?\D:\a\wootc\wootc\out\branded-preview\lo-LA\Microsoft.ui.xaml.dll.mui
2026-09-27T12:54:35.9918929Z    Compressing: \\?\D:\a\wootc\wootc\out\branded-preview\lo-LA\Microsoft.UI.Xaml.Phone.dll.mui
2026-09-27T12:54:35.9920455Z    Compressing: \\?\D:\a\wootc\wootc\out\branded-preview\lt-LT\Microsoft.ui.xaml.dll.mui
2026-09-27T12:54:35.9923479Z    Compressing: \\?\D:\a\wootc\wootc\out\branded-preview\lt-LT\Microsoft.UI.Xaml.Phone.dll.mui
2026-09-27T12:54:35.9924892Z    Compressing: \\?\D:\a\wootc\wootc\out\branded-preview\lv-LV\Microsoft.ui.xaml.dll.mui
2026-09-27T12:54:35.9927516Z    Compressing: \\?\D:\a\wootc\wootc\out\branded-preview\lv-LV\Microsoft.UI.Xaml.Phone.dll.mui
2026-09-27T12:54:35.9928988Z    Compressing: \\?\D:\a\wootc\wootc\out\branded-preview\mi-NZ\Microsoft.ui.xaml.dll.mui
2026-09-27T12:54:35.9931702Z    Compressing: \\?\D:\a\wootc\wootc\out\branded-preview\mi-NZ\Microsoft.UI.Xaml.Phone.dll.mui
2026-09-27T12:54:35.9933375Z    Compressing: \\?\D:\a\wootc\wootc\out\branded-preview\Microsoft.UI.Xaml\Assets\map.html
2026-09-27T12:54:35.9936487Z    Compressing: \\?\D:\a\wootc\wootc\out\branded-preview\Microsoft.UI.Xaml\Assets\NoiseAsset_256x256_PNG.png
2026-09-27T12:54:35.9937816Z    Compressing: \\?\D:\a\wootc\wootc\out\branded-preview\mk-MK\Microsoft.ui.xaml.dll.mui
2026-09-27T12:54:35.9940514Z    Compressing: \\?\D:\a\wootc\wootc\out\branded-preview\mk-MK\Microsoft.UI.Xaml.Phone.dll.mui
2026-09-27T12:54:35.9942085Z    Compressing: \\?\D:\a\wootc\wootc\out\branded-preview\ml-IN\Microsoft.ui.xaml.dll.mui
2026-09-27T12:54:35.9944966Z    Compressing: \\?\D:\a\wootc\wootc\out\branded-preview\ml-IN\Microsoft.UI.Xaml.Phone.dll.mui
2026-09-27T12:54:35.9946615Z    Compressing: \\?\D:\a\wootc\wootc\out\branded-preview\mr-IN\Microsoft.ui.xaml.dll.mui
2026-09-27T12:54:35.9949194Z    Compressing: \\?\D:\a\wootc\wootc\out\branded-preview\mr-IN\Microsoft.UI.Xaml.Phone.dll.mui
2026-09-27T12:54:35.9950724Z    Compressing: \\?\D:\a\wootc\wootc\out\branded-preview\ms-MY\Microsoft.ui.xaml.dll.mui
2026-09-27T12:54:35.9953392Z    Compressing: \\?\D:\a\wootc\wootc\out\branded-preview\ms-MY\Microsoft.UI.Xaml.Phone.dll.mui
2026-09-27T12:54:35.9955077Z    Compressing: \\?\D:\a\wootc\wootc\out\branded-preview\mt-MT\Microsoft.ui.xaml.dll.mui
2026-09-27T12:54:35.9958075Z    Compressing: \\?\D:\a\wootc\wootc\out\branded-preview\mt-MT\Microsoft.UI.Xaml.Phone.dll.mui
2026-09-27T12:54:35.9959813Z    Compressing: \\?\D:\a\wootc\wootc\out\branded-preview\nb-NO\Microsoft.ui.xaml.dll.mui
2026-09-27T12:54:35.9962326Z    Compressing: \\?\D:\a\wootc\wootc\out\branded-preview\nb-NO\Microsoft.UI.Xaml.Phone.dll.mui
2026-09-27T12:54:35.9963916Z    Compressing: \\?\D:\a\wootc\wootc\out\branded-preview\ne-NP\Microsoft.ui.xaml.dll.mui
2026-09-27T12:54:35.9966607Z    Compressing: \\?\D:\a\wootc\wootc\out\branded-preview\ne-NP\Microsoft.UI.Xaml.Phone.dll.mui
2026-09-27T12:54:35.9968258Z    Compressing: \\?\D:\a\wootc\wootc\out\branded-preview\nl-NL\Microsoft.ui.xaml.dll.mui
2026-09-27T12:54:35.9970896Z    Compressing: \\?\D:\a\wootc\wootc\out\branded-preview\nl-NL\Microsoft.UI.Xaml.Phone.dll.mui
2026-09-27T12:54:35.9972535Z    Compressing: \\?\D:\a\wootc\wootc\out\branded-preview\nn-NO\Microsoft.ui.xaml.dll.mui
2026-09-27T12:54:35.9975184Z    Compressing: \\?\D:\a\wootc\wootc\out\branded-preview\nn-NO\Microsoft.UI.Xaml.Phone.dll.mui
2026-09-27T12:54:35.9976968Z    Compressing: \\?\D:\a\wootc\wootc\out\branded-preview\or-IN\Microsoft.ui.xaml.dll.mui
2026-09-27T12:54:35.9979838Z    Compressing: \\?\D:\a\wootc\wootc\out\branded-preview\or-IN\Microsoft.UI.Xaml.Phone.dll.mui
2026-09-27T12:54:35.9981413Z    Compressing: \\?\D:\a\wootc\wootc\out\branded-preview\pa-IN\Microsoft.ui.xaml.dll.mui
2026-09-27T12:54:35.9983873Z    Compressing: \\?\D:\a\wootc\wootc\out\branded-preview\pa-IN\Microsoft.UI.Xaml.Phone.dll.mui
2026-09-27T12:54:35.9985350Z    Compressing: \\?\D:\a\wootc\wootc\out\branded-preview\pl-PL\Microsoft.ui.xaml.dll.mui
2026-09-27T12:54:35.9988062Z    Compressing: \\?\D:\a\wootc\wootc\out\branded-preview\pl-PL\Microsoft.UI.Xaml.Phone.dll.mui
2026-09-27T12:54:35.9989733Z    Compressing: \\?\D:\a\wootc\wootc\out\branded-preview\pt-BR\Microsoft.ui.xaml.dll.mui
2026-09-27T12:54:35.9992332Z    Compressing: \\?\D:\a\wootc\wootc\out\branded-preview\pt-BR\Microsoft.UI.Xaml.Phone.dll.mui
2026-09-27T12:54:35.9993829Z    Compressing: \\?\D:\a\wootc\wootc\out\branded-preview\pt-PT\Microsoft.ui.xaml.dll.mui
2026-09-27T12:54:35.9996610Z    Compressing: \\?\D:\a\wootc\wootc\out\branded-preview\pt-PT\Microsoft.UI.Xaml.Phone.dll.mui
2026-09-27T12:54:35.9998307Z    Compressing: \\?\D:\a\wootc\wootc\out\branded-preview\quz-PE\Microsoft.ui.xaml.dll.mui
2026-09-27T12:54:36.0001129Z    Compressing: \\?\D:\a\wootc\wootc\out\branded-preview\quz-PE\Microsoft.UI.Xaml.Phone.dll.mui
2026-09-27T12:54:36.0002771Z    Compressing: \\?\D:\a\wootc\wootc\out\branded-preview\ro-RO\Microsoft.ui.xaml.dll.mui
2026-09-27T12:54:36.0005485Z    Compressing: \\?\D:\a\wootc\wootc\out\branded-preview\ro-RO\Microsoft.UI.Xaml.Phone.dll.mui
2026-09-27T12:54:36.0007125Z    Compressing: \\?\D:\a\wootc\wootc\out\branded-preview\ru-RU\Microsoft.ui.xaml.dll.mui
2026-09-27T12:54:36.0009998Z    Compressing: \\?\D:\a\wootc\wootc\out\branded-preview\ru-RU\Microsoft.UI.Xaml.Phone.dll.mui
2026-09-27T12:54:36.0011503Z    Compressing: \\?\D:\a\wootc\wootc\out\branded-preview\sk-SK\Microsoft.ui.xaml.dll.mui
2026-09-27T12:54:36.0014298Z    Compressing: \\?\D:\a\wootc\wootc\out\branded-preview\sk-SK\Microsoft.UI.Xaml.Phone.dll.mui
2026-09-27T12:54:36.0015953Z    Compressing: \\?\D:\a\wootc\wootc\out\branded-preview\sl-SI\Microsoft.ui.xaml.dll.mui
2026-09-27T12:54:36.0018840Z    Compressing: \\?\D:\a\wootc\wootc\out\branded-preview\sl-SI\Microsoft.UI.Xaml.Phone.dll.mui
2026-09-27T12:54:36.0020594Z    Compressing: \\?\D:\a\wootc\wootc\out\branded-preview\sq-AL\Microsoft.ui.xaml.dll.mui
2026-09-27T12:54:36.0023336Z    Compressing: \\?\D:\a\wootc\wootc\out\branded-preview\sq-AL\Microsoft.UI.Xaml.Phone.dll.mui
2026-09-27T12:54:36.0024911Z    Compressing: \\?\D:\a\wootc\wootc\out\branded-preview\sr-Cyrl-BA\Microsoft.ui.xaml.dll.mui
2026-09-27T12:54:36.0027657Z    Compressing: \\?\D:\a\wootc\wootc\out\branded-preview\sr-Cyrl-BA\Microsoft.UI.Xaml.Phone.dll.mui
2026-09-27T12:54:36.0029487Z    Compressing: \\?\D:\a\wootc\wootc\out\branded-preview\sr-Cyrl-RS\Microsoft.ui.xaml.dll.mui
2026-09-27T12:54:36.0032196Z    Compressing: \\?\D:\a\wootc\wootc\out\branded-preview\sr-Cyrl-RS\Microsoft.UI.Xaml.Phone.dll.mui
2026-09-27T12:54:36.0033888Z    Compressing: \\?\D:\a\wootc\wootc\out\branded-preview\sr-Latn-RS\Microsoft.ui.xaml.dll.mui
2026-09-27T12:54:36.0036728Z    Compressing: \\?\D:\a\wootc\wootc\out\branded-preview\sr-Latn-RS\Microsoft.UI.Xaml.Phone.dll.mui
2026-09-27T12:54:36.0038636Z    Compressing: \\?\D:\a\wootc\wootc\out\branded-preview\sv-SE\Microsoft.ui.xaml.dll.mui
2026-09-27T12:54:36.0041485Z    Compressing: \\?\D:\a\wootc\wootc\out\branded-preview\sv-SE\Microsoft.UI.Xaml.Phone.dll.mui
2026-09-27T12:54:36.0043205Z    Compressing: \\?\D:\a\wootc\wootc\out\branded-preview\ta-IN\Microsoft.ui.xaml.dll.mui
2026-09-27T12:54:36.0046098Z    Compressing: \\?\D:\a\wootc\wootc\out\branded-preview\ta-IN\Microsoft.UI.Xaml.Phone.dll.mui
2026-09-27T12:54:36.0047980Z    Compressing: \\?\D:\a\wootc\wootc\out\branded-preview\te-IN\Microsoft.ui.xaml.dll.mui
2026-09-27T12:54:36.0051513Z    Compressing: \\?\D:\a\wootc\wootc\out\branded-preview\te-IN\Microsoft.UI.Xaml.Phone.dll.mui
2026-09-27T12:54:36.0053294Z    Compressing: \\?\D:\a\wootc\wootc\out\branded-preview\th-TH\Microsoft.ui.xaml.dll.mui
2026-09-27T12:54:36.0056013Z    Compressing: \\?\D:\a\wootc\wootc\out\branded-preview\th-TH\Microsoft.UI.Xaml.Phone.dll.mui
2026-09-27T12:54:36.0058068Z    Compressing: \\?\D:\a\wootc\wootc\out\branded-preview\tr-TR\Microsoft.ui.xaml.dll.mui
2026-09-27T12:54:36.0060860Z    Compressing: \\?\D:\a\wootc\wootc\out\branded-preview\tr-TR\Microsoft.UI.Xaml.Phone.dll.mui
2026-09-27T12:54:36.0062683Z    Compressing: \\?\D:\a\wootc\wootc\out\branded-preview\tt-RU\Microsoft.ui.xaml.dll.mui
2026-09-27T12:54:36.0066401Z    Compressing: \\?\D:\a\wootc\wootc\out\branded-preview\tt-RU\Microsoft.UI.Xaml.Phone.dll.mui
2026-09-27T12:54:36.0068610Z    Compressing: \\?\D:\a\wootc\wootc\out\branded-preview\ug-CN\Microsoft.ui.xaml.dll.mui
2026-09-27T12:54:36.0072588Z    Compressing: \\?\D:\a\wootc\wootc\out\branded-preview\ug-CN\Microsoft.UI.Xaml.Phone.dll.mui
2026-09-27T12:54:36.0075783Z    Compressing: \\?\D:\a\wootc\wootc\out\branded-preview\uk-UA\Microsoft.ui.xaml.dll.mui
2026-09-27T12:54:36.0079557Z    Compressing: \\?\D:\a\wootc\wootc\out\branded-preview\uk-UA\Microsoft.UI.Xaml.Phone.dll.mui
2026-09-27T12:54:36.0081935Z    Compressing: \\?\D:\a\wootc\wootc\out\branded-preview\ur-PK\Microsoft.ui.xaml.dll.mui
2026-09-27T12:54:36.0086075Z    Compressing: \\?\D:\a\wootc\wootc\out\branded-preview\ur-PK\Microsoft.UI.Xaml.Phone.dll.mui
2026-09-27T12:54:36.0088449Z    Compressing: \\?\D:\a\wootc\wootc\out\branded-preview\uz-Latn-UZ\Microsoft.ui.xaml.dll.mui
2026-09-27T12:54:36.0092583Z    Compressing: \\?\D:\a\wootc\wootc\out\branded-preview\uz-Latn-UZ\Microsoft.UI.Xaml.Phone.dll.mui
2026-09-27T12:54:36.0095261Z    Compressing: \\?\D:\a\wootc\wootc\out\branded-preview\vi-VN\Microsoft.ui.xaml.dll.mui
2026-09-27T12:54:36.0099168Z    Compressing: \\?\D:\a\wootc\wootc\out\branded-preview\vi-VN\Microsoft.UI.Xaml.Phone.dll.mui
2026-09-27T12:54:36.0101620Z    Compressing: \\?\D:\a\wootc\wootc\out\branded-preview\zh-CN\Microsoft.ui.xaml.dll.mui
2026-09-27T12:54:36.0104851Z    Compressing: \\?\D:\a\wootc\wootc\out\branded-preview\zh-CN\Microsoft.UI.Xaml.Phone.dll.mui
2026-09-27T12:54:36.0107137Z    Compressing: \\?\D:\a\wootc\wootc\out\branded-preview\zh-TW\Microsoft.ui.xaml.dll.mui
2026-09-27T12:54:36.0110532Z    Compressing: \\?\D:\a\wootc\wootc\out\branded-preview\zh-TW\Microsoft.UI.Xaml.Phone.dll.mui
2026-09-27T12:54:36.6258478Z    Compressing Setup program executable
2026-09-27T12:54:37.0790356Z    Updating version info (Setup.exe)
2026-09-27T12:54:37.0790686Z    Updating manifest (Setup.exe)
2026-09-27T12:54:37.0791155Z 
2026-09-27T12:54:37.0794372Z 
2026-09-27T12:54:37.0795213Z Successful compile (40.594 sec). Resulting Setup program filename is:
2026-09-27T12:54:37.0796133Z D:\a\wootc\wootc\out\preview-installer\tunaos-native-preview-f92717b458fe1e3ecc82d6f6627443f161828dfb.exe
2026-09-27T12:54:48.6370659Z   Determining projects to restore...
2026-09-27T12:55:01.1164949Z   Restored D:\a\wootc\wootc\shell\Wootc.Shell.UiTests\Wootc.Shell.UiTests.csproj (in 12.25 sec).
2026-09-27T12:55:02.6412771Z   Wootc.Shell.UiTests -> D:\a\wootc\wootc\shell\Wootc.Shell.UiTests\bin\Release\net8.0-windows10.0.19041.0\Wootc.Shell.UiTests.dll
2026-09-27T12:55:02.6527432Z Test run for D:\a\wootc\wootc\shell\Wootc.Shell.UiTests\bin\Release\net8.0-windows10.0.19041.0\Wootc.Shell.UiTests.dll (.NETCoreApp,Version=v8.0)
2026-09-27T12:55:04.1099317Z A total of 1 test files matched the specified pattern.
2026-09-27T12:55:21.9829507Z Results File: D:\a\wootc\wootc\shell\Wootc.Shell.UiTests\TestResults\installed-tunaos.trx
2026-09-27T12:55:21.9832571Z 
2026-09-27T12:55:21.9871502Z Passed!  - Failed:     0, Passed:     1, Skipped:     0, Total:     1, Duration: 13 s - Wootc.Shell.UiTests.dll (net8.0)
2026-09-27T12:55:24.1040311Z [31;1mtest-installed-preview.ps1: [0mD:\a\_temp\043909a3-9c31-45a7-a1b5-715949b3bded.ps1:2[0m
2026-09-27T12:55:24.1040827Z [31;1m[0m[36;1mLine |[0m
2026-09-27T12:55:24.1041436Z [31;1m[0m[36;1m[36;1m   2 | [0m [36;1m./shell/packaging/test-installed-preview.ps1 -BrandId 'tunaos' -Build[0m …[0m
2026-09-27T12:55:24.1042087Z [31;1m[0m[36;1m[36;1m[0m[36;1m[0m[36;1m     | [31;1m ~~~~~~~~~~~~~~~~~~~~~~~~~~~~~~~~~~~~~~~~~~~~~~~~~~~~~~~~~~~~~~~~~~~~~[0m
2026-09-27T12:55:24.1042902Z [31;1m[0m[36;1m[36;1m[0m[36;1m[0m[36;1m[31;1m[31;1m[36;1m     | [31;1mException calling "Delete" with "2" argument(s): "The directory is not empty. : 'C:\Program Files\wootc Native[0m
2026-09-27T12:55:24.1043693Z [31;1m[0m[36;1m[36;1m[0m[36;1m[0m[36;1m[31;1m[31;1m[36;1m[31;1m[36;1m     | [31;1mPreview\tunaos-548c982e6caf4383bdaa49316e0df792'."[0m
2026-09-27T12:55:24.1282648Z ##[error]Process completed with exit code 1.
2026-09-27T12:55:24.1436740Z ##[group]Run actions/upload-artifact@v7
2026-09-27T12:55:24.1437022Z with:
2026-09-27T12:55:24.1437196Z   name: winui-preview-package-tunaos
2026-09-27T12:55:24.1437668Z   path: out/preview-installer/
out/branded-preview/native-package.json
shell/Wootc.Shell.UiTests/TestResults/*.trx

2026-09-27T12:55:24.1438108Z   if-no-files-found: error
2026-09-27T12:55:24.1438301Z   compression-level: 6
2026-09-27T12:55:24.1438474Z   overwrite: false
2026-09-27T12:55:24.1438636Z   include-hidden-files: false
2026-09-27T12:55:24.1438809Z   archive: true
2026-09-27T12:55:24.1438950Z env:
2026-09-27T12:55:24.1439098Z   DOTNET_ROOT: C:\Program Files\dotnet
2026-09-27T12:55:24.1439309Z   GOTOOLCHAIN: local
2026-09-27T12:55:24.1439470Z ##[endgroup]
2026-09-27T12:55:24.2945706Z Multiple search paths detected. Calculating the least common ancestor of all paths
2026-09-27T12:55:24.2948066Z The least common ancestor is D:\a\wootc\wootc. This will be the root directory of the artifact
2026-09-27T12:55:24.2949109Z With the provided path, there will be 5 files uploaded
2026-09-27T12:55:24.2952338Z Artifact name is valid!
2026-09-27T12:55:24.2953250Z Root directory input is valid!
2026-09-27T12:55:24.6273823Z Uploading artifact: winui-preview-package-tunaos.zip
2026-09-27T12:55:24.6310112Z Beginning upload of artifact content to blob storage
2026-09-27T12:55:25.9237437Z Uploaded bytes 8388608
2026-09-27T12:55:26.1583134Z Uploaded bytes 16777216
2026-09-27T12:55:26.1718205Z Uploaded bytes 25165824
2026-09-27T12:55:26.3690579Z Uploaded bytes 33554432
2026-09-27T12:55:26.3892823Z Uploaded bytes 41943040
2026-09-27T12:55:26.4853653Z Uploaded bytes 50331648
2026-09-27T12:55:26.7040721Z Uploaded bytes 58720256
2026-09-27T12:55:26.7360926Z Uploaded bytes 67108864
2026-09-27T12:55:26.8138785Z Uploaded bytes 67902320
2026-09-27T12:55:26.8758257Z Finished uploading artifact content to blob storage!
2026-09-27T12:55:26.8761495Z SHA256 digest of uploaded artifact is 3df54841dcf0162d424c71938a336bdedc399f9d9e5ec249c1d163a3e4fc0c34
2026-09-27T12:55:26.8763318Z Finalizing artifact upload
2026-09-27T12:55:27.2411043Z Artifact winui-preview-package-tunaos successfully finalized. Artifact ID 10932407117
2026-09-27T12:55:27.2412331Z Artifact winui-preview-package-tunaos has been successfully uploaded! Final size is 67902320 bytes. Artifact ID is 10932407117
2026-09-27T12:55:27.2419669Z Artifact download URL: https://github.com/tuna-os/wootc/actions/runs/36320372237/artifacts/10932407117
2026-09-27T12:55:27.2739122Z Post job cleanup.
2026-09-27T12:55:27.4169702Z [command]"C:\Program Files\Git\bin\git.exe" version
2026-09-27T12:55:27.4402330Z git version 2.55.0.windows.5
2026-09-27T12:55:27.4455078Z Temporarily overriding HOME='D:\a\_temp\cc308ace-8436-4b37-9f5e-712b37e419ac' before making global git config changes
2026-09-27T12:55:27.4455807Z Adding repository directory to the temporary git global config as a safe directory
2026-09-27T12:55:27.4463888Z [command]"C:\Program Files\Git\bin\git.exe" config --global --add safe.directory D:\a\wootc\wootc
2026-09-27T12:55:27.4744122Z Removing SSH command configuration
2026-09-27T12:55:27.4754995Z [command]"C:\Program Files\Git\bin\git.exe" config --local --name-only --get-regexp core\.sshCommand
2026-09-27T12:55:27.5066885Z [command]"C:\Program Files\Git\bin\git.exe" submodule foreach --recursive "sh -c \"git config --local --name-only --get-regexp 'core\.sshCommand' && git config --local --unset-all 'core.sshCommand' || :\""
2026-09-27T12:55:28.0087818Z Removing HTTP extra header
2026-09-27T12:55:28.0097174Z [command]"C:\Program Files\Git\bin\git.exe" config --local --name-only --get-regexp http\.https\:\/\/github\.com\/\.extraheader
2026-09-27T12:55:28.0379166Z [command]"C:\Program Files\Git\bin\git.exe" submodule foreach --recursive "sh -c \"git config --local --name-only --get-regexp 'http\.https\:\/\/github\.com\/\.extraheader' && git config --local --unset-all 'http.https://github.com/.extraheader' || :\""
2026-09-27T12:55:28.4997502Z Removing includeIf entries pointing to credentials config files
2026-09-27T12:55:28.5013520Z [command]"C:\Program Files\Git\bin\git.exe" config --local --name-only --get-regexp ^includeIf\.gitdir:
2026-09-27T12:55:28.5236572Z includeif.gitdir:D:/a/wootc/wootc/.git.path
2026-09-27T12:55:28.5236959Z includeif.gitdir:D:/a/wootc/wootc/.git/worktrees/*.path
2026-09-27T12:55:28.5237273Z includeif.gitdir:/github/workspace/.git.path
2026-09-27T12:55:28.5237633Z includeif.gitdir:/github/workspace/.git/worktrees/*.path
2026-09-27T12:55:28.5271156Z [command]"C:\Program Files\Git\bin\git.exe" config --local --get-all includeif.gitdir:D:/a/wootc/wootc/.git.path
2026-09-27T12:55:28.5494513Z D:\a\_temp\git-credentials-a9bfa1b5-12e8-4e7c-807e-062f6de39e76.config
2026-09-27T12:55:28.5532490Z [command]"C:\Program Files\Git\bin\git.exe" config --local --unset includeif.gitdir:D:/a/wootc/wootc/.git.path D\:\\a\\_temp\\git\-credentials\-a9bfa1b5\-12e8\-4e7c\-807e\-062f6de39e76\.config
2026-09-27T12:55:28.5793008Z [command]"C:\Program Files\Git\bin\git.exe" config --local --get-all includeif.gitdir:D:/a/wootc/wootc/.git/worktrees/*.path
2026-09-27T12:55:28.6010324Z D:\a\_temp\git-credentials-a9bfa1b5-12e8-4e7c-807e-062f6de39e76.config
2026-09-27T12:55:28.6048421Z [command]"C:\Program Files\Git\bin\git.exe" config --local --unset includeif.gitdir:D:/a/wootc/wootc/.git/worktrees/*.path D\:\\a\\_temp\\git\-credentials\-a9bfa1b5\-12e8\-4e7c\-807e\-062f6de39e76\.config
2026-09-27T12:55:28.6318493Z [command]"C:\Program Files\Git\bin\git.exe" config --local --get-all includeif.gitdir:/github/workspace/.git.path
2026-09-27T12:55:28.6543975Z /github/runner_temp/git-credentials-a9bfa1b5-12e8-4e7c-807e-062f6de39e76.config
2026-09-27T12:55:28.6580279Z [command]"C:\Program Files\Git\bin\git.exe" config --local --unset includeif.gitdir:/github/workspace/.git.path \/github\/runner_temp\/git\-credentials\-a9bfa1b5\-12e8\-4e7c\-807e\-062f6de39e76\.config
2026-09-27T12:55:28.6844041Z [command]"C:\Program Files\Git\bin\git.exe" config --local --get-all includeif.gitdir:/github/workspace/.git/worktrees/*.path
2026-09-27T12:55:28.7061013Z /github/runner_temp/git-credentials-a9bfa1b5-12e8-4e7c-807e-062f6de39e76.config
2026-09-27T12:55:28.7129758Z [command]"C:\Program Files\Git\bin\git.exe" config --local --unset includeif.gitdir:/github/workspace/.git/worktrees/*.path \/github\/runner_temp\/git\-credentials\-a9bfa1b5\-12e8\-4e7c\-807e\-062f6de39e76\.config
2026-09-27T12:55:28.7389041Z [command]"C:\Program Files\Git\bin\git.exe" submodule foreach --recursive "git config --local --show-origin --name-only --get-regexp remote.origin.url"
2026-09-27T12:55:29.1983359Z Removing credentials config 'D:\a\_temp\git-credentials-a9bfa1b5-12e8-4e7c-807e-062f6de39e76.config'
2026-09-27T12:55:29.2164379Z Cleaning up orphan processes
2026-09-27T12:55:29.2281823Z Terminate orphan process: pid (7492) (dotnet)
2026-09-27T12:55:29.2327257Z Terminate orphan process: pid (3992) (conhost)
2026-09-27T12:55:29.2507555Z Terminate orphan process: pid (4148) (VBCSCompiler)
2026-09-27T12:55:29.2570472Z Terminate orphan process: pid (6008) (conhost)
