2026-09-27T13:12:08.8933289Z Current runner version: '2.337.0'
2026-09-27T13:12:08.9150166Z ##[group]Runner Image Provisioner
2026-09-27T13:12:08.9151610Z Hosted Compute Agent
2026-09-27T13:12:08.9152726Z Version: 20260828.587
2026-09-27T13:12:08.9153755Z Commit: abac92662cab4cc7352de4f9f9d2e2419aad9c29
2026-09-27T13:12:08.9154951Z Build Date: 2026-08-28T16:44:25Z
2026-09-27T13:12:08.9156422Z Worker ID: {fa8745aa-0abd-49cd-a621-63467dbb9e5d}
2026-09-27T13:12:08.9157617Z Azure Region: westus
2026-09-27T13:12:08.9158486Z ##[endgroup]
2026-09-27T13:12:08.9160628Z ##[group]Operating System
2026-09-27T13:12:08.9162254Z Microsoft Windows Server 2025
2026-09-27T13:12:08.9163269Z 10.0.26100
2026-09-27T13:12:08.9164008Z Datacenter
2026-09-27T13:12:08.9164829Z ##[endgroup]
2026-09-27T13:12:08.9166090Z ##[group]Runner Image
2026-09-27T13:12:08.9166738Z Image: windows-2025-vs2026
2026-09-27T13:12:08.9167405Z Version: 20260922.246.2
2026-09-27T13:12:08.9170707Z Included Software: https://github.com/actions/runner-images/blob/win25-vs2026/20260922.246/images/windows/Windows2025-VS2026-Readme.md
2026-09-27T13:12:08.9174116Z Image Release: https://github.com/actions/runner-images/releases/tag/win25-vs2026%2F20260922.246
2026-09-27T13:12:08.9176021Z ##[endgroup]
2026-09-27T13:12:08.9178120Z ##[group]GITHUB_TOKEN Permissions
2026-09-27T13:12:08.9180851Z Contents: read
2026-09-27T13:12:08.9181927Z Metadata: read
2026-09-27T13:12:08.9182783Z ##[endgroup]
2026-09-27T13:12:08.9187345Z Secret source: Actions
2026-09-27T13:12:08.9189184Z Cache mode: write
2026-09-27T13:12:08.9190434Z Prepare workflow directory
2026-09-27T13:12:09.0237607Z Prepare all required actions
2026-09-27T13:12:09.0288833Z Getting action download info
2026-09-27T13:12:09.3935445Z Download action repository 'actions/checkout@v7' (SHA:3d3c42e5aac5ba805825da76410c181273ba90b1)
2026-09-27T13:12:09.5741958Z Download action repository 'actions/setup-dotnet@v6' (SHA:a98b56852c35b8e3190ac28c8c2271da59106c68)
2026-09-27T13:12:10.0817856Z Download action repository 'actions/setup-go@v7' (SHA:b7ad1dad31e06c5925ef5d2fc7ad053ef454303e)
2026-09-27T13:12:10.5725594Z Download action repository 'actions/upload-artifact@v7' (SHA:043fb46d1a93c77aae656e7c1c64a875d1fc6a0a)
2026-09-27T13:12:11.1799520Z Complete job name: Branded preview package (bazzite)
2026-09-27T13:12:11.8414548Z ##[group]Run actions/checkout@v7
2026-09-27T13:12:11.8415579Z with:
2026-09-27T13:12:11.8416029Z   repository: tuna-os/wootc
2026-09-27T13:12:11.8419537Z   token: ***
2026-09-27T13:12:11.8419926Z   ssh-strict: true
2026-09-27T13:12:11.8420318Z   ssh-user: git
2026-09-27T13:12:11.8420705Z   persist-credentials: true
2026-09-27T13:12:11.8421158Z   clean: true
2026-09-27T13:12:11.8421575Z   sparse-checkout-cone-mode: true
2026-09-27T13:12:11.8422007Z   fetch-depth: 1
2026-09-27T13:12:11.8422392Z   fetch-tags: false
2026-09-27T13:12:11.8422779Z   show-progress: true
2026-09-27T13:12:11.8423165Z   lfs: false
2026-09-27T13:12:11.8423611Z   submodules: false
2026-09-27T13:12:11.8424007Z   set-safe-directory: true
2026-09-27T13:12:11.8424474Z   allow-unsafe-pr-checkout: false
2026-09-27T13:12:11.8425214Z ##[endgroup]
2026-09-27T13:12:12.0373088Z Syncing repository: tuna-os/wootc
2026-09-27T13:12:12.0374790Z ##[group]Getting Git version info
2026-09-27T13:12:12.0375457Z Working directory is 'D:\a\wootc\wootc'
2026-09-27T13:12:12.1382855Z [command]"C:\Program Files\Git\bin\git.exe" version
2026-09-27T13:12:12.4633496Z git version 2.55.0.windows.5
2026-09-27T13:12:12.4695435Z ##[endgroup]
2026-09-27T13:12:12.4737730Z Temporarily overriding HOME='D:\a\_temp\a73d0fca-e6db-44be-b29b-53d188f198f5' before making global git config changes
2026-09-27T13:12:12.4738944Z Adding repository directory to the temporary git global config as a safe directory
2026-09-27T13:12:12.4739937Z [command]"C:\Program Files\Git\bin\git.exe" config --global --add safe.directory D:\a\wootc\wootc
2026-09-27T13:12:12.5322424Z Deleting the contents of 'D:\a\wootc\wootc'
2026-09-27T13:12:12.5328136Z ##[group]Determining repository object format
2026-09-27T13:12:12.5393740Z ##[endgroup]
2026-09-27T13:12:12.5394963Z ##[group]Initializing the repository
2026-09-27T13:12:12.5395998Z [command]"C:\Program Files\Git\bin\git.exe" init D:\a\wootc\wootc
2026-09-27T13:12:12.6308532Z Initialized empty Git repository in D:/a/wootc/wootc/.git/
2026-09-27T13:12:12.6356914Z [command]"C:\Program Files\Git\bin\git.exe" remote add origin https://github.com/tuna-os/wootc
2026-09-27T13:12:12.6952011Z ##[endgroup]
2026-09-27T13:12:12.6952705Z ##[group]Disabling automatic garbage collection
2026-09-27T13:12:12.6961342Z [command]"C:\Program Files\Git\bin\git.exe" config --local gc.auto 0
2026-09-27T13:12:12.7274445Z ##[endgroup]
2026-09-27T13:12:12.7275130Z ##[group]Setting up auth
2026-09-27T13:12:12.7275663Z Removing SSH command configuration
2026-09-27T13:12:12.7285690Z [command]"C:\Program Files\Git\bin\git.exe" config --local --name-only --get-regexp core\.sshCommand
2026-09-27T13:12:12.7618886Z [command]"C:\Program Files\Git\bin\git.exe" submodule foreach --recursive "sh -c \"git config --local --name-only --get-regexp 'core\.sshCommand' && git config --local --unset-all 'core.sshCommand' || :\""
2026-09-27T13:12:14.1630844Z Removing HTTP extra header
2026-09-27T13:12:14.1639768Z [command]"C:\Program Files\Git\bin\git.exe" config --local --name-only --get-regexp http\.https\:\/\/github\.com\/\.extraheader
2026-09-27T13:12:14.1949701Z [command]"C:\Program Files\Git\bin\git.exe" submodule foreach --recursive "sh -c \"git config --local --name-only --get-regexp 'http\.https\:\/\/github\.com\/\.extraheader' && git config --local --unset-all 'http.https://github.com/.extraheader' || :\""
2026-09-27T13:12:14.8544285Z Removing includeIf entries pointing to credentials config files
2026-09-27T13:12:14.8558276Z [command]"C:\Program Files\Git\bin\git.exe" config --local --name-only --get-regexp ^includeIf\.gitdir:
2026-09-27T13:12:14.9049074Z [command]"C:\Program Files\Git\bin\git.exe" submodule foreach --recursive "git config --local --show-origin --name-only --get-regexp remote.origin.url"
2026-09-27T13:12:15.8723226Z [command]"C:\Program Files\Git\bin\git.exe" config --file D:\a\_temp\git-credentials-779cea5a-d0f1-4cb1-94d7-5e92da45fe2e.config http.https://github.com/.extraheader "AUTHORIZATION: basic ***"
2026-09-27T13:12:15.9553074Z [command]"C:\Program Files\Git\bin\git.exe" config --local includeIf.gitdir:D:/a/wootc/wootc/.git.path D:\a\_temp\git-credentials-779cea5a-d0f1-4cb1-94d7-5e92da45fe2e.config
2026-09-27T13:12:16.0116798Z [command]"C:\Program Files\Git\bin\git.exe" config --local includeIf.gitdir:D:/a/wootc/wootc/.git/worktrees/*.path D:\a\_temp\git-credentials-779cea5a-d0f1-4cb1-94d7-5e92da45fe2e.config
2026-09-27T13:12:16.1255034Z [command]"C:\Program Files\Git\bin\git.exe" config --local includeIf.gitdir:/github/workspace/.git.path /github/runner_temp/git-credentials-779cea5a-d0f1-4cb1-94d7-5e92da45fe2e.config
2026-09-27T13:12:16.2113789Z [command]"C:\Program Files\Git\bin\git.exe" config --local includeIf.gitdir:/github/workspace/.git/worktrees/*.path /github/runner_temp/git-credentials-779cea5a-d0f1-4cb1-94d7-5e92da45fe2e.config
2026-09-27T13:12:16.3124622Z ##[endgroup]
2026-09-27T13:12:16.3125281Z ##[group]Fetching the repository
2026-09-27T13:12:16.3141994Z [command]"C:\Program Files\Git\bin\git.exe" -c protocol.version=2 fetch --no-tags --prune --no-recurse-submodules --depth=1 origin +095a45b1abe3e3703b2f830aaf0501a57b1e52a8:refs/remotes/pull/450/merge
2026-09-27T13:12:18.0017828Z From https://github.com/tuna-os/wootc
2026-09-27T13:12:18.0018864Z  * [new ref]         095a45b1abe3e3703b2f830aaf0501a57b1e52a8 -> pull/450/merge
2026-09-27T13:12:18.0096001Z ##[endgroup]
2026-09-27T13:12:18.0096983Z ##[group]Determining the checkout info
2026-09-27T13:12:18.0098225Z ##[endgroup]
2026-09-27T13:12:18.0111350Z [command]"C:\Program Files\Git\bin\git.exe" sparse-checkout disable
2026-09-27T13:12:18.1974545Z [command]"C:\Program Files\Git\bin\git.exe" config --local --unset-all extensions.worktreeConfig
2026-09-27T13:12:18.3158978Z ##[group]Checking out the ref
2026-09-27T13:12:18.3174275Z [command]"C:\Program Files\Git\bin\git.exe" checkout --progress --force refs/remotes/pull/450/merge
2026-09-27T13:12:18.8803152Z Note: switching to 'refs/remotes/pull/450/merge'.
2026-09-27T13:12:18.8804038Z 
2026-09-27T13:12:18.8804408Z You are in 'detached HEAD' state. You can look around, make experimental
2026-09-27T13:12:18.8805308Z changes and commit them, and you can discard any commits you make in this
2026-09-27T13:12:18.8806213Z state without impacting any branches by switching back to a branch.
2026-09-27T13:12:18.8806765Z 
2026-09-27T13:12:18.8807143Z If you want to create a new branch to retain commits you create, you may
2026-09-27T13:12:18.8807907Z do so (now or later) by using -c with the switch command. Example:
2026-09-27T13:12:18.8808351Z 
2026-09-27T13:12:18.8808512Z   git switch -c <new-branch-name>
2026-09-27T13:12:18.8808828Z 
2026-09-27T13:12:18.8808987Z Or undo this operation with:
2026-09-27T13:12:18.8809286Z 
2026-09-27T13:12:18.8809423Z   git switch -
2026-09-27T13:12:18.8809619Z 
2026-09-27T13:12:18.8810008Z Turn off this advice by setting config variable advice.detachedHead to false
2026-09-27T13:12:18.8810578Z 
2026-09-27T13:12:18.8811248Z HEAD is now at 095a45b Merge b04275c1594b3fa49674f4127b3718329322ea0a into c5b5b2ac38ccf5df5eaf5fecb20398fcda9aef53
2026-09-27T13:12:18.8989206Z ##[endgroup]
2026-09-27T13:12:19.0290643Z [command]"C:\Program Files\Git\bin\git.exe" log -1 --format=%H
2026-09-27T13:12:19.2209368Z 095a45b1abe3e3703b2f830aaf0501a57b1e52a8
2026-09-27T13:12:19.2999526Z ##[group]Run actions/setup-dotnet@v6
2026-09-27T13:12:19.2999869Z with:
2026-09-27T13:12:19.3000181Z   global-json-file: shell/global.json
2026-09-27T13:12:19.3000605Z   cache: false
2026-09-27T13:12:19.3000893Z ##[endgroup]
2026-09-27T13:12:19.7253257Z [command]"C:\Program Files\PowerShell\7\pwsh.exe" -NoLogo -Sta -NoProfile -NonInteractive -ExecutionPolicy Unrestricted -Command & 'D:\a\_actions\actions\setup-dotnet\v6\externals\install-dotnet.ps1' -SkipNonVersionedFiles -Runtime dotnet -Channel LTS
2026-09-27T13:12:21.3867058Z dotnet-install: .NET Core Runtime with version '10.0.12' is already installed.
2026-09-27T13:12:21.5964003Z [command]"C:\Program Files\PowerShell\7\pwsh.exe" -NoLogo -Sta -NoProfile -NonInteractive -ExecutionPolicy Unrestricted -Command & 'D:\a\_actions\actions\setup-dotnet\v6\externals\install-dotnet.ps1' -SkipNonVersionedFiles -Version 8.0.425
2026-09-27T13:12:22.7419032Z dotnet-install: .NET Core SDK with version '8.0.425' is already installed.
2026-09-27T13:12:22.9059979Z ##[group]Run actions/setup-go@v7
2026-09-27T13:12:22.9060300Z with:
2026-09-27T13:12:22.9060594Z   go-version-file: app/go.mod
2026-09-27T13:12:22.9060912Z   check-latest: false
2026-09-27T13:12:22.9063955Z   token: ***
2026-09-27T13:12:22.9064147Z   cache: true
2026-09-27T13:12:22.9064330Z env:
2026-09-27T13:12:22.9064514Z   DOTNET_ROOT: C:\Program Files\dotnet
2026-09-27T13:12:22.9064762Z ##[endgroup]
2026-09-27T13:12:23.1375551Z Setup go version spec 1.26.0
2026-09-27T13:12:23.1392428Z Attempting to download 1.26.0...
2026-09-27T13:12:23.6918237Z matching 1.26.0...
2026-09-27T13:12:23.6925408Z Acquiring 1.26.0 from https://github.com/actions/go-versions/releases/download/1.26.0-21889650668/go-1.26.0-win32-x64.zip
2026-09-27T13:12:24.5216930Z Extracting Go...
2026-09-27T13:12:24.6376772Z [command]"C:\Program Files\PowerShell\7\pwsh.exe" -NoLogo -NoProfile -NonInteractive -ExecutionPolicy Unrestricted -Command "$ErrorActionPreference = 'Stop' ; try { Add-Type -AssemblyName System.IO.Compression.ZipFile } catch { } ; try { [System.IO.Compression.ZipFile]::ExtractToDirectory('D:\a\_temp\go-1.26.0-win32-x64.zip', 'D:\a\_temp\b5836a38-8753-4adf-aa2a-079db8d6c143', $true) } catch { if (($_.Exception.GetType().FullName -eq 'System.Management.Automation.MethodException') -or ($_.Exception.GetType().FullName -eq 'System.Management.Automation.RuntimeException') ){ Expand-Archive -LiteralPath 'D:\a\_temp\go-1.26.0-win32-x64.zip' -DestinationPath 'D:\a\_temp\b5836a38-8753-4adf-aa2a-079db8d6c143' -Force } else { throw $_ } } ;"
2026-09-27T13:12:31.3305519Z Successfully extracted go to D:\a\_temp\b5836a38-8753-4adf-aa2a-079db8d6c143
2026-09-27T13:12:31.3306221Z Adding to the cache ...
2026-09-27T13:12:42.7574963Z Created link C:\hostedtoolcache\windows\go\1.26.0\x64 => D:\hostedtoolcache\windows\go\1.26.0\x64
2026-09-27T13:12:42.7579893Z Created link C:\hostedtoolcache\windows\go\1.26.0\x64.complete => D:\hostedtoolcache\windows\go\1.26.0\x64.complete
2026-09-27T13:12:42.7581411Z Successfully cached go to C:\hostedtoolcache\windows\go\1.26.0\x64
2026-09-27T13:12:42.7586003Z Added go to the path
2026-09-27T13:12:42.7587310Z Successfully set up Go version 1.26.0
2026-09-27T13:12:43.1766895Z [command]C:\hostedtoolcache\windows\go\1.26.0\x64\bin\go.exe env GOCACHE
2026-09-27T13:12:43.1841156Z [command]C:\hostedtoolcache\windows\go\1.26.0\x64\bin\go.exe env GOMODCACHE
2026-09-27T13:12:43.2220066Z C:\Users\runneradmin\AppData\Local\go-build
2026-09-27T13:12:43.2220871Z C:\Users\runneradmin\go\pkg\mod
2026-09-27T13:12:43.2294901Z ##[warning]Restore cache failed: Dependencies file is not found in D:\a\wootc\wootc. Supported file pattern: go.mod
2026-09-27T13:12:43.2309710Z go version go1.26.0 windows/amd64
2026-09-27T13:12:43.2309929Z 
2026-09-27T13:12:43.2310220Z ##[group]go env
2026-09-27T13:12:45.9428561Z set AR=ar
2026-09-27T13:12:45.9428934Z set CC=gcc
2026-09-27T13:12:45.9429404Z set CGO_CFLAGS=-O2 -g
2026-09-27T13:12:45.9429873Z set CGO_CPPFLAGS=
2026-09-27T13:12:45.9430295Z set CGO_CXXFLAGS=-O2 -g
2026-09-27T13:12:45.9430672Z set CGO_ENABLED=1
2026-09-27T13:12:45.9431042Z set CGO_FFLAGS=-O2 -g
2026-09-27T13:12:45.9431723Z set CGO_LDFLAGS=-O2 -g
2026-09-27T13:12:45.9432060Z set CXX=g++
2026-09-27T13:12:45.9432327Z set GCCGO=gccgo
2026-09-27T13:12:45.9432604Z set GO111MODULE=
2026-09-27T13:12:45.9432882Z set GOAMD64=v1
2026-09-27T13:12:45.9433155Z set GOARCH=amd64
2026-09-27T13:12:45.9433458Z set GOAUTH=netrc
2026-09-27T13:12:45.9433751Z set GOBIN=
2026-09-27T13:12:45.9434485Z set GOCACHE=C:\Users\runneradmin\AppData\Local\go-build
2026-09-27T13:12:45.9434994Z set GOCACHEPROG=
2026-09-27T13:12:45.9435290Z set GODEBUG=
2026-09-27T13:12:45.9435741Z set GOENV=C:\Users\runneradmin\AppData\Roaming\go\env
2026-09-27T13:12:45.9436196Z set GOEXE=.exe
2026-09-27T13:12:45.9436500Z set GOEXPERIMENT=
2026-09-27T13:12:45.9436815Z set GOFIPS140=off
2026-09-27T13:12:45.9437085Z set GOFLAGS=
2026-09-27T13:12:45.9440728Z set GOGCCFLAGS=-m64 -mthreads -Wl,--no-gc-sections -fmessage-length=0 -ffile-prefix-map=C:\Users\RUNNER~1\AppData\Local\Temp\go-build1586662368=/tmp/go-build -gno-record-gcc-switches
2026-09-27T13:12:45.9442109Z set GOHOSTARCH=amd64
2026-09-27T13:12:45.9442474Z set GOHOSTOS=windows
2026-09-27T13:12:45.9442785Z set GOINSECURE=
2026-09-27T13:12:45.9443070Z set GOMOD=NUL
2026-09-27T13:12:45.9443461Z set GOMODCACHE=C:\Users\runneradmin\go\pkg\mod
2026-09-27T13:12:45.9443911Z set GONOPROXY=
2026-09-27T13:12:45.9444210Z set GONOSUMDB=
2026-09-27T13:12:45.9444477Z set GOOS=windows
2026-09-27T13:12:45.9444825Z set GOPATH=C:\Users\runneradmin\go
2026-09-27T13:12:45.9445228Z set GOPRIVATE=
2026-09-27T13:12:45.9445662Z set GOPROXY=https://proxy.golang.org,direct
2026-09-27T13:12:45.9446190Z set GOROOT=C:\hostedtoolcache\windows\go\1.26.0\x64
2026-09-27T13:12:45.9446686Z set GOSUMDB=sum.golang.org
2026-09-27T13:12:45.9447059Z set GOTELEMETRY=local
2026-09-27T13:12:45.9447625Z set GOTELEMETRYDIR=C:\Users\runneradmin\AppData\Roaming\go\telemetry
2026-09-27T13:12:45.9448222Z set GOTMPDIR=
2026-09-27T13:12:45.9448548Z set GOTOOLCHAIN=local
2026-09-27T13:12:45.9449170Z set GOTOOLDIR=C:\hostedtoolcache\windows\go\1.26.0\x64\pkg\tool\windows_amd64
2026-09-27T13:12:45.9449756Z set GOVCS=
2026-09-27T13:12:45.9450055Z set GOVERSION=go1.26.0
2026-09-27T13:12:45.9450356Z set GOWORK=
2026-09-27T13:12:45.9450680Z set PKG_CONFIG=pkg-config
2026-09-27T13:12:45.9450909Z 
2026-09-27T13:12:45.9451359Z ##[endgroup]
2026-09-27T13:12:45.9784744Z ##[group]Run dotnet publish shell/Wootc.Shell/Wootc.Shell.csproj --configuration Release --runtime win-x64 -p:Platform=x64 -p:NativeBuildId=095a45b1abe3e3703b2f830aaf0501a57b1e52a8 -p:NativeBrandId=bazzite --output out/branded-preview
2026-09-27T13:12:45.9786613Z [36;1mdotnet publish shell/Wootc.Shell/Wootc.Shell.csproj --configuration Release --runtime win-x64 -p:Platform=x64 -p:NativeBuildId=095a45b1abe3e3703b2f830aaf0501a57b1e52a8 -p:NativeBrandId=bazzite --output out/branded-preview[0m
2026-09-27T13:12:45.9788001Z [36;1mif ($LASTEXITCODE -ne 0) { throw 'Branded native publish refused' }[0m
2026-09-27T13:12:45.9788520Z [36;1mNew-Item -ItemType Directory -Force app/frontend/dist | Out-Null[0m
2026-09-27T13:12:45.9789114Z [36;1mSet-Content app/frontend/dist/index.html '<!doctype html><title>Native engine preview</title>'[0m
2026-09-27T13:12:45.9789674Z [36;1mPush-Location app[0m
2026-09-27T13:12:45.9790644Z [36;1mtry { go build -ldflags "-X main.nativeBuildID=095a45b1abe3e3703b2f830aaf0501a57b1e52a8 -X main.brandID=bazzite" -o ../out/branded-preview/wootc-engine.exe . } finally { Pop-Location }[0m
2026-09-27T13:12:45.9791560Z [36;1mif ($LASTEXITCODE -ne 0) { throw 'Branded engine build refused' }[0m
2026-09-27T13:12:46.0340318Z shell: C:\Program Files\PowerShell\7\pwsh.EXE -command ". '{0}'"
2026-09-27T13:12:46.0340759Z env:
2026-09-27T13:12:46.0341002Z   DOTNET_ROOT: C:\Program Files\dotnet
2026-09-27T13:12:46.0341320Z   GOTOOLCHAIN: local
2026-09-27T13:12:46.0341555Z ##[endgroup]
2026-09-27T13:12:56.3676269Z   Determining projects to restore...
2026-09-27T13:12:59.0183971Z   Restored D:\a\wootc\wootc\shell\Wootc.Shell.Core\Wootc.Shell.Core.csproj (in 190 ms).
2026-09-27T13:13:00.8959675Z   Restored D:\a\wootc\wootc\shell\Wootc.Shell.Native\Wootc.Shell.Native.csproj (in 2.13 sec).
2026-09-27T13:13:25.4504018Z   Restored D:\a\wootc\wootc\shell\Wootc.Shell\Wootc.Shell.csproj (in 26.68 sec).
2026-09-27T13:13:32.8486193Z   Wootc.Shell.Core -> D:\a\wootc\wootc\shell\Wootc.Shell.Core\bin\x64\Release\net8.0\Wootc.Shell.Core.dll
2026-09-27T13:13:34.0569299Z   Wootc.Shell.Native -> D:\a\wootc\wootc\shell\Wootc.Shell.Native\bin\x64\Release\net8.0-windows10.0.19041.0\Wootc.Shell.Native.dll
2026-09-27T13:13:46.6755781Z   Wootc.Shell -> D:\a\wootc\wootc\shell\Wootc.Shell\bin\x64\Release\net8.0-windows10.0.19041.0\win-x64\Wootc.Shell.dll
2026-09-27T13:13:48.5601835Z   Wootc.Shell -> D:\a\wootc\wootc\out\branded-preview\
2026-09-27T13:13:49.1752130Z go: downloading github.com/tredoe/osutil v1.5.0
2026-09-27T13:13:49.1775155Z go: downloading github.com/wailsapp/wails/v2 v2.16.0
2026-09-27T13:13:51.5849099Z go: downloading golang.org/x/sys v0.48.0
2026-09-27T13:13:51.5850173Z go: downloading golang.org/x/mod v0.41.0
2026-09-27T13:13:51.5850827Z go: downloading golang.org/x/crypto v0.57.0
2026-09-27T13:13:52.8670040Z go: downloading github.com/leaanthony/u v1.1.1
2026-09-27T13:13:52.8695412Z go: downloading github.com/leaanthony/slicer v1.6.0
2026-09-27T13:13:52.9189015Z go: downloading github.com/leaanthony/go-ansi-parser v1.6.1
2026-09-27T13:13:52.9220848Z go: downloading github.com/pkg/errors v0.9.1
2026-09-27T13:13:52.9247492Z go: downloading github.com/wailsapp/go-webview2 v1.0.22
2026-09-27T13:13:52.9663850Z go: downloading github.com/rivo/uniseg v0.4.7
2026-09-27T13:14:12.1409572Z ##[group]Run ./shell/packaging/test-installed-preview.ps1 -BrandId 'bazzite' -BuildId '095a45b1abe3e3703b2f830aaf0501a57b1e52a8' -PackageDirectory out/branded-preview -OutputDirectory out/preview-installer
2026-09-27T13:14:12.1412299Z [36;1m./shell/packaging/test-installed-preview.ps1 -BrandId 'bazzite' -BuildId '095a45b1abe3e3703b2f830aaf0501a57b1e52a8' -PackageDirectory out/branded-preview -OutputDirectory out/preview-installer[0m
2026-09-27T13:14:12.1502663Z shell: C:\Program Files\PowerShell\7\pwsh.EXE -command ". '{0}'"
2026-09-27T13:14:12.1503028Z env:
2026-09-27T13:14:12.1503227Z   DOTNET_ROOT: C:\Program Files\dotnet
2026-09-27T13:14:12.1503484Z   GOTOOLCHAIN: local
2026-09-27T13:14:12.1504649Z ##[endgroup]
2026-09-27T13:14:13.0139264Z PASS actual root-reparse mutant accepts unsafe path; exact source restored and refuses it
2026-09-27T13:14:13.0535530Z PASS actual manifest writer, exclusive preservation, missing resources, wrong brand, root/child reparse refusals
2026-09-27T13:14:14.8228180Z PASS actual uninstaller observation: retained timeout, changed identity, directory, missing, later removal
2026-09-27T13:14:18.5016705Z Inno Setup 7 Command-Line Compiler
2026-09-27T13:14:18.5017509Z Copyright (C) 1997-2026 Jordan Russell. All rights reserved.
2026-09-27T13:14:18.5018359Z Portions Copyright (C) 2000-2026 Martijn Laan. All rights reserved.
2026-09-27T13:14:18.5019323Z Portions Copyright (C) 2001-2004 Alex Yackimoff. All rights reserved.
2026-09-27T13:14:18.5020051Z https://www.innosetup.com
2026-09-27T13:14:18.5020315Z 
2026-09-27T13:14:18.5240763Z Compiler engine version: Inno Setup 7.1.0
2026-09-27T13:14:18.5241345Z Non-commercial use only
2026-09-27T13:14:18.5241623Z 
2026-09-27T13:14:18.5430466Z Preprocessing
2026-09-27T13:14:18.5434203Z    Reading file: C:\Users\RUNNER~1\AppData\Local\Temp\wootc-preview-packaging-06a047b42de84ca687550b44c73cf82f\compiler\ISPPBuiltins.iss
2026-09-27T13:14:18.5444516Z Parsing [Setup] section, line 21
2026-09-27T13:14:18.5445086Z Parsing [Setup] section, line 22
2026-09-27T13:14:18.5445593Z Parsing [Setup] section, line 23
2026-09-27T13:14:18.5446093Z Parsing [Setup] section, line 24
2026-09-27T13:14:18.5446585Z Parsing [Setup] section, line 25
2026-09-27T13:14:18.5447074Z Parsing [Setup] section, line 26
2026-09-27T13:14:18.5447576Z Parsing [Setup] section, line 27
2026-09-27T13:14:18.5448054Z Parsing [Setup] section, line 28
2026-09-27T13:14:18.5448535Z Parsing [Setup] section, line 29
2026-09-27T13:14:18.5449028Z Parsing [Setup] section, line 30
2026-09-27T13:14:18.5449517Z Parsing [Setup] section, line 31
2026-09-27T13:14:18.5450008Z Parsing [Setup] section, line 32
2026-09-27T13:14:18.5450519Z Parsing [Setup] section, line 33
2026-09-27T13:14:18.5450991Z Parsing [Setup] section, line 34
2026-09-27T13:14:18.5451465Z Parsing [Setup] section, line 35
2026-09-27T13:14:18.5451937Z Parsing [Setup] section, line 36
2026-09-27T13:14:18.5452441Z Parsing [Setup] section, line 37
2026-09-27T13:14:18.5452935Z Parsing [Setup] section, line 38
2026-09-27T13:14:18.5453423Z Parsing [Setup] section, line 39
2026-09-27T13:14:18.5453920Z Reading file (WizardImageFile)
2026-09-27T13:14:18.5454428Z Reading file (WizardSmallImageFile)
2026-09-27T13:14:18.5454964Z Preparing Setup program executable
2026-09-27T13:14:18.5815639Z    Verification successful
2026-09-27T13:14:18.5841560Z    Updating icons (Setup.e32)
2026-09-27T13:14:18.5926230Z    Updating version info (Setup.e32)
2026-09-27T13:14:18.5941549Z Determining language code pages
2026-09-27T13:14:18.5942927Z    Reading file: C:\Users\RUNNER~1\AppData\Local\Temp\wootc-preview-packaging-06a047b42de84ca687550b44c73cf82f\compiler\Default.isl
2026-09-27T13:14:18.5948789Z    Messages in script file
2026-09-27T13:14:18.5949281Z Reading default messages from Default.isl
2026-09-27T13:14:18.5955948Z Parsing [LangOptions], [Messages], and [CustomMessages] sections
2026-09-27T13:14:18.5960910Z    Reading file: C:\Users\RUNNER~1\AppData\Local\Temp\wootc-preview-packaging-06a047b42de84ca687550b44c73cf82f\compiler\Default.isl
2026-09-27T13:14:18.5962195Z    Messages in script file
2026-09-27T13:14:18.5962625Z Reading [Code] section
2026-09-27T13:14:18.5963036Z Parsing [Icons] section, line 45
2026-09-27T13:14:18.5963522Z Parsing [Files] section, line 42
2026-09-27T13:14:18.6037547Z Compiling [Code] section
2026-09-27T13:14:18.6099387Z Creating setup files
2026-09-27T13:14:18.6183349Z    Verification successful
2026-09-27T13:14:18.6190647Z    Updating icons (Setup.exe)
2026-09-27T13:14:18.6219751Z    Compressing: \\?\D:\a\wootc\wootc\out\branded-preview\clretwrc.dll
2026-09-27T13:14:18.6253506Z    Compressing: \\?\D:\a\wootc\wootc\out\branded-preview\clrgc.dll
2026-09-27T13:14:18.6317919Z    Compressing: \\?\D:\a\wootc\wootc\out\branded-preview\clrjit.dll
2026-09-27T13:14:18.6494760Z    Compressing: \\?\D:\a\wootc\wootc\out\branded-preview\coreclr.dll
2026-09-27T13:14:18.7311752Z    Compressing: \\?\D:\a\wootc\wootc\out\branded-preview\CoreMessagingXP.dll
2026-09-27T13:14:18.7479777Z    Compressing: \\?\D:\a\wootc\wootc\out\branded-preview\createdump.exe
2026-09-27T13:14:18.7491603Z    Compressing: \\?\D:\a\wootc\wootc\out\branded-preview\dcompi.dll
2026-09-27T13:14:18.7827832Z    Compressing: \\?\D:\a\wootc\wootc\out\branded-preview\DirectML.dll
2026-09-27T13:14:22.5586728Z    Compressing: \\?\D:\a\wootc\wootc\out\branded-preview\dwmcorei.dll
2026-09-27T13:14:22.5973721Z    Compressing: \\?\D:\a\wootc\wootc\out\branded-preview\DwmSceneI.dll
2026-09-27T13:14:23.2747620Z    Compressing: \\?\D:\a\wootc\wootc\out\branded-preview\DWriteCore.dll
2026-09-27T13:14:23.3143699Z    Compressing: \\?\D:\a\wootc\wootc\out\branded-preview\hostfxr.dll
2026-09-27T13:14:23.3179555Z    Compressing: \\?\D:\a\wootc\wootc\out\branded-preview\hostpolicy.dll
2026-09-27T13:14:23.3220314Z    Compressing: \\?\D:\a\wootc\wootc\out\branded-preview\marshal.dll
2026-09-27T13:14:23.3269721Z    Compressing: \\?\D:\a\wootc\wootc\out\branded-preview\Microsoft.Asg.SemanticIndex.AiFabric.Compatibility.dll
2026-09-27T13:14:24.2212640Z    Compressing: \\?\D:\a\wootc\wootc\out\branded-preview\Microsoft.CSharp.dll
2026-09-27T13:14:24.2350439Z    Compressing: \\?\D:\a\wootc\wootc\out\branded-preview\Microsoft.DiaSymReader.Native.amd64.dll
2026-09-27T13:14:25.1429752Z    Compressing: \\?\D:\a\wootc\wootc\out\branded-preview\Microsoft.DirectManipulation.dll
2026-09-27T13:14:25.1492268Z    Compressing: \\?\D:\a\wootc\wootc\out\branded-preview\Microsoft.Foundation.winmd
2026-09-27T13:14:25.1494344Z    Compressing: \\?\D:\a\wootc\wootc\out\branded-preview\Microsoft.Graphics.Display.dll
2026-09-27T13:14:25.1516695Z    Compressing: \\?\D:\a\wootc\wootc\out\branded-preview\Microsoft.Graphics.Imaging.dll
2026-09-27T13:14:25.1530944Z    Compressing: \\?\D:\a\wootc\wootc\out\branded-preview\Microsoft.Graphics.Imaging.Projection.dll
2026-09-27T13:14:25.1534324Z    Compressing: \\?\D:\a\wootc\wootc\out\branded-preview\Microsoft.Graphics.Imaging.winmd
2026-09-27T13:14:25.1536828Z    Compressing: \\?\D:\a\wootc\wootc\out\branded-preview\Microsoft.Graphics.ImagingInternal.ImageObjectRemover.winmd
2026-09-27T13:14:25.1538986Z    Compressing: \\?\D:\a\wootc\wootc\out\branded-preview\Microsoft.Graphics.ImagingInternal.winmd
2026-09-27T13:14:25.1541507Z    Compressing: \\?\D:\a\wootc\wootc\out\branded-preview\Microsoft.Graphics.Internal.Imaging.winmd
2026-09-27T13:14:25.1543783Z    Compressing: \\?\D:\a\wootc\wootc\out\branded-preview\Microsoft.Graphics.winmd
2026-09-27T13:14:25.1546583Z    Compressing: \\?\D:\a\wootc\wootc\out\branded-preview\Microsoft.InputStateManager.dll
2026-09-27T13:14:25.1590696Z    Compressing: \\?\D:\a\wootc\wootc\out\branded-preview\Microsoft.InteractiveExperiences.Projection.dll
2026-09-27T13:14:26.1068426Z    Compressing: \\?\D:\a\wootc\wootc\out\branded-preview\Microsoft.Internal.FrameworkUdk.dll
2026-09-27T13:14:26.1211443Z    Compressing: \\?\D:\a\wootc\wootc\out\branded-preview\Microsoft.ML.OnnxRuntime.dll
2026-09-27T13:14:26.1248834Z    Compressing: \\?\D:\a\wootc\wootc\out\branded-preview\Microsoft.Security.Authentication.OAuth.Projection.dll
2026-09-27T13:14:26.1256274Z    Compressing: \\?\D:\a\wootc\wootc\out\branded-preview\Microsoft.Security.Authentication.OAuth.winmd
2026-09-27T13:14:26.1259107Z    Compressing: \\?\D:\a\wootc\wootc\out\branded-preview\Microsoft.UI.Composition.OSSupport.dll
2026-09-27T13:14:26.1266290Z    Compressing: \\?\D:\a\wootc\wootc\out\branded-preview\Microsoft.UI.Designer.dll
2026-09-27T13:14:26.1278017Z    Compressing: \\?\D:\a\wootc\wootc\out\branded-preview\Microsoft.UI.dll
2026-09-27T13:14:26.1295452Z    Compressing: \\?\D:\a\wootc\wootc\out\branded-preview\Microsoft.UI.Input.dll
2026-09-27T13:14:26.1447529Z    Compressing: \\?\D:\a\wootc\wootc\out\branded-preview\Microsoft.UI.pri
2026-09-27T13:14:26.1456630Z    Compressing: \\?\D:\a\wootc\wootc\out\branded-preview\Microsoft.UI.Text.winmd
2026-09-27T13:14:26.1460984Z    Compressing: \\?\D:\a\wootc\wootc\out\branded-preview\Microsoft.UI.Windowing.Core.dll
2026-09-27T13:14:26.1522045Z    Compressing: \\?\D:\a\wootc\wootc\out\branded-preview\Microsoft.UI.Windowing.dll
2026-09-27T13:14:26.1609246Z    Compressing: \\?\D:\a\wootc\wootc\out\branded-preview\Microsoft.UI.winmd
2026-09-27T13:14:26.9015426Z    Compressing: \\?\D:\a\wootc\wootc\out\branded-preview\Microsoft.UI.Xaml.Controls.dll
2026-09-27T13:14:27.9017152Z    Compressing: \\?\D:\a\wootc\wootc\out\branded-preview\Microsoft.UI.Xaml.Controls.pri
2026-09-27T13:14:27.9223533Z    Compressing: \\?\D:\a\wootc\wootc\out\branded-preview\Microsoft.ui.xaml.dll
2026-09-27T13:14:31.0301590Z    Compressing: \\?\D:\a\wootc\wootc\out\branded-preview\Microsoft.UI.Xaml.Internal.dll
2026-09-27T13:14:31.8484889Z    Compressing: \\?\D:\a\wootc\wootc\out\branded-preview\Microsoft.UI.Xaml.Phone.dll
2026-09-27T13:14:31.8596265Z    Compressing: \\?\D:\a\wootc\wootc\out\branded-preview\Microsoft.ui.xaml.resources.19h1.dll
2026-09-27T13:14:31.8704372Z    Compressing: \\?\D:\a\wootc\wootc\out\branded-preview\Microsoft.ui.xaml.resources.common.dll
2026-09-27T13:14:31.8710312Z    Compressing: \\?\D:\a\wootc\wootc\out\branded-preview\Microsoft.UI.Xaml.winmd
2026-09-27T13:14:31.8894122Z    Compressing: \\?\D:\a\wootc\wootc\out\branded-preview\Microsoft.VisualBasic.Core.dll
2026-09-27T13:14:32.6022130Z    Compressing: \\?\D:\a\wootc\wootc\out\branded-preview\Microsoft.VisualBasic.dll
2026-09-27T13:14:32.6025112Z    Compressing: \\?\D:\a\wootc\wootc\out\branded-preview\Microsoft.Web.WebView2.Core.dll
2026-09-27T13:14:32.6131789Z    Compressing: \\?\D:\a\wootc\wootc\out\branded-preview\Microsoft.Web.WebView2.Core.Projection.dll
2026-09-27T13:14:32.6197465Z    Compressing: \\?\D:\a\wootc\wootc\out\branded-preview\Microsoft.Win32.Primitives.dll
2026-09-27T13:14:32.6199623Z    Compressing: \\?\D:\a\wootc\wootc\out\branded-preview\Microsoft.Win32.Registry.dll
2026-09-27T13:14:32.6212663Z    Compressing: \\?\D:\a\wootc\wootc\out\branded-preview\Microsoft.Windows.AI.AICapabilities.dll
2026-09-27T13:14:32.6224207Z    Compressing: \\?\D:\a\wootc\wootc\out\branded-preview\Microsoft.Windows.AI.ContentModerationInternal.winmd
2026-09-27T13:14:32.6226403Z    Compressing: \\?\D:\a\wootc\wootc\out\branded-preview\Microsoft.Windows.AI.ContentSafety.dll
2026-09-27T13:14:32.6237050Z    Compressing: \\?\D:\a\wootc\wootc\out\branded-preview\Microsoft.Windows.AI.ContentSafety.Projection.dll
2026-09-27T13:14:32.6241462Z    Compressing: \\?\D:\a\wootc\wootc\out\branded-preview\Microsoft.Windows.AI.ContentSafety.winmd
2026-09-27T13:14:32.6244273Z    Compressing: \\?\D:\a\wootc\wootc\out\branded-preview\Microsoft.Windows.AI.Foundation.Projection.dll
2026-09-27T13:14:32.6247444Z    Compressing: \\?\D:\a\wootc\wootc\out\branded-preview\Microsoft.Windows.AI.Foundation.winmd
2026-09-27T13:14:32.6249450Z    Compressing: \\?\D:\a\wootc\wootc\out\branded-preview\Microsoft.Windows.AI.FoundationInternal.winmd
2026-09-27T13:14:32.6251424Z    Compressing: \\?\D:\a\wootc\wootc\out\branded-preview\Microsoft.Windows.AI.GenerativeInternal.winmd
2026-09-27T13:14:32.6254591Z    Compressing: \\?\D:\a\wootc\wootc\out\branded-preview\Microsoft.Windows.AI.Imaging.dll
2026-09-27T13:14:32.6327587Z    Compressing: \\?\D:\a\wootc\wootc\out\branded-preview\Microsoft.Windows.AI.Imaging.Projection.dll
2026-09-27T13:14:32.6336045Z    Compressing: \\?\D:\a\wootc\wootc\out\branded-preview\Microsoft.Windows.AI.Imaging.winmd
2026-09-27T13:14:32.6338792Z    Compressing: \\?\D:\a\wootc\wootc\out\branded-preview\Microsoft.Windows.AI.MachineLearning.dll
2026-09-27T13:14:32.6424448Z    Compressing: \\?\D:\a\wootc\wootc\out\branded-preview\Microsoft.Windows.AI.MachineLearning.Projection.dll
2026-09-27T13:14:32.6433780Z    Compressing: \\?\D:\a\wootc\wootc\out\branded-preview\Microsoft.Windows.AI.Projection.dll
2026-09-27T13:14:32.6438111Z    Compressing: \\?\D:\a\wootc\wootc\out\branded-preview\Microsoft.Windows.AI.Search.Experimental.dll
2026-09-27T13:14:33.2574917Z    Compressing: \\?\D:\a\wootc\wootc\out\branded-preview\Microsoft.Windows.AI.Text.dll
2026-09-27T13:14:33.2697743Z    Compressing: \\?\D:\a\wootc\wootc\out\branded-preview\Microsoft.Windows.AI.Text.Projection.dll
2026-09-27T13:14:33.2703805Z    Compressing: \\?\D:\a\wootc\wootc\out\branded-preview\Microsoft.Windows.AI.Text.winmd
2026-09-27T13:14:33.2708762Z    Compressing: \\?\D:\a\wootc\wootc\out\branded-preview\Microsoft.Windows.AI.Video.dll
2026-09-27T13:14:33.2762423Z    Compressing: \\?\D:\a\wootc\wootc\out\branded-preview\Microsoft.Windows.AI.Video.Projection.dll
2026-09-27T13:14:33.2767304Z    Compressing: \\?\D:\a\wootc\wootc\out\branded-preview\Microsoft.Windows.AI.Video.winmd
2026-09-27T13:14:33.2769072Z    Compressing: \\?\D:\a\wootc\wootc\out\branded-preview\Microsoft.Windows.AI.winmd
2026-09-27T13:14:33.2771438Z    Compressing: \\?\D:\a\wootc\wootc\out\branded-preview\Microsoft.Windows.ApplicationModel.Background.Projection.dll
2026-09-27T13:14:33.2774687Z    Compressing: \\?\D:\a\wootc\wootc\out\branded-preview\Microsoft.Windows.ApplicationModel.Background.UniversalBGTask.dll
2026-09-27T13:14:33.2784436Z    Compressing: \\?\D:\a\wootc\wootc\out\branded-preview\Microsoft.Windows.ApplicationModel.Background.UniversalBGTask.winmd
2026-09-27T13:14:33.2787621Z    Compressing: \\?\D:\a\wootc\wootc\out\branded-preview\Microsoft.Windows.ApplicationModel.Background.winmd
2026-09-27T13:14:33.2789186Z    Compressing: \\?\D:\a\wootc\wootc\out\branded-preview\Microsoft.Windows.ApplicationModel.DynamicDependency.Projection.dll
2026-09-27T13:14:33.2794327Z    Compressing: \\?\D:\a\wootc\wootc\out\branded-preview\Microsoft.Windows.ApplicationModel.DynamicDependency.winmd
2026-09-27T13:14:33.2796871Z    Compressing: \\?\D:\a\wootc\wootc\out\branded-preview\Microsoft.Windows.ApplicationModel.Resources.dll
2026-09-27T13:14:33.2812372Z    Compressing: \\?\D:\a\wootc\wootc\out\branded-preview\Microsoft.Windows.ApplicationModel.Resources.Projection.dll
2026-09-27T13:14:33.2819533Z    Compressing: \\?\D:\a\wootc\wootc\out\branded-preview\Microsoft.Windows.ApplicationModel.Resources.winmd
2026-09-27T13:14:33.2822260Z    Compressing: \\?\D:\a\wootc\wootc\out\branded-preview\Microsoft.Windows.ApplicationModel.WindowsAppRuntime.Projection.dll
2026-09-27T13:14:33.2827902Z    Compressing: \\?\D:\a\wootc\wootc\out\branded-preview\Microsoft.Windows.ApplicationModel.WindowsAppRuntime.winmd
2026-09-27T13:14:33.2830450Z    Compressing: \\?\D:\a\wootc\wootc\out\branded-preview\Microsoft.Windows.AppLifecycle.Projection.dll
2026-09-27T13:14:33.2835042Z    Compressing: \\?\D:\a\wootc\wootc\out\branded-preview\Microsoft.Windows.AppLifecycle.winmd
2026-09-27T13:14:33.2837720Z    Compressing: \\?\D:\a\wootc\wootc\out\branded-preview\Microsoft.Windows.AppNotifications.Builder.Projection.dll
2026-09-27T13:14:33.2844797Z    Compressing: \\?\D:\a\wootc\wootc\out\branded-preview\Microsoft.Windows.AppNotifications.Builder.winmd
2026-09-27T13:14:33.2848171Z    Compressing: \\?\D:\a\wootc\wootc\out\branded-preview\Microsoft.Windows.AppNotifications.Projection.dll
2026-09-27T13:14:33.2854718Z    Compressing: \\?\D:\a\wootc\wootc\out\branded-preview\Microsoft.Windows.AppNotifications.winmd
2026-09-27T13:14:33.2857085Z    Compressing: \\?\D:\a\wootc\wootc\out\branded-preview\Microsoft.Windows.BadgeNotifications.Projection.dll
2026-09-27T13:14:33.2860252Z    Compressing: \\?\D:\a\wootc\wootc\out\branded-preview\Microsoft.Windows.BadgeNotifications.winmd
2026-09-27T13:14:33.2862621Z    Compressing: \\?\D:\a\wootc\wootc\out\branded-preview\Microsoft.Windows.Foundation.Projection.dll
2026-09-27T13:14:33.2867203Z    Compressing: \\?\D:\a\wootc\wootc\out\branded-preview\Microsoft.Windows.Foundation.winmd
2026-09-27T13:14:33.2869620Z    Compressing: \\?\D:\a\wootc\wootc\out\branded-preview\Microsoft.Windows.Globalization.winmd
2026-09-27T13:14:33.2871547Z    Compressing: \\?\D:\a\wootc\wootc\out\branded-preview\Microsoft.Windows.ImageCreationInternal.winmd
2026-09-27T13:14:33.2873798Z    Compressing: \\?\D:\a\wootc\wootc\out\branded-preview\Microsoft.Windows.Internal.AI.ContentModeration.winmd
2026-09-27T13:14:33.2876108Z    Compressing: \\?\D:\a\wootc\wootc\out\branded-preview\Microsoft.Windows.Internal.AI.Generative.winmd
2026-09-27T13:14:33.2879214Z    Compressing: \\?\D:\a\wootc\wootc\out\branded-preview\Microsoft.Windows.Internal.ImageCreation.winmd
2026-09-27T13:14:33.2881182Z    Compressing: \\?\D:\a\wootc\wootc\out\branded-preview\Microsoft.Windows.Internal.SemanticSearch.winmd
2026-09-27T13:14:33.2884240Z    Compressing: \\?\D:\a\wootc\wootc\out\branded-preview\Microsoft.Windows.Internal.Vision.winmd
2026-09-27T13:14:33.2886595Z    Compressing: \\?\D:\a\wootc\wootc\out\branded-preview\Microsoft.Windows.Management.Deployment.Projection.dll
2026-09-27T13:14:33.2903062Z    Compressing: \\?\D:\a\wootc\wootc\out\branded-preview\Microsoft.Windows.Management.Deployment.winmd
2026-09-27T13:14:33.2908145Z    Compressing: \\?\D:\a\wootc\wootc\out\branded-preview\Microsoft.Windows.Media.Capture.Projection.dll
2026-09-27T13:14:33.2912218Z    Compressing: \\?\D:\a\wootc\wootc\out\branded-preview\Microsoft.Windows.Media.Capture.winmd
2026-09-27T13:14:33.2914648Z    Compressing: \\?\D:\a\wootc\wootc\out\branded-preview\Microsoft.Windows.Private.Workloads.SessionManager.winmd
2026-09-27T13:14:33.2916812Z    Compressing: \\?\D:\a\wootc\wootc\out\branded-preview\Microsoft.Windows.PrivateCommon.winmd
2026-09-27T13:14:33.2919100Z    Compressing: \\?\D:\a\wootc\wootc\out\branded-preview\Microsoft.Windows.PushNotifications.Projection.dll
2026-09-27T13:14:33.2924136Z    Compressing: \\?\D:\a\wootc\wootc\out\branded-preview\Microsoft.Windows.PushNotifications.winmd
2026-09-27T13:14:33.2926498Z    Compressing: \\?\D:\a\wootc\wootc\out\branded-preview\Microsoft.Windows.SDK.NET.dll
2026-09-27T13:14:36.9792056Z    Compressing: \\?\D:\a\wootc\wootc\out\branded-preview\Microsoft.Windows.Search.dll
2026-09-27T13:14:37.6431248Z    Compressing: \\?\D:\a\wootc\wootc\out\branded-preview\Microsoft.Windows.Search.Projection.dll
2026-09-27T13:14:37.6450495Z    Compressing: \\?\D:\a\wootc\wootc\out\branded-preview\Microsoft.Windows.Search.winmd
2026-09-27T13:14:37.6455353Z    Compressing: \\?\D:\a\wootc\wootc\out\branded-preview\Microsoft.Windows.Security.AccessControl.Projection.dll
2026-09-27T13:14:37.6458039Z    Compressing: \\?\D:\a\wootc\wootc\out\branded-preview\Microsoft.Windows.Security.AccessControl.winmd
2026-09-27T13:14:37.6460034Z    Compressing: \\?\D:\a\wootc\wootc\out\branded-preview\Microsoft.Windows.SemanticSearch.winmd
2026-09-27T13:14:37.6462544Z    Compressing: \\?\D:\a\wootc\wootc\out\branded-preview\Microsoft.Windows.SemanticSearchInternal.winmd
2026-09-27T13:14:37.6465017Z    Compressing: \\?\D:\a\wootc\wootc\out\branded-preview\Microsoft.Windows.Storage.Pickers.Projection.dll
2026-09-27T13:14:37.6472064Z    Compressing: \\?\D:\a\wootc\wootc\out\branded-preview\Microsoft.Windows.Storage.Pickers.winmd
2026-09-27T13:14:37.6474619Z    Compressing: \\?\D:\a\wootc\wootc\out\branded-preview\Microsoft.Windows.Storage.Projection.dll
2026-09-27T13:14:37.6479090Z    Compressing: \\?\D:\a\wootc\wootc\out\branded-preview\Microsoft.Windows.Storage.winmd
2026-09-27T13:14:37.6482332Z    Compressing: \\?\D:\a\wootc\wootc\out\branded-preview\Microsoft.Windows.System.Power.Projection.dll
2026-09-27T13:14:37.6485758Z    Compressing: \\?\D:\a\wootc\wootc\out\branded-preview\Microsoft.Windows.System.Power.winmd
2026-09-27T13:14:37.6488049Z    Compressing: \\?\D:\a\wootc\wootc\out\branded-preview\Microsoft.Windows.System.Projection.dll
2026-09-27T13:14:37.6491460Z    Compressing: \\?\D:\a\wootc\wootc\out\branded-preview\Microsoft.Windows.System.winmd
2026-09-27T13:14:37.6493551Z    Compressing: \\?\D:\a\wootc\wootc\out\branded-preview\Microsoft.Windows.Vision.winmd
2026-09-27T13:14:37.6495586Z    Compressing: \\?\D:\a\wootc\wootc\out\branded-preview\Microsoft.Windows.VisionInternal.winmd
2026-09-27T13:14:37.6497917Z    Compressing: \\?\D:\a\wootc\wootc\out\branded-preview\Microsoft.Windows.Widgets.dll
2026-09-27T13:14:37.6770071Z    Compressing: \\?\D:\a\wootc\wootc\out\branded-preview\Microsoft.Windows.Widgets.Projection.dll
2026-09-27T13:14:38.3742135Z    Compressing: \\?\D:\a\wootc\wootc\out\branded-preview\Microsoft.Windows.Widgets.winmd
2026-09-27T13:14:38.3747681Z    Compressing: \\?\D:\a\wootc\wootc\out\branded-preview\Microsoft.Windows.Workloads.dll
2026-09-27T13:14:38.3788276Z    Compressing: \\?\D:\a\wootc\wootc\out\branded-preview\Microsoft.Windows.Workloads.pri
2026-09-27T13:14:38.3789950Z    Compressing: \\?\D:\a\wootc\wootc\out\branded-preview\Microsoft.Windows.Workloads.Resources.dll
2026-09-27T13:14:38.3807013Z    Compressing: \\?\D:\a\wootc\wootc\out\branded-preview\Microsoft.Windows.Workloads.Resources_ec.dll
2026-09-27T13:14:38.3822724Z    Compressing: \\?\D:\a\wootc\wootc\out\branded-preview\Microsoft.Windows.Workloads.winmd
2026-09-27T13:14:38.3825187Z    Compressing: \\?\D:\a\wootc\wootc\out\branded-preview\Microsoft.WindowsAppRuntime.Bootstrap.dll
2026-09-27T13:14:38.3865847Z    Compressing: \\?\D:\a\wootc\wootc\out\branded-preview\Microsoft.WindowsAppRuntime.Bootstrap.Net.dll
2026-09-27T13:14:38.3869457Z    Compressing: \\?\D:\a\wootc\wootc\out\branded-preview\Microsoft.WindowsAppRuntime.dll
2026-09-27T13:14:38.4122813Z    Compressing: \\?\D:\a\wootc\wootc\out\branded-preview\Microsoft.WindowsAppRuntime.pri
2026-09-27T13:14:38.4124238Z    Compressing: \\?\D:\a\wootc\wootc\out\branded-preview\Microsoft.WinUI.dll
2026-09-27T13:14:39.8890935Z    Compressing: \\?\D:\a\wootc\wootc\out\branded-preview\MRM.dll
2026-09-27T13:14:39.8920260Z    Compressing: \\?\D:\a\wootc\wootc\out\branded-preview\mscordaccore.dll
2026-09-27T13:14:39.9048652Z    Compressing: \\?\D:\a\wootc\wootc\out\branded-preview\mscordaccore_amd64_amd64_8.0.3126.42015.dll
2026-09-27T13:14:39.9182200Z    Compressing: \\?\D:\a\wootc\wootc\out\branded-preview\mscordbi.dll
2026-09-27T13:14:40.5423260Z    Compressing: \\?\D:\a\wootc\wootc\out\branded-preview\mscorlib.dll
2026-09-27T13:14:40.5432424Z    Compressing: \\?\D:\a\wootc\wootc\out\branded-preview\mscorrc.dll
2026-09-27T13:14:40.5453337Z    Compressing: \\?\D:\a\wootc\wootc\out\branded-preview\msquic.dll
2026-09-27T13:14:40.5534925Z    Compressing: \\?\D:\a\wootc\wootc\out\branded-preview\native-package.json
2026-09-27T13:14:40.5542847Z    Compressing: \\?\D:\a\wootc\wootc\out\branded-preview\netstandard.dll
2026-09-27T13:14:40.5559460Z    Compressing: \\?\D:\a\wootc\wootc\out\branded-preview\NPUDetect.dll
2026-09-27T13:14:40.5603129Z    Compressing: \\?\D:\a\wootc\wootc\out\branded-preview\onnxruntime.dll
2026-09-27T13:14:44.6175961Z    Compressing: \\?\D:\a\wootc\wootc\out\branded-preview\PerceptiveStreaming.dll
2026-09-27T13:14:45.2303720Z    Compressing: \\?\D:\a\wootc\wootc\out\branded-preview\PushNotificationsLongRunningTask.ProxyStub.dll
2026-09-27T13:14:45.2309319Z    Compressing: \\?\D:\a\wootc\wootc\out\branded-preview\RestartAgent.exe
2026-09-27T13:14:45.2322686Z    Compressing: \\?\D:\a\wootc\wootc\out\branded-preview\SessionHandleIPCProxyStub.dll
2026-09-27T13:14:45.2328634Z    Compressing: \\?\D:\a\wootc\wootc\out\branded-preview\System.AppContext.dll
2026-09-27T13:14:45.2332170Z    Compressing: \\?\D:\a\wootc\wootc\out\branded-preview\System.Buffers.dll
2026-09-27T13:14:45.2335020Z    Compressing: \\?\D:\a\wootc\wootc\out\branded-preview\System.Collections.Concurrent.dll
2026-09-27T13:14:45.2379731Z    Compressing: \\?\D:\a\wootc\wootc\out\branded-preview\System.Collections.dll
2026-09-27T13:14:45.2421129Z    Compressing: \\?\D:\a\wootc\wootc\out\branded-preview\System.Collections.Immutable.dll
2026-09-27T13:14:45.2509104Z    Compressing: \\?\D:\a\wootc\wootc\out\branded-preview\System.Collections.NonGeneric.dll
2026-09-27T13:14:45.2525907Z    Compressing: \\?\D:\a\wootc\wootc\out\branded-preview\System.Collections.Specialized.dll
2026-09-27T13:14:45.2542718Z    Compressing: \\?\D:\a\wootc\wootc\out\branded-preview\System.ComponentModel.Annotations.dll
2026-09-27T13:14:45.2574498Z    Compressing: \\?\D:\a\wootc\wootc\out\branded-preview\System.ComponentModel.DataAnnotations.dll
2026-09-27T13:14:45.2577739Z    Compressing: \\?\D:\a\wootc\wootc\out\branded-preview\System.ComponentModel.dll
2026-09-27T13:14:45.2583272Z    Compressing: \\?\D:\a\wootc\wootc\out\branded-preview\System.ComponentModel.EventBasedAsync.dll
2026-09-27T13:14:45.2591328Z    Compressing: \\?\D:\a\wootc\wootc\out\branded-preview\System.ComponentModel.Primitives.dll
2026-09-27T13:14:45.2602358Z    Compressing: \\?\D:\a\wootc\wootc\out\branded-preview\System.ComponentModel.TypeConverter.dll
2026-09-27T13:14:45.2673232Z    Compressing: \\?\D:\a\wootc\wootc\out\branded-preview\System.Configuration.dll
2026-09-27T13:14:45.2676048Z    Compressing: \\?\D:\a\wootc\wootc\out\branded-preview\System.Console.dll
2026-09-27T13:14:45.2693062Z    Compressing: \\?\D:\a\wootc\wootc\out\branded-preview\System.Core.dll
2026-09-27T13:14:45.2696115Z    Compressing: \\?\D:\a\wootc\wootc\out\branded-preview\System.Data.Common.dll
2026-09-27T13:14:45.8207396Z    Compressing: \\?\D:\a\wootc\wootc\out\branded-preview\System.Data.DataSetExtensions.dll
2026-09-27T13:14:45.8210009Z    Compressing: \\?\D:\a\wootc\wootc\out\branded-preview\System.Data.dll
2026-09-27T13:14:45.8214061Z    Compressing: \\?\D:\a\wootc\wootc\out\branded-preview\System.Diagnostics.Contracts.dll
2026-09-27T13:14:45.8216940Z    Compressing: \\?\D:\a\wootc\wootc\out\branded-preview\System.Diagnostics.Debug.dll
2026-09-27T13:14:45.8219828Z    Compressing: \\?\D:\a\wootc\wootc\out\branded-preview\System.Diagnostics.DiagnosticSource.dll
2026-09-27T13:14:45.8267310Z    Compressing: \\?\D:\a\wootc\wootc\out\branded-preview\System.Diagnostics.FileVersionInfo.dll
2026-09-27T13:14:45.8272353Z    Compressing: \\?\D:\a\wootc\wootc\out\branded-preview\System.Diagnostics.Process.dll
2026-09-27T13:14:45.8304767Z    Compressing: \\?\D:\a\wootc\wootc\out\branded-preview\System.Diagnostics.StackTrace.dll
2026-09-27T13:14:45.8309976Z    Compressing: \\?\D:\a\wootc\wootc\out\branded-preview\System.Diagnostics.TextWriterTraceListener.dll
2026-09-27T13:14:45.8316773Z    Compressing: \\?\D:\a\wootc\wootc\out\branded-preview\System.Diagnostics.Tools.dll
2026-09-27T13:14:45.8319044Z    Compressing: \\?\D:\a\wootc\wootc\out\branded-preview\System.Diagnostics.TraceSource.dll
2026-09-27T13:14:45.8333342Z    Compressing: \\?\D:\a\wootc\wootc\out\branded-preview\System.Diagnostics.Tracing.dll
2026-09-27T13:14:45.8335659Z    Compressing: \\?\D:\a\wootc\wootc\out\branded-preview\System.dll
2026-09-27T13:14:45.8341246Z    Compressing: \\?\D:\a\wootc\wootc\out\branded-preview\System.Drawing.dll
2026-09-27T13:14:45.8344056Z    Compressing: \\?\D:\a\wootc\wootc\out\branded-preview\System.Drawing.Primitives.dll
2026-09-27T13:14:45.8356848Z    Compressing: \\?\D:\a\wootc\wootc\out\branded-preview\System.Dynamic.Runtime.dll
2026-09-27T13:14:45.8359077Z    Compressing: \\?\D:\a\wootc\wootc\out\branded-preview\System.Formats.Asn1.dll
2026-09-27T13:14:45.8383769Z    Compressing: \\?\D:\a\wootc\wootc\out\branded-preview\System.Formats.Tar.dll
2026-09-27T13:14:45.8411087Z    Compressing: \\?\D:\a\wootc\wootc\out\branded-preview\System.Globalization.Calendars.dll
2026-09-27T13:14:45.8413580Z    Compressing: \\?\D:\a\wootc\wootc\out\branded-preview\System.Globalization.dll
2026-09-27T13:14:45.8415627Z    Compressing: \\?\D:\a\wootc\wootc\out\branded-preview\System.Globalization.Extensions.dll
2026-09-27T13:14:45.8417998Z    Compressing: \\?\D:\a\wootc\wootc\out\branded-preview\System.IO.Compression.Brotli.dll
2026-09-27T13:14:45.8426682Z    Compressing: \\?\D:\a\wootc\wootc\out\branded-preview\System.IO.Compression.dll
2026-09-27T13:14:45.8451933Z    Compressing: \\?\D:\a\wootc\wootc\out\branded-preview\System.IO.Compression.FileSystem.dll
2026-09-27T13:14:45.8454098Z    Compressing: \\?\D:\a\wootc\wootc\out\branded-preview\System.IO.Compression.Native.dll
2026-09-27T13:14:45.8531591Z    Compressing: \\?\D:\a\wootc\wootc\out\branded-preview\System.IO.Compression.ZipFile.dll
2026-09-27T13:14:45.8537614Z    Compressing: \\?\D:\a\wootc\wootc\out\branded-preview\System.IO.dll
2026-09-27T13:14:45.8540608Z    Compressing: \\?\D:\a\wootc\wootc\out\branded-preview\System.IO.FileSystem.AccessControl.dll
2026-09-27T13:14:45.8554765Z    Compressing: \\?\D:\a\wootc\wootc\out\branded-preview\System.IO.FileSystem.dll
2026-09-27T13:14:45.8557838Z    Compressing: \\?\D:\a\wootc\wootc\out\branded-preview\System.IO.FileSystem.DriveInfo.dll
2026-09-27T13:14:45.8566942Z    Compressing: \\?\D:\a\wootc\wootc\out\branded-preview\System.IO.FileSystem.Primitives.dll
2026-09-27T13:14:45.8569863Z    Compressing: \\?\D:\a\wootc\wootc\out\branded-preview\System.IO.FileSystem.Watcher.dll
2026-09-27T13:14:45.8583930Z    Compressing: \\?\D:\a\wootc\wootc\out\branded-preview\System.IO.IsolatedStorage.dll
2026-09-27T13:14:45.8598470Z    Compressing: \\?\D:\a\wootc\wootc\out\branded-preview\System.IO.MemoryMappedFiles.dll
2026-09-27T13:14:45.8612181Z    Compressing: \\?\D:\a\wootc\wootc\out\branded-preview\System.IO.Pipes.AccessControl.dll
2026-09-27T13:14:45.8615139Z    Compressing: \\?\D:\a\wootc\wootc\out\branded-preview\System.IO.Pipes.dll
2026-09-27T13:14:46.5594685Z    Compressing: \\?\D:\a\wootc\wootc\out\branded-preview\System.IO.UnmanagedMemoryStream.dll
2026-09-27T13:14:46.5597143Z    Compressing: \\?\D:\a\wootc\wootc\out\branded-preview\System.Linq.dll
2026-09-27T13:14:46.5670694Z    Compressing: \\?\D:\a\wootc\wootc\out\branded-preview\System.Linq.Expressions.dll
2026-09-27T13:14:46.6053941Z    Compressing: \\?\D:\a\wootc\wootc\out\branded-preview\System.Linq.Parallel.dll
2026-09-27T13:14:47.3321827Z    Compressing: \\?\D:\a\wootc\wootc\out\branded-preview\System.Linq.Queryable.dll
2026-09-27T13:14:47.3349277Z    Compressing: \\?\D:\a\wootc\wootc\out\branded-preview\System.Memory.dll
2026-09-27T13:14:47.3374283Z    Compressing: \\?\D:\a\wootc\wootc\out\branded-preview\System.Net.dll
2026-09-27T13:14:47.3377665Z    Compressing: \\?\D:\a\wootc\wootc\out\branded-preview\System.Net.Http.dll
2026-09-27T13:14:47.3620798Z    Compressing: \\?\D:\a\wootc\wootc\out\branded-preview\System.Net.Http.Json.dll
2026-09-27T13:14:47.3633155Z    Compressing: \\?\D:\a\wootc\wootc\out\branded-preview\System.Net.HttpListener.dll
2026-09-27T13:14:47.3684841Z    Compressing: \\?\D:\a\wootc\wootc\out\branded-preview\System.Net.Mail.dll
2026-09-27T13:14:47.3725607Z    Compressing: \\?\D:\a\wootc\wootc\out\branded-preview\System.Net.NameResolution.dll
2026-09-27T13:14:47.3737057Z    Compressing: \\?\D:\a\wootc\wootc\out\branded-preview\System.Net.NetworkInformation.dll
2026-09-27T13:14:47.3752121Z    Compressing: \\?\D:\a\wootc\wootc\out\branded-preview\System.Net.Ping.dll
2026-09-27T13:14:47.3762119Z    Compressing: \\?\D:\a\wootc\wootc\out\branded-preview\System.Net.Primitives.dll
2026-09-27T13:14:47.3784342Z    Compressing: \\?\D:\a\wootc\wootc\out\branded-preview\System.Net.Quic.dll
2026-09-27T13:14:47.3814132Z    Compressing: \\?\D:\a\wootc\wootc\out\branded-preview\System.Net.Requests.dll
2026-09-27T13:14:47.3863132Z    Compressing: \\?\D:\a\wootc\wootc\out\branded-preview\System.Net.Security.dll
2026-09-27T13:14:48.0252784Z    Compressing: \\?\D:\a\wootc\wootc\out\branded-preview\System.Net.ServicePoint.dll
2026-09-27T13:14:48.0260890Z    Compressing: \\?\D:\a\wootc\wootc\out\branded-preview\System.Net.Sockets.dll
2026-09-27T13:14:48.0340033Z    Compressing: \\?\D:\a\wootc\wootc\out\branded-preview\System.Net.WebClient.dll
2026-09-27T13:14:48.0357849Z    Compressing: \\?\D:\a\wootc\wootc\out\branded-preview\System.Net.WebHeaderCollection.dll
2026-09-27T13:14:48.0366092Z    Compressing: \\?\D:\a\wootc\wootc\out\branded-preview\System.Net.WebProxy.dll
2026-09-27T13:14:48.0371239Z    Compressing: \\?\D:\a\wootc\wootc\out\branded-preview\System.Net.WebSockets.Client.dll
2026-09-27T13:14:48.0381223Z    Compressing: \\?\D:\a\wootc\wootc\out\branded-preview\System.Net.WebSockets.dll
2026-09-27T13:14:48.0400833Z    Compressing: \\?\D:\a\wootc\wootc\out\branded-preview\System.Numerics.dll
2026-09-27T13:14:48.0404005Z    Compressing: \\?\D:\a\wootc\wootc\out\branded-preview\System.Numerics.Tensors.dll
2026-09-27T13:14:48.0463402Z    Compressing: \\?\D:\a\wootc\wootc\out\branded-preview\System.Numerics.Vectors.dll
2026-09-27T13:14:48.0466396Z    Compressing: \\?\D:\a\wootc\wootc\out\branded-preview\System.ObjectModel.dll
2026-09-27T13:14:48.0478294Z    Compressing: \\?\D:\a\wootc\wootc\out\branded-preview\System.Private.CoreLib.dll
2026-09-27T13:14:50.3752195Z    Compressing: \\?\D:\a\wootc\wootc\out\branded-preview\System.Private.DataContractSerialization.dll
2026-09-27T13:14:50.3949018Z    Compressing: \\?\D:\a\wootc\wootc\out\branded-preview\System.Private.Uri.dll
2026-09-27T13:14:50.3974649Z    Compressing: \\?\D:\a\wootc\wootc\out\branded-preview\System.Private.Xml.dll
2026-09-27T13:14:51.8227297Z    Compressing: \\?\D:\a\wootc\wootc\out\branded-preview\System.Private.Xml.Linq.dll
2026-09-27T13:14:51.8267025Z    Compressing: \\?\D:\a\wootc\wootc\out\branded-preview\System.Reflection.DispatchProxy.dll
2026-09-27T13:14:51.8275933Z    Compressing: \\?\D:\a\wootc\wootc\out\branded-preview\System.Reflection.dll
2026-09-27T13:14:51.8278778Z    Compressing: \\?\D:\a\wootc\wootc\out\branded-preview\System.Reflection.Emit.dll
2026-09-27T13:14:51.8292503Z    Compressing: \\?\D:\a\wootc\wootc\out\branded-preview\System.Reflection.Emit.ILGeneration.dll
2026-09-27T13:14:51.8295350Z    Compressing: \\?\D:\a\wootc\wootc\out\branded-preview\System.Reflection.Emit.Lightweight.dll
2026-09-27T13:14:51.8298131Z    Compressing: \\?\D:\a\wootc\wootc\out\branded-preview\System.Reflection.Extensions.dll
2026-09-27T13:14:51.8300834Z    Compressing: \\?\D:\a\wootc\wootc\out\branded-preview\System.Reflection.Metadata.dll
2026-09-27T13:14:51.8416590Z    Compressing: \\?\D:\a\wootc\wootc\out\branded-preview\System.Reflection.Primitives.dll
2026-09-27T13:14:51.8419034Z    Compressing: \\?\D:\a\wootc\wootc\out\branded-preview\System.Reflection.TypeExtensions.dll
2026-09-27T13:14:51.8423627Z    Compressing: \\?\D:\a\wootc\wootc\out\branded-preview\System.Resources.Reader.dll
2026-09-27T13:14:51.8426072Z    Compressing: \\?\D:\a\wootc\wootc\out\branded-preview\System.Resources.ResourceManager.dll
2026-09-27T13:14:51.8428247Z    Compressing: \\?\D:\a\wootc\wootc\out\branded-preview\System.Resources.Writer.dll
2026-09-27T13:14:51.8434404Z    Compressing: \\?\D:\a\wootc\wootc\out\branded-preview\System.Runtime.CompilerServices.Unsafe.dll
2026-09-27T13:14:51.8436692Z    Compressing: \\?\D:\a\wootc\wootc\out\branded-preview\System.Runtime.CompilerServices.VisualC.dll
2026-09-27T13:14:51.8440070Z    Compressing: \\?\D:\a\wootc\wootc\out\branded-preview\System.Runtime.dll
2026-09-27T13:14:51.8445006Z    Compressing: \\?\D:\a\wootc\wootc\out\branded-preview\System.Runtime.Extensions.dll
2026-09-27T13:14:51.8447412Z    Compressing: \\?\D:\a\wootc\wootc\out\branded-preview\System.Runtime.Handles.dll
2026-09-27T13:14:51.8450035Z    Compressing: \\?\D:\a\wootc\wootc\out\branded-preview\System.Runtime.InteropServices.dll
2026-09-27T13:14:51.8460059Z    Compressing: \\?\D:\a\wootc\wootc\out\branded-preview\System.Runtime.InteropServices.JavaScript.dll
2026-09-27T13:14:51.8465761Z    Compressing: \\?\D:\a\wootc\wootc\out\branded-preview\System.Runtime.InteropServices.RuntimeInformation.dll
2026-09-27T13:14:51.8469103Z    Compressing: \\?\D:\a\wootc\wootc\out\branded-preview\System.Runtime.Intrinsics.dll
2026-09-27T13:14:51.8470744Z    Compressing: \\?\D:\a\wootc\wootc\out\branded-preview\System.Runtime.Loader.dll
2026-09-27T13:14:51.8473619Z    Compressing: \\?\D:\a\wootc\wootc\out\branded-preview\System.Runtime.Numerics.dll
2026-09-27T13:14:51.8505826Z    Compressing: \\?\D:\a\wootc\wootc\out\branded-preview\System.Runtime.Serialization.dll
2026-09-27T13:14:51.8508896Z    Compressing: \\?\D:\a\wootc\wootc\out\branded-preview\System.Runtime.Serialization.Formatters.dll
2026-09-27T13:14:51.8538528Z    Compressing: \\?\D:\a\wootc\wootc\out\branded-preview\System.Runtime.Serialization.Json.dll
2026-09-27T13:14:51.8541011Z    Compressing: \\?\D:\a\wootc\wootc\out\branded-preview\System.Runtime.Serialization.Primitives.dll
2026-09-27T13:14:51.8545336Z    Compressing: \\?\D:\a\wootc\wootc\out\branded-preview\System.Runtime.Serialization.Xml.dll
2026-09-27T13:14:51.8548269Z    Compressing: \\?\D:\a\wootc\wootc\out\branded-preview\System.Security.AccessControl.dll
2026-09-27T13:14:51.8570574Z    Compressing: \\?\D:\a\wootc\wootc\out\branded-preview\System.Security.Claims.dll
2026-09-27T13:14:51.8581035Z    Compressing: \\?\D:\a\wootc\wootc\out\branded-preview\System.Security.Cryptography.Algorithms.dll
2026-09-27T13:14:51.8583324Z    Compressing: \\?\D:\a\wootc\wootc\out\branded-preview\System.Security.Cryptography.Cng.dll
2026-09-27T13:14:51.8585638Z    Compressing: \\?\D:\a\wootc\wootc\out\branded-preview\System.Security.Cryptography.Csp.dll
2026-09-27T13:14:51.8588202Z    Compressing: \\?\D:\a\wootc\wootc\out\branded-preview\System.Security.Cryptography.dll
2026-09-27T13:14:52.4941704Z    Compressing: \\?\D:\a\wootc\wootc\out\branded-preview\System.Security.Cryptography.Encoding.dll
2026-09-27T13:14:52.4943896Z    Compressing: \\?\D:\a\wootc\wootc\out\branded-preview\System.Security.Cryptography.OpenSsl.dll
2026-09-27T13:14:52.4946091Z    Compressing: \\?\D:\a\wootc\wootc\out\branded-preview\System.Security.Cryptography.Primitives.dll
2026-09-27T13:14:52.4948376Z    Compressing: \\?\D:\a\wootc\wootc\out\branded-preview\System.Security.Cryptography.X509Certificates.dll
2026-09-27T13:14:52.4951118Z    Compressing: \\?\D:\a\wootc\wootc\out\branded-preview\System.Security.dll
2026-09-27T13:14:52.4954733Z    Compressing: \\?\D:\a\wootc\wootc\out\branded-preview\System.Security.Principal.dll
2026-09-27T13:14:52.4957705Z    Compressing: \\?\D:\a\wootc\wootc\out\branded-preview\System.Security.Principal.Windows.dll
2026-09-27T13:14:52.4987544Z    Compressing: \\?\D:\a\wootc\wootc\out\branded-preview\System.Security.SecureString.dll
2026-09-27T13:14:52.4990672Z    Compressing: \\?\D:\a\wootc\wootc\out\branded-preview\System.ServiceModel.Web.dll
2026-09-27T13:14:52.4993940Z    Compressing: \\?\D:\a\wootc\wootc\out\branded-preview\System.ServiceProcess.dll
2026-09-27T13:14:52.4997512Z    Compressing: \\?\D:\a\wootc\wootc\out\branded-preview\System.Text.Encoding.CodePages.dll
2026-09-27T13:14:52.5079144Z    Compressing: \\?\D:\a\wootc\wootc\out\branded-preview\System.Text.Encoding.dll
2026-09-27T13:14:52.5081455Z    Compressing: \\?\D:\a\wootc\wootc\out\branded-preview\System.Text.Encoding.Extensions.dll
2026-09-27T13:14:52.5083404Z    Compressing: \\?\D:\a\wootc\wootc\out\branded-preview\System.Text.Encodings.Web.dll
2026-09-27T13:14:52.5096048Z    Compressing: \\?\D:\a\wootc\wootc\out\branded-preview\System.Text.Json.dll
2026-09-27T13:14:52.5237061Z    Compressing: \\?\D:\a\wootc\wootc\out\branded-preview\System.Text.RegularExpressions.dll
2026-09-27T13:14:52.5344990Z    Compressing: \\?\D:\a\wootc\wootc\out\branded-preview\System.Threading.Channels.dll
2026-09-27T13:14:52.5364289Z    Compressing: \\?\D:\a\wootc\wootc\out\branded-preview\System.Threading.dll
2026-09-27T13:14:53.1525992Z    Compressing: \\?\D:\a\wootc\wootc\out\branded-preview\System.Threading.Overlapped.dll
2026-09-27T13:14:53.1528910Z    Compressing: \\?\D:\a\wootc\wootc\out\branded-preview\System.Threading.Tasks.Dataflow.dll
2026-09-27T13:14:53.1605544Z    Compressing: \\?\D:\a\wootc\wootc\out\branded-preview\System.Threading.Tasks.dll
2026-09-27T13:14:53.1608761Z    Compressing: \\?\D:\a\wootc\wootc\out\branded-preview\System.Threading.Tasks.Extensions.dll
2026-09-27T13:14:53.1611867Z    Compressing: \\?\D:\a\wootc\wootc\out\branded-preview\System.Threading.Tasks.Parallel.dll
2026-09-27T13:14:53.1633627Z    Compressing: \\?\D:\a\wootc\wootc\out\branded-preview\System.Threading.Thread.dll
2026-09-27T13:14:53.1636947Z    Compressing: \\?\D:\a\wootc\wootc\out\branded-preview\System.Threading.ThreadPool.dll
2026-09-27T13:14:53.1640215Z    Compressing: \\?\D:\a\wootc\wootc\out\branded-preview\System.Threading.Timer.dll
2026-09-27T13:14:53.1643304Z    Compressing: \\?\D:\a\wootc\wootc\out\branded-preview\System.Transactions.dll
2026-09-27T13:14:53.1646574Z    Compressing: \\?\D:\a\wootc\wootc\out\branded-preview\System.Transactions.Local.dll
2026-09-27T13:14:53.1737040Z    Compressing: \\?\D:\a\wootc\wootc\out\branded-preview\System.ValueTuple.dll
2026-09-27T13:14:53.1739406Z    Compressing: \\?\D:\a\wootc\wootc\out\branded-preview\System.Web.dll
2026-09-27T13:14:53.1741647Z    Compressing: \\?\D:\a\wootc\wootc\out\branded-preview\System.Web.HttpUtility.dll
2026-09-27T13:14:53.1747677Z    Compressing: \\?\D:\a\wootc\wootc\out\branded-preview\System.Windows.dll
2026-09-27T13:14:53.1750147Z    Compressing: \\?\D:\a\wootc\wootc\out\branded-preview\System.Xml.dll
2026-09-27T13:14:53.1752883Z    Compressing: \\?\D:\a\wootc\wootc\out\branded-preview\System.Xml.Linq.dll
2026-09-27T13:14:53.1755117Z    Compressing: \\?\D:\a\wootc\wootc\out\branded-preview\System.Xml.ReaderWriter.dll
2026-09-27T13:14:53.1758247Z    Compressing: \\?\D:\a\wootc\wootc\out\branded-preview\System.Xml.Serialization.dll
2026-09-27T13:14:53.1760416Z    Compressing: \\?\D:\a\wootc\wootc\out\branded-preview\System.Xml.XDocument.dll
2026-09-27T13:14:53.1762638Z    Compressing: \\?\D:\a\wootc\wootc\out\branded-preview\System.Xml.XmlDocument.dll
2026-09-27T13:14:53.1764947Z    Compressing: \\?\D:\a\wootc\wootc\out\branded-preview\System.Xml.XmlSerializer.dll
2026-09-27T13:14:53.1767319Z    Compressing: \\?\D:\a\wootc\wootc\out\branded-preview\System.Xml.XPath.dll
2026-09-27T13:14:53.1769551Z    Compressing: \\?\D:\a\wootc\wootc\out\branded-preview\System.Xml.XPath.XDocument.dll
2026-09-27T13:14:53.1773144Z    Compressing: \\?\D:\a\wootc\wootc\out\branded-preview\WebView2Loader.dll
2026-09-27T13:14:53.1789066Z    Compressing: \\?\D:\a\wootc\wootc\out\branded-preview\WindowsBase.dll
2026-09-27T13:14:53.1791278Z    Compressing: \\?\D:\a\wootc\wootc\out\branded-preview\WinRT.Runtime.dll
2026-09-27T13:14:53.1841064Z    Compressing: \\?\D:\a\wootc\wootc\out\branded-preview\WinUIEdit.dll
2026-09-27T13:14:53.9227383Z    Compressing: \\?\D:\a\wootc\wootc\out\branded-preview\wootc-engine.exe
2026-09-27T13:14:55.7195832Z    Compressing: \\?\D:\a\wootc\wootc\out\branded-preview\Wootc.Shell.Core.dll
2026-09-27T13:14:55.7201923Z    Compressing: \\?\D:\a\wootc\wootc\out\branded-preview\Wootc.Shell.Core.pdb
2026-09-27T13:14:55.7205503Z    Compressing: \\?\D:\a\wootc\wootc\out\branded-preview\Wootc.Shell.deps.json
2026-09-27T13:14:55.7210840Z    Compressing: \\?\D:\a\wootc\wootc\out\branded-preview\Wootc.Shell.dll
2026-09-27T13:14:55.7229142Z    Compressing: \\?\D:\a\wootc\wootc\out\branded-preview\Wootc.Shell.exe
2026-09-27T13:14:55.7258959Z    Compressing: \\?\D:\a\wootc\wootc\out\branded-preview\Wootc.Shell.Native.dll
2026-09-27T13:14:55.7264477Z    Compressing: \\?\D:\a\wootc\wootc\out\branded-preview\Wootc.Shell.Native.pdb
2026-09-27T13:14:55.7267063Z    Compressing: \\?\D:\a\wootc\wootc\out\branded-preview\Wootc.Shell.pdb
2026-09-27T13:14:55.7270639Z    Compressing: \\?\D:\a\wootc\wootc\out\branded-preview\Wootc.Shell.pri
2026-09-27T13:14:56.1885171Z    Compressing: \\?\D:\a\wootc\wootc\out\branded-preview\Wootc.Shell.runtimeconfig.json
2026-09-27T13:14:56.1886143Z    Compressing: \\?\D:\a\wootc\wootc\out\branded-preview\workloads.365.json
2026-09-27T13:14:56.1887778Z    Compressing: \\?\D:\a\wootc\wootc\out\branded-preview\workloads.j32.json
2026-09-27T13:14:56.1889876Z    Compressing: \\?\D:\a\wootc\wootc\out\branded-preview\workloads.json
2026-09-27T13:14:56.1891924Z    Compressing: \\?\D:\a\wootc\wootc\out\branded-preview\workloads.lnl.json
2026-09-27T13:14:56.1894243Z    Compressing: \\?\D:\a\wootc\wootc\out\branded-preview\workloads.qnn.json
2026-09-27T13:14:56.1896445Z    Compressing: \\?\D:\a\wootc\wootc\out\branded-preview\workloads.stx.json
2026-09-27T13:14:56.1898627Z    Compressing: \\?\D:\a\wootc\wootc\out\branded-preview\wuceffectsi.dll
2026-09-27T13:14:56.1946874Z    Compressing: \\?\D:\a\wootc\wootc\out\branded-preview\af-ZA\Microsoft.ui.xaml.dll.mui
2026-09-27T13:14:56.1950640Z    Compressing: \\?\D:\a\wootc\wootc\out\branded-preview\af-ZA\Microsoft.UI.Xaml.Phone.dll.mui
2026-09-27T13:14:56.1952665Z    Compressing: \\?\D:\a\wootc\wootc\out\branded-preview\am-ET\Microsoft.ui.xaml.dll.mui
2026-09-27T13:14:56.1955908Z    Compressing: \\?\D:\a\wootc\wootc\out\branded-preview\am-ET\Microsoft.UI.Xaml.Phone.dll.mui
2026-09-27T13:14:56.1957913Z    Compressing: \\?\D:\a\wootc\wootc\out\branded-preview\ar-SA\Microsoft.ui.xaml.dll.mui
2026-09-27T13:14:56.1961195Z    Compressing: \\?\D:\a\wootc\wootc\out\branded-preview\ar-SA\Microsoft.UI.Xaml.Phone.dll.mui
2026-09-27T13:14:56.1963382Z    Compressing: \\?\D:\a\wootc\wootc\out\branded-preview\as-IN\Microsoft.ui.xaml.dll.mui
2026-09-27T13:14:56.1966624Z    Compressing: \\?\D:\a\wootc\wootc\out\branded-preview\as-IN\Microsoft.UI.Xaml.Phone.dll.mui
2026-09-27T13:14:56.1968701Z    Compressing: \\?\D:\a\wootc\wootc\out\branded-preview\az-Latn-AZ\Microsoft.ui.xaml.dll.mui
2026-09-27T13:14:56.1972478Z    Compressing: \\?\D:\a\wootc\wootc\out\branded-preview\az-Latn-AZ\Microsoft.UI.Xaml.Phone.dll.mui
2026-09-27T13:14:56.1974507Z    Compressing: \\?\D:\a\wootc\wootc\out\branded-preview\bg-BG\Microsoft.ui.xaml.dll.mui
2026-09-27T13:14:56.1977844Z    Compressing: \\?\D:\a\wootc\wootc\out\branded-preview\bg-BG\Microsoft.UI.Xaml.Phone.dll.mui
2026-09-27T13:14:56.1979845Z    Compressing: \\?\D:\a\wootc\wootc\out\branded-preview\bn-IN\Microsoft.ui.xaml.dll.mui
2026-09-27T13:14:56.1983102Z    Compressing: \\?\D:\a\wootc\wootc\out\branded-preview\bn-IN\Microsoft.UI.Xaml.Phone.dll.mui
2026-09-27T13:14:56.1985369Z    Compressing: \\?\D:\a\wootc\wootc\out\branded-preview\Branding\brand.json
2026-09-27T13:14:56.1986473Z    Compressing: \\?\D:\a\wootc\wootc\out\branded-preview\bs-Latn-BA\Microsoft.ui.xaml.dll.mui
2026-09-27T13:14:56.1990082Z    Compressing: \\?\D:\a\wootc\wootc\out\branded-preview\bs-Latn-BA\Microsoft.UI.Xaml.Phone.dll.mui
2026-09-27T13:14:56.1992147Z    Compressing: \\?\D:\a\wootc\wootc\out\branded-preview\ca-ES\Microsoft.ui.xaml.dll.mui
2026-09-27T13:14:56.1995521Z    Compressing: \\?\D:\a\wootc\wootc\out\branded-preview\ca-ES\Microsoft.UI.Xaml.Phone.dll.mui
2026-09-27T13:14:56.1997585Z    Compressing: \\?\D:\a\wootc\wootc\out\branded-preview\ca-Es-VALENCIA\Microsoft.ui.xaml.dll.mui
2026-09-27T13:14:56.2001220Z    Compressing: \\?\D:\a\wootc\wootc\out\branded-preview\ca-Es-VALENCIA\Microsoft.UI.Xaml.Phone.dll.mui
2026-09-27T13:14:56.2003247Z    Compressing: \\?\D:\a\wootc\wootc\out\branded-preview\cs-CZ\Microsoft.ui.xaml.dll.mui
2026-09-27T13:14:56.2006561Z    Compressing: \\?\D:\a\wootc\wootc\out\branded-preview\cs-CZ\Microsoft.UI.Xaml.Phone.dll.mui
2026-09-27T13:14:56.2008794Z    Compressing: \\?\D:\a\wootc\wootc\out\branded-preview\cy-GB\Microsoft.ui.xaml.dll.mui
2026-09-27T13:14:56.2012372Z    Compressing: \\?\D:\a\wootc\wootc\out\branded-preview\cy-GB\Microsoft.UI.Xaml.Phone.dll.mui
2026-09-27T13:14:56.2014591Z    Compressing: \\?\D:\a\wootc\wootc\out\branded-preview\da-DK\Microsoft.ui.xaml.dll.mui
2026-09-27T13:14:56.2017898Z    Compressing: \\?\D:\a\wootc\wootc\out\branded-preview\da-DK\Microsoft.UI.Xaml.Phone.dll.mui
2026-09-27T13:14:56.2019899Z    Compressing: \\?\D:\a\wootc\wootc\out\branded-preview\de-DE\Microsoft.ui.xaml.dll.mui
2026-09-27T13:14:56.2023507Z    Compressing: \\?\D:\a\wootc\wootc\out\branded-preview\de-DE\Microsoft.UI.Xaml.Phone.dll.mui
2026-09-27T13:14:56.2025566Z    Compressing: \\?\D:\a\wootc\wootc\out\branded-preview\el-GR\Microsoft.ui.xaml.dll.mui
2026-09-27T13:14:56.2029076Z    Compressing: \\?\D:\a\wootc\wootc\out\branded-preview\el-GR\Microsoft.UI.Xaml.Phone.dll.mui
2026-09-27T13:14:56.2031615Z    Compressing: \\?\D:\a\wootc\wootc\out\branded-preview\en-GB\Microsoft.ui.xaml.dll.mui
2026-09-27T13:14:56.2035222Z    Compressing: \\?\D:\a\wootc\wootc\out\branded-preview\en-GB\Microsoft.UI.Xaml.Phone.dll.mui
2026-09-27T13:14:56.2037338Z    Compressing: \\?\D:\a\wootc\wootc\out\branded-preview\en-us\Microsoft.ui.xaml.dll.mui
2026-09-27T13:14:56.2040746Z    Compressing: \\?\D:\a\wootc\wootc\out\branded-preview\en-us\Microsoft.UI.Xaml.Phone.dll.mui
2026-09-27T13:14:56.2042640Z    Compressing: \\?\D:\a\wootc\wootc\out\branded-preview\es-ES\Microsoft.ui.xaml.dll.mui
2026-09-27T13:14:56.2046248Z    Compressing: \\?\D:\a\wootc\wootc\out\branded-preview\es-ES\Microsoft.UI.Xaml.Phone.dll.mui
2026-09-27T13:14:56.2048347Z    Compressing: \\?\D:\a\wootc\wootc\out\branded-preview\es-MX\Microsoft.ui.xaml.dll.mui
2026-09-27T13:14:56.2055518Z    Compressing: \\?\D:\a\wootc\wootc\out\branded-preview\es-MX\Microsoft.UI.Xaml.Phone.dll.mui
2026-09-27T13:14:56.2058116Z    Compressing: \\?\D:\a\wootc\wootc\out\branded-preview\et-EE\Microsoft.ui.xaml.dll.mui
2026-09-27T13:14:56.2061466Z    Compressing: \\?\D:\a\wootc\wootc\out\branded-preview\et-EE\Microsoft.UI.Xaml.Phone.dll.mui
2026-09-27T13:14:56.2063526Z    Compressing: \\?\D:\a\wootc\wootc\out\branded-preview\eu-ES\Microsoft.ui.xaml.dll.mui
2026-09-27T13:14:56.2067152Z    Compressing: \\?\D:\a\wootc\wootc\out\branded-preview\eu-ES\Microsoft.UI.Xaml.Phone.dll.mui
2026-09-27T13:14:56.2070779Z    Compressing: \\?\D:\a\wootc\wootc\out\branded-preview\fa-IR\Microsoft.ui.xaml.dll.mui
2026-09-27T13:14:56.2074052Z    Compressing: \\?\D:\a\wootc\wootc\out\branded-preview\fa-IR\Microsoft.UI.Xaml.Phone.dll.mui
2026-09-27T13:14:56.2076215Z    Compressing: \\?\D:\a\wootc\wootc\out\branded-preview\fi-FI\Microsoft.ui.xaml.dll.mui
2026-09-27T13:14:56.2079490Z    Compressing: \\?\D:\a\wootc\wootc\out\branded-preview\fi-FI\Microsoft.UI.Xaml.Phone.dll.mui
2026-09-27T13:14:56.2081686Z    Compressing: \\?\D:\a\wootc\wootc\out\branded-preview\fil-PH\Microsoft.ui.xaml.dll.mui
2026-09-27T13:14:56.2085247Z    Compressing: \\?\D:\a\wootc\wootc\out\branded-preview\fil-PH\Microsoft.UI.Xaml.Phone.dll.mui
2026-09-27T13:14:56.2087383Z    Compressing: \\?\D:\a\wootc\wootc\out\branded-preview\fr-CA\Microsoft.ui.xaml.dll.mui
2026-09-27T13:14:56.2090956Z    Compressing: \\?\D:\a\wootc\wootc\out\branded-preview\fr-CA\Microsoft.UI.Xaml.Phone.dll.mui
2026-09-27T13:14:56.2092985Z    Compressing: \\?\D:\a\wootc\wootc\out\branded-preview\fr-FR\Microsoft.ui.xaml.dll.mui
2026-09-27T13:14:56.2096484Z    Compressing: \\?\D:\a\wootc\wootc\out\branded-preview\fr-FR\Microsoft.UI.Xaml.Phone.dll.mui
2026-09-27T13:14:56.2098540Z    Compressing: \\?\D:\a\wootc\wootc\out\branded-preview\ga-IE\Microsoft.ui.xaml.dll.mui
2026-09-27T13:14:56.2101971Z    Compressing: \\?\D:\a\wootc\wootc\out\branded-preview\ga-IE\Microsoft.UI.Xaml.Phone.dll.mui
2026-09-27T13:14:56.2104094Z    Compressing: \\?\D:\a\wootc\wootc\out\branded-preview\gd-gb\Microsoft.ui.xaml.dll.mui
2026-09-27T13:14:56.2107805Z    Compressing: \\?\D:\a\wootc\wootc\out\branded-preview\gd-gb\Microsoft.UI.Xaml.Phone.dll.mui
2026-09-27T13:14:56.2110048Z    Compressing: \\?\D:\a\wootc\wootc\out\branded-preview\gl-ES\Microsoft.ui.xaml.dll.mui
2026-09-27T13:14:56.2113555Z    Compressing: \\?\D:\a\wootc\wootc\out\branded-preview\gl-ES\Microsoft.UI.Xaml.Phone.dll.mui
2026-09-27T13:14:56.2115739Z    Compressing: \\?\D:\a\wootc\wootc\out\branded-preview\gu-IN\Microsoft.ui.xaml.dll.mui
2026-09-27T13:14:56.2118923Z    Compressing: \\?\D:\a\wootc\wootc\out\branded-preview\gu-IN\Microsoft.UI.Xaml.Phone.dll.mui
2026-09-27T13:14:56.2121251Z    Compressing: \\?\D:\a\wootc\wootc\out\branded-preview\he-IL\Microsoft.ui.xaml.dll.mui
2026-09-27T13:14:56.2124307Z    Compressing: \\?\D:\a\wootc\wootc\out\branded-preview\he-IL\Microsoft.UI.Xaml.Phone.dll.mui
2026-09-27T13:14:56.2126331Z    Compressing: \\?\D:\a\wootc\wootc\out\branded-preview\hi-IN\Microsoft.ui.xaml.dll.mui
2026-09-27T13:14:56.2129749Z    Compressing: \\?\D:\a\wootc\wootc\out\branded-preview\hi-IN\Microsoft.UI.Xaml.Phone.dll.mui
2026-09-27T13:14:56.2131999Z    Compressing: \\?\D:\a\wootc\wootc\out\branded-preview\hr-HR\Microsoft.ui.xaml.dll.mui
2026-09-27T13:14:56.2135426Z    Compressing: \\?\D:\a\wootc\wootc\out\branded-preview\hr-HR\Microsoft.UI.Xaml.Phone.dll.mui
2026-09-27T13:14:56.2137564Z    Compressing: \\?\D:\a\wootc\wootc\out\branded-preview\hu-HU\Microsoft.ui.xaml.dll.mui
2026-09-27T13:14:56.2140911Z    Compressing: \\?\D:\a\wootc\wootc\out\branded-preview\hu-HU\Microsoft.UI.Xaml.Phone.dll.mui
2026-09-27T13:14:56.2143030Z    Compressing: \\?\D:\a\wootc\wootc\out\branded-preview\hy-AM\Microsoft.ui.xaml.dll.mui
2026-09-27T13:14:56.2146422Z    Compressing: \\?\D:\a\wootc\wootc\out\branded-preview\hy-AM\Microsoft.UI.Xaml.Phone.dll.mui
2026-09-27T13:14:56.2158584Z    Compressing: \\?\D:\a\wootc\wootc\out\branded-preview\id-ID\Microsoft.ui.xaml.dll.mui
2026-09-27T13:14:56.2159749Z    Compressing: \\?\D:\a\wootc\wootc\out\branded-preview\id-ID\Microsoft.UI.Xaml.Phone.dll.mui
2026-09-27T13:14:56.2161313Z    Compressing: \\?\D:\a\wootc\wootc\out\branded-preview\is-IS\Microsoft.ui.xaml.dll.mui
2026-09-27T13:14:56.2162678Z    Compressing: \\?\D:\a\wootc\wootc\out\branded-preview\is-IS\Microsoft.UI.Xaml.Phone.dll.mui
2026-09-27T13:14:56.2163896Z    Compressing: \\?\D:\a\wootc\wootc\out\branded-preview\it-IT\Microsoft.ui.xaml.dll.mui
2026-09-27T13:14:56.2165648Z    Compressing: \\?\D:\a\wootc\wootc\out\branded-preview\it-IT\Microsoft.UI.Xaml.Phone.dll.mui
2026-09-27T13:14:56.2167593Z    Compressing: \\?\D:\a\wootc\wootc\out\branded-preview\ja-JP\Microsoft.ui.xaml.dll.mui
2026-09-27T13:14:56.2170328Z    Compressing: \\?\D:\a\wootc\wootc\out\branded-preview\ja-JP\Microsoft.UI.Xaml.Phone.dll.mui
2026-09-27T13:14:56.2172697Z    Compressing: \\?\D:\a\wootc\wootc\out\branded-preview\ka-GE\Microsoft.ui.xaml.dll.mui
2026-09-27T13:14:56.2176282Z    Compressing: \\?\D:\a\wootc\wootc\out\branded-preview\ka-GE\Microsoft.UI.Xaml.Phone.dll.mui
2026-09-27T13:14:56.2178506Z    Compressing: \\?\D:\a\wootc\wootc\out\branded-preview\kk-KZ\Microsoft.ui.xaml.dll.mui
2026-09-27T13:14:56.2182175Z    Compressing: \\?\D:\a\wootc\wootc\out\branded-preview\kk-KZ\Microsoft.UI.Xaml.Phone.dll.mui
2026-09-27T13:14:56.2184233Z    Compressing: \\?\D:\a\wootc\wootc\out\branded-preview\km-KH\Microsoft.ui.xaml.dll.mui
2026-09-27T13:14:56.2187448Z    Compressing: \\?\D:\a\wootc\wootc\out\branded-preview\km-KH\Microsoft.UI.Xaml.Phone.dll.mui
2026-09-27T13:14:56.2189690Z    Compressing: \\?\D:\a\wootc\wootc\out\branded-preview\kn-IN\Microsoft.ui.xaml.dll.mui
2026-09-27T13:14:56.2193499Z    Compressing: \\?\D:\a\wootc\wootc\out\branded-preview\kn-IN\Microsoft.UI.Xaml.Phone.dll.mui
2026-09-27T13:14:56.2195617Z    Compressing: \\?\D:\a\wootc\wootc\out\branded-preview\ko-KR\Microsoft.ui.xaml.dll.mui
2026-09-27T13:14:56.2198493Z    Compressing: \\?\D:\a\wootc\wootc\out\branded-preview\ko-KR\Microsoft.UI.Xaml.Phone.dll.mui
2026-09-27T13:14:56.2200458Z    Compressing: \\?\D:\a\wootc\wootc\out\branded-preview\kok-IN\Microsoft.ui.xaml.dll.mui
2026-09-27T13:14:56.2203802Z    Compressing: \\?\D:\a\wootc\wootc\out\branded-preview\kok-IN\Microsoft.UI.Xaml.Phone.dll.mui
2026-09-27T13:14:56.2205838Z    Compressing: \\?\D:\a\wootc\wootc\out\branded-preview\lb-LU\Microsoft.ui.xaml.dll.mui
2026-09-27T13:14:56.2209403Z    Compressing: \\?\D:\a\wootc\wootc\out\branded-preview\lb-LU\Microsoft.UI.Xaml.Phone.dll.mui
2026-09-27T13:14:56.2211685Z    Compressing: \\?\D:\a\wootc\wootc\out\branded-preview\lo-LA\Microsoft.ui.xaml.dll.mui
2026-09-27T13:14:56.2214913Z    Compressing: \\?\D:\a\wootc\wootc\out\branded-preview\lo-LA\Microsoft.UI.Xaml.Phone.dll.mui
2026-09-27T13:14:56.2217393Z    Compressing: \\?\D:\a\wootc\wootc\out\branded-preview\lt-LT\Microsoft.ui.xaml.dll.mui
2026-09-27T13:14:56.2220724Z    Compressing: \\?\D:\a\wootc\wootc\out\branded-preview\lt-LT\Microsoft.UI.Xaml.Phone.dll.mui
2026-09-27T13:14:56.2222845Z    Compressing: \\?\D:\a\wootc\wootc\out\branded-preview\lv-LV\Microsoft.ui.xaml.dll.mui
2026-09-27T13:14:56.2227368Z    Compressing: \\?\D:\a\wootc\wootc\out\branded-preview\lv-LV\Microsoft.UI.Xaml.Phone.dll.mui
2026-09-27T13:14:56.2229172Z    Compressing: \\?\D:\a\wootc\wootc\out\branded-preview\mi-NZ\Microsoft.ui.xaml.dll.mui
2026-09-27T13:14:56.2232753Z    Compressing: \\?\D:\a\wootc\wootc\out\branded-preview\mi-NZ\Microsoft.UI.Xaml.Phone.dll.mui
2026-09-27T13:14:56.2234914Z    Compressing: \\?\D:\a\wootc\wootc\out\branded-preview\Microsoft.UI.Xaml\Assets\map.html
2026-09-27T13:14:56.2238488Z    Compressing: \\?\D:\a\wootc\wootc\out\branded-preview\Microsoft.UI.Xaml\Assets\NoiseAsset_256x256_PNG.png
2026-09-27T13:14:56.2239544Z    Compressing: \\?\D:\a\wootc\wootc\out\branded-preview\mk-MK\Microsoft.ui.xaml.dll.mui
2026-09-27T13:14:56.2242864Z    Compressing: \\?\D:\a\wootc\wootc\out\branded-preview\mk-MK\Microsoft.UI.Xaml.Phone.dll.mui
2026-09-27T13:14:56.2244899Z    Compressing: \\?\D:\a\wootc\wootc\out\branded-preview\ml-IN\Microsoft.ui.xaml.dll.mui
2026-09-27T13:14:56.2248875Z    Compressing: \\?\D:\a\wootc\wootc\out\branded-preview\ml-IN\Microsoft.UI.Xaml.Phone.dll.mui
2026-09-27T13:14:56.2251046Z    Compressing: \\?\D:\a\wootc\wootc\out\branded-preview\mr-IN\Microsoft.ui.xaml.dll.mui
2026-09-27T13:14:56.2254208Z    Compressing: \\?\D:\a\wootc\wootc\out\branded-preview\mr-IN\Microsoft.UI.Xaml.Phone.dll.mui
2026-09-27T13:14:56.2256430Z    Compressing: \\?\D:\a\wootc\wootc\out\branded-preview\ms-MY\Microsoft.ui.xaml.dll.mui
2026-09-27T13:14:56.2259768Z    Compressing: \\?\D:\a\wootc\wootc\out\branded-preview\ms-MY\Microsoft.UI.Xaml.Phone.dll.mui
2026-09-27T13:14:56.2261838Z    Compressing: \\?\D:\a\wootc\wootc\out\branded-preview\mt-MT\Microsoft.ui.xaml.dll.mui
2026-09-27T13:14:56.2265082Z    Compressing: \\?\D:\a\wootc\wootc\out\branded-preview\mt-MT\Microsoft.UI.Xaml.Phone.dll.mui
2026-09-27T13:14:56.2267741Z    Compressing: \\?\D:\a\wootc\wootc\out\branded-preview\nb-NO\Microsoft.ui.xaml.dll.mui
2026-09-27T13:14:56.2270754Z    Compressing: \\?\D:\a\wootc\wootc\out\branded-preview\nb-NO\Microsoft.UI.Xaml.Phone.dll.mui
2026-09-27T13:14:56.2272690Z    Compressing: \\?\D:\a\wootc\wootc\out\branded-preview\ne-NP\Microsoft.ui.xaml.dll.mui
2026-09-27T13:14:56.2276137Z    Compressing: \\?\D:\a\wootc\wootc\out\branded-preview\ne-NP\Microsoft.UI.Xaml.Phone.dll.mui
2026-09-27T13:14:56.2278204Z    Compressing: \\?\D:\a\wootc\wootc\out\branded-preview\nl-NL\Microsoft.ui.xaml.dll.mui
2026-09-27T13:14:56.2281527Z    Compressing: \\?\D:\a\wootc\wootc\out\branded-preview\nl-NL\Microsoft.UI.Xaml.Phone.dll.mui
2026-09-27T13:14:56.2283741Z    Compressing: \\?\D:\a\wootc\wootc\out\branded-preview\nn-NO\Microsoft.ui.xaml.dll.mui
2026-09-27T13:14:56.2286906Z    Compressing: \\?\D:\a\wootc\wootc\out\branded-preview\nn-NO\Microsoft.UI.Xaml.Phone.dll.mui
2026-09-27T13:14:56.2289292Z    Compressing: \\?\D:\a\wootc\wootc\out\branded-preview\or-IN\Microsoft.ui.xaml.dll.mui
2026-09-27T13:14:56.2292835Z    Compressing: \\?\D:\a\wootc\wootc\out\branded-preview\or-IN\Microsoft.UI.Xaml.Phone.dll.mui
2026-09-27T13:14:56.2295078Z    Compressing: \\?\D:\a\wootc\wootc\out\branded-preview\pa-IN\Microsoft.ui.xaml.dll.mui
2026-09-27T13:14:56.2298269Z    Compressing: \\?\D:\a\wootc\wootc\out\branded-preview\pa-IN\Microsoft.UI.Xaml.Phone.dll.mui
2026-09-27T13:14:56.2300348Z    Compressing: \\?\D:\a\wootc\wootc\out\branded-preview\pl-PL\Microsoft.ui.xaml.dll.mui
2026-09-27T13:14:56.2303900Z    Compressing: \\?\D:\a\wootc\wootc\out\branded-preview\pl-PL\Microsoft.UI.Xaml.Phone.dll.mui
2026-09-27T13:14:56.2305981Z    Compressing: \\?\D:\a\wootc\wootc\out\branded-preview\pt-BR\Microsoft.ui.xaml.dll.mui
2026-09-27T13:14:56.2310014Z    Compressing: \\?\D:\a\wootc\wootc\out\branded-preview\pt-BR\Microsoft.UI.Xaml.Phone.dll.mui
2026-09-27T13:14:56.2311826Z    Compressing: \\?\D:\a\wootc\wootc\out\branded-preview\pt-PT\Microsoft.ui.xaml.dll.mui
2026-09-27T13:14:56.2315035Z    Compressing: \\?\D:\a\wootc\wootc\out\branded-preview\pt-PT\Microsoft.UI.Xaml.Phone.dll.mui
2026-09-27T13:14:56.2317031Z    Compressing: \\?\D:\a\wootc\wootc\out\branded-preview\quz-PE\Microsoft.ui.xaml.dll.mui
2026-09-27T13:14:56.2320380Z    Compressing: \\?\D:\a\wootc\wootc\out\branded-preview\quz-PE\Microsoft.UI.Xaml.Phone.dll.mui
2026-09-27T13:14:56.2322422Z    Compressing: \\?\D:\a\wootc\wootc\out\branded-preview\ro-RO\Microsoft.ui.xaml.dll.mui
2026-09-27T13:14:56.2325708Z    Compressing: \\?\D:\a\wootc\wootc\out\branded-preview\ro-RO\Microsoft.UI.Xaml.Phone.dll.mui
2026-09-27T13:14:56.2328387Z    Compressing: \\?\D:\a\wootc\wootc\out\branded-preview\ru-RU\Microsoft.ui.xaml.dll.mui
2026-09-27T13:14:56.2331644Z    Compressing: \\?\D:\a\wootc\wootc\out\branded-preview\ru-RU\Microsoft.UI.Xaml.Phone.dll.mui
2026-09-27T13:14:56.2333659Z    Compressing: \\?\D:\a\wootc\wootc\out\branded-preview\sk-SK\Microsoft.ui.xaml.dll.mui
2026-09-27T13:14:56.2337136Z    Compressing: \\?\D:\a\wootc\wootc\out\branded-preview\sk-SK\Microsoft.UI.Xaml.Phone.dll.mui
2026-09-27T13:14:56.2339182Z    Compressing: \\?\D:\a\wootc\wootc\out\branded-preview\sl-SI\Microsoft.ui.xaml.dll.mui
2026-09-27T13:14:56.2342489Z    Compressing: \\?\D:\a\wootc\wootc\out\branded-preview\sl-SI\Microsoft.UI.Xaml.Phone.dll.mui
2026-09-27T13:14:56.2344629Z    Compressing: \\?\D:\a\wootc\wootc\out\branded-preview\sq-AL\Microsoft.ui.xaml.dll.mui
2026-09-27T13:14:56.2348513Z    Compressing: \\?\D:\a\wootc\wootc\out\branded-preview\sq-AL\Microsoft.UI.Xaml.Phone.dll.mui
2026-09-27T13:14:56.2350369Z    Compressing: \\?\D:\a\wootc\wootc\out\branded-preview\sr-Cyrl-BA\Microsoft.ui.xaml.dll.mui
2026-09-27T13:14:56.2353642Z    Compressing: \\?\D:\a\wootc\wootc\out\branded-preview\sr-Cyrl-BA\Microsoft.UI.Xaml.Phone.dll.mui
2026-09-27T13:14:56.2355716Z    Compressing: \\?\D:\a\wootc\wootc\out\branded-preview\sr-Cyrl-RS\Microsoft.ui.xaml.dll.mui
2026-09-27T13:14:56.2359002Z    Compressing: \\?\D:\a\wootc\wootc\out\branded-preview\sr-Cyrl-RS\Microsoft.UI.Xaml.Phone.dll.mui
2026-09-27T13:14:56.2361086Z    Compressing: \\?\D:\a\wootc\wootc\out\branded-preview\sr-Latn-RS\Microsoft.ui.xaml.dll.mui
2026-09-27T13:14:56.2364363Z    Compressing: \\?\D:\a\wootc\wootc\out\branded-preview\sr-Latn-RS\Microsoft.UI.Xaml.Phone.dll.mui
2026-09-27T13:14:56.2366357Z    Compressing: \\?\D:\a\wootc\wootc\out\branded-preview\sv-SE\Microsoft.ui.xaml.dll.mui
2026-09-27T13:14:56.2370039Z    Compressing: \\?\D:\a\wootc\wootc\out\branded-preview\sv-SE\Microsoft.UI.Xaml.Phone.dll.mui
2026-09-27T13:14:56.2372189Z    Compressing: \\?\D:\a\wootc\wootc\out\branded-preview\ta-IN\Microsoft.ui.xaml.dll.mui
2026-09-27T13:14:56.2375774Z    Compressing: \\?\D:\a\wootc\wootc\out\branded-preview\ta-IN\Microsoft.UI.Xaml.Phone.dll.mui
2026-09-27T13:14:56.2378718Z    Compressing: \\?\D:\a\wootc\wootc\out\branded-preview\te-IN\Microsoft.ui.xaml.dll.mui
2026-09-27T13:14:56.2382533Z    Compressing: \\?\D:\a\wootc\wootc\out\branded-preview\te-IN\Microsoft.UI.Xaml.Phone.dll.mui
2026-09-27T13:14:56.2385035Z    Compressing: \\?\D:\a\wootc\wootc\out\branded-preview\th-TH\Microsoft.ui.xaml.dll.mui
2026-09-27T13:14:56.2388891Z    Compressing: \\?\D:\a\wootc\wootc\out\branded-preview\th-TH\Microsoft.UI.Xaml.Phone.dll.mui
2026-09-27T13:14:56.2391042Z    Compressing: \\?\D:\a\wootc\wootc\out\branded-preview\tr-TR\Microsoft.ui.xaml.dll.mui
2026-09-27T13:14:56.2395319Z    Compressing: \\?\D:\a\wootc\wootc\out\branded-preview\tr-TR\Microsoft.UI.Xaml.Phone.dll.mui
2026-09-27T13:14:56.2397887Z    Compressing: \\?\D:\a\wootc\wootc\out\branded-preview\tt-RU\Microsoft.ui.xaml.dll.mui
2026-09-27T13:14:56.2402745Z    Compressing: \\?\D:\a\wootc\wootc\out\branded-preview\tt-RU\Microsoft.UI.Xaml.Phone.dll.mui
2026-09-27T13:14:56.2405758Z    Compressing: \\?\D:\a\wootc\wootc\out\branded-preview\ug-CN\Microsoft.ui.xaml.dll.mui
2026-09-27T13:14:56.2410980Z    Compressing: \\?\D:\a\wootc\wootc\out\branded-preview\ug-CN\Microsoft.UI.Xaml.Phone.dll.mui
2026-09-27T13:14:56.2413363Z    Compressing: \\?\D:\a\wootc\wootc\out\branded-preview\uk-UA\Microsoft.ui.xaml.dll.mui
2026-09-27T13:14:56.2418576Z    Compressing: \\?\D:\a\wootc\wootc\out\branded-preview\uk-UA\Microsoft.UI.Xaml.Phone.dll.mui
2026-09-27T13:14:56.2421213Z    Compressing: \\?\D:\a\wootc\wootc\out\branded-preview\ur-PK\Microsoft.ui.xaml.dll.mui
2026-09-27T13:14:56.2426014Z    Compressing: \\?\D:\a\wootc\wootc\out\branded-preview\ur-PK\Microsoft.UI.Xaml.Phone.dll.mui
2026-09-27T13:14:56.2429046Z    Compressing: \\?\D:\a\wootc\wootc\out\branded-preview\uz-Latn-UZ\Microsoft.ui.xaml.dll.mui
2026-09-27T13:14:56.2434186Z    Compressing: \\?\D:\a\wootc\wootc\out\branded-preview\uz-Latn-UZ\Microsoft.UI.Xaml.Phone.dll.mui
2026-09-27T13:14:56.2436777Z    Compressing: \\?\D:\a\wootc\wootc\out\branded-preview\vi-VN\Microsoft.ui.xaml.dll.mui
2026-09-27T13:14:56.2441616Z    Compressing: \\?\D:\a\wootc\wootc\out\branded-preview\vi-VN\Microsoft.UI.Xaml.Phone.dll.mui
2026-09-27T13:14:56.2444384Z    Compressing: \\?\D:\a\wootc\wootc\out\branded-preview\zh-CN\Microsoft.ui.xaml.dll.mui
2026-09-27T13:14:56.2448621Z    Compressing: \\?\D:\a\wootc\wootc\out\branded-preview\zh-CN\Microsoft.UI.Xaml.Phone.dll.mui
2026-09-27T13:14:56.2451149Z    Compressing: \\?\D:\a\wootc\wootc\out\branded-preview\zh-TW\Microsoft.ui.xaml.dll.mui
2026-09-27T13:14:56.2455236Z    Compressing: \\?\D:\a\wootc\wootc\out\branded-preview\zh-TW\Microsoft.UI.Xaml.Phone.dll.mui
2026-09-27T13:14:56.9123179Z    Compressing Setup program executable
2026-09-27T13:14:57.3963020Z    Updating version info (Setup.exe)
2026-09-27T13:14:57.3963434Z    Updating manifest (Setup.exe)
2026-09-27T13:14:57.3963775Z 
2026-09-27T13:14:57.3967211Z 
2026-09-27T13:14:57.3967883Z Successful compile (38.875 sec). Resulting Setup program filename is:
2026-09-27T13:14:57.3968620Z D:\a\wootc\wootc\out\preview-installer\bazzite-native-preview-095a45b1abe3e3703b2f830aaf0501a57b1e52a8.exe
2026-09-27T13:15:07.8864367Z   Determining projects to restore...
2026-09-27T13:15:13.9760872Z   Restored D:\a\wootc\wootc\shell\Wootc.Shell.UiTests\Wootc.Shell.UiTests.csproj (in 5.81 sec).
2026-09-27T13:15:15.2935443Z   Wootc.Shell.UiTests -> D:\a\wootc\wootc\shell\Wootc.Shell.UiTests\bin\Release\net8.0-windows10.0.19041.0\Wootc.Shell.UiTests.dll
2026-09-27T13:15:15.3071053Z Test run for D:\a\wootc\wootc\shell\Wootc.Shell.UiTests\bin\Release\net8.0-windows10.0.19041.0\Wootc.Shell.UiTests.dll (.NETCoreApp,Version=v8.0)
2026-09-27T13:15:15.9637144Z A total of 1 test files matched the specified pattern.
2026-09-27T13:15:31.8744265Z Results File: D:\a\wootc\wootc\shell\Wootc.Shell.UiTests\TestResults\installed-bazzite.trx
2026-09-27T13:15:31.8748164Z 
2026-09-27T13:15:31.8797589Z Passed!  - Failed:     0, Passed:     1, Skipped:     0, Total:     1, Duration: 13 s - Wootc.Shell.UiTests.dll (net8.0)
2026-09-27T13:15:33.6727277Z PASS actual bazzite preview compile/install/brand/startup RPC/uninstall with foreign-file preservation and observed test cleanup
2026-09-27T13:15:33.7156432Z ##[group]Run actions/upload-artifact@v7
2026-09-27T13:15:33.7156922Z with:
2026-09-27T13:15:33.7157134Z   name: winui-preview-package-bazzite
2026-09-27T13:15:33.7157726Z   path: out/preview-installer/
out/branded-preview/native-package.json
shell/Wootc.Shell.UiTests/TestResults/*.trx

2026-09-27T13:15:33.7158281Z   if-no-files-found: error
2026-09-27T13:15:33.7158509Z   compression-level: 6
2026-09-27T13:15:33.7158721Z   overwrite: false
2026-09-27T13:15:33.7158922Z   include-hidden-files: false
2026-09-27T13:15:33.7159150Z   archive: true
2026-09-27T13:15:33.7159321Z env:
2026-09-27T13:15:33.7159516Z   DOTNET_ROOT: C:\Program Files\dotnet
2026-09-27T13:15:33.7159763Z   GOTOOLCHAIN: local
2026-09-27T13:15:33.7159954Z ##[endgroup]
2026-09-27T13:15:33.8995482Z Multiple search paths detected. Calculating the least common ancestor of all paths
2026-09-27T13:15:33.8999155Z The least common ancestor is D:\a\wootc\wootc. This will be the root directory of the artifact
2026-09-27T13:15:33.8999808Z With the provided path, there will be 8 files uploaded
2026-09-27T13:15:33.9004670Z Artifact name is valid!
2026-09-27T13:15:33.9006085Z Root directory input is valid!
2026-09-27T13:15:34.2966782Z Uploading artifact: winui-preview-package-bazzite.zip
2026-09-27T13:15:34.3017813Z Beginning upload of artifact content to blob storage
2026-09-27T13:15:35.8629095Z Uploaded bytes 8388608
2026-09-27T13:15:35.8849463Z Uploaded bytes 16777216
2026-09-27T13:15:36.2546198Z Uploaded bytes 25165824
2026-09-27T13:15:36.3343821Z Uploaded bytes 33554432
2026-09-27T13:15:36.4221280Z Uploaded bytes 41943040
2026-09-27T13:15:36.4771833Z Uploaded bytes 50331648
2026-09-27T13:15:36.5787012Z Uploaded bytes 58720256
2026-09-27T13:15:36.6911184Z Uploaded bytes 67108864
2026-09-27T13:15:36.8286972Z Uploaded bytes 67909955
2026-09-27T13:15:36.9059867Z Finished uploading artifact content to blob storage!
2026-09-27T13:15:36.9064892Z SHA256 digest of uploaded artifact is 780fb82a8b636acbed27c2f8fdf5671ef9012224c057c703154b82f6f2b41413
2026-09-27T13:15:36.9067301Z Finalizing artifact upload
2026-09-27T13:15:37.3079092Z Artifact winui-preview-package-bazzite successfully finalized. Artifact ID 10932473781
2026-09-27T13:15:37.3080187Z Artifact winui-preview-package-bazzite has been successfully uploaded! Final size is 67909955 bytes. Artifact ID is 10932473781
2026-09-27T13:15:37.3089711Z Artifact download URL: https://github.com/tuna-os/wootc/actions/runs/36321570365/artifacts/10932473781
2026-09-27T13:15:37.3448244Z Post job cleanup.
2026-09-27T13:15:37.6132408Z [command]C:\hostedtoolcache\windows\go\1.26.0\x64\bin\go.exe env GOCACHE
2026-09-27T13:15:37.6218640Z [command]C:\hostedtoolcache\windows\go\1.26.0\x64\bin\go.exe env GOMODCACHE
2026-09-27T13:15:37.6543217Z C:\Users\runneradmin\AppData\Local\go-build
2026-09-27T13:15:37.6545077Z C:\Users\runneradmin\go\pkg\mod
2026-09-27T13:15:37.6572754Z Primary key was not generated. Please check the log messages above for more errors or information
2026-09-27T13:15:37.6871546Z Post job cleanup.
2026-09-27T13:15:37.8650901Z Post job cleanup.
2026-09-27T13:15:38.0671069Z [command]"C:\Program Files\Git\bin\git.exe" version
2026-09-27T13:15:38.0980844Z git version 2.55.0.windows.5
2026-09-27T13:15:38.1063319Z Temporarily overriding HOME='D:\a\_temp\59dd13ee-72c3-4dc1-8435-503e680afe30' before making global git config changes
2026-09-27T13:15:38.1064787Z Adding repository directory to the temporary git global config as a safe directory
2026-09-27T13:15:38.1075682Z [command]"C:\Program Files\Git\bin\git.exe" config --global --add safe.directory D:\a\wootc\wootc
2026-09-27T13:15:38.1406008Z Removing SSH command configuration
2026-09-27T13:15:38.1421519Z [command]"C:\Program Files\Git\bin\git.exe" config --local --name-only --get-regexp core\.sshCommand
2026-09-27T13:15:38.1747840Z [command]"C:\Program Files\Git\bin\git.exe" submodule foreach --recursive "sh -c \"git config --local --name-only --get-regexp 'core\.sshCommand' && git config --local --unset-all 'core.sshCommand' || :\""
2026-09-27T13:15:38.7320579Z Removing HTTP extra header
2026-09-27T13:15:38.7333069Z [command]"C:\Program Files\Git\bin\git.exe" config --local --name-only --get-regexp http\.https\:\/\/github\.com\/\.extraheader
2026-09-27T13:15:38.7674419Z [command]"C:\Program Files\Git\bin\git.exe" submodule foreach --recursive "sh -c \"git config --local --name-only --get-regexp 'http\.https\:\/\/github\.com\/\.extraheader' && git config --local --unset-all 'http.https://github.com/.extraheader' || :\""
2026-09-27T13:15:39.3458014Z Removing includeIf entries pointing to credentials config files
2026-09-27T13:15:39.3469677Z [command]"C:\Program Files\Git\bin\git.exe" config --local --name-only --get-regexp ^includeIf\.gitdir:
2026-09-27T13:15:39.3746663Z includeif.gitdir:D:/a/wootc/wootc/.git.path
2026-09-27T13:15:39.3747453Z includeif.gitdir:D:/a/wootc/wootc/.git/worktrees/*.path
2026-09-27T13:15:39.3747974Z includeif.gitdir:/github/workspace/.git.path
2026-09-27T13:15:39.3748504Z includeif.gitdir:/github/workspace/.git/worktrees/*.path
2026-09-27T13:15:39.3788072Z [command]"C:\Program Files\Git\bin\git.exe" config --local --get-all includeif.gitdir:D:/a/wootc/wootc/.git.path
2026-09-27T13:15:39.4050674Z D:\a\_temp\git-credentials-779cea5a-d0f1-4cb1-94d7-5e92da45fe2e.config
2026-09-27T13:15:39.4093021Z [command]"C:\Program Files\Git\bin\git.exe" config --local --unset includeif.gitdir:D:/a/wootc/wootc/.git.path D\:\\a\\_temp\\git\-credentials\-779cea5a\-d0f1\-4cb1\-94d7\-5e92da45fe2e\.config
2026-09-27T13:15:39.4402707Z [command]"C:\Program Files\Git\bin\git.exe" config --local --get-all includeif.gitdir:D:/a/wootc/wootc/.git/worktrees/*.path
2026-09-27T13:15:39.4666811Z D:\a\_temp\git-credentials-779cea5a-d0f1-4cb1-94d7-5e92da45fe2e.config
2026-09-27T13:15:39.4710314Z [command]"C:\Program Files\Git\bin\git.exe" config --local --unset includeif.gitdir:D:/a/wootc/wootc/.git/worktrees/*.path D\:\\a\\_temp\\git\-credentials\-779cea5a\-d0f1\-4cb1\-94d7\-5e92da45fe2e\.config
2026-09-27T13:15:39.5040254Z [command]"C:\Program Files\Git\bin\git.exe" config --local --get-all includeif.gitdir:/github/workspace/.git.path
2026-09-27T13:15:39.5314267Z /github/runner_temp/git-credentials-779cea5a-d0f1-4cb1-94d7-5e92da45fe2e.config
2026-09-27T13:15:39.5357188Z [command]"C:\Program Files\Git\bin\git.exe" config --local --unset includeif.gitdir:/github/workspace/.git.path \/github\/runner_temp\/git\-credentials\-779cea5a\-d0f1\-4cb1\-94d7\-5e92da45fe2e\.config
2026-09-27T13:15:39.5683852Z [command]"C:\Program Files\Git\bin\git.exe" config --local --get-all includeif.gitdir:/github/workspace/.git/worktrees/*.path
2026-09-27T13:15:39.5948295Z /github/runner_temp/git-credentials-779cea5a-d0f1-4cb1-94d7-5e92da45fe2e.config
2026-09-27T13:15:39.6032981Z [command]"C:\Program Files\Git\bin\git.exe" config --local --unset includeif.gitdir:/github/workspace/.git/worktrees/*.path \/github\/runner_temp\/git\-credentials\-779cea5a\-d0f1\-4cb1\-94d7\-5e92da45fe2e\.config
2026-09-27T13:15:39.6355060Z [command]"C:\Program Files\Git\bin\git.exe" submodule foreach --recursive "git config --local --show-origin --name-only --get-regexp remote.origin.url"
2026-09-27T13:15:40.2043236Z Removing credentials config 'D:\a\_temp\git-credentials-779cea5a-d0f1-4cb1-94d7-5e92da45fe2e.config'
2026-09-27T13:15:40.2256364Z Cleaning up orphan processes
2026-09-27T13:15:40.3071635Z Terminate orphan process: pid (5100) (dotnet)
2026-09-27T13:15:40.3159196Z Terminate orphan process: pid (5440) (conhost)
2026-09-27T13:15:40.3377533Z Terminate orphan process: pid (5824) (VBCSCompiler)
2026-09-27T13:15:40.3437998Z Terminate orphan process: pid (6740) (conhost)
