2026-09-27T13:12:07.3244297Z Current runner version: '2.337.0'
2026-09-27T13:12:07.3271036Z ##[group]Runner Image Provisioner
2026-09-27T13:12:07.3272047Z Hosted Compute Agent
2026-09-27T13:12:07.3272703Z Version: 20260828.587
2026-09-27T13:12:07.3273334Z Commit: abac92662cab4cc7352de4f9f9d2e2419aad9c29
2026-09-27T13:12:07.3274127Z Build Date: 2026-08-28T16:44:25Z
2026-09-27T13:12:07.3274826Z Worker ID: {23b84442-96fb-4a55-a046-63a08c1dd8e8}
2026-09-27T13:12:07.3275590Z Azure Region: chilecentral
2026-09-27T13:12:07.3276216Z ##[endgroup]
2026-09-27T13:12:07.3277686Z ##[group]Operating System
2026-09-27T13:12:07.3278385Z Microsoft Windows Server 2025
2026-09-27T13:12:07.3279059Z 10.0.26100
2026-09-27T13:12:07.3279578Z Datacenter
2026-09-27T13:12:07.3280106Z ##[endgroup]
2026-09-27T13:12:07.3280648Z ##[group]Runner Image
2026-09-27T13:12:07.3281550Z Image: windows-2025-vs2026
2026-09-27T13:12:07.3282195Z Version: 20260922.246.2
2026-09-27T13:12:07.3283963Z Included Software: https://github.com/actions/runner-images/blob/win25-vs2026/20260922.246/images/windows/Windows2025-VS2026-Readme.md
2026-09-27T13:12:07.3285911Z Image Release: https://github.com/actions/runner-images/releases/tag/win25-vs2026%2F20260922.246
2026-09-27T13:12:07.3287025Z ##[endgroup]
2026-09-27T13:12:07.3288166Z ##[group]GITHUB_TOKEN Permissions
2026-09-27T13:12:07.3290227Z Contents: read
2026-09-27T13:12:07.3290828Z Metadata: read
2026-09-27T13:12:07.3291346Z ##[endgroup]
2026-09-27T13:12:07.3293445Z Secret source: Actions
2026-09-27T13:12:07.3294320Z Cache mode: write
2026-09-27T13:12:07.3295014Z Prepare workflow directory
2026-09-27T13:12:07.3637981Z Prepare all required actions
2026-09-27T13:12:07.3686830Z Getting action download info
2026-09-27T13:12:07.9286783Z Download action repository 'actions/checkout@v7' (SHA:3d3c42e5aac5ba805825da76410c181273ba90b1)
2026-09-27T13:12:08.0798546Z Download action repository 'actions/setup-dotnet@v6' (SHA:a98b56852c35b8e3190ac28c8c2271da59106c68)
2026-09-27T13:12:08.8518836Z Download action repository 'actions/setup-go@v7' (SHA:b7ad1dad31e06c5925ef5d2fc7ad053ef454303e)
2026-09-27T13:12:09.5597068Z Download action repository 'actions/upload-artifact@v7' (SHA:043fb46d1a93c77aae656e7c1c64a875d1fc6a0a)
2026-09-27T13:12:09.7904760Z Complete job name: Branded preview package (aurora)
2026-09-27T13:12:09.9322909Z ##[group]Run actions/checkout@v7
2026-09-27T13:12:09.9324535Z with:
2026-09-27T13:12:09.9325445Z   repository: tuna-os/wootc
2026-09-27T13:12:09.9334444Z   token: ***
2026-09-27T13:12:09.9335405Z   ssh-strict: true
2026-09-27T13:12:09.9336330Z   ssh-user: git
2026-09-27T13:12:09.9337216Z   persist-credentials: true
2026-09-27T13:12:09.9338244Z   clean: true
2026-09-27T13:12:09.9339167Z   sparse-checkout-cone-mode: true
2026-09-27T13:12:09.9340232Z   fetch-depth: 1
2026-09-27T13:12:09.9341147Z   fetch-tags: false
2026-09-27T13:12:09.9342238Z   show-progress: true
2026-09-27T13:12:09.9343559Z   lfs: false
2026-09-27T13:12:09.9344580Z   submodules: false
2026-09-27T13:12:09.9345494Z   set-safe-directory: true
2026-09-27T13:12:09.9346568Z   allow-unsafe-pr-checkout: false
2026-09-27T13:12:09.9347912Z ##[endgroup]
2026-09-27T13:12:10.0839137Z Syncing repository: tuna-os/wootc
2026-09-27T13:12:10.0841791Z ##[group]Getting Git version info
2026-09-27T13:12:10.0843166Z Working directory is 'D:\a\wootc\wootc'
2026-09-27T13:12:10.1785886Z [command]"C:\Program Files\Git\bin\git.exe" version
2026-09-27T13:12:10.4631576Z git version 2.55.0.windows.5
2026-09-27T13:12:10.4684265Z ##[endgroup]
2026-09-27T13:12:10.4699611Z Temporarily overriding HOME='D:\a\_temp\24ea4349-c7ff-48b7-b1d6-9922049eea3e' before making global git config changes
2026-09-27T13:12:10.4704055Z Adding repository directory to the temporary git global config as a safe directory
2026-09-27T13:12:10.4712505Z [command]"C:\Program Files\Git\bin\git.exe" config --global --add safe.directory D:\a\wootc\wootc
2026-09-27T13:12:10.5353705Z Deleting the contents of 'D:\a\wootc\wootc'
2026-09-27T13:12:10.5359930Z ##[group]Determining repository object format
2026-09-27T13:12:10.5365859Z ##[endgroup]
2026-09-27T13:12:10.5367390Z ##[group]Initializing the repository
2026-09-27T13:12:10.5371690Z [command]"C:\Program Files\Git\bin\git.exe" init D:\a\wootc\wootc
2026-09-27T13:12:10.6129685Z Initialized empty Git repository in D:/a/wootc/wootc/.git/
2026-09-27T13:12:10.6176972Z [command]"C:\Program Files\Git\bin\git.exe" remote add origin https://github.com/tuna-os/wootc
2026-09-27T13:12:10.6744833Z ##[endgroup]
2026-09-27T13:12:10.6746286Z ##[group]Disabling automatic garbage collection
2026-09-27T13:12:10.6754629Z [command]"C:\Program Files\Git\bin\git.exe" config --local gc.auto 0
2026-09-27T13:12:10.7059254Z ##[endgroup]
2026-09-27T13:12:10.7060775Z ##[group]Setting up auth
2026-09-27T13:12:10.7061894Z Removing SSH command configuration
2026-09-27T13:12:10.7068885Z [command]"C:\Program Files\Git\bin\git.exe" config --local --name-only --get-regexp core\.sshCommand
2026-09-27T13:12:10.7370436Z [command]"C:\Program Files\Git\bin\git.exe" submodule foreach --recursive "sh -c \"git config --local --name-only --get-regexp 'core\.sshCommand' && git config --local --unset-all 'core.sshCommand' || :\""
2026-09-27T13:12:12.0287691Z Removing HTTP extra header
2026-09-27T13:12:12.0301572Z [command]"C:\Program Files\Git\bin\git.exe" config --local --name-only --get-regexp http\.https\:\/\/github\.com\/\.extraheader
2026-09-27T13:12:12.0654260Z [command]"C:\Program Files\Git\bin\git.exe" submodule foreach --recursive "sh -c \"git config --local --name-only --get-regexp 'http\.https\:\/\/github\.com\/\.extraheader' && git config --local --unset-all 'http.https://github.com/.extraheader' || :\""
2026-09-27T13:12:12.6444263Z Removing includeIf entries pointing to credentials config files
2026-09-27T13:12:12.6453281Z [command]"C:\Program Files\Git\bin\git.exe" config --local --name-only --get-regexp ^includeIf\.gitdir:
2026-09-27T13:12:12.6752546Z [command]"C:\Program Files\Git\bin\git.exe" submodule foreach --recursive "git config --local --show-origin --name-only --get-regexp remote.origin.url"
2026-09-27T13:12:13.2871129Z [command]"C:\Program Files\Git\bin\git.exe" config --file D:\a\_temp\git-credentials-423deec0-52f1-49d3-b927-cbefbdd8bb27.config http.https://github.com/.extraheader "AUTHORIZATION: basic ***"
2026-09-27T13:12:13.3292832Z [command]"C:\Program Files\Git\bin\git.exe" config --local includeIf.gitdir:D:/a/wootc/wootc/.git.path D:\a\_temp\git-credentials-423deec0-52f1-49d3-b927-cbefbdd8bb27.config
2026-09-27T13:12:13.3676170Z [command]"C:\Program Files\Git\bin\git.exe" config --local includeIf.gitdir:D:/a/wootc/wootc/.git/worktrees/*.path D:\a\_temp\git-credentials-423deec0-52f1-49d3-b927-cbefbdd8bb27.config
2026-09-27T13:12:13.4182866Z [command]"C:\Program Files\Git\bin\git.exe" config --local includeIf.gitdir:/github/workspace/.git.path /github/runner_temp/git-credentials-423deec0-52f1-49d3-b927-cbefbdd8bb27.config
2026-09-27T13:12:13.4607948Z [command]"C:\Program Files\Git\bin\git.exe" config --local includeIf.gitdir:/github/workspace/.git/worktrees/*.path /github/runner_temp/git-credentials-423deec0-52f1-49d3-b927-cbefbdd8bb27.config
2026-09-27T13:12:13.5051512Z ##[endgroup]
2026-09-27T13:12:13.5053598Z ##[group]Fetching the repository
2026-09-27T13:12:13.5068944Z [command]"C:\Program Files\Git\bin\git.exe" -c protocol.version=2 fetch --no-tags --prune --no-recurse-submodules --depth=1 origin +095a45b1abe3e3703b2f830aaf0501a57b1e52a8:refs/remotes/pull/450/merge
2026-09-27T13:12:15.5229616Z From https://github.com/tuna-os/wootc
2026-09-27T13:12:15.5231011Z  * [new ref]         095a45b1abe3e3703b2f830aaf0501a57b1e52a8 -> pull/450/merge
2026-09-27T13:12:15.5292638Z ##[endgroup]
2026-09-27T13:12:15.5293392Z ##[group]Determining the checkout info
2026-09-27T13:12:15.5294092Z ##[endgroup]
2026-09-27T13:12:15.5304139Z [command]"C:\Program Files\Git\bin\git.exe" sparse-checkout disable
2026-09-27T13:12:15.5767752Z [command]"C:\Program Files\Git\bin\git.exe" config --local --unset-all extensions.worktreeConfig
2026-09-27T13:12:15.6114854Z ##[group]Checking out the ref
2026-09-27T13:12:15.6123891Z [command]"C:\Program Files\Git\bin\git.exe" checkout --progress --force refs/remotes/pull/450/merge
2026-09-27T13:12:15.9601188Z Note: switching to 'refs/remotes/pull/450/merge'.
2026-09-27T13:12:15.9601785Z 
2026-09-27T13:12:15.9602144Z You are in 'detached HEAD' state. You can look around, make experimental
2026-09-27T13:12:15.9603046Z changes and commit them, and you can discard any commits you make in this
2026-09-27T13:12:15.9603905Z state without impacting any branches by switching back to a branch.
2026-09-27T13:12:15.9604405Z 
2026-09-27T13:12:15.9604796Z If you want to create a new branch to retain commits you create, you may
2026-09-27T13:12:15.9605664Z do so (now or later) by using -c with the switch command. Example:
2026-09-27T13:12:15.9606204Z 
2026-09-27T13:12:15.9606438Z   git switch -c <new-branch-name>
2026-09-27T13:12:15.9606841Z 
2026-09-27T13:12:15.9607043Z Or undo this operation with:
2026-09-27T13:12:15.9607492Z 
2026-09-27T13:12:15.9607669Z   git switch -
2026-09-27T13:12:15.9607906Z 
2026-09-27T13:12:15.9608324Z Turn off this advice by setting config variable advice.detachedHead to false
2026-09-27T13:12:15.9609360Z 
2026-09-27T13:12:15.9610182Z HEAD is now at 095a45b Merge b04275c1594b3fa49674f4127b3718329322ea0a into c5b5b2ac38ccf5df5eaf5fecb20398fcda9aef53
2026-09-27T13:12:15.9723543Z ##[endgroup]
2026-09-27T13:12:16.0148359Z [command]"C:\Program Files\Git\bin\git.exe" log -1 --format=%H
2026-09-27T13:12:16.0432832Z 095a45b1abe3e3703b2f830aaf0501a57b1e52a8
2026-09-27T13:12:16.0913970Z ##[group]Run actions/setup-dotnet@v6
2026-09-27T13:12:16.0914311Z with:
2026-09-27T13:12:16.0914534Z   global-json-file: shell/global.json
2026-09-27T13:12:16.0914823Z   cache: false
2026-09-27T13:12:16.0915017Z ##[endgroup]
2026-09-27T13:12:16.3688455Z [command]"C:\Program Files\PowerShell\7\pwsh.exe" -NoLogo -Sta -NoProfile -NonInteractive -ExecutionPolicy Unrestricted -Command & 'D:\a\_actions\actions\setup-dotnet\v6\externals\install-dotnet.ps1' -SkipNonVersionedFiles -Runtime dotnet -Channel LTS
2026-09-27T13:12:17.9275552Z dotnet-install: .NET Core Runtime with version '10.0.12' is already installed.
2026-09-27T13:12:18.0980057Z [command]"C:\Program Files\PowerShell\7\pwsh.exe" -NoLogo -Sta -NoProfile -NonInteractive -ExecutionPolicy Unrestricted -Command & 'D:\a\_actions\actions\setup-dotnet\v6\externals\install-dotnet.ps1' -SkipNonVersionedFiles -Version 8.0.425
2026-09-27T13:12:18.7944177Z dotnet-install: .NET Core SDK with version '8.0.425' is already installed.
2026-09-27T13:12:18.9040114Z ##[group]Run actions/setup-go@v7
2026-09-27T13:12:18.9040435Z with:
2026-09-27T13:12:18.9040634Z   go-version-file: app/go.mod
2026-09-27T13:12:18.9040886Z   check-latest: false
2026-09-27T13:12:18.9043936Z   token: ***
2026-09-27T13:12:18.9044173Z   cache: true
2026-09-27T13:12:18.9044348Z env:
2026-09-27T13:12:18.9044720Z   DOTNET_ROOT: C:\Program Files\dotnet
2026-09-27T13:12:18.9044978Z ##[endgroup]
2026-09-27T13:12:19.0527794Z Setup go version spec 1.26.0
2026-09-27T13:12:19.0540688Z Attempting to download 1.26.0...
2026-09-27T13:12:20.1673797Z matching 1.26.0...
2026-09-27T13:12:20.1690817Z Acquiring 1.26.0 from https://github.com/actions/go-versions/releases/download/1.26.0-21889650668/go-1.26.0-win32-x64.zip
2026-09-27T13:12:22.2773992Z Extracting Go...
2026-09-27T13:12:22.3618385Z [command]"C:\Program Files\PowerShell\7\pwsh.exe" -NoLogo -NoProfile -NonInteractive -ExecutionPolicy Unrestricted -Command "$ErrorActionPreference = 'Stop' ; try { Add-Type -AssemblyName System.IO.Compression.ZipFile } catch { } ; try { [System.IO.Compression.ZipFile]::ExtractToDirectory('D:\a\_temp\go-1.26.0-win32-x64.zip', 'D:\a\_temp\ac47aaa7-e130-469b-913c-a6c658f73fde', $true) } catch { if (($_.Exception.GetType().FullName -eq 'System.Management.Automation.MethodException') -or ($_.Exception.GetType().FullName -eq 'System.Management.Automation.RuntimeException') ){ Expand-Archive -LiteralPath 'D:\a\_temp\go-1.26.0-win32-x64.zip' -DestinationPath 'D:\a\_temp\ac47aaa7-e130-469b-913c-a6c658f73fde' -Force } else { throw $_ } } ;"
2026-09-27T13:12:27.4252469Z Successfully extracted go to D:\a\_temp\ac47aaa7-e130-469b-913c-a6c658f73fde
2026-09-27T13:12:27.4253039Z Adding to the cache ...
2026-09-27T13:12:38.5818091Z Created link C:\hostedtoolcache\windows\go\1.26.0\x64 => D:\hostedtoolcache\windows\go\1.26.0\x64
2026-09-27T13:12:38.5824660Z Created link C:\hostedtoolcache\windows\go\1.26.0\x64.complete => D:\hostedtoolcache\windows\go\1.26.0\x64.complete
2026-09-27T13:12:38.5826636Z Successfully cached go to C:\hostedtoolcache\windows\go\1.26.0\x64
2026-09-27T13:12:38.5834244Z Added go to the path
2026-09-27T13:12:38.5836501Z Successfully set up Go version 1.26.0
2026-09-27T13:12:39.0025086Z [command]C:\hostedtoolcache\windows\go\1.26.0\x64\bin\go.exe env GOCACHE
2026-09-27T13:12:39.0082109Z [command]C:\hostedtoolcache\windows\go\1.26.0\x64\bin\go.exe env GOMODCACHE
2026-09-27T13:12:39.0390013Z C:\Users\runneradmin\AppData\Local\go-build
2026-09-27T13:12:39.0436901Z C:\Users\runneradmin\go\pkg\mod
2026-09-27T13:12:39.0491408Z ##[warning]Restore cache failed: Dependencies file is not found in D:\a\wootc\wootc. Supported file pattern: go.mod
2026-09-27T13:12:39.0505466Z go version go1.26.0 windows/amd64
2026-09-27T13:12:39.0505673Z 
2026-09-27T13:12:39.0505939Z ##[group]go env
2026-09-27T13:12:42.9430903Z set AR=ar
2026-09-27T13:12:42.9431445Z set CC=gcc
2026-09-27T13:12:42.9431887Z set CGO_CFLAGS=-O2 -g
2026-09-27T13:12:42.9432340Z set CGO_CPPFLAGS=
2026-09-27T13:12:42.9432743Z set CGO_CXXFLAGS=-O2 -g
2026-09-27T13:12:42.9433145Z set CGO_ENABLED=1
2026-09-27T13:12:42.9433503Z set CGO_FFLAGS=-O2 -g
2026-09-27T13:12:42.9433900Z set CGO_LDFLAGS=-O2 -g
2026-09-27T13:12:42.9434247Z set CXX=g++
2026-09-27T13:12:42.9434552Z set GCCGO=gccgo
2026-09-27T13:12:42.9434888Z set GO111MODULE=
2026-09-27T13:12:42.9435189Z set GOAMD64=v1
2026-09-27T13:12:42.9435484Z set GOARCH=amd64
2026-09-27T13:12:42.9435940Z set GOAUTH=netrc
2026-09-27T13:12:42.9436343Z set GOBIN=
2026-09-27T13:12:42.9436989Z set GOCACHE=C:\Users\runneradmin\AppData\Local\go-build
2026-09-27T13:12:42.9437717Z set GOCACHEPROG=
2026-09-27T13:12:42.9438155Z set GODEBUG=
2026-09-27T13:12:42.9438773Z set GOENV=C:\Users\runneradmin\AppData\Roaming\go\env
2026-09-27T13:12:42.9439487Z set GOEXE=.exe
2026-09-27T13:12:42.9439912Z set GOEXPERIMENT=
2026-09-27T13:12:42.9440272Z set GOFIPS140=off
2026-09-27T13:12:42.9440607Z set GOFLAGS=
2026-09-27T13:12:42.9444701Z set GOGCCFLAGS=-m64 -mthreads -Wl,--no-gc-sections -fmessage-length=0 -ffile-prefix-map=C:\Users\RUNNER~1\AppData\Local\Temp\go-build2837742390=/tmp/go-build -gno-record-gcc-switches
2026-09-27T13:12:42.9446299Z set GOHOSTARCH=amd64
2026-09-27T13:12:42.9446712Z set GOHOSTOS=windows
2026-09-27T13:12:42.9447083Z set GOINSECURE=
2026-09-27T13:12:42.9447682Z set GOMOD=NUL
2026-09-27T13:12:42.9448063Z set GOMODCACHE=C:\Users\runneradmin\go\pkg\mod
2026-09-27T13:12:42.9448511Z set GONOPROXY=
2026-09-27T13:12:42.9448794Z set GONOSUMDB=
2026-09-27T13:12:42.9449055Z set GOOS=windows
2026-09-27T13:12:42.9449400Z set GOPATH=C:\Users\runneradmin\go
2026-09-27T13:12:42.9449810Z set GOPRIVATE=
2026-09-27T13:12:42.9450249Z set GOPROXY=https://proxy.golang.org,direct
2026-09-27T13:12:42.9450816Z set GOROOT=C:\hostedtoolcache\windows\go\1.26.0\x64
2026-09-27T13:12:42.9451308Z set GOSUMDB=sum.golang.org
2026-09-27T13:12:42.9451668Z set GOTELEMETRY=local
2026-09-27T13:12:42.9452246Z set GOTELEMETRYDIR=C:\Users\runneradmin\AppData\Roaming\go\telemetry
2026-09-27T13:12:42.9452862Z set GOTMPDIR=
2026-09-27T13:12:42.9453166Z set GOTOOLCHAIN=local
2026-09-27T13:12:42.9453779Z set GOTOOLDIR=C:\hostedtoolcache\windows\go\1.26.0\x64\pkg\tool\windows_amd64
2026-09-27T13:12:42.9454319Z set GOVCS=
2026-09-27T13:12:42.9454575Z set GOVERSION=go1.26.0
2026-09-27T13:12:42.9454854Z set GOWORK=
2026-09-27T13:12:42.9455133Z set PKG_CONFIG=pkg-config
2026-09-27T13:12:42.9455385Z 
2026-09-27T13:12:42.9456124Z ##[endgroup]
2026-09-27T13:12:42.9792335Z ##[group]Run dotnet publish shell/Wootc.Shell/Wootc.Shell.csproj --configuration Release --runtime win-x64 -p:Platform=x64 -p:NativeBuildId=095a45b1abe3e3703b2f830aaf0501a57b1e52a8 -p:NativeBrandId=aurora --output out/branded-preview
2026-09-27T13:12:42.9794394Z [36;1mdotnet publish shell/Wootc.Shell/Wootc.Shell.csproj --configuration Release --runtime win-x64 -p:Platform=x64 -p:NativeBuildId=095a45b1abe3e3703b2f830aaf0501a57b1e52a8 -p:NativeBrandId=aurora --output out/branded-preview[0m
2026-09-27T13:12:42.9795602Z [36;1mif ($LASTEXITCODE -ne 0) { throw 'Branded native publish refused' }[0m
2026-09-27T13:12:42.9796132Z [36;1mNew-Item -ItemType Directory -Force app/frontend/dist | Out-Null[0m
2026-09-27T13:12:42.9796776Z [36;1mSet-Content app/frontend/dist/index.html '<!doctype html><title>Native engine preview</title>'[0m
2026-09-27T13:12:42.9797301Z [36;1mPush-Location app[0m
2026-09-27T13:12:42.9798176Z [36;1mtry { go build -ldflags "-X main.nativeBuildID=095a45b1abe3e3703b2f830aaf0501a57b1e52a8 -X main.brandID=aurora" -o ../out/branded-preview/wootc-engine.exe . } finally { Pop-Location }[0m
2026-09-27T13:12:42.9799167Z [36;1mif ($LASTEXITCODE -ne 0) { throw 'Branded engine build refused' }[0m
2026-09-27T13:12:43.0237633Z shell: C:\Program Files\PowerShell\7\pwsh.EXE -command ". '{0}'"
2026-09-27T13:12:43.0238717Z env:
2026-09-27T13:12:43.0239046Z   DOTNET_ROOT: C:\Program Files\dotnet
2026-09-27T13:12:43.0239486Z   GOTOOLCHAIN: local
2026-09-27T13:12:43.0239812Z ##[endgroup]
2026-09-27T13:12:49.5875840Z   Determining projects to restore...
2026-09-27T13:12:51.3645136Z   Restored D:\a\wootc\wootc\shell\Wootc.Shell.Core\Wootc.Shell.Core.csproj (in 213 ms).
2026-09-27T13:12:55.8624099Z   Restored D:\a\wootc\wootc\shell\Wootc.Shell.Native\Wootc.Shell.Native.csproj (in 4.76 sec).
2026-09-27T13:13:17.2211502Z   Restored D:\a\wootc\wootc\shell\Wootc.Shell\Wootc.Shell.csproj (in 25.84 sec).
2026-09-27T13:13:24.4029025Z   Wootc.Shell.Core -> D:\a\wootc\wootc\shell\Wootc.Shell.Core\bin\x64\Release\net8.0\Wootc.Shell.Core.dll
2026-09-27T13:13:25.7100301Z   Wootc.Shell.Native -> D:\a\wootc\wootc\shell\Wootc.Shell.Native\bin\x64\Release\net8.0-windows10.0.19041.0\Wootc.Shell.Native.dll
2026-09-27T13:13:38.9630340Z   Wootc.Shell -> D:\a\wootc\wootc\shell\Wootc.Shell\bin\x64\Release\net8.0-windows10.0.19041.0\win-x64\Wootc.Shell.dll
2026-09-27T13:13:40.8191372Z   Wootc.Shell -> D:\a\wootc\wootc\out\branded-preview\
2026-09-27T13:13:41.3846214Z go: downloading github.com/tredoe/osutil v1.5.0
2026-09-27T13:13:41.3887245Z go: downloading github.com/wailsapp/wails/v2 v2.16.0
2026-09-27T13:13:44.5759493Z go: downloading golang.org/x/sys v0.48.0
2026-09-27T13:13:44.5760208Z go: downloading golang.org/x/crypto v0.57.0
2026-09-27T13:13:44.5760785Z go: downloading golang.org/x/mod v0.41.0
2026-09-27T13:13:45.6487955Z go: downloading github.com/leaanthony/u v1.1.1
2026-09-27T13:13:45.6490151Z go: downloading github.com/leaanthony/slicer v1.6.0
2026-09-27T13:13:45.6858968Z go: downloading github.com/leaanthony/go-ansi-parser v1.6.1
2026-09-27T13:13:45.6877656Z go: downloading github.com/pkg/errors v0.9.1
2026-09-27T13:13:45.7096963Z go: downloading github.com/wailsapp/go-webview2 v1.0.22
2026-09-27T13:13:47.1162510Z go: downloading github.com/rivo/uniseg v0.4.7
2026-09-27T13:14:07.3014027Z ##[group]Run ./shell/packaging/test-installed-preview.ps1 -BrandId 'aurora' -BuildId '095a45b1abe3e3703b2f830aaf0501a57b1e52a8' -PackageDirectory out/branded-preview -OutputDirectory out/preview-installer
2026-09-27T13:14:07.3015925Z [36;1m./shell/packaging/test-installed-preview.ps1 -BrandId 'aurora' -BuildId '095a45b1abe3e3703b2f830aaf0501a57b1e52a8' -PackageDirectory out/branded-preview -OutputDirectory out/preview-installer[0m
2026-09-27T13:14:07.3089211Z shell: C:\Program Files\PowerShell\7\pwsh.EXE -command ". '{0}'"
2026-09-27T13:14:07.3089591Z env:
2026-09-27T13:14:07.3089803Z   DOTNET_ROOT: C:\Program Files\dotnet
2026-09-27T13:14:07.3090083Z   GOTOOLCHAIN: local
2026-09-27T13:14:07.3091079Z ##[endgroup]
2026-09-27T13:14:08.2471687Z PASS actual root-reparse mutant accepts unsafe path; exact source restored and refuses it
2026-09-27T13:14:08.2853635Z PASS actual manifest writer, exclusive preservation, missing resources, wrong brand, root/child reparse refusals
2026-09-27T13:14:10.1259912Z PASS actual uninstaller observation: retained timeout, changed identity, directory, missing, later removal
2026-09-27T13:14:14.2750126Z Inno Setup 7 Command-Line Compiler
2026-09-27T13:14:14.2751084Z Copyright (C) 1997-2026 Jordan Russell. All rights reserved.
2026-09-27T13:14:14.2752098Z Portions Copyright (C) 2000-2026 Martijn Laan. All rights reserved.
2026-09-27T13:14:14.2753545Z Portions Copyright (C) 2001-2004 Alex Yackimoff. All rights reserved.
2026-09-27T13:14:14.2754389Z https://www.innosetup.com
2026-09-27T13:14:14.2754692Z 
2026-09-27T13:14:14.2978735Z Compiler engine version: Inno Setup 7.1.0
2026-09-27T13:14:14.2979476Z Non-commercial use only
2026-09-27T13:14:14.2979675Z 
2026-09-27T13:14:14.3162877Z Preprocessing
2026-09-27T13:14:14.3166719Z    Reading file: C:\Users\RUNNER~1\AppData\Local\Temp\wootc-preview-packaging-ed979afcf36e4e399bb424b371f305f4\compiler\ISPPBuiltins.iss
2026-09-27T13:14:14.3177559Z Parsing [Setup] section, line 21
2026-09-27T13:14:14.3178400Z Parsing [Setup] section, line 22
2026-09-27T13:14:14.3179112Z Parsing [Setup] section, line 23
2026-09-27T13:14:14.3179827Z Parsing [Setup] section, line 24
2026-09-27T13:14:14.3180563Z Parsing [Setup] section, line 25
2026-09-27T13:14:14.3181301Z Parsing [Setup] section, line 26
2026-09-27T13:14:14.3181940Z Parsing [Setup] section, line 27
2026-09-27T13:14:14.3182415Z Parsing [Setup] section, line 28
2026-09-27T13:14:14.3182866Z Parsing [Setup] section, line 29
2026-09-27T13:14:14.3183311Z Parsing [Setup] section, line 30
2026-09-27T13:14:14.3183757Z Parsing [Setup] section, line 31
2026-09-27T13:14:14.3184207Z Parsing [Setup] section, line 32
2026-09-27T13:14:14.3184670Z Parsing [Setup] section, line 33
2026-09-27T13:14:14.3185137Z Parsing [Setup] section, line 34
2026-09-27T13:14:14.3185584Z Parsing [Setup] section, line 35
2026-09-27T13:14:14.3186028Z Parsing [Setup] section, line 36
2026-09-27T13:14:14.3186477Z Parsing [Setup] section, line 37
2026-09-27T13:14:14.3186942Z Parsing [Setup] section, line 38
2026-09-27T13:14:14.3187388Z Parsing [Setup] section, line 39
2026-09-27T13:14:14.3187854Z Reading file (WizardImageFile)
2026-09-27T13:14:14.3188551Z Reading file (WizardSmallImageFile)
2026-09-27T13:14:14.3189056Z Preparing Setup program executable
2026-09-27T13:14:14.3547890Z    Verification successful
2026-09-27T13:14:14.3571130Z    Updating icons (Setup.e32)
2026-09-27T13:14:14.3656839Z    Updating version info (Setup.e32)
2026-09-27T13:14:14.3673072Z Determining language code pages
2026-09-27T13:14:14.3674524Z    Reading file: C:\Users\RUNNER~1\AppData\Local\Temp\wootc-preview-packaging-ed979afcf36e4e399bb424b371f305f4\compiler\Default.isl
2026-09-27T13:14:14.3678976Z    Messages in script file
2026-09-27T13:14:14.3679583Z Reading default messages from Default.isl
2026-09-27T13:14:14.3685775Z Parsing [LangOptions], [Messages], and [CustomMessages] sections
2026-09-27T13:14:14.3689689Z    Reading file: C:\Users\RUNNER~1\AppData\Local\Temp\wootc-preview-packaging-ed979afcf36e4e399bb424b371f305f4\compiler\Default.isl
2026-09-27T13:14:14.3691307Z    Messages in script file
2026-09-27T13:14:14.3691759Z Reading [Code] section
2026-09-27T13:14:14.3692176Z Parsing [Icons] section, line 45
2026-09-27T13:14:14.3692652Z Parsing [Files] section, line 42
2026-09-27T13:14:14.3765526Z Compiling [Code] section
2026-09-27T13:14:14.3845806Z Creating setup files
2026-09-27T13:14:14.3929421Z    Verification successful
2026-09-27T13:14:14.3936339Z    Updating icons (Setup.exe)
2026-09-27T13:14:14.3965496Z    Compressing: \\?\D:\a\wootc\wootc\out\branded-preview\clretwrc.dll
2026-09-27T13:14:14.3998948Z    Compressing: \\?\D:\a\wootc\wootc\out\branded-preview\clrgc.dll
2026-09-27T13:14:14.4063108Z    Compressing: \\?\D:\a\wootc\wootc\out\branded-preview\clrjit.dll
2026-09-27T13:14:14.4233813Z    Compressing: \\?\D:\a\wootc\wootc\out\branded-preview\coreclr.dll
2026-09-27T13:14:14.4792506Z    Compressing: \\?\D:\a\wootc\wootc\out\branded-preview\CoreMessagingXP.dll
2026-09-27T13:14:14.4896143Z    Compressing: \\?\D:\a\wootc\wootc\out\branded-preview\createdump.exe
2026-09-27T13:14:14.4903750Z    Compressing: \\?\D:\a\wootc\wootc\out\branded-preview\dcompi.dll
2026-09-27T13:14:14.5246094Z    Compressing: \\?\D:\a\wootc\wootc\out\branded-preview\DirectML.dll
2026-09-27T13:14:17.9788207Z    Compressing: \\?\D:\a\wootc\wootc\out\branded-preview\dwmcorei.dll
2026-09-27T13:14:18.0060157Z    Compressing: \\?\D:\a\wootc\wootc\out\branded-preview\DwmSceneI.dll
2026-09-27T13:14:18.6233413Z    Compressing: \\?\D:\a\wootc\wootc\out\branded-preview\DWriteCore.dll
2026-09-27T13:14:18.6603965Z    Compressing: \\?\D:\a\wootc\wootc\out\branded-preview\hostfxr.dll
2026-09-27T13:14:18.6638840Z    Compressing: \\?\D:\a\wootc\wootc\out\branded-preview\hostpolicy.dll
2026-09-27T13:14:18.6683569Z    Compressing: \\?\D:\a\wootc\wootc\out\branded-preview\marshal.dll
2026-09-27T13:14:18.6760569Z    Compressing: \\?\D:\a\wootc\wootc\out\branded-preview\Microsoft.Asg.SemanticIndex.AiFabric.Compatibility.dll
2026-09-27T13:14:19.4145715Z    Compressing: \\?\D:\a\wootc\wootc\out\branded-preview\Microsoft.CSharp.dll
2026-09-27T13:14:19.4265147Z    Compressing: \\?\D:\a\wootc\wootc\out\branded-preview\Microsoft.DiaSymReader.Native.amd64.dll
2026-09-27T13:14:20.2707623Z    Compressing: \\?\D:\a\wootc\wootc\out\branded-preview\Microsoft.DirectManipulation.dll
2026-09-27T13:14:20.2770620Z    Compressing: \\?\D:\a\wootc\wootc\out\branded-preview\Microsoft.Foundation.winmd
2026-09-27T13:14:20.2772791Z    Compressing: \\?\D:\a\wootc\wootc\out\branded-preview\Microsoft.Graphics.Display.dll
2026-09-27T13:14:20.2795865Z    Compressing: \\?\D:\a\wootc\wootc\out\branded-preview\Microsoft.Graphics.Imaging.dll
2026-09-27T13:14:20.2809816Z    Compressing: \\?\D:\a\wootc\wootc\out\branded-preview\Microsoft.Graphics.Imaging.Projection.dll
2026-09-27T13:14:20.2812932Z    Compressing: \\?\D:\a\wootc\wootc\out\branded-preview\Microsoft.Graphics.Imaging.winmd
2026-09-27T13:14:20.2815412Z    Compressing: \\?\D:\a\wootc\wootc\out\branded-preview\Microsoft.Graphics.ImagingInternal.ImageObjectRemover.winmd
2026-09-27T13:14:20.2817037Z    Compressing: \\?\D:\a\wootc\wootc\out\branded-preview\Microsoft.Graphics.ImagingInternal.winmd
2026-09-27T13:14:20.2819664Z    Compressing: \\?\D:\a\wootc\wootc\out\branded-preview\Microsoft.Graphics.Internal.Imaging.winmd
2026-09-27T13:14:20.2822038Z    Compressing: \\?\D:\a\wootc\wootc\out\branded-preview\Microsoft.Graphics.winmd
2026-09-27T13:14:20.2824838Z    Compressing: \\?\D:\a\wootc\wootc\out\branded-preview\Microsoft.InputStateManager.dll
2026-09-27T13:14:20.2868800Z    Compressing: \\?\D:\a\wootc\wootc\out\branded-preview\Microsoft.InteractiveExperiences.Projection.dll
2026-09-27T13:14:21.0697257Z    Compressing: \\?\D:\a\wootc\wootc\out\branded-preview\Microsoft.Internal.FrameworkUdk.dll
2026-09-27T13:14:21.0831924Z    Compressing: \\?\D:\a\wootc\wootc\out\branded-preview\Microsoft.ML.OnnxRuntime.dll
2026-09-27T13:14:21.0864343Z    Compressing: \\?\D:\a\wootc\wootc\out\branded-preview\Microsoft.Security.Authentication.OAuth.Projection.dll
2026-09-27T13:14:21.0871381Z    Compressing: \\?\D:\a\wootc\wootc\out\branded-preview\Microsoft.Security.Authentication.OAuth.winmd
2026-09-27T13:14:21.0874336Z    Compressing: \\?\D:\a\wootc\wootc\out\branded-preview\Microsoft.UI.Composition.OSSupport.dll
2026-09-27T13:14:21.0881236Z    Compressing: \\?\D:\a\wootc\wootc\out\branded-preview\Microsoft.UI.Designer.dll
2026-09-27T13:14:21.0893403Z    Compressing: \\?\D:\a\wootc\wootc\out\branded-preview\Microsoft.UI.dll
2026-09-27T13:14:21.0910745Z    Compressing: \\?\D:\a\wootc\wootc\out\branded-preview\Microsoft.UI.Input.dll
2026-09-27T13:14:21.1060312Z    Compressing: \\?\D:\a\wootc\wootc\out\branded-preview\Microsoft.UI.pri
2026-09-27T13:14:21.1069734Z    Compressing: \\?\D:\a\wootc\wootc\out\branded-preview\Microsoft.UI.Text.winmd
2026-09-27T13:14:21.1073678Z    Compressing: \\?\D:\a\wootc\wootc\out\branded-preview\Microsoft.UI.Windowing.Core.dll
2026-09-27T13:14:21.1138516Z    Compressing: \\?\D:\a\wootc\wootc\out\branded-preview\Microsoft.UI.Windowing.dll
2026-09-27T13:14:21.1231278Z    Compressing: \\?\D:\a\wootc\wootc\out\branded-preview\Microsoft.UI.winmd
2026-09-27T13:14:21.8169267Z    Compressing: \\?\D:\a\wootc\wootc\out\branded-preview\Microsoft.UI.Xaml.Controls.dll
2026-09-27T13:14:22.6805842Z    Compressing: \\?\D:\a\wootc\wootc\out\branded-preview\Microsoft.UI.Xaml.Controls.pri
2026-09-27T13:14:22.6988763Z    Compressing: \\?\D:\a\wootc\wootc\out\branded-preview\Microsoft.ui.xaml.dll
2026-09-27T13:14:25.4416287Z    Compressing: \\?\D:\a\wootc\wootc\out\branded-preview\Microsoft.UI.Xaml.Internal.dll
2026-09-27T13:14:26.1894658Z    Compressing: \\?\D:\a\wootc\wootc\out\branded-preview\Microsoft.UI.Xaml.Phone.dll
2026-09-27T13:14:26.1998457Z    Compressing: \\?\D:\a\wootc\wootc\out\branded-preview\Microsoft.ui.xaml.resources.19h1.dll
2026-09-27T13:14:26.2103033Z    Compressing: \\?\D:\a\wootc\wootc\out\branded-preview\Microsoft.ui.xaml.resources.common.dll
2026-09-27T13:14:26.2108725Z    Compressing: \\?\D:\a\wootc\wootc\out\branded-preview\Microsoft.UI.Xaml.winmd
2026-09-27T13:14:26.2280544Z    Compressing: \\?\D:\a\wootc\wootc\out\branded-preview\Microsoft.VisualBasic.Core.dll
2026-09-27T13:14:26.8319814Z    Compressing: \\?\D:\a\wootc\wootc\out\branded-preview\Microsoft.VisualBasic.dll
2026-09-27T13:14:26.8322947Z    Compressing: \\?\D:\a\wootc\wootc\out\branded-preview\Microsoft.Web.WebView2.Core.dll
2026-09-27T13:14:26.8412147Z    Compressing: \\?\D:\a\wootc\wootc\out\branded-preview\Microsoft.Web.WebView2.Core.Projection.dll
2026-09-27T13:14:26.8478071Z    Compressing: \\?\D:\a\wootc\wootc\out\branded-preview\Microsoft.Win32.Primitives.dll
2026-09-27T13:14:26.8480333Z    Compressing: \\?\D:\a\wootc\wootc\out\branded-preview\Microsoft.Win32.Registry.dll
2026-09-27T13:14:26.8493159Z    Compressing: \\?\D:\a\wootc\wootc\out\branded-preview\Microsoft.Windows.AI.AICapabilities.dll
2026-09-27T13:14:26.8504739Z    Compressing: \\?\D:\a\wootc\wootc\out\branded-preview\Microsoft.Windows.AI.ContentModerationInternal.winmd
2026-09-27T13:14:26.8506402Z    Compressing: \\?\D:\a\wootc\wootc\out\branded-preview\Microsoft.Windows.AI.ContentSafety.dll
2026-09-27T13:14:26.8517555Z    Compressing: \\?\D:\a\wootc\wootc\out\branded-preview\Microsoft.Windows.AI.ContentSafety.Projection.dll
2026-09-27T13:14:26.8521678Z    Compressing: \\?\D:\a\wootc\wootc\out\branded-preview\Microsoft.Windows.AI.ContentSafety.winmd
2026-09-27T13:14:26.8524016Z    Compressing: \\?\D:\a\wootc\wootc\out\branded-preview\Microsoft.Windows.AI.Foundation.Projection.dll
2026-09-27T13:14:26.8527009Z    Compressing: \\?\D:\a\wootc\wootc\out\branded-preview\Microsoft.Windows.AI.Foundation.winmd
2026-09-27T13:14:26.8528959Z    Compressing: \\?\D:\a\wootc\wootc\out\branded-preview\Microsoft.Windows.AI.FoundationInternal.winmd
2026-09-27T13:14:26.8530885Z    Compressing: \\?\D:\a\wootc\wootc\out\branded-preview\Microsoft.Windows.AI.GenerativeInternal.winmd
2026-09-27T13:14:26.8534513Z    Compressing: \\?\D:\a\wootc\wootc\out\branded-preview\Microsoft.Windows.AI.Imaging.dll
2026-09-27T13:14:26.8606818Z    Compressing: \\?\D:\a\wootc\wootc\out\branded-preview\Microsoft.Windows.AI.Imaging.Projection.dll
2026-09-27T13:14:26.8615633Z    Compressing: \\?\D:\a\wootc\wootc\out\branded-preview\Microsoft.Windows.AI.Imaging.winmd
2026-09-27T13:14:26.8618433Z    Compressing: \\?\D:\a\wootc\wootc\out\branded-preview\Microsoft.Windows.AI.MachineLearning.dll
2026-09-27T13:14:26.8722964Z    Compressing: \\?\D:\a\wootc\wootc\out\branded-preview\Microsoft.Windows.AI.MachineLearning.Projection.dll
2026-09-27T13:14:26.8734774Z    Compressing: \\?\D:\a\wootc\wootc\out\branded-preview\Microsoft.Windows.AI.Projection.dll
2026-09-27T13:14:26.8739144Z    Compressing: \\?\D:\a\wootc\wootc\out\branded-preview\Microsoft.Windows.AI.Search.Experimental.dll
2026-09-27T13:14:27.4692983Z    Compressing: \\?\D:\a\wootc\wootc\out\branded-preview\Microsoft.Windows.AI.Text.dll
2026-09-27T13:14:27.4797668Z    Compressing: \\?\D:\a\wootc\wootc\out\branded-preview\Microsoft.Windows.AI.Text.Projection.dll
2026-09-27T13:14:27.4807976Z    Compressing: \\?\D:\a\wootc\wootc\out\branded-preview\Microsoft.Windows.AI.Text.winmd
2026-09-27T13:14:27.4811639Z    Compressing: \\?\D:\a\wootc\wootc\out\branded-preview\Microsoft.Windows.AI.Video.dll
2026-09-27T13:14:27.4863468Z    Compressing: \\?\D:\a\wootc\wootc\out\branded-preview\Microsoft.Windows.AI.Video.Projection.dll
2026-09-27T13:14:27.4867674Z    Compressing: \\?\D:\a\wootc\wootc\out\branded-preview\Microsoft.Windows.AI.Video.winmd
2026-09-27T13:14:27.4869670Z    Compressing: \\?\D:\a\wootc\wootc\out\branded-preview\Microsoft.Windows.AI.winmd
2026-09-27T13:14:27.4872164Z    Compressing: \\?\D:\a\wootc\wootc\out\branded-preview\Microsoft.Windows.ApplicationModel.Background.Projection.dll
2026-09-27T13:14:27.4874976Z    Compressing: \\?\D:\a\wootc\wootc\out\branded-preview\Microsoft.Windows.ApplicationModel.Background.UniversalBGTask.dll
2026-09-27T13:14:27.4884391Z    Compressing: \\?\D:\a\wootc\wootc\out\branded-preview\Microsoft.Windows.ApplicationModel.Background.UniversalBGTask.winmd
2026-09-27T13:14:27.4885775Z    Compressing: \\?\D:\a\wootc\wootc\out\branded-preview\Microsoft.Windows.ApplicationModel.Background.winmd
2026-09-27T13:14:27.4888105Z    Compressing: \\?\D:\a\wootc\wootc\out\branded-preview\Microsoft.Windows.ApplicationModel.DynamicDependency.Projection.dll
2026-09-27T13:14:27.4893070Z    Compressing: \\?\D:\a\wootc\wootc\out\branded-preview\Microsoft.Windows.ApplicationModel.DynamicDependency.winmd
2026-09-27T13:14:27.4895179Z    Compressing: \\?\D:\a\wootc\wootc\out\branded-preview\Microsoft.Windows.ApplicationModel.Resources.dll
2026-09-27T13:14:27.4910862Z    Compressing: \\?\D:\a\wootc\wootc\out\branded-preview\Microsoft.Windows.ApplicationModel.Resources.Projection.dll
2026-09-27T13:14:27.4917696Z    Compressing: \\?\D:\a\wootc\wootc\out\branded-preview\Microsoft.Windows.ApplicationModel.Resources.winmd
2026-09-27T13:14:27.4920249Z    Compressing: \\?\D:\a\wootc\wootc\out\branded-preview\Microsoft.Windows.ApplicationModel.WindowsAppRuntime.Projection.dll
2026-09-27T13:14:27.4925155Z    Compressing: \\?\D:\a\wootc\wootc\out\branded-preview\Microsoft.Windows.ApplicationModel.WindowsAppRuntime.winmd
2026-09-27T13:14:27.4928251Z    Compressing: \\?\D:\a\wootc\wootc\out\branded-preview\Microsoft.Windows.AppLifecycle.Projection.dll
2026-09-27T13:14:27.4933464Z    Compressing: \\?\D:\a\wootc\wootc\out\branded-preview\Microsoft.Windows.AppLifecycle.winmd
2026-09-27T13:14:27.4935986Z    Compressing: \\?\D:\a\wootc\wootc\out\branded-preview\Microsoft.Windows.AppNotifications.Builder.Projection.dll
2026-09-27T13:14:27.4942668Z    Compressing: \\?\D:\a\wootc\wootc\out\branded-preview\Microsoft.Windows.AppNotifications.Builder.winmd
2026-09-27T13:14:27.4945359Z    Compressing: \\?\D:\a\wootc\wootc\out\branded-preview\Microsoft.Windows.AppNotifications.Projection.dll
2026-09-27T13:14:27.4952102Z    Compressing: \\?\D:\a\wootc\wootc\out\branded-preview\Microsoft.Windows.AppNotifications.winmd
2026-09-27T13:14:27.4954222Z    Compressing: \\?\D:\a\wootc\wootc\out\branded-preview\Microsoft.Windows.BadgeNotifications.Projection.dll
2026-09-27T13:14:27.4957214Z    Compressing: \\?\D:\a\wootc\wootc\out\branded-preview\Microsoft.Windows.BadgeNotifications.winmd
2026-09-27T13:14:27.4958724Z    Compressing: \\?\D:\a\wootc\wootc\out\branded-preview\Microsoft.Windows.Foundation.Projection.dll
2026-09-27T13:14:27.4962272Z    Compressing: \\?\D:\a\wootc\wootc\out\branded-preview\Microsoft.Windows.Foundation.winmd
2026-09-27T13:14:27.4964537Z    Compressing: \\?\D:\a\wootc\wootc\out\branded-preview\Microsoft.Windows.Globalization.winmd
2026-09-27T13:14:27.4966528Z    Compressing: \\?\D:\a\wootc\wootc\out\branded-preview\Microsoft.Windows.ImageCreationInternal.winmd
2026-09-27T13:14:27.4970060Z    Compressing: \\?\D:\a\wootc\wootc\out\branded-preview\Microsoft.Windows.Internal.AI.ContentModeration.winmd
2026-09-27T13:14:27.4972030Z    Compressing: \\?\D:\a\wootc\wootc\out\branded-preview\Microsoft.Windows.Internal.AI.Generative.winmd
2026-09-27T13:14:27.4975624Z    Compressing: \\?\D:\a\wootc\wootc\out\branded-preview\Microsoft.Windows.Internal.ImageCreation.winmd
2026-09-27T13:14:27.4977754Z    Compressing: \\?\D:\a\wootc\wootc\out\branded-preview\Microsoft.Windows.Internal.SemanticSearch.winmd
2026-09-27T13:14:27.4980050Z    Compressing: \\?\D:\a\wootc\wootc\out\branded-preview\Microsoft.Windows.Internal.Vision.winmd
2026-09-27T13:14:27.4982027Z    Compressing: \\?\D:\a\wootc\wootc\out\branded-preview\Microsoft.Windows.Management.Deployment.Projection.dll
2026-09-27T13:14:27.4998926Z    Compressing: \\?\D:\a\wootc\wootc\out\branded-preview\Microsoft.Windows.Management.Deployment.winmd
2026-09-27T13:14:27.5003440Z    Compressing: \\?\D:\a\wootc\wootc\out\branded-preview\Microsoft.Windows.Media.Capture.Projection.dll
2026-09-27T13:14:27.5007259Z    Compressing: \\?\D:\a\wootc\wootc\out\branded-preview\Microsoft.Windows.Media.Capture.winmd
2026-09-27T13:14:27.5009780Z    Compressing: \\?\D:\a\wootc\wootc\out\branded-preview\Microsoft.Windows.Private.Workloads.SessionManager.winmd
2026-09-27T13:14:27.5011741Z    Compressing: \\?\D:\a\wootc\wootc\out\branded-preview\Microsoft.Windows.PrivateCommon.winmd
2026-09-27T13:14:27.5013868Z    Compressing: \\?\D:\a\wootc\wootc\out\branded-preview\Microsoft.Windows.PushNotifications.Projection.dll
2026-09-27T13:14:27.5018559Z    Compressing: \\?\D:\a\wootc\wootc\out\branded-preview\Microsoft.Windows.PushNotifications.winmd
2026-09-27T13:14:27.5020688Z    Compressing: \\?\D:\a\wootc\wootc\out\branded-preview\Microsoft.Windows.SDK.NET.dll
2026-09-27T13:14:31.0370515Z    Compressing: \\?\D:\a\wootc\wootc\out\branded-preview\Microsoft.Windows.Search.dll
2026-09-27T13:14:31.6836171Z    Compressing: \\?\D:\a\wootc\wootc\out\branded-preview\Microsoft.Windows.Search.Projection.dll
2026-09-27T13:14:31.6854297Z    Compressing: \\?\D:\a\wootc\wootc\out\branded-preview\Microsoft.Windows.Search.winmd
2026-09-27T13:14:31.6859313Z    Compressing: \\?\D:\a\wootc\wootc\out\branded-preview\Microsoft.Windows.Security.AccessControl.Projection.dll
2026-09-27T13:14:31.6861922Z    Compressing: \\?\D:\a\wootc\wootc\out\branded-preview\Microsoft.Windows.Security.AccessControl.winmd
2026-09-27T13:14:31.6864008Z    Compressing: \\?\D:\a\wootc\wootc\out\branded-preview\Microsoft.Windows.SemanticSearch.winmd
2026-09-27T13:14:31.6866264Z    Compressing: \\?\D:\a\wootc\wootc\out\branded-preview\Microsoft.Windows.SemanticSearchInternal.winmd
2026-09-27T13:14:31.6868870Z    Compressing: \\?\D:\a\wootc\wootc\out\branded-preview\Microsoft.Windows.Storage.Pickers.Projection.dll
2026-09-27T13:14:31.6876220Z    Compressing: \\?\D:\a\wootc\wootc\out\branded-preview\Microsoft.Windows.Storage.Pickers.winmd
2026-09-27T13:14:31.6878720Z    Compressing: \\?\D:\a\wootc\wootc\out\branded-preview\Microsoft.Windows.Storage.Projection.dll
2026-09-27T13:14:31.6882986Z    Compressing: \\?\D:\a\wootc\wootc\out\branded-preview\Microsoft.Windows.Storage.winmd
2026-09-27T13:14:31.6886576Z    Compressing: \\?\D:\a\wootc\wootc\out\branded-preview\Microsoft.Windows.System.Power.Projection.dll
2026-09-27T13:14:31.6890169Z    Compressing: \\?\D:\a\wootc\wootc\out\branded-preview\Microsoft.Windows.System.Power.winmd
2026-09-27T13:14:31.6892452Z    Compressing: \\?\D:\a\wootc\wootc\out\branded-preview\Microsoft.Windows.System.Projection.dll
2026-09-27T13:14:31.6895901Z    Compressing: \\?\D:\a\wootc\wootc\out\branded-preview\Microsoft.Windows.System.winmd
2026-09-27T13:14:31.6897919Z    Compressing: \\?\D:\a\wootc\wootc\out\branded-preview\Microsoft.Windows.Vision.winmd
2026-09-27T13:14:31.6899892Z    Compressing: \\?\D:\a\wootc\wootc\out\branded-preview\Microsoft.Windows.VisionInternal.winmd
2026-09-27T13:14:31.6902225Z    Compressing: \\?\D:\a\wootc\wootc\out\branded-preview\Microsoft.Windows.Widgets.dll
2026-09-27T13:14:31.7174432Z    Compressing: \\?\D:\a\wootc\wootc\out\branded-preview\Microsoft.Windows.Widgets.Projection.dll
2026-09-27T13:14:32.3327379Z    Compressing: \\?\D:\a\wootc\wootc\out\branded-preview\Microsoft.Windows.Widgets.winmd
2026-09-27T13:14:32.3332476Z    Compressing: \\?\D:\a\wootc\wootc\out\branded-preview\Microsoft.Windows.Workloads.dll
2026-09-27T13:14:32.3372516Z    Compressing: \\?\D:\a\wootc\wootc\out\branded-preview\Microsoft.Windows.Workloads.pri
2026-09-27T13:14:32.3374076Z    Compressing: \\?\D:\a\wootc\wootc\out\branded-preview\Microsoft.Windows.Workloads.Resources.dll
2026-09-27T13:14:32.3396175Z    Compressing: \\?\D:\a\wootc\wootc\out\branded-preview\Microsoft.Windows.Workloads.Resources_ec.dll
2026-09-27T13:14:32.3420591Z    Compressing: \\?\D:\a\wootc\wootc\out\branded-preview\Microsoft.Windows.Workloads.winmd
2026-09-27T13:14:32.3423500Z    Compressing: \\?\D:\a\wootc\wootc\out\branded-preview\Microsoft.WindowsAppRuntime.Bootstrap.dll
2026-09-27T13:14:32.3486364Z    Compressing: \\?\D:\a\wootc\wootc\out\branded-preview\Microsoft.WindowsAppRuntime.Bootstrap.Net.dll
2026-09-27T13:14:32.3489553Z    Compressing: \\?\D:\a\wootc\wootc\out\branded-preview\Microsoft.WindowsAppRuntime.dll
2026-09-27T13:14:32.3796923Z    Compressing: \\?\D:\a\wootc\wootc\out\branded-preview\Microsoft.WindowsAppRuntime.pri
2026-09-27T13:14:32.3799089Z    Compressing: \\?\D:\a\wootc\wootc\out\branded-preview\Microsoft.WinUI.dll
2026-09-27T13:14:33.7639034Z    Compressing: \\?\D:\a\wootc\wootc\out\branded-preview\MRM.dll
2026-09-27T13:14:33.7684743Z    Compressing: \\?\D:\a\wootc\wootc\out\branded-preview\mscordaccore.dll
2026-09-27T13:14:33.7858999Z    Compressing: \\?\D:\a\wootc\wootc\out\branded-preview\mscordaccore_amd64_amd64_8.0.3126.42015.dll
2026-09-27T13:14:33.7993557Z    Compressing: \\?\D:\a\wootc\wootc\out\branded-preview\mscordbi.dll
2026-09-27T13:14:34.4379938Z    Compressing: \\?\D:\a\wootc\wootc\out\branded-preview\mscorlib.dll
2026-09-27T13:14:34.4386478Z    Compressing: \\?\D:\a\wootc\wootc\out\branded-preview\mscorrc.dll
2026-09-27T13:14:34.4400985Z    Compressing: \\?\D:\a\wootc\wootc\out\branded-preview\msquic.dll
2026-09-27T13:14:34.4454764Z    Compressing: \\?\D:\a\wootc\wootc\out\branded-preview\native-package.json
2026-09-27T13:14:34.4460081Z    Compressing: \\?\D:\a\wootc\wootc\out\branded-preview\netstandard.dll
2026-09-27T13:14:34.4471061Z    Compressing: \\?\D:\a\wootc\wootc\out\branded-preview\NPUDetect.dll
2026-09-27T13:14:34.4499989Z    Compressing: \\?\D:\a\wootc\wootc\out\branded-preview\onnxruntime.dll
2026-09-27T13:14:38.1129364Z    Compressing: \\?\D:\a\wootc\wootc\out\branded-preview\PerceptiveStreaming.dll
2026-09-27T13:14:38.7031307Z    Compressing: \\?\D:\a\wootc\wootc\out\branded-preview\PushNotificationsLongRunningTask.ProxyStub.dll
2026-09-27T13:14:38.7089775Z    Compressing: \\?\D:\a\wootc\wootc\out\branded-preview\RestartAgent.exe
2026-09-27T13:14:38.7091272Z    Compressing: \\?\D:\a\wootc\wootc\out\branded-preview\SessionHandleIPCProxyStub.dll
2026-09-27T13:14:38.7092466Z    Compressing: \\?\D:\a\wootc\wootc\out\branded-preview\System.AppContext.dll
2026-09-27T13:14:38.7094120Z    Compressing: \\?\D:\a\wootc\wootc\out\branded-preview\System.Buffers.dll
2026-09-27T13:14:38.7095386Z    Compressing: \\?\D:\a\wootc\wootc\out\branded-preview\System.Collections.Concurrent.dll
2026-09-27T13:14:38.7096555Z    Compressing: \\?\D:\a\wootc\wootc\out\branded-preview\System.Collections.dll
2026-09-27T13:14:38.7097709Z    Compressing: \\?\D:\a\wootc\wootc\out\branded-preview\System.Collections.Immutable.dll
2026-09-27T13:14:38.7170540Z    Compressing: \\?\D:\a\wootc\wootc\out\branded-preview\System.Collections.NonGeneric.dll
2026-09-27T13:14:38.7187300Z    Compressing: \\?\D:\a\wootc\wootc\out\branded-preview\System.Collections.Specialized.dll
2026-09-27T13:14:38.7204544Z    Compressing: \\?\D:\a\wootc\wootc\out\branded-preview\System.ComponentModel.Annotations.dll
2026-09-27T13:14:38.7236486Z    Compressing: \\?\D:\a\wootc\wootc\out\branded-preview\System.ComponentModel.DataAnnotations.dll
2026-09-27T13:14:38.7239657Z    Compressing: \\?\D:\a\wootc\wootc\out\branded-preview\System.ComponentModel.dll
2026-09-27T13:14:38.7245177Z    Compressing: \\?\D:\a\wootc\wootc\out\branded-preview\System.ComponentModel.EventBasedAsync.dll
2026-09-27T13:14:38.7253222Z    Compressing: \\?\D:\a\wootc\wootc\out\branded-preview\System.ComponentModel.Primitives.dll
2026-09-27T13:14:38.7266377Z    Compressing: \\?\D:\a\wootc\wootc\out\branded-preview\System.ComponentModel.TypeConverter.dll
2026-09-27T13:14:38.7339475Z    Compressing: \\?\D:\a\wootc\wootc\out\branded-preview\System.Configuration.dll
2026-09-27T13:14:38.7341807Z    Compressing: \\?\D:\a\wootc\wootc\out\branded-preview\System.Console.dll
2026-09-27T13:14:38.7361612Z    Compressing: \\?\D:\a\wootc\wootc\out\branded-preview\System.Core.dll
2026-09-27T13:14:38.7364304Z    Compressing: \\?\D:\a\wootc\wootc\out\branded-preview\System.Data.Common.dll
2026-09-27T13:14:39.2597252Z    Compressing: \\?\D:\a\wootc\wootc\out\branded-preview\System.Data.DataSetExtensions.dll
2026-09-27T13:14:39.2599516Z    Compressing: \\?\D:\a\wootc\wootc\out\branded-preview\System.Data.dll
2026-09-27T13:14:39.2604323Z    Compressing: \\?\D:\a\wootc\wootc\out\branded-preview\System.Diagnostics.Contracts.dll
2026-09-27T13:14:39.2607262Z    Compressing: \\?\D:\a\wootc\wootc\out\branded-preview\System.Diagnostics.Debug.dll
2026-09-27T13:14:39.2610199Z    Compressing: \\?\D:\a\wootc\wootc\out\branded-preview\System.Diagnostics.DiagnosticSource.dll
2026-09-27T13:14:39.2651762Z    Compressing: \\?\D:\a\wootc\wootc\out\branded-preview\System.Diagnostics.FileVersionInfo.dll
2026-09-27T13:14:39.2656529Z    Compressing: \\?\D:\a\wootc\wootc\out\branded-preview\System.Diagnostics.Process.dll
2026-09-27T13:14:39.2689346Z    Compressing: \\?\D:\a\wootc\wootc\out\branded-preview\System.Diagnostics.StackTrace.dll
2026-09-27T13:14:39.2694308Z    Compressing: \\?\D:\a\wootc\wootc\out\branded-preview\System.Diagnostics.TextWriterTraceListener.dll
2026-09-27T13:14:39.2700903Z    Compressing: \\?\D:\a\wootc\wootc\out\branded-preview\System.Diagnostics.Tools.dll
2026-09-27T13:14:39.2703403Z    Compressing: \\?\D:\a\wootc\wootc\out\branded-preview\System.Diagnostics.TraceSource.dll
2026-09-27T13:14:39.2716967Z    Compressing: \\?\D:\a\wootc\wootc\out\branded-preview\System.Diagnostics.Tracing.dll
2026-09-27T13:14:39.2719011Z    Compressing: \\?\D:\a\wootc\wootc\out\branded-preview\System.dll
2026-09-27T13:14:39.2724394Z    Compressing: \\?\D:\a\wootc\wootc\out\branded-preview\System.Drawing.dll
2026-09-27T13:14:39.2727126Z    Compressing: \\?\D:\a\wootc\wootc\out\branded-preview\System.Drawing.Primitives.dll
2026-09-27T13:14:39.2741234Z    Compressing: \\?\D:\a\wootc\wootc\out\branded-preview\System.Dynamic.Runtime.dll
2026-09-27T13:14:39.2743495Z    Compressing: \\?\D:\a\wootc\wootc\out\branded-preview\System.Formats.Asn1.dll
2026-09-27T13:14:39.2768261Z    Compressing: \\?\D:\a\wootc\wootc\out\branded-preview\System.Formats.Tar.dll
2026-09-27T13:14:39.2794228Z    Compressing: \\?\D:\a\wootc\wootc\out\branded-preview\System.Globalization.Calendars.dll
2026-09-27T13:14:39.2796444Z    Compressing: \\?\D:\a\wootc\wootc\out\branded-preview\System.Globalization.dll
2026-09-27T13:14:39.2798161Z    Compressing: \\?\D:\a\wootc\wootc\out\branded-preview\System.Globalization.Extensions.dll
2026-09-27T13:14:39.2800106Z    Compressing: \\?\D:\a\wootc\wootc\out\branded-preview\System.IO.Compression.Brotli.dll
2026-09-27T13:14:39.2808507Z    Compressing: \\?\D:\a\wootc\wootc\out\branded-preview\System.IO.Compression.dll
2026-09-27T13:14:39.2833416Z    Compressing: \\?\D:\a\wootc\wootc\out\branded-preview\System.IO.Compression.FileSystem.dll
2026-09-27T13:14:39.2835297Z    Compressing: \\?\D:\a\wootc\wootc\out\branded-preview\System.IO.Compression.Native.dll
2026-09-27T13:14:39.2917840Z    Compressing: \\?\D:\a\wootc\wootc\out\branded-preview\System.IO.Compression.ZipFile.dll
2026-09-27T13:14:39.2923811Z    Compressing: \\?\D:\a\wootc\wootc\out\branded-preview\System.IO.dll
2026-09-27T13:14:39.2926710Z    Compressing: \\?\D:\a\wootc\wootc\out\branded-preview\System.IO.FileSystem.AccessControl.dll
2026-09-27T13:14:39.2942798Z    Compressing: \\?\D:\a\wootc\wootc\out\branded-preview\System.IO.FileSystem.dll
2026-09-27T13:14:39.2945898Z    Compressing: \\?\D:\a\wootc\wootc\out\branded-preview\System.IO.FileSystem.DriveInfo.dll
2026-09-27T13:14:39.2954783Z    Compressing: \\?\D:\a\wootc\wootc\out\branded-preview\System.IO.FileSystem.Primitives.dll
2026-09-27T13:14:39.2957690Z    Compressing: \\?\D:\a\wootc\wootc\out\branded-preview\System.IO.FileSystem.Watcher.dll
2026-09-27T13:14:39.2971885Z    Compressing: \\?\D:\a\wootc\wootc\out\branded-preview\System.IO.IsolatedStorage.dll
2026-09-27T13:14:39.2986944Z    Compressing: \\?\D:\a\wootc\wootc\out\branded-preview\System.IO.MemoryMappedFiles.dll
2026-09-27T13:14:39.3000666Z    Compressing: \\?\D:\a\wootc\wootc\out\branded-preview\System.IO.Pipes.AccessControl.dll
2026-09-27T13:14:39.3003401Z    Compressing: \\?\D:\a\wootc\wootc\out\branded-preview\System.IO.Pipes.dll
2026-09-27T13:14:39.9544703Z    Compressing: \\?\D:\a\wootc\wootc\out\branded-preview\System.IO.UnmanagedMemoryStream.dll
2026-09-27T13:14:39.9546961Z    Compressing: \\?\D:\a\wootc\wootc\out\branded-preview\System.Linq.dll
2026-09-27T13:14:39.9628194Z    Compressing: \\?\D:\a\wootc\wootc\out\branded-preview\System.Linq.Expressions.dll
2026-09-27T13:14:40.0022349Z    Compressing: \\?\D:\a\wootc\wootc\out\branded-preview\System.Linq.Parallel.dll
2026-09-27T13:14:40.6501880Z    Compressing: \\?\D:\a\wootc\wootc\out\branded-preview\System.Linq.Queryable.dll
2026-09-27T13:14:40.6518545Z    Compressing: \\?\D:\a\wootc\wootc\out\branded-preview\System.Memory.dll
2026-09-27T13:14:40.6533966Z    Compressing: \\?\D:\a\wootc\wootc\out\branded-preview\System.Net.dll
2026-09-27T13:14:40.6536402Z    Compressing: \\?\D:\a\wootc\wootc\out\branded-preview\System.Net.Http.dll
2026-09-27T13:14:40.6698567Z    Compressing: \\?\D:\a\wootc\wootc\out\branded-preview\System.Net.Http.Json.dll
2026-09-27T13:14:40.6710959Z    Compressing: \\?\D:\a\wootc\wootc\out\branded-preview\System.Net.HttpListener.dll
2026-09-27T13:14:40.6762977Z    Compressing: \\?\D:\a\wootc\wootc\out\branded-preview\System.Net.Mail.dll
2026-09-27T13:14:40.6804229Z    Compressing: \\?\D:\a\wootc\wootc\out\branded-preview\System.Net.NameResolution.dll
2026-09-27T13:14:40.6815187Z    Compressing: \\?\D:\a\wootc\wootc\out\branded-preview\System.Net.NetworkInformation.dll
2026-09-27T13:14:40.6830504Z    Compressing: \\?\D:\a\wootc\wootc\out\branded-preview\System.Net.Ping.dll
2026-09-27T13:14:40.6840736Z    Compressing: \\?\D:\a\wootc\wootc\out\branded-preview\System.Net.Primitives.dll
2026-09-27T13:14:40.6862853Z    Compressing: \\?\D:\a\wootc\wootc\out\branded-preview\System.Net.Quic.dll
2026-09-27T13:14:40.6893882Z    Compressing: \\?\D:\a\wootc\wootc\out\branded-preview\System.Net.Requests.dll
2026-09-27T13:14:40.6935737Z    Compressing: \\?\D:\a\wootc\wootc\out\branded-preview\System.Net.Security.dll
2026-09-27T13:14:41.2924711Z    Compressing: \\?\D:\a\wootc\wootc\out\branded-preview\System.Net.ServicePoint.dll
2026-09-27T13:14:41.2932011Z    Compressing: \\?\D:\a\wootc\wootc\out\branded-preview\System.Net.Sockets.dll
2026-09-27T13:14:41.3008965Z    Compressing: \\?\D:\a\wootc\wootc\out\branded-preview\System.Net.WebClient.dll
2026-09-27T13:14:41.3026552Z    Compressing: \\?\D:\a\wootc\wootc\out\branded-preview\System.Net.WebHeaderCollection.dll
2026-09-27T13:14:41.3034813Z    Compressing: \\?\D:\a\wootc\wootc\out\branded-preview\System.Net.WebProxy.dll
2026-09-27T13:14:41.3041136Z    Compressing: \\?\D:\a\wootc\wootc\out\branded-preview\System.Net.WebSockets.Client.dll
2026-09-27T13:14:41.3055359Z    Compressing: \\?\D:\a\wootc\wootc\out\branded-preview\System.Net.WebSockets.dll
2026-09-27T13:14:41.3085651Z    Compressing: \\?\D:\a\wootc\wootc\out\branded-preview\System.Numerics.dll
2026-09-27T13:14:41.3088756Z    Compressing: \\?\D:\a\wootc\wootc\out\branded-preview\System.Numerics.Tensors.dll
2026-09-27T13:14:41.3158624Z    Compressing: \\?\D:\a\wootc\wootc\out\branded-preview\System.Numerics.Vectors.dll
2026-09-27T13:14:41.3161621Z    Compressing: \\?\D:\a\wootc\wootc\out\branded-preview\System.ObjectModel.dll
2026-09-27T13:14:41.3174926Z    Compressing: \\?\D:\a\wootc\wootc\out\branded-preview\System.Private.CoreLib.dll
2026-09-27T13:14:43.3732054Z    Compressing: \\?\D:\a\wootc\wootc\out\branded-preview\System.Private.DataContractSerialization.dll
2026-09-27T13:14:43.3935799Z    Compressing: \\?\D:\a\wootc\wootc\out\branded-preview\System.Private.Uri.dll
2026-09-27T13:14:43.3960601Z    Compressing: \\?\D:\a\wootc\wootc\out\branded-preview\System.Private.Xml.dll
2026-09-27T13:14:44.7199212Z    Compressing: \\?\D:\a\wootc\wootc\out\branded-preview\System.Private.Xml.Linq.dll
2026-09-27T13:14:44.7249511Z    Compressing: \\?\D:\a\wootc\wootc\out\branded-preview\System.Reflection.DispatchProxy.dll
2026-09-27T13:14:44.7253348Z    Compressing: \\?\D:\a\wootc\wootc\out\branded-preview\System.Reflection.dll
2026-09-27T13:14:44.7256549Z    Compressing: \\?\D:\a\wootc\wootc\out\branded-preview\System.Reflection.Emit.dll
2026-09-27T13:14:44.7326498Z    Compressing: \\?\D:\a\wootc\wootc\out\branded-preview\System.Reflection.Emit.ILGeneration.dll
2026-09-27T13:14:44.7363587Z    Compressing: \\?\D:\a\wootc\wootc\out\branded-preview\System.Reflection.Emit.Lightweight.dll
2026-09-27T13:14:44.7365004Z    Compressing: \\?\D:\a\wootc\wootc\out\branded-preview\System.Reflection.Extensions.dll
2026-09-27T13:14:44.7366649Z    Compressing: \\?\D:\a\wootc\wootc\out\branded-preview\System.Reflection.Metadata.dll
2026-09-27T13:14:44.7461367Z    Compressing: \\?\D:\a\wootc\wootc\out\branded-preview\System.Reflection.Primitives.dll
2026-09-27T13:14:44.7464593Z    Compressing: \\?\D:\a\wootc\wootc\out\branded-preview\System.Reflection.TypeExtensions.dll
2026-09-27T13:14:44.7485375Z    Compressing: \\?\D:\a\wootc\wootc\out\branded-preview\System.Resources.Reader.dll
2026-09-27T13:14:44.7489679Z    Compressing: \\?\D:\a\wootc\wootc\out\branded-preview\System.Resources.ResourceManager.dll
2026-09-27T13:14:44.7491112Z    Compressing: \\?\D:\a\wootc\wootc\out\branded-preview\System.Resources.Writer.dll
2026-09-27T13:14:44.7492563Z    Compressing: \\?\D:\a\wootc\wootc\out\branded-preview\System.Runtime.CompilerServices.Unsafe.dll
2026-09-27T13:14:44.7494188Z    Compressing: \\?\D:\a\wootc\wootc\out\branded-preview\System.Runtime.CompilerServices.VisualC.dll
2026-09-27T13:14:44.7496798Z    Compressing: \\?\D:\a\wootc\wootc\out\branded-preview\System.Runtime.dll
2026-09-27T13:14:44.7503344Z    Compressing: \\?\D:\a\wootc\wootc\out\branded-preview\System.Runtime.Extensions.dll
2026-09-27T13:14:44.7506805Z    Compressing: \\?\D:\a\wootc\wootc\out\branded-preview\System.Runtime.Handles.dll
2026-09-27T13:14:44.7510560Z    Compressing: \\?\D:\a\wootc\wootc\out\branded-preview\System.Runtime.InteropServices.dll
2026-09-27T13:14:44.7522432Z    Compressing: \\?\D:\a\wootc\wootc\out\branded-preview\System.Runtime.InteropServices.JavaScript.dll
2026-09-27T13:14:44.7529782Z    Compressing: \\?\D:\a\wootc\wootc\out\branded-preview\System.Runtime.InteropServices.RuntimeInformation.dll
2026-09-27T13:14:44.7535233Z    Compressing: \\?\D:\a\wootc\wootc\out\branded-preview\System.Runtime.Intrinsics.dll
2026-09-27T13:14:44.7537284Z    Compressing: \\?\D:\a\wootc\wootc\out\branded-preview\System.Runtime.Loader.dll
2026-09-27T13:14:44.7540837Z    Compressing: \\?\D:\a\wootc\wootc\out\branded-preview\System.Runtime.Numerics.dll
2026-09-27T13:14:44.7596796Z    Compressing: \\?\D:\a\wootc\wootc\out\branded-preview\System.Runtime.Serialization.dll
2026-09-27T13:14:44.7598790Z    Compressing: \\?\D:\a\wootc\wootc\out\branded-preview\System.Runtime.Serialization.Formatters.dll
2026-09-27T13:14:44.7638236Z    Compressing: \\?\D:\a\wootc\wootc\out\branded-preview\System.Runtime.Serialization.Json.dll
2026-09-27T13:14:44.7641401Z    Compressing: \\?\D:\a\wootc\wootc\out\branded-preview\System.Runtime.Serialization.Primitives.dll
2026-09-27T13:14:44.7648444Z    Compressing: \\?\D:\a\wootc\wootc\out\branded-preview\System.Runtime.Serialization.Xml.dll
2026-09-27T13:14:44.7651824Z    Compressing: \\?\D:\a\wootc\wootc\out\branded-preview\System.Security.AccessControl.dll
2026-09-27T13:14:44.7688310Z    Compressing: \\?\D:\a\wootc\wootc\out\branded-preview\System.Security.Claims.dll
2026-09-27T13:14:44.7705839Z    Compressing: \\?\D:\a\wootc\wootc\out\branded-preview\System.Security.Cryptography.Algorithms.dll
2026-09-27T13:14:44.7714360Z    Compressing: \\?\D:\a\wootc\wootc\out\branded-preview\System.Security.Cryptography.Cng.dll
2026-09-27T13:14:44.7716586Z    Compressing: \\?\D:\a\wootc\wootc\out\branded-preview\System.Security.Cryptography.Csp.dll
2026-09-27T13:14:44.7757140Z    Compressing: \\?\D:\a\wootc\wootc\out\branded-preview\System.Security.Cryptography.dll
2026-09-27T13:14:45.3871441Z    Compressing: \\?\D:\a\wootc\wootc\out\branded-preview\System.Security.Cryptography.Encoding.dll
2026-09-27T13:14:45.3874175Z    Compressing: \\?\D:\a\wootc\wootc\out\branded-preview\System.Security.Cryptography.OpenSsl.dll
2026-09-27T13:14:45.3877046Z    Compressing: \\?\D:\a\wootc\wootc\out\branded-preview\System.Security.Cryptography.Primitives.dll
2026-09-27T13:14:45.3880042Z    Compressing: \\?\D:\a\wootc\wootc\out\branded-preview\System.Security.Cryptography.X509Certificates.dll
2026-09-27T13:14:45.3882542Z    Compressing: \\?\D:\a\wootc\wootc\out\branded-preview\System.Security.dll
2026-09-27T13:14:45.3886291Z    Compressing: \\?\D:\a\wootc\wootc\out\branded-preview\System.Security.Principal.dll
2026-09-27T13:14:45.3888960Z    Compressing: \\?\D:\a\wootc\wootc\out\branded-preview\System.Security.Principal.Windows.dll
2026-09-27T13:14:45.3915957Z    Compressing: \\?\D:\a\wootc\wootc\out\branded-preview\System.Security.SecureString.dll
2026-09-27T13:14:45.3918284Z    Compressing: \\?\D:\a\wootc\wootc\out\branded-preview\System.ServiceModel.Web.dll
2026-09-27T13:14:45.3921012Z    Compressing: \\?\D:\a\wootc\wootc\out\branded-preview\System.ServiceProcess.dll
2026-09-27T13:14:45.3924636Z    Compressing: \\?\D:\a\wootc\wootc\out\branded-preview\System.Text.Encoding.CodePages.dll
2026-09-27T13:14:45.4005679Z    Compressing: \\?\D:\a\wootc\wootc\out\branded-preview\System.Text.Encoding.dll
2026-09-27T13:14:45.4008002Z    Compressing: \\?\D:\a\wootc\wootc\out\branded-preview\System.Text.Encoding.Extensions.dll
2026-09-27T13:14:45.4010203Z    Compressing: \\?\D:\a\wootc\wootc\out\branded-preview\System.Text.Encodings.Web.dll
2026-09-27T13:14:45.4023406Z    Compressing: \\?\D:\a\wootc\wootc\out\branded-preview\System.Text.Json.dll
2026-09-27T13:14:45.4162715Z    Compressing: \\?\D:\a\wootc\wootc\out\branded-preview\System.Text.RegularExpressions.dll
2026-09-27T13:14:45.4256258Z    Compressing: \\?\D:\a\wootc\wootc\out\branded-preview\System.Threading.Channels.dll
2026-09-27T13:14:45.4269427Z    Compressing: \\?\D:\a\wootc\wootc\out\branded-preview\System.Threading.dll
2026-09-27T13:14:46.0042517Z    Compressing: \\?\D:\a\wootc\wootc\out\branded-preview\System.Threading.Overlapped.dll
2026-09-27T13:14:46.0047003Z    Compressing: \\?\D:\a\wootc\wootc\out\branded-preview\System.Threading.Tasks.Dataflow.dll
2026-09-27T13:14:46.0117492Z    Compressing: \\?\D:\a\wootc\wootc\out\branded-preview\System.Threading.Tasks.dll
2026-09-27T13:14:46.0120519Z    Compressing: \\?\D:\a\wootc\wootc\out\branded-preview\System.Threading.Tasks.Extensions.dll
2026-09-27T13:14:46.0123434Z    Compressing: \\?\D:\a\wootc\wootc\out\branded-preview\System.Threading.Tasks.Parallel.dll
2026-09-27T13:14:46.0141823Z    Compressing: \\?\D:\a\wootc\wootc\out\branded-preview\System.Threading.Thread.dll
2026-09-27T13:14:46.0144740Z    Compressing: \\?\D:\a\wootc\wootc\out\branded-preview\System.Threading.ThreadPool.dll
2026-09-27T13:14:46.0147565Z    Compressing: \\?\D:\a\wootc\wootc\out\branded-preview\System.Threading.Timer.dll
2026-09-27T13:14:46.0150088Z    Compressing: \\?\D:\a\wootc\wootc\out\branded-preview\System.Transactions.dll
2026-09-27T13:14:46.0153543Z    Compressing: \\?\D:\a\wootc\wootc\out\branded-preview\System.Transactions.Local.dll
2026-09-27T13:14:46.0236341Z    Compressing: \\?\D:\a\wootc\wootc\out\branded-preview\System.ValueTuple.dll
2026-09-27T13:14:46.0238259Z    Compressing: \\?\D:\a\wootc\wootc\out\branded-preview\System.Web.dll
2026-09-27T13:14:46.0240230Z    Compressing: \\?\D:\a\wootc\wootc\out\branded-preview\System.Web.HttpUtility.dll
2026-09-27T13:14:46.0246000Z    Compressing: \\?\D:\a\wootc\wootc\out\branded-preview\System.Windows.dll
2026-09-27T13:14:46.0248313Z    Compressing: \\?\D:\a\wootc\wootc\out\branded-preview\System.Xml.dll
2026-09-27T13:14:46.0250980Z    Compressing: \\?\D:\a\wootc\wootc\out\branded-preview\System.Xml.Linq.dll
2026-09-27T13:14:46.0253160Z    Compressing: \\?\D:\a\wootc\wootc\out\branded-preview\System.Xml.ReaderWriter.dll
2026-09-27T13:14:46.0255850Z    Compressing: \\?\D:\a\wootc\wootc\out\branded-preview\System.Xml.Serialization.dll
2026-09-27T13:14:46.0257810Z    Compressing: \\?\D:\a\wootc\wootc\out\branded-preview\System.Xml.XDocument.dll
2026-09-27T13:14:46.0259707Z    Compressing: \\?\D:\a\wootc\wootc\out\branded-preview\System.Xml.XmlDocument.dll
2026-09-27T13:14:46.0261769Z    Compressing: \\?\D:\a\wootc\wootc\out\branded-preview\System.Xml.XmlSerializer.dll
2026-09-27T13:14:46.0264261Z    Compressing: \\?\D:\a\wootc\wootc\out\branded-preview\System.Xml.XPath.dll
2026-09-27T13:14:46.0266135Z    Compressing: \\?\D:\a\wootc\wootc\out\branded-preview\System.Xml.XPath.XDocument.dll
2026-09-27T13:14:46.0269776Z    Compressing: \\?\D:\a\wootc\wootc\out\branded-preview\WebView2Loader.dll
2026-09-27T13:14:46.0285238Z    Compressing: \\?\D:\a\wootc\wootc\out\branded-preview\WindowsBase.dll
2026-09-27T13:14:46.0286984Z    Compressing: \\?\D:\a\wootc\wootc\out\branded-preview\WinRT.Runtime.dll
2026-09-27T13:14:46.0336285Z    Compressing: \\?\D:\a\wootc\wootc\out\branded-preview\WinUIEdit.dll
2026-09-27T13:14:46.7049882Z    Compressing: \\?\D:\a\wootc\wootc\out\branded-preview\wootc-engine.exe
2026-09-27T13:14:48.3182506Z    Compressing: \\?\D:\a\wootc\wootc\out\branded-preview\Wootc.Shell.Core.dll
2026-09-27T13:14:48.3187699Z    Compressing: \\?\D:\a\wootc\wootc\out\branded-preview\Wootc.Shell.Core.pdb
2026-09-27T13:14:48.3190771Z    Compressing: \\?\D:\a\wootc\wootc\out\branded-preview\Wootc.Shell.deps.json
2026-09-27T13:14:48.3195934Z    Compressing: \\?\D:\a\wootc\wootc\out\branded-preview\Wootc.Shell.dll
2026-09-27T13:14:48.3212997Z    Compressing: \\?\D:\a\wootc\wootc\out\branded-preview\Wootc.Shell.exe
2026-09-27T13:14:48.3241718Z    Compressing: \\?\D:\a\wootc\wootc\out\branded-preview\Wootc.Shell.Native.dll
2026-09-27T13:14:48.3247177Z    Compressing: \\?\D:\a\wootc\wootc\out\branded-preview\Wootc.Shell.Native.pdb
2026-09-27T13:14:48.3249898Z    Compressing: \\?\D:\a\wootc\wootc\out\branded-preview\Wootc.Shell.pdb
2026-09-27T13:14:48.3253764Z    Compressing: \\?\D:\a\wootc\wootc\out\branded-preview\Wootc.Shell.pri
2026-09-27T13:14:48.7886395Z    Compressing: \\?\D:\a\wootc\wootc\out\branded-preview\Wootc.Shell.runtimeconfig.json
2026-09-27T13:14:48.7888306Z    Compressing: \\?\D:\a\wootc\wootc\out\branded-preview\workloads.365.json
2026-09-27T13:14:48.7890171Z    Compressing: \\?\D:\a\wootc\wootc\out\branded-preview\workloads.j32.json
2026-09-27T13:14:48.7891822Z    Compressing: \\?\D:\a\wootc\wootc\out\branded-preview\workloads.json
2026-09-27T13:14:48.7893849Z    Compressing: \\?\D:\a\wootc\wootc\out\branded-preview\workloads.lnl.json
2026-09-27T13:14:48.7896592Z    Compressing: \\?\D:\a\wootc\wootc\out\branded-preview\workloads.qnn.json
2026-09-27T13:14:48.7898605Z    Compressing: \\?\D:\a\wootc\wootc\out\branded-preview\workloads.stx.json
2026-09-27T13:14:48.7900501Z    Compressing: \\?\D:\a\wootc\wootc\out\branded-preview\wuceffectsi.dll
2026-09-27T13:14:48.7949275Z    Compressing: \\?\D:\a\wootc\wootc\out\branded-preview\af-ZA\Microsoft.ui.xaml.dll.mui
2026-09-27T13:14:48.7952630Z    Compressing: \\?\D:\a\wootc\wootc\out\branded-preview\af-ZA\Microsoft.UI.Xaml.Phone.dll.mui
2026-09-27T13:14:48.7954700Z    Compressing: \\?\D:\a\wootc\wootc\out\branded-preview\am-ET\Microsoft.ui.xaml.dll.mui
2026-09-27T13:14:48.7957837Z    Compressing: \\?\D:\a\wootc\wootc\out\branded-preview\am-ET\Microsoft.UI.Xaml.Phone.dll.mui
2026-09-27T13:14:48.7960019Z    Compressing: \\?\D:\a\wootc\wootc\out\branded-preview\ar-SA\Microsoft.ui.xaml.dll.mui
2026-09-27T13:14:48.7963268Z    Compressing: \\?\D:\a\wootc\wootc\out\branded-preview\ar-SA\Microsoft.UI.Xaml.Phone.dll.mui
2026-09-27T13:14:48.7965434Z    Compressing: \\?\D:\a\wootc\wootc\out\branded-preview\as-IN\Microsoft.ui.xaml.dll.mui
2026-09-27T13:14:48.7969134Z    Compressing: \\?\D:\a\wootc\wootc\out\branded-preview\as-IN\Microsoft.UI.Xaml.Phone.dll.mui
2026-09-27T13:14:48.7971267Z    Compressing: \\?\D:\a\wootc\wootc\out\branded-preview\az-Latn-AZ\Microsoft.ui.xaml.dll.mui
2026-09-27T13:14:48.7974894Z    Compressing: \\?\D:\a\wootc\wootc\out\branded-preview\az-Latn-AZ\Microsoft.UI.Xaml.Phone.dll.mui
2026-09-27T13:14:48.7976883Z    Compressing: \\?\D:\a\wootc\wootc\out\branded-preview\bg-BG\Microsoft.ui.xaml.dll.mui
2026-09-27T13:14:48.7980312Z    Compressing: \\?\D:\a\wootc\wootc\out\branded-preview\bg-BG\Microsoft.UI.Xaml.Phone.dll.mui
2026-09-27T13:14:48.7982307Z    Compressing: \\?\D:\a\wootc\wootc\out\branded-preview\bn-IN\Microsoft.ui.xaml.dll.mui
2026-09-27T13:14:48.7985699Z    Compressing: \\?\D:\a\wootc\wootc\out\branded-preview\bn-IN\Microsoft.UI.Xaml.Phone.dll.mui
2026-09-27T13:14:48.7988116Z    Compressing: \\?\D:\a\wootc\wootc\out\branded-preview\Branding\brand.json
2026-09-27T13:14:48.7989241Z    Compressing: \\?\D:\a\wootc\wootc\out\branded-preview\bs-Latn-BA\Microsoft.ui.xaml.dll.mui
2026-09-27T13:14:48.7992609Z    Compressing: \\?\D:\a\wootc\wootc\out\branded-preview\bs-Latn-BA\Microsoft.UI.Xaml.Phone.dll.mui
2026-09-27T13:14:48.7994635Z    Compressing: \\?\D:\a\wootc\wootc\out\branded-preview\ca-ES\Microsoft.ui.xaml.dll.mui
2026-09-27T13:14:48.7998006Z    Compressing: \\?\D:\a\wootc\wootc\out\branded-preview\ca-ES\Microsoft.UI.Xaml.Phone.dll.mui
2026-09-27T13:14:48.8000126Z    Compressing: \\?\D:\a\wootc\wootc\out\branded-preview\ca-Es-VALENCIA\Microsoft.ui.xaml.dll.mui
2026-09-27T13:14:48.8003643Z    Compressing: \\?\D:\a\wootc\wootc\out\branded-preview\ca-Es-VALENCIA\Microsoft.UI.Xaml.Phone.dll.mui
2026-09-27T13:14:48.8005599Z    Compressing: \\?\D:\a\wootc\wootc\out\branded-preview\cs-CZ\Microsoft.ui.xaml.dll.mui
2026-09-27T13:14:48.8009262Z    Compressing: \\?\D:\a\wootc\wootc\out\branded-preview\cs-CZ\Microsoft.UI.Xaml.Phone.dll.mui
2026-09-27T13:14:48.8011395Z    Compressing: \\?\D:\a\wootc\wootc\out\branded-preview\cy-GB\Microsoft.ui.xaml.dll.mui
2026-09-27T13:14:48.8014711Z    Compressing: \\?\D:\a\wootc\wootc\out\branded-preview\cy-GB\Microsoft.UI.Xaml.Phone.dll.mui
2026-09-27T13:14:48.8016740Z    Compressing: \\?\D:\a\wootc\wootc\out\branded-preview\da-DK\Microsoft.ui.xaml.dll.mui
2026-09-27T13:14:48.8020100Z    Compressing: \\?\D:\a\wootc\wootc\out\branded-preview\da-DK\Microsoft.UI.Xaml.Phone.dll.mui
2026-09-27T13:14:48.8022184Z    Compressing: \\?\D:\a\wootc\wootc\out\branded-preview\de-DE\Microsoft.ui.xaml.dll.mui
2026-09-27T13:14:48.8025903Z    Compressing: \\?\D:\a\wootc\wootc\out\branded-preview\de-DE\Microsoft.UI.Xaml.Phone.dll.mui
2026-09-27T13:14:48.8028540Z    Compressing: \\?\D:\a\wootc\wootc\out\branded-preview\el-GR\Microsoft.ui.xaml.dll.mui
2026-09-27T13:14:48.8031964Z    Compressing: \\?\D:\a\wootc\wootc\out\branded-preview\el-GR\Microsoft.UI.Xaml.Phone.dll.mui
2026-09-27T13:14:48.8033853Z    Compressing: \\?\D:\a\wootc\wootc\out\branded-preview\en-GB\Microsoft.ui.xaml.dll.mui
2026-09-27T13:14:48.8037133Z    Compressing: \\?\D:\a\wootc\wootc\out\branded-preview\en-GB\Microsoft.UI.Xaml.Phone.dll.mui
2026-09-27T13:14:48.8039131Z    Compressing: \\?\D:\a\wootc\wootc\out\branded-preview\en-us\Microsoft.ui.xaml.dll.mui
2026-09-27T13:14:48.8042513Z    Compressing: \\?\D:\a\wootc\wootc\out\branded-preview\en-us\Microsoft.UI.Xaml.Phone.dll.mui
2026-09-27T13:14:48.8044502Z    Compressing: \\?\D:\a\wootc\wootc\out\branded-preview\es-ES\Microsoft.ui.xaml.dll.mui
2026-09-27T13:14:48.8048410Z    Compressing: \\?\D:\a\wootc\wootc\out\branded-preview\es-ES\Microsoft.UI.Xaml.Phone.dll.mui
2026-09-27T13:14:48.8050470Z    Compressing: \\?\D:\a\wootc\wootc\out\branded-preview\es-MX\Microsoft.ui.xaml.dll.mui
2026-09-27T13:14:48.8053756Z    Compressing: \\?\D:\a\wootc\wootc\out\branded-preview\es-MX\Microsoft.UI.Xaml.Phone.dll.mui
2026-09-27T13:14:48.8055941Z    Compressing: \\?\D:\a\wootc\wootc\out\branded-preview\et-EE\Microsoft.ui.xaml.dll.mui
2026-09-27T13:14:48.8059219Z    Compressing: \\?\D:\a\wootc\wootc\out\branded-preview\et-EE\Microsoft.UI.Xaml.Phone.dll.mui
2026-09-27T13:14:48.8061332Z    Compressing: \\?\D:\a\wootc\wootc\out\branded-preview\eu-ES\Microsoft.ui.xaml.dll.mui
2026-09-27T13:14:48.8064848Z    Compressing: \\?\D:\a\wootc\wootc\out\branded-preview\eu-ES\Microsoft.UI.Xaml.Phone.dll.mui
2026-09-27T13:14:48.8077248Z    Compressing: \\?\D:\a\wootc\wootc\out\branded-preview\fa-IR\Microsoft.ui.xaml.dll.mui
2026-09-27T13:14:48.8078596Z    Compressing: \\?\D:\a\wootc\wootc\out\branded-preview\fa-IR\Microsoft.UI.Xaml.Phone.dll.mui
2026-09-27T13:14:48.8080485Z    Compressing: \\?\D:\a\wootc\wootc\out\branded-preview\fi-FI\Microsoft.ui.xaml.dll.mui
2026-09-27T13:14:48.8082272Z    Compressing: \\?\D:\a\wootc\wootc\out\branded-preview\fi-FI\Microsoft.UI.Xaml.Phone.dll.mui
2026-09-27T13:14:48.8083923Z    Compressing: \\?\D:\a\wootc\wootc\out\branded-preview\fil-PH\Microsoft.ui.xaml.dll.mui
2026-09-27T13:14:48.8085858Z    Compressing: \\?\D:\a\wootc\wootc\out\branded-preview\fil-PH\Microsoft.UI.Xaml.Phone.dll.mui
2026-09-27T13:14:48.8087171Z    Compressing: \\?\D:\a\wootc\wootc\out\branded-preview\fr-CA\Microsoft.ui.xaml.dll.mui
2026-09-27T13:14:48.8088478Z    Compressing: \\?\D:\a\wootc\wootc\out\branded-preview\fr-CA\Microsoft.UI.Xaml.Phone.dll.mui
2026-09-27T13:14:48.8091234Z    Compressing: \\?\D:\a\wootc\wootc\out\branded-preview\fr-FR\Microsoft.ui.xaml.dll.mui
2026-09-27T13:14:48.8094635Z    Compressing: \\?\D:\a\wootc\wootc\out\branded-preview\fr-FR\Microsoft.UI.Xaml.Phone.dll.mui
2026-09-27T13:14:48.8096747Z    Compressing: \\?\D:\a\wootc\wootc\out\branded-preview\ga-IE\Microsoft.ui.xaml.dll.mui
2026-09-27T13:14:48.8100158Z    Compressing: \\?\D:\a\wootc\wootc\out\branded-preview\ga-IE\Microsoft.UI.Xaml.Phone.dll.mui
2026-09-27T13:14:48.8102212Z    Compressing: \\?\D:\a\wootc\wootc\out\branded-preview\gd-gb\Microsoft.ui.xaml.dll.mui
2026-09-27T13:14:48.8106158Z    Compressing: \\?\D:\a\wootc\wootc\out\branded-preview\gd-gb\Microsoft.UI.Xaml.Phone.dll.mui
2026-09-27T13:14:48.8107997Z    Compressing: \\?\D:\a\wootc\wootc\out\branded-preview\gl-ES\Microsoft.ui.xaml.dll.mui
2026-09-27T13:14:48.8111457Z    Compressing: \\?\D:\a\wootc\wootc\out\branded-preview\gl-ES\Microsoft.UI.Xaml.Phone.dll.mui
2026-09-27T13:14:48.8113451Z    Compressing: \\?\D:\a\wootc\wootc\out\branded-preview\gu-IN\Microsoft.ui.xaml.dll.mui
2026-09-27T13:14:48.8116620Z    Compressing: \\?\D:\a\wootc\wootc\out\branded-preview\gu-IN\Microsoft.UI.Xaml.Phone.dll.mui
2026-09-27T13:14:48.8118947Z    Compressing: \\?\D:\a\wootc\wootc\out\branded-preview\he-IL\Microsoft.ui.xaml.dll.mui
2026-09-27T13:14:48.8122087Z    Compressing: \\?\D:\a\wootc\wootc\out\branded-preview\he-IL\Microsoft.UI.Xaml.Phone.dll.mui
2026-09-27T13:14:48.8124085Z    Compressing: \\?\D:\a\wootc\wootc\out\branded-preview\hi-IN\Microsoft.ui.xaml.dll.mui
2026-09-27T13:14:48.8127713Z    Compressing: \\?\D:\a\wootc\wootc\out\branded-preview\hi-IN\Microsoft.UI.Xaml.Phone.dll.mui
2026-09-27T13:14:48.8129781Z    Compressing: \\?\D:\a\wootc\wootc\out\branded-preview\hr-HR\Microsoft.ui.xaml.dll.mui
2026-09-27T13:14:48.8133076Z    Compressing: \\?\D:\a\wootc\wootc\out\branded-preview\hr-HR\Microsoft.UI.Xaml.Phone.dll.mui
2026-09-27T13:14:48.8135215Z    Compressing: \\?\D:\a\wootc\wootc\out\branded-preview\hu-HU\Microsoft.ui.xaml.dll.mui
2026-09-27T13:14:48.8138500Z    Compressing: \\?\D:\a\wootc\wootc\out\branded-preview\hu-HU\Microsoft.UI.Xaml.Phone.dll.mui
2026-09-27T13:14:48.8140517Z    Compressing: \\?\D:\a\wootc\wootc\out\branded-preview\hy-AM\Microsoft.ui.xaml.dll.mui
2026-09-27T13:14:48.8143896Z    Compressing: \\?\D:\a\wootc\wootc\out\branded-preview\hy-AM\Microsoft.UI.Xaml.Phone.dll.mui
2026-09-27T13:14:48.8146559Z    Compressing: \\?\D:\a\wootc\wootc\out\branded-preview\id-ID\Microsoft.ui.xaml.dll.mui
2026-09-27T13:14:48.8149474Z    Compressing: \\?\D:\a\wootc\wootc\out\branded-preview\id-ID\Microsoft.UI.Xaml.Phone.dll.mui
2026-09-27T13:14:48.8151579Z    Compressing: \\?\D:\a\wootc\wootc\out\branded-preview\is-IS\Microsoft.ui.xaml.dll.mui
2026-09-27T13:14:48.8154932Z    Compressing: \\?\D:\a\wootc\wootc\out\branded-preview\is-IS\Microsoft.UI.Xaml.Phone.dll.mui
2026-09-27T13:14:48.8156908Z    Compressing: \\?\D:\a\wootc\wootc\out\branded-preview\it-IT\Microsoft.ui.xaml.dll.mui
2026-09-27T13:14:48.8160282Z    Compressing: \\?\D:\a\wootc\wootc\out\branded-preview\it-IT\Microsoft.UI.Xaml.Phone.dll.mui
2026-09-27T13:14:48.8162379Z    Compressing: \\?\D:\a\wootc\wootc\out\branded-preview\ja-JP\Microsoft.ui.xaml.dll.mui
2026-09-27T13:14:48.8165892Z    Compressing: \\?\D:\a\wootc\wootc\out\branded-preview\ja-JP\Microsoft.UI.Xaml.Phone.dll.mui
2026-09-27T13:14:48.8167781Z    Compressing: \\?\D:\a\wootc\wootc\out\branded-preview\ka-GE\Microsoft.ui.xaml.dll.mui
2026-09-27T13:14:48.8171213Z    Compressing: \\?\D:\a\wootc\wootc\out\branded-preview\ka-GE\Microsoft.UI.Xaml.Phone.dll.mui
2026-09-27T13:14:48.8173240Z    Compressing: \\?\D:\a\wootc\wootc\out\branded-preview\kk-KZ\Microsoft.ui.xaml.dll.mui
2026-09-27T13:14:48.8176493Z    Compressing: \\?\D:\a\wootc\wootc\out\branded-preview\kk-KZ\Microsoft.UI.Xaml.Phone.dll.mui
2026-09-27T13:14:48.8178673Z    Compressing: \\?\D:\a\wootc\wootc\out\branded-preview\km-KH\Microsoft.ui.xaml.dll.mui
2026-09-27T13:14:48.8181891Z    Compressing: \\?\D:\a\wootc\wootc\out\branded-preview\km-KH\Microsoft.UI.Xaml.Phone.dll.mui
2026-09-27T13:14:48.8183848Z    Compressing: \\?\D:\a\wootc\wootc\out\branded-preview\kn-IN\Microsoft.ui.xaml.dll.mui
2026-09-27T13:14:48.8187574Z    Compressing: \\?\D:\a\wootc\wootc\out\branded-preview\kn-IN\Microsoft.UI.Xaml.Phone.dll.mui
2026-09-27T13:14:48.8189660Z    Compressing: \\?\D:\a\wootc\wootc\out\branded-preview\ko-KR\Microsoft.ui.xaml.dll.mui
2026-09-27T13:14:48.8192421Z    Compressing: \\?\D:\a\wootc\wootc\out\branded-preview\ko-KR\Microsoft.UI.Xaml.Phone.dll.mui
2026-09-27T13:14:48.8194443Z    Compressing: \\?\D:\a\wootc\wootc\out\branded-preview\kok-IN\Microsoft.ui.xaml.dll.mui
2026-09-27T13:14:48.8197755Z    Compressing: \\?\D:\a\wootc\wootc\out\branded-preview\kok-IN\Microsoft.UI.Xaml.Phone.dll.mui
2026-09-27T13:14:48.8199780Z    Compressing: \\?\D:\a\wootc\wootc\out\branded-preview\lb-LU\Microsoft.ui.xaml.dll.mui
2026-09-27T13:14:48.8203031Z    Compressing: \\?\D:\a\wootc\wootc\out\branded-preview\lb-LU\Microsoft.UI.Xaml.Phone.dll.mui
2026-09-27T13:14:48.8205970Z    Compressing: \\?\D:\a\wootc\wootc\out\branded-preview\lo-LA\Microsoft.ui.xaml.dll.mui
2026-09-27T13:14:48.8210276Z    Compressing: \\?\D:\a\wootc\wootc\out\branded-preview\lo-LA\Microsoft.UI.Xaml.Phone.dll.mui
2026-09-27T13:14:48.8212602Z    Compressing: \\?\D:\a\wootc\wootc\out\branded-preview\lt-LT\Microsoft.ui.xaml.dll.mui
2026-09-27T13:14:48.8215994Z    Compressing: \\?\D:\a\wootc\wootc\out\branded-preview\lt-LT\Microsoft.UI.Xaml.Phone.dll.mui
2026-09-27T13:14:48.8218021Z    Compressing: \\?\D:\a\wootc\wootc\out\branded-preview\lv-LV\Microsoft.ui.xaml.dll.mui
2026-09-27T13:14:48.8221383Z    Compressing: \\?\D:\a\wootc\wootc\out\branded-preview\lv-LV\Microsoft.UI.Xaml.Phone.dll.mui
2026-09-27T13:14:48.8223348Z    Compressing: \\?\D:\a\wootc\wootc\out\branded-preview\mi-NZ\Microsoft.ui.xaml.dll.mui
2026-09-27T13:14:48.8226700Z    Compressing: \\?\D:\a\wootc\wootc\out\branded-preview\mi-NZ\Microsoft.UI.Xaml.Phone.dll.mui
2026-09-27T13:14:48.8229167Z    Compressing: \\?\D:\a\wootc\wootc\out\branded-preview\Microsoft.UI.Xaml\Assets\map.html
2026-09-27T13:14:48.8232650Z    Compressing: \\?\D:\a\wootc\wootc\out\branded-preview\Microsoft.UI.Xaml\Assets\NoiseAsset_256x256_PNG.png
2026-09-27T13:14:48.8234326Z    Compressing: \\?\D:\a\wootc\wootc\out\branded-preview\mk-MK\Microsoft.ui.xaml.dll.mui
2026-09-27T13:14:48.8237710Z    Compressing: \\?\D:\a\wootc\wootc\out\branded-preview\mk-MK\Microsoft.UI.Xaml.Phone.dll.mui
2026-09-27T13:14:48.8239779Z    Compressing: \\?\D:\a\wootc\wootc\out\branded-preview\ml-IN\Microsoft.ui.xaml.dll.mui
2026-09-27T13:14:48.8243582Z    Compressing: \\?\D:\a\wootc\wootc\out\branded-preview\ml-IN\Microsoft.UI.Xaml.Phone.dll.mui
2026-09-27T13:14:48.8246932Z    Compressing: \\?\D:\a\wootc\wootc\out\branded-preview\mr-IN\Microsoft.ui.xaml.dll.mui
2026-09-27T13:14:48.8250185Z    Compressing: \\?\D:\a\wootc\wootc\out\branded-preview\mr-IN\Microsoft.UI.Xaml.Phone.dll.mui
2026-09-27T13:14:48.8252255Z    Compressing: \\?\D:\a\wootc\wootc\out\branded-preview\ms-MY\Microsoft.ui.xaml.dll.mui
2026-09-27T13:14:48.8255530Z    Compressing: \\?\D:\a\wootc\wootc\out\branded-preview\ms-MY\Microsoft.UI.Xaml.Phone.dll.mui
2026-09-27T13:14:48.8257555Z    Compressing: \\?\D:\a\wootc\wootc\out\branded-preview\mt-MT\Microsoft.ui.xaml.dll.mui
2026-09-27T13:14:48.8260962Z    Compressing: \\?\D:\a\wootc\wootc\out\branded-preview\mt-MT\Microsoft.UI.Xaml.Phone.dll.mui
2026-09-27T13:14:48.8262987Z    Compressing: \\?\D:\a\wootc\wootc\out\branded-preview\nb-NO\Microsoft.ui.xaml.dll.mui
2026-09-27T13:14:48.8266460Z    Compressing: \\?\D:\a\wootc\wootc\out\branded-preview\nb-NO\Microsoft.UI.Xaml.Phone.dll.mui
2026-09-27T13:14:48.8268586Z    Compressing: \\?\D:\a\wootc\wootc\out\branded-preview\ne-NP\Microsoft.ui.xaml.dll.mui
2026-09-27T13:14:48.8271887Z    Compressing: \\?\D:\a\wootc\wootc\out\branded-preview\ne-NP\Microsoft.UI.Xaml.Phone.dll.mui
2026-09-27T13:14:48.8273971Z    Compressing: \\?\D:\a\wootc\wootc\out\branded-preview\nl-NL\Microsoft.ui.xaml.dll.mui
2026-09-27T13:14:48.8277273Z    Compressing: \\?\D:\a\wootc\wootc\out\branded-preview\nl-NL\Microsoft.UI.Xaml.Phone.dll.mui
2026-09-27T13:14:48.8279564Z    Compressing: \\?\D:\a\wootc\wootc\out\branded-preview\nn-NO\Microsoft.ui.xaml.dll.mui
2026-09-27T13:14:48.8283022Z    Compressing: \\?\D:\a\wootc\wootc\out\branded-preview\nn-NO\Microsoft.UI.Xaml.Phone.dll.mui
2026-09-27T13:14:48.8284791Z    Compressing: \\?\D:\a\wootc\wootc\out\branded-preview\or-IN\Microsoft.ui.xaml.dll.mui
2026-09-27T13:14:48.8288576Z    Compressing: \\?\D:\a\wootc\wootc\out\branded-preview\or-IN\Microsoft.UI.Xaml.Phone.dll.mui
2026-09-27T13:14:48.8290535Z    Compressing: \\?\D:\a\wootc\wootc\out\branded-preview\pa-IN\Microsoft.ui.xaml.dll.mui
2026-09-27T13:14:48.8293764Z    Compressing: \\?\D:\a\wootc\wootc\out\branded-preview\pa-IN\Microsoft.UI.Xaml.Phone.dll.mui
2026-09-27T13:14:48.8295747Z    Compressing: \\?\D:\a\wootc\wootc\out\branded-preview\pl-PL\Microsoft.ui.xaml.dll.mui
2026-09-27T13:14:48.8299116Z    Compressing: \\?\D:\a\wootc\wootc\out\branded-preview\pl-PL\Microsoft.UI.Xaml.Phone.dll.mui
2026-09-27T13:14:48.8301152Z    Compressing: \\?\D:\a\wootc\wootc\out\branded-preview\pt-BR\Microsoft.ui.xaml.dll.mui
2026-09-27T13:14:48.8304790Z    Compressing: \\?\D:\a\wootc\wootc\out\branded-preview\pt-BR\Microsoft.UI.Xaml.Phone.dll.mui
2026-09-27T13:14:48.8306919Z    Compressing: \\?\D:\a\wootc\wootc\out\branded-preview\pt-PT\Microsoft.ui.xaml.dll.mui
2026-09-27T13:14:48.8310257Z    Compressing: \\?\D:\a\wootc\wootc\out\branded-preview\pt-PT\Microsoft.UI.Xaml.Phone.dll.mui
2026-09-27T13:14:48.8312358Z    Compressing: \\?\D:\a\wootc\wootc\out\branded-preview\quz-PE\Microsoft.ui.xaml.dll.mui
2026-09-27T13:14:48.8315781Z    Compressing: \\?\D:\a\wootc\wootc\out\branded-preview\quz-PE\Microsoft.UI.Xaml.Phone.dll.mui
2026-09-27T13:14:48.8317757Z    Compressing: \\?\D:\a\wootc\wootc\out\branded-preview\ro-RO\Microsoft.ui.xaml.dll.mui
2026-09-27T13:14:48.8321061Z    Compressing: \\?\D:\a\wootc\wootc\out\branded-preview\ro-RO\Microsoft.UI.Xaml.Phone.dll.mui
2026-09-27T13:14:48.8323547Z    Compressing: \\?\D:\a\wootc\wootc\out\branded-preview\ru-RU\Microsoft.ui.xaml.dll.mui
2026-09-27T13:14:48.8327106Z    Compressing: \\?\D:\a\wootc\wootc\out\branded-preview\ru-RU\Microsoft.UI.Xaml.Phone.dll.mui
2026-09-27T13:14:48.8329099Z    Compressing: \\?\D:\a\wootc\wootc\out\branded-preview\sk-SK\Microsoft.ui.xaml.dll.mui
2026-09-27T13:14:48.8332531Z    Compressing: \\?\D:\a\wootc\wootc\out\branded-preview\sk-SK\Microsoft.UI.Xaml.Phone.dll.mui
2026-09-27T13:14:48.8334561Z    Compressing: \\?\D:\a\wootc\wootc\out\branded-preview\sl-SI\Microsoft.ui.xaml.dll.mui
2026-09-27T13:14:48.8337882Z    Compressing: \\?\D:\a\wootc\wootc\out\branded-preview\sl-SI\Microsoft.UI.Xaml.Phone.dll.mui
2026-09-27T13:14:48.8340059Z    Compressing: \\?\D:\a\wootc\wootc\out\branded-preview\sq-AL\Microsoft.ui.xaml.dll.mui
2026-09-27T13:14:48.8343705Z    Compressing: \\?\D:\a\wootc\wootc\out\branded-preview\sq-AL\Microsoft.UI.Xaml.Phone.dll.mui
2026-09-27T13:14:48.8345754Z    Compressing: \\?\D:\a\wootc\wootc\out\branded-preview\sr-Cyrl-BA\Microsoft.ui.xaml.dll.mui
2026-09-27T13:14:48.8349263Z    Compressing: \\?\D:\a\wootc\wootc\out\branded-preview\sr-Cyrl-BA\Microsoft.UI.Xaml.Phone.dll.mui
2026-09-27T13:14:48.8351653Z    Compressing: \\?\D:\a\wootc\wootc\out\branded-preview\sr-Cyrl-RS\Microsoft.ui.xaml.dll.mui
2026-09-27T13:14:48.8354809Z    Compressing: \\?\D:\a\wootc\wootc\out\branded-preview\sr-Cyrl-RS\Microsoft.UI.Xaml.Phone.dll.mui
2026-09-27T13:14:48.8357108Z    Compressing: \\?\D:\a\wootc\wootc\out\branded-preview\sr-Latn-RS\Microsoft.ui.xaml.dll.mui
2026-09-27T13:14:48.8360465Z    Compressing: \\?\D:\a\wootc\wootc\out\branded-preview\sr-Latn-RS\Microsoft.UI.Xaml.Phone.dll.mui
2026-09-27T13:14:48.8362544Z    Compressing: \\?\D:\a\wootc\wootc\out\branded-preview\sv-SE\Microsoft.ui.xaml.dll.mui
2026-09-27T13:14:48.8366545Z    Compressing: \\?\D:\a\wootc\wootc\out\branded-preview\sv-SE\Microsoft.UI.Xaml.Phone.dll.mui
2026-09-27T13:14:48.8369242Z    Compressing: \\?\D:\a\wootc\wootc\out\branded-preview\ta-IN\Microsoft.ui.xaml.dll.mui
2026-09-27T13:14:48.8372650Z    Compressing: \\?\D:\a\wootc\wootc\out\branded-preview\ta-IN\Microsoft.UI.Xaml.Phone.dll.mui
2026-09-27T13:14:48.8375574Z    Compressing: \\?\D:\a\wootc\wootc\out\branded-preview\te-IN\Microsoft.ui.xaml.dll.mui
2026-09-27T13:14:48.8379840Z    Compressing: \\?\D:\a\wootc\wootc\out\branded-preview\te-IN\Microsoft.UI.Xaml.Phone.dll.mui
2026-09-27T13:14:48.8381752Z    Compressing: \\?\D:\a\wootc\wootc\out\branded-preview\th-TH\Microsoft.ui.xaml.dll.mui
2026-09-27T13:14:48.8384996Z    Compressing: \\?\D:\a\wootc\wootc\out\branded-preview\th-TH\Microsoft.UI.Xaml.Phone.dll.mui
2026-09-27T13:14:48.8387351Z    Compressing: \\?\D:\a\wootc\wootc\out\branded-preview\tr-TR\Microsoft.ui.xaml.dll.mui
2026-09-27T13:14:48.8391213Z    Compressing: \\?\D:\a\wootc\wootc\out\branded-preview\tr-TR\Microsoft.UI.Xaml.Phone.dll.mui
2026-09-27T13:14:48.8393923Z    Compressing: \\?\D:\a\wootc\wootc\out\branded-preview\tt-RU\Microsoft.ui.xaml.dll.mui
2026-09-27T13:14:48.8398583Z    Compressing: \\?\D:\a\wootc\wootc\out\branded-preview\tt-RU\Microsoft.UI.Xaml.Phone.dll.mui
2026-09-27T13:14:48.8402423Z    Compressing: \\?\D:\a\wootc\wootc\out\branded-preview\ug-CN\Microsoft.ui.xaml.dll.mui
2026-09-27T13:14:48.8406887Z    Compressing: \\?\D:\a\wootc\wootc\out\branded-preview\ug-CN\Microsoft.UI.Xaml.Phone.dll.mui
2026-09-27T13:14:48.8409397Z    Compressing: \\?\D:\a\wootc\wootc\out\branded-preview\uk-UA\Microsoft.ui.xaml.dll.mui
2026-09-27T13:14:48.8414004Z    Compressing: \\?\D:\a\wootc\wootc\out\branded-preview\uk-UA\Microsoft.UI.Xaml.Phone.dll.mui
2026-09-27T13:14:48.8416899Z    Compressing: \\?\D:\a\wootc\wootc\out\branded-preview\ur-PK\Microsoft.ui.xaml.dll.mui
2026-09-27T13:14:48.8421217Z    Compressing: \\?\D:\a\wootc\wootc\out\branded-preview\ur-PK\Microsoft.UI.Xaml.Phone.dll.mui
2026-09-27T13:14:48.8424274Z    Compressing: \\?\D:\a\wootc\wootc\out\branded-preview\uz-Latn-UZ\Microsoft.ui.xaml.dll.mui
2026-09-27T13:14:48.8428573Z    Compressing: \\?\D:\a\wootc\wootc\out\branded-preview\uz-Latn-UZ\Microsoft.UI.Xaml.Phone.dll.mui
2026-09-27T13:14:48.8431217Z    Compressing: \\?\D:\a\wootc\wootc\out\branded-preview\vi-VN\Microsoft.ui.xaml.dll.mui
2026-09-27T13:14:48.8435683Z    Compressing: \\?\D:\a\wootc\wootc\out\branded-preview\vi-VN\Microsoft.UI.Xaml.Phone.dll.mui
2026-09-27T13:14:48.8438315Z    Compressing: \\?\D:\a\wootc\wootc\out\branded-preview\zh-CN\Microsoft.ui.xaml.dll.mui
2026-09-27T13:14:48.8442369Z    Compressing: \\?\D:\a\wootc\wootc\out\branded-preview\zh-CN\Microsoft.UI.Xaml.Phone.dll.mui
2026-09-27T13:14:48.8445245Z    Compressing: \\?\D:\a\wootc\wootc\out\branded-preview\zh-TW\Microsoft.ui.xaml.dll.mui
2026-09-27T13:14:48.8448880Z    Compressing: \\?\D:\a\wootc\wootc\out\branded-preview\zh-TW\Microsoft.UI.Xaml.Phone.dll.mui
2026-09-27T13:14:49.4574739Z    Compressing Setup program executable
2026-09-27T13:14:49.9155841Z    Updating version info (Setup.exe)
2026-09-27T13:14:49.9156286Z    Updating manifest (Setup.exe)
2026-09-27T13:14:49.9157451Z 
2026-09-27T13:14:49.9161088Z 
2026-09-27T13:14:49.9162087Z Successful compile (35.609 sec). Resulting Setup program filename is:
2026-09-27T13:14:49.9163423Z D:\a\wootc\wootc\out\preview-installer\aurora-native-preview-095a45b1abe3e3703b2f830aaf0501a57b1e52a8.exe
2026-09-27T13:14:59.6360859Z   Determining projects to restore...
2026-09-27T13:15:06.2600507Z   Restored D:\a\wootc\wootc\shell\Wootc.Shell.UiTests\Wootc.Shell.UiTests.csproj (in 6.35 sec).
2026-09-27T13:15:07.4771712Z   Wootc.Shell.UiTests -> D:\a\wootc\wootc\shell\Wootc.Shell.UiTests\bin\Release\net8.0-windows10.0.19041.0\Wootc.Shell.UiTests.dll
2026-09-27T13:15:07.4921839Z Test run for D:\a\wootc\wootc\shell\Wootc.Shell.UiTests\bin\Release\net8.0-windows10.0.19041.0\Wootc.Shell.UiTests.dll (.NETCoreApp,Version=v8.0)
2026-09-27T13:15:08.1154117Z A total of 1 test files matched the specified pattern.
2026-09-27T13:15:21.8120153Z Results File: D:\a\wootc\wootc\shell\Wootc.Shell.UiTests\TestResults\installed-aurora.trx
2026-09-27T13:15:21.8123043Z 
2026-09-27T13:15:21.8179509Z Passed!  - Failed:     0, Passed:     1, Skipped:     0, Total:     1, Duration: 12 s - Wootc.Shell.UiTests.dll (net8.0)
2026-09-27T13:15:23.5702591Z PASS actual aurora preview compile/install/brand/startup RPC/uninstall with foreign-file preservation and observed test cleanup
2026-09-27T13:15:23.6145754Z ##[group]Run actions/upload-artifact@v7
2026-09-27T13:15:23.6146122Z with:
2026-09-27T13:15:23.6146349Z   name: winui-preview-package-aurora
2026-09-27T13:15:23.6147000Z   path: out/preview-installer/
out/branded-preview/native-package.json
shell/Wootc.Shell.UiTests/TestResults/*.trx

2026-09-27T13:15:23.6147618Z   if-no-files-found: error
2026-09-27T13:15:23.6147864Z   compression-level: 6
2026-09-27T13:15:23.6148085Z   overwrite: false
2026-09-27T13:15:23.6148300Z   include-hidden-files: false
2026-09-27T13:15:23.6148551Z   archive: true
2026-09-27T13:15:23.6148741Z env:
2026-09-27T13:15:23.6148959Z   DOTNET_ROOT: C:\Program Files\dotnet
2026-09-27T13:15:23.6149232Z   GOTOOLCHAIN: local
2026-09-27T13:15:23.6149441Z ##[endgroup]
2026-09-27T13:15:23.7985734Z Multiple search paths detected. Calculating the least common ancestor of all paths
2026-09-27T13:15:23.7989584Z The least common ancestor is D:\a\wootc\wootc. This will be the root directory of the artifact
2026-09-27T13:15:23.7990340Z With the provided path, there will be 8 files uploaded
2026-09-27T13:15:23.7995795Z Artifact name is valid!
2026-09-27T13:15:23.7998609Z Root directory input is valid!
2026-09-27T13:15:24.3311526Z Uploading artifact: winui-preview-package-aurora.zip
2026-09-27T13:15:24.3358727Z Beginning upload of artifact content to blob storage
2026-09-27T13:15:26.8728860Z Uploaded bytes 8388608
2026-09-27T13:15:27.3039165Z Uploaded bytes 16777216
2026-09-27T13:15:27.3644975Z Uploaded bytes 25165824
2026-09-27T13:15:27.5329184Z Uploaded bytes 33554432
2026-09-27T13:15:27.6168001Z Uploaded bytes 41943040
2026-09-27T13:15:27.9041153Z Uploaded bytes 50331648
2026-09-27T13:15:27.9556219Z Uploaded bytes 58720256
2026-09-27T13:15:28.0598822Z Uploaded bytes 67108864
2026-09-27T13:15:28.2561999Z Uploaded bytes 67908811
2026-09-27T13:15:28.3833641Z Finished uploading artifact content to blob storage!
2026-09-27T13:15:28.3838664Z SHA256 digest of uploaded artifact is 1bd775829f8085fa44b221afb0d3911b4f503801f756a228c5a96d0b5e9b48ca
2026-09-27T13:15:28.3841092Z Finalizing artifact upload
2026-09-27T13:15:28.9386372Z Artifact winui-preview-package-aurora successfully finalized. Artifact ID 10932593108
2026-09-27T13:15:28.9387786Z Artifact winui-preview-package-aurora has been successfully uploaded! Final size is 67908811 bytes. Artifact ID is 10932593108
2026-09-27T13:15:28.9398054Z Artifact download URL: https://github.com/tuna-os/wootc/actions/runs/36321570365/artifacts/10932593108
2026-09-27T13:15:28.9754162Z Post job cleanup.
2026-09-27T13:15:29.2330701Z [command]C:\hostedtoolcache\windows\go\1.26.0\x64\bin\go.exe env GOCACHE
2026-09-27T13:15:29.2415688Z [command]C:\hostedtoolcache\windows\go\1.26.0\x64\bin\go.exe env GOMODCACHE
2026-09-27T13:15:29.2691007Z C:\Users\runneradmin\AppData\Local\go-build
2026-09-27T13:15:29.2757120Z C:\Users\runneradmin\go\pkg\mod
2026-09-27T13:15:29.2787852Z Primary key was not generated. Please check the log messages above for more errors or information
2026-09-27T13:15:29.3070693Z Post job cleanup.
2026-09-27T13:15:29.4869519Z Post job cleanup.
2026-09-27T13:15:29.6985505Z [command]"C:\Program Files\Git\bin\git.exe" version
2026-09-27T13:15:29.7282005Z git version 2.55.0.windows.5
2026-09-27T13:15:29.7360905Z Temporarily overriding HOME='D:\a\_temp\8aab3c61-af92-48bb-b759-37ba2aa938ff' before making global git config changes
2026-09-27T13:15:29.7362749Z Adding repository directory to the temporary git global config as a safe directory
2026-09-27T13:15:29.7372898Z [command]"C:\Program Files\Git\bin\git.exe" config --global --add safe.directory D:\a\wootc\wootc
2026-09-27T13:15:29.7683109Z Removing SSH command configuration
2026-09-27T13:15:29.7693906Z [command]"C:\Program Files\Git\bin\git.exe" config --local --name-only --get-regexp core\.sshCommand
2026-09-27T13:15:29.8003640Z [command]"C:\Program Files\Git\bin\git.exe" submodule foreach --recursive "sh -c \"git config --local --name-only --get-regexp 'core\.sshCommand' && git config --local --unset-all 'core.sshCommand' || :\""
2026-09-27T13:15:30.3377743Z Removing HTTP extra header
2026-09-27T13:15:30.3388236Z [command]"C:\Program Files\Git\bin\git.exe" config --local --name-only --get-regexp http\.https\:\/\/github\.com\/\.extraheader
2026-09-27T13:15:30.3704795Z [command]"C:\Program Files\Git\bin\git.exe" submodule foreach --recursive "sh -c \"git config --local --name-only --get-regexp 'http\.https\:\/\/github\.com\/\.extraheader' && git config --local --unset-all 'http.https://github.com/.extraheader' || :\""
2026-09-27T13:15:30.9189108Z Removing includeIf entries pointing to credentials config files
2026-09-27T13:15:30.9205830Z [command]"C:\Program Files\Git\bin\git.exe" config --local --name-only --get-regexp ^includeIf\.gitdir:
2026-09-27T13:15:30.9481551Z includeif.gitdir:D:/a/wootc/wootc/.git.path
2026-09-27T13:15:30.9482278Z includeif.gitdir:D:/a/wootc/wootc/.git/worktrees/*.path
2026-09-27T13:15:30.9482938Z includeif.gitdir:/github/workspace/.git.path
2026-09-27T13:15:30.9483640Z includeif.gitdir:/github/workspace/.git/worktrees/*.path
2026-09-27T13:15:30.9522102Z [command]"C:\Program Files\Git\bin\git.exe" config --local --get-all includeif.gitdir:D:/a/wootc/wootc/.git.path
2026-09-27T13:15:30.9782172Z D:\a\_temp\git-credentials-423deec0-52f1-49d3-b927-cbefbdd8bb27.config
2026-09-27T13:15:30.9824927Z [command]"C:\Program Files\Git\bin\git.exe" config --local --unset includeif.gitdir:D:/a/wootc/wootc/.git.path D\:\\a\\_temp\\git\-credentials\-423deec0\-52f1\-49d3\-b927\-cbefbdd8bb27\.config
2026-09-27T13:15:31.0174234Z [command]"C:\Program Files\Git\bin\git.exe" config --local --get-all includeif.gitdir:D:/a/wootc/wootc/.git/worktrees/*.path
2026-09-27T13:15:31.0449905Z D:\a\_temp\git-credentials-423deec0-52f1-49d3-b927-cbefbdd8bb27.config
2026-09-27T13:15:31.0493287Z [command]"C:\Program Files\Git\bin\git.exe" config --local --unset includeif.gitdir:D:/a/wootc/wootc/.git/worktrees/*.path D\:\\a\\_temp\\git\-credentials\-423deec0\-52f1\-49d3\-b927\-cbefbdd8bb27\.config
2026-09-27T13:15:31.0799978Z [command]"C:\Program Files\Git\bin\git.exe" config --local --get-all includeif.gitdir:/github/workspace/.git.path
2026-09-27T13:15:31.1059224Z /github/runner_temp/git-credentials-423deec0-52f1-49d3-b927-cbefbdd8bb27.config
2026-09-27T13:15:31.1102952Z [command]"C:\Program Files\Git\bin\git.exe" config --local --unset includeif.gitdir:/github/workspace/.git.path \/github\/runner_temp\/git\-credentials\-423deec0\-52f1\-49d3\-b927\-cbefbdd8bb27\.config
2026-09-27T13:15:31.1404968Z [command]"C:\Program Files\Git\bin\git.exe" config --local --get-all includeif.gitdir:/github/workspace/.git/worktrees/*.path
2026-09-27T13:15:31.1661734Z /github/runner_temp/git-credentials-423deec0-52f1-49d3-b927-cbefbdd8bb27.config
2026-09-27T13:15:31.1708237Z [command]"C:\Program Files\Git\bin\git.exe" config --local --unset includeif.gitdir:/github/workspace/.git/worktrees/*.path \/github\/runner_temp\/git\-credentials\-423deec0\-52f1\-49d3\-b927\-cbefbdd8bb27\.config
2026-09-27T13:15:31.2010960Z [command]"C:\Program Files\Git\bin\git.exe" submodule foreach --recursive "git config --local --show-origin --name-only --get-regexp remote.origin.url"
2026-09-27T13:15:31.7598629Z Removing credentials config 'D:\a\_temp\git-credentials-423deec0-52f1-49d3-b927-cbefbdd8bb27.config'
2026-09-27T13:15:31.7794726Z Cleaning up orphan processes
2026-09-27T13:15:31.8227091Z Terminate orphan process: pid (8532) (dotnet)
2026-09-27T13:15:31.8304941Z Terminate orphan process: pid (7656) (conhost)
2026-09-27T13:15:31.8557959Z Terminate orphan process: pid (2900) (VBCSCompiler)
2026-09-27T13:15:31.8634712Z Terminate orphan process: pid (3492) (conhost)
