2026-09-27T13:02:44.7486039Z Current runner version: '2.337.0'
2026-09-27T13:02:44.7514617Z ##[group]Runner Image Provisioner
2026-09-27T13:02:44.7515471Z Hosted Compute Agent
2026-09-27T13:02:44.7516075Z Version: 20260828.587
2026-09-27T13:02:44.7516691Z Commit: abac92662cab4cc7352de4f9f9d2e2419aad9c29
2026-09-27T13:02:44.7517411Z Build Date: 2026-08-28T16:44:25Z
2026-09-27T13:02:44.7518080Z Worker ID: {e9fcb453-a2aa-41ec-8627-2fccbc12e0db}
2026-09-27T13:02:44.7518775Z Azure Region: northcentralus
2026-09-27T13:02:44.7519364Z ##[endgroup]
2026-09-27T13:02:44.7520773Z ##[group]Operating System
2026-09-27T13:02:44.7521408Z Microsoft Windows Server 2025
2026-09-27T13:02:44.7522048Z 10.0.26100
2026-09-27T13:02:44.7522647Z Datacenter
2026-09-27T13:02:44.7523209Z ##[endgroup]
2026-09-27T13:02:44.7523722Z ##[group]Runner Image
2026-09-27T13:02:44.7524303Z Image: windows-2025-vs2026
2026-09-27T13:02:44.7524885Z Version: 20260922.246.2
2026-09-27T13:02:44.7526480Z Included Software: https://github.com/actions/runner-images/blob/win25-vs2026/20260922.246/images/windows/Windows2025-VS2026-Readme.md
2026-09-27T13:02:44.7528190Z Image Release: https://github.com/actions/runner-images/releases/tag/win25-vs2026%2F20260922.246
2026-09-27T13:02:44.7529388Z ##[endgroup]
2026-09-27T13:02:44.7530613Z ##[group]GITHUB_TOKEN Permissions
2026-09-27T13:02:44.7532950Z Contents: read
2026-09-27T13:02:44.7533614Z Metadata: read
2026-09-27T13:02:44.7534187Z ##[endgroup]
2026-09-27T13:02:44.7536432Z Secret source: Actions
2026-09-27T13:02:44.7537280Z Cache mode: write
2026-09-27T13:02:44.7537945Z Prepare workflow directory
2026-09-27T13:02:44.7906614Z Prepare all required actions
2026-09-27T13:02:44.7955594Z Getting action download info
2026-09-27T13:02:45.0427489Z Download action repository 'actions/checkout@v7' (SHA:3d3c42e5aac5ba805825da76410c181273ba90b1)
2026-09-27T13:02:45.1664229Z Download action repository 'actions/setup-dotnet@v6' (SHA:a98b56852c35b8e3190ac28c8c2271da59106c68)
2026-09-27T13:02:45.5201923Z Download action repository 'actions/setup-go@v7' (SHA:b7ad1dad31e06c5925ef5d2fc7ad053ef454303e)
2026-09-27T13:02:45.8683105Z Download action repository 'actions/upload-artifact@v7' (SHA:043fb46d1a93c77aae656e7c1c64a875d1fc6a0a)
2026-09-27T13:02:46.1047659Z Complete job name: Branded preview package (bazzite)
2026-09-27T13:02:46.2646403Z ##[group]Run actions/checkout@v7
2026-09-27T13:02:46.2648368Z with:
2026-09-27T13:02:46.2648924Z   repository: tuna-os/wootc
2026-09-27T13:02:46.2653209Z   token: ***
2026-09-27T13:02:46.2653763Z   ssh-strict: true
2026-09-27T13:02:46.2654260Z   ssh-user: git
2026-09-27T13:02:46.2654836Z   persist-credentials: true
2026-09-27T13:02:46.2655409Z   clean: true
2026-09-27T13:02:46.2655927Z   sparse-checkout-cone-mode: true
2026-09-27T13:02:46.2656564Z   fetch-depth: 1
2026-09-27T13:02:46.2657059Z   fetch-tags: false
2026-09-27T13:02:46.2657549Z   show-progress: true
2026-09-27T13:02:46.2658150Z   lfs: false
2026-09-27T13:02:46.2658644Z   submodules: false
2026-09-27T13:02:46.2659162Z   set-safe-directory: true
2026-09-27T13:02:46.2659895Z   allow-unsafe-pr-checkout: false
2026-09-27T13:02:46.2660838Z ##[endgroup]
2026-09-27T13:02:46.4335626Z Syncing repository: tuna-os/wootc
2026-09-27T13:02:46.4337884Z ##[group]Getting Git version info
2026-09-27T13:02:46.4338802Z Working directory is 'D:\a\wootc\wootc'
2026-09-27T13:02:46.5226690Z [command]"C:\Program Files\Git\bin\git.exe" version
2026-09-27T13:02:46.7097758Z git version 2.55.0.windows.5
2026-09-27T13:02:46.7154546Z ##[endgroup]
2026-09-27T13:02:46.7170973Z Temporarily overriding HOME='D:\a\_temp\5250b63f-3eea-45e4-a4f3-0d7f2c976b12' before making global git config changes
2026-09-27T13:02:46.7176202Z Adding repository directory to the temporary git global config as a safe directory
2026-09-27T13:02:46.7182763Z [command]"C:\Program Files\Git\bin\git.exe" config --global --add safe.directory D:\a\wootc\wootc
2026-09-27T13:02:46.7540334Z Deleting the contents of 'D:\a\wootc\wootc'
2026-09-27T13:02:46.7548083Z ##[group]Determining repository object format
2026-09-27T13:02:46.7554768Z ##[endgroup]
2026-09-27T13:02:46.7558258Z ##[group]Initializing the repository
2026-09-27T13:02:46.7561902Z [command]"C:\Program Files\Git\bin\git.exe" init D:\a\wootc\wootc
2026-09-27T13:02:46.8165237Z Initialized empty Git repository in D:/a/wootc/wootc/.git/
2026-09-27T13:02:46.8230234Z [command]"C:\Program Files\Git\bin\git.exe" remote add origin https://github.com/tuna-os/wootc
2026-09-27T13:02:46.8620317Z ##[endgroup]
2026-09-27T13:02:46.8712299Z ##[group]Disabling automatic garbage collection
2026-09-27T13:02:46.8717277Z [command]"C:\Program Files\Git\bin\git.exe" config --local gc.auto 0
2026-09-27T13:02:46.8976265Z ##[endgroup]
2026-09-27T13:02:46.8978093Z ##[group]Setting up auth
2026-09-27T13:02:46.8979486Z Removing SSH command configuration
2026-09-27T13:02:46.8988365Z [command]"C:\Program Files\Git\bin\git.exe" config --local --name-only --get-regexp core\.sshCommand
2026-09-27T13:02:46.9334042Z [command]"C:\Program Files\Git\bin\git.exe" submodule foreach --recursive "sh -c \"git config --local --name-only --get-regexp 'core\.sshCommand' && git config --local --unset-all 'core.sshCommand' || :\""
2026-09-27T13:02:48.1164385Z Removing HTTP extra header
2026-09-27T13:02:48.1175382Z [command]"C:\Program Files\Git\bin\git.exe" config --local --name-only --get-regexp http\.https\:\/\/github\.com\/\.extraheader
2026-09-27T13:02:48.1519215Z [command]"C:\Program Files\Git\bin\git.exe" submodule foreach --recursive "sh -c \"git config --local --name-only --get-regexp 'http\.https\:\/\/github\.com\/\.extraheader' && git config --local --unset-all 'http.https://github.com/.extraheader' || :\""
2026-09-27T13:02:48.7284694Z Removing includeIf entries pointing to credentials config files
2026-09-27T13:02:48.7295758Z [command]"C:\Program Files\Git\bin\git.exe" config --local --name-only --get-regexp ^includeIf\.gitdir:
2026-09-27T13:02:48.7622454Z [command]"C:\Program Files\Git\bin\git.exe" submodule foreach --recursive "git config --local --show-origin --name-only --get-regexp remote.origin.url"
2026-09-27T13:02:49.3492272Z [command]"C:\Program Files\Git\bin\git.exe" config --file D:\a\_temp\git-credentials-b1bbc853-90fb-486a-a192-dda18ef06085.config http.https://github.com/.extraheader "AUTHORIZATION: basic ***"
2026-09-27T13:02:49.3840258Z [command]"C:\Program Files\Git\bin\git.exe" config --local includeIf.gitdir:D:/a/wootc/wootc/.git.path D:\a\_temp\git-credentials-b1bbc853-90fb-486a-a192-dda18ef06085.config
2026-09-27T13:02:49.4191590Z [command]"C:\Program Files\Git\bin\git.exe" config --local includeIf.gitdir:D:/a/wootc/wootc/.git/worktrees/*.path D:\a\_temp\git-credentials-b1bbc853-90fb-486a-a192-dda18ef06085.config
2026-09-27T13:02:49.4544119Z [command]"C:\Program Files\Git\bin\git.exe" config --local includeIf.gitdir:/github/workspace/.git.path /github/runner_temp/git-credentials-b1bbc853-90fb-486a-a192-dda18ef06085.config
2026-09-27T13:02:49.4888678Z [command]"C:\Program Files\Git\bin\git.exe" config --local includeIf.gitdir:/github/workspace/.git/worktrees/*.path /github/runner_temp/git-credentials-b1bbc853-90fb-486a-a192-dda18ef06085.config
2026-09-27T13:02:49.5243121Z ##[endgroup]
2026-09-27T13:02:49.5243871Z ##[group]Fetching the repository
2026-09-27T13:02:49.5260277Z [command]"C:\Program Files\Git\bin\git.exe" -c protocol.version=2 fetch --no-tags --prune --no-recurse-submodules --depth=1 origin +9ab2148d5316e4661fd5f0f6c895e7fe077d689d:refs/remotes/pull/450/merge
2026-09-27T13:02:50.4772672Z From https://github.com/tuna-os/wootc
2026-09-27T13:02:50.4776341Z  * [new ref]         9ab2148d5316e4661fd5f0f6c895e7fe077d689d -> pull/450/merge
2026-09-27T13:02:50.4820458Z ##[endgroup]
2026-09-27T13:02:50.4821428Z ##[group]Determining the checkout info
2026-09-27T13:02:50.4822383Z ##[endgroup]
2026-09-27T13:02:50.4833289Z [command]"C:\Program Files\Git\bin\git.exe" sparse-checkout disable
2026-09-27T13:02:50.5253562Z [command]"C:\Program Files\Git\bin\git.exe" config --local --unset-all extensions.worktreeConfig
2026-09-27T13:02:50.5608044Z ##[group]Checking out the ref
2026-09-27T13:02:50.5621189Z [command]"C:\Program Files\Git\bin\git.exe" checkout --progress --force refs/remotes/pull/450/merge
2026-09-27T13:02:50.8933417Z Note: switching to 'refs/remotes/pull/450/merge'.
2026-09-27T13:02:50.8934030Z 
2026-09-27T13:02:50.8934448Z You are in 'detached HEAD' state. You can look around, make experimental
2026-09-27T13:02:50.8935348Z changes and commit them, and you can discard any commits you make in this
2026-09-27T13:02:50.8936291Z state without impacting any branches by switching back to a branch.
2026-09-27T13:02:50.8936787Z 
2026-09-27T13:02:50.8937167Z If you want to create a new branch to retain commits you create, you may
2026-09-27T13:02:50.8937989Z do so (now or later) by using -c with the switch command. Example:
2026-09-27T13:02:50.8938490Z 
2026-09-27T13:02:50.8938659Z   git switch -c <new-branch-name>
2026-09-27T13:02:50.8938985Z 
2026-09-27T13:02:50.8939152Z Or undo this operation with:
2026-09-27T13:02:50.8939489Z 
2026-09-27T13:02:50.8939620Z   git switch -
2026-09-27T13:02:50.8939848Z 
2026-09-27T13:02:50.8940218Z Turn off this advice by setting config variable advice.detachedHead to false
2026-09-27T13:02:50.8940769Z 
2026-09-27T13:02:50.8941455Z HEAD is now at 9ab2148 Merge bda4c7f94a96b14ab47c061c6ec0cb8ad7f51165 into c5b5b2ac38ccf5df5eaf5fecb20398fcda9aef53
2026-09-27T13:02:50.9023743Z ##[endgroup]
2026-09-27T13:02:50.9408136Z [command]"C:\Program Files\Git\bin\git.exe" log -1 --format=%H
2026-09-27T13:02:50.9715315Z 9ab2148d5316e4661fd5f0f6c895e7fe077d689d
2026-09-27T13:02:51.0216494Z ##[group]Run actions/setup-dotnet@v6
2026-09-27T13:02:51.0216840Z with:
2026-09-27T13:02:51.0217047Z   global-json-file: shell/global.json
2026-09-27T13:02:51.0217320Z   cache: false
2026-09-27T13:02:51.0217501Z ##[endgroup]
2026-09-27T13:02:51.3031633Z [command]"C:\Program Files\PowerShell\7\pwsh.exe" -NoLogo -Sta -NoProfile -NonInteractive -ExecutionPolicy Unrestricted -Command & 'D:\a\_actions\actions\setup-dotnet\v6\externals\install-dotnet.ps1' -SkipNonVersionedFiles -Runtime dotnet -Channel LTS
2026-09-27T13:02:52.7638137Z dotnet-install: .NET Core Runtime with version '10.0.12' is already installed.
2026-09-27T13:02:52.9342321Z [command]"C:\Program Files\PowerShell\7\pwsh.exe" -NoLogo -Sta -NoProfile -NonInteractive -ExecutionPolicy Unrestricted -Command & 'D:\a\_actions\actions\setup-dotnet\v6\externals\install-dotnet.ps1' -SkipNonVersionedFiles -Version 8.0.425
2026-09-27T13:02:53.6857844Z dotnet-install: .NET Core SDK with version '8.0.425' is already installed.
2026-09-27T13:02:53.7986106Z ##[group]Run actions/setup-go@v7
2026-09-27T13:02:53.7986420Z with:
2026-09-27T13:02:53.7986617Z   go-version-file: app/go.mod
2026-09-27T13:02:53.7986848Z   check-latest: false
2026-09-27T13:02:53.7989272Z   token: ***
2026-09-27T13:02:53.7989454Z   cache: true
2026-09-27T13:02:53.7989630Z env:
2026-09-27T13:02:53.7989806Z   DOTNET_ROOT: C:\Program Files\dotnet
2026-09-27T13:02:53.7990046Z ##[endgroup]
2026-09-27T13:02:53.9585838Z Setup go version spec 1.26.0
2026-09-27T13:02:53.9598092Z Attempting to download 1.26.0...
2026-09-27T13:02:54.5724668Z matching 1.26.0...
2026-09-27T13:02:54.5743440Z Acquiring 1.26.0 from https://github.com/actions/go-versions/releases/download/1.26.0-21889650668/go-1.26.0-win32-x64.zip
2026-09-27T13:02:55.1570323Z Extracting Go...
2026-09-27T13:02:55.2514076Z [command]"C:\Program Files\PowerShell\7\pwsh.exe" -NoLogo -NoProfile -NonInteractive -ExecutionPolicy Unrestricted -Command "$ErrorActionPreference = 'Stop' ; try { Add-Type -AssemblyName System.IO.Compression.ZipFile } catch { } ; try { [System.IO.Compression.ZipFile]::ExtractToDirectory('D:\a\_temp\go-1.26.0-win32-x64.zip', 'D:\a\_temp\15ff5b8f-4fb2-49ec-907c-6318cefaedf8', $true) } catch { if (($_.Exception.GetType().FullName -eq 'System.Management.Automation.MethodException') -or ($_.Exception.GetType().FullName -eq 'System.Management.Automation.RuntimeException') ){ Expand-Archive -LiteralPath 'D:\a\_temp\go-1.26.0-win32-x64.zip' -DestinationPath 'D:\a\_temp\15ff5b8f-4fb2-49ec-907c-6318cefaedf8' -Force } else { throw $_ } } ;"
2026-09-27T13:03:00.2152422Z Successfully extracted go to D:\a\_temp\15ff5b8f-4fb2-49ec-907c-6318cefaedf8
2026-09-27T13:03:00.2153194Z Adding to the cache ...
2026-09-27T13:03:11.5608393Z Created link C:\hostedtoolcache\windows\go\1.26.0\x64 => D:\hostedtoolcache\windows\go\1.26.0\x64
2026-09-27T13:03:11.5614058Z Created link C:\hostedtoolcache\windows\go\1.26.0\x64.complete => D:\hostedtoolcache\windows\go\1.26.0\x64.complete
2026-09-27T13:03:11.5615422Z Successfully cached go to C:\hostedtoolcache\windows\go\1.26.0\x64
2026-09-27T13:03:11.5622114Z Added go to the path
2026-09-27T13:03:11.5623701Z Successfully set up Go version 1.26.0
2026-09-27T13:03:11.9369679Z [command]C:\hostedtoolcache\windows\go\1.26.0\x64\bin\go.exe env GOCACHE
2026-09-27T13:03:11.9427325Z [command]C:\hostedtoolcache\windows\go\1.26.0\x64\bin\go.exe env GOMODCACHE
2026-09-27T13:03:11.9699572Z C:\Users\runneradmin\AppData\Local\go-build
2026-09-27T13:03:11.9736125Z C:\Users\runneradmin\go\pkg\mod
2026-09-27T13:03:11.9780408Z ##[warning]Restore cache failed: Dependencies file is not found in D:\a\wootc\wootc. Supported file pattern: go.mod
2026-09-27T13:03:11.9794754Z go version go1.26.0 windows/amd64
2026-09-27T13:03:11.9794959Z 
2026-09-27T13:03:11.9795253Z ##[group]go env
2026-09-27T13:03:14.9017337Z set AR=ar
2026-09-27T13:03:14.9017589Z set CC=gcc
2026-09-27T13:03:14.9017884Z set CGO_CFLAGS=-O2 -g
2026-09-27T13:03:14.9018183Z set CGO_CPPFLAGS=
2026-09-27T13:03:14.9018440Z set CGO_CXXFLAGS=-O2 -g
2026-09-27T13:03:14.9018685Z set CGO_ENABLED=1
2026-09-27T13:03:14.9018897Z set CGO_FFLAGS=-O2 -g
2026-09-27T13:03:14.9019123Z set CGO_LDFLAGS=-O2 -g
2026-09-27T13:03:14.9019328Z set CXX=g++
2026-09-27T13:03:14.9019510Z set GCCGO=gccgo
2026-09-27T13:03:14.9019701Z set GO111MODULE=
2026-09-27T13:03:14.9019885Z set GOAMD64=v1
2026-09-27T13:03:14.9020069Z set GOARCH=amd64
2026-09-27T13:03:14.9020278Z set GOAUTH=netrc
2026-09-27T13:03:14.9020464Z set GOBIN=
2026-09-27T13:03:14.9020751Z set GOCACHE=C:\Users\runneradmin\AppData\Local\go-build
2026-09-27T13:03:14.9021070Z set GOCACHEPROG=
2026-09-27T13:03:14.9021255Z set GODEBUG=
2026-09-27T13:03:14.9021524Z set GOENV=C:\Users\runneradmin\AppData\Roaming\go\env
2026-09-27T13:03:14.9021828Z set GOEXE=.exe
2026-09-27T13:03:14.9022027Z set GOEXPERIMENT=
2026-09-27T13:03:14.9022239Z set GOFIPS140=off
2026-09-27T13:03:14.9022428Z set GOFLAGS=
2026-09-27T13:03:14.9026173Z set GOGCCFLAGS=-m64 -mthreads -Wl,--no-gc-sections -fmessage-length=0 -ffile-prefix-map=C:\Users\RUNNER~1\AppData\Local\Temp\go-build2961612346=/tmp/go-build -gno-record-gcc-switches
2026-09-27T13:03:14.9027275Z set GOHOSTARCH=amd64
2026-09-27T13:03:14.9027542Z set GOHOSTOS=windows
2026-09-27T13:03:14.9027747Z set GOINSECURE=
2026-09-27T13:03:14.9027953Z set GOMOD=NUL
2026-09-27T13:03:14.9028199Z set GOMODCACHE=C:\Users\runneradmin\go\pkg\mod
2026-09-27T13:03:14.9028481Z set GONOPROXY=
2026-09-27T13:03:14.9028674Z set GONOSUMDB=
2026-09-27T13:03:14.9028862Z set GOOS=windows
2026-09-27T13:03:14.9029115Z set GOPATH=C:\Users\runneradmin\go
2026-09-27T13:03:14.9029402Z set GOPRIVATE=
2026-09-27T13:03:14.9029729Z set GOPROXY=https://proxy.golang.org,direct
2026-09-27T13:03:14.9030105Z set GOROOT=C:\hostedtoolcache\windows\go\1.26.0\x64
2026-09-27T13:03:14.9030429Z set GOSUMDB=sum.golang.org
2026-09-27T13:03:14.9030662Z set GOTELEMETRY=local
2026-09-27T13:03:14.9031020Z set GOTELEMETRYDIR=C:\Users\runneradmin\AppData\Roaming\go\telemetry
2026-09-27T13:03:14.9031632Z set GOTMPDIR=
2026-09-27T13:03:14.9031832Z set GOTOOLCHAIN=local
2026-09-27T13:03:14.9032208Z set GOTOOLDIR=C:\hostedtoolcache\windows\go\1.26.0\x64\pkg\tool\windows_amd64
2026-09-27T13:03:14.9032589Z set GOVCS=
2026-09-27T13:03:14.9032774Z set GOVERSION=go1.26.0
2026-09-27T13:03:14.9032966Z set GOWORK=
2026-09-27T13:03:14.9033170Z set PKG_CONFIG=pkg-config
2026-09-27T13:03:14.9033312Z 
2026-09-27T13:03:14.9033858Z ##[endgroup]
2026-09-27T13:03:14.9420689Z ##[group]Run dotnet publish shell/Wootc.Shell/Wootc.Shell.csproj --configuration Release --runtime win-x64 -p:Platform=x64 -p:NativeBuildId=9ab2148d5316e4661fd5f0f6c895e7fe077d689d -p:NativeBrandId=bazzite --output out/branded-preview
2026-09-27T13:03:14.9422631Z [36;1mdotnet publish shell/Wootc.Shell/Wootc.Shell.csproj --configuration Release --runtime win-x64 -p:Platform=x64 -p:NativeBuildId=9ab2148d5316e4661fd5f0f6c895e7fe077d689d -p:NativeBrandId=bazzite --output out/branded-preview[0m
2026-09-27T13:03:14.9423755Z [36;1mif ($LASTEXITCODE -ne 0) { throw 'Branded native publish refused' }[0m
2026-09-27T13:03:14.9424261Z [36;1mNew-Item -ItemType Directory -Force app/frontend/dist | Out-Null[0m
2026-09-27T13:03:14.9424854Z [36;1mSet-Content app/frontend/dist/index.html '<!doctype html><title>Native engine preview</title>'[0m
2026-09-27T13:03:14.9425339Z [36;1mPush-Location app[0m
2026-09-27T13:03:14.9426176Z [36;1mtry { go build -ldflags "-X main.nativeBuildID=9ab2148d5316e4661fd5f0f6c895e7fe077d689d -X main.brandID=bazzite" -o ../out/branded-preview/wootc-engine.exe . } finally { Pop-Location }[0m
2026-09-27T13:03:14.9427117Z [36;1mif ($LASTEXITCODE -ne 0) { throw 'Branded engine build refused' }[0m
2026-09-27T13:03:14.9562476Z shell: C:\Program Files\PowerShell\7\pwsh.EXE -command ". '{0}'"
2026-09-27T13:03:14.9562897Z env:
2026-09-27T13:03:14.9563117Z   DOTNET_ROOT: C:\Program Files\dotnet
2026-09-27T13:03:14.9563397Z   GOTOOLCHAIN: local
2026-09-27T13:03:14.9563610Z ##[endgroup]
2026-09-27T13:03:21.4445609Z   Determining projects to restore...
2026-09-27T13:03:23.3498152Z   Restored D:\a\wootc\wootc\shell\Wootc.Shell.Core\Wootc.Shell.Core.csproj (in 221 ms).
2026-09-27T13:03:32.1054522Z   Restored D:\a\wootc\wootc\shell\Wootc.Shell.Native\Wootc.Shell.Native.csproj (in 9.07 sec).
2026-09-27T13:03:54.9426904Z   Restored D:\a\wootc\wootc\shell\Wootc.Shell\Wootc.Shell.csproj (in 31.91 sec).
2026-09-27T13:04:03.2545110Z   Wootc.Shell.Core -> D:\a\wootc\wootc\shell\Wootc.Shell.Core\bin\x64\Release\net8.0\Wootc.Shell.Core.dll
2026-09-27T13:04:04.5335211Z   Wootc.Shell.Native -> D:\a\wootc\wootc\shell\Wootc.Shell.Native\bin\x64\Release\net8.0-windows10.0.19041.0\Wootc.Shell.Native.dll
2026-09-27T13:04:17.3905221Z   Wootc.Shell -> D:\a\wootc\wootc\shell\Wootc.Shell\bin\x64\Release\net8.0-windows10.0.19041.0\win-x64\Wootc.Shell.dll
2026-09-27T13:04:19.2955353Z   Wootc.Shell -> D:\a\wootc\wootc\out\branded-preview\
2026-09-27T13:04:19.9537961Z go: downloading github.com/tredoe/osutil v1.5.0
2026-09-27T13:04:19.9550357Z go: downloading github.com/wailsapp/wails/v2 v2.16.0
2026-09-27T13:04:22.2019940Z go: downloading golang.org/x/crypto v0.57.0
2026-09-27T13:04:22.2020897Z go: downloading golang.org/x/mod v0.41.0
2026-09-27T13:04:22.2022539Z go: downloading golang.org/x/sys v0.48.0
2026-09-27T13:04:23.3465031Z go: downloading github.com/leaanthony/u v1.1.1
2026-09-27T13:04:23.3484849Z go: downloading github.com/leaanthony/slicer v1.6.0
2026-09-27T13:04:23.4222579Z go: downloading github.com/leaanthony/go-ansi-parser v1.6.1
2026-09-27T13:04:23.4255823Z go: downloading github.com/pkg/errors v0.9.1
2026-09-27T13:04:23.4262561Z go: downloading github.com/wailsapp/go-webview2 v1.0.22
2026-09-27T13:04:23.4761173Z go: downloading github.com/rivo/uniseg v0.4.7
2026-09-27T13:04:42.9431737Z ##[group]Run ./shell/packaging/test-installed-preview.ps1 -BrandId 'bazzite' -BuildId '9ab2148d5316e4661fd5f0f6c895e7fe077d689d' -PackageDirectory out/branded-preview -OutputDirectory out/preview-installer
2026-09-27T13:04:42.9433372Z [36;1m./shell/packaging/test-installed-preview.ps1 -BrandId 'bazzite' -BuildId '9ab2148d5316e4661fd5f0f6c895e7fe077d689d' -PackageDirectory out/branded-preview -OutputDirectory out/preview-installer[0m
2026-09-27T13:04:42.9507213Z shell: C:\Program Files\PowerShell\7\pwsh.EXE -command ". '{0}'"
2026-09-27T13:04:42.9507562Z env:
2026-09-27T13:04:42.9507750Z   DOTNET_ROOT: C:\Program Files\dotnet
2026-09-27T13:04:42.9508945Z   GOTOOLCHAIN: local
2026-09-27T13:04:42.9509145Z ##[endgroup]
2026-09-27T13:04:44.2085582Z PASS actual root-reparse mutant accepts unsafe path; exact source restored and refuses it
2026-09-27T13:04:44.2496694Z PASS actual manifest writer, exclusive preservation, missing resources, wrong brand, root/child reparse refusals
2026-09-27T13:04:47.5988608Z Inno Setup 7 Command-Line Compiler
2026-09-27T13:04:47.5989324Z Copyright (C) 1997-2026 Jordan Russell. All rights reserved.
2026-09-27T13:04:47.5990155Z Portions Copyright (C) 2000-2026 Martijn Laan. All rights reserved.
2026-09-27T13:04:47.5991039Z Portions Copyright (C) 2001-2004 Alex Yackimoff. All rights reserved.
2026-09-27T13:04:47.5991735Z https://www.innosetup.com
2026-09-27T13:04:47.5991996Z 
2026-09-27T13:04:47.6215446Z Compiler engine version: Inno Setup 7.1.0
2026-09-27T13:04:47.6215981Z Non-commercial use only
2026-09-27T13:04:47.6216129Z 
2026-09-27T13:04:47.6406240Z Preprocessing
2026-09-27T13:04:47.6409495Z    Reading file: C:\Users\RUNNER~1\AppData\Local\Temp\wootc-preview-packaging-1ff3ff98b76b412ab8b6e68737b422e5\compiler\ISPPBuiltins.iss
2026-09-27T13:04:47.6419925Z Parsing [Setup] section, line 21
2026-09-27T13:04:47.6420641Z Parsing [Setup] section, line 22
2026-09-27T13:04:47.6421104Z Parsing [Setup] section, line 23
2026-09-27T13:04:47.6421556Z Parsing [Setup] section, line 24
2026-09-27T13:04:47.6422020Z Parsing [Setup] section, line 25
2026-09-27T13:04:47.6422432Z Parsing [Setup] section, line 26
2026-09-27T13:04:47.6422833Z Parsing [Setup] section, line 27
2026-09-27T13:04:47.6423465Z Parsing [Setup] section, line 28
2026-09-27T13:04:47.6424020Z Parsing [Setup] section, line 29
2026-09-27T13:04:47.6424510Z Parsing [Setup] section, line 30
2026-09-27T13:04:47.6424990Z Parsing [Setup] section, line 31
2026-09-27T13:04:47.6425470Z Parsing [Setup] section, line 32
2026-09-27T13:04:47.6425942Z Parsing [Setup] section, line 33
2026-09-27T13:04:47.6426412Z Parsing [Setup] section, line 34
2026-09-27T13:04:47.6426884Z Parsing [Setup] section, line 35
2026-09-27T13:04:47.6427336Z Parsing [Setup] section, line 36
2026-09-27T13:04:47.6427781Z Parsing [Setup] section, line 37
2026-09-27T13:04:47.6428236Z Parsing [Setup] section, line 38
2026-09-27T13:04:47.6428680Z Parsing [Setup] section, line 39
2026-09-27T13:04:47.6429142Z Reading file (WizardImageFile)
2026-09-27T13:04:47.6429623Z Reading file (WizardSmallImageFile)
2026-09-27T13:04:47.6430133Z Preparing Setup program executable
2026-09-27T13:04:47.6793236Z    Verification successful
2026-09-27T13:04:47.6817849Z    Updating icons (Setup.e32)
2026-09-27T13:04:47.6904515Z    Updating version info (Setup.e32)
2026-09-27T13:04:47.6920247Z Determining language code pages
2026-09-27T13:04:47.6921360Z    Reading file: C:\Users\RUNNER~1\AppData\Local\Temp\wootc-preview-packaging-1ff3ff98b76b412ab8b6e68737b422e5\compiler\Default.isl
2026-09-27T13:04:47.6926399Z    Messages in script file
2026-09-27T13:04:47.6927093Z Reading default messages from Default.isl
2026-09-27T13:04:47.6933158Z Parsing [LangOptions], [Messages], and [CustomMessages] sections
2026-09-27T13:04:47.6934343Z    Reading file: C:\Users\RUNNER~1\AppData\Local\Temp\wootc-preview-packaging-1ff3ff98b76b412ab8b6e68737b422e5\compiler\Default.isl
2026-09-27T13:04:47.6935605Z    Messages in script file
2026-09-27T13:04:47.6939865Z Reading [Code] section
2026-09-27T13:04:47.6940274Z Parsing [Icons] section, line 45
2026-09-27T13:04:47.6940635Z Parsing [Files] section, line 42
2026-09-27T13:04:47.7012693Z Compiling [Code] section
2026-09-27T13:04:47.7075355Z Creating setup files
2026-09-27T13:04:47.7159260Z    Verification successful
2026-09-27T13:04:47.7167216Z    Updating icons (Setup.exe)
2026-09-27T13:04:47.7198133Z    Compressing: \\?\D:\a\wootc\wootc\out\branded-preview\clretwrc.dll
2026-09-27T13:04:47.7232766Z    Compressing: \\?\D:\a\wootc\wootc\out\branded-preview\clrgc.dll
2026-09-27T13:04:47.7298621Z    Compressing: \\?\D:\a\wootc\wootc\out\branded-preview\clrjit.dll
2026-09-27T13:04:47.7508496Z    Compressing: \\?\D:\a\wootc\wootc\out\branded-preview\coreclr.dll
2026-09-27T13:04:47.7990314Z    Compressing: \\?\D:\a\wootc\wootc\out\branded-preview\CoreMessagingXP.dll
2026-09-27T13:04:47.8095687Z    Compressing: \\?\D:\a\wootc\wootc\out\branded-preview\createdump.exe
2026-09-27T13:04:47.8105821Z    Compressing: \\?\D:\a\wootc\wootc\out\branded-preview\dcompi.dll
2026-09-27T13:04:47.8559115Z    Compressing: \\?\D:\a\wootc\wootc\out\branded-preview\DirectML.dll
2026-09-27T13:04:51.5357992Z    Compressing: \\?\D:\a\wootc\wootc\out\branded-preview\dwmcorei.dll
2026-09-27T13:04:51.5632463Z    Compressing: \\?\D:\a\wootc\wootc\out\branded-preview\DwmSceneI.dll
2026-09-27T13:04:52.2151123Z    Compressing: \\?\D:\a\wootc\wootc\out\branded-preview\DWriteCore.dll
2026-09-27T13:04:52.2545738Z    Compressing: \\?\D:\a\wootc\wootc\out\branded-preview\hostfxr.dll
2026-09-27T13:04:52.2581982Z    Compressing: \\?\D:\a\wootc\wootc\out\branded-preview\hostpolicy.dll
2026-09-27T13:04:52.2623260Z    Compressing: \\?\D:\a\wootc\wootc\out\branded-preview\marshal.dll
2026-09-27T13:04:52.2701606Z    Compressing: \\?\D:\a\wootc\wootc\out\branded-preview\Microsoft.Asg.SemanticIndex.AiFabric.Compatibility.dll
2026-09-27T13:04:53.0592172Z    Compressing: \\?\D:\a\wootc\wootc\out\branded-preview\Microsoft.CSharp.dll
2026-09-27T13:04:53.0716395Z    Compressing: \\?\D:\a\wootc\wootc\out\branded-preview\Microsoft.DiaSymReader.Native.amd64.dll
2026-09-27T13:04:53.8951122Z    Compressing: \\?\D:\a\wootc\wootc\out\branded-preview\Microsoft.DirectManipulation.dll
2026-09-27T13:04:53.9012990Z    Compressing: \\?\D:\a\wootc\wootc\out\branded-preview\Microsoft.Foundation.winmd
2026-09-27T13:04:53.9014851Z    Compressing: \\?\D:\a\wootc\wootc\out\branded-preview\Microsoft.Graphics.Display.dll
2026-09-27T13:04:53.9036745Z    Compressing: \\?\D:\a\wootc\wootc\out\branded-preview\Microsoft.Graphics.Imaging.dll
2026-09-27T13:04:53.9050872Z    Compressing: \\?\D:\a\wootc\wootc\out\branded-preview\Microsoft.Graphics.Imaging.Projection.dll
2026-09-27T13:04:53.9054147Z    Compressing: \\?\D:\a\wootc\wootc\out\branded-preview\Microsoft.Graphics.Imaging.winmd
2026-09-27T13:04:53.9057272Z    Compressing: \\?\D:\a\wootc\wootc\out\branded-preview\Microsoft.Graphics.ImagingInternal.ImageObjectRemover.winmd
2026-09-27T13:04:53.9058884Z    Compressing: \\?\D:\a\wootc\wootc\out\branded-preview\Microsoft.Graphics.ImagingInternal.winmd
2026-09-27T13:04:53.9061655Z    Compressing: \\?\D:\a\wootc\wootc\out\branded-preview\Microsoft.Graphics.Internal.Imaging.winmd
2026-09-27T13:04:53.9064043Z    Compressing: \\?\D:\a\wootc\wootc\out\branded-preview\Microsoft.Graphics.winmd
2026-09-27T13:04:53.9066773Z    Compressing: \\?\D:\a\wootc\wootc\out\branded-preview\Microsoft.InputStateManager.dll
2026-09-27T13:04:53.9110279Z    Compressing: \\?\D:\a\wootc\wootc\out\branded-preview\Microsoft.InteractiveExperiences.Projection.dll
2026-09-27T13:04:54.7082049Z    Compressing: \\?\D:\a\wootc\wootc\out\branded-preview\Microsoft.Internal.FrameworkUdk.dll
2026-09-27T13:04:54.7216407Z    Compressing: \\?\D:\a\wootc\wootc\out\branded-preview\Microsoft.ML.OnnxRuntime.dll
2026-09-27T13:04:54.7250874Z    Compressing: \\?\D:\a\wootc\wootc\out\branded-preview\Microsoft.Security.Authentication.OAuth.Projection.dll
2026-09-27T13:04:54.7259915Z    Compressing: \\?\D:\a\wootc\wootc\out\branded-preview\Microsoft.Security.Authentication.OAuth.winmd
2026-09-27T13:04:54.7261805Z    Compressing: \\?\D:\a\wootc\wootc\out\branded-preview\Microsoft.UI.Composition.OSSupport.dll
2026-09-27T13:04:54.7269021Z    Compressing: \\?\D:\a\wootc\wootc\out\branded-preview\Microsoft.UI.Designer.dll
2026-09-27T13:04:54.7280552Z    Compressing: \\?\D:\a\wootc\wootc\out\branded-preview\Microsoft.UI.dll
2026-09-27T13:04:54.7297944Z    Compressing: \\?\D:\a\wootc\wootc\out\branded-preview\Microsoft.UI.Input.dll
2026-09-27T13:04:54.7451172Z    Compressing: \\?\D:\a\wootc\wootc\out\branded-preview\Microsoft.UI.pri
2026-09-27T13:04:54.7460824Z    Compressing: \\?\D:\a\wootc\wootc\out\branded-preview\Microsoft.UI.Text.winmd
2026-09-27T13:04:54.7465058Z    Compressing: \\?\D:\a\wootc\wootc\out\branded-preview\Microsoft.UI.Windowing.Core.dll
2026-09-27T13:04:54.7557674Z    Compressing: \\?\D:\a\wootc\wootc\out\branded-preview\Microsoft.UI.Windowing.dll
2026-09-27T13:04:54.7636047Z    Compressing: \\?\D:\a\wootc\wootc\out\branded-preview\Microsoft.UI.winmd
2026-09-27T13:04:55.4626308Z    Compressing: \\?\D:\a\wootc\wootc\out\branded-preview\Microsoft.UI.Xaml.Controls.dll
2026-09-27T13:04:56.3298079Z    Compressing: \\?\D:\a\wootc\wootc\out\branded-preview\Microsoft.UI.Xaml.Controls.pri
2026-09-27T13:04:56.3480628Z    Compressing: \\?\D:\a\wootc\wootc\out\branded-preview\Microsoft.ui.xaml.dll
2026-09-27T13:04:59.0229180Z    Compressing: \\?\D:\a\wootc\wootc\out\branded-preview\Microsoft.UI.Xaml.Internal.dll
2026-09-27T13:04:59.7297295Z    Compressing: \\?\D:\a\wootc\wootc\out\branded-preview\Microsoft.UI.Xaml.Phone.dll
2026-09-27T13:04:59.7456768Z    Compressing: \\?\D:\a\wootc\wootc\out\branded-preview\Microsoft.ui.xaml.resources.19h1.dll
2026-09-27T13:04:59.7613712Z    Compressing: \\?\D:\a\wootc\wootc\out\branded-preview\Microsoft.ui.xaml.resources.common.dll
2026-09-27T13:04:59.7619524Z    Compressing: \\?\D:\a\wootc\wootc\out\branded-preview\Microsoft.UI.Xaml.winmd
2026-09-27T13:04:59.7794120Z    Compressing: \\?\D:\a\wootc\wootc\out\branded-preview\Microsoft.VisualBasic.Core.dll
2026-09-27T13:05:00.3983789Z    Compressing: \\?\D:\a\wootc\wootc\out\branded-preview\Microsoft.VisualBasic.dll
2026-09-27T13:05:00.3987256Z    Compressing: \\?\D:\a\wootc\wootc\out\branded-preview\Microsoft.Web.WebView2.Core.dll
2026-09-27T13:05:00.4082278Z    Compressing: \\?\D:\a\wootc\wootc\out\branded-preview\Microsoft.Web.WebView2.Core.Projection.dll
2026-09-27T13:05:00.4151433Z    Compressing: \\?\D:\a\wootc\wootc\out\branded-preview\Microsoft.Win32.Primitives.dll
2026-09-27T13:05:00.4155171Z    Compressing: \\?\D:\a\wootc\wootc\out\branded-preview\Microsoft.Win32.Registry.dll
2026-09-27T13:05:00.4167407Z    Compressing: \\?\D:\a\wootc\wootc\out\branded-preview\Microsoft.Windows.AI.AICapabilities.dll
2026-09-27T13:05:00.4178919Z    Compressing: \\?\D:\a\wootc\wootc\out\branded-preview\Microsoft.Windows.AI.ContentModerationInternal.winmd
2026-09-27T13:05:00.4180906Z    Compressing: \\?\D:\a\wootc\wootc\out\branded-preview\Microsoft.Windows.AI.ContentSafety.dll
2026-09-27T13:05:00.4191379Z    Compressing: \\?\D:\a\wootc\wootc\out\branded-preview\Microsoft.Windows.AI.ContentSafety.Projection.dll
2026-09-27T13:05:00.4195788Z    Compressing: \\?\D:\a\wootc\wootc\out\branded-preview\Microsoft.Windows.AI.ContentSafety.winmd
2026-09-27T13:05:00.4198235Z    Compressing: \\?\D:\a\wootc\wootc\out\branded-preview\Microsoft.Windows.AI.Foundation.Projection.dll
2026-09-27T13:05:00.4201265Z    Compressing: \\?\D:\a\wootc\wootc\out\branded-preview\Microsoft.Windows.AI.Foundation.winmd
2026-09-27T13:05:00.4203264Z    Compressing: \\?\D:\a\wootc\wootc\out\branded-preview\Microsoft.Windows.AI.FoundationInternal.winmd
2026-09-27T13:05:00.4205147Z    Compressing: \\?\D:\a\wootc\wootc\out\branded-preview\Microsoft.Windows.AI.GenerativeInternal.winmd
2026-09-27T13:05:00.4207846Z    Compressing: \\?\D:\a\wootc\wootc\out\branded-preview\Microsoft.Windows.AI.Imaging.dll
2026-09-27T13:05:00.4281239Z    Compressing: \\?\D:\a\wootc\wootc\out\branded-preview\Microsoft.Windows.AI.Imaging.Projection.dll
2026-09-27T13:05:00.4289073Z    Compressing: \\?\D:\a\wootc\wootc\out\branded-preview\Microsoft.Windows.AI.Imaging.winmd
2026-09-27T13:05:00.4291725Z    Compressing: \\?\D:\a\wootc\wootc\out\branded-preview\Microsoft.Windows.AI.MachineLearning.dll
2026-09-27T13:05:00.4375786Z    Compressing: \\?\D:\a\wootc\wootc\out\branded-preview\Microsoft.Windows.AI.MachineLearning.Projection.dll
2026-09-27T13:05:00.4385177Z    Compressing: \\?\D:\a\wootc\wootc\out\branded-preview\Microsoft.Windows.AI.Projection.dll
2026-09-27T13:05:00.4389414Z    Compressing: \\?\D:\a\wootc\wootc\out\branded-preview\Microsoft.Windows.AI.Search.Experimental.dll
2026-09-27T13:05:01.0318651Z    Compressing: \\?\D:\a\wootc\wootc\out\branded-preview\Microsoft.Windows.AI.Text.dll
2026-09-27T13:05:01.0441475Z    Compressing: \\?\D:\a\wootc\wootc\out\branded-preview\Microsoft.Windows.AI.Text.Projection.dll
2026-09-27T13:05:01.0458901Z    Compressing: \\?\D:\a\wootc\wootc\out\branded-preview\Microsoft.Windows.AI.Text.winmd
2026-09-27T13:05:01.0463658Z    Compressing: \\?\D:\a\wootc\wootc\out\branded-preview\Microsoft.Windows.AI.Video.dll
2026-09-27T13:05:01.0520632Z    Compressing: \\?\D:\a\wootc\wootc\out\branded-preview\Microsoft.Windows.AI.Video.Projection.dll
2026-09-27T13:05:01.0525162Z    Compressing: \\?\D:\a\wootc\wootc\out\branded-preview\Microsoft.Windows.AI.Video.winmd
2026-09-27T13:05:01.0527482Z    Compressing: \\?\D:\a\wootc\wootc\out\branded-preview\Microsoft.Windows.AI.winmd
2026-09-27T13:05:01.0530152Z    Compressing: \\?\D:\a\wootc\wootc\out\branded-preview\Microsoft.Windows.ApplicationModel.Background.Projection.dll
2026-09-27T13:05:01.0533351Z    Compressing: \\?\D:\a\wootc\wootc\out\branded-preview\Microsoft.Windows.ApplicationModel.Background.UniversalBGTask.dll
2026-09-27T13:05:01.0542893Z    Compressing: \\?\D:\a\wootc\wootc\out\branded-preview\Microsoft.Windows.ApplicationModel.Background.UniversalBGTask.winmd
2026-09-27T13:05:01.0544898Z    Compressing: \\?\D:\a\wootc\wootc\out\branded-preview\Microsoft.Windows.ApplicationModel.Background.winmd
2026-09-27T13:05:01.0547085Z    Compressing: \\?\D:\a\wootc\wootc\out\branded-preview\Microsoft.Windows.ApplicationModel.DynamicDependency.Projection.dll
2026-09-27T13:05:01.0552266Z    Compressing: \\?\D:\a\wootc\wootc\out\branded-preview\Microsoft.Windows.ApplicationModel.DynamicDependency.winmd
2026-09-27T13:05:01.0554620Z    Compressing: \\?\D:\a\wootc\wootc\out\branded-preview\Microsoft.Windows.ApplicationModel.Resources.dll
2026-09-27T13:05:01.0570390Z    Compressing: \\?\D:\a\wootc\wootc\out\branded-preview\Microsoft.Windows.ApplicationModel.Resources.Projection.dll
2026-09-27T13:05:01.0577524Z    Compressing: \\?\D:\a\wootc\wootc\out\branded-preview\Microsoft.Windows.ApplicationModel.Resources.winmd
2026-09-27T13:05:01.0580213Z    Compressing: \\?\D:\a\wootc\wootc\out\branded-preview\Microsoft.Windows.ApplicationModel.WindowsAppRuntime.Projection.dll
2026-09-27T13:05:01.0585430Z    Compressing: \\?\D:\a\wootc\wootc\out\branded-preview\Microsoft.Windows.ApplicationModel.WindowsAppRuntime.winmd
2026-09-27T13:05:01.0588422Z    Compressing: \\?\D:\a\wootc\wootc\out\branded-preview\Microsoft.Windows.AppLifecycle.Projection.dll
2026-09-27T13:05:01.0592990Z    Compressing: \\?\D:\a\wootc\wootc\out\branded-preview\Microsoft.Windows.AppLifecycle.winmd
2026-09-27T13:05:01.0595501Z    Compressing: \\?\D:\a\wootc\wootc\out\branded-preview\Microsoft.Windows.AppNotifications.Builder.Projection.dll
2026-09-27T13:05:01.0602454Z    Compressing: \\?\D:\a\wootc\wootc\out\branded-preview\Microsoft.Windows.AppNotifications.Builder.winmd
2026-09-27T13:05:01.0605510Z    Compressing: \\?\D:\a\wootc\wootc\out\branded-preview\Microsoft.Windows.AppNotifications.Projection.dll
2026-09-27T13:05:01.0612203Z    Compressing: \\?\D:\a\wootc\wootc\out\branded-preview\Microsoft.Windows.AppNotifications.winmd
2026-09-27T13:05:01.0615696Z    Compressing: \\?\D:\a\wootc\wootc\out\branded-preview\Microsoft.Windows.BadgeNotifications.Projection.dll
2026-09-27T13:05:01.0618141Z    Compressing: \\?\D:\a\wootc\wootc\out\branded-preview\Microsoft.Windows.BadgeNotifications.winmd
2026-09-27T13:05:01.0620162Z    Compressing: \\?\D:\a\wootc\wootc\out\branded-preview\Microsoft.Windows.Foundation.Projection.dll
2026-09-27T13:05:01.0623473Z    Compressing: \\?\D:\a\wootc\wootc\out\branded-preview\Microsoft.Windows.Foundation.winmd
2026-09-27T13:05:01.0626062Z    Compressing: \\?\D:\a\wootc\wootc\out\branded-preview\Microsoft.Windows.Globalization.winmd
2026-09-27T13:05:01.0628133Z    Compressing: \\?\D:\a\wootc\wootc\out\branded-preview\Microsoft.Windows.ImageCreationInternal.winmd
2026-09-27T13:05:01.0630374Z    Compressing: \\?\D:\a\wootc\wootc\out\branded-preview\Microsoft.Windows.Internal.AI.ContentModeration.winmd
2026-09-27T13:05:01.0632406Z    Compressing: \\?\D:\a\wootc\wootc\out\branded-preview\Microsoft.Windows.Internal.AI.Generative.winmd
2026-09-27T13:05:01.0635962Z    Compressing: \\?\D:\a\wootc\wootc\out\branded-preview\Microsoft.Windows.Internal.ImageCreation.winmd
2026-09-27T13:05:01.0638041Z    Compressing: \\?\D:\a\wootc\wootc\out\branded-preview\Microsoft.Windows.Internal.SemanticSearch.winmd
2026-09-27T13:05:01.0640527Z    Compressing: \\?\D:\a\wootc\wootc\out\branded-preview\Microsoft.Windows.Internal.Vision.winmd
2026-09-27T13:05:01.0642772Z    Compressing: \\?\D:\a\wootc\wootc\out\branded-preview\Microsoft.Windows.Management.Deployment.Projection.dll
2026-09-27T13:05:01.0659730Z    Compressing: \\?\D:\a\wootc\wootc\out\branded-preview\Microsoft.Windows.Management.Deployment.winmd
2026-09-27T13:05:01.0664384Z    Compressing: \\?\D:\a\wootc\wootc\out\branded-preview\Microsoft.Windows.Media.Capture.Projection.dll
2026-09-27T13:05:01.0668957Z    Compressing: \\?\D:\a\wootc\wootc\out\branded-preview\Microsoft.Windows.Media.Capture.winmd
2026-09-27T13:05:01.0671235Z    Compressing: \\?\D:\a\wootc\wootc\out\branded-preview\Microsoft.Windows.Private.Workloads.SessionManager.winmd
2026-09-27T13:05:01.0673293Z    Compressing: \\?\D:\a\wootc\wootc\out\branded-preview\Microsoft.Windows.PrivateCommon.winmd
2026-09-27T13:05:01.0675577Z    Compressing: \\?\D:\a\wootc\wootc\out\branded-preview\Microsoft.Windows.PushNotifications.Projection.dll
2026-09-27T13:05:01.0680458Z    Compressing: \\?\D:\a\wootc\wootc\out\branded-preview\Microsoft.Windows.PushNotifications.winmd
2026-09-27T13:05:01.0682600Z    Compressing: \\?\D:\a\wootc\wootc\out\branded-preview\Microsoft.Windows.SDK.NET.dll
2026-09-27T13:05:04.6168582Z    Compressing: \\?\D:\a\wootc\wootc\out\branded-preview\Microsoft.Windows.Search.dll
2026-09-27T13:05:05.2451109Z    Compressing: \\?\D:\a\wootc\wootc\out\branded-preview\Microsoft.Windows.Search.Projection.dll
2026-09-27T13:05:05.2471446Z    Compressing: \\?\D:\a\wootc\wootc\out\branded-preview\Microsoft.Windows.Search.winmd
2026-09-27T13:05:05.2476421Z    Compressing: \\?\D:\a\wootc\wootc\out\branded-preview\Microsoft.Windows.Security.AccessControl.Projection.dll
2026-09-27T13:05:05.2480397Z    Compressing: \\?\D:\a\wootc\wootc\out\branded-preview\Microsoft.Windows.Security.AccessControl.winmd
2026-09-27T13:05:05.2482903Z    Compressing: \\?\D:\a\wootc\wootc\out\branded-preview\Microsoft.Windows.SemanticSearch.winmd
2026-09-27T13:05:05.2485909Z    Compressing: \\?\D:\a\wootc\wootc\out\branded-preview\Microsoft.Windows.SemanticSearchInternal.winmd
2026-09-27T13:05:05.2489635Z    Compressing: \\?\D:\a\wootc\wootc\out\branded-preview\Microsoft.Windows.Storage.Pickers.Projection.dll
2026-09-27T13:05:05.2500770Z    Compressing: \\?\D:\a\wootc\wootc\out\branded-preview\Microsoft.Windows.Storage.Pickers.winmd
2026-09-27T13:05:05.2504526Z    Compressing: \\?\D:\a\wootc\wootc\out\branded-preview\Microsoft.Windows.Storage.Projection.dll
2026-09-27T13:05:05.2511432Z    Compressing: \\?\D:\a\wootc\wootc\out\branded-preview\Microsoft.Windows.Storage.winmd
2026-09-27T13:05:05.2514667Z    Compressing: \\?\D:\a\wootc\wootc\out\branded-preview\Microsoft.Windows.System.Power.Projection.dll
2026-09-27T13:05:05.2521529Z    Compressing: \\?\D:\a\wootc\wootc\out\branded-preview\Microsoft.Windows.System.Power.winmd
2026-09-27T13:05:05.2524777Z    Compressing: \\?\D:\a\wootc\wootc\out\branded-preview\Microsoft.Windows.System.Projection.dll
2026-09-27T13:05:05.2529379Z    Compressing: \\?\D:\a\wootc\wootc\out\branded-preview\Microsoft.Windows.System.winmd
2026-09-27T13:05:05.2532227Z    Compressing: \\?\D:\a\wootc\wootc\out\branded-preview\Microsoft.Windows.Vision.winmd
2026-09-27T13:05:05.2534774Z    Compressing: \\?\D:\a\wootc\wootc\out\branded-preview\Microsoft.Windows.VisionInternal.winmd
2026-09-27T13:05:05.2538003Z    Compressing: \\?\D:\a\wootc\wootc\out\branded-preview\Microsoft.Windows.Widgets.dll
2026-09-27T13:05:05.2825273Z    Compressing: \\?\D:\a\wootc\wootc\out\branded-preview\Microsoft.Windows.Widgets.Projection.dll
2026-09-27T13:05:05.8863907Z    Compressing: \\?\D:\a\wootc\wootc\out\branded-preview\Microsoft.Windows.Widgets.winmd
2026-09-27T13:05:05.8870419Z    Compressing: \\?\D:\a\wootc\wootc\out\branded-preview\Microsoft.Windows.Workloads.dll
2026-09-27T13:05:05.8920506Z    Compressing: \\?\D:\a\wootc\wootc\out\branded-preview\Microsoft.Windows.Workloads.pri
2026-09-27T13:05:05.8922088Z    Compressing: \\?\D:\a\wootc\wootc\out\branded-preview\Microsoft.Windows.Workloads.Resources.dll
2026-09-27T13:05:05.8938690Z    Compressing: \\?\D:\a\wootc\wootc\out\branded-preview\Microsoft.Windows.Workloads.Resources_ec.dll
2026-09-27T13:05:05.8955557Z    Compressing: \\?\D:\a\wootc\wootc\out\branded-preview\Microsoft.Windows.Workloads.winmd
2026-09-27T13:05:05.8958194Z    Compressing: \\?\D:\a\wootc\wootc\out\branded-preview\Microsoft.WindowsAppRuntime.Bootstrap.dll
2026-09-27T13:05:05.8997474Z    Compressing: \\?\D:\a\wootc\wootc\out\branded-preview\Microsoft.WindowsAppRuntime.Bootstrap.Net.dll
2026-09-27T13:05:05.9001072Z    Compressing: \\?\D:\a\wootc\wootc\out\branded-preview\Microsoft.WindowsAppRuntime.dll
2026-09-27T13:05:05.9276038Z    Compressing: \\?\D:\a\wootc\wootc\out\branded-preview\Microsoft.WindowsAppRuntime.pri
2026-09-27T13:05:05.9277858Z    Compressing: \\?\D:\a\wootc\wootc\out\branded-preview\Microsoft.WinUI.dll
2026-09-27T13:05:07.2784872Z    Compressing: \\?\D:\a\wootc\wootc\out\branded-preview\MRM.dll
2026-09-27T13:05:07.2813105Z    Compressing: \\?\D:\a\wootc\wootc\out\branded-preview\mscordaccore.dll
2026-09-27T13:05:07.2940882Z    Compressing: \\?\D:\a\wootc\wootc\out\branded-preview\mscordaccore_amd64_amd64_8.0.3126.42015.dll
2026-09-27T13:05:07.3073856Z    Compressing: \\?\D:\a\wootc\wootc\out\branded-preview\mscordbi.dll
2026-09-27T13:05:07.8971294Z    Compressing: \\?\D:\a\wootc\wootc\out\branded-preview\mscorlib.dll
2026-09-27T13:05:07.8981252Z    Compressing: \\?\D:\a\wootc\wootc\out\branded-preview\mscorrc.dll
2026-09-27T13:05:07.9002931Z    Compressing: \\?\D:\a\wootc\wootc\out\branded-preview\msquic.dll
2026-09-27T13:05:07.9086894Z    Compressing: \\?\D:\a\wootc\wootc\out\branded-preview\native-package.json
2026-09-27T13:05:07.9094457Z    Compressing: \\?\D:\a\wootc\wootc\out\branded-preview\netstandard.dll
2026-09-27T13:05:07.9110670Z    Compressing: \\?\D:\a\wootc\wootc\out\branded-preview\NPUDetect.dll
2026-09-27T13:05:07.9155763Z    Compressing: \\?\D:\a\wootc\wootc\out\branded-preview\onnxruntime.dll
2026-09-27T13:05:11.4533880Z    Compressing: \\?\D:\a\wootc\wootc\out\branded-preview\PerceptiveStreaming.dll
2026-09-27T13:05:12.0348600Z    Compressing: \\?\D:\a\wootc\wootc\out\branded-preview\PushNotificationsLongRunningTask.ProxyStub.dll
2026-09-27T13:05:12.0350149Z    Compressing: \\?\D:\a\wootc\wootc\out\branded-preview\RestartAgent.exe
2026-09-27T13:05:12.0389328Z    Compressing: \\?\D:\a\wootc\wootc\out\branded-preview\SessionHandleIPCProxyStub.dll
2026-09-27T13:05:12.0391665Z    Compressing: \\?\D:\a\wootc\wootc\out\branded-preview\System.AppContext.dll
2026-09-27T13:05:12.0392960Z    Compressing: \\?\D:\a\wootc\wootc\out\branded-preview\System.Buffers.dll
2026-09-27T13:05:12.0412934Z    Compressing: \\?\D:\a\wootc\wootc\out\branded-preview\System.Collections.Concurrent.dll
2026-09-27T13:05:12.0430857Z    Compressing: \\?\D:\a\wootc\wootc\out\branded-preview\System.Collections.dll
2026-09-27T13:05:12.0480192Z    Compressing: \\?\D:\a\wootc\wootc\out\branded-preview\System.Collections.Immutable.dll
2026-09-27T13:05:12.0546145Z    Compressing: \\?\D:\a\wootc\wootc\out\branded-preview\System.Collections.NonGeneric.dll
2026-09-27T13:05:12.0558049Z    Compressing: \\?\D:\a\wootc\wootc\out\branded-preview\System.Collections.Specialized.dll
2026-09-27T13:05:12.0571281Z    Compressing: \\?\D:\a\wootc\wootc\out\branded-preview\System.ComponentModel.Annotations.dll
2026-09-27T13:05:12.0593196Z    Compressing: \\?\D:\a\wootc\wootc\out\branded-preview\System.ComponentModel.DataAnnotations.dll
2026-09-27T13:05:12.0596527Z    Compressing: \\?\D:\a\wootc\wootc\out\branded-preview\System.ComponentModel.dll
2026-09-27T13:05:12.0600948Z    Compressing: \\?\D:\a\wootc\wootc\out\branded-preview\System.ComponentModel.EventBasedAsync.dll
2026-09-27T13:05:12.0606553Z    Compressing: \\?\D:\a\wootc\wootc\out\branded-preview\System.ComponentModel.Primitives.dll
2026-09-27T13:05:12.0617736Z    Compressing: \\?\D:\a\wootc\wootc\out\branded-preview\System.ComponentModel.TypeConverter.dll
2026-09-27T13:05:12.0698432Z    Compressing: \\?\D:\a\wootc\wootc\out\branded-preview\System.Configuration.dll
2026-09-27T13:05:12.0702218Z    Compressing: \\?\D:\a\wootc\wootc\out\branded-preview\System.Console.dll
2026-09-27T13:05:12.0721576Z    Compressing: \\?\D:\a\wootc\wootc\out\branded-preview\System.Core.dll
2026-09-27T13:05:12.0725649Z    Compressing: \\?\D:\a\wootc\wootc\out\branded-preview\System.Data.Common.dll
2026-09-27T13:05:12.6039364Z    Compressing: \\?\D:\a\wootc\wootc\out\branded-preview\System.Data.DataSetExtensions.dll
2026-09-27T13:05:12.6041629Z    Compressing: \\?\D:\a\wootc\wootc\out\branded-preview\System.Data.dll
2026-09-27T13:05:12.6044958Z    Compressing: \\?\D:\a\wootc\wootc\out\branded-preview\System.Diagnostics.Contracts.dll
2026-09-27T13:05:12.6047258Z    Compressing: \\?\D:\a\wootc\wootc\out\branded-preview\System.Diagnostics.Debug.dll
2026-09-27T13:05:12.6049612Z    Compressing: \\?\D:\a\wootc\wootc\out\branded-preview\System.Diagnostics.DiagnosticSource.dll
2026-09-27T13:05:12.6089007Z    Compressing: \\?\D:\a\wootc\wootc\out\branded-preview\System.Diagnostics.FileVersionInfo.dll
2026-09-27T13:05:12.6094036Z    Compressing: \\?\D:\a\wootc\wootc\out\branded-preview\System.Diagnostics.Process.dll
2026-09-27T13:05:12.6126215Z    Compressing: \\?\D:\a\wootc\wootc\out\branded-preview\System.Diagnostics.StackTrace.dll
2026-09-27T13:05:12.6131430Z    Compressing: \\?\D:\a\wootc\wootc\out\branded-preview\System.Diagnostics.TextWriterTraceListener.dll
2026-09-27T13:05:12.6138438Z    Compressing: \\?\D:\a\wootc\wootc\out\branded-preview\System.Diagnostics.Tools.dll
2026-09-27T13:05:12.6140904Z    Compressing: \\?\D:\a\wootc\wootc\out\branded-preview\System.Diagnostics.TraceSource.dll
2026-09-27T13:05:12.6154975Z    Compressing: \\?\D:\a\wootc\wootc\out\branded-preview\System.Diagnostics.Tracing.dll
2026-09-27T13:05:12.6157340Z    Compressing: \\?\D:\a\wootc\wootc\out\branded-preview\System.dll
2026-09-27T13:05:12.6162828Z    Compressing: \\?\D:\a\wootc\wootc\out\branded-preview\System.Drawing.dll
2026-09-27T13:05:12.6165653Z    Compressing: \\?\D:\a\wootc\wootc\out\branded-preview\System.Drawing.Primitives.dll
2026-09-27T13:05:12.6178658Z    Compressing: \\?\D:\a\wootc\wootc\out\branded-preview\System.Dynamic.Runtime.dll
2026-09-27T13:05:12.6181136Z    Compressing: \\?\D:\a\wootc\wootc\out\branded-preview\System.Formats.Asn1.dll
2026-09-27T13:05:12.6204466Z    Compressing: \\?\D:\a\wootc\wootc\out\branded-preview\System.Formats.Tar.dll
2026-09-27T13:05:12.6230888Z    Compressing: \\?\D:\a\wootc\wootc\out\branded-preview\System.Globalization.Calendars.dll
2026-09-27T13:05:12.6232981Z    Compressing: \\?\D:\a\wootc\wootc\out\branded-preview\System.Globalization.dll
2026-09-27T13:05:12.6237193Z    Compressing: \\?\D:\a\wootc\wootc\out\branded-preview\System.Globalization.Extensions.dll
2026-09-27T13:05:12.6238558Z    Compressing: \\?\D:\a\wootc\wootc\out\branded-preview\System.IO.Compression.Brotli.dll
2026-09-27T13:05:12.6247455Z    Compressing: \\?\D:\a\wootc\wootc\out\branded-preview\System.IO.Compression.dll
2026-09-27T13:05:12.6272599Z    Compressing: \\?\D:\a\wootc\wootc\out\branded-preview\System.IO.Compression.FileSystem.dll
2026-09-27T13:05:12.6274738Z    Compressing: \\?\D:\a\wootc\wootc\out\branded-preview\System.IO.Compression.Native.dll
2026-09-27T13:05:12.6351716Z    Compressing: \\?\D:\a\wootc\wootc\out\branded-preview\System.IO.Compression.ZipFile.dll
2026-09-27T13:05:12.6358008Z    Compressing: \\?\D:\a\wootc\wootc\out\branded-preview\System.IO.dll
2026-09-27T13:05:12.6360670Z    Compressing: \\?\D:\a\wootc\wootc\out\branded-preview\System.IO.FileSystem.AccessControl.dll
2026-09-27T13:05:12.6371811Z    Compressing: \\?\D:\a\wootc\wootc\out\branded-preview\System.IO.FileSystem.dll
2026-09-27T13:05:12.6375074Z    Compressing: \\?\D:\a\wootc\wootc\out\branded-preview\System.IO.FileSystem.DriveInfo.dll
2026-09-27T13:05:12.6382131Z    Compressing: \\?\D:\a\wootc\wootc\out\branded-preview\System.IO.FileSystem.Primitives.dll
2026-09-27T13:05:12.6385241Z    Compressing: \\?\D:\a\wootc\wootc\out\branded-preview\System.IO.FileSystem.Watcher.dll
2026-09-27T13:05:12.6394621Z    Compressing: \\?\D:\a\wootc\wootc\out\branded-preview\System.IO.IsolatedStorage.dll
2026-09-27T13:05:12.6405093Z    Compressing: \\?\D:\a\wootc\wootc\out\branded-preview\System.IO.MemoryMappedFiles.dll
2026-09-27T13:05:12.6414301Z    Compressing: \\?\D:\a\wootc\wootc\out\branded-preview\System.IO.Pipes.AccessControl.dll
2026-09-27T13:05:12.6417687Z    Compressing: \\?\D:\a\wootc\wootc\out\branded-preview\System.IO.Pipes.dll
2026-09-27T13:05:13.2694982Z    Compressing: \\?\D:\a\wootc\wootc\out\branded-preview\System.IO.UnmanagedMemoryStream.dll
2026-09-27T13:05:13.2697917Z    Compressing: \\?\D:\a\wootc\wootc\out\branded-preview\System.Linq.dll
2026-09-27T13:05:13.2787324Z    Compressing: \\?\D:\a\wootc\wootc\out\branded-preview\System.Linq.Expressions.dll
2026-09-27T13:05:13.3126372Z    Compressing: \\?\D:\a\wootc\wootc\out\branded-preview\System.Linq.Parallel.dll
2026-09-27T13:05:13.9596044Z    Compressing: \\?\D:\a\wootc\wootc\out\branded-preview\System.Linq.Queryable.dll
2026-09-27T13:05:13.9612826Z    Compressing: \\?\D:\a\wootc\wootc\out\branded-preview\System.Memory.dll
2026-09-27T13:05:13.9628431Z    Compressing: \\?\D:\a\wootc\wootc\out\branded-preview\System.Net.dll
2026-09-27T13:05:13.9630803Z    Compressing: \\?\D:\a\wootc\wootc\out\branded-preview\System.Net.Http.dll
2026-09-27T13:05:13.9792057Z    Compressing: \\?\D:\a\wootc\wootc\out\branded-preview\System.Net.Http.Json.dll
2026-09-27T13:05:13.9804764Z    Compressing: \\?\D:\a\wootc\wootc\out\branded-preview\System.Net.HttpListener.dll
2026-09-27T13:05:13.9857805Z    Compressing: \\?\D:\a\wootc\wootc\out\branded-preview\System.Net.Mail.dll
2026-09-27T13:05:13.9921980Z    Compressing: \\?\D:\a\wootc\wootc\out\branded-preview\System.Net.NameResolution.dll
2026-09-27T13:05:13.9933871Z    Compressing: \\?\D:\a\wootc\wootc\out\branded-preview\System.Net.NetworkInformation.dll
2026-09-27T13:05:13.9949542Z    Compressing: \\?\D:\a\wootc\wootc\out\branded-preview\System.Net.Ping.dll
2026-09-27T13:05:13.9960119Z    Compressing: \\?\D:\a\wootc\wootc\out\branded-preview\System.Net.Primitives.dll
2026-09-27T13:05:13.9982802Z    Compressing: \\?\D:\a\wootc\wootc\out\branded-preview\System.Net.Quic.dll
2026-09-27T13:05:14.0045471Z    Compressing: \\?\D:\a\wootc\wootc\out\branded-preview\System.Net.Requests.dll
2026-09-27T13:05:14.0172541Z    Compressing: \\?\D:\a\wootc\wootc\out\branded-preview\System.Net.Security.dll
2026-09-27T13:05:14.5742176Z    Compressing: \\?\D:\a\wootc\wootc\out\branded-preview\System.Net.ServicePoint.dll
2026-09-27T13:05:14.5750191Z    Compressing: \\?\D:\a\wootc\wootc\out\branded-preview\System.Net.Sockets.dll
2026-09-27T13:05:14.5824389Z    Compressing: \\?\D:\a\wootc\wootc\out\branded-preview\System.Net.WebClient.dll
2026-09-27T13:05:14.5842108Z    Compressing: \\?\D:\a\wootc\wootc\out\branded-preview\System.Net.WebHeaderCollection.dll
2026-09-27T13:05:14.5850257Z    Compressing: \\?\D:\a\wootc\wootc\out\branded-preview\System.Net.WebProxy.dll
2026-09-27T13:05:14.5856110Z    Compressing: \\?\D:\a\wootc\wootc\out\branded-preview\System.Net.WebSockets.Client.dll
2026-09-27T13:05:14.5867308Z    Compressing: \\?\D:\a\wootc\wootc\out\branded-preview\System.Net.WebSockets.dll
2026-09-27T13:05:14.5886922Z    Compressing: \\?\D:\a\wootc\wootc\out\branded-preview\System.Numerics.dll
2026-09-27T13:05:14.5890038Z    Compressing: \\?\D:\a\wootc\wootc\out\branded-preview\System.Numerics.Tensors.dll
2026-09-27T13:05:14.5933854Z    Compressing: \\?\D:\a\wootc\wootc\out\branded-preview\System.Numerics.Vectors.dll
2026-09-27T13:05:14.5937157Z    Compressing: \\?\D:\a\wootc\wootc\out\branded-preview\System.ObjectModel.dll
2026-09-27T13:05:14.5946268Z    Compressing: \\?\D:\a\wootc\wootc\out\branded-preview\System.Private.CoreLib.dll
2026-09-27T13:05:16.6346131Z    Compressing: \\?\D:\a\wootc\wootc\out\branded-preview\System.Private.DataContractSerialization.dll
2026-09-27T13:05:16.6569684Z    Compressing: \\?\D:\a\wootc\wootc\out\branded-preview\System.Private.Uri.dll
2026-09-27T13:05:16.6595198Z    Compressing: \\?\D:\a\wootc\wootc\out\branded-preview\System.Private.Xml.dll
2026-09-27T13:05:17.9978279Z    Compressing: \\?\D:\a\wootc\wootc\out\branded-preview\System.Private.Xml.Linq.dll
2026-09-27T13:05:18.0042116Z    Compressing: \\?\D:\a\wootc\wootc\out\branded-preview\System.Reflection.DispatchProxy.dll
2026-09-27T13:05:18.0054700Z    Compressing: \\?\D:\a\wootc\wootc\out\branded-preview\System.Reflection.dll
2026-09-27T13:05:18.0057803Z    Compressing: \\?\D:\a\wootc\wootc\out\branded-preview\System.Reflection.Emit.dll
2026-09-27T13:05:18.0078883Z    Compressing: \\?\D:\a\wootc\wootc\out\branded-preview\System.Reflection.Emit.ILGeneration.dll
2026-09-27T13:05:18.0084868Z    Compressing: \\?\D:\a\wootc\wootc\out\branded-preview\System.Reflection.Emit.Lightweight.dll
2026-09-27T13:05:18.0086250Z    Compressing: \\?\D:\a\wootc\wootc\out\branded-preview\System.Reflection.Extensions.dll
2026-09-27T13:05:18.0089297Z    Compressing: \\?\D:\a\wootc\wootc\out\branded-preview\System.Reflection.Metadata.dll
2026-09-27T13:05:18.0196084Z    Compressing: \\?\D:\a\wootc\wootc\out\branded-preview\System.Reflection.Primitives.dll
2026-09-27T13:05:18.0198552Z    Compressing: \\?\D:\a\wootc\wootc\out\branded-preview\System.Reflection.TypeExtensions.dll
2026-09-27T13:05:18.0203272Z    Compressing: \\?\D:\a\wootc\wootc\out\branded-preview\System.Resources.Reader.dll
2026-09-27T13:05:18.0206110Z    Compressing: \\?\D:\a\wootc\wootc\out\branded-preview\System.Resources.ResourceManager.dll
2026-09-27T13:05:18.0208377Z    Compressing: \\?\D:\a\wootc\wootc\out\branded-preview\System.Resources.Writer.dll
2026-09-27T13:05:18.0214221Z    Compressing: \\?\D:\a\wootc\wootc\out\branded-preview\System.Runtime.CompilerServices.Unsafe.dll
2026-09-27T13:05:18.0216516Z    Compressing: \\?\D:\a\wootc\wootc\out\branded-preview\System.Runtime.CompilerServices.VisualC.dll
2026-09-27T13:05:18.0219975Z    Compressing: \\?\D:\a\wootc\wootc\out\branded-preview\System.Runtime.dll
2026-09-27T13:05:18.0225279Z    Compressing: \\?\D:\a\wootc\wootc\out\branded-preview\System.Runtime.Extensions.dll
2026-09-27T13:05:18.0228304Z    Compressing: \\?\D:\a\wootc\wootc\out\branded-preview\System.Runtime.Handles.dll
2026-09-27T13:05:18.0230620Z    Compressing: \\?\D:\a\wootc\wootc\out\branded-preview\System.Runtime.InteropServices.dll
2026-09-27T13:05:18.0240941Z    Compressing: \\?\D:\a\wootc\wootc\out\branded-preview\System.Runtime.InteropServices.JavaScript.dll
2026-09-27T13:05:18.0250057Z    Compressing: \\?\D:\a\wootc\wootc\out\branded-preview\System.Runtime.InteropServices.RuntimeInformation.dll
2026-09-27T13:05:18.0252948Z    Compressing: \\?\D:\a\wootc\wootc\out\branded-preview\System.Runtime.Intrinsics.dll
2026-09-27T13:05:18.0256873Z    Compressing: \\?\D:\a\wootc\wootc\out\branded-preview\System.Runtime.Loader.dll
2026-09-27T13:05:18.0259284Z    Compressing: \\?\D:\a\wootc\wootc\out\branded-preview\System.Runtime.Numerics.dll
2026-09-27T13:05:18.0312243Z    Compressing: \\?\D:\a\wootc\wootc\out\branded-preview\System.Runtime.Serialization.dll
2026-09-27T13:05:18.0315680Z    Compressing: \\?\D:\a\wootc\wootc\out\branded-preview\System.Runtime.Serialization.Formatters.dll
2026-09-27T13:05:18.0364323Z    Compressing: \\?\D:\a\wootc\wootc\out\branded-preview\System.Runtime.Serialization.Json.dll
2026-09-27T13:05:18.0367514Z    Compressing: \\?\D:\a\wootc\wootc\out\branded-preview\System.Runtime.Serialization.Primitives.dll
2026-09-27T13:05:18.0374055Z    Compressing: \\?\D:\a\wootc\wootc\out\branded-preview\System.Runtime.Serialization.Xml.dll
2026-09-27T13:05:18.0377314Z    Compressing: \\?\D:\a\wootc\wootc\out\branded-preview\System.Security.AccessControl.dll
2026-09-27T13:05:18.0409713Z    Compressing: \\?\D:\a\wootc\wootc\out\branded-preview\System.Security.Claims.dll
2026-09-27T13:05:18.0420417Z    Compressing: \\?\D:\a\wootc\wootc\out\branded-preview\System.Security.Cryptography.Algorithms.dll
2026-09-27T13:05:18.0423193Z    Compressing: \\?\D:\a\wootc\wootc\out\branded-preview\System.Security.Cryptography.Cng.dll
2026-09-27T13:05:18.0425696Z    Compressing: \\?\D:\a\wootc\wootc\out\branded-preview\System.Security.Cryptography.Csp.dll
2026-09-27T13:05:18.0427940Z    Compressing: \\?\D:\a\wootc\wootc\out\branded-preview\System.Security.Cryptography.dll
2026-09-27T13:05:18.6504195Z    Compressing: \\?\D:\a\wootc\wootc\out\branded-preview\System.Security.Cryptography.Encoding.dll
2026-09-27T13:05:18.6507320Z    Compressing: \\?\D:\a\wootc\wootc\out\branded-preview\System.Security.Cryptography.OpenSsl.dll
2026-09-27T13:05:18.6509901Z    Compressing: \\?\D:\a\wootc\wootc\out\branded-preview\System.Security.Cryptography.Primitives.dll
2026-09-27T13:05:18.6513362Z    Compressing: \\?\D:\a\wootc\wootc\out\branded-preview\System.Security.Cryptography.X509Certificates.dll
2026-09-27T13:05:18.6516568Z    Compressing: \\?\D:\a\wootc\wootc\out\branded-preview\System.Security.dll
2026-09-27T13:05:18.6520078Z    Compressing: \\?\D:\a\wootc\wootc\out\branded-preview\System.Security.Principal.dll
2026-09-27T13:05:18.6523153Z    Compressing: \\?\D:\a\wootc\wootc\out\branded-preview\System.Security.Principal.Windows.dll
2026-09-27T13:05:18.6553027Z    Compressing: \\?\D:\a\wootc\wootc\out\branded-preview\System.Security.SecureString.dll
2026-09-27T13:05:18.6555969Z    Compressing: \\?\D:\a\wootc\wootc\out\branded-preview\System.ServiceModel.Web.dll
2026-09-27T13:05:18.6559190Z    Compressing: \\?\D:\a\wootc\wootc\out\branded-preview\System.ServiceProcess.dll
2026-09-27T13:05:18.6562404Z    Compressing: \\?\D:\a\wootc\wootc\out\branded-preview\System.Text.Encoding.CodePages.dll
2026-09-27T13:05:18.6644090Z    Compressing: \\?\D:\a\wootc\wootc\out\branded-preview\System.Text.Encoding.dll
2026-09-27T13:05:18.6646387Z    Compressing: \\?\D:\a\wootc\wootc\out\branded-preview\System.Text.Encoding.Extensions.dll
2026-09-27T13:05:18.6648779Z    Compressing: \\?\D:\a\wootc\wootc\out\branded-preview\System.Text.Encodings.Web.dll
2026-09-27T13:05:18.6661676Z    Compressing: \\?\D:\a\wootc\wootc\out\branded-preview\System.Text.Json.dll
2026-09-27T13:05:18.6802267Z    Compressing: \\?\D:\a\wootc\wootc\out\branded-preview\System.Text.RegularExpressions.dll
2026-09-27T13:05:18.6908697Z    Compressing: \\?\D:\a\wootc\wootc\out\branded-preview\System.Threading.Channels.dll
2026-09-27T13:05:18.6926780Z    Compressing: \\?\D:\a\wootc\wootc\out\branded-preview\System.Threading.dll
2026-09-27T13:05:19.2820556Z    Compressing: \\?\D:\a\wootc\wootc\out\branded-preview\System.Threading.Overlapped.dll
2026-09-27T13:05:19.2822506Z    Compressing: \\?\D:\a\wootc\wootc\out\branded-preview\System.Threading.Tasks.Dataflow.dll
2026-09-27T13:05:19.2869274Z    Compressing: \\?\D:\a\wootc\wootc\out\branded-preview\System.Threading.Tasks.dll
2026-09-27T13:05:19.2871940Z    Compressing: \\?\D:\a\wootc\wootc\out\branded-preview\System.Threading.Tasks.Extensions.dll
2026-09-27T13:05:19.2873617Z    Compressing: \\?\D:\a\wootc\wootc\out\branded-preview\System.Threading.Tasks.Parallel.dll
2026-09-27T13:05:19.2886646Z    Compressing: \\?\D:\a\wootc\wootc\out\branded-preview\System.Threading.Thread.dll
2026-09-27T13:05:19.2888707Z    Compressing: \\?\D:\a\wootc\wootc\out\branded-preview\System.Threading.ThreadPool.dll
2026-09-27T13:05:19.2890892Z    Compressing: \\?\D:\a\wootc\wootc\out\branded-preview\System.Threading.Timer.dll
2026-09-27T13:05:19.2892792Z    Compressing: \\?\D:\a\wootc\wootc\out\branded-preview\System.Transactions.dll
2026-09-27T13:05:19.2894844Z    Compressing: \\?\D:\a\wootc\wootc\out\branded-preview\System.Transactions.Local.dll
2026-09-27T13:05:19.2956867Z    Compressing: \\?\D:\a\wootc\wootc\out\branded-preview\System.ValueTuple.dll
2026-09-27T13:05:19.2958933Z    Compressing: \\?\D:\a\wootc\wootc\out\branded-preview\System.Web.dll
2026-09-27T13:05:19.2961175Z    Compressing: \\?\D:\a\wootc\wootc\out\branded-preview\System.Web.HttpUtility.dll
2026-09-27T13:05:19.2967398Z    Compressing: \\?\D:\a\wootc\wootc\out\branded-preview\System.Windows.dll
2026-09-27T13:05:19.2969381Z    Compressing: \\?\D:\a\wootc\wootc\out\branded-preview\System.Xml.dll
2026-09-27T13:05:19.2972045Z    Compressing: \\?\D:\a\wootc\wootc\out\branded-preview\System.Xml.Linq.dll
2026-09-27T13:05:19.2973954Z    Compressing: \\?\D:\a\wootc\wootc\out\branded-preview\System.Xml.ReaderWriter.dll
2026-09-27T13:05:19.2976453Z    Compressing: \\?\D:\a\wootc\wootc\out\branded-preview\System.Xml.Serialization.dll
2026-09-27T13:05:19.2978567Z    Compressing: \\?\D:\a\wootc\wootc\out\branded-preview\System.Xml.XDocument.dll
2026-09-27T13:05:19.2980326Z    Compressing: \\?\D:\a\wootc\wootc\out\branded-preview\System.Xml.XmlDocument.dll
2026-09-27T13:05:19.2982799Z    Compressing: \\?\D:\a\wootc\wootc\out\branded-preview\System.Xml.XmlSerializer.dll
2026-09-27T13:05:19.2985124Z    Compressing: \\?\D:\a\wootc\wootc\out\branded-preview\System.Xml.XPath.dll
2026-09-27T13:05:19.2987131Z    Compressing: \\?\D:\a\wootc\wootc\out\branded-preview\System.Xml.XPath.XDocument.dll
2026-09-27T13:05:19.2990348Z    Compressing: \\?\D:\a\wootc\wootc\out\branded-preview\WebView2Loader.dll
2026-09-27T13:05:19.3005935Z    Compressing: \\?\D:\a\wootc\wootc\out\branded-preview\WindowsBase.dll
2026-09-27T13:05:19.3007939Z    Compressing: \\?\D:\a\wootc\wootc\out\branded-preview\WinRT.Runtime.dll
2026-09-27T13:05:19.3057167Z    Compressing: \\?\D:\a\wootc\wootc\out\branded-preview\WinUIEdit.dll
2026-09-27T13:05:19.9600315Z    Compressing: \\?\D:\a\wootc\wootc\out\branded-preview\wootc-engine.exe
2026-09-27T13:05:21.5409040Z    Compressing: \\?\D:\a\wootc\wootc\out\branded-preview\Wootc.Shell.Core.dll
2026-09-27T13:05:21.5416753Z    Compressing: \\?\D:\a\wootc\wootc\out\branded-preview\Wootc.Shell.Core.pdb
2026-09-27T13:05:21.5420201Z    Compressing: \\?\D:\a\wootc\wootc\out\branded-preview\Wootc.Shell.deps.json
2026-09-27T13:05:21.5426832Z    Compressing: \\?\D:\a\wootc\wootc\out\branded-preview\Wootc.Shell.dll
2026-09-27T13:05:21.5453877Z    Compressing: \\?\D:\a\wootc\wootc\out\branded-preview\Wootc.Shell.exe
2026-09-27T13:05:21.5499255Z    Compressing: \\?\D:\a\wootc\wootc\out\branded-preview\Wootc.Shell.Native.dll
2026-09-27T13:05:21.5506562Z    Compressing: \\?\D:\a\wootc\wootc\out\branded-preview\Wootc.Shell.Native.pdb
2026-09-27T13:05:21.5509638Z    Compressing: \\?\D:\a\wootc\wootc\out\branded-preview\Wootc.Shell.pdb
2026-09-27T13:05:21.5513916Z    Compressing: \\?\D:\a\wootc\wootc\out\branded-preview\Wootc.Shell.pri
2026-09-27T13:05:22.0095317Z    Compressing: \\?\D:\a\wootc\wootc\out\branded-preview\Wootc.Shell.runtimeconfig.json
2026-09-27T13:05:22.0096838Z    Compressing: \\?\D:\a\wootc\wootc\out\branded-preview\workloads.365.json
2026-09-27T13:05:22.0097743Z    Compressing: \\?\D:\a\wootc\wootc\out\branded-preview\workloads.j32.json
2026-09-27T13:05:22.0100284Z    Compressing: \\?\D:\a\wootc\wootc\out\branded-preview\workloads.json
2026-09-27T13:05:22.0101596Z    Compressing: \\?\D:\a\wootc\wootc\out\branded-preview\workloads.lnl.json
2026-09-27T13:05:22.0103795Z    Compressing: \\?\D:\a\wootc\wootc\out\branded-preview\workloads.qnn.json
2026-09-27T13:05:22.0105679Z    Compressing: \\?\D:\a\wootc\wootc\out\branded-preview\workloads.stx.json
2026-09-27T13:05:22.0107576Z    Compressing: \\?\D:\a\wootc\wootc\out\branded-preview\wuceffectsi.dll
2026-09-27T13:05:22.0155036Z    Compressing: \\?\D:\a\wootc\wootc\out\branded-preview\af-ZA\Microsoft.ui.xaml.dll.mui
2026-09-27T13:05:22.0158112Z    Compressing: \\?\D:\a\wootc\wootc\out\branded-preview\af-ZA\Microsoft.UI.Xaml.Phone.dll.mui
2026-09-27T13:05:22.0160530Z    Compressing: \\?\D:\a\wootc\wootc\out\branded-preview\am-ET\Microsoft.ui.xaml.dll.mui
2026-09-27T13:05:22.0163907Z    Compressing: \\?\D:\a\wootc\wootc\out\branded-preview\am-ET\Microsoft.UI.Xaml.Phone.dll.mui
2026-09-27T13:05:22.0165717Z    Compressing: \\?\D:\a\wootc\wootc\out\branded-preview\ar-SA\Microsoft.ui.xaml.dll.mui
2026-09-27T13:05:22.0168660Z    Compressing: \\?\D:\a\wootc\wootc\out\branded-preview\ar-SA\Microsoft.UI.Xaml.Phone.dll.mui
2026-09-27T13:05:22.0170517Z    Compressing: \\?\D:\a\wootc\wootc\out\branded-preview\as-IN\Microsoft.ui.xaml.dll.mui
2026-09-27T13:05:22.0173436Z    Compressing: \\?\D:\a\wootc\wootc\out\branded-preview\as-IN\Microsoft.UI.Xaml.Phone.dll.mui
2026-09-27T13:05:22.0175243Z    Compressing: \\?\D:\a\wootc\wootc\out\branded-preview\az-Latn-AZ\Microsoft.ui.xaml.dll.mui
2026-09-27T13:05:22.0178367Z    Compressing: \\?\D:\a\wootc\wootc\out\branded-preview\az-Latn-AZ\Microsoft.UI.Xaml.Phone.dll.mui
2026-09-27T13:05:22.0180244Z    Compressing: \\?\D:\a\wootc\wootc\out\branded-preview\bg-BG\Microsoft.ui.xaml.dll.mui
2026-09-27T13:05:22.0183615Z    Compressing: \\?\D:\a\wootc\wootc\out\branded-preview\bg-BG\Microsoft.UI.Xaml.Phone.dll.mui
2026-09-27T13:05:22.0185484Z    Compressing: \\?\D:\a\wootc\wootc\out\branded-preview\bn-IN\Microsoft.ui.xaml.dll.mui
2026-09-27T13:05:22.0188602Z    Compressing: \\?\D:\a\wootc\wootc\out\branded-preview\bn-IN\Microsoft.UI.Xaml.Phone.dll.mui
2026-09-27T13:05:22.0190605Z    Compressing: \\?\D:\a\wootc\wootc\out\branded-preview\Branding\brand.json
2026-09-27T13:05:22.0191950Z    Compressing: \\?\D:\a\wootc\wootc\out\branded-preview\bs-Latn-BA\Microsoft.ui.xaml.dll.mui
2026-09-27T13:05:22.0195640Z    Compressing: \\?\D:\a\wootc\wootc\out\branded-preview\bs-Latn-BA\Microsoft.UI.Xaml.Phone.dll.mui
2026-09-27T13:05:22.0197302Z    Compressing: \\?\D:\a\wootc\wootc\out\branded-preview\ca-ES\Microsoft.ui.xaml.dll.mui
2026-09-27T13:05:22.0200943Z    Compressing: \\?\D:\a\wootc\wootc\out\branded-preview\ca-ES\Microsoft.UI.Xaml.Phone.dll.mui
2026-09-27T13:05:22.0202889Z    Compressing: \\?\D:\a\wootc\wootc\out\branded-preview\ca-Es-VALENCIA\Microsoft.ui.xaml.dll.mui
2026-09-27T13:05:22.0206119Z    Compressing: \\?\D:\a\wootc\wootc\out\branded-preview\ca-Es-VALENCIA\Microsoft.UI.Xaml.Phone.dll.mui
2026-09-27T13:05:22.0208156Z    Compressing: \\?\D:\a\wootc\wootc\out\branded-preview\cs-CZ\Microsoft.ui.xaml.dll.mui
2026-09-27T13:05:22.0211208Z    Compressing: \\?\D:\a\wootc\wootc\out\branded-preview\cs-CZ\Microsoft.UI.Xaml.Phone.dll.mui
2026-09-27T13:05:22.0213118Z    Compressing: \\?\D:\a\wootc\wootc\out\branded-preview\cy-GB\Microsoft.ui.xaml.dll.mui
2026-09-27T13:05:22.0216404Z    Compressing: \\?\D:\a\wootc\wootc\out\branded-preview\cy-GB\Microsoft.UI.Xaml.Phone.dll.mui
2026-09-27T13:05:22.0218306Z    Compressing: \\?\D:\a\wootc\wootc\out\branded-preview\da-DK\Microsoft.ui.xaml.dll.mui
2026-09-27T13:05:22.0221726Z    Compressing: \\?\D:\a\wootc\wootc\out\branded-preview\da-DK\Microsoft.UI.Xaml.Phone.dll.mui
2026-09-27T13:05:22.0224037Z    Compressing: \\?\D:\a\wootc\wootc\out\branded-preview\de-DE\Microsoft.ui.xaml.dll.mui
2026-09-27T13:05:22.0227427Z    Compressing: \\?\D:\a\wootc\wootc\out\branded-preview\de-DE\Microsoft.UI.Xaml.Phone.dll.mui
2026-09-27T13:05:22.0229664Z    Compressing: \\?\D:\a\wootc\wootc\out\branded-preview\el-GR\Microsoft.ui.xaml.dll.mui
2026-09-27T13:05:22.0233065Z    Compressing: \\?\D:\a\wootc\wootc\out\branded-preview\el-GR\Microsoft.UI.Xaml.Phone.dll.mui
2026-09-27T13:05:22.0235144Z    Compressing: \\?\D:\a\wootc\wootc\out\branded-preview\en-GB\Microsoft.ui.xaml.dll.mui
2026-09-27T13:05:22.0238382Z    Compressing: \\?\D:\a\wootc\wootc\out\branded-preview\en-GB\Microsoft.UI.Xaml.Phone.dll.mui
2026-09-27T13:05:22.0240638Z    Compressing: \\?\D:\a\wootc\wootc\out\branded-preview\en-us\Microsoft.ui.xaml.dll.mui
2026-09-27T13:05:22.0243974Z    Compressing: \\?\D:\a\wootc\wootc\out\branded-preview\en-us\Microsoft.UI.Xaml.Phone.dll.mui
2026-09-27T13:05:22.0246732Z    Compressing: \\?\D:\a\wootc\wootc\out\branded-preview\es-ES\Microsoft.ui.xaml.dll.mui
2026-09-27T13:05:22.0250418Z    Compressing: \\?\D:\a\wootc\wootc\out\branded-preview\es-ES\Microsoft.UI.Xaml.Phone.dll.mui
2026-09-27T13:05:22.0252577Z    Compressing: \\?\D:\a\wootc\wootc\out\branded-preview\es-MX\Microsoft.ui.xaml.dll.mui
2026-09-27T13:05:22.0255896Z    Compressing: \\?\D:\a\wootc\wootc\out\branded-preview\es-MX\Microsoft.UI.Xaml.Phone.dll.mui
2026-09-27T13:05:22.0258020Z    Compressing: \\?\D:\a\wootc\wootc\out\branded-preview\et-EE\Microsoft.ui.xaml.dll.mui
2026-09-27T13:05:22.0261510Z    Compressing: \\?\D:\a\wootc\wootc\out\branded-preview\et-EE\Microsoft.UI.Xaml.Phone.dll.mui
2026-09-27T13:05:22.0263757Z    Compressing: \\?\D:\a\wootc\wootc\out\branded-preview\eu-ES\Microsoft.ui.xaml.dll.mui
2026-09-27T13:05:22.0267369Z    Compressing: \\?\D:\a\wootc\wootc\out\branded-preview\eu-ES\Microsoft.UI.Xaml.Phone.dll.mui
2026-09-27T13:05:22.0269385Z    Compressing: \\?\D:\a\wootc\wootc\out\branded-preview\fa-IR\Microsoft.ui.xaml.dll.mui
2026-09-27T13:05:22.0272561Z    Compressing: \\?\D:\a\wootc\wootc\out\branded-preview\fa-IR\Microsoft.UI.Xaml.Phone.dll.mui
2026-09-27T13:05:22.0274876Z    Compressing: \\?\D:\a\wootc\wootc\out\branded-preview\fi-FI\Microsoft.ui.xaml.dll.mui
2026-09-27T13:05:22.0278206Z    Compressing: \\?\D:\a\wootc\wootc\out\branded-preview\fi-FI\Microsoft.UI.Xaml.Phone.dll.mui
2026-09-27T13:05:22.0280692Z    Compressing: \\?\D:\a\wootc\wootc\out\branded-preview\fil-PH\Microsoft.ui.xaml.dll.mui
2026-09-27T13:05:22.0284115Z    Compressing: \\?\D:\a\wootc\wootc\out\branded-preview\fil-PH\Microsoft.UI.Xaml.Phone.dll.mui
2026-09-27T13:05:22.0296582Z    Compressing: \\?\D:\a\wootc\wootc\out\branded-preview\fr-CA\Microsoft.ui.xaml.dll.mui
2026-09-27T13:05:22.0298406Z    Compressing: \\?\D:\a\wootc\wootc\out\branded-preview\fr-CA\Microsoft.UI.Xaml.Phone.dll.mui
2026-09-27T13:05:22.0299782Z    Compressing: \\?\D:\a\wootc\wootc\out\branded-preview\fr-FR\Microsoft.ui.xaml.dll.mui
2026-09-27T13:05:22.0301410Z    Compressing: \\?\D:\a\wootc\wootc\out\branded-preview\fr-FR\Microsoft.UI.Xaml.Phone.dll.mui
2026-09-27T13:05:22.0302628Z    Compressing: \\?\D:\a\wootc\wootc\out\branded-preview\ga-IE\Microsoft.ui.xaml.dll.mui
2026-09-27T13:05:22.0303933Z    Compressing: \\?\D:\a\wootc\wootc\out\branded-preview\ga-IE\Microsoft.UI.Xaml.Phone.dll.mui
2026-09-27T13:05:22.0305117Z    Compressing: \\?\D:\a\wootc\wootc\out\branded-preview\gd-gb\Microsoft.ui.xaml.dll.mui
2026-09-27T13:05:22.0308280Z    Compressing: \\?\D:\a\wootc\wootc\out\branded-preview\gd-gb\Microsoft.UI.Xaml.Phone.dll.mui
2026-09-27T13:05:22.0311215Z    Compressing: \\?\D:\a\wootc\wootc\out\branded-preview\gl-ES\Microsoft.ui.xaml.dll.mui
2026-09-27T13:05:22.0314658Z    Compressing: \\?\D:\a\wootc\wootc\out\branded-preview\gl-ES\Microsoft.UI.Xaml.Phone.dll.mui
2026-09-27T13:05:22.0316736Z    Compressing: \\?\D:\a\wootc\wootc\out\branded-preview\gu-IN\Microsoft.ui.xaml.dll.mui
2026-09-27T13:05:22.0320289Z    Compressing: \\?\D:\a\wootc\wootc\out\branded-preview\gu-IN\Microsoft.UI.Xaml.Phone.dll.mui
2026-09-27T13:05:22.0322386Z    Compressing: \\?\D:\a\wootc\wootc\out\branded-preview\he-IL\Microsoft.ui.xaml.dll.mui
2026-09-27T13:05:22.0325514Z    Compressing: \\?\D:\a\wootc\wootc\out\branded-preview\he-IL\Microsoft.UI.Xaml.Phone.dll.mui
2026-09-27T13:05:22.0327796Z    Compressing: \\?\D:\a\wootc\wootc\out\branded-preview\hi-IN\Microsoft.ui.xaml.dll.mui
2026-09-27T13:05:22.0331233Z    Compressing: \\?\D:\a\wootc\wootc\out\branded-preview\hi-IN\Microsoft.UI.Xaml.Phone.dll.mui
2026-09-27T13:05:22.0333494Z    Compressing: \\?\D:\a\wootc\wootc\out\branded-preview\hr-HR\Microsoft.ui.xaml.dll.mui
2026-09-27T13:05:22.0336866Z    Compressing: \\?\D:\a\wootc\wootc\out\branded-preview\hr-HR\Microsoft.UI.Xaml.Phone.dll.mui
2026-09-27T13:05:22.0339343Z    Compressing: \\?\D:\a\wootc\wootc\out\branded-preview\hu-HU\Microsoft.ui.xaml.dll.mui
2026-09-27T13:05:22.0342662Z    Compressing: \\?\D:\a\wootc\wootc\out\branded-preview\hu-HU\Microsoft.UI.Xaml.Phone.dll.mui
2026-09-27T13:05:22.0344840Z    Compressing: \\?\D:\a\wootc\wootc\out\branded-preview\hy-AM\Microsoft.ui.xaml.dll.mui
2026-09-27T13:05:22.0348272Z    Compressing: \\?\D:\a\wootc\wootc\out\branded-preview\hy-AM\Microsoft.UI.Xaml.Phone.dll.mui
2026-09-27T13:05:22.0350329Z    Compressing: \\?\D:\a\wootc\wootc\out\branded-preview\id-ID\Microsoft.ui.xaml.dll.mui
2026-09-27T13:05:22.0353684Z    Compressing: \\?\D:\a\wootc\wootc\out\branded-preview\id-ID\Microsoft.UI.Xaml.Phone.dll.mui
2026-09-27T13:05:22.0355758Z    Compressing: \\?\D:\a\wootc\wootc\out\branded-preview\is-IS\Microsoft.ui.xaml.dll.mui
2026-09-27T13:05:22.0359527Z    Compressing: \\?\D:\a\wootc\wootc\out\branded-preview\is-IS\Microsoft.UI.Xaml.Phone.dll.mui
2026-09-27T13:05:22.0361434Z    Compressing: \\?\D:\a\wootc\wootc\out\branded-preview\it-IT\Microsoft.ui.xaml.dll.mui
2026-09-27T13:05:22.0364889Z    Compressing: \\?\D:\a\wootc\wootc\out\branded-preview\it-IT\Microsoft.UI.Xaml.Phone.dll.mui
2026-09-27T13:05:22.0367097Z    Compressing: \\?\D:\a\wootc\wootc\out\branded-preview\ja-JP\Microsoft.ui.xaml.dll.mui
2026-09-27T13:05:22.0369964Z    Compressing: \\?\D:\a\wootc\wootc\out\branded-preview\ja-JP\Microsoft.UI.Xaml.Phone.dll.mui
2026-09-27T13:05:22.0372024Z    Compressing: \\?\D:\a\wootc\wootc\out\branded-preview\ka-GE\Microsoft.ui.xaml.dll.mui
2026-09-27T13:05:22.0375537Z    Compressing: \\?\D:\a\wootc\wootc\out\branded-preview\ka-GE\Microsoft.UI.Xaml.Phone.dll.mui
2026-09-27T13:05:22.0377664Z    Compressing: \\?\D:\a\wootc\wootc\out\branded-preview\kk-KZ\Microsoft.ui.xaml.dll.mui
2026-09-27T13:05:22.0381319Z    Compressing: \\?\D:\a\wootc\wootc\out\branded-preview\kk-KZ\Microsoft.UI.Xaml.Phone.dll.mui
2026-09-27T13:05:22.0383427Z    Compressing: \\?\D:\a\wootc\wootc\out\branded-preview\km-KH\Microsoft.ui.xaml.dll.mui
2026-09-27T13:05:22.0386758Z    Compressing: \\?\D:\a\wootc\wootc\out\branded-preview\km-KH\Microsoft.UI.Xaml.Phone.dll.mui
2026-09-27T13:05:22.0388772Z    Compressing: \\?\D:\a\wootc\wootc\out\branded-preview\kn-IN\Microsoft.ui.xaml.dll.mui
2026-09-27T13:05:22.0392250Z    Compressing: \\?\D:\a\wootc\wootc\out\branded-preview\kn-IN\Microsoft.UI.Xaml.Phone.dll.mui
2026-09-27T13:05:22.0394247Z    Compressing: \\?\D:\a\wootc\wootc\out\branded-preview\ko-KR\Microsoft.ui.xaml.dll.mui
2026-09-27T13:05:22.0397144Z    Compressing: \\?\D:\a\wootc\wootc\out\branded-preview\ko-KR\Microsoft.UI.Xaml.Phone.dll.mui
2026-09-27T13:05:22.0399558Z    Compressing: \\?\D:\a\wootc\wootc\out\branded-preview\kok-IN\Microsoft.ui.xaml.dll.mui
2026-09-27T13:05:22.0402877Z    Compressing: \\?\D:\a\wootc\wootc\out\branded-preview\kok-IN\Microsoft.UI.Xaml.Phone.dll.mui
2026-09-27T13:05:22.0404940Z    Compressing: \\?\D:\a\wootc\wootc\out\branded-preview\lb-LU\Microsoft.ui.xaml.dll.mui
2026-09-27T13:05:22.0408249Z    Compressing: \\?\D:\a\wootc\wootc\out\branded-preview\lb-LU\Microsoft.UI.Xaml.Phone.dll.mui
2026-09-27T13:05:22.0410427Z    Compressing: \\?\D:\a\wootc\wootc\out\branded-preview\lo-LA\Microsoft.ui.xaml.dll.mui
2026-09-27T13:05:22.0413730Z    Compressing: \\?\D:\a\wootc\wootc\out\branded-preview\lo-LA\Microsoft.UI.Xaml.Phone.dll.mui
2026-09-27T13:05:22.0415745Z    Compressing: \\?\D:\a\wootc\wootc\out\branded-preview\lt-LT\Microsoft.ui.xaml.dll.mui
2026-09-27T13:05:22.0419960Z    Compressing: \\?\D:\a\wootc\wootc\out\branded-preview\lt-LT\Microsoft.UI.Xaml.Phone.dll.mui
2026-09-27T13:05:22.0421817Z    Compressing: \\?\D:\a\wootc\wootc\out\branded-preview\lv-LV\Microsoft.ui.xaml.dll.mui
2026-09-27T13:05:22.0425149Z    Compressing: \\?\D:\a\wootc\wootc\out\branded-preview\lv-LV\Microsoft.UI.Xaml.Phone.dll.mui
2026-09-27T13:05:22.0427282Z    Compressing: \\?\D:\a\wootc\wootc\out\branded-preview\mi-NZ\Microsoft.ui.xaml.dll.mui
2026-09-27T13:05:22.0430798Z    Compressing: \\?\D:\a\wootc\wootc\out\branded-preview\mi-NZ\Microsoft.UI.Xaml.Phone.dll.mui
2026-09-27T13:05:22.0432869Z    Compressing: \\?\D:\a\wootc\wootc\out\branded-preview\Microsoft.UI.Xaml\Assets\map.html
2026-09-27T13:05:22.0436479Z    Compressing: \\?\D:\a\wootc\wootc\out\branded-preview\Microsoft.UI.Xaml\Assets\NoiseAsset_256x256_PNG.png
2026-09-27T13:05:22.0437980Z    Compressing: \\?\D:\a\wootc\wootc\out\branded-preview\mk-MK\Microsoft.ui.xaml.dll.mui
2026-09-27T13:05:22.0441379Z    Compressing: \\?\D:\a\wootc\wootc\out\branded-preview\mk-MK\Microsoft.UI.Xaml.Phone.dll.mui
2026-09-27T13:05:22.0443390Z    Compressing: \\?\D:\a\wootc\wootc\out\branded-preview\ml-IN\Microsoft.ui.xaml.dll.mui
2026-09-27T13:05:22.0446953Z    Compressing: \\?\D:\a\wootc\wootc\out\branded-preview\ml-IN\Microsoft.UI.Xaml.Phone.dll.mui
2026-09-27T13:05:22.0448967Z    Compressing: \\?\D:\a\wootc\wootc\out\branded-preview\mr-IN\Microsoft.ui.xaml.dll.mui
2026-09-27T13:05:22.0452255Z    Compressing: \\?\D:\a\wootc\wootc\out\branded-preview\mr-IN\Microsoft.UI.Xaml.Phone.dll.mui
2026-09-27T13:05:22.0454345Z    Compressing: \\?\D:\a\wootc\wootc\out\branded-preview\ms-MY\Microsoft.ui.xaml.dll.mui
2026-09-27T13:05:22.0457778Z    Compressing: \\?\D:\a\wootc\wootc\out\branded-preview\ms-MY\Microsoft.UI.Xaml.Phone.dll.mui
2026-09-27T13:05:22.0460233Z    Compressing: \\?\D:\a\wootc\wootc\out\branded-preview\mt-MT\Microsoft.ui.xaml.dll.mui
2026-09-27T13:05:22.0463612Z    Compressing: \\?\D:\a\wootc\wootc\out\branded-preview\mt-MT\Microsoft.UI.Xaml.Phone.dll.mui
2026-09-27T13:05:22.0465644Z    Compressing: \\?\D:\a\wootc\wootc\out\branded-preview\nb-NO\Microsoft.ui.xaml.dll.mui
2026-09-27T13:05:22.0468800Z    Compressing: \\?\D:\a\wootc\wootc\out\branded-preview\nb-NO\Microsoft.UI.Xaml.Phone.dll.mui
2026-09-27T13:05:22.0470827Z    Compressing: \\?\D:\a\wootc\wootc\out\branded-preview\ne-NP\Microsoft.ui.xaml.dll.mui
2026-09-27T13:05:22.0474126Z    Compressing: \\?\D:\a\wootc\wootc\out\branded-preview\ne-NP\Microsoft.UI.Xaml.Phone.dll.mui
2026-09-27T13:05:22.0476161Z    Compressing: \\?\D:\a\wootc\wootc\out\branded-preview\nl-NL\Microsoft.ui.xaml.dll.mui
2026-09-27T13:05:22.0479930Z    Compressing: \\?\D:\a\wootc\wootc\out\branded-preview\nl-NL\Microsoft.UI.Xaml.Phone.dll.mui
2026-09-27T13:05:22.0482063Z    Compressing: \\?\D:\a\wootc\wootc\out\branded-preview\nn-NO\Microsoft.ui.xaml.dll.mui
2026-09-27T13:05:22.0485238Z    Compressing: \\?\D:\a\wootc\wootc\out\branded-preview\nn-NO\Microsoft.UI.Xaml.Phone.dll.mui
2026-09-27T13:05:22.0487364Z    Compressing: \\?\D:\a\wootc\wootc\out\branded-preview\or-IN\Microsoft.ui.xaml.dll.mui
2026-09-27T13:05:22.0490738Z    Compressing: \\?\D:\a\wootc\wootc\out\branded-preview\or-IN\Microsoft.UI.Xaml.Phone.dll.mui
2026-09-27T13:05:22.0492752Z    Compressing: \\?\D:\a\wootc\wootc\out\branded-preview\pa-IN\Microsoft.ui.xaml.dll.mui
2026-09-27T13:05:22.0495985Z    Compressing: \\?\D:\a\wootc\wootc\out\branded-preview\pa-IN\Microsoft.UI.Xaml.Phone.dll.mui
2026-09-27T13:05:22.0498117Z    Compressing: \\?\D:\a\wootc\wootc\out\branded-preview\pl-PL\Microsoft.ui.xaml.dll.mui
2026-09-27T13:05:22.0501751Z    Compressing: \\?\D:\a\wootc\wootc\out\branded-preview\pl-PL\Microsoft.UI.Xaml.Phone.dll.mui
2026-09-27T13:05:22.0503856Z    Compressing: \\?\D:\a\wootc\wootc\out\branded-preview\pt-BR\Microsoft.ui.xaml.dll.mui
2026-09-27T13:05:22.0507259Z    Compressing: \\?\D:\a\wootc\wootc\out\branded-preview\pt-BR\Microsoft.UI.Xaml.Phone.dll.mui
2026-09-27T13:05:22.0509304Z    Compressing: \\?\D:\a\wootc\wootc\out\branded-preview\pt-PT\Microsoft.ui.xaml.dll.mui
2026-09-27T13:05:22.0512792Z    Compressing: \\?\D:\a\wootc\wootc\out\branded-preview\pt-PT\Microsoft.UI.Xaml.Phone.dll.mui
2026-09-27T13:05:22.0514718Z    Compressing: \\?\D:\a\wootc\wootc\out\branded-preview\quz-PE\Microsoft.ui.xaml.dll.mui
2026-09-27T13:05:22.0518399Z    Compressing: \\?\D:\a\wootc\wootc\out\branded-preview\quz-PE\Microsoft.UI.Xaml.Phone.dll.mui
2026-09-27T13:05:22.0520677Z    Compressing: \\?\D:\a\wootc\wootc\out\branded-preview\ro-RO\Microsoft.ui.xaml.dll.mui
2026-09-27T13:05:22.0524002Z    Compressing: \\?\D:\a\wootc\wootc\out\branded-preview\ro-RO\Microsoft.UI.Xaml.Phone.dll.mui
2026-09-27T13:05:22.0526163Z    Compressing: \\?\D:\a\wootc\wootc\out\branded-preview\ru-RU\Microsoft.ui.xaml.dll.mui
2026-09-27T13:05:22.0529731Z    Compressing: \\?\D:\a\wootc\wootc\out\branded-preview\ru-RU\Microsoft.UI.Xaml.Phone.dll.mui
2026-09-27T13:05:22.0531714Z    Compressing: \\?\D:\a\wootc\wootc\out\branded-preview\sk-SK\Microsoft.ui.xaml.dll.mui
2026-09-27T13:05:22.0535222Z    Compressing: \\?\D:\a\wootc\wootc\out\branded-preview\sk-SK\Microsoft.UI.Xaml.Phone.dll.mui
2026-09-27T13:05:22.0537648Z    Compressing: \\?\D:\a\wootc\wootc\out\branded-preview\sl-SI\Microsoft.ui.xaml.dll.mui
2026-09-27T13:05:22.0541102Z    Compressing: \\?\D:\a\wootc\wootc\out\branded-preview\sl-SI\Microsoft.UI.Xaml.Phone.dll.mui
2026-09-27T13:05:22.0543313Z    Compressing: \\?\D:\a\wootc\wootc\out\branded-preview\sq-AL\Microsoft.ui.xaml.dll.mui
2026-09-27T13:05:22.0546645Z    Compressing: \\?\D:\a\wootc\wootc\out\branded-preview\sq-AL\Microsoft.UI.Xaml.Phone.dll.mui
2026-09-27T13:05:22.0548771Z    Compressing: \\?\D:\a\wootc\wootc\out\branded-preview\sr-Cyrl-BA\Microsoft.ui.xaml.dll.mui
2026-09-27T13:05:22.0552210Z    Compressing: \\?\D:\a\wootc\wootc\out\branded-preview\sr-Cyrl-BA\Microsoft.UI.Xaml.Phone.dll.mui
2026-09-27T13:05:22.0554271Z    Compressing: \\?\D:\a\wootc\wootc\out\branded-preview\sr-Cyrl-RS\Microsoft.ui.xaml.dll.mui
2026-09-27T13:05:22.0557899Z    Compressing: \\?\D:\a\wootc\wootc\out\branded-preview\sr-Cyrl-RS\Microsoft.UI.Xaml.Phone.dll.mui
2026-09-27T13:05:22.0560327Z    Compressing: \\?\D:\a\wootc\wootc\out\branded-preview\sr-Latn-RS\Microsoft.ui.xaml.dll.mui
2026-09-27T13:05:22.0563738Z    Compressing: \\?\D:\a\wootc\wootc\out\branded-preview\sr-Latn-RS\Microsoft.UI.Xaml.Phone.dll.mui
2026-09-27T13:05:22.0565844Z    Compressing: \\?\D:\a\wootc\wootc\out\branded-preview\sv-SE\Microsoft.ui.xaml.dll.mui
2026-09-27T13:05:22.0569300Z    Compressing: \\?\D:\a\wootc\wootc\out\branded-preview\sv-SE\Microsoft.UI.Xaml.Phone.dll.mui
2026-09-27T13:05:22.0571530Z    Compressing: \\?\D:\a\wootc\wootc\out\branded-preview\ta-IN\Microsoft.ui.xaml.dll.mui
2026-09-27T13:05:22.0575374Z    Compressing: \\?\D:\a\wootc\wootc\out\branded-preview\ta-IN\Microsoft.UI.Xaml.Phone.dll.mui
2026-09-27T13:05:22.0578124Z    Compressing: \\?\D:\a\wootc\wootc\out\branded-preview\te-IN\Microsoft.ui.xaml.dll.mui
2026-09-27T13:05:22.0583013Z    Compressing: \\?\D:\a\wootc\wootc\out\branded-preview\te-IN\Microsoft.UI.Xaml.Phone.dll.mui
2026-09-27T13:05:22.0585567Z    Compressing: \\?\D:\a\wootc\wootc\out\branded-preview\th-TH\Microsoft.ui.xaml.dll.mui
2026-09-27T13:05:22.0588841Z    Compressing: \\?\D:\a\wootc\wootc\out\branded-preview\th-TH\Microsoft.UI.Xaml.Phone.dll.mui
2026-09-27T13:05:22.0591456Z    Compressing: \\?\D:\a\wootc\wootc\out\branded-preview\tr-TR\Microsoft.ui.xaml.dll.mui
2026-09-27T13:05:22.0596007Z    Compressing: \\?\D:\a\wootc\wootc\out\branded-preview\tr-TR\Microsoft.UI.Xaml.Phone.dll.mui
2026-09-27T13:05:22.0598680Z    Compressing: \\?\D:\a\wootc\wootc\out\branded-preview\tt-RU\Microsoft.ui.xaml.dll.mui
2026-09-27T13:05:22.0603720Z    Compressing: \\?\D:\a\wootc\wootc\out\branded-preview\tt-RU\Microsoft.UI.Xaml.Phone.dll.mui
2026-09-27T13:05:22.0606494Z    Compressing: \\?\D:\a\wootc\wootc\out\branded-preview\ug-CN\Microsoft.ui.xaml.dll.mui
2026-09-27T13:05:22.0611553Z    Compressing: \\?\D:\a\wootc\wootc\out\branded-preview\ug-CN\Microsoft.UI.Xaml.Phone.dll.mui
2026-09-27T13:05:22.0614859Z    Compressing: \\?\D:\a\wootc\wootc\out\branded-preview\uk-UA\Microsoft.ui.xaml.dll.mui
2026-09-27T13:05:22.0619506Z    Compressing: \\?\D:\a\wootc\wootc\out\branded-preview\uk-UA\Microsoft.UI.Xaml.Phone.dll.mui
2026-09-27T13:05:22.0622689Z    Compressing: \\?\D:\a\wootc\wootc\out\branded-preview\ur-PK\Microsoft.ui.xaml.dll.mui
2026-09-27T13:05:22.0627439Z    Compressing: \\?\D:\a\wootc\wootc\out\branded-preview\ur-PK\Microsoft.UI.Xaml.Phone.dll.mui
2026-09-27T13:05:22.0630210Z    Compressing: \\?\D:\a\wootc\wootc\out\branded-preview\uz-Latn-UZ\Microsoft.ui.xaml.dll.mui
2026-09-27T13:05:22.0635254Z    Compressing: \\?\D:\a\wootc\wootc\out\branded-preview\uz-Latn-UZ\Microsoft.UI.Xaml.Phone.dll.mui
2026-09-27T13:05:22.0638254Z    Compressing: \\?\D:\a\wootc\wootc\out\branded-preview\vi-VN\Microsoft.ui.xaml.dll.mui
2026-09-27T13:05:22.0643378Z    Compressing: \\?\D:\a\wootc\wootc\out\branded-preview\vi-VN\Microsoft.UI.Xaml.Phone.dll.mui
2026-09-27T13:05:22.0646111Z    Compressing: \\?\D:\a\wootc\wootc\out\branded-preview\zh-CN\Microsoft.ui.xaml.dll.mui
2026-09-27T13:05:22.0650056Z    Compressing: \\?\D:\a\wootc\wootc\out\branded-preview\zh-CN\Microsoft.UI.Xaml.Phone.dll.mui
2026-09-27T13:05:22.0652751Z    Compressing: \\?\D:\a\wootc\wootc\out\branded-preview\zh-TW\Microsoft.ui.xaml.dll.mui
2026-09-27T13:05:22.0656921Z    Compressing: \\?\D:\a\wootc\wootc\out\branded-preview\zh-TW\Microsoft.UI.Xaml.Phone.dll.mui
2026-09-27T13:05:22.6901523Z    Compressing Setup program executable
2026-09-27T13:05:23.1322052Z    Updating version info (Setup.exe)
2026-09-27T13:05:23.1322450Z    Updating manifest (Setup.exe)
2026-09-27T13:05:23.1323460Z 
2026-09-27T13:05:23.1326825Z 
2026-09-27T13:05:23.1327665Z Successful compile (35.516 sec). Resulting Setup program filename is:
2026-09-27T13:05:23.1328397Z D:\a\wootc\wootc\out\preview-installer\bazzite-native-preview-9ab2148d5316e4661fd5f0f6c895e7fe077d689d.exe
2026-09-27T13:05:33.2036532Z   Determining projects to restore...
2026-09-27T13:05:40.5596507Z   Restored D:\a\wootc\wootc\shell\Wootc.Shell.UiTests\Wootc.Shell.UiTests.csproj (in 7.08 sec).
2026-09-27T13:05:41.7680862Z   Wootc.Shell.UiTests -> D:\a\wootc\wootc\shell\Wootc.Shell.UiTests\bin\Release\net8.0-windows10.0.19041.0\Wootc.Shell.UiTests.dll
2026-09-27T13:05:41.7817517Z Test run for D:\a\wootc\wootc\shell\Wootc.Shell.UiTests\bin\Release\net8.0-windows10.0.19041.0\Wootc.Shell.UiTests.dll (.NETCoreApp,Version=v8.0)
2026-09-27T13:05:42.5456542Z A total of 1 test files matched the specified pattern.
2026-09-27T13:05:54.4560233Z Results File: D:\a\wootc\wootc\shell\Wootc.Shell.UiTests\TestResults\installed-bazzite.trx
2026-09-27T13:05:54.4564000Z 
2026-09-27T13:05:54.4617903Z Passed!  - Failed:     0, Passed:     1, Skipped:     0, Total:     1, Duration: 10 s - Wootc.Shell.UiTests.dll (net8.0)
2026-09-27T13:05:56.0339051Z [31;1mtest-installed-preview.ps1: [0mD:\a\_temp\13755f0d-eca0-4c52-b85d-c287c1d5c36f.ps1:2[0m
2026-09-27T13:05:56.0340086Z [31;1m[0m[36;1mLine |[0m
2026-09-27T13:05:56.0341425Z [31;1m[0m[36;1m[36;1m   2 | [0m [36;1m./shell/packaging/test-installed-preview.ps1 -BrandId 'bazzite' -Buil[0m …[0m
2026-09-27T13:05:56.0343008Z [31;1m[0m[36;1m[36;1m[0m[36;1m[0m[36;1m     | [31;1m ~~~~~~~~~~~~~~~~~~~~~~~~~~~~~~~~~~~~~~~~~~~~~~~~~~~~~~~~~~~~~~~~~~~~~[0m
2026-09-27T13:05:56.0344443Z [31;1m[0m[36;1m[36;1m[0m[36;1m[0m[36;1m[31;1m[31;1m[36;1m     | [31;1mException calling "Delete" with "2" argument(s): "The directory is not empty. : 'C:\Program Files\wootc Native[0m
2026-09-27T13:05:56.0346645Z [31;1m[0m[36;1m[36;1m[0m[36;1m[0m[36;1m[31;1m[31;1m[36;1m[31;1m[36;1m     | [31;1mPreview\bazzite-1ff3ff98b76b412ab8b6e68737b422e5'."[0m
2026-09-27T13:05:56.0641359Z ##[error]Process completed with exit code 1.
2026-09-27T13:05:56.0821429Z ##[group]Run actions/upload-artifact@v7
2026-09-27T13:05:56.0821763Z with:
2026-09-27T13:05:56.0821980Z   name: winui-preview-package-bazzite
2026-09-27T13:05:56.0822570Z   path: out/preview-installer/
out/branded-preview/native-package.json
shell/Wootc.Shell.UiTests/TestResults/*.trx

2026-09-27T13:05:56.0823127Z   if-no-files-found: error
2026-09-27T13:05:56.0823353Z   compression-level: 6
2026-09-27T13:05:56.0823550Z   overwrite: false
2026-09-27T13:05:56.0823747Z   include-hidden-files: false
2026-09-27T13:05:56.0823974Z   archive: true
2026-09-27T13:05:56.0824146Z env:
2026-09-27T13:05:56.0824326Z   DOTNET_ROOT: C:\Program Files\dotnet
2026-09-27T13:05:56.0824572Z   GOTOOLCHAIN: local
2026-09-27T13:05:56.0824766Z ##[endgroup]
2026-09-27T13:05:56.2795343Z Multiple search paths detected. Calculating the least common ancestor of all paths
2026-09-27T13:05:56.2799141Z The least common ancestor is D:\a\wootc\wootc. This will be the root directory of the artifact
2026-09-27T13:05:56.2800134Z With the provided path, there will be 7 files uploaded
2026-09-27T13:05:56.2804596Z Artifact name is valid!
2026-09-27T13:05:56.2805920Z Root directory input is valid!
2026-09-27T13:05:56.5111491Z Uploading artifact: winui-preview-package-bazzite.zip
2026-09-27T13:05:56.5161902Z Beginning upload of artifact content to blob storage
2026-09-27T13:05:57.3548487Z Uploaded bytes 8388608
2026-09-27T13:05:57.5089806Z Uploaded bytes 16777216
2026-09-27T13:05:57.5866588Z Uploaded bytes 25165824
2026-09-27T13:05:57.8826009Z Uploaded bytes 33554432
2026-09-27T13:05:58.1378139Z Uploaded bytes 41943040
2026-09-27T13:05:58.3430617Z Uploaded bytes 50331648
2026-09-27T13:05:58.6182569Z Uploaded bytes 58720256
2026-09-27T13:05:58.8384518Z Uploaded bytes 67108864
2026-09-27T13:05:58.8790833Z Uploaded bytes 67908356
2026-09-27T13:05:58.9094740Z Finished uploading artifact content to blob storage!
2026-09-27T13:05:58.9099806Z SHA256 digest of uploaded artifact is baaa5356f73da50862dac646224c2065431710af3ec2c4a3327ec6c88a26dcdc
2026-09-27T13:05:58.9102290Z Finalizing artifact upload
2026-09-27T13:05:59.2103462Z Artifact winui-preview-package-bazzite successfully finalized. Artifact ID 10932157696
2026-09-27T13:05:59.2104646Z Artifact winui-preview-package-bazzite has been successfully uploaded! Final size is 67908356 bytes. Artifact ID is 10932157696
2026-09-27T13:05:59.2113747Z Artifact download URL: https://github.com/tuna-os/wootc/actions/runs/36321029786/artifacts/10932157696
2026-09-27T13:05:59.2497257Z Post job cleanup.
2026-09-27T13:05:59.4641597Z [command]"C:\Program Files\Git\bin\git.exe" version
2026-09-27T13:05:59.4976996Z git version 2.55.0.windows.5
2026-09-27T13:05:59.5050311Z Temporarily overriding HOME='D:\a\_temp\f4bb5a25-253f-402d-a406-c8755c0f4cc1' before making global git config changes
2026-09-27T13:05:59.5051440Z Adding repository directory to the temporary git global config as a safe directory
2026-09-27T13:05:59.5061739Z [command]"C:\Program Files\Git\bin\git.exe" config --global --add safe.directory D:\a\wootc\wootc
2026-09-27T13:05:59.5384369Z Removing SSH command configuration
2026-09-27T13:05:59.5396132Z [command]"C:\Program Files\Git\bin\git.exe" config --local --name-only --get-regexp core\.sshCommand
2026-09-27T13:05:59.5723158Z [command]"C:\Program Files\Git\bin\git.exe" submodule foreach --recursive "sh -c \"git config --local --name-only --get-regexp 'core\.sshCommand' && git config --local --unset-all 'core.sshCommand' || :\""
2026-09-27T13:06:00.1134089Z Removing HTTP extra header
2026-09-27T13:06:00.1144884Z [command]"C:\Program Files\Git\bin\git.exe" config --local --name-only --get-regexp http\.https\:\/\/github\.com\/\.extraheader
2026-09-27T13:06:00.1455637Z [command]"C:\Program Files\Git\bin\git.exe" submodule foreach --recursive "sh -c \"git config --local --name-only --get-regexp 'http\.https\:\/\/github\.com\/\.extraheader' && git config --local --unset-all 'http.https://github.com/.extraheader' || :\""
2026-09-27T13:06:00.6817507Z Removing includeIf entries pointing to credentials config files
2026-09-27T13:06:00.6834654Z [command]"C:\Program Files\Git\bin\git.exe" config --local --name-only --get-regexp ^includeIf\.gitdir:
2026-09-27T13:06:00.7100543Z includeif.gitdir:D:/a/wootc/wootc/.git.path
2026-09-27T13:06:00.7101305Z includeif.gitdir:D:/a/wootc/wootc/.git/worktrees/*.path
2026-09-27T13:06:00.7102001Z includeif.gitdir:/github/workspace/.git.path
2026-09-27T13:06:00.7102724Z includeif.gitdir:/github/workspace/.git/worktrees/*.path
2026-09-27T13:06:00.7140621Z [command]"C:\Program Files\Git\bin\git.exe" config --local --get-all includeif.gitdir:D:/a/wootc/wootc/.git.path
2026-09-27T13:06:00.7406683Z D:\a\_temp\git-credentials-b1bbc853-90fb-486a-a192-dda18ef06085.config
2026-09-27T13:06:00.7455888Z [command]"C:\Program Files\Git\bin\git.exe" config --local --unset includeif.gitdir:D:/a/wootc/wootc/.git.path D\:\\a\\_temp\\git\-credentials\-b1bbc853\-90fb\-486a\-a192\-dda18ef06085\.config
2026-09-27T13:06:00.7861446Z [command]"C:\Program Files\Git\bin\git.exe" config --local --get-all includeif.gitdir:D:/a/wootc/wootc/.git/worktrees/*.path
2026-09-27T13:06:00.8134338Z D:\a\_temp\git-credentials-b1bbc853-90fb-486a-a192-dda18ef06085.config
2026-09-27T13:06:00.8176626Z [command]"C:\Program Files\Git\bin\git.exe" config --local --unset includeif.gitdir:D:/a/wootc/wootc/.git/worktrees/*.path D\:\\a\\_temp\\git\-credentials\-b1bbc853\-90fb\-486a\-a192\-dda18ef06085\.config
2026-09-27T13:06:00.8482215Z [command]"C:\Program Files\Git\bin\git.exe" config --local --get-all includeif.gitdir:/github/workspace/.git.path
2026-09-27T13:06:00.8744853Z /github/runner_temp/git-credentials-b1bbc853-90fb-486a-a192-dda18ef06085.config
2026-09-27T13:06:00.8785201Z [command]"C:\Program Files\Git\bin\git.exe" config --local --unset includeif.gitdir:/github/workspace/.git.path \/github\/runner_temp\/git\-credentials\-b1bbc853\-90fb\-486a\-a192\-dda18ef06085\.config
2026-09-27T13:06:00.9089895Z [command]"C:\Program Files\Git\bin\git.exe" config --local --get-all includeif.gitdir:/github/workspace/.git/worktrees/*.path
2026-09-27T13:06:00.9366391Z /github/runner_temp/git-credentials-b1bbc853-90fb-486a-a192-dda18ef06085.config
2026-09-27T13:06:00.9414610Z [command]"C:\Program Files\Git\bin\git.exe" config --local --unset includeif.gitdir:/github/workspace/.git/worktrees/*.path \/github\/runner_temp\/git\-credentials\-b1bbc853\-90fb\-486a\-a192\-dda18ef06085\.config
2026-09-27T13:06:00.9729179Z [command]"C:\Program Files\Git\bin\git.exe" submodule foreach --recursive "git config --local --show-origin --name-only --get-regexp remote.origin.url"
2026-09-27T13:06:01.5050927Z Removing credentials config 'D:\a\_temp\git-credentials-b1bbc853-90fb-486a-a192-dda18ef06085.config'
2026-09-27T13:06:01.5275658Z Cleaning up orphan processes
2026-09-27T13:06:01.5563558Z Terminate orphan process: pid (2004) (dotnet)
2026-09-27T13:06:01.5642928Z Terminate orphan process: pid (7740) (conhost)
2026-09-27T13:06:01.5897088Z Terminate orphan process: pid (6732) (VBCSCompiler)
2026-09-27T13:06:01.5956810Z Terminate orphan process: pid (9012) (conhost)
