2026-09-27T15:58:19.0649402Z Current runner version: '2.337.0'
2026-09-27T15:58:19.0668631Z ##[group]Runner Image Provisioner
2026-09-27T15:58:19.0669236Z Hosted Compute Agent
2026-09-27T15:58:19.0669590Z Version: 20260828.587
2026-09-27T15:58:19.0669963Z Commit: abac92662cab4cc7352de4f9f9d2e2419aad9c29
2026-09-27T15:58:19.0670426Z Build Date: 2026-08-28T16:44:25Z
2026-09-27T15:58:19.0670824Z Worker ID: {81afa846-d7cd-44f3-8dc7-2a75f2ba900b}
2026-09-27T15:58:19.0671226Z Azure Region: westus3
2026-09-27T15:58:19.0671634Z ##[endgroup]
2026-09-27T15:58:19.0672627Z ##[group]Operating System
2026-09-27T15:58:19.0673019Z Ubuntu
2026-09-27T15:58:19.0673329Z 24.04.5
2026-09-27T15:58:19.0673648Z LTS
2026-09-27T15:58:19.0674180Z ##[endgroup]
2026-09-27T15:58:19.0674505Z ##[group]Runner Image
2026-09-27T15:58:19.0674867Z Image: ubuntu-24.04
2026-09-27T15:58:19.0675211Z Version: 20260920.314.1
2026-09-27T15:58:19.0676019Z Included Software: https://github.com/actions/runner-images/blob/ubuntu24/20260920.314/images/ubuntu/Ubuntu2404-Readme.md
2026-09-27T15:58:19.0676872Z Image Release: https://github.com/actions/runner-images/releases/tag/ubuntu24%2F20260920.314
2026-09-27T15:58:19.0677433Z ##[endgroup]
2026-09-27T15:58:19.0678157Z ##[group]GITHUB_TOKEN Permissions
2026-09-27T15:58:19.0679535Z Contents: read
2026-09-27T15:58:19.0679888Z Metadata: read
2026-09-27T15:58:19.0680639Z ##[endgroup]
2026-09-27T15:58:19.0682521Z Secret source: Actions
2026-09-27T15:58:19.0683097Z Cache mode: write
2026-09-27T15:58:19.0684078Z Prepare workflow directory
2026-09-27T15:58:19.0891055Z Prepare all required actions
2026-09-27T15:58:19.0924353Z Getting action download info
2026-09-27T15:58:19.4180234Z Download action repository 'actions/checkout@v7' (SHA:3d3c42e5aac5ba805825da76410c181273ba90b1)
2026-09-27T15:58:19.4881871Z Download action repository 'actions/upload-artifact@v7' (SHA:043fb46d1a93c77aae656e7c1c64a875d1fc6a0a)
2026-09-27T15:58:19.6515750Z Complete job name: controls
2026-09-27T15:58:19.7018214Z ##[group]Run actions/checkout@v7
2026-09-27T15:58:19.7018672Z with:
2026-09-27T15:58:19.7018921Z   repository: tuna-os/wootc
2026-09-27T15:58:19.7021157Z   token: ***
2026-09-27T15:58:19.7021392Z   ssh-strict: true
2026-09-27T15:58:19.7021638Z   ssh-user: git
2026-09-27T15:58:19.7021887Z   persist-credentials: true
2026-09-27T15:58:19.7022156Z   clean: true
2026-09-27T15:58:19.7022407Z   sparse-checkout-cone-mode: true
2026-09-27T15:58:19.7022691Z   fetch-depth: 1
2026-09-27T15:58:19.7022931Z   fetch-tags: false
2026-09-27T15:58:19.7023175Z   show-progress: true
2026-09-27T15:58:19.7023419Z   lfs: false
2026-09-27T15:58:19.7023647Z   submodules: false
2026-09-27T15:58:19.7024015Z   set-safe-directory: true
2026-09-27T15:58:19.7024290Z   allow-unsafe-pr-checkout: false
2026-09-27T15:58:19.7024650Z ##[endgroup]
2026-09-27T15:58:19.7795170Z Syncing repository: tuna-os/wootc
2026-09-27T15:58:19.7796952Z ##[group]Getting Git version info
2026-09-27T15:58:19.7797621Z Working directory is '/home/runner/work/wootc/wootc'
2026-09-27T15:58:19.7798501Z [command]/usr/bin/git version
2026-09-27T15:58:19.7889982Z git version 2.55.0
2026-09-27T15:58:19.7903320Z ##[endgroup]
2026-09-27T15:58:19.7913480Z Temporarily overriding HOME='/home/runner/work/_temp/3a999734-28ed-4df6-977a-77c6dee02673' before making global git config changes
2026-09-27T15:58:19.7914997Z Adding repository directory to the temporary git global config as a safe directory
2026-09-27T15:58:19.7918963Z [command]/usr/bin/git config --global --add safe.directory /home/runner/work/wootc/wootc
2026-09-27T15:58:19.7967455Z Deleting the contents of '/home/runner/work/wootc/wootc'
2026-09-27T15:58:19.7970387Z ##[group]Determining repository object format
2026-09-27T15:58:19.7971725Z ##[endgroup]
2026-09-27T15:58:19.7972353Z ##[group]Initializing the repository
2026-09-27T15:58:19.7977258Z [command]/usr/bin/git init /home/runner/work/wootc/wootc
2026-09-27T15:58:19.8082832Z hint: Using 'master' as the name for the initial branch. This default branch name
2026-09-27T15:58:19.8084976Z hint: will change to "main" in Git 3.0. To configure the initial branch name
2026-09-27T15:58:19.8086265Z hint: to use in all of your new repositories, which will suppress this warning,
2026-09-27T15:58:19.8087000Z hint: call:
2026-09-27T15:58:19.8087350Z hint:
2026-09-27T15:58:19.8087802Z hint: 	git config --global init.defaultBranch <name>
2026-09-27T15:58:19.8088303Z hint:
2026-09-27T15:58:19.8088766Z hint: Names commonly chosen instead of 'master' are 'main', 'trunk' and
2026-09-27T15:58:19.8089543Z hint: 'development'. The just-created branch can be renamed via this command:
2026-09-27T15:58:19.8090159Z hint:
2026-09-27T15:58:19.8090510Z hint: 	git branch -m <name>
2026-09-27T15:58:19.8090919Z hint:
2026-09-27T15:58:19.8091427Z hint: Disable this message with "git config set advice.defaultBranchName false"
2026-09-27T15:58:19.8092225Z Initialized empty Git repository in /home/runner/work/wootc/wootc/.git/
2026-09-27T15:58:19.8093924Z [command]/usr/bin/git remote add origin https://github.com/tuna-os/wootc
2026-09-27T15:58:19.8149723Z ##[endgroup]
2026-09-27T15:58:19.8150262Z ##[group]Disabling automatic garbage collection
2026-09-27T15:58:19.8152855Z [command]/usr/bin/git config --local gc.auto 0
2026-09-27T15:58:19.8204236Z ##[endgroup]
2026-09-27T15:58:19.8204913Z ##[group]Setting up auth
2026-09-27T15:58:19.8205444Z Removing SSH command configuration
2026-09-27T15:58:19.8210810Z [command]/usr/bin/git config --local --name-only --get-regexp core\.sshCommand
2026-09-27T15:58:19.8250535Z [command]/usr/bin/git submodule foreach --recursive sh -c "git config --local --name-only --get-regexp 'core\.sshCommand' && git config --local --unset-all 'core.sshCommand' || :"
2026-09-27T15:58:19.8558883Z Removing HTTP extra header
2026-09-27T15:58:19.8563980Z [command]/usr/bin/git config --local --name-only --get-regexp http\.https\:\/\/github\.com\/\.extraheader
2026-09-27T15:58:19.8596589Z [command]/usr/bin/git submodule foreach --recursive sh -c "git config --local --name-only --get-regexp 'http\.https\:\/\/github\.com\/\.extraheader' && git config --local --unset-all 'http.https://github.com/.extraheader' || :"
2026-09-27T15:58:19.8782320Z Removing includeIf entries pointing to credentials config files
2026-09-27T15:58:19.8787555Z [command]/usr/bin/git config --local --name-only --get-regexp ^includeIf\.gitdir:
2026-09-27T15:58:19.8820433Z [command]/usr/bin/git submodule foreach --recursive git config --local --show-origin --name-only --get-regexp remote.origin.url
2026-09-27T15:58:19.9011431Z [command]/usr/bin/git config --file /home/runner/work/_temp/git-credentials-cff4c288-3d65-4e74-bd7e-599d26cabb1d.config http.https://github.com/.extraheader AUTHORIZATION: basic ***
2026-09-27T15:58:19.9049369Z [command]/usr/bin/git config --local includeIf.gitdir:/home/runner/work/wootc/wootc/.git.path /home/runner/work/_temp/git-credentials-cff4c288-3d65-4e74-bd7e-599d26cabb1d.config
2026-09-27T15:58:19.9081354Z [command]/usr/bin/git config --local includeIf.gitdir:/home/runner/work/wootc/wootc/.git/worktrees/*.path /home/runner/work/_temp/git-credentials-cff4c288-3d65-4e74-bd7e-599d26cabb1d.config
2026-09-27T15:58:19.9116022Z [command]/usr/bin/git config --local includeIf.gitdir:/github/workspace/.git.path /github/runner_temp/git-credentials-cff4c288-3d65-4e74-bd7e-599d26cabb1d.config
2026-09-27T15:58:19.9148747Z [command]/usr/bin/git config --local includeIf.gitdir:/github/workspace/.git/worktrees/*.path /github/runner_temp/git-credentials-cff4c288-3d65-4e74-bd7e-599d26cabb1d.config
2026-09-27T15:58:19.9179390Z ##[endgroup]
2026-09-27T15:58:19.9179865Z ##[group]Fetching the repository
2026-09-27T15:58:19.9185406Z [command]/usr/bin/git -c protocol.version=2 fetch --no-tags --prune --no-recurse-submodules --depth=1 origin +fcd97d613275be2d6126cd0ba7a915b8043d3a1d:refs/remotes/pull/494/merge
2026-09-27T15:58:21.4099806Z From https://github.com/tuna-os/wootc
2026-09-27T15:58:21.4104189Z  * [new ref]         fcd97d613275be2d6126cd0ba7a915b8043d3a1d -> pull/494/merge
2026-09-27T15:58:21.4107252Z ##[endgroup]
2026-09-27T15:58:21.4108421Z ##[group]Determining the checkout info
2026-09-27T15:58:21.4109999Z ##[endgroup]
2026-09-27T15:58:21.4110778Z [command]/usr/bin/git sparse-checkout disable
2026-09-27T15:58:21.4155945Z [command]/usr/bin/git config --local --unset-all extensions.worktreeConfig
2026-09-27T15:58:21.4185466Z ##[group]Checking out the ref
2026-09-27T15:58:21.4188204Z [command]/usr/bin/git checkout --progress --force refs/remotes/pull/494/merge
2026-09-27T15:58:21.4930673Z Note: switching to 'refs/remotes/pull/494/merge'.
2026-09-27T15:58:21.4931455Z 
2026-09-27T15:58:21.4931918Z You are in 'detached HEAD' state. You can look around, make experimental
2026-09-27T15:58:21.4933127Z changes and commit them, and you can discard any commits you make in this
2026-09-27T15:58:21.4934800Z state without impacting any branches by switching back to a branch.
2026-09-27T15:58:21.4935628Z 
2026-09-27T15:58:21.4936091Z If you want to create a new branch to retain commits you create, you may
2026-09-27T15:58:21.4937236Z do so (now or later) by using -c with the switch command. Example:
2026-09-27T15:58:21.4937880Z 
2026-09-27T15:58:21.4938163Z   git switch -c <new-branch-name>
2026-09-27T15:58:21.4938579Z 
2026-09-27T15:58:21.4938873Z Or undo this operation with:
2026-09-27T15:58:21.4939358Z 
2026-09-27T15:58:21.4939686Z   git switch -
2026-09-27T15:58:21.4940124Z 
2026-09-27T15:58:21.4940880Z Turn off this advice by setting config variable advice.detachedHead to false
2026-09-27T15:58:21.4941712Z 
2026-09-27T15:58:21.4942670Z HEAD is now at fcd97d6 Merge 2085699f6056635c34848b6e49c9597a1489e442 into a1fd5f7dcea3d4ac8c67a588d5f41c4277609822
2026-09-27T15:58:21.4946352Z ##[endgroup]
2026-09-27T15:58:21.4983298Z [command]/usr/bin/git log -1 --format=%H
2026-09-27T15:58:21.5007855Z fcd97d613275be2d6126cd0ba7a915b8043d3a1d
2026-09-27T15:58:21.5207097Z ##[group]Run sudo apt-get update -qq
2026-09-27T15:58:21.5208056Z [36;1msudo apt-get update -qq[0m
2026-09-27T15:58:21.5209191Z [36;1msudo apt-get install -y -qq qemu-system-x86 qemu-utils ovmf genisoimage binutils[0m
2026-09-27T15:58:21.5432452Z shell: /usr/bin/bash -e {0}
2026-09-27T15:58:21.5433261Z ##[endgroup]
2026-09-27T15:58:34.4951050Z Selecting previously unselected package msr-tools.
2026-09-27T15:58:34.5180561Z (Reading database ... 
2026-09-27T15:58:34.5180879Z (Reading database ... 5%
2026-09-27T15:58:34.5181091Z (Reading database ... 10%
2026-09-27T15:58:34.5181376Z (Reading database ... 15%
2026-09-27T15:58:34.5181549Z (Reading database ... 20%
2026-09-27T15:58:34.5181837Z (Reading database ... 25%
2026-09-27T15:58:34.5256846Z (Reading database ... 30%
2026-09-27T15:58:34.5257428Z (Reading database ... 35%
2026-09-27T15:58:34.5257668Z (Reading database ... 40%
2026-09-27T15:58:34.5257871Z (Reading database ... 45%
2026-09-27T15:58:34.5258173Z (Reading database ... 50%
2026-09-27T15:58:34.5264971Z (Reading database ... 55%
2026-09-27T15:58:34.6061519Z (Reading database ... 60%
2026-09-27T15:58:34.7940685Z (Reading database ... 65%
2026-09-27T15:58:35.0004154Z (Reading database ... 70%
2026-09-27T15:58:35.1653002Z (Reading database ... 75%
2026-09-27T15:58:35.3009416Z (Reading database ... 80%
2026-09-27T15:58:35.4596855Z (Reading database ... 85%
2026-09-27T15:58:35.5600892Z (Reading database ... 90%
2026-09-27T15:58:35.6221326Z (Reading database ... 95%
2026-09-27T15:58:35.6221659Z (Reading database ... 100%
2026-09-27T15:58:35.6221957Z (Reading database ... 202190 files and directories currently installed.)
2026-09-27T15:58:35.6259005Z Preparing to unpack .../00-msr-tools_1.3-5ubuntu0.1_amd64.deb ...
2026-09-27T15:58:35.6277393Z Unpacking msr-tools (1.3-5ubuntu0.1) ...
2026-09-27T15:58:35.6477981Z Selecting previously unselected package cpu-checker.
2026-09-27T15:58:35.6575178Z Preparing to unpack .../01-cpu-checker_0.7-1.3build2_amd64.deb ...
2026-09-27T15:58:35.6583275Z Unpacking cpu-checker (0.7-1.3build2) ...
2026-09-27T15:58:35.6775178Z Selecting previously unselected package genisoimage.
2026-09-27T15:58:35.6873943Z Preparing to unpack .../02-genisoimage_9%3a1.1.11-3.5_amd64.deb ...
2026-09-27T15:58:35.6974885Z Unpacking genisoimage (9:1.1.11-3.5) ...
2026-09-27T15:58:35.7236221Z Selecting previously unselected package libproxy1v5:amd64.
2026-09-27T15:58:35.7331215Z Preparing to unpack .../03-libproxy1v5_0.5.4-4build1_amd64.deb ...
2026-09-27T15:58:35.7348448Z Unpacking libproxy1v5:amd64 (0.5.4-4build1) ...
2026-09-27T15:58:35.7539197Z Selecting previously unselected package glib-networking-common.
2026-09-27T15:58:35.7636398Z Preparing to unpack .../04-glib-networking-common_2.80.0-1build1_all.deb ...
2026-09-27T15:58:35.7643707Z Unpacking glib-networking-common (2.80.0-1build1) ...
2026-09-27T15:58:35.7815078Z Selecting previously unselected package glib-networking-services.
2026-09-27T15:58:35.7913048Z Preparing to unpack .../05-glib-networking-services_2.80.0-1build1_amd64.deb ...
2026-09-27T15:58:35.7921069Z Unpacking glib-networking-services (2.80.0-1build1) ...
2026-09-27T15:58:35.8118778Z Selecting previously unselected package session-migration.
2026-09-27T15:58:35.8219392Z Preparing to unpack .../06-session-migration_0.3.9build1_amd64.deb ...
2026-09-27T15:58:35.8226606Z Unpacking session-migration (0.3.9build1) ...
2026-09-27T15:58:35.8420396Z Selecting previously unselected package gsettings-desktop-schemas.
2026-09-27T15:58:35.8521722Z Preparing to unpack .../07-gsettings-desktop-schemas_46.1-0ubuntu1_all.deb ...
2026-09-27T15:58:35.8529171Z Unpacking gsettings-desktop-schemas (46.1-0ubuntu1) ...
2026-09-27T15:58:35.8844507Z Selecting previously unselected package glib-networking:amd64.
2026-09-27T15:58:35.8944096Z Preparing to unpack .../08-glib-networking_2.80.0-1build1_amd64.deb ...
2026-09-27T15:58:35.8951902Z Unpacking glib-networking:amd64 (2.80.0-1build1) ...
2026-09-27T15:58:35.9143251Z Selecting previously unselected package libcdparanoia0:amd64.
2026-09-27T15:58:35.9238262Z Preparing to unpack .../09-libcdparanoia0_3.10.2+debian-14build3_amd64.deb ...
2026-09-27T15:58:35.9246202Z Unpacking libcdparanoia0:amd64 (3.10.2+debian-14build3) ...
2026-09-27T15:58:35.9445465Z Selecting previously unselected package liborc-0.4-0t64:amd64.
2026-09-27T15:58:35.9541800Z Preparing to unpack .../10-liborc-0.4-0t64_1%3a0.4.38-1ubuntu0.1_amd64.deb ...
2026-09-27T15:58:35.9549776Z Unpacking liborc-0.4-0t64:amd64 (1:0.4.38-1ubuntu0.1) ...
2026-09-27T15:58:35.9769789Z Selecting previously unselected package libgstreamer-plugins-base1.0-0:amd64.
2026-09-27T15:58:35.9869138Z Preparing to unpack .../11-libgstreamer-plugins-base1.0-0_1.24.2-1ubuntu0.5_amd64.deb ...
2026-09-27T15:58:35.9877512Z Unpacking libgstreamer-plugins-base1.0-0:amd64 (1.24.2-1ubuntu0.5) ...
2026-09-27T15:58:36.0204872Z Selecting previously unselected package libopus0:amd64.
2026-09-27T15:58:36.0304213Z Preparing to unpack .../12-libopus0_1.4-1build1_amd64.deb ...
2026-09-27T15:58:36.0312230Z Unpacking libopus0:amd64 (1.4-1build1) ...
2026-09-27T15:58:36.0518506Z Selecting previously unselected package libtheora0:amd64.
2026-09-27T15:58:36.0619600Z Preparing to unpack .../13-libtheora0_1.1.1+dfsg.1-16.1build3_amd64.deb ...
2026-09-27T15:58:36.0759686Z Unpacking libtheora0:amd64 (1.1.1+dfsg.1-16.1build3) ...
2026-09-27T15:58:36.0972485Z Selecting previously unselected package libvisual-0.4-0:amd64.
2026-09-27T15:58:36.1072437Z Preparing to unpack .../14-libvisual-0.4-0_0.4.2-2build1_amd64.deb ...
2026-09-27T15:58:36.1079879Z Unpacking libvisual-0.4-0:amd64 (0.4.2-2build1) ...
2026-09-27T15:58:36.1283905Z Selecting previously unselected package libvorbisenc2:amd64.
2026-09-27T15:58:36.1383982Z Preparing to unpack .../15-libvorbisenc2_1.3.7-1build3_amd64.deb ...
2026-09-27T15:58:36.1390933Z Unpacking libvorbisenc2:amd64 (1.3.7-1build3) ...
2026-09-27T15:58:36.1582989Z Selecting previously unselected package gstreamer1.0-plugins-base:amd64.
2026-09-27T15:58:36.1682309Z Preparing to unpack .../16-gstreamer1.0-plugins-base_1.24.2-1ubuntu0.5_amd64.deb ...
2026-09-27T15:58:36.1689036Z Unpacking gstreamer1.0-plugins-base:amd64 (1.24.2-1ubuntu0.5) ...
2026-09-27T15:58:36.2014343Z Selecting previously unselected package libaa1:amd64.
2026-09-27T15:58:36.2116691Z Preparing to unpack .../17-libaa1_1.4p5-51.1_amd64.deb ...
2026-09-27T15:58:36.2124974Z Unpacking libaa1:amd64 (1.4p5-51.1) ...
2026-09-27T15:58:36.2326408Z Selecting previously unselected package libraw1394-11:amd64.
2026-09-27T15:58:36.2427717Z Preparing to unpack .../18-libraw1394-11_2.1.2-2build3_amd64.deb ...
2026-09-27T15:58:36.2437002Z Unpacking libraw1394-11:amd64 (2.1.2-2build3) ...
2026-09-27T15:58:36.2769563Z Selecting previously unselected package libavc1394-0:amd64.
2026-09-27T15:58:36.2870948Z Preparing to unpack .../19-libavc1394-0_0.5.4-5build3_amd64.deb ...
2026-09-27T15:58:36.2878873Z Unpacking libavc1394-0:amd64 (0.5.4-5build3) ...
2026-09-27T15:58:36.3067043Z Selecting previously unselected package libcaca0:amd64.
2026-09-27T15:58:36.3166076Z Preparing to unpack .../20-libcaca0_0.99.beta20-4ubuntu0.2_amd64.deb ...
2026-09-27T15:58:36.3175112Z Unpacking libcaca0:amd64 (0.99.beta20-4ubuntu0.2) ...
2026-09-27T15:58:36.3394443Z Selecting previously unselected package libdv4t64:amd64.
2026-09-27T15:58:36.3492401Z Preparing to unpack .../21-libdv4t64_1.0.0-17.1build1_amd64.deb ...
2026-09-27T15:58:36.3500519Z Unpacking libdv4t64:amd64 (1.0.0-17.1build1) ...
2026-09-27T15:58:36.3700457Z Selecting previously unselected package libflac12t64:amd64.
2026-09-27T15:58:36.3798731Z Preparing to unpack .../22-libflac12t64_1.4.3+ds-2.1ubuntu2_amd64.deb ...
2026-09-27T15:58:36.3806766Z Unpacking libflac12t64:amd64 (1.4.3+ds-2.1ubuntu2) ...
2026-09-27T15:58:36.4020764Z Selecting previously unselected package libgstreamer-plugins-good1.0-0:amd64.
2026-09-27T15:58:36.4121202Z Preparing to unpack .../23-libgstreamer-plugins-good1.0-0_1.24.2-1ubuntu1.7_amd64.deb ...
2026-09-27T15:58:36.4128176Z Unpacking libgstreamer-plugins-good1.0-0:amd64 (1.24.2-1ubuntu1.7) ...
2026-09-27T15:58:36.4324984Z Selecting previously unselected package libiec61883-0:amd64.
2026-09-27T15:58:36.4425700Z Preparing to unpack .../24-libiec61883-0_1.2.0-6build1_amd64.deb ...
2026-09-27T15:58:36.4433884Z Unpacking libiec61883-0:amd64 (1.2.0-6build1) ...
2026-09-27T15:58:36.4756552Z Selecting previously unselected package libmp3lame0:amd64.
2026-09-27T15:58:36.4855685Z Preparing to unpack .../25-libmp3lame0_3.100-6build1_amd64.deb ...
2026-09-27T15:58:36.4864402Z Unpacking libmp3lame0:amd64 (3.100-6build1) ...
2026-09-27T15:58:36.5062235Z Selecting previously unselected package libmpg123-0t64:amd64.
2026-09-27T15:58:36.5161051Z Preparing to unpack .../26-libmpg123-0t64_1.32.5-1ubuntu1.1_amd64.deb ...
2026-09-27T15:58:36.5168083Z Unpacking libmpg123-0t64:amd64 (1.32.5-1ubuntu1.1) ...
2026-09-27T15:58:36.5366715Z Selecting previously unselected package libasyncns0:amd64.
2026-09-27T15:58:36.5465397Z Preparing to unpack .../27-libasyncns0_0.8-6build4_amd64.deb ...
2026-09-27T15:58:36.5473245Z Unpacking libasyncns0:amd64 (0.8-6build4) ...
2026-09-27T15:58:36.5657592Z Selecting previously unselected package libsndfile1:amd64.
2026-09-27T15:58:36.5756127Z Preparing to unpack .../28-libsndfile1_1.2.2-1ubuntu5.24.04.1_amd64.deb ...
2026-09-27T15:58:36.5763869Z Unpacking libsndfile1:amd64 (1.2.2-1ubuntu5.24.04.1) ...
2026-09-27T15:58:36.5976573Z Selecting previously unselected package libpulse0:amd64.
2026-09-27T15:58:36.6075159Z Preparing to unpack .../29-libpulse0_1%3a16.1+dfsg1-2ubuntu10.1_amd64.deb ...
2026-09-27T15:58:36.6138976Z Unpacking libpulse0:amd64 (1:16.1+dfsg1-2ubuntu10.1) ...
2026-09-27T15:58:36.6352801Z Selecting previously unselected package libspeex1:amd64.
2026-09-27T15:58:36.6459660Z Preparing to unpack .../30-libspeex1_1.2.1-2ubuntu2.24.04.1_amd64.deb ...
2026-09-27T15:58:36.6468691Z Unpacking libspeex1:amd64 (1.2.1-2ubuntu2.24.04.1) ...
2026-09-27T15:58:36.6750560Z Selecting previously unselected package libshout3:amd64.
2026-09-27T15:58:36.6849408Z Preparing to unpack .../31-libshout3_2.4.6-1build2_amd64.deb ...
2026-09-27T15:58:36.6856738Z Unpacking libshout3:amd64 (2.4.6-1build2) ...
2026-09-27T15:58:36.7049230Z Selecting previously unselected package libtag1v5-vanilla:amd64.
2026-09-27T15:58:36.7147847Z Preparing to unpack .../32-libtag1v5-vanilla_1.13.1-1build1_amd64.deb ...
2026-09-27T15:58:36.7154249Z Unpacking libtag1v5-vanilla:amd64 (1.13.1-1build1) ...
2026-09-27T15:58:36.7354075Z Selecting previously unselected package libtag1v5:amd64.
2026-09-27T15:58:36.7451567Z Preparing to unpack .../33-libtag1v5_1.13.1-1build1_amd64.deb ...
2026-09-27T15:58:36.7457736Z Unpacking libtag1v5:amd64 (1.13.1-1build1) ...
2026-09-27T15:58:36.7638308Z Selecting previously unselected package libtwolame0:amd64.
2026-09-27T15:58:36.7738419Z Preparing to unpack .../34-libtwolame0_0.4.0-2build3_amd64.deb ...
2026-09-27T15:58:36.7746722Z Unpacking libtwolame0:amd64 (0.4.0-2build3) ...
2026-09-27T15:58:36.7939437Z Selecting previously unselected package libv4lconvert0t64:amd64.
2026-09-27T15:58:36.8042309Z Preparing to unpack .../35-libv4lconvert0t64_1.26.1-4build3_amd64.deb ...
2026-09-27T15:58:36.8050309Z Unpacking libv4lconvert0t64:amd64 (1.26.1-4build3) ...
2026-09-27T15:58:36.8254475Z Selecting previously unselected package libv4l-0t64:amd64.
2026-09-27T15:58:36.8356563Z Preparing to unpack .../36-libv4l-0t64_1.26.1-4build3_amd64.deb ...
2026-09-27T15:58:36.8363443Z Unpacking libv4l-0t64:amd64 (1.26.1-4build3) ...
2026-09-27T15:58:36.8643454Z Selecting previously unselected package libvpx9:amd64.
2026-09-27T15:58:36.8745484Z Preparing to unpack .../37-libvpx9_1.14.0-1ubuntu2.3_amd64.deb ...
2026-09-27T15:58:36.8753874Z Unpacking libvpx9:amd64 (1.14.0-1ubuntu2.3) ...
2026-09-27T15:58:36.9080537Z Selecting previously unselected package libwavpack1:amd64.
2026-09-27T15:58:36.9179856Z Preparing to unpack .../38-libwavpack1_5.6.0-1build1_amd64.deb ...
2026-09-27T15:58:36.9186945Z Unpacking libwavpack1:amd64 (5.6.0-1build1) ...
2026-09-27T15:58:36.9371473Z Selecting previously unselected package libsoup-3.0-common.
2026-09-27T15:58:36.9470394Z Preparing to unpack .../39-libsoup-3.0-common_3.4.4-5ubuntu0.8_all.deb ...
2026-09-27T15:58:36.9555727Z Unpacking libsoup-3.0-common (3.4.4-5ubuntu0.8) ...
2026-09-27T15:58:36.9735753Z Selecting previously unselected package libsoup-3.0-0:amd64.
2026-09-27T15:58:36.9833264Z Preparing to unpack .../40-libsoup-3.0-0_3.4.4-5ubuntu0.8_amd64.deb ...
2026-09-27T15:58:36.9840270Z Unpacking libsoup-3.0-0:amd64 (3.4.4-5ubuntu0.8) ...
2026-09-27T15:58:37.0036400Z Selecting previously unselected package gstreamer1.0-plugins-good:amd64.
2026-09-27T15:58:37.0134372Z Preparing to unpack .../41-gstreamer1.0-plugins-good_1.24.2-1ubuntu1.7_amd64.deb ...
2026-09-27T15:58:37.0140761Z Unpacking gstreamer1.0-plugins-good:amd64 (1.24.2-1ubuntu1.7) ...
2026-09-27T15:58:37.0962951Z Selecting previously unselected package libxv1:amd64.
2026-09-27T15:58:37.1061929Z Preparing to unpack .../42-libxv1_2%3a1.0.11-1.1build1_amd64.deb ...
2026-09-27T15:58:37.1068647Z Unpacking libxv1:amd64 (2:1.0.11-1.1build1) ...
2026-09-27T15:58:37.1230511Z Selecting previously unselected package gstreamer1.0-x:amd64.
2026-09-27T15:58:37.1323386Z Preparing to unpack .../43-gstreamer1.0-x_1.24.2-1ubuntu0.5_amd64.deb ...
2026-09-27T15:58:37.1329580Z Unpacking gstreamer1.0-x:amd64 (1.24.2-1ubuntu0.5) ...
2026-09-27T15:58:37.1500326Z Selecting previously unselected package ipxe-qemu.
2026-09-27T15:58:37.1595509Z Preparing to unpack .../44-ipxe-qemu_1.21.1+git-20220113.fbbdc3926-0ubuntu2_all.deb ...
2026-09-27T15:58:37.1601495Z Unpacking ipxe-qemu (1.21.1+git-20220113.fbbdc3926-0ubuntu2) ...
2026-09-27T15:58:37.1950474Z Selecting previously unselected package ipxe-qemu-256k-compat-efi-roms.
2026-09-27T15:58:37.2048694Z Preparing to unpack .../45-ipxe-qemu-256k-compat-efi-roms_1.0.0+git-20150424.a25a16d-0ubuntu5_all.deb ...
2026-09-27T15:58:37.2056357Z Unpacking ipxe-qemu-256k-compat-efi-roms (1.0.0+git-20150424.a25a16d-0ubuntu5) ...
2026-09-27T15:58:37.2265127Z Selecting previously unselected package libboost-iostreams1.83.0:amd64.
2026-09-27T15:58:37.2362442Z Preparing to unpack .../46-libboost-iostreams1.83.0_1.83.0-2.1ubuntu3.2_amd64.deb ...
2026-09-27T15:58:37.2370222Z Unpacking libboost-iostreams1.83.0:amd64 (1.83.0-2.1ubuntu3.2) ...
2026-09-27T15:58:37.2815423Z Selecting previously unselected package libboost-thread1.83.0:amd64.
2026-09-27T15:58:37.2917078Z Preparing to unpack .../47-libboost-thread1.83.0_1.83.0-2.1ubuntu3.2_amd64.deb ...
2026-09-27T15:58:37.2924834Z Unpacking libboost-thread1.83.0:amd64 (1.83.0-2.1ubuntu3.2) ...
2026-09-27T15:58:37.3255552Z Selecting previously unselected package libbrlapi0.8:amd64.
2026-09-27T15:58:37.3354685Z Preparing to unpack .../48-libbrlapi0.8_6.6-4ubuntu5_amd64.deb ...
2026-09-27T15:58:37.3362480Z Unpacking libbrlapi0.8:amd64 (6.6-4ubuntu5) ...
2026-09-27T15:58:37.3549976Z Selecting previously unselected package libpcsclite1:amd64.
2026-09-27T15:58:37.3648973Z Preparing to unpack .../49-libpcsclite1_2.0.3-1build1_amd64.deb ...
2026-09-27T15:58:37.3655833Z Unpacking libpcsclite1:amd64 (2.0.3-1build1) ...
2026-09-27T15:58:37.3838464Z Selecting previously unselected package libcacard0:amd64.
2026-09-27T15:58:37.3957417Z Preparing to unpack .../50-libcacard0_1%3a2.8.0-3build4_amd64.deb ...
2026-09-27T15:58:37.3965616Z Unpacking libcacard0:amd64 (1:2.8.0-3build4) ...
2026-09-27T15:58:37.4157138Z Selecting previously unselected package libdaxctl1:amd64.
2026-09-27T15:58:37.4255156Z Preparing to unpack .../51-libdaxctl1_77-2ubuntu2_amd64.deb ...
2026-09-27T15:58:37.4263076Z Unpacking libdaxctl1:amd64 (77-2ubuntu2) ...
2026-09-27T15:58:37.4448911Z Selecting previously unselected package libdecor-0-0:amd64.
2026-09-27T15:58:37.4548200Z Preparing to unpack .../52-libdecor-0-0_0.2.2-1build2_amd64.deb ...
2026-09-27T15:58:37.4555537Z Unpacking libdecor-0-0:amd64 (0.2.2-1build2) ...
2026-09-27T15:58:37.4840073Z Selecting previously unselected package libdecor-0-plugin-1-gtk:amd64.
2026-09-27T15:58:37.4938457Z Preparing to unpack .../53-libdecor-0-plugin-1-gtk_0.2.2-1build2_amd64.deb ...
2026-09-27T15:58:37.4945389Z Unpacking libdecor-0-plugin-1-gtk:amd64 (0.2.2-1build2) ...
2026-09-27T15:58:37.5127636Z Selecting previously unselected package librdmacm1t64:amd64.
2026-09-27T15:58:37.5227514Z Preparing to unpack .../54-librdmacm1t64_50.0-2ubuntu0.2_amd64.deb ...
2026-09-27T15:58:37.5234772Z Unpacking librdmacm1t64:amd64 (50.0-2ubuntu0.2) ...
2026-09-27T15:58:37.5430455Z Selecting previously unselected package libiscsi7:amd64.
2026-09-27T15:58:37.5530046Z Preparing to unpack .../55-libiscsi7_1.19.0-3build4_amd64.deb ...
2026-09-27T15:58:37.5537440Z Unpacking libiscsi7:amd64 (1.19.0-3build4) ...
2026-09-27T15:58:37.5728260Z Selecting previously unselected package libsamplerate0:amd64.
2026-09-27T15:58:37.5826558Z Preparing to unpack .../56-libsamplerate0_0.2.2-4build1_amd64.deb ...
2026-09-27T15:58:37.5833968Z Unpacking libsamplerate0:amd64 (0.2.2-4build1) ...
2026-09-27T15:58:37.6053606Z Selecting previously unselected package libjack-jackd2-0:amd64.
2026-09-27T15:58:37.6154299Z Preparing to unpack .../57-libjack-jackd2-0_1.9.21~dfsg-3ubuntu3_amd64.deb ...
2026-09-27T15:58:37.6161648Z Unpacking libjack-jackd2-0:amd64 (1.9.21~dfsg-3ubuntu3) ...
2026-09-27T15:58:37.6452568Z Selecting previously unselected package libndctl6:amd64.
2026-09-27T15:58:37.6554995Z Preparing to unpack .../58-libndctl6_77-2ubuntu2_amd64.deb ...
2026-09-27T15:58:37.6679169Z Unpacking libndctl6:amd64 (77-2ubuntu2) ...
2026-09-27T15:58:37.6875049Z Selecting previously unselected package libnfs14:amd64.
2026-09-27T15:58:37.6974587Z Preparing to unpack .../59-libnfs14_5.0.2-1ubuntu0.24.04.1_amd64.deb ...
2026-09-27T15:58:37.6981267Z Unpacking libnfs14:amd64 (5.0.2-1ubuntu0.24.04.1) ...
2026-09-27T15:58:37.7172983Z Selecting previously unselected package libwebrtc-audio-processing1:amd64.
2026-09-27T15:58:37.7273694Z Preparing to unpack .../60-libwebrtc-audio-processing1_0.3.1-0ubuntu6_amd64.deb ...
2026-09-27T15:58:37.7281129Z Unpacking libwebrtc-audio-processing1:amd64 (0.3.1-0ubuntu6) ...
2026-09-27T15:58:37.7515121Z Selecting previously unselected package libspa-0.2-modules:amd64.
2026-09-27T15:58:37.7616532Z Preparing to unpack .../61-libspa-0.2-modules_1.0.5-1ubuntu3.3_amd64.deb ...
2026-09-27T15:58:37.7624767Z Unpacking libspa-0.2-modules:amd64 (1.0.5-1ubuntu3.3) ...
2026-09-27T15:58:37.7939803Z Selecting previously unselected package libpipewire-0.3-0t64:amd64.
2026-09-27T15:58:37.8041908Z Preparing to unpack .../62-libpipewire-0.3-0t64_1.0.5-1ubuntu3.3_amd64.deb ...
2026-09-27T15:58:37.8049711Z Unpacking libpipewire-0.3-0t64:amd64 (1.0.5-1ubuntu3.3) ...
2026-09-27T15:58:37.8254258Z Selecting previously unselected package libpipewire-0.3-common.
2026-09-27T15:58:37.8353329Z Preparing to unpack .../63-libpipewire-0.3-common_1.0.5-1ubuntu3.3_all.deb ...
2026-09-27T15:58:37.8359691Z Unpacking libpipewire-0.3-common (1.0.5-1ubuntu3.3) ...
2026-09-27T15:58:37.8703434Z Selecting previously unselected package libpmem1:amd64.
2026-09-27T15:58:37.8803904Z Preparing to unpack .../64-libpmem1_1.13.1-1.1ubuntu2_amd64.deb ...
2026-09-27T15:58:37.8812095Z Unpacking libpmem1:amd64 (1.13.1-1.1ubuntu2) ...
2026-09-27T15:58:37.9029226Z Selecting previously unselected package libpmemobj1:amd64.
2026-09-27T15:58:37.9128995Z Preparing to unpack .../65-libpmemobj1_1.13.1-1.1ubuntu2_amd64.deb ...
2026-09-27T15:58:37.9136094Z Unpacking libpmemobj1:amd64 (1.13.1-1.1ubuntu2) ...
2026-09-27T15:58:37.9389659Z Selecting previously unselected package librados2.
2026-09-27T15:58:37.9486309Z Preparing to unpack .../66-librados2_19.2.3-0ubuntu0.24.04.3_amd64.deb ...
2026-09-27T15:58:37.9492923Z Unpacking librados2 (19.2.3-0ubuntu0.24.04.3) ...
2026-09-27T15:58:38.0816631Z Selecting previously unselected package librbd1.
2026-09-27T15:58:38.0913553Z Preparing to unpack .../67-librbd1_19.2.3-0ubuntu0.24.04.3_amd64.deb ...
2026-09-27T15:58:38.0920803Z Unpacking librbd1 (19.2.3-0ubuntu0.24.04.3) ...
2026-09-27T15:58:38.1721708Z Selecting previously unselected package libsdl2-2.0-0:amd64.
2026-09-27T15:58:38.1821026Z Preparing to unpack .../68-libsdl2-2.0-0_2.30.0+dfsg-1ubuntu3.1_amd64.deb ...
2026-09-27T15:58:38.1827680Z Unpacking libsdl2-2.0-0:amd64 (2.30.0+dfsg-1ubuntu3.1) ...
2026-09-27T15:58:38.2118260Z Selecting previously unselected package libspice-server1:amd64.
2026-09-27T15:58:38.2216842Z Preparing to unpack .../69-libspice-server1_0.15.1-1build2_amd64.deb ...
2026-09-27T15:58:38.2223915Z Unpacking libspice-server1:amd64 (0.15.1-1build2) ...
2026-09-27T15:58:38.2437190Z Selecting previously unselected package liburing2:amd64.
2026-09-27T15:58:38.2534282Z Preparing to unpack .../70-liburing2_2.5-1build1_amd64.deb ...
2026-09-27T15:58:38.2676693Z Unpacking liburing2:amd64 (2.5-1build1) ...
2026-09-27T15:58:38.2860682Z Selecting previously unselected package libusbredirparser1t64:amd64.
2026-09-27T15:58:38.2956383Z Preparing to unpack .../71-libusbredirparser1t64_0.13.0-2.1build1_amd64.deb ...
2026-09-27T15:58:38.2965232Z Unpacking libusbredirparser1t64:amd64 (0.13.0-2.1build1) ...
2026-09-27T15:58:38.3148138Z Selecting previously unselected package libvirglrenderer1:amd64.
2026-09-27T15:58:38.3245673Z Preparing to unpack .../72-libvirglrenderer1_1.0.0-1ubuntu2_amd64.deb ...
2026-09-27T15:58:38.3252766Z Unpacking libvirglrenderer1:amd64 (1.0.0-1ubuntu2) ...
2026-09-27T15:58:38.3441474Z Selecting previously unselected package libvte-2.91-common.
2026-09-27T15:58:38.3540743Z Preparing to unpack .../73-libvte-2.91-common_0.76.0-1ubuntu0.1_amd64.deb ...
2026-09-27T15:58:38.3651820Z Unpacking libvte-2.91-common (0.76.0-1ubuntu0.1) ...
2026-09-27T15:58:38.3844813Z Selecting previously unselected package libvte-2.91-0:amd64.
2026-09-27T15:58:38.3945356Z Preparing to unpack .../74-libvte-2.91-0_0.76.0-1ubuntu0.1_amd64.deb ...
2026-09-27T15:58:38.3952755Z Unpacking libvte-2.91-0:amd64 (0.76.0-1ubuntu0.1) ...
2026-09-27T15:58:38.4152625Z Selecting previously unselected package libfdt1:amd64.
2026-09-27T15:58:38.4252563Z Preparing to unpack .../75-libfdt1_1.7.0-2build1_amd64.deb ...
2026-09-27T15:58:38.4260467Z Unpacking libfdt1:amd64 (1.7.0-2build1) ...
2026-09-27T15:58:38.4862102Z Selecting previously unselected package qemu-system-common.
2026-09-27T15:58:38.4960225Z Preparing to unpack .../76-qemu-system-common_1%3a8.2.2+ds-0ubuntu1.18_amd64.deb ...
2026-09-27T15:58:38.4967884Z Unpacking qemu-system-common (1:8.2.2+ds-0ubuntu1.18) ...
2026-09-27T15:58:38.5685374Z Selecting previously unselected package qemu-system-data.
2026-09-27T15:58:38.5788205Z Preparing to unpack .../77-qemu-system-data_1%3a8.2.2+ds-0ubuntu1.18_all.deb ...
2026-09-27T15:58:38.5794693Z Unpacking qemu-system-data (1:8.2.2+ds-0ubuntu1.18) ...
2026-09-27T15:58:38.6507547Z Selecting previously unselected package seabios.
2026-09-27T15:58:38.6616046Z Preparing to unpack .../78-seabios_1.16.3-2_all.deb ...
2026-09-27T15:58:38.6760470Z Unpacking seabios (1.16.3-2) ...
2026-09-27T15:58:38.6977650Z Selecting previously unselected package qemu-system-x86.
2026-09-27T15:58:38.7078911Z Preparing to unpack .../79-qemu-system-x86_1%3a8.2.2+ds-0ubuntu1.18_amd64.deb ...
2026-09-27T15:58:38.7138258Z Unpacking qemu-system-x86 (1:8.2.2+ds-0ubuntu1.18) ...
2026-09-27T15:58:39.1291421Z Selecting previously unselected package qemu-utils.
2026-09-27T15:58:39.1388544Z Preparing to unpack .../80-qemu-utils_1%3a8.2.2+ds-0ubuntu1.18_amd64.deb ...
2026-09-27T15:58:39.1394826Z Unpacking qemu-utils (1:8.2.2+ds-0ubuntu1.18) ...
2026-09-27T15:58:39.2151854Z Selecting previously unselected package qemu-block-extra.
2026-09-27T15:58:39.2248465Z Preparing to unpack .../81-qemu-block-extra_1%3a8.2.2+ds-0ubuntu1.18_amd64.deb ...
2026-09-27T15:58:39.2254370Z Unpacking qemu-block-extra (1:8.2.2+ds-0ubuntu1.18) ...
2026-09-27T15:58:39.2841183Z Selecting previously unselected package qemu-system-modules-opengl.
2026-09-27T15:58:39.2937046Z Preparing to unpack .../82-qemu-system-modules-opengl_1%3a8.2.2+ds-0ubuntu1.18_amd64.deb ...
2026-09-27T15:58:39.2942990Z Unpacking qemu-system-modules-opengl (1:8.2.2+ds-0ubuntu1.18) ...
2026-09-27T15:58:39.3262541Z Selecting previously unselected package qemu-system-gui.
2026-09-27T15:58:39.3357335Z Preparing to unpack .../83-qemu-system-gui_1%3a8.2.2+ds-0ubuntu1.18_amd64.deb ...
2026-09-27T15:58:39.3362945Z Unpacking qemu-system-gui (1:8.2.2+ds-0ubuntu1.18) ...
2026-09-27T15:58:39.3554958Z Selecting previously unselected package qemu-system-modules-spice.
2026-09-27T15:58:39.3653261Z Preparing to unpack .../84-qemu-system-modules-spice_1%3a8.2.2+ds-0ubuntu1.18_amd64.deb ...
2026-09-27T15:58:39.3659747Z Unpacking qemu-system-modules-spice (1:8.2.2+ds-0ubuntu1.18) ...
2026-09-27T15:58:39.3843389Z Selecting previously unselected package ovmf.
2026-09-27T15:58:39.3942128Z Preparing to unpack .../85-ovmf_2024.02-2ubuntu0.9_all.deb ...
2026-09-27T15:58:39.3949677Z Unpacking ovmf (2024.02-2ubuntu0.9) ...
2026-09-27T15:58:39.5111715Z Setting up libpipewire-0.3-common (1.0.5-1ubuntu3.3) ...
2026-09-27T15:58:39.5150388Z Setting up genisoimage (9:1.1.11-3.5) ...
2026-09-27T15:58:39.5164852Z Setting up libcdparanoia0:amd64 (3.10.2+debian-14build3) ...
2026-09-27T15:58:39.5239011Z Setting up session-migration (0.3.9build1) ...
2026-09-27T15:58:39.5981682Z Created symlink /etc/systemd/user/graphical-session-pre.target.wants/session-migration.service → /usr/lib/systemd/user/session-migration.service.
2026-09-27T15:58:39.5982235Z 
2026-09-27T15:58:39.6007900Z Setting up libraw1394-11:amd64 (2.1.2-2build3) ...
2026-09-27T15:58:39.6027650Z Setting up libproxy1v5:amd64 (0.5.4-4build1) ...
2026-09-27T15:58:39.6041404Z Setting up libtag1v5-vanilla:amd64 (1.13.1-1build1) ...
2026-09-27T15:58:39.6056890Z Setting up libspeex1:amd64 (1.2.1-2ubuntu2.24.04.1) ...
2026-09-27T15:58:39.6074230Z Setting up libcaca0:amd64 (0.99.beta20-4ubuntu0.2) ...
2026-09-27T15:58:39.6088261Z Setting up libv4lconvert0t64:amd64 (1.26.1-4build3) ...
2026-09-27T15:58:39.6104223Z Setting up libtwolame0:amd64 (0.4.0-2build3) ...
2026-09-27T15:58:39.6117466Z Setting up libvte-2.91-common (0.76.0-1ubuntu0.1) ...
2026-09-27T15:58:39.6142568Z Setting up libvisual-0.4-0:amd64 (0.4.2-2build1) ...
2026-09-27T15:58:39.6157208Z Setting up msr-tools (1.3-5ubuntu0.1) ...
2026-09-27T15:58:39.6174564Z Setting up libwebrtc-audio-processing1:amd64 (0.3.1-0ubuntu6) ...
2026-09-27T15:58:39.6187928Z Setting up libboost-thread1.83.0:amd64 (1.83.0-2.1ubuntu3.2) ...
2026-09-27T15:58:39.6202960Z Setting up libsoup-3.0-common (3.4.4-5ubuntu0.8) ...
2026-09-27T15:58:39.6221336Z Setting up libmpg123-0t64:amd64 (1.32.5-1ubuntu1.1) ...
2026-09-27T15:58:39.6235162Z Setting up libfdt1:amd64 (1.7.0-2build1) ...
2026-09-27T15:58:39.6248468Z Setting up libvte-2.91-0:amd64 (0.76.0-1ubuntu0.1) ...
2026-09-27T15:58:39.6266020Z Setting up libnfs14:amd64 (5.0.2-1ubuntu0.24.04.1) ...
2026-09-27T15:58:39.6279998Z Setting up liborc-0.4-0t64:amd64 (1:0.4.38-1ubuntu0.1) ...
2026-09-27T15:58:39.6294997Z Setting up ovmf (2024.02-2ubuntu0.9) ...
2026-09-27T15:58:39.6309153Z Setting up libvirglrenderer1:amd64 (1.0.0-1ubuntu2) ...
2026-09-27T15:58:39.6324073Z Setting up libspa-0.2-modules:amd64 (1.0.5-1ubuntu3.3) ...
2026-09-27T15:58:39.6340488Z Setting up libboost-iostreams1.83.0:amd64 (1.83.0-2.1ubuntu3.2) ...
2026-09-27T15:58:39.6355754Z Setting up libopus0:amd64 (1.4-1build1) ...
2026-09-27T15:58:39.6372487Z Setting up libxv1:amd64 (2:1.0.11-1.1build1) ...
2026-09-27T15:58:39.6388361Z Setting up libdv4t64:amd64 (1.0.0-17.1build1) ...
2026-09-27T15:58:39.6403599Z Setting up libpcsclite1:amd64 (2.0.3-1build1) ...
2026-09-27T15:58:39.6419940Z Setting up libdaxctl1:amd64 (77-2ubuntu2) ...
2026-09-27T15:58:39.6434653Z Setting up qemu-system-data (1:8.2.2+ds-0ubuntu1.18) ...
2026-09-27T15:58:39.6452876Z Setting up seabios (1.16.3-2) ...
2026-09-27T15:58:39.6466617Z Setting up libv4l-0t64:amd64 (1.26.1-4build3) ...
2026-09-27T15:58:39.6480831Z Setting up libvpx9:amd64 (1.14.0-1ubuntu2.3) ...
2026-09-27T15:58:39.6497353Z Setting up libtag1v5:amd64 (1.13.1-1build1) ...
2026-09-27T15:58:39.6512168Z Setting up cpu-checker (0.7-1.3build2) ...
2026-09-27T15:58:39.6526488Z Setting up libasyncns0:amd64 (0.8-6build4) ...
2026-09-27T15:58:39.6544107Z Setting up libwavpack1:amd64 (5.6.0-1build1) ...
2026-09-27T15:58:39.6558894Z Setting up libusbredirparser1t64:amd64 (0.13.0-2.1build1) ...
2026-09-27T15:58:39.6575685Z Setting up ipxe-qemu (1.21.1+git-20220113.fbbdc3926-0ubuntu2) ...
2026-09-27T15:58:39.6589331Z Setting up libtheora0:amd64 (1.1.1+dfsg.1-16.1build3) ...
2026-09-27T15:58:39.6604498Z Setting up libdecor-0-0:amd64 (0.2.2-1build2) ...
2026-09-27T15:58:39.6617932Z Setting up libndctl6:amd64 (77-2ubuntu2) ...
2026-09-27T15:58:39.6634211Z Setting up librdmacm1t64:amd64 (50.0-2ubuntu0.2) ...
2026-09-27T15:58:39.6650839Z Setting up ipxe-qemu-256k-compat-efi-roms (1.0.0+git-20150424.a25a16d-0ubuntu5) ...
2026-09-27T15:58:39.6667540Z Setting up libflac12t64:amd64 (1.4.3+ds-2.1ubuntu2) ...
2026-09-27T15:58:39.6688228Z Setting up libbrlapi0.8:amd64 (6.6-4ubuntu5) ...
2026-09-27T15:58:39.6704915Z Setting up glib-networking-common (2.80.0-1build1) ...
2026-09-27T15:58:39.6722866Z Setting up liburing2:amd64 (2.5-1build1) ...
2026-09-27T15:58:39.6736940Z Setting up libiscsi7:amd64 (1.19.0-3build4) ...
2026-09-27T15:58:39.6751287Z Setting up libsamplerate0:amd64 (0.2.2-4build1) ...
2026-09-27T15:58:39.6766914Z Setting up libpmem1:amd64 (1.13.1-1.1ubuntu2) ...
2026-09-27T15:58:39.6780572Z Setting up libpipewire-0.3-0t64:amd64 (1.0.5-1ubuntu3.3) ...
2026-09-27T15:58:39.6797487Z Setting up libdecor-0-plugin-1-gtk:amd64 (0.2.2-1build2) ...
2026-09-27T15:58:39.6811621Z Setting up libmp3lame0:amd64 (3.100-6build1) ...
2026-09-27T15:58:39.6826166Z Setting up libvorbisenc2:amd64 (1.3.7-1build3) ...
2026-09-27T15:58:39.6842856Z Setting up libaa1:amd64 (1.4p5-51.1) ...
2026-09-27T15:58:39.6856839Z Setting up libiec61883-0:amd64 (1.2.0-6build1) ...
2026-09-27T15:58:39.6874222Z Setting up libavc1394-0:amd64 (0.5.4-5build3) ...
2026-09-27T15:58:39.7028214Z Setting up gsettings-desktop-schemas (46.1-0ubuntu1) ...
2026-09-27T15:58:39.7043681Z Setting up glib-networking-services (2.80.0-1build1) ...
2026-09-27T15:58:39.7060835Z Setting up librados2 (19.2.3-0ubuntu0.24.04.3) ...
2026-09-27T15:58:39.7076199Z Setting up libgstreamer-plugins-base1.0-0:amd64 (1.24.2-1ubuntu0.5) ...
2026-09-27T15:58:39.7092444Z Setting up libcacard0:amd64 (1:2.8.0-3build4) ...
2026-09-27T15:58:39.7107104Z Setting up libgstreamer-plugins-good1.0-0:amd64 (1.24.2-1ubuntu1.7) ...
2026-09-27T15:58:39.7129321Z Setting up gstreamer1.0-plugins-base:amd64 (1.24.2-1ubuntu0.5) ...
2026-09-27T15:58:39.7146556Z Setting up libshout3:amd64 (2.4.6-1build2) ...
2026-09-27T15:58:39.7160937Z Setting up libpmemobj1:amd64 (1.13.1-1.1ubuntu2) ...
2026-09-27T15:58:39.7177416Z Setting up librbd1 (19.2.3-0ubuntu0.24.04.3) ...
2026-09-27T15:58:39.7191892Z Setting up libjack-jackd2-0:amd64 (1.9.21~dfsg-3ubuntu3) ...
2026-09-27T15:58:39.7206910Z Setting up libsndfile1:amd64 (1.2.2-1ubuntu5.24.04.1) ...
2026-09-27T15:58:39.7226988Z Setting up qemu-utils (1:8.2.2+ds-0ubuntu1.18) ...
2026-09-27T15:58:39.7242682Z Setting up qemu-block-extra (1:8.2.2+ds-0ubuntu1.18) ...
2026-09-27T15:58:39.7930329Z Created symlink /etc/systemd/system/multi-user.target.wants/run-qemu.mount → /usr/lib/systemd/system/run-qemu.mount.
2026-09-27T15:58:39.7930813Z 
2026-09-27T15:58:40.4155447Z Setting up gstreamer1.0-x:amd64 (1.24.2-1ubuntu0.5) ...
2026-09-27T15:58:40.4171609Z Setting up qemu-system-common (1:8.2.2+ds-0ubuntu1.18) ...
2026-09-27T15:58:40.4878423Z Created symlink /etc/systemd/system/multi-user.target.wants/qemu-kvm.service → /usr/lib/systemd/system/qemu-kvm.service.
2026-09-27T15:58:40.4879167Z 
2026-09-27T15:58:40.7517336Z Setting up libpulse0:amd64 (1:16.1+dfsg1-2ubuntu10.1) ...
2026-09-27T15:58:40.7571757Z Setting up libspice-server1:amd64 (0.15.1-1build2) ...
2026-09-27T15:58:40.7587782Z Setting up qemu-system-x86 (1:8.2.2+ds-0ubuntu1.18) ...
2026-09-27T15:58:40.7637879Z Setting up libsdl2-2.0-0:amd64 (2.30.0+dfsg-1ubuntu3.1) ...
2026-09-27T15:58:40.7653617Z Setting up qemu-system-modules-opengl (1:8.2.2+ds-0ubuntu1.18) ...
2026-09-27T15:58:40.7668500Z Setting up qemu-system-gui (1:8.2.2+ds-0ubuntu1.18) ...
2026-09-27T15:58:40.8035173Z Setting up qemu-system-modules-spice (1:8.2.2+ds-0ubuntu1.18) ...
2026-09-27T15:58:40.8083220Z Processing triggers for hicolor-icon-theme (0.17-2) ...
2026-09-27T15:58:40.9883842Z Processing triggers for libc-bin (2.39-0ubuntu8.9) ...
2026-09-27T15:58:41.1829166Z Processing triggers for man-db (2.12.0-4build2) ...
2026-09-27T15:58:41.1849042Z Not building database; man-db/auto-update is not 'true'.
2026-09-27T15:58:41.1867113Z Processing triggers for libglib2.0-0t64:amd64 (2.80.0-6ubuntu3.8) ...
2026-09-27T15:58:41.2043855Z Setting up glib-networking:amd64 (2.80.0-1build1) ...
2026-09-27T15:58:41.2076919Z Setting up libsoup-3.0-0:amd64 (3.4.4-5ubuntu0.8) ...
2026-09-27T15:58:41.2104478Z Setting up gstreamer1.0-plugins-good:amd64 (1.24.2-1ubuntu1.7) ...
2026-09-27T15:58:41.2125353Z Processing triggers for libc-bin (2.39-0ubuntu8.9) ...
2026-09-27T15:58:41.6915164Z 
2026-09-27T15:58:41.6915671Z Running kernel seems to be up-to-date.
2026-09-27T15:58:41.6915898Z 
2026-09-27T15:58:41.6915976Z No services need to be restarted.
2026-09-27T15:58:41.6916115Z 
2026-09-27T15:58:41.6916197Z No containers need to be restarted.
2026-09-27T15:58:41.6916367Z 
2026-09-27T15:58:41.6916462Z No user sessions are running outdated binaries.
2026-09-27T15:58:41.6916604Z 
2026-09-27T15:58:41.6916757Z No VM guests are running outdated hypervisor (qemu) binaries on this host.
2026-09-27T15:58:42.6842113Z ##[group]Run HOST_DATA_PREFIX="/run/wootc-package-host-$GITHUB_RUN_ID-$GITHUB_RUN_ATTEMPT"
2026-09-27T15:58:42.6842709Z [36;1mHOST_DATA_PREFIX="/run/wootc-package-host-$GITHUB_RUN_ID-$GITHUB_RUN_ATTEMPT"[0m
2026-09-27T15:58:42.6843368Z [36;1msudo --preserve-env=GITHUB_ACTIONS,RUNNER_ENVIRONMENT,RUNNER_OS,GITHUB_RUN_ID,GITHUB_RUN_ATTEMPT,GITHUB_SHA,RUNNER_TEMP \[0m
2026-09-27T15:58:42.6844141Z [36;1m  /usr/bin/python3 tests/e2e/package-runtime/host-data.py "$HOST_DATA_PREFIX"[0m
2026-09-27T15:58:42.6844767Z [36;1msudo --preserve-env=GITHUB_ACTIONS,RUNNER_ENVIRONMENT,RUNNER_OS,GITHUB_RUN_ID,GITHUB_RUN_ATTEMPT,GITHUB_SHA,RUNNER_TEMP \[0m
2026-09-27T15:58:42.6845441Z [36;1m  /usr/bin/python3 tests/e2e/package-runtime/host-namespace.py "$HOST_DATA_PREFIX" --probe[0m
2026-09-27T15:58:42.6915219Z shell: /usr/bin/bash -e {0}
2026-09-27T15:58:42.6915466Z ##[endgroup]
2026-09-27T15:58:49.3297129Z Traceback (most recent call last):
2026-09-27T15:58:49.3297693Z   File "/home/runner/work/wootc/wootc/tests/e2e/package-runtime/host-data.py", line 316, in <module>
2026-09-27T15:58:49.3298721Z     print(json.dumps({'complete':produce(args.exclusive_prefix)['complete'],'runtimeExecuted':False}))
2026-09-27T15:58:49.3298984Z                                  ^^^^^^^^^^^^^^^^^^^^^^^^^^^^^^
2026-09-27T15:58:49.3299259Z   File "/home/runner/work/wootc/wootc/tests/e2e/package-runtime/host-data.py", line 282, in produce
2026-09-27T15:58:49.3299519Z     chunk=download_chunk(response,budget)
2026-09-27T15:58:49.3300557Z           ^^^^^^^^^^^^^^^^^^^^^^^^^^^^^^^
2026-09-27T15:58:49.3301014Z   File "/home/runner/work/wootc/wootc/tests/e2e/package-runtime/host-data.py", line 182, in download_chunk
2026-09-27T15:58:49.3301448Z     response.fp.raw._sock.settimeout(seconds)
2026-09-27T15:58:49.3301669Z     ^^^^^^^^^^^^^^^
2026-09-27T15:58:49.3301884Z AttributeError: 'NoneType' object has no attribute 'raw'
2026-09-27T15:58:49.3495714Z ##[error]Process completed with exit code 1.
2026-09-27T15:58:49.3534067Z ##[group]Run HOST_DATA_PREFIX="/run/wootc-package-host-$GITHUB_RUN_ID-$GITHUB_RUN_ATTEMPT"
2026-09-27T15:58:49.3534455Z [36;1mHOST_DATA_PREFIX="/run/wootc-package-host-$GITHUB_RUN_ID-$GITHUB_RUN_ATTEMPT"[0m
2026-09-27T15:58:49.3534831Z [36;1msudo --preserve-env=GITHUB_ACTIONS,RUNNER_ENVIRONMENT,RUNNER_OS,GITHUB_RUN_ID,GITHUB_RUN_ATTEMPT,GITHUB_SHA,RUNNER_TEMP \[0m
2026-09-27T15:58:49.3535294Z [36;1m  /usr/bin/python3 tests/e2e/package-runtime/host-data-proof.py "$HOST_DATA_PREFIX" "$RUNNER_TEMP/host-data-proof"[0m
2026-09-27T15:58:49.3587043Z shell: /usr/bin/bash -e {0}
2026-09-27T15:58:49.3587197Z ##[endgroup]
2026-09-27T15:58:49.4149470Z ##[group]Run actions/upload-artifact@v7
2026-09-27T15:58:49.4149636Z with:
2026-09-27T15:58:49.4149773Z   name: host-data-proof-controls-36331479746-1
2026-09-27T15:58:49.4149959Z   path: /home/runner/work/_temp/host-data-proof/
2026-09-27T15:58:49.4150120Z   if-no-files-found: warn
2026-09-27T15:58:49.4150250Z   retention-days: 14
2026-09-27T15:58:49.4150370Z   compression-level: 6
2026-09-27T15:58:49.4150488Z   overwrite: false
2026-09-27T15:58:49.4150626Z   include-hidden-files: false
2026-09-27T15:58:49.4150754Z   archive: true
2026-09-27T15:58:49.4150865Z ##[endgroup]
2026-09-27T15:58:49.5121957Z With the provided path, there will be 8 files uploaded
2026-09-27T15:58:49.5126922Z Artifact name is valid!
2026-09-27T15:58:49.5127330Z Root directory input is valid!
2026-09-27T15:58:49.8596041Z Uploading artifact: host-data-proof-controls-36331479746-1.zip
2026-09-27T15:58:49.8622112Z Beginning upload of artifact content to blob storage
2026-09-27T15:58:50.2839109Z Uploaded bytes 157583
2026-09-27T15:58:50.3447793Z Finished uploading artifact content to blob storage!
2026-09-27T15:58:50.3448316Z SHA256 digest of uploaded artifact is c3387aa08f0455607838e7364cb3d8328ff03cbec6e3783bc96e9ba6d216317c
2026-09-27T15:58:50.3448697Z Finalizing artifact upload
2026-09-27T15:58:50.7015681Z Artifact host-data-proof-controls-36331479746-1 successfully finalized. Artifact ID 10935519066
2026-09-27T15:58:50.7016670Z Artifact host-data-proof-controls-36331479746-1 has been successfully uploaded! Final size is 157583 bytes. Artifact ID is 10935519066
2026-09-27T15:58:50.7025323Z Artifact download URL: https://github.com/tuna-os/wootc/actions/runs/36331479746/artifacts/10935519066
2026-09-27T15:58:50.7177852Z Post job cleanup.
2026-09-27T15:58:50.7767397Z [command]/usr/bin/git version
2026-09-27T15:58:50.7802146Z git version 2.55.0
2026-09-27T15:58:50.7825658Z Temporarily overriding HOME='/home/runner/work/_temp/b7c9387b-92e6-4a0a-aacf-778d5ec48657' before making global git config changes
2026-09-27T15:58:50.7826395Z Adding repository directory to the temporary git global config as a safe directory
2026-09-27T15:58:50.7829063Z [command]/usr/bin/git config --global --add safe.directory /home/runner/work/wootc/wootc
2026-09-27T15:58:50.7863224Z Removing SSH command configuration
2026-09-27T15:58:50.7874582Z [command]/usr/bin/git config --local --name-only --get-regexp core\.sshCommand
2026-09-27T15:58:50.7910668Z [command]/usr/bin/git submodule foreach --recursive sh -c "git config --local --name-only --get-regexp 'core\.sshCommand' && git config --local --unset-all 'core.sshCommand' || :"
2026-09-27T15:58:50.8121210Z Removing HTTP extra header
2026-09-27T15:58:50.8127597Z [command]/usr/bin/git config --local --name-only --get-regexp http\.https\:\/\/github\.com\/\.extraheader
2026-09-27T15:58:50.8165359Z [command]/usr/bin/git submodule foreach --recursive sh -c "git config --local --name-only --get-regexp 'http\.https\:\/\/github\.com\/\.extraheader' && git config --local --unset-all 'http.https://github.com/.extraheader' || :"
2026-09-27T15:58:50.8369555Z Removing includeIf entries pointing to credentials config files
2026-09-27T15:58:50.8375444Z [command]/usr/bin/git config --local --name-only --get-regexp ^includeIf\.gitdir:
2026-09-27T15:58:50.8403669Z includeif.gitdir:/home/runner/work/wootc/wootc/.git.path
2026-09-27T15:58:50.8404293Z includeif.gitdir:/home/runner/work/wootc/wootc/.git/worktrees/*.path
2026-09-27T15:58:50.8404695Z includeif.gitdir:/github/workspace/.git.path
2026-09-27T15:58:50.8405091Z includeif.gitdir:/github/workspace/.git/worktrees/*.path
2026-09-27T15:58:50.8411215Z [command]/usr/bin/git config --local --get-all includeif.gitdir:/home/runner/work/wootc/wootc/.git.path
2026-09-27T15:58:50.8435572Z /home/runner/work/_temp/git-credentials-cff4c288-3d65-4e74-bd7e-599d26cabb1d.config
2026-09-27T15:58:50.8443345Z [command]/usr/bin/git config --local --unset includeif.gitdir:/home/runner/work/wootc/wootc/.git.path \/home\/runner\/work\/_temp\/git\-credentials\-cff4c288\-3d65\-4e74\-bd7e\-599d26cabb1d\.config
2026-09-27T15:58:50.8477636Z [command]/usr/bin/git config --local --get-all includeif.gitdir:/home/runner/work/wootc/wootc/.git/worktrees/*.path
2026-09-27T15:58:50.8504159Z /home/runner/work/_temp/git-credentials-cff4c288-3d65-4e74-bd7e-599d26cabb1d.config
2026-09-27T15:58:50.8510238Z [command]/usr/bin/git config --local --unset includeif.gitdir:/home/runner/work/wootc/wootc/.git/worktrees/*.path \/home\/runner\/work\/_temp\/git\-credentials\-cff4c288\-3d65\-4e74\-bd7e\-599d26cabb1d\.config
2026-09-27T15:58:50.8543839Z [command]/usr/bin/git config --local --get-all includeif.gitdir:/github/workspace/.git.path
2026-09-27T15:58:50.8567481Z /github/runner_temp/git-credentials-cff4c288-3d65-4e74-bd7e-599d26cabb1d.config
2026-09-27T15:58:50.8572669Z [command]/usr/bin/git config --local --unset includeif.gitdir:/github/workspace/.git.path \/github\/runner_temp\/git\-credentials\-cff4c288\-3d65\-4e74\-bd7e\-599d26cabb1d\.config
2026-09-27T15:58:50.8605240Z [command]/usr/bin/git config --local --get-all includeif.gitdir:/github/workspace/.git/worktrees/*.path
2026-09-27T15:58:50.8627929Z /github/runner_temp/git-credentials-cff4c288-3d65-4e74-bd7e-599d26cabb1d.config
2026-09-27T15:58:50.8633545Z [command]/usr/bin/git config --local --unset includeif.gitdir:/github/workspace/.git/worktrees/*.path \/github\/runner_temp\/git\-credentials\-cff4c288\-3d65\-4e74\-bd7e\-599d26cabb1d\.config
2026-09-27T15:58:50.8668037Z [command]/usr/bin/git submodule foreach --recursive git config --local --show-origin --name-only --get-regexp remote.origin.url
2026-09-27T15:58:50.8847401Z Removing credentials config '/home/runner/work/_temp/git-credentials-cff4c288-3d65-4e74-bd7e-599d26cabb1d.config'
2026-09-27T15:58:50.8972945Z Cleaning up orphan processes
