#< CLIXML
<Objs Version="1.1.0.1" xmlns="http://schemas.microsoft.com/powershell/2004/04"><Obj S="information" RefId="0"><TN RefId="0"><T>System.Management.Automation.InformationRecord</T><T>System.Object</T></TN><ToString>  ok C:\WINDOWS\TEMP\wootc-partition-policy-audit-d8c812c06b3e479191ad60ffee288ed4\wootc-partition-policy-audit-4ccf35bf8b074e27a9db26975fa2c4ea-0.ps1</ToString><Props><Obj N="MessageData" RefId="1"><TN RefId="1"><T>System.Management.Automation.HostInformationMessage</T><T>System.Object</T></TN><ToString>  ok C:\WINDOWS\TEMP\wootc-partition-policy-audit-d8c812c06b3e479191ad60ffee288ed4\wootc-partition-policy-audit-4ccf35bf8b074e27a9db26975fa2c4ea-0.ps1</ToString><Props><S N="Message">  ok C:\WINDOWS\TEMP\wootc-partition-policy-audit-d8c812c06b3e479191ad60ffee288ed4\wootc-partition-policy-audit-4ccf35bf8b074e27a9db26975fa2c4ea-0.ps1</S><B N="NoNewLine">false</B><S N="ForegroundColor">Gray</S><S N="BackgroundColor">Black</S></Props></Obj><S N="Source">C:\WINDOWS\TEMP\wootc-partition-policy-audit-d8c812c06b3e479191ad60ffee288ed4\wootc-partition-policy-audit-4ccf35bf8b074e27a9db26975fa2c4ea-2.ps1</S><DT N="TimeGenerated">2026-09-27T08:29:09.1322306+00:00</DT><Obj N="Tags" RefId="2"><TN RefId="2"><T>System.Collections.Generic.List`1[[System.String, mscorlib, Version=4.0.0.0, Culture=neutral, PublicKeyToken=b77a5c561934e089]]</T><T>System.Object</T></TN><LST><S>PSHOST</S></LST></Obj><S N="User">NT AUTHORITY\SYSTEM</S><S N="Computer">wootc-test</S><U32 N="ProcessId">10120</U32><U32 N="NativeThreadId">2708</U32><U32 N="ManagedThreadId">10</U32></Props></Obj><Obj S="information" RefId="3"><TNRef RefId="0" /><ToString>  ok C:\WINDOWS\TEMP\wootc-partition-policy-audit-d8c812c06b3e479191ad60ffee288ed4\wootc-partition-policy-audit-4ccf35bf8b074e27a9db26975fa2c4ea-1.ps1</ToString><Props><Obj N="MessageData" RefId="4"><TNRef RefId="1" /><ToString>  ok C:\WINDOWS\TEMP\wootc-partition-policy-audit-d8c812c06b3e479191ad60ffee288ed4\wootc-partition-policy-audit-4ccf35bf8b074e27a9db26975fa2c4ea-1.ps1</ToString><Props><S N="Message">  ok C:\WINDOWS\TEMP\wootc-partition-policy-audit-d8c812c06b3e479191ad60ffee288ed4\wootc-partition-policy-audit-4ccf35bf8b074e27a9db26975fa2c4ea-1.ps1</S><B N="NoNewLine">false</B><S N="ForegroundColor">Gray</S><S N="BackgroundColor">Black</S></Props></Obj><S N="Source">C:\WINDOWS\TEMP\wootc-partition-policy-audit-d8c812c06b3e479191ad60ffee288ed4\wootc-partition-policy-audit-4ccf35bf8b074e27a9db26975fa2c4ea-2.ps1</S><DT N="TimeGenerated">2026-09-27T08:29:09.2567134+00:00</DT><Obj N="Tags" RefId="5"><TNRef RefId="2" /><LST><S>PSHOST</S></LST></Obj><S N="User">NT AUTHORITY\SYSTEM</S><S N="Computer">wootc-test</S><U32 N="ProcessId">10120</U32><U32 N="NativeThreadId">2708</U32><U32 N="ManagedThreadId">10</U32></Props></Obj><Obj S="information" RefId="6"><TNRef RefId="0" /><ToString>PowerShell lint passed</ToString><Props><Obj N="MessageData" RefId="7"><TNRef RefId="1" /><ToString>PowerShell lint passed</ToString><Props><S N="Message">PowerShell lint passed</S><B N="NoNewLine">false</B><S N="ForegroundColor">Gray</S><S N="BackgroundColor">Black</S></Props></Obj><S N="Source">C:\WINDOWS\TEMP\wootc-partition-policy-audit-d8c812c06b3e479191ad60ffee288ed4\wootc-partition-policy-audit-4ccf35bf8b074e27a9db26975fa2c4ea-2.ps1</S><DT N="TimeGenerated">2026-09-27T08:29:09.2633048+00:00</DT><Obj N="Tags" RefId="8"><TNRef RefId="2" /><LST><S>PSHOST</S></LST></Obj><S N="User">NT AUTHORITY\SYSTEM</S><S N="Computer">wootc-test</S><U32 N="ProcessId">10120</U32><U32 N="NativeThreadId">2708</U32><U32 N="ManagedThreadId">10</U32></Props></Obj></Objs>SOURCE app/partition-policy.ps1 RAW_SHA256 f64658c0debd1c923712899c92307aebc0fa22ba0f3bdaacd73509d2ea5dea8c STAGED_SHA256 491e6aaa31c3f5de4893b6ea1f18de257f0e3e7e2a2908cc9bb83fa198c4c078
SOURCE app/partition-policy.tests.ps1 RAW_SHA256 f22838384c52fbe83ad2b52b7ad1b721afc6d658f51ddc4c14bc5e74d88c4529 STAGED_SHA256 cbe4d3520ec898b1141b509a1aaece92abcf0ae0ed6a65ef0fb79275b42ce95c
SOURCE tests/lint-ps1.ps1 RAW_SHA256 6f2083b9ed30d7747c6fc3868c3359413cbed2e75c884a7509bdf31af2fef3bf STAGED_SHA256 f122b8a52d07e877082950d9adfd87726232dddb998b17dcdd1fd0cc990b03b8
  ok C:\WINDOWS\TEMP\wootc-partition-policy-audit-d8c812c06b3e479191ad60ffee288ed4\wootc-partition-policy-audit-4ccf35bf8b074e27a9db26975fa2c4ea-0.ps1
  ok C:\WINDOWS\TEMP\wootc-partition-policy-audit-d8c812c06b3e479191ad60ffee288ed4\wootc-partition-policy-audit-4ccf35bf8b074e27a9db26975fa2c4ea-1.ps1
PowerShell lint passed
PASS explicit bound removal and resize both observed
PASS refusal: enumeration error
PASS refusal: disk enumeration error
PASS refusal: incomplete full disk enumeration
PASS refusal: foreign root file
PASS refusal: foreign file inside installer namespace
PASS refusal: junction before descent
PASS refusal: missing source C partition
PASS refusal: ambiguous partition
PASS refusal: wrong filesystem
PASS refusal: wrong label
PASS refusal: EFI type
PASS refusal: system partition
PASS refusal: boot partition
PASS refusal: wrong partition GUID
PASS refusal: wrong disk GUID
PASS refusal: different Windows disk
PASS refusal: wrong source C GUID
PASS refusal: missing creation receipt
PASS revalidation refuses identity swapped after assessment
PASS explicit removal choice required
PASS refusal: lieRemove
PASS refusal: failRemove
PASS refusal: lieResize
PASS refusal: failResize
PASS refusal: swapSourceAfterRemove
PASS retained receipt retries extension without another deletion
PASS creation receipt binds actual GPT objects
PASS creation receipt refuses changed original disk
PASS actual temporary companion foreign sibling preserves all bytes
PASS actual temporary companion exact files and empty directories removed
PASS separate observed deletion precedes extension and permits safe retry
PASS native partition policy mocks; no actual storage operations
