BINARY_SHA256 70c3cd8b093902642430dcb4c79554c413ddce2cbf6bcecfb4f25be1d39709f4
SOURCE app/app.go SHA256 d8d1140064d19ccbcb2b2c745d2b6fbf196473071c735b8463f41f6b987204f2
SOURCE app/artifact_manifest.go SHA256 875d2d6d9ff586747ae49c3b6e99bf1f05cdcb5589cbc252c03e12d735eccece
SOURCE app/artifact_manifest_test.go SHA256 8cf98f8ef46f20381e0042f103dd5cebfeca203e53997be2597e61469f70e15e
SOURCE app/bitlocker_windows.go SHA256 52a564816fe282be4d6e300f2edc42a562f0822983f69686eca33e0d8889dce3
SOURCE app/blessing_test.go SHA256 f326bf60777d0a1e55b6d7530baa0acc11a5bdd32fda3392b88f026abaf3fc75
SOURCE app/brand_adoption_test.go SHA256 cf7933edff502644de725ba75af4e1ddfd42729d12c323be070da573007b13d0
SOURCE app/branding_embed.go SHA256 ae8a32b3b9dfb434078c9259bee89bedc1fbe352ba00af562b0efcec3ecc767c
SOURCE app/branding_policy.go SHA256 af84699dcd8beb0c9f537cc794bfdac603c074d9e418f21b7242a6b6d2588d9c
SOURCE app/branding_test.go SHA256 1cffe96c8e4c976e7fcd6057167539eae1610fa1610a82999796d4cfffa4df42
SOURCE app/bridge_contract_test.go SHA256 28077b4379538bd37ea202afca00e30e4bb7107987a7b049bfa9503813d8a993
SOURCE app/bundle.go SHA256 2eebaa9bdc0c0619ee30d5fcdcd2e5aaed51c7cc90499b431c55cd5c0a74cbda
SOURCE app/bundle_test.go SHA256 5329f6eb71074550ff1b6d85cbe4419c9741669201b32c99d602d2d555044e14
SOURCE app/catalog.go SHA256 1cae59de1b0671abf33ba4b3d327a3b2b4a83b8ff2b9e8a473ff319b6c3e93cb
SOURCE app/clouddrive_other.go SHA256 c8e412161172d8e6ef9d0b545ca27467138ad021fcabe59189951aff6b979ee9
SOURCE app/clouddrive_windows.go SHA256 29f87aed5e21f356240365b89d97e3f8f3654ab30a051570be2f4244b99b999b
SOURCE app/console_other.go SHA256 6547c595c44b28222f79bc049e949f986862e6474aeda40695df5fb51efc12e6
SOURCE app/console_windows.go SHA256 e64c744ec8f33c2cf39e7d74dfecca127d89f854ea7321492c41dfb15eb88970
SOURCE app/console_windows_test.go SHA256 3e551647f12bed7db2482b9664373a3ecbb9041eae32436eec575b66c6475289
SOURCE app/deployer_auth_windows_test.go SHA256 387f5db79dbc12829f9c91c822c57f278d2516765a238edf81c97472360e9582
SOURCE app/deployer_url.go SHA256 6ef1c263f1169a610431f4d1c38265648fb5346271458c1703dea0a795dc1201
SOURCE app/deployer_url_test.go SHA256 407b0a8c036a4967740c200e16631048b9499d6416478a579f19f6f3a0938dd6
SOURCE app/deployer_windows.go SHA256 a0f9276e18e23eeeb3c2f87b109019b3543ebb555180197011fa25f3e40b450f
SOURCE app/dev_stubs_test.go SHA256 2969344a95472419284970cc2c56cf8b4722d588f67595a3b0b0d6ec9528b313
SOURCE app/disk_windows.go SHA256 ac20a59174fd0708353817dda26ba6c98af8d36352298ed4de131e58a836cc25
SOURCE app/dto_gen_test.go SHA256 f613c5bc0e04088b4749f32a4dfc21bb545849e296053930621f697c4c0a4472
SOURCE app/esp_cleanup.go SHA256 7b600abe4afed7ab329b2e6177d27d3457ac37484aab3f29c39651eeb5140990
SOURCE app/esp_cleanup_test.go SHA256 06723520948ec5bfc4618ad9cb7c1642bf3c82ffd6d2a419b171f07fa478e99a
SOURCE app/esp_ownership.go SHA256 8c76409519216e77add404649020f977b4e19d0b23fa82028386b1268c3d4937
SOURCE app/esp_ownership_test.go SHA256 f917badcb2fa90d4dfe365d24542172ee220e8b310846289248576cfcee8eecd
SOURCE app/event_emitter.go SHA256 6254db078649989c096e93eb1d6506cf7d63ca4dc788afeb8bac0512068f49d3
SOURCE app/headless.go SHA256 7ff87ac983151c0a887d0b5ad060c47a1da74b38e2f46883c36d06b176fef98e
SOURCE app/headless_test.go SHA256 1bc06ecae890fa6caa0bc97e56ed672b5cd35a780af017aa09b4ebe55c6bd31c
SOURCE app/helpers.go SHA256 df5a97633bcda5d3c22ee9fcf3b38e244aba48bb762e4bb467067769f4ab2015
SOURCE app/helpers_test.go SHA256 69119216c8ec40f9f182f5196d9989ecbc008d87fa392b73ff6f937568f75383
SOURCE app/hostname_test.go SHA256 86ab5b296b7987e6c2d9cd1ef29455ce7d2a094cc574fa11db2cddbebb3b813c
SOURCE app/install_contract.go SHA256 44783c3a67a2dc3df28be51a7dff63842b2115d9ffe7afe9f0815e31c119ec1c
SOURCE app/install_evidence.go SHA256 bdb5ad1d570da7429b252a516d6faa8831d01ecd41b6d4bbc6d67b8d0f06e57d
SOURCE app/install_evidence_test.go SHA256 032c154a11e04567a9a74829cf0b6889a8ffed3911dc8be8858e2ce6ebf28d6c
SOURCE app/installer_esp.go SHA256 ede985fe134569ee97d996aeab4db81218bb506359b9bad35eaa0eeb507ad8d7
SOURCE app/installer_other.go SHA256 54be30e9f8a92aecbf2ff3f888bf5eba5427c1bea308f32b5b9b047c42cf0f4a
SOURCE app/installer_windows.go SHA256 8a6082b44e66594e2b3a20baa8a7283b0c56098d0a4572c31b7c79ad79cd8306
SOURCE app/knownfolders_windows.go SHA256 7f347192dda5236f3bf837cdd380c98fd1d777d1e40939b5377209788b0c236f
SOURCE app/main.go SHA256 c74ddae31c91cf22776df2c9ec10881d0cbfdbea90e5d5a45f2e86f240f0c9d1
SOURCE app/main_test.go SHA256 6843139e44ffe225d40ba1025d02c048e649f8ce8ccd31a2a03db147a2293f95
SOURCE app/migration.go SHA256 abc9a6aac606f64a179c48cb542faae805a67109ccc5751198e011a51bfd5e80
SOURCE app/migration_linux.go SHA256 ef392165301d2c426ed40afc17da0063689adf2c847da6ba5a18dbe445c5cd01
SOURCE app/migration_linux_test.go SHA256 2e8f5e202dcad31c55f9eb72a5d59e32008fd67fa8dd4eaf9f6f824045f1b1df
SOURCE app/migration_notlinux.go SHA256 85f0d07af8469816bed7035b98a98da31945ae5a9cd41f3252975dd9f21b132d
SOURCE app/migration_profile_linux_test.go SHA256 b9c04aa89d1d9723e25bf6d635b3b4b1c1677ceb42e1539f52c7f8f53037a38f
SOURCE app/ocipull.go SHA256 e9fe1cc2b5ef3898c6ce186435e50a42f8b3f23f21af6f1fe8ab306303d187b0
SOURCE app/ocipull_test.go SHA256 b761b24b5b8ee93fcf57eb818ea32d8dfc73b43f8cf3c80f25f2fb0d6a4eafee
SOURCE app/partition_receipt.go SHA256 0974985c74b6f2a538706cb38822c18a6940a184336e2870d4abb5777d37e688
SOURCE app/partition_receipt_test.go SHA256 e003333db199c10745f5e48ee110c025f484d36ff01cb77e7d12c30868f0217c
SOURCE app/partition_receipt_windows.go SHA256 a9fcd41001455e853e3def3662d8bb940e9a4328b22c4f43e438ced519a7376f
SOURCE app/partition_receipt_windows_test.go SHA256 871166f4e1147a312c1848690ed76ed8cf9f2892800ed46ac9452deac17a472d
SOURCE app/platform_assets.go SHA256 ecbc89cf7dff7cbd7350b83ed6d83dcc08df076d95a204b3afa07daecd13c66c
SOURCE app/power_state.go SHA256 9bb37b226e23e863c489ebc1c44c40e5a0ec0387a0d531350b7a83f30d0ccac8
SOURCE app/power_state_test.go SHA256 92997dca5eb138198ee3e4662e35e43e22f33b1dc439b6b29e68a6286ada1fa6
SOURCE app/preflight_gates_test.go SHA256 4367cd75a719eeac7d7b5efead45f744c8671c7a33b0c2f430088576e36920de
SOURCE app/profiles.go SHA256 1cd367d9415e49de5b2d5810ea39439760383d4a23674d2ba36207566ce51855
SOURCE app/profiles_test.go SHA256 40eea29f8c9cb8af997458abf4bbd7f62854cd20c7ce2eade48114912b706eea
SOURCE app/profiles_windows.go SHA256 daf34b7a0b72f0dac70ada3f3d5ab4746efb52897f5d71186a5aaa011a7ee0b1
SOURCE app/programs_windows.go SHA256 c0367d18dabb6a9fc8d074d7f1b4fa23e66927f457c3a91af9c7aa23bc0888e8
SOURCE app/recovery.go SHA256 2844104341f496b97bdb8c0b47eb1c496e2a1b4551cde2adae71c50cee1993d4
SOURCE app/recovery_other.go SHA256 1dfa185dfdaf8e10c6672948851a20c2eb7a867831efbedd75c3f1ed77735c0a
SOURCE app/recovery_test.go SHA256 a5d3a6efde1496864a37432c95d5387aba937dfaf3e917f85053ccae23b29a00
SOURCE app/recovery_windows.go SHA256 e24d0d3bc87cf3c65df7e84b77cb2bd2dd9a32ada4dadb5d69062ae453c4e53d
SOURCE app/release_notice.go SHA256 7db7b6ef24201fb7e84295ad875f4ceb8f8772f3a8812057c99c35c63590c9e3
SOURCE app/release_notice_test.go SHA256 656701594c97bb6eb6fc6d0d45521e403a0930e12e53a0727051f719eac17578
SOURCE app/root_disk_creation.go SHA256 543ddad94e87c7206ce34c07143b0ee2c81b98a9b37eb715716c064653bce681
SOURCE app/root_disk_creation_test.go SHA256 37a12373425fb23261ee40e83ad10cbf7a9d495fa83e2feb95b4d1b461f106b5
SOURCE app/secureboot.go SHA256 598be44eee1ad2aabe5cc10577af90b3b3a332706b3f4ee53d3b0a7f7171c68c
SOURCE app/secureboot_other.go SHA256 e13406518958bca68ca50f015b3609995aa3eeb37122a6391298b025a56dc232
SOURCE app/secureboot_test.go SHA256 74d167442627a68fc6ec95314fbf0acba3cc55ffb2b7bbd62a870e867099ca3a
SOURCE app/secureboot_windows.go SHA256 f85ad8c22b7d81e9e8732cdd56d378d4923801d9cf04ca81169bf39d2921d3dd
SOURCE app/serve.go SHA256 a098f5aa8bb04055f9cdda269b405820e7e4c52f9eb67261d3f0c5d0500be684
SOURCE app/serve_shutdown_test.go SHA256 913c88f8b5664edc1777af1c38084b83fe5320c2600c23306ef4f9cb2a22e32c
SOURCE app/serve_test.go SHA256 85f2571e95063a3de6567943e3bbda4f435f65613abfae773e036b8052050715
SOURCE app/session.go SHA256 7d5bd7c569d9b647c020b71d2f9e1322cefb3a303ef7557cb876800784bad8bf
SOURCE app/session_chromium_value.go SHA256 463a0cf1deb8968e033f2b653d1260f7557dd6fa31f02e1cf421bb6abfac1d03
SOURCE app/session_chromium_value_test.go SHA256 3b010a0144089dcdc7e975246ed0696c122fc511f6bf2c8c13d4d70d8c0b6c2a
SOURCE app/session_export.go SHA256 9763f576a4eeb33fc79b6c297ab21b983593e490c22bbfea6334c53b413089c1
SOURCE app/session_export_test.go SHA256 4480c6be03a5a1b425bd5d1d987cc1c06cc47e3995a793f94fc7c8957216871c
SOURCE app/session_rewrap.go SHA256 7dbe2989dbb5e8e1900677c6693135d3be555d6c46f7c33d1bee43c1b8c8daaa
SOURCE app/session_rewrap_test.go SHA256 a3dd16184d00a2d7284ce5fe8cc75c8a82b8484b5b0332ef837ad08e7d553f03
SOURCE app/session_windows.go SHA256 3f7675a177d29fbd81cc969f1883f308d8bba35a2f528a0ecfbf26eee01fd1e9
SOURCE app/slurp_windows.go SHA256 0df919156597650e60ceb607a442fa834b7bc370ac4c1443e4fa506ee7cd5cf7
SOURCE app/state.go SHA256 9edfd2221ba106f6ed41fee4e6fc732f32403f1160b4fc735714042c5a3ac62f
SOURCE app/state_test.go SHA256 9e1e842a668800e19d0f44904473a0766ef126d8d15d74b34d4b4999925a6c58
SOURCE app/state_trust_other.go SHA256 655da50736954099db7dae0123015029cac05271667691390c2b7af0700ec52e
SOURCE app/state_trust_windows.go SHA256 14060d7c9c404d859780f812b4d889c5203e5c3d58cc6e757a8c972e5b73128e
SOURCE app/state_trust_windows_test.go SHA256 83ca71ab2fd4885b7e460171f01dbeb55ef081582108c7fd2a788e41d33640f5
SOURCE app/status_race_test.go SHA256 7940c6c82e81be5cde951e951e13ce77e861f37a2b1a3851d69272c056582818
SOURCE app/steps.go SHA256 8f90f20ab0f17061a28b3db051ae8c6534801d35dc18d9519b28b76eb338934d
SOURCE app/steps_consumer_test.go SHA256 8a015b849973c3aa0b33bdee023fe270266d0a8aafadc1f6f287e46c262a22d1
SOURCE app/steps_gen.go SHA256 95ccf3d0c026ef4aaa12f065866adf0050e67cca92a509956af4537311d8a3be
SOURCE app/steps_test.go SHA256 13c60633afbca52ea5ea56a809b76f083a44fc5f8492bd00b85198533d4f8328
SOURCE app/support_gate_test.go SHA256 ccbe8fed0833e996b882343d4c8b0e6ab06fdfa1d23f1e5a3ac4b84c3ae1d1c5
SOURCE app/sysprobe_windows.go SHA256 b9b58db048a49283bb06ec5f480a7b5c4b7680f043eec06a9e601629f5262fd7
SOURCE app/theme_other.go SHA256 485406f17607d813c6ae6608aa116a02dbf9efe1cdc380fa3a88571882888f39
SOURCE app/theme_windows.go SHA256 9605deb24e8982e8c43c919c3d1cb6bd4384a8872160fc96f763c141973adbf0
SOURCE app/vault_windows.go SHA256 b7e321e3aa4a1c751bc8b7e814861e527ecb2dac0f156318e2ad655e470cd9c3
SOURCE app/vm_contract.go SHA256 fdc2646b1cbde5ab006ac2a890d56009af244052dff94c3ba80756b18c268c11
SOURCE app/vm_contract_test.go SHA256 4119c84e4f67698331cd25d96fa6234a7898e8f8d9e6bfb846cb5a7c17ee9da1
SOURCE app/vm_other.go SHA256 2c1669776844e0b14e399e5460dfaec3c82238984943279d01f2f4faeae3b1ac
SOURCE app/vm_windows.go SHA256 83432aff61432b88f0b62726ca5254cdb5e3e987be1c93100d53c2f2678915fd
SOURCE app/winexec_windows.go SHA256 d8f8d46555be294c565cbb445c6e8f46c75b701deb47b22ca8677ca260f2692f
SOURCE app/partition-policy.ps1 SHA256 f64658c0debd1c923712899c92307aebc0fa22ba0f3bdaacd73509d2ea5dea8c
SOURCE app/partition-policy.tests.ps1 SHA256 f22838384c52fbe83ad2b52b7ad1b721afc6d658f51ddc4c14bc5e74d88c4529
SOURCE shell/Wootc.Shell/Engine/Dto.cs SHA256 cb7d2f3d7290f769a4fb76305296d03be88952d286f52d054b4f51f11f817c84
=== RUN   TestPartitionReceiptRequiresStableIdentity
=== RUN   TestPartitionReceiptRequiresStableIdentity/zero_GUID
=== RUN   TestPartitionReceiptRequiresStableIdentity/Windows_target
=== RUN   TestPartitionReceiptRequiresStableIdentity/different_disk
=== RUN   TestPartitionReceiptRequiresStableIdentity/schema
=== RUN   TestPartitionReceiptRequiresStableIdentity/size
=== RUN   TestPartitionReceiptRequiresStableIdentity/timestamp
=== RUN   TestPartitionReceiptRequiresStableIdentity/invalid_GUID
--- PASS: TestPartitionReceiptRequiresStableIdentity (0.00s)
    --- PASS: TestPartitionReceiptRequiresStableIdentity/zero_GUID (0.00s)
    --- PASS: TestPartitionReceiptRequiresStableIdentity/Windows_target (0.00s)
    --- PASS: TestPartitionReceiptRequiresStableIdentity/different_disk (0.00s)
    --- PASS: TestPartitionReceiptRequiresStableIdentity/schema (0.00s)
    --- PASS: TestPartitionReceiptRequiresStableIdentity/size (0.00s)
    --- PASS: TestPartitionReceiptRequiresStableIdentity/timestamp (0.00s)
    --- PASS: TestPartitionReceiptRequiresStableIdentity/invalid_GUID (0.00s)
=== RUN   TestPartitionReceiptRejectsMalformedRecords
--- PASS: TestPartitionReceiptRejectsMalformedRecords (0.00s)
=== RUN   TestPartitionReceiptPreservesExistingAuthority
--- PASS: TestPartitionReceiptPreservesExistingAuthority (0.02s)
=== RUN   TestPartitionReceiptDoesNotFollowExistingSymlink
--- PASS: TestPartitionReceiptDoesNotFollowExistingSymlink (0.01s)
=== RUN   TestPartitionReceiptCompletionCleanupRetries
=== RUN   TestPartitionReceiptCompletionCleanupRetries/failure-at-.removal
=== RUN   TestPartitionReceiptCompletionCleanupRetries/failure-at-.deleted
=== RUN   TestPartitionReceiptCompletionCleanupRetries/failure-at-
=== RUN   TestPartitionReceiptCompletionCleanupRetries/failure-at-.complete
--- PASS: TestPartitionReceiptCompletionCleanupRetries (0.22s)
    --- PASS: TestPartitionReceiptCompletionCleanupRetries/failure-at-.removal (0.06s)
    --- PASS: TestPartitionReceiptCompletionCleanupRetries/failure-at-.deleted (0.05s)
    --- PASS: TestPartitionReceiptCompletionCleanupRetries/failure-at- (0.05s)
    --- PASS: TestPartitionReceiptCompletionCleanupRetries/failure-at-.complete (0.06s)
=== RUN   TestPartitionReceiptProgramDataParents
    partition_receipt_windows_test.go:16: readonly actual ProgramData parent trust accepted: C:\ProgramData\wootc-partition-receipts
--- PASS: TestPartitionReceiptProgramDataParents (0.01s)
PASS
