2026-09-27T19:23:35.2700395Z Current runner version: '2.337.0'
2026-09-27T19:23:35.2728635Z ##[group]Runner Image Provisioner
2026-09-27T19:23:35.2729588Z Hosted Compute Agent
2026-09-27T19:23:35.2730322Z Version: 20260828.587
2026-09-27T19:23:35.2731112Z Commit: abac92662cab4cc7352de4f9f9d2e2419aad9c29
2026-09-27T19:23:35.2731994Z Build Date: 2026-08-28T16:44:25Z
2026-09-27T19:23:35.2733184Z Worker ID: {a9c07473-3542-4357-891d-c941b79f2108}
2026-09-27T19:23:35.2734075Z Azure Region: northcentralus
2026-09-27T19:23:35.2734768Z ##[endgroup]
2026-09-27T19:23:35.2736401Z ##[group]Operating System
2026-09-27T19:23:35.2737182Z Microsoft Windows Server 2025
2026-09-27T19:23:35.2737946Z 10.0.26100
2026-09-27T19:23:35.2739305Z Datacenter
2026-09-27T19:23:35.2740012Z ##[endgroup]
2026-09-27T19:23:35.2740776Z ##[group]Runner Image
2026-09-27T19:23:35.2741549Z Image: windows-2025-vs2026
2026-09-27T19:23:35.2742596Z Version: 20260922.246.2
2026-09-27T19:23:35.2743966Z Included Software: https://github.com/actions/runner-images/blob/win25-vs2026/20260922.246/images/windows/Windows2025-VS2026-Readme.md
2026-09-27T19:23:35.2745293Z Image Release: https://github.com/actions/runner-images/releases/tag/win25-vs2026%2F20260922.246
2026-09-27T19:23:35.2746044Z ##[endgroup]
2026-09-27T19:23:35.2746960Z ##[group]GITHUB_TOKEN Permissions
2026-09-27T19:23:35.2748748Z Contents: read
2026-09-27T19:23:35.2749218Z Metadata: read
2026-09-27T19:23:35.2749655Z ##[endgroup]
2026-09-27T19:23:35.2751379Z Secret source: Actions
2026-09-27T19:23:35.2752124Z Cache mode: write
2026-09-27T19:23:35.2752687Z Prepare workflow directory
2026-09-27T19:23:35.3019758Z Prepare all required actions
2026-09-27T19:23:35.3058773Z Getting action download info
2026-09-27T19:23:35.5575263Z Download action repository 'actions/checkout@v7' (SHA:3d3c42e5aac5ba805825da76410c181273ba90b1)
2026-09-27T19:23:35.7322183Z Download action repository 'actions/setup-dotnet@v6' (SHA:a98b56852c35b8e3190ac28c8c2271da59106c68)
2026-09-27T19:23:36.0442688Z Download action repository 'actions/setup-go@v7' (SHA:b7ad1dad31e06c5925ef5d2fc7ad053ef454303e)
2026-09-27T19:23:36.3577932Z Download action repository 'actions/upload-artifact@v7' (SHA:043fb46d1a93c77aae656e7c1c64a875d1fc6a0a)
2026-09-27T19:23:36.5823319Z Complete job name: Branded preview package (aurora)
2026-09-27T19:23:36.6953372Z ##[group]Run actions/checkout@v7
2026-09-27T19:23:36.6954437Z with:
2026-09-27T19:23:36.6954882Z   repository: tuna-os/wootc
2026-09-27T19:23:36.6958131Z   token: ***
2026-09-27T19:23:36.6958543Z   ssh-strict: true
2026-09-27T19:23:36.6958966Z   ssh-user: git
2026-09-27T19:23:36.6959380Z   persist-credentials: true
2026-09-27T19:23:36.6960017Z   clean: true
2026-09-27T19:23:36.6960448Z   sparse-checkout-cone-mode: true
2026-09-27T19:23:36.6960907Z   fetch-depth: 1
2026-09-27T19:23:36.6961488Z   fetch-tags: false
2026-09-27T19:23:36.6961900Z   show-progress: true
2026-09-27T19:23:36.6962315Z   lfs: false
2026-09-27T19:23:36.6962759Z   submodules: false
2026-09-27T19:23:36.6963162Z   set-safe-directory: true
2026-09-27T19:23:36.6963683Z   allow-unsafe-pr-checkout: false
2026-09-27T19:23:36.6964372Z ##[endgroup]
2026-09-27T19:23:36.8875318Z Syncing repository: tuna-os/wootc
2026-09-27T19:23:36.8876847Z ##[group]Getting Git version info
2026-09-27T19:23:36.8877515Z Working directory is 'D:\a\wootc\wootc'
2026-09-27T19:23:36.9660624Z [command]"C:\Program Files\Git\bin\git.exe" version
2026-09-27T19:23:38.3273543Z git version 2.55.0.windows.5
2026-09-27T19:23:38.3314292Z ##[endgroup]
2026-09-27T19:23:38.3327061Z Temporarily overriding HOME='D:\a\_temp\9c5fe4b9-818d-4870-90ab-a87f61d07450' before making global git config changes
2026-09-27T19:23:38.3328585Z Adding repository directory to the temporary git global config as a safe directory
2026-09-27T19:23:38.3334805Z [command]"C:\Program Files\Git\bin\git.exe" config --global --add safe.directory D:\a\wootc\wootc
2026-09-27T19:23:38.4012955Z Deleting the contents of 'D:\a\wootc\wootc'
2026-09-27T19:23:38.4017347Z ##[group]Determining repository object format
2026-09-27T19:23:38.4021916Z ##[endgroup]
2026-09-27T19:23:38.4023378Z ##[group]Initializing the repository
2026-09-27T19:23:38.4027580Z [command]"C:\Program Files\Git\bin\git.exe" init D:\a\wootc\wootc
2026-09-27T19:23:38.5701154Z Initialized empty Git repository in D:/a/wootc/wootc/.git/
2026-09-27T19:23:38.5756995Z [command]"C:\Program Files\Git\bin\git.exe" remote add origin https://github.com/tuna-os/wootc
2026-09-27T19:23:39.0195708Z ##[endgroup]
2026-09-27T19:23:39.0196956Z ##[group]Disabling automatic garbage collection
2026-09-27T19:23:39.0204837Z [command]"C:\Program Files\Git\bin\git.exe" config --local gc.auto 0
2026-09-27T19:23:39.0475146Z ##[endgroup]
2026-09-27T19:23:39.0476513Z ##[group]Setting up auth
2026-09-27T19:23:39.0477177Z Removing SSH command configuration
2026-09-27T19:23:39.0485573Z [command]"C:\Program Files\Git\bin\git.exe" config --local --name-only --get-regexp core\.sshCommand
2026-09-27T19:23:39.0726095Z [command]"C:\Program Files\Git\bin\git.exe" submodule foreach --recursive "sh -c \"git config --local --name-only --get-regexp 'core\.sshCommand' && git config --local --unset-all 'core.sshCommand' || :\""
2026-09-27T19:23:41.1685766Z Removing HTTP extra header
2026-09-27T19:23:41.1694634Z [command]"C:\Program Files\Git\bin\git.exe" config --local --name-only --get-regexp http\.https\:\/\/github\.com\/\.extraheader
2026-09-27T19:23:41.1931956Z [command]"C:\Program Files\Git\bin\git.exe" submodule foreach --recursive "sh -c \"git config --local --name-only --get-regexp 'http\.https\:\/\/github\.com\/\.extraheader' && git config --local --unset-all 'http.https://github.com/.extraheader' || :\""
2026-09-27T19:23:41.6232378Z Removing includeIf entries pointing to credentials config files
2026-09-27T19:23:41.6241627Z [command]"C:\Program Files\Git\bin\git.exe" config --local --name-only --get-regexp ^includeIf\.gitdir:
2026-09-27T19:23:41.6483158Z [command]"C:\Program Files\Git\bin\git.exe" submodule foreach --recursive "git config --local --show-origin --name-only --get-regexp remote.origin.url"
2026-09-27T19:23:42.0675680Z [command]"C:\Program Files\Git\bin\git.exe" config --file D:\a\_temp\git-credentials-c7a3f1ee-7e1c-4ebb-808d-724e21cd01a9.config http.https://github.com/.extraheader "AUTHORIZATION: basic ***"
2026-09-27T19:23:42.0923090Z [command]"C:\Program Files\Git\bin\git.exe" config --local includeIf.gitdir:D:/a/wootc/wootc/.git.path D:\a\_temp\git-credentials-c7a3f1ee-7e1c-4ebb-808d-724e21cd01a9.config
2026-09-27T19:23:42.1151710Z [command]"C:\Program Files\Git\bin\git.exe" config --local includeIf.gitdir:D:/a/wootc/wootc/.git/worktrees/*.path D:\a\_temp\git-credentials-c7a3f1ee-7e1c-4ebb-808d-724e21cd01a9.config
2026-09-27T19:23:42.1451168Z [command]"C:\Program Files\Git\bin\git.exe" config --local includeIf.gitdir:/github/workspace/.git.path /github/runner_temp/git-credentials-c7a3f1ee-7e1c-4ebb-808d-724e21cd01a9.config
2026-09-27T19:23:42.1803598Z [command]"C:\Program Files\Git\bin\git.exe" config --local includeIf.gitdir:/github/workspace/.git/worktrees/*.path /github/runner_temp/git-credentials-c7a3f1ee-7e1c-4ebb-808d-724e21cd01a9.config
2026-09-27T19:23:42.1986161Z ##[endgroup]
2026-09-27T19:23:42.1996083Z ##[group]Fetching the repository
2026-09-27T19:23:42.1996879Z [command]"C:\Program Files\Git\bin\git.exe" -c protocol.version=2 fetch --no-tags --prune --no-recurse-submodules --depth=1 origin +f6be21c25d28f5a42d083f7e34a315499a238b1f:refs/remotes/pull/501/merge
2026-09-27T19:23:43.3364090Z From https://github.com/tuna-os/wootc
2026-09-27T19:23:43.3398896Z  * [new ref]         f6be21c25d28f5a42d083f7e34a315499a238b1f -> pull/501/merge
2026-09-27T19:23:43.3400262Z ##[endgroup]
2026-09-27T19:23:43.3400682Z ##[group]Determining the checkout info
2026-09-27T19:23:43.3401479Z ##[endgroup]
2026-09-27T19:23:43.3409313Z [command]"C:\Program Files\Git\bin\git.exe" sparse-checkout disable
2026-09-27T19:23:43.3788113Z [command]"C:\Program Files\Git\bin\git.exe" config --local --unset-all extensions.worktreeConfig
2026-09-27T19:23:43.4018397Z ##[group]Checking out the ref
2026-09-27T19:23:43.4029521Z [command]"C:\Program Files\Git\bin\git.exe" checkout --progress --force refs/remotes/pull/501/merge
2026-09-27T19:23:43.8477370Z Note: switching to 'refs/remotes/pull/501/merge'.
2026-09-27T19:23:43.8477767Z 
2026-09-27T19:23:43.8477995Z You are in 'detached HEAD' state. You can look around, make experimental
2026-09-27T19:23:43.8478439Z changes and commit them, and you can discard any commits you make in this
2026-09-27T19:23:43.8478790Z state without impacting any branches by switching back to a branch.
2026-09-27T19:23:43.8479001Z 
2026-09-27T19:23:43.8479152Z If you want to create a new branch to retain commits you create, you may
2026-09-27T19:23:43.8479488Z do so (now or later) by using -c with the switch command. Example:
2026-09-27T19:23:43.8479669Z 
2026-09-27T19:23:43.8479755Z   git switch -c <new-branch-name>
2026-09-27T19:23:43.8479878Z 
2026-09-27T19:23:43.8479955Z Or undo this operation with:
2026-09-27T19:23:43.8480089Z 
2026-09-27T19:23:43.8480149Z   git switch -
2026-09-27T19:23:43.8480242Z 
2026-09-27T19:23:43.8480396Z Turn off this advice by setting config variable advice.detachedHead to false
2026-09-27T19:23:43.8480621Z 
2026-09-27T19:23:43.8480916Z HEAD is now at f6be21c Merge 1a6b5674351d014fed6d080e0be5cf737863ef06 into 83071c429eb51a5094b64f629cea124a7cc79619
2026-09-27T19:23:43.8681483Z ##[endgroup]
2026-09-27T19:23:43.9215070Z [command]"C:\Program Files\Git\bin\git.exe" log -1 --format=%H
2026-09-27T19:23:43.9559565Z f6be21c25d28f5a42d083f7e34a315499a238b1f
2026-09-27T19:23:43.9941851Z ##[group]Run actions/setup-dotnet@v6
2026-09-27T19:23:43.9942113Z with:
2026-09-27T19:23:43.9942572Z   global-json-file: shell/global.json
2026-09-27T19:23:43.9942783Z   cache: false
2026-09-27T19:23:43.9942929Z ##[endgroup]
2026-09-27T19:23:44.2242233Z [command]"C:\Program Files\PowerShell\7\pwsh.exe" -NoLogo -Sta -NoProfile -NonInteractive -ExecutionPolicy Unrestricted -Command & 'D:\a\_actions\actions\setup-dotnet\v6\externals\install-dotnet.ps1' -SkipNonVersionedFiles -Runtime dotnet -Channel LTS
2026-09-27T19:23:45.3494617Z dotnet-install: .NET Core Runtime with version '10.0.12' is already installed.
2026-09-27T19:23:45.4535601Z [command]"C:\Program Files\PowerShell\7\pwsh.exe" -NoLogo -Sta -NoProfile -NonInteractive -ExecutionPolicy Unrestricted -Command & 'D:\a\_actions\actions\setup-dotnet\v6\externals\install-dotnet.ps1' -SkipNonVersionedFiles -Version 10.0.401
2026-09-27T19:23:46.0626974Z dotnet-install: .NET Core SDK with version '10.0.401' is already installed.
2026-09-27T19:23:46.1515612Z ##[group]Run actions/setup-go@v7
2026-09-27T19:23:46.1515862Z with:
2026-09-27T19:23:46.1516025Z   go-version-file: app/go.mod
2026-09-27T19:23:46.1516210Z   check-latest: false
2026-09-27T19:23:46.1518401Z   token: ***
2026-09-27T19:23:46.1518583Z   cache: true
2026-09-27T19:23:46.1518719Z env:
2026-09-27T19:23:46.1518869Z   DOTNET_ROOT: C:\Program Files\dotnet
2026-09-27T19:23:46.1519061Z ##[endgroup]
2026-09-27T19:23:46.2752534Z Setup go version spec 1.26.0
2026-09-27T19:23:46.2761312Z Attempting to download 1.26.0...
2026-09-27T19:23:46.8321009Z matching 1.26.0...
2026-09-27T19:23:46.8330608Z Acquiring 1.26.0 from https://github.com/actions/go-versions/releases/download/1.26.0-21889650668/go-1.26.0-win32-x64.zip
2026-09-27T19:23:47.3065443Z Extracting Go...
2026-09-27T19:23:47.3557206Z [command]"C:\Program Files\PowerShell\7\pwsh.exe" -NoLogo -NoProfile -NonInteractive -ExecutionPolicy Unrestricted -Command "$ErrorActionPreference = 'Stop' ; try { Add-Type -AssemblyName System.IO.Compression.ZipFile } catch { } ; try { [System.IO.Compression.ZipFile]::ExtractToDirectory('D:\a\_temp\go-1.26.0-win32-x64.zip', 'D:\a\_temp\8396745c-5a0e-4a32-bfe7-545426b36367', $true) } catch { if (($_.Exception.GetType().FullName -eq 'System.Management.Automation.MethodException') -or ($_.Exception.GetType().FullName -eq 'System.Management.Automation.RuntimeException') ){ Expand-Archive -LiteralPath 'D:\a\_temp\go-1.26.0-win32-x64.zip' -DestinationPath 'D:\a\_temp\8396745c-5a0e-4a32-bfe7-545426b36367' -Force } else { throw $_ } } ;"
2026-09-27T19:23:51.6413408Z Successfully extracted go to D:\a\_temp\8396745c-5a0e-4a32-bfe7-545426b36367
2026-09-27T19:23:51.6413767Z Adding to the cache ...
2026-09-27T19:24:00.4536268Z Created link C:\hostedtoolcache\windows\go\1.26.0\x64 => D:\hostedtoolcache\windows\go\1.26.0\x64
2026-09-27T19:24:00.4540357Z Created link C:\hostedtoolcache\windows\go\1.26.0\x64.complete => D:\hostedtoolcache\windows\go\1.26.0\x64.complete
2026-09-27T19:24:00.4541562Z Successfully cached go to C:\hostedtoolcache\windows\go\1.26.0\x64
2026-09-27T19:24:00.4547226Z Added go to the path
2026-09-27T19:24:00.4548845Z Successfully set up Go version 1.26.0
2026-09-27T19:24:00.7353998Z [command]C:\hostedtoolcache\windows\go\1.26.0\x64\bin\go.exe env GOMODCACHE
2026-09-27T19:24:00.7399620Z [command]C:\hostedtoolcache\windows\go\1.26.0\x64\bin\go.exe env GOCACHE
2026-09-27T19:24:00.7645311Z C:\Users\runneradmin\go\pkg\mod
2026-09-27T19:24:00.7664394Z C:\Users\runneradmin\AppData\Local\go-build
2026-09-27T19:24:00.7700932Z ##[warning]Restore cache failed: Dependencies file is not found in D:\a\wootc\wootc. Supported file pattern: go.mod
2026-09-27T19:24:00.7711736Z go version go1.26.0 windows/amd64
2026-09-27T19:24:00.7711896Z 
2026-09-27T19:24:00.7712125Z ##[group]go env
2026-09-27T19:24:04.2557300Z set AR=ar
2026-09-27T19:24:04.2557555Z set CC=gcc
2026-09-27T19:24:04.2557862Z set CGO_CFLAGS=-O2 -g
2026-09-27T19:24:04.2558111Z set CGO_CPPFLAGS=
2026-09-27T19:24:04.2558328Z set CGO_CXXFLAGS=-O2 -g
2026-09-27T19:24:04.2558503Z set CGO_ENABLED=1
2026-09-27T19:24:04.2558669Z set CGO_FFLAGS=-O2 -g
2026-09-27T19:24:04.2558843Z set CGO_LDFLAGS=-O2 -g
2026-09-27T19:24:04.2559001Z set CXX=g++
2026-09-27T19:24:04.2559137Z set GCCGO=gccgo
2026-09-27T19:24:04.2559285Z set GO111MODULE=
2026-09-27T19:24:04.2559435Z set GOAMD64=v1
2026-09-27T19:24:04.2559572Z set GOARCH=amd64
2026-09-27T19:24:04.2559722Z set GOAUTH=netrc
2026-09-27T19:24:04.2559857Z set GOBIN=
2026-09-27T19:24:04.2560072Z set GOCACHE=C:\Users\runneradmin\AppData\Local\go-build
2026-09-27T19:24:04.2560310Z set GOCACHEPROG=
2026-09-27T19:24:04.2560449Z set GODEBUG=
2026-09-27T19:24:04.2560650Z set GOENV=C:\Users\runneradmin\AppData\Roaming\go\env
2026-09-27T19:24:04.2560865Z set GOEXE=.exe
2026-09-27T19:24:04.2561013Z set GOEXPERIMENT=
2026-09-27T19:24:04.2561167Z set GOFIPS140=off
2026-09-27T19:24:04.2561311Z set GOFLAGS=
2026-09-27T19:24:04.2563523Z set GOGCCFLAGS=-m64 -mthreads -Wl,--no-gc-sections -fmessage-length=0 -ffile-prefix-map=C:\Users\RUNNER~1\AppData\Local\Temp\go-build2107492978=/tmp/go-build -gno-record-gcc-switches
2026-09-27T19:24:04.2564184Z set GOHOSTARCH=amd64
2026-09-27T19:24:04.2564387Z set GOHOSTOS=windows
2026-09-27T19:24:04.2564554Z set GOINSECURE=
2026-09-27T19:24:04.2564699Z set GOMOD=NUL
2026-09-27T19:24:04.2564891Z set GOMODCACHE=C:\Users\runneradmin\go\pkg\mod
2026-09-27T19:24:04.2565106Z set GONOPROXY=
2026-09-27T19:24:04.2565256Z set GONOSUMDB=
2026-09-27T19:24:04.2565389Z set GOOS=windows
2026-09-27T19:24:04.2565590Z set GOPATH=C:\Users\runneradmin\go
2026-09-27T19:24:04.2565811Z set GOPRIVATE=
2026-09-27T19:24:04.2566070Z set GOPROXY=https://proxy.golang.org,direct
2026-09-27T19:24:04.2566348Z set GOROOT=C:\hostedtoolcache\windows\go\1.26.0\x64
2026-09-27T19:24:04.2566595Z set GOSUMDB=sum.golang.org
2026-09-27T19:24:04.2566776Z set GOTELEMETRY=local
2026-09-27T19:24:04.2567038Z set GOTELEMETRYDIR=C:\Users\runneradmin\AppData\Roaming\go\telemetry
2026-09-27T19:24:04.2567308Z set GOTMPDIR=
2026-09-27T19:24:04.2567457Z set GOTOOLCHAIN=local
2026-09-27T19:24:04.2567731Z set GOTOOLDIR=C:\hostedtoolcache\windows\go\1.26.0\x64\pkg\tool\windows_amd64
2026-09-27T19:24:04.2568011Z set GOVCS=
2026-09-27T19:24:04.2568161Z set GOVERSION=go1.26.0
2026-09-27T19:24:04.2568311Z set GOWORK=
2026-09-27T19:24:04.2568463Z set PKG_CONFIG=pkg-config
2026-09-27T19:24:04.2568569Z 
2026-09-27T19:24:04.2569043Z ##[endgroup]
2026-09-27T19:24:04.2857278Z ##[group]Run dotnet publish shell/Wootc.Shell/Wootc.Shell.csproj --configuration Release --runtime win-x64 -p:Platform=x64 -p:NativeBuildId=f6be21c25d28f5a42d083f7e34a315499a238b1f -p:NativeBrandId=aurora --output out/branded-preview
2026-09-27T19:24:04.2858686Z [36;1mdotnet publish shell/Wootc.Shell/Wootc.Shell.csproj --configuration Release --runtime win-x64 -p:Platform=x64 -p:NativeBuildId=f6be21c25d28f5a42d083f7e34a315499a238b1f -p:NativeBrandId=aurora --output out/branded-preview[0m
2026-09-27T19:24:04.2859491Z [36;1mif ($LASTEXITCODE -ne 0) { throw 'Branded native publish refused' }[0m
2026-09-27T19:24:04.2859887Z [36;1mNew-Item -ItemType Directory -Force app/frontend/dist | Out-Null[0m
2026-09-27T19:24:04.2860320Z [36;1mSet-Content app/frontend/dist/index.html '<!doctype html><title>Native engine preview</title>'[0m
2026-09-27T19:24:04.2860672Z [36;1mPush-Location app[0m
2026-09-27T19:24:04.2861300Z [36;1mtry { go build -ldflags "-X main.nativeBuildID=f6be21c25d28f5a42d083f7e34a315499a238b1f -X main.brandID=aurora" -o ../out/branded-preview/wootc-engine.exe . } finally { Pop-Location }[0m
2026-09-27T19:24:04.2861959Z [36;1mif ($LASTEXITCODE -ne 0) { throw 'Branded engine build refused' }[0m
2026-09-27T19:24:04.3250042Z shell: C:\Program Files\PowerShell\7\pwsh.EXE -command ". '{0}'"
2026-09-27T19:24:04.3250329Z env:
2026-09-27T19:24:04.3250497Z   DOTNET_ROOT: C:\Program Files\dotnet
2026-09-27T19:24:04.3250704Z   GOTOOLCHAIN: local
2026-09-27T19:24:04.3250861Z ##[endgroup]
2026-09-27T19:24:16.7194928Z   Determining projects to restore...
2026-09-27T19:24:19.1556651Z   Restored D:\a\wootc\wootc\shell\Wootc.Shell.Core\Wootc.Shell.Core.csproj (in 190 ms).
2026-09-27T19:24:25.5024895Z   Restored D:\a\wootc\wootc\shell\Wootc.Shell.Native\Wootc.Shell.Native.csproj (in 6.54 sec).
2026-09-27T19:24:57.3917411Z   Restored D:\a\wootc\wootc\shell\Wootc.Shell\Wootc.Shell.csproj (in 38.49 sec).
2026-09-27T19:25:04.2043008Z   Wootc.Shell.Core -> D:\a\wootc\wootc\shell\Wootc.Shell.Core\bin\x64\Release\net8.0\Wootc.Shell.Core.dll
2026-09-27T19:25:05.2429057Z   Wootc.Shell.Native -> D:\a\wootc\wootc\shell\Wootc.Shell.Native\bin\x64\Release\net8.0-windows10.0.19041.0\Wootc.Shell.Native.dll
2026-09-27T19:25:16.9239623Z   Wootc.Shell -> D:\a\wootc\wootc\shell\Wootc.Shell\bin\x64\Release\net8.0-windows10.0.19041.0\win-x64\Wootc.Shell.dll
2026-09-27T19:25:18.8823773Z   Wootc.Shell -> D:\a\wootc\wootc\out\branded-preview\
2026-09-27T19:25:19.5489522Z go: downloading github.com/tredoe/osutil v1.5.0
2026-09-27T19:25:19.5505351Z go: downloading github.com/wailsapp/wails/v2 v2.16.0
2026-09-27T19:25:23.7071023Z go: downloading golang.org/x/crypto v0.57.0
2026-09-27T19:25:23.7071549Z go: downloading golang.org/x/mod v0.41.0
2026-09-27T19:25:24.4980113Z go: downloading golang.org/x/sys v0.48.0
2026-09-27T19:25:24.4981778Z go: downloading github.com/leaanthony/u v1.1.1
2026-09-27T19:25:24.4982976Z go: downloading github.com/leaanthony/slicer v1.6.0
2026-09-27T19:25:24.5697072Z go: downloading github.com/leaanthony/go-ansi-parser v1.6.1
2026-09-27T19:25:24.5703044Z go: downloading github.com/pkg/errors v0.9.1
2026-09-27T19:25:24.5726621Z go: downloading github.com/wailsapp/go-webview2 v1.0.22
2026-09-27T19:25:24.6016792Z go: downloading github.com/rivo/uniseg v0.4.7
2026-09-27T19:25:40.6699236Z ##[group]Run ./shell/packaging/test-installed-preview.ps1 -BrandId 'aurora' -BuildId 'f6be21c25d28f5a42d083f7e34a315499a238b1f' -PackageDirectory out/branded-preview -OutputDirectory out/preview-installer
2026-09-27T19:25:40.6700454Z [36;1m./shell/packaging/test-installed-preview.ps1 -BrandId 'aurora' -BuildId 'f6be21c25d28f5a42d083f7e34a315499a238b1f' -PackageDirectory out/branded-preview -OutputDirectory out/preview-installer[0m
2026-09-27T19:25:40.6758279Z shell: C:\Program Files\PowerShell\7\pwsh.EXE -command ". '{0}'"
2026-09-27T19:25:40.6758550Z env:
2026-09-27T19:25:40.6758715Z   DOTNET_ROOT: C:\Program Files\dotnet
2026-09-27T19:25:40.6758917Z   GOTOOLCHAIN: local
2026-09-27T19:25:40.6759795Z ##[endgroup]
2026-09-27T19:25:41.3575686Z PASS actual root-reparse mutant accepts unsafe path; exact source restored and refuses it
2026-09-27T19:25:41.3860267Z PASS actual manifest writer, exclusive preservation, missing resources, wrong brand, root/child reparse refusals
2026-09-27T19:25:43.0295681Z PASS actual uninstaller observation: retained timeout, changed identity, directory, missing, later removal
2026-09-27T19:25:46.2546763Z Inno Setup 7 Command-Line Compiler
2026-09-27T19:25:46.2547323Z Copyright (C) 1997-2026 Jordan Russell. All rights reserved.
2026-09-27T19:25:46.2547907Z Portions Copyright (C) 2000-2026 Martijn Laan. All rights reserved.
2026-09-27T19:25:46.2548534Z Portions Copyright (C) 2001-2004 Alex Yackimoff. All rights reserved.
2026-09-27T19:25:46.2549010Z https://www.innosetup.com
2026-09-27T19:25:46.2549189Z 
2026-09-27T19:25:46.2742352Z Compiler engine version: Inno Setup 7.1.0
2026-09-27T19:25:46.2742795Z Non-commercial use only
2026-09-27T19:25:46.2743012Z 
2026-09-27T19:25:46.2906817Z Preprocessing
2026-09-27T19:25:46.2909695Z    Reading file: C:\Users\RUNNER~1\AppData\Local\Temp\wootc-preview-packaging-1d3247cb3d0c49749a7a14ca1bc6a8ff\compiler\ISPPBuiltins.iss
2026-09-27T19:25:46.2918149Z Parsing [Setup] section, line 21
2026-09-27T19:25:46.2918566Z Parsing [Setup] section, line 22
2026-09-27T19:25:46.2918881Z Parsing [Setup] section, line 23
2026-09-27T19:25:46.2919183Z Parsing [Setup] section, line 24
2026-09-27T19:25:46.2919505Z Parsing [Setup] section, line 25
2026-09-27T19:25:46.2919807Z Parsing [Setup] section, line 26
2026-09-27T19:25:46.2920109Z Parsing [Setup] section, line 27
2026-09-27T19:25:46.2920412Z Parsing [Setup] section, line 28
2026-09-27T19:25:46.2920733Z Parsing [Setup] section, line 29
2026-09-27T19:25:46.2921044Z Parsing [Setup] section, line 30
2026-09-27T19:25:46.2921376Z Parsing [Setup] section, line 31
2026-09-27T19:25:46.2921687Z Parsing [Setup] section, line 32
2026-09-27T19:25:46.2922014Z Parsing [Setup] section, line 33
2026-09-27T19:25:46.2922322Z Parsing [Setup] section, line 34
2026-09-27T19:25:46.2922630Z Parsing [Setup] section, line 35
2026-09-27T19:25:46.2922946Z Parsing [Setup] section, line 36
2026-09-27T19:25:46.2923264Z Parsing [Setup] section, line 37
2026-09-27T19:25:46.2923606Z Parsing [Setup] section, line 38
2026-09-27T19:25:46.2923933Z Parsing [Setup] section, line 39
2026-09-27T19:25:46.2924282Z Reading file (WizardImageFile)
2026-09-27T19:25:46.2924651Z Reading file (WizardSmallImageFile)
2026-09-27T19:25:46.2925033Z Preparing Setup program executable
2026-09-27T19:25:46.3234761Z    Verification successful
2026-09-27T19:25:46.3258978Z    Updating icons (Setup.e32)
2026-09-27T19:25:46.3565490Z    Updating version info (Setup.e32)
2026-09-27T19:25:46.3581486Z Determining language code pages
2026-09-27T19:25:46.3582149Z    Reading file: C:\Users\RUNNER~1\AppData\Local\Temp\wootc-preview-packaging-1d3247cb3d0c49749a7a14ca1bc6a8ff\compiler\Default.isl
2026-09-27T19:25:46.3586171Z    Messages in script file
2026-09-27T19:25:46.3586514Z Reading default messages from Default.isl
2026-09-27T19:25:46.3592265Z Parsing [LangOptions], [Messages], and [CustomMessages] sections
2026-09-27T19:25:46.3595249Z    Reading file: C:\Users\RUNNER~1\AppData\Local\Temp\wootc-preview-packaging-1d3247cb3d0c49749a7a14ca1bc6a8ff\compiler\Default.isl
2026-09-27T19:25:46.3596197Z    Messages in script file
2026-09-27T19:25:46.3596487Z Reading [Code] section
2026-09-27T19:25:46.3596764Z Parsing [Icons] section, line 45
2026-09-27T19:25:46.3597101Z Parsing [Files] section, line 42
2026-09-27T19:25:46.3654006Z Compiling [Code] section
2026-09-27T19:25:46.3705132Z Creating setup files
2026-09-27T19:25:46.3775898Z    Verification successful
2026-09-27T19:25:46.3783004Z    Updating icons (Setup.exe)
2026-09-27T19:25:46.3807305Z    Compressing: \\?\D:\a\wootc\wootc\out\branded-preview\clretwrc.dll
2026-09-27T19:25:46.3837110Z    Compressing: \\?\D:\a\wootc\wootc\out\branded-preview\clrgc.dll
2026-09-27T19:25:46.3892769Z    Compressing: \\?\D:\a\wootc\wootc\out\branded-preview\clrjit.dll
2026-09-27T19:25:46.4040733Z    Compressing: \\?\D:\a\wootc\wootc\out\branded-preview\coreclr.dll
2026-09-27T19:25:46.4499013Z    Compressing: \\?\D:\a\wootc\wootc\out\branded-preview\CoreMessagingXP.dll
2026-09-27T19:25:46.4597526Z    Compressing: \\?\D:\a\wootc\wootc\out\branded-preview\createdump.exe
2026-09-27T19:25:46.4604655Z    Compressing: \\?\D:\a\wootc\wootc\out\branded-preview\dcompi.dll
2026-09-27T19:25:46.4874947Z    Compressing: \\?\D:\a\wootc\wootc\out\branded-preview\DirectML.dll
2026-09-27T19:25:49.9890989Z    Compressing: \\?\D:\a\wootc\wootc\out\branded-preview\dwmcorei.dll
2026-09-27T19:25:50.0129057Z    Compressing: \\?\D:\a\wootc\wootc\out\branded-preview\DwmSceneI.dll
2026-09-27T19:25:50.6273025Z    Compressing: \\?\D:\a\wootc\wootc\out\branded-preview\DWriteCore.dll
2026-09-27T19:25:50.6614584Z    Compressing: \\?\D:\a\wootc\wootc\out\branded-preview\hostfxr.dll
2026-09-27T19:25:50.6645485Z    Compressing: \\?\D:\a\wootc\wootc\out\branded-preview\hostpolicy.dll
2026-09-27T19:25:50.6679851Z    Compressing: \\?\D:\a\wootc\wootc\out\branded-preview\marshal.dll
2026-09-27T19:25:50.6748526Z    Compressing: \\?\D:\a\wootc\wootc\out\branded-preview\Microsoft.Asg.SemanticIndex.AiFabric.Compatibility.dll
2026-09-27T19:25:51.4420961Z    Compressing: \\?\D:\a\wootc\wootc\out\branded-preview\Microsoft.CSharp.dll
2026-09-27T19:25:51.4517848Z    Compressing: \\?\D:\a\wootc\wootc\out\branded-preview\Microsoft.DiaSymReader.Native.amd64.dll
2026-09-27T19:25:52.3577269Z    Compressing: \\?\D:\a\wootc\wootc\out\branded-preview\Microsoft.DirectManipulation.dll
2026-09-27T19:25:52.3631613Z    Compressing: \\?\D:\a\wootc\wootc\out\branded-preview\Microsoft.Foundation.winmd
2026-09-27T19:25:52.3633061Z    Compressing: \\?\D:\a\wootc\wootc\out\branded-preview\Microsoft.Graphics.Display.dll
2026-09-27T19:25:52.3652297Z    Compressing: \\?\D:\a\wootc\wootc\out\branded-preview\Microsoft.Graphics.Imaging.dll
2026-09-27T19:25:52.3664582Z    Compressing: \\?\D:\a\wootc\wootc\out\branded-preview\Microsoft.Graphics.Imaging.Projection.dll
2026-09-27T19:25:52.3667356Z    Compressing: \\?\D:\a\wootc\wootc\out\branded-preview\Microsoft.Graphics.Imaging.winmd
2026-09-27T19:25:52.3669198Z    Compressing: \\?\D:\a\wootc\wootc\out\branded-preview\Microsoft.Graphics.ImagingInternal.ImageObjectRemover.winmd
2026-09-27T19:25:52.3670724Z    Compressing: \\?\D:\a\wootc\wootc\out\branded-preview\Microsoft.Graphics.ImagingInternal.winmd
2026-09-27T19:25:52.3672673Z    Compressing: \\?\D:\a\wootc\wootc\out\branded-preview\Microsoft.Graphics.Internal.Imaging.winmd
2026-09-27T19:25:52.3674781Z    Compressing: \\?\D:\a\wootc\wootc\out\branded-preview\Microsoft.Graphics.winmd
2026-09-27T19:25:52.3677140Z    Compressing: \\?\D:\a\wootc\wootc\out\branded-preview\Microsoft.InputStateManager.dll
2026-09-27T19:25:52.3714921Z    Compressing: \\?\D:\a\wootc\wootc\out\branded-preview\Microsoft.InteractiveExperiences.Projection.dll
2026-09-27T19:25:53.2607643Z    Compressing: \\?\D:\a\wootc\wootc\out\branded-preview\Microsoft.Internal.FrameworkUdk.dll
2026-09-27T19:25:53.2685836Z    Compressing: \\?\D:\a\wootc\wootc\out\branded-preview\Microsoft.ML.OnnxRuntime.dll
2026-09-27T19:25:53.2716198Z    Compressing: \\?\D:\a\wootc\wootc\out\branded-preview\Microsoft.Security.Authentication.OAuth.Projection.dll
2026-09-27T19:25:53.2724825Z    Compressing: \\?\D:\a\wootc\wootc\out\branded-preview\Microsoft.Security.Authentication.OAuth.winmd
2026-09-27T19:25:53.2728355Z    Compressing: \\?\D:\a\wootc\wootc\out\branded-preview\Microsoft.UI.Composition.OSSupport.dll
2026-09-27T19:25:53.2737086Z    Compressing: \\?\D:\a\wootc\wootc\out\branded-preview\Microsoft.UI.Designer.dll
2026-09-27T19:25:53.2752510Z    Compressing: \\?\D:\a\wootc\wootc\out\branded-preview\Microsoft.UI.dll
2026-09-27T19:25:53.2775257Z    Compressing: \\?\D:\a\wootc\wootc\out\branded-preview\Microsoft.UI.Input.dll
2026-09-27T19:25:53.2913678Z    Compressing: \\?\D:\a\wootc\wootc\out\branded-preview\Microsoft.UI.pri
2026-09-27T19:25:53.2921304Z    Compressing: \\?\D:\a\wootc\wootc\out\branded-preview\Microsoft.UI.Text.winmd
2026-09-27T19:25:53.2924816Z    Compressing: \\?\D:\a\wootc\wootc\out\branded-preview\Microsoft.UI.Windowing.Core.dll
2026-09-27T19:25:53.2978115Z    Compressing: \\?\D:\a\wootc\wootc\out\branded-preview\Microsoft.UI.Windowing.dll
2026-09-27T19:25:53.3053316Z    Compressing: \\?\D:\a\wootc\wootc\out\branded-preview\Microsoft.UI.winmd
2026-09-27T19:25:54.0203852Z    Compressing: \\?\D:\a\wootc\wootc\out\branded-preview\Microsoft.UI.Xaml.Controls.dll
2026-09-27T19:25:54.9286828Z    Compressing: \\?\D:\a\wootc\wootc\out\branded-preview\Microsoft.UI.Xaml.Controls.pri
2026-09-27T19:25:54.9452873Z    Compressing: \\?\D:\a\wootc\wootc\out\branded-preview\Microsoft.ui.xaml.dll
2026-09-27T19:25:57.8220821Z    Compressing: \\?\D:\a\wootc\wootc\out\branded-preview\Microsoft.UI.Xaml.Internal.dll
2026-09-27T19:25:58.5511776Z    Compressing: \\?\D:\a\wootc\wootc\out\branded-preview\Microsoft.UI.Xaml.Phone.dll
2026-09-27T19:25:58.5602611Z    Compressing: \\?\D:\a\wootc\wootc\out\branded-preview\Microsoft.ui.xaml.resources.19h1.dll
2026-09-27T19:25:58.5693798Z    Compressing: \\?\D:\a\wootc\wootc\out\branded-preview\Microsoft.ui.xaml.resources.common.dll
2026-09-27T19:25:58.5698500Z    Compressing: \\?\D:\a\wootc\wootc\out\branded-preview\Microsoft.UI.Xaml.winmd
2026-09-27T19:25:58.5830498Z    Compressing: \\?\D:\a\wootc\wootc\out\branded-preview\Microsoft.VisualBasic.Core.dll
2026-09-27T19:25:59.2687022Z    Compressing: \\?\D:\a\wootc\wootc\out\branded-preview\Microsoft.VisualBasic.dll
2026-09-27T19:25:59.2690356Z    Compressing: \\?\D:\a\wootc\wootc\out\branded-preview\Microsoft.Web.WebView2.Core.dll
2026-09-27T19:25:59.2771462Z    Compressing: \\?\D:\a\wootc\wootc\out\branded-preview\Microsoft.Web.WebView2.Core.Projection.dll
2026-09-27T19:25:59.2829105Z    Compressing: \\?\D:\a\wootc\wootc\out\branded-preview\Microsoft.Win32.Primitives.dll
2026-09-27T19:25:59.2831277Z    Compressing: \\?\D:\a\wootc\wootc\out\branded-preview\Microsoft.Win32.Registry.dll
2026-09-27T19:25:59.2842156Z    Compressing: \\?\D:\a\wootc\wootc\out\branded-preview\Microsoft.Windows.AI.AICapabilities.dll
2026-09-27T19:25:59.2852840Z    Compressing: \\?\D:\a\wootc\wootc\out\branded-preview\Microsoft.Windows.AI.ContentModerationInternal.winmd
2026-09-27T19:25:59.2854432Z    Compressing: \\?\D:\a\wootc\wootc\out\branded-preview\Microsoft.Windows.AI.ContentSafety.dll
2026-09-27T19:25:59.2866292Z    Compressing: \\?\D:\a\wootc\wootc\out\branded-preview\Microsoft.Windows.AI.ContentSafety.Projection.dll
2026-09-27T19:25:59.2870025Z    Compressing: \\?\D:\a\wootc\wootc\out\branded-preview\Microsoft.Windows.AI.ContentSafety.winmd
2026-09-27T19:25:59.2872347Z    Compressing: \\?\D:\a\wootc\wootc\out\branded-preview\Microsoft.Windows.AI.Foundation.Projection.dll
2026-09-27T19:25:59.2875041Z    Compressing: \\?\D:\a\wootc\wootc\out\branded-preview\Microsoft.Windows.AI.Foundation.winmd
2026-09-27T19:25:59.2876813Z    Compressing: \\?\D:\a\wootc\wootc\out\branded-preview\Microsoft.Windows.AI.FoundationInternal.winmd
2026-09-27T19:25:59.2878476Z    Compressing: \\?\D:\a\wootc\wootc\out\branded-preview\Microsoft.Windows.AI.GenerativeInternal.winmd
2026-09-27T19:25:59.2881160Z    Compressing: \\?\D:\a\wootc\wootc\out\branded-preview\Microsoft.Windows.AI.Imaging.dll
2026-09-27T19:25:59.2944985Z    Compressing: \\?\D:\a\wootc\wootc\out\branded-preview\Microsoft.Windows.AI.Imaging.Projection.dll
2026-09-27T19:25:59.2952639Z    Compressing: \\?\D:\a\wootc\wootc\out\branded-preview\Microsoft.Windows.AI.Imaging.winmd
2026-09-27T19:25:59.2954819Z    Compressing: \\?\D:\a\wootc\wootc\out\branded-preview\Microsoft.Windows.AI.MachineLearning.dll
2026-09-27T19:25:59.3040496Z    Compressing: \\?\D:\a\wootc\wootc\out\branded-preview\Microsoft.Windows.AI.MachineLearning.Projection.dll
2026-09-27T19:25:59.3051984Z    Compressing: \\?\D:\a\wootc\wootc\out\branded-preview\Microsoft.Windows.AI.Projection.dll
2026-09-27T19:25:59.3056158Z    Compressing: \\?\D:\a\wootc\wootc\out\branded-preview\Microsoft.Windows.AI.Search.Experimental.dll
2026-09-27T19:25:59.9047715Z    Compressing: \\?\D:\a\wootc\wootc\out\branded-preview\Microsoft.Windows.AI.Text.dll
2026-09-27T19:25:59.9122655Z    Compressing: \\?\D:\a\wootc\wootc\out\branded-preview\Microsoft.Windows.AI.Text.Projection.dll
2026-09-27T19:25:59.9135190Z    Compressing: \\?\D:\a\wootc\wootc\out\branded-preview\Microsoft.Windows.AI.Text.winmd
2026-09-27T19:25:59.9138297Z    Compressing: \\?\D:\a\wootc\wootc\out\branded-preview\Microsoft.Windows.AI.Video.dll
2026-09-27T19:25:59.9204968Z    Compressing: \\?\D:\a\wootc\wootc\out\branded-preview\Microsoft.Windows.AI.Video.Projection.dll
2026-09-27T19:25:59.9210443Z    Compressing: \\?\D:\a\wootc\wootc\out\branded-preview\Microsoft.Windows.AI.Video.winmd
2026-09-27T19:25:59.9212237Z    Compressing: \\?\D:\a\wootc\wootc\out\branded-preview\Microsoft.Windows.AI.winmd
2026-09-27T19:25:59.9215107Z    Compressing: \\?\D:\a\wootc\wootc\out\branded-preview\Microsoft.Windows.ApplicationModel.Background.Projection.dll
2026-09-27T19:25:59.9320512Z    Compressing: \\?\D:\a\wootc\wootc\out\branded-preview\Microsoft.Windows.ApplicationModel.Background.UniversalBGTask.dll
2026-09-27T19:25:59.9384927Z    Compressing: \\?\D:\a\wootc\wootc\out\branded-preview\Microsoft.Windows.ApplicationModel.Background.UniversalBGTask.winmd
2026-09-27T19:25:59.9411308Z    Compressing: \\?\D:\a\wootc\wootc\out\branded-preview\Microsoft.Windows.ApplicationModel.Background.winmd
2026-09-27T19:25:59.9412853Z    Compressing: \\?\D:\a\wootc\wootc\out\branded-preview\Microsoft.Windows.ApplicationModel.DynamicDependency.Projection.dll
2026-09-27T19:25:59.9414517Z    Compressing: \\?\D:\a\wootc\wootc\out\branded-preview\Microsoft.Windows.ApplicationModel.DynamicDependency.winmd
2026-09-27T19:25:59.9415772Z    Compressing: \\?\D:\a\wootc\wootc\out\branded-preview\Microsoft.Windows.ApplicationModel.Resources.dll
2026-09-27T19:25:59.9417043Z    Compressing: \\?\D:\a\wootc\wootc\out\branded-preview\Microsoft.Windows.ApplicationModel.Resources.Projection.dll
2026-09-27T19:25:59.9418290Z    Compressing: \\?\D:\a\wootc\wootc\out\branded-preview\Microsoft.Windows.ApplicationModel.Resources.winmd
2026-09-27T19:25:59.9419614Z    Compressing: \\?\D:\a\wootc\wootc\out\branded-preview\Microsoft.Windows.ApplicationModel.WindowsAppRuntime.Projection.dll
2026-09-27T19:25:59.9420977Z    Compressing: \\?\D:\a\wootc\wootc\out\branded-preview\Microsoft.Windows.ApplicationModel.WindowsAppRuntime.winmd
2026-09-27T19:25:59.9422371Z    Compressing: \\?\D:\a\wootc\wootc\out\branded-preview\Microsoft.Windows.AppLifecycle.Projection.dll
2026-09-27T19:25:59.9423431Z    Compressing: \\?\D:\a\wootc\wootc\out\branded-preview\Microsoft.Windows.AppLifecycle.winmd
2026-09-27T19:25:59.9424587Z    Compressing: \\?\D:\a\wootc\wootc\out\branded-preview\Microsoft.Windows.AppNotifications.Builder.Projection.dll
2026-09-27T19:25:59.9425797Z    Compressing: \\?\D:\a\wootc\wootc\out\branded-preview\Microsoft.Windows.AppNotifications.Builder.winmd
2026-09-27T19:25:59.9427225Z    Compressing: \\?\D:\a\wootc\wootc\out\branded-preview\Microsoft.Windows.AppNotifications.Projection.dll
2026-09-27T19:25:59.9429004Z    Compressing: \\?\D:\a\wootc\wootc\out\branded-preview\Microsoft.Windows.AppNotifications.winmd
2026-09-27T19:25:59.9430174Z    Compressing: \\?\D:\a\wootc\wootc\out\branded-preview\Microsoft.Windows.BadgeNotifications.Projection.dll
2026-09-27T19:25:59.9431296Z    Compressing: \\?\D:\a\wootc\wootc\out\branded-preview\Microsoft.Windows.BadgeNotifications.winmd
2026-09-27T19:25:59.9432371Z    Compressing: \\?\D:\a\wootc\wootc\out\branded-preview\Microsoft.Windows.Foundation.Projection.dll
2026-09-27T19:25:59.9433396Z    Compressing: \\?\D:\a\wootc\wootc\out\branded-preview\Microsoft.Windows.Foundation.winmd
2026-09-27T19:25:59.9434606Z    Compressing: \\?\D:\a\wootc\wootc\out\branded-preview\Microsoft.Windows.Globalization.winmd
2026-09-27T19:25:59.9435699Z    Compressing: \\?\D:\a\wootc\wootc\out\branded-preview\Microsoft.Windows.ImageCreationInternal.winmd
2026-09-27T19:25:59.9437801Z    Compressing: \\?\D:\a\wootc\wootc\out\branded-preview\Microsoft.Windows.Internal.AI.ContentModeration.winmd
2026-09-27T19:25:59.9438972Z    Compressing: \\?\D:\a\wootc\wootc\out\branded-preview\Microsoft.Windows.Internal.AI.Generative.winmd
2026-09-27T19:25:59.9440093Z    Compressing: \\?\D:\a\wootc\wootc\out\branded-preview\Microsoft.Windows.Internal.ImageCreation.winmd
2026-09-27T19:25:59.9441226Z    Compressing: \\?\D:\a\wootc\wootc\out\branded-preview\Microsoft.Windows.Internal.SemanticSearch.winmd
2026-09-27T19:25:59.9442295Z    Compressing: \\?\D:\a\wootc\wootc\out\branded-preview\Microsoft.Windows.Internal.Vision.winmd
2026-09-27T19:25:59.9443471Z    Compressing: \\?\D:\a\wootc\wootc\out\branded-preview\Microsoft.Windows.Management.Deployment.Projection.dll
2026-09-27T19:25:59.9444961Z    Compressing: \\?\D:\a\wootc\wootc\out\branded-preview\Microsoft.Windows.Management.Deployment.winmd
2026-09-27T19:25:59.9446572Z    Compressing: \\?\D:\a\wootc\wootc\out\branded-preview\Microsoft.Windows.Media.Capture.Projection.dll
2026-09-27T19:25:59.9447739Z    Compressing: \\?\D:\a\wootc\wootc\out\branded-preview\Microsoft.Windows.Media.Capture.winmd
2026-09-27T19:25:59.9448945Z    Compressing: \\?\D:\a\wootc\wootc\out\branded-preview\Microsoft.Windows.Private.Workloads.SessionManager.winmd
2026-09-27T19:25:59.9450083Z    Compressing: \\?\D:\a\wootc\wootc\out\branded-preview\Microsoft.Windows.PrivateCommon.winmd
2026-09-27T19:25:59.9451219Z    Compressing: \\?\D:\a\wootc\wootc\out\branded-preview\Microsoft.Windows.PushNotifications.Projection.dll
2026-09-27T19:25:59.9454395Z    Compressing: \\?\D:\a\wootc\wootc\out\branded-preview\Microsoft.Windows.PushNotifications.winmd
2026-09-27T19:25:59.9456885Z    Compressing: \\?\D:\a\wootc\wootc\out\branded-preview\Microsoft.Windows.SDK.NET.dll
2026-09-27T19:26:03.4884035Z    Compressing: \\?\D:\a\wootc\wootc\out\branded-preview\Microsoft.Windows.Search.dll
2026-09-27T19:26:04.1148989Z    Compressing: \\?\D:\a\wootc\wootc\out\branded-preview\Microsoft.Windows.Search.Projection.dll
2026-09-27T19:26:04.1165053Z    Compressing: \\?\D:\a\wootc\wootc\out\branded-preview\Microsoft.Windows.Search.winmd
2026-09-27T19:26:04.1169944Z    Compressing: \\?\D:\a\wootc\wootc\out\branded-preview\Microsoft.Windows.Security.AccessControl.Projection.dll
2026-09-27T19:26:04.1172176Z    Compressing: \\?\D:\a\wootc\wootc\out\branded-preview\Microsoft.Windows.Security.AccessControl.winmd
2026-09-27T19:26:04.1173852Z    Compressing: \\?\D:\a\wootc\wootc\out\branded-preview\Microsoft.Windows.SemanticSearch.winmd
2026-09-27T19:26:04.1175801Z    Compressing: \\?\D:\a\wootc\wootc\out\branded-preview\Microsoft.Windows.SemanticSearchInternal.winmd
2026-09-27T19:26:04.1178080Z    Compressing: \\?\D:\a\wootc\wootc\out\branded-preview\Microsoft.Windows.Storage.Pickers.Projection.dll
2026-09-27T19:26:04.1184251Z    Compressing: \\?\D:\a\wootc\wootc\out\branded-preview\Microsoft.Windows.Storage.Pickers.winmd
2026-09-27T19:26:04.1186563Z    Compressing: \\?\D:\a\wootc\wootc\out\branded-preview\Microsoft.Windows.Storage.Projection.dll
2026-09-27T19:26:04.1190620Z    Compressing: \\?\D:\a\wootc\wootc\out\branded-preview\Microsoft.Windows.Storage.winmd
2026-09-27T19:26:04.1194066Z    Compressing: \\?\D:\a\wootc\wootc\out\branded-preview\Microsoft.Windows.System.Power.Projection.dll
2026-09-27T19:26:04.1196416Z    Compressing: \\?\D:\a\wootc\wootc\out\branded-preview\Microsoft.Windows.System.Power.winmd
2026-09-27T19:26:04.1198428Z    Compressing: \\?\D:\a\wootc\wootc\out\branded-preview\Microsoft.Windows.System.Projection.dll
2026-09-27T19:26:04.1201310Z    Compressing: \\?\D:\a\wootc\wootc\out\branded-preview\Microsoft.Windows.System.winmd
2026-09-27T19:26:04.1203167Z    Compressing: \\?\D:\a\wootc\wootc\out\branded-preview\Microsoft.Windows.Vision.winmd
2026-09-27T19:26:04.1204915Z    Compressing: \\?\D:\a\wootc\wootc\out\branded-preview\Microsoft.Windows.VisionInternal.winmd
2026-09-27T19:26:04.1207208Z    Compressing: \\?\D:\a\wootc\wootc\out\branded-preview\Microsoft.Windows.Widgets.dll
2026-09-27T19:26:04.1437408Z    Compressing: \\?\D:\a\wootc\wootc\out\branded-preview\Microsoft.Windows.Widgets.Projection.dll
2026-09-27T19:26:04.8069874Z    Compressing: \\?\D:\a\wootc\wootc\out\branded-preview\Microsoft.Windows.Widgets.winmd
2026-09-27T19:26:04.8074443Z    Compressing: \\?\D:\a\wootc\wootc\out\branded-preview\Microsoft.Windows.Workloads.dll
2026-09-27T19:26:04.8109333Z    Compressing: \\?\D:\a\wootc\wootc\out\branded-preview\Microsoft.Windows.Workloads.pri
2026-09-27T19:26:04.8110493Z    Compressing: \\?\D:\a\wootc\wootc\out\branded-preview\Microsoft.Windows.Workloads.Resources.dll
2026-09-27T19:26:04.8124998Z    Compressing: \\?\D:\a\wootc\wootc\out\branded-preview\Microsoft.Windows.Workloads.Resources_ec.dll
2026-09-27T19:26:04.8139576Z    Compressing: \\?\D:\a\wootc\wootc\out\branded-preview\Microsoft.Windows.Workloads.winmd
2026-09-27T19:26:04.8141864Z    Compressing: \\?\D:\a\wootc\wootc\out\branded-preview\Microsoft.WindowsAppRuntime.Bootstrap.dll
2026-09-27T19:26:04.8176279Z    Compressing: \\?\D:\a\wootc\wootc\out\branded-preview\Microsoft.WindowsAppRuntime.Bootstrap.Net.dll
2026-09-27T19:26:04.8179065Z    Compressing: \\?\D:\a\wootc\wootc\out\branded-preview\Microsoft.WindowsAppRuntime.dll
2026-09-27T19:26:04.8396999Z    Compressing: \\?\D:\a\wootc\wootc\out\branded-preview\Microsoft.WindowsAppRuntime.pri
2026-09-27T19:26:04.8398257Z    Compressing: \\?\D:\a\wootc\wootc\out\branded-preview\Microsoft.WinUI.dll
2026-09-27T19:26:06.1784922Z    Compressing: \\?\D:\a\wootc\wootc\out\branded-preview\MRM.dll
2026-09-27T19:26:06.1809757Z    Compressing: \\?\D:\a\wootc\wootc\out\branded-preview\mscordaccore.dll
2026-09-27T19:26:06.1920240Z    Compressing: \\?\D:\a\wootc\wootc\out\branded-preview\mscordaccore_amd64_amd64_8.0.3126.42015.dll
2026-09-27T19:26:06.2034011Z    Compressing: \\?\D:\a\wootc\wootc\out\branded-preview\mscordbi.dll
2026-09-27T19:26:06.7960907Z    Compressing: \\?\D:\a\wootc\wootc\out\branded-preview\mscorlib.dll
2026-09-27T19:26:06.7969512Z    Compressing: \\?\D:\a\wootc\wootc\out\branded-preview\mscorrc.dll
2026-09-27T19:26:06.7987147Z    Compressing: \\?\D:\a\wootc\wootc\out\branded-preview\msquic.dll
2026-09-27T19:26:06.8058019Z    Compressing: \\?\D:\a\wootc\wootc\out\branded-preview\native-package.json
2026-09-27T19:26:06.8062955Z    Compressing: \\?\D:\a\wootc\wootc\out\branded-preview\netstandard.dll
2026-09-27T19:26:06.8071692Z    Compressing: \\?\D:\a\wootc\wootc\out\branded-preview\NPUDetect.dll
2026-09-27T19:26:06.8097572Z    Compressing: \\?\D:\a\wootc\wootc\out\branded-preview\onnxruntime.dll
2026-09-27T19:26:10.9653814Z    Compressing: \\?\D:\a\wootc\wootc\out\branded-preview\PerceptiveStreaming.dll
2026-09-27T19:26:11.5026528Z    Compressing: \\?\D:\a\wootc\wootc\out\branded-preview\PushNotificationsLongRunningTask.ProxyStub.dll
2026-09-27T19:26:11.5031730Z    Compressing: \\?\D:\a\wootc\wootc\out\branded-preview\RestartAgent.exe
2026-09-27T19:26:11.5043011Z    Compressing: \\?\D:\a\wootc\wootc\out\branded-preview\SessionHandleIPCProxyStub.dll
2026-09-27T19:26:11.5047968Z    Compressing: \\?\D:\a\wootc\wootc\out\branded-preview\System.AppContext.dll
2026-09-27T19:26:11.5051213Z    Compressing: \\?\D:\a\wootc\wootc\out\branded-preview\System.Buffers.dll
2026-09-27T19:26:11.5053514Z    Compressing: \\?\D:\a\wootc\wootc\out\branded-preview\System.Collections.Concurrent.dll
2026-09-27T19:26:11.5091642Z    Compressing: \\?\D:\a\wootc\wootc\out\branded-preview\System.Collections.dll
2026-09-27T19:26:11.5127569Z    Compressing: \\?\D:\a\wootc\wootc\out\branded-preview\System.Collections.Immutable.dll
2026-09-27T19:26:11.5241922Z    Compressing: \\?\D:\a\wootc\wootc\out\branded-preview\System.Collections.NonGeneric.dll
2026-09-27T19:26:11.5256900Z    Compressing: \\?\D:\a\wootc\wootc\out\branded-preview\System.Collections.Specialized.dll
2026-09-27T19:26:11.5272123Z    Compressing: \\?\D:\a\wootc\wootc\out\branded-preview\System.ComponentModel.Annotations.dll
2026-09-27T19:26:11.5300028Z    Compressing: \\?\D:\a\wootc\wootc\out\branded-preview\System.ComponentModel.DataAnnotations.dll
2026-09-27T19:26:11.5302635Z    Compressing: \\?\D:\a\wootc\wootc\out\branded-preview\System.ComponentModel.dll
2026-09-27T19:26:11.5307105Z    Compressing: \\?\D:\a\wootc\wootc\out\branded-preview\System.ComponentModel.EventBasedAsync.dll
2026-09-27T19:26:11.5311439Z    Compressing: \\?\D:\a\wootc\wootc\out\branded-preview\System.ComponentModel.Primitives.dll
2026-09-27T19:26:11.5318607Z    Compressing: \\?\D:\a\wootc\wootc\out\branded-preview\System.ComponentModel.TypeConverter.dll
2026-09-27T19:26:11.5379572Z    Compressing: \\?\D:\a\wootc\wootc\out\branded-preview\System.Configuration.dll
2026-09-27T19:26:11.5381507Z    Compressing: \\?\D:\a\wootc\wootc\out\branded-preview\System.Console.dll
2026-09-27T19:26:11.5396285Z    Compressing: \\?\D:\a\wootc\wootc\out\branded-preview\System.Core.dll
2026-09-27T19:26:11.5398712Z    Compressing: \\?\D:\a\wootc\wootc\out\branded-preview\System.Data.Common.dll
2026-09-27T19:26:12.0495151Z    Compressing: \\?\D:\a\wootc\wootc\out\branded-preview\System.Data.DataSetExtensions.dll
2026-09-27T19:26:12.0497432Z    Compressing: \\?\D:\a\wootc\wootc\out\branded-preview\System.Data.dll
2026-09-27T19:26:12.0501460Z    Compressing: \\?\D:\a\wootc\wootc\out\branded-preview\System.Diagnostics.Contracts.dll
2026-09-27T19:26:12.0503448Z    Compressing: \\?\D:\a\wootc\wootc\out\branded-preview\System.Diagnostics.Debug.dll
2026-09-27T19:26:12.0505501Z    Compressing: \\?\D:\a\wootc\wootc\out\branded-preview\System.Diagnostics.DiagnosticSource.dll
2026-09-27T19:26:12.0539720Z    Compressing: \\?\D:\a\wootc\wootc\out\branded-preview\System.Diagnostics.FileVersionInfo.dll
2026-09-27T19:26:12.0544176Z    Compressing: \\?\D:\a\wootc\wootc\out\branded-preview\System.Diagnostics.Process.dll
2026-09-27T19:26:12.0572001Z    Compressing: \\?\D:\a\wootc\wootc\out\branded-preview\System.Diagnostics.StackTrace.dll
2026-09-27T19:26:12.0576383Z    Compressing: \\?\D:\a\wootc\wootc\out\branded-preview\System.Diagnostics.TextWriterTraceListener.dll
2026-09-27T19:26:12.0582303Z    Compressing: \\?\D:\a\wootc\wootc\out\branded-preview\System.Diagnostics.Tools.dll
2026-09-27T19:26:12.0584178Z    Compressing: \\?\D:\a\wootc\wootc\out\branded-preview\System.Diagnostics.TraceSource.dll
2026-09-27T19:26:12.0596532Z    Compressing: \\?\D:\a\wootc\wootc\out\branded-preview\System.Diagnostics.Tracing.dll
2026-09-27T19:26:12.0598675Z    Compressing: \\?\D:\a\wootc\wootc\out\branded-preview\System.dll
2026-09-27T19:26:12.0603027Z    Compressing: \\?\D:\a\wootc\wootc\out\branded-preview\System.Drawing.dll
2026-09-27T19:26:12.0605369Z    Compressing: \\?\D:\a\wootc\wootc\out\branded-preview\System.Drawing.Primitives.dll
2026-09-27T19:26:12.0616774Z    Compressing: \\?\D:\a\wootc\wootc\out\branded-preview\System.Dynamic.Runtime.dll
2026-09-27T19:26:12.0618811Z    Compressing: \\?\D:\a\wootc\wootc\out\branded-preview\System.Formats.Asn1.dll
2026-09-27T19:26:12.0639304Z    Compressing: \\?\D:\a\wootc\wootc\out\branded-preview\System.Formats.Tar.dll
2026-09-27T19:26:12.0662135Z    Compressing: \\?\D:\a\wootc\wootc\out\branded-preview\System.Globalization.Calendars.dll
2026-09-27T19:26:12.0664217Z    Compressing: \\?\D:\a\wootc\wootc\out\branded-preview\System.Globalization.dll
2026-09-27T19:26:12.0665867Z    Compressing: \\?\D:\a\wootc\wootc\out\branded-preview\System.Globalization.Extensions.dll
2026-09-27T19:26:12.0667700Z    Compressing: \\?\D:\a\wootc\wootc\out\branded-preview\System.IO.Compression.Brotli.dll
2026-09-27T19:26:12.0674976Z    Compressing: \\?\D:\a\wootc\wootc\out\branded-preview\System.IO.Compression.dll
2026-09-27T19:26:12.0696842Z    Compressing: \\?\D:\a\wootc\wootc\out\branded-preview\System.IO.Compression.FileSystem.dll
2026-09-27T19:26:12.0698729Z    Compressing: \\?\D:\a\wootc\wootc\out\branded-preview\System.IO.Compression.Native.dll
2026-09-27T19:26:12.0766263Z    Compressing: \\?\D:\a\wootc\wootc\out\branded-preview\System.IO.Compression.ZipFile.dll
2026-09-27T19:26:12.0771625Z    Compressing: \\?\D:\a\wootc\wootc\out\branded-preview\System.IO.dll
2026-09-27T19:26:12.0773758Z    Compressing: \\?\D:\a\wootc\wootc\out\branded-preview\System.IO.FileSystem.AccessControl.dll
2026-09-27T19:26:12.0783001Z    Compressing: \\?\D:\a\wootc\wootc\out\branded-preview\System.IO.FileSystem.dll
2026-09-27T19:26:12.0784933Z    Compressing: \\?\D:\a\wootc\wootc\out\branded-preview\System.IO.FileSystem.DriveInfo.dll
2026-09-27T19:26:12.0791974Z    Compressing: \\?\D:\a\wootc\wootc\out\branded-preview\System.IO.FileSystem.Primitives.dll
2026-09-27T19:26:12.0794370Z    Compressing: \\?\D:\a\wootc\wootc\out\branded-preview\System.IO.FileSystem.Watcher.dll
2026-09-27T19:26:12.0806435Z    Compressing: \\?\D:\a\wootc\wootc\out\branded-preview\System.IO.IsolatedStorage.dll
2026-09-27T19:26:12.0819564Z    Compressing: \\?\D:\a\wootc\wootc\out\branded-preview\System.IO.MemoryMappedFiles.dll
2026-09-27T19:26:12.0831302Z    Compressing: \\?\D:\a\wootc\wootc\out\branded-preview\System.IO.Pipes.AccessControl.dll
2026-09-27T19:26:12.0833860Z    Compressing: \\?\D:\a\wootc\wootc\out\branded-preview\System.IO.Pipes.dll
2026-09-27T19:26:12.7323339Z    Compressing: \\?\D:\a\wootc\wootc\out\branded-preview\System.IO.UnmanagedMemoryStream.dll
2026-09-27T19:26:12.7326000Z    Compressing: \\?\D:\a\wootc\wootc\out\branded-preview\System.Linq.dll
2026-09-27T19:26:12.7386481Z    Compressing: \\?\D:\a\wootc\wootc\out\branded-preview\System.Linq.Expressions.dll
2026-09-27T19:26:12.7729396Z    Compressing: \\?\D:\a\wootc\wootc\out\branded-preview\System.Linq.Parallel.dll
2026-09-27T19:26:13.4412007Z    Compressing: \\?\D:\a\wootc\wootc\out\branded-preview\System.Linq.Queryable.dll
2026-09-27T19:26:13.4432240Z    Compressing: \\?\D:\a\wootc\wootc\out\branded-preview\System.Memory.dll
2026-09-27T19:26:13.4450828Z    Compressing: \\?\D:\a\wootc\wootc\out\branded-preview\System.Net.dll
2026-09-27T19:26:13.4453522Z    Compressing: \\?\D:\a\wootc\wootc\out\branded-preview\System.Net.Http.dll
2026-09-27T19:26:13.4610012Z    Compressing: \\?\D:\a\wootc\wootc\out\branded-preview\System.Net.Http.Json.dll
2026-09-27T19:26:13.4621258Z    Compressing: \\?\D:\a\wootc\wootc\out\branded-preview\System.Net.HttpListener.dll
2026-09-27T19:26:13.4666042Z    Compressing: \\?\D:\a\wootc\wootc\out\branded-preview\System.Net.Mail.dll
2026-09-27T19:26:13.4701540Z    Compressing: \\?\D:\a\wootc\wootc\out\branded-preview\System.Net.NameResolution.dll
2026-09-27T19:26:13.4711183Z    Compressing: \\?\D:\a\wootc\wootc\out\branded-preview\System.Net.NetworkInformation.dll
2026-09-27T19:26:13.4724615Z    Compressing: \\?\D:\a\wootc\wootc\out\branded-preview\System.Net.Ping.dll
2026-09-27T19:26:13.4732833Z    Compressing: \\?\D:\a\wootc\wootc\out\branded-preview\System.Net.Primitives.dll
2026-09-27T19:26:13.4752147Z    Compressing: \\?\D:\a\wootc\wootc\out\branded-preview\System.Net.Quic.dll
2026-09-27T19:26:13.4778721Z    Compressing: \\?\D:\a\wootc\wootc\out\branded-preview\System.Net.Requests.dll
2026-09-27T19:26:13.4818997Z    Compressing: \\?\D:\a\wootc\wootc\out\branded-preview\System.Net.Security.dll
2026-09-27T19:26:14.0956271Z    Compressing: \\?\D:\a\wootc\wootc\out\branded-preview\System.Net.ServicePoint.dll
2026-09-27T19:26:14.0961559Z    Compressing: \\?\D:\a\wootc\wootc\out\branded-preview\System.Net.Sockets.dll
2026-09-27T19:26:14.1017903Z    Compressing: \\?\D:\a\wootc\wootc\out\branded-preview\System.Net.WebClient.dll
2026-09-27T19:26:14.1035563Z    Compressing: \\?\D:\a\wootc\wootc\out\branded-preview\System.Net.WebHeaderCollection.dll
2026-09-27T19:26:14.1045245Z    Compressing: \\?\D:\a\wootc\wootc\out\branded-preview\System.Net.WebProxy.dll
2026-09-27T19:26:14.1051893Z    Compressing: \\?\D:\a\wootc\wootc\out\branded-preview\System.Net.WebSockets.Client.dll
2026-09-27T19:26:14.1060717Z    Compressing: \\?\D:\a\wootc\wootc\out\branded-preview\System.Net.WebSockets.dll
2026-09-27T19:26:14.1085170Z    Compressing: \\?\D:\a\wootc\wootc\out\branded-preview\System.Numerics.dll
2026-09-27T19:26:14.1087748Z    Compressing: \\?\D:\a\wootc\wootc\out\branded-preview\System.Numerics.Tensors.dll
2026-09-27T19:26:14.1135566Z    Compressing: \\?\D:\a\wootc\wootc\out\branded-preview\System.Numerics.Vectors.dll
2026-09-27T19:26:14.1137413Z    Compressing: \\?\D:\a\wootc\wootc\out\branded-preview\System.ObjectModel.dll
2026-09-27T19:26:14.1148765Z    Compressing: \\?\D:\a\wootc\wootc\out\branded-preview\System.Private.CoreLib.dll
2026-09-27T19:26:16.1801785Z    Compressing: \\?\D:\a\wootc\wootc\out\branded-preview\System.Private.DataContractSerialization.dll
2026-09-27T19:26:16.1969901Z    Compressing: \\?\D:\a\wootc\wootc\out\branded-preview\System.Private.Uri.dll
2026-09-27T19:26:16.1991319Z    Compressing: \\?\D:\a\wootc\wootc\out\branded-preview\System.Private.Xml.dll
2026-09-27T19:26:17.5768680Z    Compressing: \\?\D:\a\wootc\wootc\out\branded-preview\System.Private.Xml.Linq.dll
2026-09-27T19:26:17.5824040Z    Compressing: \\?\D:\a\wootc\wootc\out\branded-preview\System.Reflection.DispatchProxy.dll
2026-09-27T19:26:17.5835188Z    Compressing: \\?\D:\a\wootc\wootc\out\branded-preview\System.Reflection.dll
2026-09-27T19:26:17.5837950Z    Compressing: \\?\D:\a\wootc\wootc\out\branded-preview\System.Reflection.Emit.dll
2026-09-27T19:26:17.5855683Z    Compressing: \\?\D:\a\wootc\wootc\out\branded-preview\System.Reflection.Emit.ILGeneration.dll
2026-09-27T19:26:17.5858241Z    Compressing: \\?\D:\a\wootc\wootc\out\branded-preview\System.Reflection.Emit.Lightweight.dll
2026-09-27T19:26:17.5860768Z    Compressing: \\?\D:\a\wootc\wootc\out\branded-preview\System.Reflection.Extensions.dll
2026-09-27T19:26:17.5863193Z    Compressing: \\?\D:\a\wootc\wootc\out\branded-preview\System.Reflection.Metadata.dll
2026-09-27T19:26:17.5956223Z    Compressing: \\?\D:\a\wootc\wootc\out\branded-preview\System.Reflection.Primitives.dll
2026-09-27T19:26:17.5958102Z    Compressing: \\?\D:\a\wootc\wootc\out\branded-preview\System.Reflection.TypeExtensions.dll
2026-09-27T19:26:17.5962053Z    Compressing: \\?\D:\a\wootc\wootc\out\branded-preview\System.Resources.Reader.dll
2026-09-27T19:26:17.5964001Z    Compressing: \\?\D:\a\wootc\wootc\out\branded-preview\System.Resources.ResourceManager.dll
2026-09-27T19:26:17.5965870Z    Compressing: \\?\D:\a\wootc\wootc\out\branded-preview\System.Resources.Writer.dll
2026-09-27T19:26:17.5970929Z    Compressing: \\?\D:\a\wootc\wootc\out\branded-preview\System.Runtime.CompilerServices.Unsafe.dll
2026-09-27T19:26:17.5972745Z    Compressing: \\?\D:\a\wootc\wootc\out\branded-preview\System.Runtime.CompilerServices.VisualC.dll
2026-09-27T19:26:17.5975656Z    Compressing: \\?\D:\a\wootc\wootc\out\branded-preview\System.Runtime.dll
2026-09-27T19:26:17.5979817Z    Compressing: \\?\D:\a\wootc\wootc\out\branded-preview\System.Runtime.Extensions.dll
2026-09-27T19:26:17.5981886Z    Compressing: \\?\D:\a\wootc\wootc\out\branded-preview\System.Runtime.Handles.dll
2026-09-27T19:26:17.5983714Z    Compressing: \\?\D:\a\wootc\wootc\out\branded-preview\System.Runtime.InteropServices.dll
2026-09-27T19:26:17.5992418Z    Compressing: \\?\D:\a\wootc\wootc\out\branded-preview\System.Runtime.InteropServices.JavaScript.dll
2026-09-27T19:26:17.5997193Z    Compressing: \\?\D:\a\wootc\wootc\out\branded-preview\System.Runtime.InteropServices.RuntimeInformation.dll
2026-09-27T19:26:17.5999836Z    Compressing: \\?\D:\a\wootc\wootc\out\branded-preview\System.Runtime.Intrinsics.dll
2026-09-27T19:26:17.6001138Z    Compressing: \\?\D:\a\wootc\wootc\out\branded-preview\System.Runtime.Loader.dll
2026-09-27T19:26:17.6002832Z    Compressing: \\?\D:\a\wootc\wootc\out\branded-preview\System.Runtime.Numerics.dll
2026-09-27T19:26:17.6033805Z    Compressing: \\?\D:\a\wootc\wootc\out\branded-preview\System.Runtime.Serialization.dll
2026-09-27T19:26:17.6035794Z    Compressing: \\?\D:\a\wootc\wootc\out\branded-preview\System.Runtime.Serialization.Formatters.dll
2026-09-27T19:26:17.6061739Z    Compressing: \\?\D:\a\wootc\wootc\out\branded-preview\System.Runtime.Serialization.Json.dll
2026-09-27T19:26:17.6063654Z    Compressing: \\?\D:\a\wootc\wootc\out\branded-preview\System.Runtime.Serialization.Primitives.dll
2026-09-27T19:26:17.6067584Z    Compressing: \\?\D:\a\wootc\wootc\out\branded-preview\System.Runtime.Serialization.Xml.dll
2026-09-27T19:26:17.6069650Z    Compressing: \\?\D:\a\wootc\wootc\out\branded-preview\System.Security.AccessControl.dll
2026-09-27T19:26:17.6089560Z    Compressing: \\?\D:\a\wootc\wootc\out\branded-preview\System.Security.Claims.dll
2026-09-27T19:26:17.6098853Z    Compressing: \\?\D:\a\wootc\wootc\out\branded-preview\System.Security.Cryptography.Algorithms.dll
2026-09-27T19:26:17.6100755Z    Compressing: \\?\D:\a\wootc\wootc\out\branded-preview\System.Security.Cryptography.Cng.dll
2026-09-27T19:26:17.6102631Z    Compressing: \\?\D:\a\wootc\wootc\out\branded-preview\System.Security.Cryptography.Csp.dll
2026-09-27T19:26:17.6104501Z    Compressing: \\?\D:\a\wootc\wootc\out\branded-preview\System.Security.Cryptography.dll
2026-09-27T19:26:18.2004578Z    Compressing: \\?\D:\a\wootc\wootc\out\branded-preview\System.Security.Cryptography.Encoding.dll
2026-09-27T19:26:18.2006701Z    Compressing: \\?\D:\a\wootc\wootc\out\branded-preview\System.Security.Cryptography.OpenSsl.dll
2026-09-27T19:26:18.2009171Z    Compressing: \\?\D:\a\wootc\wootc\out\branded-preview\System.Security.Cryptography.Primitives.dll
2026-09-27T19:26:18.2011515Z    Compressing: \\?\D:\a\wootc\wootc\out\branded-preview\System.Security.Cryptography.X509Certificates.dll
2026-09-27T19:26:18.2013879Z    Compressing: \\?\D:\a\wootc\wootc\out\branded-preview\System.Security.dll
2026-09-27T19:26:18.2016872Z    Compressing: \\?\D:\a\wootc\wootc\out\branded-preview\System.Security.Principal.dll
2026-09-27T19:26:18.2019208Z    Compressing: \\?\D:\a\wootc\wootc\out\branded-preview\System.Security.Principal.Windows.dll
2026-09-27T19:26:18.2040867Z    Compressing: \\?\D:\a\wootc\wootc\out\branded-preview\System.Security.SecureString.dll
2026-09-27T19:26:18.2043165Z    Compressing: \\?\D:\a\wootc\wootc\out\branded-preview\System.ServiceModel.Web.dll
2026-09-27T19:26:18.2045903Z    Compressing: \\?\D:\a\wootc\wootc\out\branded-preview\System.ServiceProcess.dll
2026-09-27T19:26:18.2048602Z    Compressing: \\?\D:\a\wootc\wootc\out\branded-preview\System.Text.Encoding.CodePages.dll
2026-09-27T19:26:18.2120016Z    Compressing: \\?\D:\a\wootc\wootc\out\branded-preview\System.Text.Encoding.dll
2026-09-27T19:26:18.2121809Z    Compressing: \\?\D:\a\wootc\wootc\out\branded-preview\System.Text.Encoding.Extensions.dll
2026-09-27T19:26:18.2123635Z    Compressing: \\?\D:\a\wootc\wootc\out\branded-preview\System.Text.Encodings.Web.dll
2026-09-27T19:26:18.2134892Z    Compressing: \\?\D:\a\wootc\wootc\out\branded-preview\System.Text.Json.dll
2026-09-27T19:26:18.2256618Z    Compressing: \\?\D:\a\wootc\wootc\out\branded-preview\System.Text.RegularExpressions.dll
2026-09-27T19:26:18.2348831Z    Compressing: \\?\D:\a\wootc\wootc\out\branded-preview\System.Threading.Channels.dll
2026-09-27T19:26:18.2360747Z    Compressing: \\?\D:\a\wootc\wootc\out\branded-preview\System.Threading.dll
2026-09-27T19:26:18.8299851Z    Compressing: \\?\D:\a\wootc\wootc\out\branded-preview\System.Threading.Overlapped.dll
2026-09-27T19:26:18.8302471Z    Compressing: \\?\D:\a\wootc\wootc\out\branded-preview\System.Threading.Tasks.Dataflow.dll
2026-09-27T19:26:18.8363043Z    Compressing: \\?\D:\a\wootc\wootc\out\branded-preview\System.Threading.Tasks.dll
2026-09-27T19:26:18.8365338Z    Compressing: \\?\D:\a\wootc\wootc\out\branded-preview\System.Threading.Tasks.Extensions.dll
2026-09-27T19:26:18.8367886Z    Compressing: \\?\D:\a\wootc\wootc\out\branded-preview\System.Threading.Tasks.Parallel.dll
2026-09-27T19:26:18.8384140Z    Compressing: \\?\D:\a\wootc\wootc\out\branded-preview\System.Threading.Thread.dll
2026-09-27T19:26:18.8386483Z    Compressing: \\?\D:\a\wootc\wootc\out\branded-preview\System.Threading.ThreadPool.dll
2026-09-27T19:26:18.8389243Z    Compressing: \\?\D:\a\wootc\wootc\out\branded-preview\System.Threading.Timer.dll
2026-09-27T19:26:18.8391435Z    Compressing: \\?\D:\a\wootc\wootc\out\branded-preview\System.Transactions.dll
2026-09-27T19:26:18.8393699Z    Compressing: \\?\D:\a\wootc\wootc\out\branded-preview\System.Transactions.Local.dll
2026-09-27T19:26:18.8447224Z    Compressing: \\?\D:\a\wootc\wootc\out\branded-preview\System.ValueTuple.dll
2026-09-27T19:26:18.8449026Z    Compressing: \\?\D:\a\wootc\wootc\out\branded-preview\System.Web.dll
2026-09-27T19:26:18.8450923Z    Compressing: \\?\D:\a\wootc\wootc\out\branded-preview\System.Web.HttpUtility.dll
2026-09-27T19:26:18.8456302Z    Compressing: \\?\D:\a\wootc\wootc\out\branded-preview\System.Windows.dll
2026-09-27T19:26:18.8458128Z    Compressing: \\?\D:\a\wootc\wootc\out\branded-preview\System.Xml.dll
2026-09-27T19:26:18.8460650Z    Compressing: \\?\D:\a\wootc\wootc\out\branded-preview\System.Xml.Linq.dll
2026-09-27T19:26:18.8462579Z    Compressing: \\?\D:\a\wootc\wootc\out\branded-preview\System.Xml.ReaderWriter.dll
2026-09-27T19:26:18.8464841Z    Compressing: \\?\D:\a\wootc\wootc\out\branded-preview\System.Xml.Serialization.dll
2026-09-27T19:26:18.8466658Z    Compressing: \\?\D:\a\wootc\wootc\out\branded-preview\System.Xml.XDocument.dll
2026-09-27T19:26:18.8468483Z    Compressing: \\?\D:\a\wootc\wootc\out\branded-preview\System.Xml.XmlDocument.dll
2026-09-27T19:26:18.8470407Z    Compressing: \\?\D:\a\wootc\wootc\out\branded-preview\System.Xml.XmlSerializer.dll
2026-09-27T19:26:18.8472728Z    Compressing: \\?\D:\a\wootc\wootc\out\branded-preview\System.Xml.XPath.dll
2026-09-27T19:26:18.8474530Z    Compressing: \\?\D:\a\wootc\wootc\out\branded-preview\System.Xml.XPath.XDocument.dll
2026-09-27T19:26:18.8477550Z    Compressing: \\?\D:\a\wootc\wootc\out\branded-preview\WebView2Loader.dll
2026-09-27T19:26:18.8491035Z    Compressing: \\?\D:\a\wootc\wootc\out\branded-preview\WindowsBase.dll
2026-09-27T19:26:18.8493162Z    Compressing: \\?\D:\a\wootc\wootc\out\branded-preview\WinRT.Runtime.dll
2026-09-27T19:26:18.8536394Z    Compressing: \\?\D:\a\wootc\wootc\out\branded-preview\WinUIEdit.dll
2026-09-27T19:26:19.5477701Z    Compressing: \\?\D:\a\wootc\wootc\out\branded-preview\wootc-engine.exe
2026-09-27T19:26:21.2619008Z    Compressing: \\?\D:\a\wootc\wootc\out\branded-preview\Wootc.Shell.Core.dll
2026-09-27T19:26:21.2626721Z    Compressing: \\?\D:\a\wootc\wootc\out\branded-preview\Wootc.Shell.Core.pdb
2026-09-27T19:26:21.2629505Z    Compressing: \\?\D:\a\wootc\wootc\out\branded-preview\Wootc.Shell.deps.json
2026-09-27T19:26:21.2633155Z    Compressing: \\?\D:\a\wootc\wootc\out\branded-preview\Wootc.Shell.dll
2026-09-27T19:26:21.2649243Z    Compressing: \\?\D:\a\wootc\wootc\out\branded-preview\Wootc.Shell.exe
2026-09-27T19:26:21.2673778Z    Compressing: \\?\D:\a\wootc\wootc\out\branded-preview\Wootc.Shell.Native.dll
2026-09-27T19:26:21.2679644Z    Compressing: \\?\D:\a\wootc\wootc\out\branded-preview\Wootc.Shell.Native.pdb
2026-09-27T19:26:21.2681803Z    Compressing: \\?\D:\a\wootc\wootc\out\branded-preview\Wootc.Shell.pdb
2026-09-27T19:26:21.2684805Z    Compressing: \\?\D:\a\wootc\wootc\out\branded-preview\Wootc.Shell.pri
2026-09-27T19:26:21.6721417Z    Compressing: \\?\D:\a\wootc\wootc\out\branded-preview\Wootc.Shell.runtimeconfig.json
2026-09-27T19:26:21.6722329Z    Compressing: \\?\D:\a\wootc\wootc\out\branded-preview\workloads.365.json
2026-09-27T19:26:21.6723817Z    Compressing: \\?\D:\a\wootc\wootc\out\branded-preview\workloads.j32.json
2026-09-27T19:26:21.6725220Z    Compressing: \\?\D:\a\wootc\wootc\out\branded-preview\workloads.json
2026-09-27T19:26:21.6726490Z    Compressing: \\?\D:\a\wootc\wootc\out\branded-preview\workloads.lnl.json
2026-09-27T19:26:21.6728336Z    Compressing: \\?\D:\a\wootc\wootc\out\branded-preview\workloads.qnn.json
2026-09-27T19:26:21.6730354Z    Compressing: \\?\D:\a\wootc\wootc\out\branded-preview\workloads.stx.json
2026-09-27T19:26:21.6731995Z    Compressing: \\?\D:\a\wootc\wootc\out\branded-preview\wuceffectsi.dll
2026-09-27T19:26:21.6773229Z    Compressing: \\?\D:\a\wootc\wootc\out\branded-preview\af-ZA\Microsoft.ui.xaml.dll.mui
2026-09-27T19:26:21.6775783Z    Compressing: \\?\D:\a\wootc\wootc\out\branded-preview\af-ZA\Microsoft.UI.Xaml.Phone.dll.mui
2026-09-27T19:26:21.6777327Z    Compressing: \\?\D:\a\wootc\wootc\out\branded-preview\am-ET\Microsoft.ui.xaml.dll.mui
2026-09-27T19:26:21.6779644Z    Compressing: \\?\D:\a\wootc\wootc\out\branded-preview\am-ET\Microsoft.UI.Xaml.Phone.dll.mui
2026-09-27T19:26:21.6781124Z    Compressing: \\?\D:\a\wootc\wootc\out\branded-preview\ar-SA\Microsoft.ui.xaml.dll.mui
2026-09-27T19:26:21.6783823Z    Compressing: \\?\D:\a\wootc\wootc\out\branded-preview\ar-SA\Microsoft.UI.Xaml.Phone.dll.mui
2026-09-27T19:26:21.6785466Z    Compressing: \\?\D:\a\wootc\wootc\out\branded-preview\as-IN\Microsoft.ui.xaml.dll.mui
2026-09-27T19:26:21.6787981Z    Compressing: \\?\D:\a\wootc\wootc\out\branded-preview\as-IN\Microsoft.UI.Xaml.Phone.dll.mui
2026-09-27T19:26:21.6789818Z    Compressing: \\?\D:\a\wootc\wootc\out\branded-preview\az-Latn-AZ\Microsoft.ui.xaml.dll.mui
2026-09-27T19:26:21.6792552Z    Compressing: \\?\D:\a\wootc\wootc\out\branded-preview\az-Latn-AZ\Microsoft.UI.Xaml.Phone.dll.mui
2026-09-27T19:26:21.6794060Z    Compressing: \\?\D:\a\wootc\wootc\out\branded-preview\bg-BG\Microsoft.ui.xaml.dll.mui
2026-09-27T19:26:21.6796740Z    Compressing: \\?\D:\a\wootc\wootc\out\branded-preview\bg-BG\Microsoft.UI.Xaml.Phone.dll.mui
2026-09-27T19:26:21.6798349Z    Compressing: \\?\D:\a\wootc\wootc\out\branded-preview\bn-IN\Microsoft.ui.xaml.dll.mui
2026-09-27T19:26:21.6801049Z    Compressing: \\?\D:\a\wootc\wootc\out\branded-preview\bn-IN\Microsoft.UI.Xaml.Phone.dll.mui
2026-09-27T19:26:21.6802528Z    Compressing: \\?\D:\a\wootc\wootc\out\branded-preview\Branding\brand.json
2026-09-27T19:26:21.6803081Z    Compressing: \\?\D:\a\wootc\wootc\out\branded-preview\bs-Latn-BA\Microsoft.ui.xaml.dll.mui
2026-09-27T19:26:21.6805935Z    Compressing: \\?\D:\a\wootc\wootc\out\branded-preview\bs-Latn-BA\Microsoft.UI.Xaml.Phone.dll.mui
2026-09-27T19:26:21.6807560Z    Compressing: \\?\D:\a\wootc\wootc\out\branded-preview\ca-ES\Microsoft.ui.xaml.dll.mui
2026-09-27T19:26:21.6810887Z    Compressing: \\?\D:\a\wootc\wootc\out\branded-preview\ca-ES\Microsoft.UI.Xaml.Phone.dll.mui
2026-09-27T19:26:21.6812587Z    Compressing: \\?\D:\a\wootc\wootc\out\branded-preview\ca-Es-VALENCIA\Microsoft.ui.xaml.dll.mui
2026-09-27T19:26:21.6815174Z    Compressing: \\?\D:\a\wootc\wootc\out\branded-preview\ca-Es-VALENCIA\Microsoft.UI.Xaml.Phone.dll.mui
2026-09-27T19:26:21.6816633Z    Compressing: \\?\D:\a\wootc\wootc\out\branded-preview\cs-CZ\Microsoft.ui.xaml.dll.mui
2026-09-27T19:26:21.6819249Z    Compressing: \\?\D:\a\wootc\wootc\out\branded-preview\cs-CZ\Microsoft.UI.Xaml.Phone.dll.mui
2026-09-27T19:26:21.6820886Z    Compressing: \\?\D:\a\wootc\wootc\out\branded-preview\cy-GB\Microsoft.ui.xaml.dll.mui
2026-09-27T19:26:21.6823417Z    Compressing: \\?\D:\a\wootc\wootc\out\branded-preview\cy-GB\Microsoft.UI.Xaml.Phone.dll.mui
2026-09-27T19:26:21.6824906Z    Compressing: \\?\D:\a\wootc\wootc\out\branded-preview\da-DK\Microsoft.ui.xaml.dll.mui
2026-09-27T19:26:21.6827754Z    Compressing: \\?\D:\a\wootc\wootc\out\branded-preview\da-DK\Microsoft.UI.Xaml.Phone.dll.mui
2026-09-27T19:26:21.6829908Z    Compressing: \\?\D:\a\wootc\wootc\out\branded-preview\de-DE\Microsoft.ui.xaml.dll.mui
2026-09-27T19:26:21.6833091Z    Compressing: \\?\D:\a\wootc\wootc\out\branded-preview\de-DE\Microsoft.UI.Xaml.Phone.dll.mui
2026-09-27T19:26:21.6834228Z    Compressing: \\?\D:\a\wootc\wootc\out\branded-preview\el-GR\Microsoft.ui.xaml.dll.mui
2026-09-27T19:26:21.6836837Z    Compressing: \\?\D:\a\wootc\wootc\out\branded-preview\el-GR\Microsoft.UI.Xaml.Phone.dll.mui
2026-09-27T19:26:21.6838300Z    Compressing: \\?\D:\a\wootc\wootc\out\branded-preview\en-GB\Microsoft.ui.xaml.dll.mui
2026-09-27T19:26:21.6840873Z    Compressing: \\?\D:\a\wootc\wootc\out\branded-preview\en-GB\Microsoft.UI.Xaml.Phone.dll.mui
2026-09-27T19:26:21.6842507Z    Compressing: \\?\D:\a\wootc\wootc\out\branded-preview\en-us\Microsoft.ui.xaml.dll.mui
2026-09-27T19:26:21.6845259Z    Compressing: \\?\D:\a\wootc\wootc\out\branded-preview\en-us\Microsoft.UI.Xaml.Phone.dll.mui
2026-09-27T19:26:21.6846743Z    Compressing: \\?\D:\a\wootc\wootc\out\branded-preview\es-ES\Microsoft.ui.xaml.dll.mui
2026-09-27T19:26:21.6849660Z    Compressing: \\?\D:\a\wootc\wootc\out\branded-preview\es-ES\Microsoft.UI.Xaml.Phone.dll.mui
2026-09-27T19:26:21.6851235Z    Compressing: \\?\D:\a\wootc\wootc\out\branded-preview\es-MX\Microsoft.ui.xaml.dll.mui
2026-09-27T19:26:21.6853968Z    Compressing: \\?\D:\a\wootc\wootc\out\branded-preview\es-MX\Microsoft.UI.Xaml.Phone.dll.mui
2026-09-27T19:26:21.6855587Z    Compressing: \\?\D:\a\wootc\wootc\out\branded-preview\et-EE\Microsoft.ui.xaml.dll.mui
2026-09-27T19:26:21.6858120Z    Compressing: \\?\D:\a\wootc\wootc\out\branded-preview\et-EE\Microsoft.UI.Xaml.Phone.dll.mui
2026-09-27T19:26:21.6859813Z    Compressing: \\?\D:\a\wootc\wootc\out\branded-preview\eu-ES\Microsoft.ui.xaml.dll.mui
2026-09-27T19:26:21.6862649Z    Compressing: \\?\D:\a\wootc\wootc\out\branded-preview\eu-ES\Microsoft.UI.Xaml.Phone.dll.mui
2026-09-27T19:26:21.6864175Z    Compressing: \\?\D:\a\wootc\wootc\out\branded-preview\fa-IR\Microsoft.ui.xaml.dll.mui
2026-09-27T19:26:21.6867008Z    Compressing: \\?\D:\a\wootc\wootc\out\branded-preview\fa-IR\Microsoft.UI.Xaml.Phone.dll.mui
2026-09-27T19:26:21.6868788Z    Compressing: \\?\D:\a\wootc\wootc\out\branded-preview\fi-FI\Microsoft.ui.xaml.dll.mui
2026-09-27T19:26:21.6871414Z    Compressing: \\?\D:\a\wootc\wootc\out\branded-preview\fi-FI\Microsoft.UI.Xaml.Phone.dll.mui
2026-09-27T19:26:21.6872921Z    Compressing: \\?\D:\a\wootc\wootc\out\branded-preview\fil-PH\Microsoft.ui.xaml.dll.mui
2026-09-27T19:26:21.6875660Z    Compressing: \\?\D:\a\wootc\wootc\out\branded-preview\fil-PH\Microsoft.UI.Xaml.Phone.dll.mui
2026-09-27T19:26:21.6877289Z    Compressing: \\?\D:\a\wootc\wootc\out\branded-preview\fr-CA\Microsoft.ui.xaml.dll.mui
2026-09-27T19:26:21.6879937Z    Compressing: \\?\D:\a\wootc\wootc\out\branded-preview\fr-CA\Microsoft.UI.Xaml.Phone.dll.mui
2026-09-27T19:26:21.6881484Z    Compressing: \\?\D:\a\wootc\wootc\out\branded-preview\fr-FR\Microsoft.ui.xaml.dll.mui
2026-09-27T19:26:21.6884000Z    Compressing: \\?\D:\a\wootc\wootc\out\branded-preview\fr-FR\Microsoft.UI.Xaml.Phone.dll.mui
2026-09-27T19:26:21.6885578Z    Compressing: \\?\D:\a\wootc\wootc\out\branded-preview\ga-IE\Microsoft.ui.xaml.dll.mui
2026-09-27T19:26:21.6888420Z    Compressing: \\?\D:\a\wootc\wootc\out\branded-preview\ga-IE\Microsoft.UI.Xaml.Phone.dll.mui
2026-09-27T19:26:21.6890008Z    Compressing: \\?\D:\a\wootc\wootc\out\branded-preview\gd-gb\Microsoft.ui.xaml.dll.mui
2026-09-27T19:26:21.6892619Z    Compressing: \\?\D:\a\wootc\wootc\out\branded-preview\gd-gb\Microsoft.UI.Xaml.Phone.dll.mui
2026-09-27T19:26:21.6894219Z    Compressing: \\?\D:\a\wootc\wootc\out\branded-preview\gl-ES\Microsoft.ui.xaml.dll.mui
2026-09-27T19:26:21.6896763Z    Compressing: \\?\D:\a\wootc\wootc\out\branded-preview\gl-ES\Microsoft.UI.Xaml.Phone.dll.mui
2026-09-27T19:26:21.6898227Z    Compressing: \\?\D:\a\wootc\wootc\out\branded-preview\gu-IN\Microsoft.ui.xaml.dll.mui
2026-09-27T19:26:21.6900708Z    Compressing: \\?\D:\a\wootc\wootc\out\branded-preview\gu-IN\Microsoft.UI.Xaml.Phone.dll.mui
2026-09-27T19:26:21.6902464Z    Compressing: \\?\D:\a\wootc\wootc\out\branded-preview\he-IL\Microsoft.ui.xaml.dll.mui
2026-09-27T19:26:21.6904832Z    Compressing: \\?\D:\a\wootc\wootc\out\branded-preview\he-IL\Microsoft.UI.Xaml.Phone.dll.mui
2026-09-27T19:26:21.6906306Z    Compressing: \\?\D:\a\wootc\wootc\out\branded-preview\hi-IN\Microsoft.ui.xaml.dll.mui
2026-09-27T19:26:21.6909155Z    Compressing: \\?\D:\a\wootc\wootc\out\branded-preview\hi-IN\Microsoft.UI.Xaml.Phone.dll.mui
2026-09-27T19:26:21.6910669Z    Compressing: \\?\D:\a\wootc\wootc\out\branded-preview\hr-HR\Microsoft.ui.xaml.dll.mui
2026-09-27T19:26:21.6913293Z    Compressing: \\?\D:\a\wootc\wootc\out\branded-preview\hr-HR\Microsoft.UI.Xaml.Phone.dll.mui
2026-09-27T19:26:21.6914743Z    Compressing: \\?\D:\a\wootc\wootc\out\branded-preview\hu-HU\Microsoft.ui.xaml.dll.mui
2026-09-27T19:26:21.6917350Z    Compressing: \\?\D:\a\wootc\wootc\out\branded-preview\hu-HU\Microsoft.UI.Xaml.Phone.dll.mui
2026-09-27T19:26:21.6918772Z    Compressing: \\?\D:\a\wootc\wootc\out\branded-preview\hy-AM\Microsoft.ui.xaml.dll.mui
2026-09-27T19:26:21.6921514Z    Compressing: \\?\D:\a\wootc\wootc\out\branded-preview\hy-AM\Microsoft.UI.Xaml.Phone.dll.mui
2026-09-27T19:26:21.6923118Z    Compressing: \\?\D:\a\wootc\wootc\out\branded-preview\id-ID\Microsoft.ui.xaml.dll.mui
2026-09-27T19:26:21.6925860Z    Compressing: \\?\D:\a\wootc\wootc\out\branded-preview\id-ID\Microsoft.UI.Xaml.Phone.dll.mui
2026-09-27T19:26:21.6927635Z    Compressing: \\?\D:\a\wootc\wootc\out\branded-preview\is-IS\Microsoft.ui.xaml.dll.mui
2026-09-27T19:26:21.6930120Z    Compressing: \\?\D:\a\wootc\wootc\out\branded-preview\is-IS\Microsoft.UI.Xaml.Phone.dll.mui
2026-09-27T19:26:21.6931711Z    Compressing: \\?\D:\a\wootc\wootc\out\branded-preview\it-IT\Microsoft.ui.xaml.dll.mui
2026-09-27T19:26:21.6934464Z    Compressing: \\?\D:\a\wootc\wootc\out\branded-preview\it-IT\Microsoft.UI.Xaml.Phone.dll.mui
2026-09-27T19:26:21.6936046Z    Compressing: \\?\D:\a\wootc\wootc\out\branded-preview\ja-JP\Microsoft.ui.xaml.dll.mui
2026-09-27T19:26:21.6938397Z    Compressing: \\?\D:\a\wootc\wootc\out\branded-preview\ja-JP\Microsoft.UI.Xaml.Phone.dll.mui
2026-09-27T19:26:21.6939847Z    Compressing: \\?\D:\a\wootc\wootc\out\branded-preview\ka-GE\Microsoft.ui.xaml.dll.mui
2026-09-27T19:26:21.6942603Z    Compressing: \\?\D:\a\wootc\wootc\out\branded-preview\ka-GE\Microsoft.UI.Xaml.Phone.dll.mui
2026-09-27T19:26:21.6954308Z    Compressing: \\?\D:\a\wootc\wootc\out\branded-preview\kk-KZ\Microsoft.ui.xaml.dll.mui
2026-09-27T19:26:21.6955779Z    Compressing: \\?\D:\a\wootc\wootc\out\branded-preview\kk-KZ\Microsoft.UI.Xaml.Phone.dll.mui
2026-09-27T19:26:21.6956527Z    Compressing: \\?\D:\a\wootc\wootc\out\branded-preview\km-KH\Microsoft.ui.xaml.dll.mui
2026-09-27T19:26:21.6957280Z    Compressing: \\?\D:\a\wootc\wootc\out\branded-preview\km-KH\Microsoft.UI.Xaml.Phone.dll.mui
2026-09-27T19:26:21.6958243Z    Compressing: \\?\D:\a\wootc\wootc\out\branded-preview\kn-IN\Microsoft.ui.xaml.dll.mui
2026-09-27T19:26:21.6958736Z    Compressing: \\?\D:\a\wootc\wootc\out\branded-preview\kn-IN\Microsoft.UI.Xaml.Phone.dll.mui
2026-09-27T19:26:21.6959240Z    Compressing: \\?\D:\a\wootc\wootc\out\branded-preview\ko-KR\Microsoft.ui.xaml.dll.mui
2026-09-27T19:26:21.6960944Z    Compressing: \\?\D:\a\wootc\wootc\out\branded-preview\ko-KR\Microsoft.UI.Xaml.Phone.dll.mui
2026-09-27T19:26:21.6963446Z    Compressing: \\?\D:\a\wootc\wootc\out\branded-preview\kok-IN\Microsoft.ui.xaml.dll.mui
2026-09-27T19:26:21.6966515Z    Compressing: \\?\D:\a\wootc\wootc\out\branded-preview\kok-IN\Microsoft.UI.Xaml.Phone.dll.mui
2026-09-27T19:26:21.6968369Z    Compressing: \\?\D:\a\wootc\wootc\out\branded-preview\lb-LU\Microsoft.ui.xaml.dll.mui
2026-09-27T19:26:21.6971224Z    Compressing: \\?\D:\a\wootc\wootc\out\branded-preview\lb-LU\Microsoft.UI.Xaml.Phone.dll.mui
2026-09-27T19:26:21.6972715Z    Compressing: \\?\D:\a\wootc\wootc\out\branded-preview\lo-LA\Microsoft.ui.xaml.dll.mui
2026-09-27T19:26:21.6975198Z    Compressing: \\?\D:\a\wootc\wootc\out\branded-preview\lo-LA\Microsoft.UI.Xaml.Phone.dll.mui
2026-09-27T19:26:21.6976870Z    Compressing: \\?\D:\a\wootc\wootc\out\branded-preview\lt-LT\Microsoft.ui.xaml.dll.mui
2026-09-27T19:26:21.6979352Z    Compressing: \\?\D:\a\wootc\wootc\out\branded-preview\lt-LT\Microsoft.UI.Xaml.Phone.dll.mui
2026-09-27T19:26:21.6980996Z    Compressing: \\?\D:\a\wootc\wootc\out\branded-preview\lv-LV\Microsoft.ui.xaml.dll.mui
2026-09-27T19:26:21.6983559Z    Compressing: \\?\D:\a\wootc\wootc\out\branded-preview\lv-LV\Microsoft.UI.Xaml.Phone.dll.mui
2026-09-27T19:26:21.6985172Z    Compressing: \\?\D:\a\wootc\wootc\out\branded-preview\mi-NZ\Microsoft.ui.xaml.dll.mui
2026-09-27T19:26:21.6988148Z    Compressing: \\?\D:\a\wootc\wootc\out\branded-preview\mi-NZ\Microsoft.UI.Xaml.Phone.dll.mui
2026-09-27T19:26:21.6989735Z    Compressing: \\?\D:\a\wootc\wootc\out\branded-preview\Microsoft.UI.Xaml\Assets\map.html
2026-09-27T19:26:21.6992567Z    Compressing: \\?\D:\a\wootc\wootc\out\branded-preview\Microsoft.UI.Xaml\Assets\NoiseAsset_256x256_PNG.png
2026-09-27T19:26:21.6993239Z    Compressing: \\?\D:\a\wootc\wootc\out\branded-preview\mk-MK\Microsoft.ui.xaml.dll.mui
2026-09-27T19:26:21.6996112Z    Compressing: \\?\D:\a\wootc\wootc\out\branded-preview\mk-MK\Microsoft.UI.Xaml.Phone.dll.mui
2026-09-27T19:26:21.6997566Z    Compressing: \\?\D:\a\wootc\wootc\out\branded-preview\ml-IN\Microsoft.ui.xaml.dll.mui
2026-09-27T19:26:21.7000403Z    Compressing: \\?\D:\a\wootc\wootc\out\branded-preview\ml-IN\Microsoft.UI.Xaml.Phone.dll.mui
2026-09-27T19:26:21.7002026Z    Compressing: \\?\D:\a\wootc\wootc\out\branded-preview\mr-IN\Microsoft.ui.xaml.dll.mui
2026-09-27T19:26:21.7004573Z    Compressing: \\?\D:\a\wootc\wootc\out\branded-preview\mr-IN\Microsoft.UI.Xaml.Phone.dll.mui
2026-09-27T19:26:21.7006385Z    Compressing: \\?\D:\a\wootc\wootc\out\branded-preview\ms-MY\Microsoft.ui.xaml.dll.mui
2026-09-27T19:26:21.7009027Z    Compressing: \\?\D:\a\wootc\wootc\out\branded-preview\ms-MY\Microsoft.UI.Xaml.Phone.dll.mui
2026-09-27T19:26:21.7010482Z    Compressing: \\?\D:\a\wootc\wootc\out\branded-preview\mt-MT\Microsoft.ui.xaml.dll.mui
2026-09-27T19:26:21.7013179Z    Compressing: \\?\D:\a\wootc\wootc\out\branded-preview\mt-MT\Microsoft.UI.Xaml.Phone.dll.mui
2026-09-27T19:26:21.7014796Z    Compressing: \\?\D:\a\wootc\wootc\out\branded-preview\nb-NO\Microsoft.ui.xaml.dll.mui
2026-09-27T19:26:21.7017251Z    Compressing: \\?\D:\a\wootc\wootc\out\branded-preview\nb-NO\Microsoft.UI.Xaml.Phone.dll.mui
2026-09-27T19:26:21.7018838Z    Compressing: \\?\D:\a\wootc\wootc\out\branded-preview\ne-NP\Microsoft.ui.xaml.dll.mui
2026-09-27T19:26:21.7021514Z    Compressing: \\?\D:\a\wootc\wootc\out\branded-preview\ne-NP\Microsoft.UI.Xaml.Phone.dll.mui
2026-09-27T19:26:21.7023039Z    Compressing: \\?\D:\a\wootc\wootc\out\branded-preview\nl-NL\Microsoft.ui.xaml.dll.mui
2026-09-27T19:26:21.7025881Z    Compressing: \\?\D:\a\wootc\wootc\out\branded-preview\nl-NL\Microsoft.UI.Xaml.Phone.dll.mui
2026-09-27T19:26:21.7027327Z    Compressing: \\?\D:\a\wootc\wootc\out\branded-preview\nn-NO\Microsoft.ui.xaml.dll.mui
2026-09-27T19:26:21.7029774Z    Compressing: \\?\D:\a\wootc\wootc\out\branded-preview\nn-NO\Microsoft.UI.Xaml.Phone.dll.mui
2026-09-27T19:26:21.7031230Z    Compressing: \\?\D:\a\wootc\wootc\out\branded-preview\or-IN\Microsoft.ui.xaml.dll.mui
2026-09-27T19:26:21.7034029Z    Compressing: \\?\D:\a\wootc\wootc\out\branded-preview\or-IN\Microsoft.UI.Xaml.Phone.dll.mui
2026-09-27T19:26:21.7035521Z    Compressing: \\?\D:\a\wootc\wootc\out\branded-preview\pa-IN\Microsoft.ui.xaml.dll.mui
2026-09-27T19:26:21.7038131Z    Compressing: \\?\D:\a\wootc\wootc\out\branded-preview\pa-IN\Microsoft.UI.Xaml.Phone.dll.mui
2026-09-27T19:26:21.7039567Z    Compressing: \\?\D:\a\wootc\wootc\out\branded-preview\pl-PL\Microsoft.ui.xaml.dll.mui
2026-09-27T19:26:21.7042073Z    Compressing: \\?\D:\a\wootc\wootc\out\branded-preview\pl-PL\Microsoft.UI.Xaml.Phone.dll.mui
2026-09-27T19:26:21.7043608Z    Compressing: \\?\D:\a\wootc\wootc\out\branded-preview\pt-BR\Microsoft.ui.xaml.dll.mui
2026-09-27T19:26:21.7046561Z    Compressing: \\?\D:\a\wootc\wootc\out\branded-preview\pt-BR\Microsoft.UI.Xaml.Phone.dll.mui
2026-09-27T19:26:21.7048079Z    Compressing: \\?\D:\a\wootc\wootc\out\branded-preview\pt-PT\Microsoft.ui.xaml.dll.mui
2026-09-27T19:26:21.7050588Z    Compressing: \\?\D:\a\wootc\wootc\out\branded-preview\pt-PT\Microsoft.UI.Xaml.Phone.dll.mui
2026-09-27T19:26:21.7052305Z    Compressing: \\?\D:\a\wootc\wootc\out\branded-preview\quz-PE\Microsoft.ui.xaml.dll.mui
2026-09-27T19:26:21.7054974Z    Compressing: \\?\D:\a\wootc\wootc\out\branded-preview\quz-PE\Microsoft.UI.Xaml.Phone.dll.mui
2026-09-27T19:26:21.7056448Z    Compressing: \\?\D:\a\wootc\wootc\out\branded-preview\ro-RO\Microsoft.ui.xaml.dll.mui
2026-09-27T19:26:21.7059130Z    Compressing: \\?\D:\a\wootc\wootc\out\branded-preview\ro-RO\Microsoft.UI.Xaml.Phone.dll.mui
2026-09-27T19:26:21.7060587Z    Compressing: \\?\D:\a\wootc\wootc\out\branded-preview\ru-RU\Microsoft.ui.xaml.dll.mui
2026-09-27T19:26:21.7063220Z    Compressing: \\?\D:\a\wootc\wootc\out\branded-preview\ru-RU\Microsoft.UI.Xaml.Phone.dll.mui
2026-09-27T19:26:21.7065049Z    Compressing: \\?\D:\a\wootc\wootc\out\branded-preview\sk-SK\Microsoft.ui.xaml.dll.mui
2026-09-27T19:26:21.7067973Z    Compressing: \\?\D:\a\wootc\wootc\out\branded-preview\sk-SK\Microsoft.UI.Xaml.Phone.dll.mui
2026-09-27T19:26:21.7069618Z    Compressing: \\?\D:\a\wootc\wootc\out\branded-preview\sl-SI\Microsoft.ui.xaml.dll.mui
2026-09-27T19:26:21.7072471Z    Compressing: \\?\D:\a\wootc\wootc\out\branded-preview\sl-SI\Microsoft.UI.Xaml.Phone.dll.mui
2026-09-27T19:26:21.7074264Z    Compressing: \\?\D:\a\wootc\wootc\out\branded-preview\sq-AL\Microsoft.ui.xaml.dll.mui
2026-09-27T19:26:21.7077764Z    Compressing: \\?\D:\a\wootc\wootc\out\branded-preview\sq-AL\Microsoft.UI.Xaml.Phone.dll.mui
2026-09-27T19:26:21.7079943Z    Compressing: \\?\D:\a\wootc\wootc\out\branded-preview\sr-Cyrl-BA\Microsoft.ui.xaml.dll.mui
2026-09-27T19:26:21.7083908Z    Compressing: \\?\D:\a\wootc\wootc\out\branded-preview\sr-Cyrl-BA\Microsoft.UI.Xaml.Phone.dll.mui
2026-09-27T19:26:21.7086393Z    Compressing: \\?\D:\a\wootc\wootc\out\branded-preview\sr-Cyrl-RS\Microsoft.ui.xaml.dll.mui
2026-09-27T19:26:21.7090298Z    Compressing: \\?\D:\a\wootc\wootc\out\branded-preview\sr-Cyrl-RS\Microsoft.UI.Xaml.Phone.dll.mui
2026-09-27T19:26:21.7092601Z    Compressing: \\?\D:\a\wootc\wootc\out\branded-preview\sr-Latn-RS\Microsoft.ui.xaml.dll.mui
2026-09-27T19:26:21.7096653Z    Compressing: \\?\D:\a\wootc\wootc\out\branded-preview\sr-Latn-RS\Microsoft.UI.Xaml.Phone.dll.mui
2026-09-27T19:26:21.7098934Z    Compressing: \\?\D:\a\wootc\wootc\out\branded-preview\sv-SE\Microsoft.ui.xaml.dll.mui
2026-09-27T19:26:21.7102490Z    Compressing: \\?\D:\a\wootc\wootc\out\branded-preview\sv-SE\Microsoft.UI.Xaml.Phone.dll.mui
2026-09-27T19:26:21.7104389Z    Compressing: \\?\D:\a\wootc\wootc\out\branded-preview\ta-IN\Microsoft.ui.xaml.dll.mui
2026-09-27T19:26:21.7108123Z    Compressing: \\?\D:\a\wootc\wootc\out\branded-preview\ta-IN\Microsoft.UI.Xaml.Phone.dll.mui
2026-09-27T19:26:21.7110116Z    Compressing: \\?\D:\a\wootc\wootc\out\branded-preview\te-IN\Microsoft.ui.xaml.dll.mui
2026-09-27T19:26:21.7113433Z    Compressing: \\?\D:\a\wootc\wootc\out\branded-preview\te-IN\Microsoft.UI.Xaml.Phone.dll.mui
2026-09-27T19:26:21.7115406Z    Compressing: \\?\D:\a\wootc\wootc\out\branded-preview\th-TH\Microsoft.ui.xaml.dll.mui
2026-09-27T19:26:21.7118804Z    Compressing: \\?\D:\a\wootc\wootc\out\branded-preview\th-TH\Microsoft.UI.Xaml.Phone.dll.mui
2026-09-27T19:26:21.7120649Z    Compressing: \\?\D:\a\wootc\wootc\out\branded-preview\tr-TR\Microsoft.ui.xaml.dll.mui
2026-09-27T19:26:21.7123870Z    Compressing: \\?\D:\a\wootc\wootc\out\branded-preview\tr-TR\Microsoft.UI.Xaml.Phone.dll.mui
2026-09-27T19:26:21.7126660Z    Compressing: \\?\D:\a\wootc\wootc\out\branded-preview\tt-RU\Microsoft.ui.xaml.dll.mui
2026-09-27T19:26:21.7130589Z    Compressing: \\?\D:\a\wootc\wootc\out\branded-preview\tt-RU\Microsoft.UI.Xaml.Phone.dll.mui
2026-09-27T19:26:21.7132720Z    Compressing: \\?\D:\a\wootc\wootc\out\branded-preview\ug-CN\Microsoft.ui.xaml.dll.mui
2026-09-27T19:26:21.7136629Z    Compressing: \\?\D:\a\wootc\wootc\out\branded-preview\ug-CN\Microsoft.UI.Xaml.Phone.dll.mui
2026-09-27T19:26:21.7138544Z    Compressing: \\?\D:\a\wootc\wootc\out\branded-preview\uk-UA\Microsoft.ui.xaml.dll.mui
2026-09-27T19:26:21.7142480Z    Compressing: \\?\D:\a\wootc\wootc\out\branded-preview\uk-UA\Microsoft.UI.Xaml.Phone.dll.mui
2026-09-27T19:26:21.7144665Z    Compressing: \\?\D:\a\wootc\wootc\out\branded-preview\ur-PK\Microsoft.ui.xaml.dll.mui
2026-09-27T19:26:21.7148002Z    Compressing: \\?\D:\a\wootc\wootc\out\branded-preview\ur-PK\Microsoft.UI.Xaml.Phone.dll.mui
2026-09-27T19:26:21.7149868Z    Compressing: \\?\D:\a\wootc\wootc\out\branded-preview\uz-Latn-UZ\Microsoft.ui.xaml.dll.mui
2026-09-27T19:26:21.7153916Z    Compressing: \\?\D:\a\wootc\wootc\out\branded-preview\uz-Latn-UZ\Microsoft.UI.Xaml.Phone.dll.mui
2026-09-27T19:26:21.7156213Z    Compressing: \\?\D:\a\wootc\wootc\out\branded-preview\vi-VN\Microsoft.ui.xaml.dll.mui
2026-09-27T19:26:21.7160200Z    Compressing: \\?\D:\a\wootc\wootc\out\branded-preview\vi-VN\Microsoft.UI.Xaml.Phone.dll.mui
2026-09-27T19:26:21.7162883Z    Compressing: \\?\D:\a\wootc\wootc\out\branded-preview\zh-CN\Microsoft.ui.xaml.dll.mui
2026-09-27T19:26:21.7166270Z    Compressing: \\?\D:\a\wootc\wootc\out\branded-preview\zh-CN\Microsoft.UI.Xaml.Phone.dll.mui
2026-09-27T19:26:21.7168531Z    Compressing: \\?\D:\a\wootc\wootc\out\branded-preview\zh-TW\Microsoft.ui.xaml.dll.mui
2026-09-27T19:26:21.7171906Z    Compressing: \\?\D:\a\wootc\wootc\out\branded-preview\zh-TW\Microsoft.UI.Xaml.Phone.dll.mui
2026-09-27T19:26:22.3168117Z    Compressing Setup program executable
2026-09-27T19:26:22.7581972Z    Updating version info (Setup.exe)
2026-09-27T19:26:22.7582315Z    Updating manifest (Setup.exe)
2026-09-27T19:26:22.7583071Z 
2026-09-27T19:26:22.7585882Z 
2026-09-27T19:26:22.7586539Z Successful compile (36.484 sec). Resulting Setup program filename is:
2026-09-27T19:26:22.7587114Z D:\a\wootc\wootc\out\preview-installer\aurora-native-preview-f6be21c25d28f5a42d083f7e34a315499a238b1f.exe
2026-09-27T19:26:32.9564920Z   Determining projects to restore...
2026-09-27T19:26:42.3127004Z   Restored D:\a\wootc\wootc\shell\Wootc.Shell.UiTests\Wootc.Shell.UiTests.csproj (in 9.15 sec).
2026-09-27T19:26:43.6102320Z   Wootc.Shell.UiTests -> D:\a\wootc\wootc\shell\Wootc.Shell.UiTests\bin\Release\net8.0-windows10.0.19041.0\Wootc.Shell.UiTests.dll
2026-09-27T19:26:43.6209739Z Test run for D:\a\wootc\wootc\shell\Wootc.Shell.UiTests\bin\Release\net8.0-windows10.0.19041.0\Wootc.Shell.UiTests.dll (.NETCoreApp,Version=v8.0)
2026-09-27T19:26:44.8118885Z A total of 1 test files matched the specified pattern.
2026-09-27T19:27:05.2094122Z [xUnit.net 00:00:17.30]     Wootc.Shell.UiTests.InstalledPreviewTests.ActualInstalledPreviewBrandAndAuthenticatedStartup [FAIL]
2026-09-27T19:27:05.2885551Z   Failed Wootc.Shell.UiTests.InstalledPreviewTests.ActualInstalledPreviewBrandAndAuthenticatedStartup [16 s]
2026-09-27T19:27:05.2886362Z   Error Message:
2026-09-27T19:27:05.2889844Z    System.InvalidOperationException : Actual configuration RPC/view unavailable; Linux configuration observation is unavailable; Stage:rpc-configuration-response; Failure:io; HResult:-2146232800; NativeCode:0; Engine:retained-running; PrimaryRpc:rpc-configuration-response; Failure:io; HResult:-2146232800; NativeCode:0; CallPhase:storage-second-query; CallMs:10008; Spans:catalogue-policy:0,final-selection:0,initial-selection:0,metadata-read:0,metadata-revalidation:0,metadata-root-audit:0,root-enumeration:0,storage-capacity:0,storage-first-query:9754,storage-identity-reread:0,storage-second-query:253; StoragePhase:import-storage; Audit:complete; Context:deadline; Attempted:True; Started:True; Waited:True; Pid:7092; Exit:1; Deadline:True; AuditMs:3; CommandMs:249; PrimaryStartup:none; disconnectEnabled=True; disconnectOffscreen=False
2026-09-27T19:27:05.2892194Z   Stack Trace:
2026-09-27T19:27:05.2893983Z      at Wootc.Shell.UiTests.InstalledPreviewTests.ActualInstalledPreviewBrandAndAuthenticatedStartup() in D:\a\wootc\wootc\shell\Wootc.Shell.UiTests\InstalledPreviewTests.cs:line 63
2026-09-27T19:27:05.2894727Z --- End of stack trace from previous location ---
2026-09-27T19:27:05.3035016Z Results File: D:\a\wootc\wootc\shell\Wootc.Shell.UiTests\TestResults\installed-aurora.trx
2026-09-27T19:27:05.3037899Z 
2026-09-27T19:27:05.3075266Z Failed!  - Failed:     1, Passed:     0, Skipped:     0, Total:     1, Duration: 16 s - Wootc.Shell.UiTests.dll (net8.0)
2026-09-27T19:27:05.8888389Z [31;1mException: [0mD:\a\wootc\wootc\shell\packaging\test-installed-preview.ps1:53[0m
2026-09-27T19:27:05.8889005Z [31;1m[0m[36;1mLine |[0m
2026-09-27T19:27:05.8889682Z [31;1m[0m[36;1m[36;1m  53 | [0m … de -ne 0) { [36;1mthrow "Owned preview operation refused with exit $code"[0m } …[0m
2026-09-27T19:27:05.8891083Z [31;1m[0m[36;1m[36;1m[0m[36;1m[0m[36;1m     | [31;1m               ~~~~~~~~~~~~~~~~~~~~~~~~~~~~~~~~~~~~~~~~~~~~~~~~~~~~~~~[0m
2026-09-27T19:27:05.8891998Z [31;1m[0m[36;1m[36;1m[0m[36;1m[0m[36;1m[31;1m[31;1m[36;1m     | [31;1mOwned preview operation refused with exit 1[0m
2026-09-27T19:27:05.9103247Z ##[error]Process completed with exit code 1.
2026-09-27T19:27:05.9243734Z ##[group]Run actions/upload-artifact@v7
2026-09-27T19:27:05.9243996Z with:
2026-09-27T19:27:05.9244171Z   name: winui-preview-package-aurora
2026-09-27T19:27:05.9244628Z   path: out/preview-installer/
out/branded-preview/native-package.json
shell/Wootc.Shell.UiTests/TestResults/*.trx

2026-09-27T19:27:05.9245054Z   if-no-files-found: error
2026-09-27T19:27:05.9245239Z   compression-level: 6
2026-09-27T19:27:05.9245410Z   overwrite: false
2026-09-27T19:27:05.9245575Z   include-hidden-files: false
2026-09-27T19:27:05.9245782Z   archive: true
2026-09-27T19:27:05.9245927Z env:
2026-09-27T19:27:05.9246077Z   DOTNET_ROOT: C:\Program Files\dotnet
2026-09-27T19:27:05.9246273Z   GOTOOLCHAIN: local
2026-09-27T19:27:05.9246428Z ##[endgroup]
2026-09-27T19:27:06.0692481Z Multiple search paths detected. Calculating the least common ancestor of all paths
2026-09-27T19:27:06.0694628Z The least common ancestor is D:\a\wootc\wootc. This will be the root directory of the artifact
2026-09-27T19:27:06.0695383Z With the provided path, there will be 4 files uploaded
2026-09-27T19:27:06.0699538Z Artifact name is valid!
2026-09-27T19:27:06.0700556Z Root directory input is valid!
2026-09-27T19:27:06.3031491Z Uploading artifact: winui-preview-package-aurora.zip
2026-09-27T19:27:06.3066683Z Beginning upload of artifact content to blob storage
2026-09-27T19:27:06.9528715Z Uploaded bytes 8388608
2026-09-27T19:27:07.1421410Z Uploaded bytes 16777216
2026-09-27T19:27:07.2232950Z Uploaded bytes 25165824
2026-09-27T19:27:07.3986719Z Uploaded bytes 33554432
2026-09-27T19:27:07.5638623Z Uploaded bytes 41943040
2026-09-27T19:27:07.8090656Z Uploaded bytes 50331648
2026-09-27T19:27:07.9816971Z Uploaded bytes 58720256
2026-09-27T19:27:08.2275389Z Uploaded bytes 67108864
2026-09-27T19:27:08.2711768Z Uploaded bytes 68008492
2026-09-27T19:27:08.2983280Z Finished uploading artifact content to blob storage!
2026-09-27T19:27:08.2986144Z SHA256 digest of uploaded artifact is 0c75c56439928f2221ceb521dea186cdb64396605a7456cc7aeaf7aee7759e17
2026-09-27T19:27:08.2987730Z Finalizing artifact upload
2026-09-27T19:27:08.5652396Z Artifact winui-preview-package-aurora successfully finalized. Artifact ID 10939288693
2026-09-27T19:27:08.5653850Z Artifact winui-preview-package-aurora has been successfully uploaded! Final size is 68008492 bytes. Artifact ID is 10939288693
2026-09-27T19:27:08.5662695Z Artifact download URL: https://github.com/tuna-os/wootc/actions/runs/36344171677/artifacts/10939288693
2026-09-27T19:27:08.5960679Z Post job cleanup.
2026-09-27T19:27:08.7314923Z [command]"C:\Program Files\Git\bin\git.exe" version
2026-09-27T19:27:08.7529466Z git version 2.55.0.windows.5
2026-09-27T19:27:08.7575891Z Temporarily overriding HOME='D:\a\_temp\cca2ea4b-0a2f-499c-a2d0-67d547ee70fc' before making global git config changes
2026-09-27T19:27:08.7576516Z Adding repository directory to the temporary git global config as a safe directory
2026-09-27T19:27:08.7583796Z [command]"C:\Program Files\Git\bin\git.exe" config --global --add safe.directory D:\a\wootc\wootc
2026-09-27T19:27:08.7815606Z Removing SSH command configuration
2026-09-27T19:27:08.7824475Z [command]"C:\Program Files\Git\bin\git.exe" config --local --name-only --get-regexp core\.sshCommand
2026-09-27T19:27:08.8071293Z [command]"C:\Program Files\Git\bin\git.exe" submodule foreach --recursive "sh -c \"git config --local --name-only --get-regexp 'core\.sshCommand' && git config --local --unset-all 'core.sshCommand' || :\""
2026-09-27T19:27:09.2377104Z Removing HTTP extra header
2026-09-27T19:27:09.2386063Z [command]"C:\Program Files\Git\bin\git.exe" config --local --name-only --get-regexp http\.https\:\/\/github\.com\/\.extraheader
2026-09-27T19:27:09.2632652Z [command]"C:\Program Files\Git\bin\git.exe" submodule foreach --recursive "sh -c \"git config --local --name-only --get-regexp 'http\.https\:\/\/github\.com\/\.extraheader' && git config --local --unset-all 'http.https://github.com/.extraheader' || :\""
2026-09-27T19:27:09.6831165Z Removing includeIf entries pointing to credentials config files
2026-09-27T19:27:09.6846469Z [command]"C:\Program Files\Git\bin\git.exe" config --local --name-only --get-regexp ^includeIf\.gitdir:
2026-09-27T19:27:09.7056833Z includeif.gitdir:D:/a/wootc/wootc/.git.path
2026-09-27T19:27:09.7057215Z includeif.gitdir:D:/a/wootc/wootc/.git/worktrees/*.path
2026-09-27T19:27:09.7057550Z includeif.gitdir:/github/workspace/.git.path
2026-09-27T19:27:09.7057891Z includeif.gitdir:/github/workspace/.git/worktrees/*.path
2026-09-27T19:27:09.7090539Z [command]"C:\Program Files\Git\bin\git.exe" config --local --get-all includeif.gitdir:D:/a/wootc/wootc/.git.path
2026-09-27T19:27:09.7294819Z D:\a\_temp\git-credentials-c7a3f1ee-7e1c-4ebb-808d-724e21cd01a9.config
2026-09-27T19:27:09.7328689Z [command]"C:\Program Files\Git\bin\git.exe" config --local --unset includeif.gitdir:D:/a/wootc/wootc/.git.path D\:\\a\\_temp\\git\-credentials\-c7a3f1ee\-7e1c\-4ebb\-808d\-724e21cd01a9\.config
2026-09-27T19:27:09.7606160Z [command]"C:\Program Files\Git\bin\git.exe" config --local --get-all includeif.gitdir:D:/a/wootc/wootc/.git/worktrees/*.path
2026-09-27T19:27:09.7815652Z D:\a\_temp\git-credentials-c7a3f1ee-7e1c-4ebb-808d-724e21cd01a9.config
2026-09-27T19:27:09.7849401Z [command]"C:\Program Files\Git\bin\git.exe" config --local --unset includeif.gitdir:D:/a/wootc/wootc/.git/worktrees/*.path D\:\\a\\_temp\\git\-credentials\-c7a3f1ee\-7e1c\-4ebb\-808d\-724e21cd01a9\.config
2026-09-27T19:27:09.8084559Z [command]"C:\Program Files\Git\bin\git.exe" config --local --get-all includeif.gitdir:/github/workspace/.git.path
2026-09-27T19:27:09.8284628Z /github/runner_temp/git-credentials-c7a3f1ee-7e1c-4ebb-808d-724e21cd01a9.config
2026-09-27T19:27:09.8316192Z [command]"C:\Program Files\Git\bin\git.exe" config --local --unset includeif.gitdir:/github/workspace/.git.path \/github\/runner_temp\/git\-credentials\-c7a3f1ee\-7e1c\-4ebb\-808d\-724e21cd01a9\.config
2026-09-27T19:27:09.8554131Z [command]"C:\Program Files\Git\bin\git.exe" config --local --get-all includeif.gitdir:/github/workspace/.git/worktrees/*.path
2026-09-27T19:27:09.8752469Z /github/runner_temp/git-credentials-c7a3f1ee-7e1c-4ebb-808d-724e21cd01a9.config
2026-09-27T19:27:09.8785607Z [command]"C:\Program Files\Git\bin\git.exe" config --local --unset includeif.gitdir:/github/workspace/.git/worktrees/*.path \/github\/runner_temp\/git\-credentials\-c7a3f1ee\-7e1c\-4ebb\-808d\-724e21cd01a9\.config
2026-09-27T19:27:09.9024314Z [command]"C:\Program Files\Git\bin\git.exe" submodule foreach --recursive "git config --local --show-origin --name-only --get-regexp remote.origin.url"
2026-09-27T19:27:10.3318510Z Removing credentials config 'D:\a\_temp\git-credentials-c7a3f1ee-7e1c-4ebb-808d-724e21cd01a9.config'
2026-09-27T19:27:10.3488877Z Cleaning up orphan processes
2026-09-27T19:27:10.3655208Z Terminate orphan process: pid (3948) (dotnet)
2026-09-27T19:27:10.3700319Z Terminate orphan process: pid (1476) (conhost)
2026-09-27T19:27:10.3846719Z Terminate orphan process: pid (6804) (VBCSCompiler)
2026-09-27T19:27:10.3893349Z Terminate orphan process: pid (8792) (conhost)
