2026-09-27T19:23:32.3563428Z Current runner version: '2.337.0'
2026-09-27T19:23:32.3602980Z ##[group]Runner Image Provisioner
2026-09-27T19:23:32.3604481Z Hosted Compute Agent
2026-09-27T19:23:32.3605577Z Version: 20260828.587
2026-09-27T19:23:32.3607137Z Commit: abac92662cab4cc7352de4f9f9d2e2419aad9c29
2026-09-27T19:23:32.3608477Z Build Date: 2026-08-28T16:44:25Z
2026-09-27T19:23:32.3609705Z Worker ID: {e23f225e-a58c-4dd7-9ada-5227e0791343}
2026-09-27T19:23:32.3610975Z Azure Region: eastus
2026-09-27T19:23:32.3612009Z ##[endgroup]
2026-09-27T19:23:32.3613974Z ##[group]Operating System
2026-09-27T19:23:32.3614716Z Microsoft Windows Server 2025
2026-09-27T19:23:32.3615316Z 10.0.26100
2026-09-27T19:23:32.3615793Z Datacenter
2026-09-27T19:23:32.3616313Z ##[endgroup]
2026-09-27T19:23:32.3616830Z ##[group]Runner Image
2026-09-27T19:23:32.3617392Z Image: windows-2025-vs2026
2026-09-27T19:23:32.3618045Z Version: 20260922.246.2
2026-09-27T19:23:32.3619677Z Included Software: https://github.com/actions/runner-images/blob/win25-vs2026/20260922.246/images/windows/Windows2025-VS2026-Readme.md
2026-09-27T19:23:32.3621337Z Image Release: https://github.com/actions/runner-images/releases/tag/win25-vs2026%2F20260922.246
2026-09-27T19:23:32.3622305Z ##[endgroup]
2026-09-27T19:23:32.3623395Z ##[group]GITHUB_TOKEN Permissions
2026-09-27T19:23:32.3625914Z Contents: read
2026-09-27T19:23:32.3626533Z Metadata: read
2026-09-27T19:23:32.3627074Z ##[endgroup]
2026-09-27T19:23:32.3629222Z Secret source: Actions
2026-09-27T19:23:32.3630200Z Cache mode: write
2026-09-27T19:23:32.3630954Z Prepare workflow directory
2026-09-27T19:23:32.4014613Z Prepare all required actions
2026-09-27T19:23:32.4064676Z Getting action download info
2026-09-27T19:23:32.5734973Z Download action repository 'actions/checkout@v7' (SHA:3d3c42e5aac5ba805825da76410c181273ba90b1)
2026-09-27T19:23:32.7190985Z Download action repository 'actions/setup-dotnet@v6' (SHA:a98b56852c35b8e3190ac28c8c2271da59106c68)
2026-09-27T19:23:32.9921270Z Download action repository 'actions/setup-go@v7' (SHA:b7ad1dad31e06c5925ef5d2fc7ad053ef454303e)
2026-09-27T19:23:33.2431274Z Download action repository 'actions/upload-artifact@v7' (SHA:043fb46d1a93c77aae656e7c1c64a875d1fc6a0a)
2026-09-27T19:23:33.4849990Z Complete job name: Branded preview package (bazzite)
2026-09-27T19:23:33.6458584Z ##[group]Run actions/checkout@v7
2026-09-27T19:23:33.6459856Z with:
2026-09-27T19:23:33.6460451Z   repository: tuna-os/wootc
2026-09-27T19:23:33.6465868Z   token: ***
2026-09-27T19:23:33.6466447Z   ssh-strict: true
2026-09-27T19:23:33.6467019Z   ssh-user: git
2026-09-27T19:23:33.6467550Z   persist-credentials: true
2026-09-27T19:23:33.6468179Z   clean: true
2026-09-27T19:23:33.6468721Z   sparse-checkout-cone-mode: true
2026-09-27T19:23:33.6469348Z   fetch-depth: 1
2026-09-27T19:23:33.6469950Z   fetch-tags: false
2026-09-27T19:23:33.6470496Z   show-progress: true
2026-09-27T19:23:33.6471077Z   lfs: false
2026-09-27T19:23:33.6471584Z   submodules: false
2026-09-27T19:23:33.6472124Z   set-safe-directory: true
2026-09-27T19:23:33.6472855Z   allow-unsafe-pr-checkout: false
2026-09-27T19:23:33.6474278Z ##[endgroup]
2026-09-27T19:23:33.8106901Z Syncing repository: tuna-os/wootc
2026-09-27T19:23:33.8111380Z ##[group]Getting Git version info
2026-09-27T19:23:33.8113462Z Working directory is 'D:\a\wootc\wootc'
2026-09-27T19:23:33.9196473Z [command]"C:\Program Files\Git\bin\git.exe" version
2026-09-27T19:23:34.3691026Z git version 2.55.0.windows.5
2026-09-27T19:23:34.3754292Z ##[endgroup]
2026-09-27T19:23:34.3773605Z Temporarily overriding HOME='D:\a\_temp\6a7ecd0c-22c1-4c2b-8538-fd7b9e3db626' before making global git config changes
2026-09-27T19:23:34.3778144Z Adding repository directory to the temporary git global config as a safe directory
2026-09-27T19:23:34.3789443Z [command]"C:\Program Files\Git\bin\git.exe" config --global --add safe.directory D:\a\wootc\wootc
2026-09-27T19:23:34.4512670Z Deleting the contents of 'D:\a\wootc\wootc'
2026-09-27T19:23:34.4518705Z ##[group]Determining repository object format
2026-09-27T19:23:34.4523609Z ##[endgroup]
2026-09-27T19:23:34.4525046Z ##[group]Initializing the repository
2026-09-27T19:23:34.4529595Z [command]"C:\Program Files\Git\bin\git.exe" init D:\a\wootc\wootc
2026-09-27T19:23:34.5542172Z Initialized empty Git repository in D:/a/wootc/wootc/.git/
2026-09-27T19:23:34.5547696Z [command]"C:\Program Files\Git\bin\git.exe" remote add origin https://github.com/tuna-os/wootc
2026-09-27T19:23:34.6202955Z ##[endgroup]
2026-09-27T19:23:34.6204677Z ##[group]Disabling automatic garbage collection
2026-09-27T19:23:34.6211847Z [command]"C:\Program Files\Git\bin\git.exe" config --local gc.auto 0
2026-09-27T19:23:34.6530179Z ##[endgroup]
2026-09-27T19:23:34.6532508Z ##[group]Setting up auth
2026-09-27T19:23:34.6534187Z Removing SSH command configuration
2026-09-27T19:23:34.6543478Z [command]"C:\Program Files\Git\bin\git.exe" config --local --name-only --get-regexp core\.sshCommand
2026-09-27T19:23:34.6874080Z [command]"C:\Program Files\Git\bin\git.exe" submodule foreach --recursive "sh -c \"git config --local --name-only --get-regexp 'core\.sshCommand' && git config --local --unset-all 'core.sshCommand' || :\""
2026-09-27T19:23:36.3432362Z Removing HTTP extra header
2026-09-27T19:23:36.3441053Z [command]"C:\Program Files\Git\bin\git.exe" config --local --name-only --get-regexp http\.https\:\/\/github\.com\/\.extraheader
2026-09-27T19:23:36.3753126Z [command]"C:\Program Files\Git\bin\git.exe" submodule foreach --recursive "sh -c \"git config --local --name-only --get-regexp 'http\.https\:\/\/github\.com\/\.extraheader' && git config --local --unset-all 'http.https://github.com/.extraheader' || :\""
2026-09-27T19:23:36.9385951Z Removing includeIf entries pointing to credentials config files
2026-09-27T19:23:36.9397399Z [command]"C:\Program Files\Git\bin\git.exe" config --local --name-only --get-regexp ^includeIf\.gitdir:
2026-09-27T19:23:36.9720443Z [command]"C:\Program Files\Git\bin\git.exe" submodule foreach --recursive "git config --local --show-origin --name-only --get-regexp remote.origin.url"
2026-09-27T19:23:37.5430125Z [command]"C:\Program Files\Git\bin\git.exe" config --file D:\a\_temp\git-credentials-3917c627-e85d-4541-9aa1-cdbed2c376cd.config http.https://github.com/.extraheader "AUTHORIZATION: basic ***"
2026-09-27T19:23:37.5760571Z [command]"C:\Program Files\Git\bin\git.exe" config --local includeIf.gitdir:D:/a/wootc/wootc/.git.path D:\a\_temp\git-credentials-3917c627-e85d-4541-9aa1-cdbed2c376cd.config
2026-09-27T19:23:37.6090424Z [command]"C:\Program Files\Git\bin\git.exe" config --local includeIf.gitdir:D:/a/wootc/wootc/.git/worktrees/*.path D:\a\_temp\git-credentials-3917c627-e85d-4541-9aa1-cdbed2c376cd.config
2026-09-27T19:23:37.6513837Z [command]"C:\Program Files\Git\bin\git.exe" config --local includeIf.gitdir:/github/workspace/.git.path /github/runner_temp/git-credentials-3917c627-e85d-4541-9aa1-cdbed2c376cd.config
2026-09-27T19:23:37.6910026Z [command]"C:\Program Files\Git\bin\git.exe" config --local includeIf.gitdir:/github/workspace/.git/worktrees/*.path /github/runner_temp/git-credentials-3917c627-e85d-4541-9aa1-cdbed2c376cd.config
2026-09-27T19:23:37.7271950Z ##[endgroup]
2026-09-27T19:23:37.7272630Z ##[group]Fetching the repository
2026-09-27T19:23:37.7286306Z [command]"C:\Program Files\Git\bin\git.exe" -c protocol.version=2 fetch --no-tags --prune --no-recurse-submodules --depth=1 origin +f6be21c25d28f5a42d083f7e34a315499a238b1f:refs/remotes/pull/501/merge
2026-09-27T19:23:39.2725193Z From https://github.com/tuna-os/wootc
2026-09-27T19:23:39.2727063Z  * [new ref]         f6be21c25d28f5a42d083f7e34a315499a238b1f -> pull/501/merge
2026-09-27T19:23:39.2768856Z ##[endgroup]
2026-09-27T19:23:39.2769514Z ##[group]Determining the checkout info
2026-09-27T19:23:39.2770923Z ##[endgroup]
2026-09-27T19:23:39.2781638Z [command]"C:\Program Files\Git\bin\git.exe" sparse-checkout disable
2026-09-27T19:23:39.3266761Z [command]"C:\Program Files\Git\bin\git.exe" config --local --unset-all extensions.worktreeConfig
2026-09-27T19:23:39.3603583Z ##[group]Checking out the ref
2026-09-27T19:23:39.3613180Z [command]"C:\Program Files\Git\bin\git.exe" checkout --progress --force refs/remotes/pull/501/merge
2026-09-27T19:23:39.9936426Z Note: switching to 'refs/remotes/pull/501/merge'.
2026-09-27T19:23:39.9937063Z 
2026-09-27T19:23:39.9937443Z You are in 'detached HEAD' state. You can look around, make experimental
2026-09-27T19:23:39.9938462Z changes and commit them, and you can discard any commits you make in this
2026-09-27T19:23:39.9939347Z state without impacting any branches by switching back to a branch.
2026-09-27T19:23:39.9939952Z 
2026-09-27T19:23:39.9940773Z If you want to create a new branch to retain commits you create, you may
2026-09-27T19:23:39.9941819Z do so (now or later) by using -c with the switch command. Example:
2026-09-27T19:23:39.9942439Z 
2026-09-27T19:23:39.9942639Z   git switch -c <new-branch-name>
2026-09-27T19:23:39.9943076Z 
2026-09-27T19:23:39.9943279Z Or undo this operation with:
2026-09-27T19:23:39.9943723Z 
2026-09-27T19:23:39.9943898Z   git switch -
2026-09-27T19:23:39.9944158Z 
2026-09-27T19:23:39.9944647Z Turn off this advice by setting config variable advice.detachedHead to false
2026-09-27T19:23:39.9945371Z 
2026-09-27T19:23:39.9946139Z HEAD is now at f6be21c Merge 1a6b5674351d014fed6d080e0be5cf737863ef06 into 83071c429eb51a5094b64f629cea124a7cc79619
2026-09-27T19:23:40.0071640Z ##[endgroup]
2026-09-27T19:23:40.0521490Z [command]"C:\Program Files\Git\bin\git.exe" log -1 --format=%H
2026-09-27T19:23:40.0812931Z f6be21c25d28f5a42d083f7e34a315499a238b1f
2026-09-27T19:23:40.1291749Z ##[group]Run actions/setup-dotnet@v6
2026-09-27T19:23:40.1292084Z with:
2026-09-27T19:23:40.1292279Z   global-json-file: shell/global.json
2026-09-27T19:23:40.1292542Z   cache: false
2026-09-27T19:23:40.1292716Z ##[endgroup]
2026-09-27T19:23:40.4608302Z [command]"C:\Program Files\PowerShell\7\pwsh.exe" -NoLogo -Sta -NoProfile -NonInteractive -ExecutionPolicy Unrestricted -Command & 'D:\a\_actions\actions\setup-dotnet\v6\externals\install-dotnet.ps1' -SkipNonVersionedFiles -Runtime dotnet -Channel LTS
2026-09-27T19:23:41.7746982Z dotnet-install: .NET Core Runtime with version '10.0.12' is already installed.
2026-09-27T19:23:41.9275377Z [command]"C:\Program Files\PowerShell\7\pwsh.exe" -NoLogo -Sta -NoProfile -NonInteractive -ExecutionPolicy Unrestricted -Command & 'D:\a\_actions\actions\setup-dotnet\v6\externals\install-dotnet.ps1' -SkipNonVersionedFiles -Version 10.0.401
2026-09-27T19:23:42.6238626Z dotnet-install: .NET Core SDK with version '10.0.401' is already installed.
2026-09-27T19:23:42.7326099Z ##[group]Run actions/setup-go@v7
2026-09-27T19:23:42.7326416Z with:
2026-09-27T19:23:42.7326606Z   go-version-file: app/go.mod
2026-09-27T19:23:42.7326843Z   check-latest: false
2026-09-27T19:23:42.7329834Z   token: ***
2026-09-27T19:23:42.7330029Z   cache: true
2026-09-27T19:23:42.7330209Z env:
2026-09-27T19:23:42.7330393Z   DOTNET_ROOT: C:\Program Files\dotnet
2026-09-27T19:23:42.7330636Z ##[endgroup]
2026-09-27T19:23:42.8860342Z Setup go version spec 1.26.0
2026-09-27T19:23:42.8872289Z Attempting to download 1.26.0...
2026-09-27T19:23:43.3701332Z matching 1.26.0...
2026-09-27T19:23:43.3721378Z Acquiring 1.26.0 from https://github.com/actions/go-versions/releases/download/1.26.0-21889650668/go-1.26.0-win32-x64.zip
2026-09-27T19:23:44.0744917Z Extracting Go...
2026-09-27T19:23:44.1888069Z [command]"C:\Program Files\PowerShell\7\pwsh.exe" -NoLogo -NoProfile -NonInteractive -ExecutionPolicy Unrestricted -Command "$ErrorActionPreference = 'Stop' ; try { Add-Type -AssemblyName System.IO.Compression.ZipFile } catch { } ; try { [System.IO.Compression.ZipFile]::ExtractToDirectory('D:\a\_temp\go-1.26.0-win32-x64.zip', 'D:\a\_temp\6ed894ba-3abe-419a-989d-4aad8375d268', $true) } catch { if (($_.Exception.GetType().FullName -eq 'System.Management.Automation.MethodException') -or ($_.Exception.GetType().FullName -eq 'System.Management.Automation.RuntimeException') ){ Expand-Archive -LiteralPath 'D:\a\_temp\go-1.26.0-win32-x64.zip' -DestinationPath 'D:\a\_temp\6ed894ba-3abe-419a-989d-4aad8375d268' -Force } else { throw $_ } } ;"
2026-09-27T19:23:49.4040373Z Successfully extracted go to D:\a\_temp\6ed894ba-3abe-419a-989d-4aad8375d268
2026-09-27T19:23:49.4040823Z Adding to the cache ...
2026-09-27T19:24:00.8524609Z Created link C:\hostedtoolcache\windows\go\1.26.0\x64 => D:\hostedtoolcache\windows\go\1.26.0\x64
2026-09-27T19:24:00.8529429Z Created link C:\hostedtoolcache\windows\go\1.26.0\x64.complete => D:\hostedtoolcache\windows\go\1.26.0\x64.complete
2026-09-27T19:24:00.8530531Z Successfully cached go to C:\hostedtoolcache\windows\go\1.26.0\x64
2026-09-27T19:24:00.8537225Z Added go to the path
2026-09-27T19:24:00.8538873Z Successfully set up Go version 1.26.0
2026-09-27T19:24:01.2095681Z [command]C:\hostedtoolcache\windows\go\1.26.0\x64\bin\go.exe env GOMODCACHE
2026-09-27T19:24:01.2155226Z [command]C:\hostedtoolcache\windows\go\1.26.0\x64\bin\go.exe env GOCACHE
2026-09-27T19:24:01.2461421Z C:\Users\runneradmin\go\pkg\mod
2026-09-27T19:24:01.2488285Z C:\Users\runneradmin\AppData\Local\go-build
2026-09-27T19:24:01.2529748Z ##[warning]Restore cache failed: Dependencies file is not found in D:\a\wootc\wootc. Supported file pattern: go.mod
2026-09-27T19:24:01.2542252Z go version go1.26.0 windows/amd64
2026-09-27T19:24:01.2542446Z 
2026-09-27T19:24:01.2542717Z ##[group]go env
2026-09-27T19:24:04.5929955Z set AR=ar
2026-09-27T19:24:04.5930286Z set CC=gcc
2026-09-27T19:24:04.5930681Z set CGO_CFLAGS=-O2 -g
2026-09-27T19:24:04.5931101Z set CGO_CPPFLAGS=
2026-09-27T19:24:04.5931477Z set CGO_CXXFLAGS=-O2 -g
2026-09-27T19:24:04.5931830Z set CGO_ENABLED=1
2026-09-27T19:24:04.5932152Z set CGO_FFLAGS=-O2 -g
2026-09-27T19:24:04.5932501Z set CGO_LDFLAGS=-O2 -g
2026-09-27T19:24:04.5932818Z set CXX=g++
2026-09-27T19:24:04.5933090Z set GCCGO=gccgo
2026-09-27T19:24:04.5933379Z set GO111MODULE=
2026-09-27T19:24:04.5933662Z set GOAMD64=v1
2026-09-27T19:24:04.5933948Z set GOARCH=amd64
2026-09-27T19:24:04.5934240Z set GOAUTH=netrc
2026-09-27T19:24:04.5934571Z set GOBIN=
2026-09-27T19:24:04.5935005Z set GOCACHE=C:\Users\runneradmin\AppData\Local\go-build
2026-09-27T19:24:04.5935504Z set GOCACHEPROG=
2026-09-27T19:24:04.5935793Z set GODEBUG=
2026-09-27T19:24:04.5936213Z set GOENV=C:\Users\runneradmin\AppData\Roaming\go\env
2026-09-27T19:24:04.5936687Z set GOEXE=.exe
2026-09-27T19:24:04.5936985Z set GOEXPERIMENT=
2026-09-27T19:24:04.5937311Z set GOFIPS140=off
2026-09-27T19:24:04.5937596Z set GOFLAGS=
2026-09-27T19:24:04.5941274Z set GOGCCFLAGS=-m64 -mthreads -Wl,--no-gc-sections -fmessage-length=0 -ffile-prefix-map=C:\Users\RUNNER~1\AppData\Local\Temp\go-build4111150549=/tmp/go-build -gno-record-gcc-switches
2026-09-27T19:24:04.5942720Z set GOHOSTARCH=amd64
2026-09-27T19:24:04.5943087Z set GOHOSTOS=windows
2026-09-27T19:24:04.5943403Z set GOINSECURE=
2026-09-27T19:24:04.5943692Z set GOMOD=NUL
2026-09-27T19:24:04.5944089Z set GOMODCACHE=C:\Users\runneradmin\go\pkg\mod
2026-09-27T19:24:04.5944544Z set GONOPROXY=
2026-09-27T19:24:04.5944842Z set GONOSUMDB=
2026-09-27T19:24:04.5945390Z set GOOS=windows
2026-09-27T19:24:04.5945782Z set GOPATH=C:\Users\runneradmin\go
2026-09-27T19:24:04.5946203Z set GOPRIVATE=
2026-09-27T19:24:04.5946681Z set GOPROXY=https://proxy.golang.org,direct
2026-09-27T19:24:04.5947268Z set GOROOT=C:\hostedtoolcache\windows\go\1.26.0\x64
2026-09-27T19:24:04.5947787Z set GOSUMDB=sum.golang.org
2026-09-27T19:24:04.5948157Z set GOTELEMETRY=local
2026-09-27T19:24:04.5948720Z set GOTELEMETRYDIR=C:\Users\runneradmin\AppData\Roaming\go\telemetry
2026-09-27T19:24:04.5949320Z set GOTMPDIR=
2026-09-27T19:24:04.5949640Z set GOTOOLCHAIN=local
2026-09-27T19:24:04.5950273Z set GOTOOLDIR=C:\hostedtoolcache\windows\go\1.26.0\x64\pkg\tool\windows_amd64
2026-09-27T19:24:04.5950904Z set GOVCS=
2026-09-27T19:24:04.5951202Z set GOVERSION=go1.26.0
2026-09-27T19:24:04.5951513Z set GOWORK=
2026-09-27T19:24:04.5951831Z set PKG_CONFIG=pkg-config
2026-09-27T19:24:04.5952066Z 
2026-09-27T19:24:04.5952754Z ##[endgroup]
2026-09-27T19:24:04.6293812Z ##[group]Run dotnet publish shell/Wootc.Shell/Wootc.Shell.csproj --configuration Release --runtime win-x64 -p:Platform=x64 -p:NativeBuildId=f6be21c25d28f5a42d083f7e34a315499a238b1f -p:NativeBrandId=bazzite --output out/branded-preview
2026-09-27T19:24:04.6295660Z [36;1mdotnet publish shell/Wootc.Shell/Wootc.Shell.csproj --configuration Release --runtime win-x64 -p:Platform=x64 -p:NativeBuildId=f6be21c25d28f5a42d083f7e34a315499a238b1f -p:NativeBrandId=bazzite --output out/branded-preview[0m
2026-09-27T19:24:04.6296697Z [36;1mif ($LASTEXITCODE -ne 0) { throw 'Branded native publish refused' }[0m
2026-09-27T19:24:04.6297168Z [36;1mNew-Item -ItemType Directory -Force app/frontend/dist | Out-Null[0m
2026-09-27T19:24:04.6297727Z [36;1mSet-Content app/frontend/dist/index.html '<!doctype html><title>Native engine preview</title>'[0m
2026-09-27T19:24:04.6298189Z [36;1mPush-Location app[0m
2026-09-27T19:24:04.6298977Z [36;1mtry { go build -ldflags "-X main.nativeBuildID=f6be21c25d28f5a42d083f7e34a315499a238b1f -X main.brandID=bazzite" -o ../out/branded-preview/wootc-engine.exe . } finally { Pop-Location }[0m
2026-09-27T19:24:04.6299853Z [36;1mif ($LASTEXITCODE -ne 0) { throw 'Branded engine build refused' }[0m
2026-09-27T19:24:04.6862621Z shell: C:\Program Files\PowerShell\7\pwsh.EXE -command ". '{0}'"
2026-09-27T19:24:04.6863043Z env:
2026-09-27T19:24:04.6863270Z   DOTNET_ROOT: C:\Program Files\dotnet
2026-09-27T19:24:04.6863572Z   GOTOOLCHAIN: local
2026-09-27T19:24:04.6863798Z ##[endgroup]
2026-09-27T19:24:14.0858133Z   Determining projects to restore...
2026-09-27T19:24:16.8325817Z   Restored D:\a\wootc\wootc\shell\Wootc.Shell.Core\Wootc.Shell.Core.csproj (in 191 ms).
2026-09-27T19:24:20.2204128Z   Restored D:\a\wootc\wootc\shell\Wootc.Shell.Native\Wootc.Shell.Native.csproj (in 3.61 sec).
2026-09-27T19:24:48.4912497Z   Restored D:\a\wootc\wootc\shell\Wootc.Shell\Wootc.Shell.csproj (in 31.94 sec).
2026-09-27T19:24:57.3146815Z   Wootc.Shell.Core -> D:\a\wootc\wootc\shell\Wootc.Shell.Core\bin\x64\Release\net8.0\Wootc.Shell.Core.dll
2026-09-27T19:24:58.6379051Z   Wootc.Shell.Native -> D:\a\wootc\wootc\shell\Wootc.Shell.Native\bin\x64\Release\net8.0-windows10.0.19041.0\Wootc.Shell.Native.dll
2026-09-27T19:25:12.8773407Z   Wootc.Shell -> D:\a\wootc\wootc\shell\Wootc.Shell\bin\x64\Release\net8.0-windows10.0.19041.0\win-x64\Wootc.Shell.dll
2026-09-27T19:25:14.7937418Z   Wootc.Shell -> D:\a\wootc\wootc\out\branded-preview\
2026-09-27T19:25:15.3835553Z go: downloading github.com/tredoe/osutil v1.5.0
2026-09-27T19:25:15.3856350Z go: downloading github.com/wailsapp/wails/v2 v2.16.0
2026-09-27T19:25:18.2367832Z go: downloading golang.org/x/sys v0.48.0
2026-09-27T19:25:18.2368542Z go: downloading golang.org/x/crypto v0.57.0
2026-09-27T19:25:18.2369417Z go: downloading golang.org/x/mod v0.41.0
2026-09-27T19:25:19.1528774Z go: downloading github.com/leaanthony/u v1.1.1
2026-09-27T19:25:19.1544395Z go: downloading github.com/leaanthony/slicer v1.6.0
2026-09-27T19:25:19.7080743Z go: downloading github.com/leaanthony/go-ansi-parser v1.6.1
2026-09-27T19:25:19.7113851Z go: downloading github.com/pkg/errors v0.9.1
2026-09-27T19:25:19.7151280Z go: downloading github.com/wailsapp/go-webview2 v1.0.22
2026-09-27T19:25:19.7510363Z go: downloading github.com/rivo/uniseg v0.4.7
2026-09-27T19:25:39.3736031Z ##[group]Run ./shell/packaging/test-installed-preview.ps1 -BrandId 'bazzite' -BuildId 'f6be21c25d28f5a42d083f7e34a315499a238b1f' -PackageDirectory out/branded-preview -OutputDirectory out/preview-installer
2026-09-27T19:25:39.3737629Z [36;1m./shell/packaging/test-installed-preview.ps1 -BrandId 'bazzite' -BuildId 'f6be21c25d28f5a42d083f7e34a315499a238b1f' -PackageDirectory out/branded-preview -OutputDirectory out/preview-installer[0m
2026-09-27T19:25:39.3811483Z shell: C:\Program Files\PowerShell\7\pwsh.EXE -command ". '{0}'"
2026-09-27T19:25:39.3811824Z env:
2026-09-27T19:25:39.3812012Z   DOTNET_ROOT: C:\Program Files\dotnet
2026-09-27T19:25:39.3812278Z   GOTOOLCHAIN: local
2026-09-27T19:25:39.3813366Z ##[endgroup]
2026-09-27T19:25:40.6156217Z PASS actual root-reparse mutant accepts unsafe path; exact source restored and refuses it
2026-09-27T19:25:40.6581926Z PASS actual manifest writer, exclusive preservation, missing resources, wrong brand, root/child reparse refusals
2026-09-27T19:25:42.5250762Z PASS actual uninstaller observation: retained timeout, changed identity, directory, missing, later removal
2026-09-27T19:25:46.1140265Z Inno Setup 7 Command-Line Compiler
2026-09-27T19:25:46.1140992Z Copyright (C) 1997-2026 Jordan Russell. All rights reserved.
2026-09-27T19:25:46.1141762Z Portions Copyright (C) 2000-2026 Martijn Laan. All rights reserved.
2026-09-27T19:25:46.1142588Z Portions Copyright (C) 2001-2004 Alex Yackimoff. All rights reserved.
2026-09-27T19:25:46.1143218Z https://www.innosetup.com
2026-09-27T19:25:46.1143381Z 
2026-09-27T19:25:46.1367122Z Compiler engine version: Inno Setup 7.1.0
2026-09-27T19:25:46.1367752Z Non-commercial use only
2026-09-27T19:25:46.1367962Z 
2026-09-27T19:25:46.1559966Z Preprocessing
2026-09-27T19:25:46.1563228Z    Reading file: C:\Users\RUNNER~1\AppData\Local\Temp\wootc-preview-packaging-90cbe98494fc48e6b25859810269483d\compiler\ISPPBuiltins.iss
2026-09-27T19:25:46.1572959Z Parsing [Setup] section, line 21
2026-09-27T19:25:46.1573480Z Parsing [Setup] section, line 22
2026-09-27T19:25:46.1573933Z Parsing [Setup] section, line 23
2026-09-27T19:25:46.1574604Z Parsing [Setup] section, line 24
2026-09-27T19:25:46.1575076Z Parsing [Setup] section, line 25
2026-09-27T19:25:46.1575627Z Parsing [Setup] section, line 26
2026-09-27T19:25:46.1576116Z Parsing [Setup] section, line 27
2026-09-27T19:25:46.1576600Z Parsing [Setup] section, line 28
2026-09-27T19:25:46.1577349Z Parsing [Setup] section, line 29
2026-09-27T19:25:46.1577856Z Parsing [Setup] section, line 30
2026-09-27T19:25:46.1578376Z Parsing [Setup] section, line 31
2026-09-27T19:25:46.1578837Z Parsing [Setup] section, line 32
2026-09-27T19:25:46.1579887Z Parsing [Setup] section, line 33
2026-09-27T19:25:46.1580342Z Parsing [Setup] section, line 34
2026-09-27T19:25:46.1580781Z Parsing [Setup] section, line 35
2026-09-27T19:25:46.1581218Z Parsing [Setup] section, line 36
2026-09-27T19:25:46.1581648Z Parsing [Setup] section, line 37
2026-09-27T19:25:46.1582093Z Parsing [Setup] section, line 38
2026-09-27T19:25:46.1582546Z Parsing [Setup] section, line 39
2026-09-27T19:25:46.1582871Z Reading file (WizardImageFile)
2026-09-27T19:25:46.1583201Z Reading file (WizardSmallImageFile)
2026-09-27T19:25:46.1583548Z Preparing Setup program executable
2026-09-27T19:25:46.1947943Z    Verification successful
2026-09-27T19:25:46.1975073Z    Updating icons (Setup.e32)
2026-09-27T19:25:46.2067590Z    Updating version info (Setup.e32)
2026-09-27T19:25:46.2083723Z Determining language code pages
2026-09-27T19:25:46.2084763Z    Reading file: C:\Users\RUNNER~1\AppData\Local\Temp\wootc-preview-packaging-90cbe98494fc48e6b25859810269483d\compiler\Default.isl
2026-09-27T19:25:46.2089866Z    Messages in script file
2026-09-27T19:25:46.2090311Z Reading default messages from Default.isl
2026-09-27T19:25:46.2096539Z Parsing [LangOptions], [Messages], and [CustomMessages] sections
2026-09-27T19:25:46.2100514Z    Reading file: C:\Users\RUNNER~1\AppData\Local\Temp\wootc-preview-packaging-90cbe98494fc48e6b25859810269483d\compiler\Default.isl
2026-09-27T19:25:46.2101578Z    Messages in script file
2026-09-27T19:25:46.2102379Z Reading [Code] section
2026-09-27T19:25:46.2102888Z Parsing [Icons] section, line 45
2026-09-27T19:25:46.2103378Z Parsing [Files] section, line 42
2026-09-27T19:25:46.2178665Z Compiling [Code] section
2026-09-27T19:25:46.2242767Z Creating setup files
2026-09-27T19:25:46.2326289Z    Verification successful
2026-09-27T19:25:46.2335682Z    Updating icons (Setup.exe)
2026-09-27T19:25:46.2365787Z    Compressing: \\?\D:\a\wootc\wootc\out\branded-preview\clretwrc.dll
2026-09-27T19:25:46.2407455Z    Compressing: \\?\D:\a\wootc\wootc\out\branded-preview\clrgc.dll
2026-09-27T19:25:46.2474321Z    Compressing: \\?\D:\a\wootc\wootc\out\branded-preview\clrjit.dll
2026-09-27T19:25:46.2649593Z    Compressing: \\?\D:\a\wootc\wootc\out\branded-preview\coreclr.dll
2026-09-27T19:25:46.3210924Z    Compressing: \\?\D:\a\wootc\wootc\out\branded-preview\CoreMessagingXP.dll
2026-09-27T19:25:46.3315630Z    Compressing: \\?\D:\a\wootc\wootc\out\branded-preview\createdump.exe
2026-09-27T19:25:46.3323992Z    Compressing: \\?\D:\a\wootc\wootc\out\branded-preview\dcompi.dll
2026-09-27T19:25:46.3643098Z    Compressing: \\?\D:\a\wootc\wootc\out\branded-preview\DirectML.dll
2026-09-27T19:25:50.4472194Z    Compressing: \\?\D:\a\wootc\wootc\out\branded-preview\dwmcorei.dll
2026-09-27T19:25:50.4815994Z    Compressing: \\?\D:\a\wootc\wootc\out\branded-preview\DwmSceneI.dll
2026-09-27T19:25:51.1982016Z    Compressing: \\?\D:\a\wootc\wootc\out\branded-preview\DWriteCore.dll
2026-09-27T19:25:51.2379170Z    Compressing: \\?\D:\a\wootc\wootc\out\branded-preview\hostfxr.dll
2026-09-27T19:25:51.2415120Z    Compressing: \\?\D:\a\wootc\wootc\out\branded-preview\hostpolicy.dll
2026-09-27T19:25:51.2453767Z    Compressing: \\?\D:\a\wootc\wootc\out\branded-preview\marshal.dll
2026-09-27T19:25:51.2503281Z    Compressing: \\?\D:\a\wootc\wootc\out\branded-preview\Microsoft.Asg.SemanticIndex.AiFabric.Compatibility.dll
2026-09-27T19:25:52.1227352Z    Compressing: \\?\D:\a\wootc\wootc\out\branded-preview\Microsoft.CSharp.dll
2026-09-27T19:25:52.1354610Z    Compressing: \\?\D:\a\wootc\wootc\out\branded-preview\Microsoft.DiaSymReader.Native.amd64.dll
2026-09-27T19:25:53.1174845Z    Compressing: \\?\D:\a\wootc\wootc\out\branded-preview\Microsoft.DirectManipulation.dll
2026-09-27T19:25:53.1237746Z    Compressing: \\?\D:\a\wootc\wootc\out\branded-preview\Microsoft.Foundation.winmd
2026-09-27T19:25:53.1239876Z    Compressing: \\?\D:\a\wootc\wootc\out\branded-preview\Microsoft.Graphics.Display.dll
2026-09-27T19:25:53.1262479Z    Compressing: \\?\D:\a\wootc\wootc\out\branded-preview\Microsoft.Graphics.Imaging.dll
2026-09-27T19:25:53.1277119Z    Compressing: \\?\D:\a\wootc\wootc\out\branded-preview\Microsoft.Graphics.Imaging.Projection.dll
2026-09-27T19:25:53.1280176Z    Compressing: \\?\D:\a\wootc\wootc\out\branded-preview\Microsoft.Graphics.Imaging.winmd
2026-09-27T19:25:53.1282391Z    Compressing: \\?\D:\a\wootc\wootc\out\branded-preview\Microsoft.Graphics.ImagingInternal.ImageObjectRemover.winmd
2026-09-27T19:25:53.1284352Z    Compressing: \\?\D:\a\wootc\wootc\out\branded-preview\Microsoft.Graphics.ImagingInternal.winmd
2026-09-27T19:25:53.1286709Z    Compressing: \\?\D:\a\wootc\wootc\out\branded-preview\Microsoft.Graphics.Internal.Imaging.winmd
2026-09-27T19:25:53.1289383Z    Compressing: \\?\D:\a\wootc\wootc\out\branded-preview\Microsoft.Graphics.winmd
2026-09-27T19:25:53.1292252Z    Compressing: \\?\D:\a\wootc\wootc\out\branded-preview\Microsoft.InputStateManager.dll
2026-09-27T19:25:53.1336697Z    Compressing: \\?\D:\a\wootc\wootc\out\branded-preview\Microsoft.InteractiveExperiences.Projection.dll
2026-09-27T19:25:54.1139893Z    Compressing: \\?\D:\a\wootc\wootc\out\branded-preview\Microsoft.Internal.FrameworkUdk.dll
2026-09-27T19:25:54.1285634Z    Compressing: \\?\D:\a\wootc\wootc\out\branded-preview\Microsoft.ML.OnnxRuntime.dll
2026-09-27T19:25:54.1324629Z    Compressing: \\?\D:\a\wootc\wootc\out\branded-preview\Microsoft.Security.Authentication.OAuth.Projection.dll
2026-09-27T19:25:54.1336642Z    Compressing: \\?\D:\a\wootc\wootc\out\branded-preview\Microsoft.Security.Authentication.OAuth.winmd
2026-09-27T19:25:54.1340996Z    Compressing: \\?\D:\a\wootc\wootc\out\branded-preview\Microsoft.UI.Composition.OSSupport.dll
2026-09-27T19:25:54.1348437Z    Compressing: \\?\D:\a\wootc\wootc\out\branded-preview\Microsoft.UI.Designer.dll
2026-09-27T19:25:54.1360484Z    Compressing: \\?\D:\a\wootc\wootc\out\branded-preview\Microsoft.UI.dll
2026-09-27T19:25:54.1378672Z    Compressing: \\?\D:\a\wootc\wootc\out\branded-preview\Microsoft.UI.Input.dll
2026-09-27T19:25:54.1531651Z    Compressing: \\?\D:\a\wootc\wootc\out\branded-preview\Microsoft.UI.pri
2026-09-27T19:25:54.1541352Z    Compressing: \\?\D:\a\wootc\wootc\out\branded-preview\Microsoft.UI.Text.winmd
2026-09-27T19:25:54.1545140Z    Compressing: \\?\D:\a\wootc\wootc\out\branded-preview\Microsoft.UI.Windowing.Core.dll
2026-09-27T19:25:54.1609210Z    Compressing: \\?\D:\a\wootc\wootc\out\branded-preview\Microsoft.UI.Windowing.dll
2026-09-27T19:25:54.1691875Z    Compressing: \\?\D:\a\wootc\wootc\out\branded-preview\Microsoft.UI.winmd
2026-09-27T19:25:54.9737711Z    Compressing: \\?\D:\a\wootc\wootc\out\branded-preview\Microsoft.UI.Xaml.Controls.dll
2026-09-27T19:25:55.9992030Z    Compressing: \\?\D:\a\wootc\wootc\out\branded-preview\Microsoft.UI.Xaml.Controls.pri
2026-09-27T19:25:56.0186954Z    Compressing: \\?\D:\a\wootc\wootc\out\branded-preview\Microsoft.ui.xaml.dll
2026-09-27T19:25:59.3504616Z    Compressing: \\?\D:\a\wootc\wootc\out\branded-preview\Microsoft.UI.Xaml.Internal.dll
2026-09-27T19:26:00.2229298Z    Compressing: \\?\D:\a\wootc\wootc\out\branded-preview\Microsoft.UI.Xaml.Phone.dll
2026-09-27T19:26:00.2334460Z    Compressing: \\?\D:\a\wootc\wootc\out\branded-preview\Microsoft.ui.xaml.resources.19h1.dll
2026-09-27T19:26:00.2439072Z    Compressing: \\?\D:\a\wootc\wootc\out\branded-preview\Microsoft.ui.xaml.resources.common.dll
2026-09-27T19:26:00.2444513Z    Compressing: \\?\D:\a\wootc\wootc\out\branded-preview\Microsoft.UI.Xaml.winmd
2026-09-27T19:26:00.2609820Z    Compressing: \\?\D:\a\wootc\wootc\out\branded-preview\Microsoft.VisualBasic.Core.dll
2026-09-27T19:26:00.9735375Z    Compressing: \\?\D:\a\wootc\wootc\out\branded-preview\Microsoft.VisualBasic.dll
2026-09-27T19:26:00.9738640Z    Compressing: \\?\D:\a\wootc\wootc\out\branded-preview\Microsoft.Web.WebView2.Core.dll
2026-09-27T19:26:00.9844685Z    Compressing: \\?\D:\a\wootc\wootc\out\branded-preview\Microsoft.Web.WebView2.Core.Projection.dll
2026-09-27T19:26:00.9910462Z    Compressing: \\?\D:\a\wootc\wootc\out\branded-preview\Microsoft.Win32.Primitives.dll
2026-09-27T19:26:00.9913013Z    Compressing: \\?\D:\a\wootc\wootc\out\branded-preview\Microsoft.Win32.Registry.dll
2026-09-27T19:26:00.9924899Z    Compressing: \\?\D:\a\wootc\wootc\out\branded-preview\Microsoft.Windows.AI.AICapabilities.dll
2026-09-27T19:26:00.9936611Z    Compressing: \\?\D:\a\wootc\wootc\out\branded-preview\Microsoft.Windows.AI.ContentModerationInternal.winmd
2026-09-27T19:26:00.9938440Z    Compressing: \\?\D:\a\wootc\wootc\out\branded-preview\Microsoft.Windows.AI.ContentSafety.dll
2026-09-27T19:26:00.9949162Z    Compressing: \\?\D:\a\wootc\wootc\out\branded-preview\Microsoft.Windows.AI.ContentSafety.Projection.dll
2026-09-27T19:26:00.9953428Z    Compressing: \\?\D:\a\wootc\wootc\out\branded-preview\Microsoft.Windows.AI.ContentSafety.winmd
2026-09-27T19:26:00.9955927Z    Compressing: \\?\D:\a\wootc\wootc\out\branded-preview\Microsoft.Windows.AI.Foundation.Projection.dll
2026-09-27T19:26:00.9958834Z    Compressing: \\?\D:\a\wootc\wootc\out\branded-preview\Microsoft.Windows.AI.Foundation.winmd
2026-09-27T19:26:00.9960935Z    Compressing: \\?\D:\a\wootc\wootc\out\branded-preview\Microsoft.Windows.AI.FoundationInternal.winmd
2026-09-27T19:26:00.9963468Z    Compressing: \\?\D:\a\wootc\wootc\out\branded-preview\Microsoft.Windows.AI.GenerativeInternal.winmd
2026-09-27T19:26:00.9966412Z    Compressing: \\?\D:\a\wootc\wootc\out\branded-preview\Microsoft.Windows.AI.Imaging.dll
2026-09-27T19:26:01.0039507Z    Compressing: \\?\D:\a\wootc\wootc\out\branded-preview\Microsoft.Windows.AI.Imaging.Projection.dll
2026-09-27T19:26:01.0047972Z    Compressing: \\?\D:\a\wootc\wootc\out\branded-preview\Microsoft.Windows.AI.Imaging.winmd
2026-09-27T19:26:01.0050505Z    Compressing: \\?\D:\a\wootc\wootc\out\branded-preview\Microsoft.Windows.AI.MachineLearning.dll
2026-09-27T19:26:01.0152855Z    Compressing: \\?\D:\a\wootc\wootc\out\branded-preview\Microsoft.Windows.AI.MachineLearning.Projection.dll
2026-09-27T19:26:01.0165432Z    Compressing: \\?\D:\a\wootc\wootc\out\branded-preview\Microsoft.Windows.AI.Projection.dll
2026-09-27T19:26:01.0169760Z    Compressing: \\?\D:\a\wootc\wootc\out\branded-preview\Microsoft.Windows.AI.Search.Experimental.dll
2026-09-27T19:26:01.7333704Z    Compressing: \\?\D:\a\wootc\wootc\out\branded-preview\Microsoft.Windows.AI.Text.dll
2026-09-27T19:26:01.7458268Z    Compressing: \\?\D:\a\wootc\wootc\out\branded-preview\Microsoft.Windows.AI.Text.Projection.dll
2026-09-27T19:26:01.7474687Z    Compressing: \\?\D:\a\wootc\wootc\out\branded-preview\Microsoft.Windows.AI.Text.winmd
2026-09-27T19:26:01.7479555Z    Compressing: \\?\D:\a\wootc\wootc\out\branded-preview\Microsoft.Windows.AI.Video.dll
2026-09-27T19:26:01.7564965Z    Compressing: \\?\D:\a\wootc\wootc\out\branded-preview\Microsoft.Windows.AI.Video.Projection.dll
2026-09-27T19:26:01.7571884Z    Compressing: \\?\D:\a\wootc\wootc\out\branded-preview\Microsoft.Windows.AI.Video.winmd
2026-09-27T19:26:01.7574499Z    Compressing: \\?\D:\a\wootc\wootc\out\branded-preview\Microsoft.Windows.AI.winmd
2026-09-27T19:26:01.7577881Z    Compressing: \\?\D:\a\wootc\wootc\out\branded-preview\Microsoft.Windows.ApplicationModel.Background.Projection.dll
2026-09-27T19:26:01.7582362Z    Compressing: \\?\D:\a\wootc\wootc\out\branded-preview\Microsoft.Windows.ApplicationModel.Background.UniversalBGTask.dll
2026-09-27T19:26:01.7597975Z    Compressing: \\?\D:\a\wootc\wootc\out\branded-preview\Microsoft.Windows.ApplicationModel.Background.UniversalBGTask.winmd
2026-09-27T19:26:01.7600411Z    Compressing: \\?\D:\a\wootc\wootc\out\branded-preview\Microsoft.Windows.ApplicationModel.Background.winmd
2026-09-27T19:26:01.7603258Z    Compressing: \\?\D:\a\wootc\wootc\out\branded-preview\Microsoft.Windows.ApplicationModel.DynamicDependency.Projection.dll
2026-09-27T19:26:01.7610482Z    Compressing: \\?\D:\a\wootc\wootc\out\branded-preview\Microsoft.Windows.ApplicationModel.DynamicDependency.winmd
2026-09-27T19:26:01.7614500Z    Compressing: \\?\D:\a\wootc\wootc\out\branded-preview\Microsoft.Windows.ApplicationModel.Resources.dll
2026-09-27T19:26:01.7630906Z    Compressing: \\?\D:\a\wootc\wootc\out\branded-preview\Microsoft.Windows.ApplicationModel.Resources.Projection.dll
2026-09-27T19:26:01.7639457Z    Compressing: \\?\D:\a\wootc\wootc\out\branded-preview\Microsoft.Windows.ApplicationModel.Resources.winmd
2026-09-27T19:26:01.7642533Z    Compressing: \\?\D:\a\wootc\wootc\out\branded-preview\Microsoft.Windows.ApplicationModel.WindowsAppRuntime.Projection.dll
2026-09-27T19:26:01.7648181Z    Compressing: \\?\D:\a\wootc\wootc\out\branded-preview\Microsoft.Windows.ApplicationModel.WindowsAppRuntime.winmd
2026-09-27T19:26:01.7651326Z    Compressing: \\?\D:\a\wootc\wootc\out\branded-preview\Microsoft.Windows.AppLifecycle.Projection.dll
2026-09-27T19:26:01.7656095Z    Compressing: \\?\D:\a\wootc\wootc\out\branded-preview\Microsoft.Windows.AppLifecycle.winmd
2026-09-27T19:26:01.7659006Z    Compressing: \\?\D:\a\wootc\wootc\out\branded-preview\Microsoft.Windows.AppNotifications.Builder.Projection.dll
2026-09-27T19:26:01.7666166Z    Compressing: \\?\D:\a\wootc\wootc\out\branded-preview\Microsoft.Windows.AppNotifications.Builder.winmd
2026-09-27T19:26:01.7669125Z    Compressing: \\?\D:\a\wootc\wootc\out\branded-preview\Microsoft.Windows.AppNotifications.Projection.dll
2026-09-27T19:26:01.7676271Z    Compressing: \\?\D:\a\wootc\wootc\out\branded-preview\Microsoft.Windows.AppNotifications.winmd
2026-09-27T19:26:01.7678745Z    Compressing: \\?\D:\a\wootc\wootc\out\branded-preview\Microsoft.Windows.BadgeNotifications.Projection.dll
2026-09-27T19:26:01.7681796Z    Compressing: \\?\D:\a\wootc\wootc\out\branded-preview\Microsoft.Windows.BadgeNotifications.winmd
2026-09-27T19:26:01.7683883Z    Compressing: \\?\D:\a\wootc\wootc\out\branded-preview\Microsoft.Windows.Foundation.Projection.dll
2026-09-27T19:26:01.7687910Z    Compressing: \\?\D:\a\wootc\wootc\out\branded-preview\Microsoft.Windows.Foundation.winmd
2026-09-27T19:26:01.7690645Z    Compressing: \\?\D:\a\wootc\wootc\out\branded-preview\Microsoft.Windows.Globalization.winmd
2026-09-27T19:26:01.7692976Z    Compressing: \\?\D:\a\wootc\wootc\out\branded-preview\Microsoft.Windows.ImageCreationInternal.winmd
2026-09-27T19:26:01.7695521Z    Compressing: \\?\D:\a\wootc\wootc\out\branded-preview\Microsoft.Windows.Internal.AI.ContentModeration.winmd
2026-09-27T19:26:01.7698486Z    Compressing: \\?\D:\a\wootc\wootc\out\branded-preview\Microsoft.Windows.Internal.AI.Generative.winmd
2026-09-27T19:26:01.7701747Z    Compressing: \\?\D:\a\wootc\wootc\out\branded-preview\Microsoft.Windows.Internal.ImageCreation.winmd
2026-09-27T19:26:01.7703871Z    Compressing: \\?\D:\a\wootc\wootc\out\branded-preview\Microsoft.Windows.Internal.SemanticSearch.winmd
2026-09-27T19:26:01.7706366Z    Compressing: \\?\D:\a\wootc\wootc\out\branded-preview\Microsoft.Windows.Internal.Vision.winmd
2026-09-27T19:26:01.7708680Z    Compressing: \\?\D:\a\wootc\wootc\out\branded-preview\Microsoft.Windows.Management.Deployment.Projection.dll
2026-09-27T19:26:01.7725870Z    Compressing: \\?\D:\a\wootc\wootc\out\branded-preview\Microsoft.Windows.Management.Deployment.winmd
2026-09-27T19:26:01.7730967Z    Compressing: \\?\D:\a\wootc\wootc\out\branded-preview\Microsoft.Windows.Media.Capture.Projection.dll
2026-09-27T19:26:01.7735196Z    Compressing: \\?\D:\a\wootc\wootc\out\branded-preview\Microsoft.Windows.Media.Capture.winmd
2026-09-27T19:26:01.7737623Z    Compressing: \\?\D:\a\wootc\wootc\out\branded-preview\Microsoft.Windows.Private.Workloads.SessionManager.winmd
2026-09-27T19:26:01.7739701Z    Compressing: \\?\D:\a\wootc\wootc\out\branded-preview\Microsoft.Windows.PrivateCommon.winmd
2026-09-27T19:26:01.7742119Z    Compressing: \\?\D:\a\wootc\wootc\out\branded-preview\Microsoft.Windows.PushNotifications.Projection.dll
2026-09-27T19:26:01.7747509Z    Compressing: \\?\D:\a\wootc\wootc\out\branded-preview\Microsoft.Windows.PushNotifications.winmd
2026-09-27T19:26:01.7749861Z    Compressing: \\?\D:\a\wootc\wootc\out\branded-preview\Microsoft.Windows.SDK.NET.dll
2026-09-27T19:26:05.7493932Z    Compressing: \\?\D:\a\wootc\wootc\out\branded-preview\Microsoft.Windows.Search.dll
2026-09-27T19:26:06.4633253Z    Compressing: \\?\D:\a\wootc\wootc\out\branded-preview\Microsoft.Windows.Search.Projection.dll
2026-09-27T19:26:06.4651700Z    Compressing: \\?\D:\a\wootc\wootc\out\branded-preview\Microsoft.Windows.Search.winmd
2026-09-27T19:26:06.4656973Z    Compressing: \\?\D:\a\wootc\wootc\out\branded-preview\Microsoft.Windows.Security.AccessControl.Projection.dll
2026-09-27T19:26:06.4659763Z    Compressing: \\?\D:\a\wootc\wootc\out\branded-preview\Microsoft.Windows.Security.AccessControl.winmd
2026-09-27T19:26:06.4661918Z    Compressing: \\?\D:\a\wootc\wootc\out\branded-preview\Microsoft.Windows.SemanticSearch.winmd
2026-09-27T19:26:06.4664884Z    Compressing: \\?\D:\a\wootc\wootc\out\branded-preview\Microsoft.Windows.SemanticSearchInternal.winmd
2026-09-27T19:26:06.4667184Z    Compressing: \\?\D:\a\wootc\wootc\out\branded-preview\Microsoft.Windows.Storage.Pickers.Projection.dll
2026-09-27T19:26:06.4674315Z    Compressing: \\?\D:\a\wootc\wootc\out\branded-preview\Microsoft.Windows.Storage.Pickers.winmd
2026-09-27T19:26:06.4676963Z    Compressing: \\?\D:\a\wootc\wootc\out\branded-preview\Microsoft.Windows.Storage.Projection.dll
2026-09-27T19:26:06.4681346Z    Compressing: \\?\D:\a\wootc\wootc\out\branded-preview\Microsoft.Windows.Storage.winmd
2026-09-27T19:26:06.4685408Z    Compressing: \\?\D:\a\wootc\wootc\out\branded-preview\Microsoft.Windows.System.Power.Projection.dll
2026-09-27T19:26:06.4688494Z    Compressing: \\?\D:\a\wootc\wootc\out\branded-preview\Microsoft.Windows.System.Power.winmd
2026-09-27T19:26:06.4690930Z    Compressing: \\?\D:\a\wootc\wootc\out\branded-preview\Microsoft.Windows.System.Projection.dll
2026-09-27T19:26:06.4694246Z    Compressing: \\?\D:\a\wootc\wootc\out\branded-preview\Microsoft.Windows.System.winmd
2026-09-27T19:26:06.4696438Z    Compressing: \\?\D:\a\wootc\wootc\out\branded-preview\Microsoft.Windows.Vision.winmd
2026-09-27T19:26:06.4698441Z    Compressing: \\?\D:\a\wootc\wootc\out\branded-preview\Microsoft.Windows.VisionInternal.winmd
2026-09-27T19:26:06.4700776Z    Compressing: \\?\D:\a\wootc\wootc\out\branded-preview\Microsoft.Windows.Widgets.dll
2026-09-27T19:26:06.4973715Z    Compressing: \\?\D:\a\wootc\wootc\out\branded-preview\Microsoft.Windows.Widgets.Projection.dll
2026-09-27T19:26:07.2182250Z    Compressing: \\?\D:\a\wootc\wootc\out\branded-preview\Microsoft.Windows.Widgets.winmd
2026-09-27T19:26:07.2187348Z    Compressing: \\?\D:\a\wootc\wootc\out\branded-preview\Microsoft.Windows.Workloads.dll
2026-09-27T19:26:07.2228214Z    Compressing: \\?\D:\a\wootc\wootc\out\branded-preview\Microsoft.Windows.Workloads.pri
2026-09-27T19:26:07.2229746Z    Compressing: \\?\D:\a\wootc\wootc\out\branded-preview\Microsoft.Windows.Workloads.Resources.dll
2026-09-27T19:26:07.2247161Z    Compressing: \\?\D:\a\wootc\wootc\out\branded-preview\Microsoft.Windows.Workloads.Resources_ec.dll
2026-09-27T19:26:07.2263212Z    Compressing: \\?\D:\a\wootc\wootc\out\branded-preview\Microsoft.Windows.Workloads.winmd
2026-09-27T19:26:07.2265814Z    Compressing: \\?\D:\a\wootc\wootc\out\branded-preview\Microsoft.WindowsAppRuntime.Bootstrap.dll
2026-09-27T19:26:07.2305916Z    Compressing: \\?\D:\a\wootc\wootc\out\branded-preview\Microsoft.WindowsAppRuntime.Bootstrap.Net.dll
2026-09-27T19:26:07.2309459Z    Compressing: \\?\D:\a\wootc\wootc\out\branded-preview\Microsoft.WindowsAppRuntime.dll
2026-09-27T19:26:07.2563047Z    Compressing: \\?\D:\a\wootc\wootc\out\branded-preview\Microsoft.WindowsAppRuntime.pri
2026-09-27T19:26:07.2564468Z    Compressing: \\?\D:\a\wootc\wootc\out\branded-preview\Microsoft.WinUI.dll
2026-09-27T19:26:08.8082547Z    Compressing: \\?\D:\a\wootc\wootc\out\branded-preview\MRM.dll
2026-09-27T19:26:08.8110793Z    Compressing: \\?\D:\a\wootc\wootc\out\branded-preview\mscordaccore.dll
2026-09-27T19:26:08.8238935Z    Compressing: \\?\D:\a\wootc\wootc\out\branded-preview\mscordaccore_amd64_amd64_8.0.3126.42015.dll
2026-09-27T19:26:08.8372025Z    Compressing: \\?\D:\a\wootc\wootc\out\branded-preview\mscordbi.dll
2026-09-27T19:26:09.5392582Z    Compressing: \\?\D:\a\wootc\wootc\out\branded-preview\mscorlib.dll
2026-09-27T19:26:09.5399613Z    Compressing: \\?\D:\a\wootc\wootc\out\branded-preview\mscorrc.dll
2026-09-27T19:26:09.5414815Z    Compressing: \\?\D:\a\wootc\wootc\out\branded-preview\msquic.dll
2026-09-27T19:26:09.5469528Z    Compressing: \\?\D:\a\wootc\wootc\out\branded-preview\native-package.json
2026-09-27T19:26:09.5475368Z    Compressing: \\?\D:\a\wootc\wootc\out\branded-preview\netstandard.dll
2026-09-27T19:26:09.5486148Z    Compressing: \\?\D:\a\wootc\wootc\out\branded-preview\NPUDetect.dll
2026-09-27T19:26:09.5515682Z    Compressing: \\?\D:\a\wootc\wootc\out\branded-preview\onnxruntime.dll
2026-09-27T19:26:14.0477624Z    Compressing: \\?\D:\a\wootc\wootc\out\branded-preview\PerceptiveStreaming.dll
2026-09-27T19:26:14.7126083Z    Compressing: \\?\D:\a\wootc\wootc\out\branded-preview\PushNotificationsLongRunningTask.ProxyStub.dll
2026-09-27T19:26:14.7131809Z    Compressing: \\?\D:\a\wootc\wootc\out\branded-preview\RestartAgent.exe
2026-09-27T19:26:14.7144270Z    Compressing: \\?\D:\a\wootc\wootc\out\branded-preview\SessionHandleIPCProxyStub.dll
2026-09-27T19:26:14.7150080Z    Compressing: \\?\D:\a\wootc\wootc\out\branded-preview\System.AppContext.dll
2026-09-27T19:26:14.7153450Z    Compressing: \\?\D:\a\wootc\wootc\out\branded-preview\System.Buffers.dll
2026-09-27T19:26:14.7155965Z    Compressing: \\?\D:\a\wootc\wootc\out\branded-preview\System.Collections.Concurrent.dll
2026-09-27T19:26:14.7197566Z    Compressing: \\?\D:\a\wootc\wootc\out\branded-preview\System.Collections.dll
2026-09-27T19:26:14.7238216Z    Compressing: \\?\D:\a\wootc\wootc\out\branded-preview\System.Collections.Immutable.dll
2026-09-27T19:26:14.7329243Z    Compressing: \\?\D:\a\wootc\wootc\out\branded-preview\System.Collections.NonGeneric.dll
2026-09-27T19:26:14.7339738Z    Compressing: \\?\D:\a\wootc\wootc\out\branded-preview\System.Collections.Specialized.dll
2026-09-27T19:26:14.7350732Z    Compressing: \\?\D:\a\wootc\wootc\out\branded-preview\System.ComponentModel.Annotations.dll
2026-09-27T19:26:14.7371068Z    Compressing: \\?\D:\a\wootc\wootc\out\branded-preview\System.ComponentModel.DataAnnotations.dll
2026-09-27T19:26:14.7373307Z    Compressing: \\?\D:\a\wootc\wootc\out\branded-preview\System.ComponentModel.dll
2026-09-27T19:26:14.7377433Z    Compressing: \\?\D:\a\wootc\wootc\out\branded-preview\System.ComponentModel.EventBasedAsync.dll
2026-09-27T19:26:14.7382733Z    Compressing: \\?\D:\a\wootc\wootc\out\branded-preview\System.ComponentModel.Primitives.dll
2026-09-27T19:26:14.7391337Z    Compressing: \\?\D:\a\wootc\wootc\out\branded-preview\System.ComponentModel.TypeConverter.dll
2026-09-27T19:26:14.7462125Z    Compressing: \\?\D:\a\wootc\wootc\out\branded-preview\System.Configuration.dll
2026-09-27T19:26:14.7465372Z    Compressing: \\?\D:\a\wootc\wootc\out\branded-preview\System.Console.dll
2026-09-27T19:26:14.7482442Z    Compressing: \\?\D:\a\wootc\wootc\out\branded-preview\System.Core.dll
2026-09-27T19:26:14.7485959Z    Compressing: \\?\D:\a\wootc\wootc\out\branded-preview\System.Data.Common.dll
2026-09-27T19:26:15.3325378Z    Compressing: \\?\D:\a\wootc\wootc\out\branded-preview\System.Data.DataSetExtensions.dll
2026-09-27T19:26:15.3327551Z    Compressing: \\?\D:\a\wootc\wootc\out\branded-preview\System.Data.dll
2026-09-27T19:26:15.3330951Z    Compressing: \\?\D:\a\wootc\wootc\out\branded-preview\System.Diagnostics.Contracts.dll
2026-09-27T19:26:15.3333384Z    Compressing: \\?\D:\a\wootc\wootc\out\branded-preview\System.Diagnostics.Debug.dll
2026-09-27T19:26:15.3335778Z    Compressing: \\?\D:\a\wootc\wootc\out\branded-preview\System.Diagnostics.DiagnosticSource.dll
2026-09-27T19:26:15.3375554Z    Compressing: \\?\D:\a\wootc\wootc\out\branded-preview\System.Diagnostics.FileVersionInfo.dll
2026-09-27T19:26:15.3380927Z    Compressing: \\?\D:\a\wootc\wootc\out\branded-preview\System.Diagnostics.Process.dll
2026-09-27T19:26:15.3413914Z    Compressing: \\?\D:\a\wootc\wootc\out\branded-preview\System.Diagnostics.StackTrace.dll
2026-09-27T19:26:15.3419063Z    Compressing: \\?\D:\a\wootc\wootc\out\branded-preview\System.Diagnostics.TextWriterTraceListener.dll
2026-09-27T19:26:15.3426368Z    Compressing: \\?\D:\a\wootc\wootc\out\branded-preview\System.Diagnostics.Tools.dll
2026-09-27T19:26:15.3428821Z    Compressing: \\?\D:\a\wootc\wootc\out\branded-preview\System.Diagnostics.TraceSource.dll
2026-09-27T19:26:15.3443593Z    Compressing: \\?\D:\a\wootc\wootc\out\branded-preview\System.Diagnostics.Tracing.dll
2026-09-27T19:26:15.3446084Z    Compressing: \\?\D:\a\wootc\wootc\out\branded-preview\System.dll
2026-09-27T19:26:15.3451597Z    Compressing: \\?\D:\a\wootc\wootc\out\branded-preview\System.Drawing.dll
2026-09-27T19:26:15.3455021Z    Compressing: \\?\D:\a\wootc\wootc\out\branded-preview\System.Drawing.Primitives.dll
2026-09-27T19:26:15.3468052Z    Compressing: \\?\D:\a\wootc\wootc\out\branded-preview\System.Dynamic.Runtime.dll
2026-09-27T19:26:15.3470613Z    Compressing: \\?\D:\a\wootc\wootc\out\branded-preview\System.Formats.Asn1.dll
2026-09-27T19:26:15.3494319Z    Compressing: \\?\D:\a\wootc\wootc\out\branded-preview\System.Formats.Tar.dll
2026-09-27T19:26:15.3520779Z    Compressing: \\?\D:\a\wootc\wootc\out\branded-preview\System.Globalization.Calendars.dll
2026-09-27T19:26:15.3523603Z    Compressing: \\?\D:\a\wootc\wootc\out\branded-preview\System.Globalization.dll
2026-09-27T19:26:15.3525754Z    Compressing: \\?\D:\a\wootc\wootc\out\branded-preview\System.Globalization.Extensions.dll
2026-09-27T19:26:15.3528114Z    Compressing: \\?\D:\a\wootc\wootc\out\branded-preview\System.IO.Compression.Brotli.dll
2026-09-27T19:26:15.3536936Z    Compressing: \\?\D:\a\wootc\wootc\out\branded-preview\System.IO.Compression.dll
2026-09-27T19:26:15.3562592Z    Compressing: \\?\D:\a\wootc\wootc\out\branded-preview\System.IO.Compression.FileSystem.dll
2026-09-27T19:26:15.3565007Z    Compressing: \\?\D:\a\wootc\wootc\out\branded-preview\System.IO.Compression.Native.dll
2026-09-27T19:26:15.3644009Z    Compressing: \\?\D:\a\wootc\wootc\out\branded-preview\System.IO.Compression.ZipFile.dll
2026-09-27T19:26:15.3650801Z    Compressing: \\?\D:\a\wootc\wootc\out\branded-preview\System.IO.dll
2026-09-27T19:26:15.3653727Z    Compressing: \\?\D:\a\wootc\wootc\out\branded-preview\System.IO.FileSystem.AccessControl.dll
2026-09-27T19:26:15.3665109Z    Compressing: \\?\D:\a\wootc\wootc\out\branded-preview\System.IO.FileSystem.dll
2026-09-27T19:26:15.3668180Z    Compressing: \\?\D:\a\wootc\wootc\out\branded-preview\System.IO.FileSystem.DriveInfo.dll
2026-09-27T19:26:15.3677150Z    Compressing: \\?\D:\a\wootc\wootc\out\branded-preview\System.IO.FileSystem.Primitives.dll
2026-09-27T19:26:15.3680022Z    Compressing: \\?\D:\a\wootc\wootc\out\branded-preview\System.IO.FileSystem.Watcher.dll
2026-09-27T19:26:15.3693789Z    Compressing: \\?\D:\a\wootc\wootc\out\branded-preview\System.IO.IsolatedStorage.dll
2026-09-27T19:26:15.3708281Z    Compressing: \\?\D:\a\wootc\wootc\out\branded-preview\System.IO.MemoryMappedFiles.dll
2026-09-27T19:26:15.3721869Z    Compressing: \\?\D:\a\wootc\wootc\out\branded-preview\System.IO.Pipes.AccessControl.dll
2026-09-27T19:26:15.3724875Z    Compressing: \\?\D:\a\wootc\wootc\out\branded-preview\System.IO.Pipes.dll
2026-09-27T19:26:16.1164944Z    Compressing: \\?\D:\a\wootc\wootc\out\branded-preview\System.IO.UnmanagedMemoryStream.dll
2026-09-27T19:26:16.1167521Z    Compressing: \\?\D:\a\wootc\wootc\out\branded-preview\System.Linq.dll
2026-09-27T19:26:16.1244175Z    Compressing: \\?\D:\a\wootc\wootc\out\branded-preview\System.Linq.Expressions.dll
2026-09-27T19:26:16.1629339Z    Compressing: \\?\D:\a\wootc\wootc\out\branded-preview\System.Linq.Parallel.dll
2026-09-27T19:26:16.9483706Z    Compressing: \\?\D:\a\wootc\wootc\out\branded-preview\System.Linq.Queryable.dll
2026-09-27T19:26:16.9500987Z    Compressing: \\?\D:\a\wootc\wootc\out\branded-preview\System.Memory.dll
2026-09-27T19:26:16.9517976Z    Compressing: \\?\D:\a\wootc\wootc\out\branded-preview\System.Net.dll
2026-09-27T19:26:16.9520520Z    Compressing: \\?\D:\a\wootc\wootc\out\branded-preview\System.Net.Http.dll
2026-09-27T19:26:16.9690321Z    Compressing: \\?\D:\a\wootc\wootc\out\branded-preview\System.Net.Http.Json.dll
2026-09-27T19:26:16.9704531Z    Compressing: \\?\D:\a\wootc\wootc\out\branded-preview\System.Net.HttpListener.dll
2026-09-27T19:26:16.9758038Z    Compressing: \\?\D:\a\wootc\wootc\out\branded-preview\System.Net.Mail.dll
2026-09-27T19:26:16.9801118Z    Compressing: \\?\D:\a\wootc\wootc\out\branded-preview\System.Net.NameResolution.dll
2026-09-27T19:26:16.9812784Z    Compressing: \\?\D:\a\wootc\wootc\out\branded-preview\System.Net.NetworkInformation.dll
2026-09-27T19:26:16.9828369Z    Compressing: \\?\D:\a\wootc\wootc\out\branded-preview\System.Net.Ping.dll
2026-09-27T19:26:16.9838036Z    Compressing: \\?\D:\a\wootc\wootc\out\branded-preview\System.Net.Primitives.dll
2026-09-27T19:26:16.9860178Z    Compressing: \\?\D:\a\wootc\wootc\out\branded-preview\System.Net.Quic.dll
2026-09-27T19:26:16.9891649Z    Compressing: \\?\D:\a\wootc\wootc\out\branded-preview\System.Net.Requests.dll
2026-09-27T19:26:16.9935436Z    Compressing: \\?\D:\a\wootc\wootc\out\branded-preview\System.Net.Security.dll
2026-09-27T19:26:17.7161230Z    Compressing: \\?\D:\a\wootc\wootc\out\branded-preview\System.Net.ServicePoint.dll
2026-09-27T19:26:17.7167953Z    Compressing: \\?\D:\a\wootc\wootc\out\branded-preview\System.Net.Sockets.dll
2026-09-27T19:26:17.7222828Z    Compressing: \\?\D:\a\wootc\wootc\out\branded-preview\System.Net.WebClient.dll
2026-09-27T19:26:17.7241221Z    Compressing: \\?\D:\a\wootc\wootc\out\branded-preview\System.Net.WebHeaderCollection.dll
2026-09-27T19:26:17.7248455Z    Compressing: \\?\D:\a\wootc\wootc\out\branded-preview\System.Net.WebProxy.dll
2026-09-27T19:26:17.7254232Z    Compressing: \\?\D:\a\wootc\wootc\out\branded-preview\System.Net.WebSockets.Client.dll
2026-09-27T19:26:17.7265709Z    Compressing: \\?\D:\a\wootc\wootc\out\branded-preview\System.Net.WebSockets.dll
2026-09-27T19:26:17.7285903Z    Compressing: \\?\D:\a\wootc\wootc\out\branded-preview\System.Numerics.dll
2026-09-27T19:26:17.7288622Z    Compressing: \\?\D:\a\wootc\wootc\out\branded-preview\System.Numerics.Tensors.dll
2026-09-27T19:26:17.7348285Z    Compressing: \\?\D:\a\wootc\wootc\out\branded-preview\System.Numerics.Vectors.dll
2026-09-27T19:26:17.7351271Z    Compressing: \\?\D:\a\wootc\wootc\out\branded-preview\System.ObjectModel.dll
2026-09-27T19:26:17.7363039Z    Compressing: \\?\D:\a\wootc\wootc\out\branded-preview\System.Private.CoreLib.dll
2026-09-27T19:26:20.2076719Z    Compressing: \\?\D:\a\wootc\wootc\out\branded-preview\System.Private.DataContractSerialization.dll
2026-09-27T19:26:20.2278741Z    Compressing: \\?\D:\a\wootc\wootc\out\branded-preview\System.Private.Uri.dll
2026-09-27T19:26:20.2304629Z    Compressing: \\?\D:\a\wootc\wootc\out\branded-preview\System.Private.Xml.dll
2026-09-27T19:26:21.8619286Z    Compressing: \\?\D:\a\wootc\wootc\out\branded-preview\System.Private.Xml.Linq.dll
2026-09-27T19:26:21.8657796Z    Compressing: \\?\D:\a\wootc\wootc\out\branded-preview\System.Reflection.DispatchProxy.dll
2026-09-27T19:26:21.8665378Z    Compressing: \\?\D:\a\wootc\wootc\out\branded-preview\System.Reflection.dll
2026-09-27T19:26:21.8667862Z    Compressing: \\?\D:\a\wootc\wootc\out\branded-preview\System.Reflection.Emit.dll
2026-09-27T19:26:21.8680901Z    Compressing: \\?\D:\a\wootc\wootc\out\branded-preview\System.Reflection.Emit.ILGeneration.dll
2026-09-27T19:26:21.8683173Z    Compressing: \\?\D:\a\wootc\wootc\out\branded-preview\System.Reflection.Emit.Lightweight.dll
2026-09-27T19:26:21.8685623Z    Compressing: \\?\D:\a\wootc\wootc\out\branded-preview\System.Reflection.Extensions.dll
2026-09-27T19:26:21.8688037Z    Compressing: \\?\D:\a\wootc\wootc\out\branded-preview\System.Reflection.Metadata.dll
2026-09-27T19:26:21.8792857Z    Compressing: \\?\D:\a\wootc\wootc\out\branded-preview\System.Reflection.Primitives.dll
2026-09-27T19:26:21.8795640Z    Compressing: \\?\D:\a\wootc\wootc\out\branded-preview\System.Reflection.TypeExtensions.dll
2026-09-27T19:26:21.8800335Z    Compressing: \\?\D:\a\wootc\wootc\out\branded-preview\System.Resources.Reader.dll
2026-09-27T19:26:21.8802716Z    Compressing: \\?\D:\a\wootc\wootc\out\branded-preview\System.Resources.ResourceManager.dll
2026-09-27T19:26:21.8804966Z    Compressing: \\?\D:\a\wootc\wootc\out\branded-preview\System.Resources.Writer.dll
2026-09-27T19:26:21.8810572Z    Compressing: \\?\D:\a\wootc\wootc\out\branded-preview\System.Runtime.CompilerServices.Unsafe.dll
2026-09-27T19:26:21.8813117Z    Compressing: \\?\D:\a\wootc\wootc\out\branded-preview\System.Runtime.CompilerServices.VisualC.dll
2026-09-27T19:26:21.8816927Z    Compressing: \\?\D:\a\wootc\wootc\out\branded-preview\System.Runtime.dll
2026-09-27T19:26:21.8821964Z    Compressing: \\?\D:\a\wootc\wootc\out\branded-preview\System.Runtime.Extensions.dll
2026-09-27T19:26:21.8824567Z    Compressing: \\?\D:\a\wootc\wootc\out\branded-preview\System.Runtime.Handles.dll
2026-09-27T19:26:21.8827176Z    Compressing: \\?\D:\a\wootc\wootc\out\branded-preview\System.Runtime.InteropServices.dll
2026-09-27T19:26:21.8837078Z    Compressing: \\?\D:\a\wootc\wootc\out\branded-preview\System.Runtime.InteropServices.JavaScript.dll
2026-09-27T19:26:21.8842748Z    Compressing: \\?\D:\a\wootc\wootc\out\branded-preview\System.Runtime.InteropServices.RuntimeInformation.dll
2026-09-27T19:26:21.8846004Z    Compressing: \\?\D:\a\wootc\wootc\out\branded-preview\System.Runtime.Intrinsics.dll
2026-09-27T19:26:21.8847091Z    Compressing: \\?\D:\a\wootc\wootc\out\branded-preview\System.Runtime.Loader.dll
2026-09-27T19:26:21.8849576Z    Compressing: \\?\D:\a\wootc\wootc\out\branded-preview\System.Runtime.Numerics.dll
2026-09-27T19:26:21.8881618Z    Compressing: \\?\D:\a\wootc\wootc\out\branded-preview\System.Runtime.Serialization.dll
2026-09-27T19:26:21.8884071Z    Compressing: \\?\D:\a\wootc\wootc\out\branded-preview\System.Runtime.Serialization.Formatters.dll
2026-09-27T19:26:21.8913779Z    Compressing: \\?\D:\a\wootc\wootc\out\branded-preview\System.Runtime.Serialization.Json.dll
2026-09-27T19:26:21.8916414Z    Compressing: \\?\D:\a\wootc\wootc\out\branded-preview\System.Runtime.Serialization.Primitives.dll
2026-09-27T19:26:21.8920627Z    Compressing: \\?\D:\a\wootc\wootc\out\branded-preview\System.Runtime.Serialization.Xml.dll
2026-09-27T19:26:21.8923100Z    Compressing: \\?\D:\a\wootc\wootc\out\branded-preview\System.Security.AccessControl.dll
2026-09-27T19:26:21.8945343Z    Compressing: \\?\D:\a\wootc\wootc\out\branded-preview\System.Security.Claims.dll
2026-09-27T19:26:21.8955803Z    Compressing: \\?\D:\a\wootc\wootc\out\branded-preview\System.Security.Cryptography.Algorithms.dll
2026-09-27T19:26:21.8958209Z    Compressing: \\?\D:\a\wootc\wootc\out\branded-preview\System.Security.Cryptography.Cng.dll
2026-09-27T19:26:21.8960497Z    Compressing: \\?\D:\a\wootc\wootc\out\branded-preview\System.Security.Cryptography.Csp.dll
2026-09-27T19:26:21.8962749Z    Compressing: \\?\D:\a\wootc\wootc\out\branded-preview\System.Security.Cryptography.dll
2026-09-27T19:26:22.5862067Z    Compressing: \\?\D:\a\wootc\wootc\out\branded-preview\System.Security.Cryptography.Encoding.dll
2026-09-27T19:26:22.5864970Z    Compressing: \\?\D:\a\wootc\wootc\out\branded-preview\System.Security.Cryptography.OpenSsl.dll
2026-09-27T19:26:22.5867846Z    Compressing: \\?\D:\a\wootc\wootc\out\branded-preview\System.Security.Cryptography.Primitives.dll
2026-09-27T19:26:22.5870567Z    Compressing: \\?\D:\a\wootc\wootc\out\branded-preview\System.Security.Cryptography.X509Certificates.dll
2026-09-27T19:26:22.5873642Z    Compressing: \\?\D:\a\wootc\wootc\out\branded-preview\System.Security.dll
2026-09-27T19:26:22.5876948Z    Compressing: \\?\D:\a\wootc\wootc\out\branded-preview\System.Security.Principal.dll
2026-09-27T19:26:22.5879993Z    Compressing: \\?\D:\a\wootc\wootc\out\branded-preview\System.Security.Principal.Windows.dll
2026-09-27T19:26:22.5906935Z    Compressing: \\?\D:\a\wootc\wootc\out\branded-preview\System.Security.SecureString.dll
2026-09-27T19:26:22.5909738Z    Compressing: \\?\D:\a\wootc\wootc\out\branded-preview\System.ServiceModel.Web.dll
2026-09-27T19:26:22.5912722Z    Compressing: \\?\D:\a\wootc\wootc\out\branded-preview\System.ServiceProcess.dll
2026-09-27T19:26:22.5915353Z    Compressing: \\?\D:\a\wootc\wootc\out\branded-preview\System.Text.Encoding.CodePages.dll
2026-09-27T19:26:22.6001684Z    Compressing: \\?\D:\a\wootc\wootc\out\branded-preview\System.Text.Encoding.dll
2026-09-27T19:26:22.6003899Z    Compressing: \\?\D:\a\wootc\wootc\out\branded-preview\System.Text.Encoding.Extensions.dll
2026-09-27T19:26:22.6006465Z    Compressing: \\?\D:\a\wootc\wootc\out\branded-preview\System.Text.Encodings.Web.dll
2026-09-27T19:26:22.6020165Z    Compressing: \\?\D:\a\wootc\wootc\out\branded-preview\System.Text.Json.dll
2026-09-27T19:26:22.6164762Z    Compressing: \\?\D:\a\wootc\wootc\out\branded-preview\System.Text.RegularExpressions.dll
2026-09-27T19:26:22.6275549Z    Compressing: \\?\D:\a\wootc\wootc\out\branded-preview\System.Threading.Channels.dll
2026-09-27T19:26:22.6293399Z    Compressing: \\?\D:\a\wootc\wootc\out\branded-preview\System.Threading.dll
2026-09-27T19:26:23.3336642Z    Compressing: \\?\D:\a\wootc\wootc\out\branded-preview\System.Threading.Overlapped.dll
2026-09-27T19:26:23.3340630Z    Compressing: \\?\D:\a\wootc\wootc\out\branded-preview\System.Threading.Tasks.Dataflow.dll
2026-09-27T19:26:23.3416625Z    Compressing: \\?\D:\a\wootc\wootc\out\branded-preview\System.Threading.Tasks.dll
2026-09-27T19:26:23.3420633Z    Compressing: \\?\D:\a\wootc\wootc\out\branded-preview\System.Threading.Tasks.Extensions.dll
2026-09-27T19:26:23.3423731Z    Compressing: \\?\D:\a\wootc\wootc\out\branded-preview\System.Threading.Tasks.Parallel.dll
2026-09-27T19:26:23.3445093Z    Compressing: \\?\D:\a\wootc\wootc\out\branded-preview\System.Threading.Thread.dll
2026-09-27T19:26:23.3448507Z    Compressing: \\?\D:\a\wootc\wootc\out\branded-preview\System.Threading.ThreadPool.dll
2026-09-27T19:26:23.3451711Z    Compressing: \\?\D:\a\wootc\wootc\out\branded-preview\System.Threading.Timer.dll
2026-09-27T19:26:23.3454975Z    Compressing: \\?\D:\a\wootc\wootc\out\branded-preview\System.Transactions.dll
2026-09-27T19:26:23.3458209Z    Compressing: \\?\D:\a\wootc\wootc\out\branded-preview\System.Transactions.Local.dll
2026-09-27T19:26:23.3554372Z    Compressing: \\?\D:\a\wootc\wootc\out\branded-preview\System.ValueTuple.dll
2026-09-27T19:26:23.3556761Z    Compressing: \\?\D:\a\wootc\wootc\out\branded-preview\System.Web.dll
2026-09-27T19:26:23.3559401Z    Compressing: \\?\D:\a\wootc\wootc\out\branded-preview\System.Web.HttpUtility.dll
2026-09-27T19:26:23.3565729Z    Compressing: \\?\D:\a\wootc\wootc\out\branded-preview\System.Windows.dll
2026-09-27T19:26:23.3568445Z    Compressing: \\?\D:\a\wootc\wootc\out\branded-preview\System.Xml.dll
2026-09-27T19:26:23.3572250Z    Compressing: \\?\D:\a\wootc\wootc\out\branded-preview\System.Xml.Linq.dll
2026-09-27T19:26:23.3575950Z    Compressing: \\?\D:\a\wootc\wootc\out\branded-preview\System.Xml.ReaderWriter.dll
2026-09-27T19:26:23.3579651Z    Compressing: \\?\D:\a\wootc\wootc\out\branded-preview\System.Xml.Serialization.dll
2026-09-27T19:26:23.3582868Z    Compressing: \\?\D:\a\wootc\wootc\out\branded-preview\System.Xml.XDocument.dll
2026-09-27T19:26:23.3585526Z    Compressing: \\?\D:\a\wootc\wootc\out\branded-preview\System.Xml.XmlDocument.dll
2026-09-27T19:26:23.3588222Z    Compressing: \\?\D:\a\wootc\wootc\out\branded-preview\System.Xml.XmlSerializer.dll
2026-09-27T19:26:23.3590838Z    Compressing: \\?\D:\a\wootc\wootc\out\branded-preview\System.Xml.XPath.dll
2026-09-27T19:26:23.3593390Z    Compressing: \\?\D:\a\wootc\wootc\out\branded-preview\System.Xml.XPath.XDocument.dll
2026-09-27T19:26:23.3597677Z    Compressing: \\?\D:\a\wootc\wootc\out\branded-preview\WebView2Loader.dll
2026-09-27T19:26:23.3613394Z    Compressing: \\?\D:\a\wootc\wootc\out\branded-preview\WindowsBase.dll
2026-09-27T19:26:23.3615757Z    Compressing: \\?\D:\a\wootc\wootc\out\branded-preview\WinRT.Runtime.dll
2026-09-27T19:26:23.3670827Z    Compressing: \\?\D:\a\wootc\wootc\out\branded-preview\WinUIEdit.dll
2026-09-27T19:26:24.1803558Z    Compressing: \\?\D:\a\wootc\wootc\out\branded-preview\wootc-engine.exe
2026-09-27T19:26:26.2473649Z    Compressing: \\?\D:\a\wootc\wootc\out\branded-preview\Wootc.Shell.Core.dll
2026-09-27T19:26:26.2481783Z    Compressing: \\?\D:\a\wootc\wootc\out\branded-preview\Wootc.Shell.Core.pdb
2026-09-27T19:26:26.2485609Z    Compressing: \\?\D:\a\wootc\wootc\out\branded-preview\Wootc.Shell.deps.json
2026-09-27T19:26:26.2490120Z    Compressing: \\?\D:\a\wootc\wootc\out\branded-preview\Wootc.Shell.dll
2026-09-27T19:26:26.2508982Z    Compressing: \\?\D:\a\wootc\wootc\out\branded-preview\Wootc.Shell.exe
2026-09-27T19:26:26.2536910Z    Compressing: \\?\D:\a\wootc\wootc\out\branded-preview\Wootc.Shell.Native.dll
2026-09-27T19:26:26.2543519Z    Compressing: \\?\D:\a\wootc\wootc\out\branded-preview\Wootc.Shell.Native.pdb
2026-09-27T19:26:26.2546279Z    Compressing: \\?\D:\a\wootc\wootc\out\branded-preview\Wootc.Shell.pdb
2026-09-27T19:26:26.2549640Z    Compressing: \\?\D:\a\wootc\wootc\out\branded-preview\Wootc.Shell.pri
2026-09-27T19:26:26.7577179Z    Compressing: \\?\D:\a\wootc\wootc\out\branded-preview\Wootc.Shell.runtimeconfig.json
2026-09-27T19:26:26.7578076Z    Compressing: \\?\D:\a\wootc\wootc\out\branded-preview\workloads.365.json
2026-09-27T19:26:26.7580250Z    Compressing: \\?\D:\a\wootc\wootc\out\branded-preview\workloads.j32.json
2026-09-27T19:26:26.7582616Z    Compressing: \\?\D:\a\wootc\wootc\out\branded-preview\workloads.json
2026-09-27T19:26:26.7584453Z    Compressing: \\?\D:\a\wootc\wootc\out\branded-preview\workloads.lnl.json
2026-09-27T19:26:26.7586791Z    Compressing: \\?\D:\a\wootc\wootc\out\branded-preview\workloads.qnn.json
2026-09-27T19:26:26.7589112Z    Compressing: \\?\D:\a\wootc\wootc\out\branded-preview\workloads.stx.json
2026-09-27T19:26:26.7591273Z    Compressing: \\?\D:\a\wootc\wootc\out\branded-preview\wuceffectsi.dll
2026-09-27T19:26:26.7639310Z    Compressing: \\?\D:\a\wootc\wootc\out\branded-preview\af-ZA\Microsoft.ui.xaml.dll.mui
2026-09-27T19:26:26.7642692Z    Compressing: \\?\D:\a\wootc\wootc\out\branded-preview\af-ZA\Microsoft.UI.Xaml.Phone.dll.mui
2026-09-27T19:26:26.7645532Z    Compressing: \\?\D:\a\wootc\wootc\out\branded-preview\am-ET\Microsoft.ui.xaml.dll.mui
2026-09-27T19:26:26.7649479Z    Compressing: \\?\D:\a\wootc\wootc\out\branded-preview\am-ET\Microsoft.UI.Xaml.Phone.dll.mui
2026-09-27T19:26:26.7651976Z    Compressing: \\?\D:\a\wootc\wootc\out\branded-preview\ar-SA\Microsoft.ui.xaml.dll.mui
2026-09-27T19:26:26.7656565Z    Compressing: \\?\D:\a\wootc\wootc\out\branded-preview\ar-SA\Microsoft.UI.Xaml.Phone.dll.mui
2026-09-27T19:26:26.7659036Z    Compressing: \\?\D:\a\wootc\wootc\out\branded-preview\as-IN\Microsoft.ui.xaml.dll.mui
2026-09-27T19:26:26.7663047Z    Compressing: \\?\D:\a\wootc\wootc\out\branded-preview\as-IN\Microsoft.UI.Xaml.Phone.dll.mui
2026-09-27T19:26:26.7664974Z    Compressing: \\?\D:\a\wootc\wootc\out\branded-preview\az-Latn-AZ\Microsoft.ui.xaml.dll.mui
2026-09-27T19:26:26.7668677Z    Compressing: \\?\D:\a\wootc\wootc\out\branded-preview\az-Latn-AZ\Microsoft.UI.Xaml.Phone.dll.mui
2026-09-27T19:26:26.7670397Z    Compressing: \\?\D:\a\wootc\wootc\out\branded-preview\bg-BG\Microsoft.ui.xaml.dll.mui
2026-09-27T19:26:26.7673632Z    Compressing: \\?\D:\a\wootc\wootc\out\branded-preview\bg-BG\Microsoft.UI.Xaml.Phone.dll.mui
2026-09-27T19:26:26.7675460Z    Compressing: \\?\D:\a\wootc\wootc\out\branded-preview\bn-IN\Microsoft.ui.xaml.dll.mui
2026-09-27T19:26:26.7678551Z    Compressing: \\?\D:\a\wootc\wootc\out\branded-preview\bn-IN\Microsoft.UI.Xaml.Phone.dll.mui
2026-09-27T19:26:26.7680349Z    Compressing: \\?\D:\a\wootc\wootc\out\branded-preview\Branding\brand.json
2026-09-27T19:26:26.7681182Z    Compressing: \\?\D:\a\wootc\wootc\out\branded-preview\bs-Latn-BA\Microsoft.ui.xaml.dll.mui
2026-09-27T19:26:26.7685084Z    Compressing: \\?\D:\a\wootc\wootc\out\branded-preview\bs-Latn-BA\Microsoft.UI.Xaml.Phone.dll.mui
2026-09-27T19:26:26.7687570Z    Compressing: \\?\D:\a\wootc\wootc\out\branded-preview\ca-ES\Microsoft.ui.xaml.dll.mui
2026-09-27T19:26:26.7691882Z    Compressing: \\?\D:\a\wootc\wootc\out\branded-preview\ca-ES\Microsoft.UI.Xaml.Phone.dll.mui
2026-09-27T19:26:26.7694991Z    Compressing: \\?\D:\a\wootc\wootc\out\branded-preview\ca-Es-VALENCIA\Microsoft.ui.xaml.dll.mui
2026-09-27T19:26:26.7698875Z    Compressing: \\?\D:\a\wootc\wootc\out\branded-preview\ca-Es-VALENCIA\Microsoft.UI.Xaml.Phone.dll.mui
2026-09-27T19:26:26.7701132Z    Compressing: \\?\D:\a\wootc\wootc\out\branded-preview\cs-CZ\Microsoft.ui.xaml.dll.mui
2026-09-27T19:26:26.7705152Z    Compressing: \\?\D:\a\wootc\wootc\out\branded-preview\cs-CZ\Microsoft.UI.Xaml.Phone.dll.mui
2026-09-27T19:26:26.7707263Z    Compressing: \\?\D:\a\wootc\wootc\out\branded-preview\cy-GB\Microsoft.ui.xaml.dll.mui
2026-09-27T19:26:26.7710630Z    Compressing: \\?\D:\a\wootc\wootc\out\branded-preview\cy-GB\Microsoft.UI.Xaml.Phone.dll.mui
2026-09-27T19:26:26.7712356Z    Compressing: \\?\D:\a\wootc\wootc\out\branded-preview\da-DK\Microsoft.ui.xaml.dll.mui
2026-09-27T19:26:26.7715412Z    Compressing: \\?\D:\a\wootc\wootc\out\branded-preview\da-DK\Microsoft.UI.Xaml.Phone.dll.mui
2026-09-27T19:26:26.7717608Z    Compressing: \\?\D:\a\wootc\wootc\out\branded-preview\de-DE\Microsoft.ui.xaml.dll.mui
2026-09-27T19:26:26.7721268Z    Compressing: \\?\D:\a\wootc\wootc\out\branded-preview\de-DE\Microsoft.UI.Xaml.Phone.dll.mui
2026-09-27T19:26:26.7723022Z    Compressing: \\?\D:\a\wootc\wootc\out\branded-preview\el-GR\Microsoft.ui.xaml.dll.mui
2026-09-27T19:26:26.7726414Z    Compressing: \\?\D:\a\wootc\wootc\out\branded-preview\el-GR\Microsoft.UI.Xaml.Phone.dll.mui
2026-09-27T19:26:26.7728314Z    Compressing: \\?\D:\a\wootc\wootc\out\branded-preview\en-GB\Microsoft.ui.xaml.dll.mui
2026-09-27T19:26:26.7731409Z    Compressing: \\?\D:\a\wootc\wootc\out\branded-preview\en-GB\Microsoft.UI.Xaml.Phone.dll.mui
2026-09-27T19:26:26.7733733Z    Compressing: \\?\D:\a\wootc\wootc\out\branded-preview\en-us\Microsoft.ui.xaml.dll.mui
2026-09-27T19:26:26.7736828Z    Compressing: \\?\D:\a\wootc\wootc\out\branded-preview\en-us\Microsoft.UI.Xaml.Phone.dll.mui
2026-09-27T19:26:26.7739516Z    Compressing: \\?\D:\a\wootc\wootc\out\branded-preview\es-ES\Microsoft.ui.xaml.dll.mui
2026-09-27T19:26:26.7742723Z    Compressing: \\?\D:\a\wootc\wootc\out\branded-preview\es-ES\Microsoft.UI.Xaml.Phone.dll.mui
2026-09-27T19:26:26.7757327Z    Compressing: \\?\D:\a\wootc\wootc\out\branded-preview\es-MX\Microsoft.ui.xaml.dll.mui
2026-09-27T19:26:26.7759240Z    Compressing: \\?\D:\a\wootc\wootc\out\branded-preview\es-MX\Microsoft.UI.Xaml.Phone.dll.mui
2026-09-27T19:26:26.7760820Z    Compressing: \\?\D:\a\wootc\wootc\out\branded-preview\et-EE\Microsoft.ui.xaml.dll.mui
2026-09-27T19:26:26.7762540Z    Compressing: \\?\D:\a\wootc\wootc\out\branded-preview\et-EE\Microsoft.UI.Xaml.Phone.dll.mui
2026-09-27T19:26:26.7763715Z    Compressing: \\?\D:\a\wootc\wootc\out\branded-preview\eu-ES\Microsoft.ui.xaml.dll.mui
2026-09-27T19:26:26.7764825Z    Compressing: \\?\D:\a\wootc\wootc\out\branded-preview\eu-ES\Microsoft.UI.Xaml.Phone.dll.mui
2026-09-27T19:26:26.7766042Z    Compressing: \\?\D:\a\wootc\wootc\out\branded-preview\fa-IR\Microsoft.ui.xaml.dll.mui
2026-09-27T19:26:26.7767171Z    Compressing: \\?\D:\a\wootc\wootc\out\branded-preview\fa-IR\Microsoft.UI.Xaml.Phone.dll.mui
2026-09-27T19:26:26.7769050Z    Compressing: \\?\D:\a\wootc\wootc\out\branded-preview\fi-FI\Microsoft.ui.xaml.dll.mui
2026-09-27T19:26:26.7772108Z    Compressing: \\?\D:\a\wootc\wootc\out\branded-preview\fi-FI\Microsoft.UI.Xaml.Phone.dll.mui
2026-09-27T19:26:26.7773865Z    Compressing: \\?\D:\a\wootc\wootc\out\branded-preview\fil-PH\Microsoft.ui.xaml.dll.mui
2026-09-27T19:26:26.7777053Z    Compressing: \\?\D:\a\wootc\wootc\out\branded-preview\fil-PH\Microsoft.UI.Xaml.Phone.dll.mui
2026-09-27T19:26:26.7779086Z    Compressing: \\?\D:\a\wootc\wootc\out\branded-preview\fr-CA\Microsoft.ui.xaml.dll.mui
2026-09-27T19:26:26.7782182Z    Compressing: \\?\D:\a\wootc\wootc\out\branded-preview\fr-CA\Microsoft.UI.Xaml.Phone.dll.mui
2026-09-27T19:26:26.7784673Z    Compressing: \\?\D:\a\wootc\wootc\out\branded-preview\fr-FR\Microsoft.ui.xaml.dll.mui
2026-09-27T19:26:26.7787599Z    Compressing: \\?\D:\a\wootc\wootc\out\branded-preview\fr-FR\Microsoft.UI.Xaml.Phone.dll.mui
2026-09-27T19:26:26.7789342Z    Compressing: \\?\D:\a\wootc\wootc\out\branded-preview\ga-IE\Microsoft.ui.xaml.dll.mui
2026-09-27T19:26:26.7792500Z    Compressing: \\?\D:\a\wootc\wootc\out\branded-preview\ga-IE\Microsoft.UI.Xaml.Phone.dll.mui
2026-09-27T19:26:26.7794535Z    Compressing: \\?\D:\a\wootc\wootc\out\branded-preview\gd-gb\Microsoft.ui.xaml.dll.mui
2026-09-27T19:26:26.7797703Z    Compressing: \\?\D:\a\wootc\wootc\out\branded-preview\gd-gb\Microsoft.UI.Xaml.Phone.dll.mui
2026-09-27T19:26:26.7799611Z    Compressing: \\?\D:\a\wootc\wootc\out\branded-preview\gl-ES\Microsoft.ui.xaml.dll.mui
2026-09-27T19:26:26.7802964Z    Compressing: \\?\D:\a\wootc\wootc\out\branded-preview\gl-ES\Microsoft.UI.Xaml.Phone.dll.mui
2026-09-27T19:26:26.7805513Z    Compressing: \\?\D:\a\wootc\wootc\out\branded-preview\gu-IN\Microsoft.ui.xaml.dll.mui
2026-09-27T19:26:26.7808408Z    Compressing: \\?\D:\a\wootc\wootc\out\branded-preview\gu-IN\Microsoft.UI.Xaml.Phone.dll.mui
2026-09-27T19:26:26.7810560Z    Compressing: \\?\D:\a\wootc\wootc\out\branded-preview\he-IL\Microsoft.ui.xaml.dll.mui
2026-09-27T19:26:26.7813182Z    Compressing: \\?\D:\a\wootc\wootc\out\branded-preview\he-IL\Microsoft.UI.Xaml.Phone.dll.mui
2026-09-27T19:26:26.7814853Z    Compressing: \\?\D:\a\wootc\wootc\out\branded-preview\hi-IN\Microsoft.ui.xaml.dll.mui
2026-09-27T19:26:26.7817914Z    Compressing: \\?\D:\a\wootc\wootc\out\branded-preview\hi-IN\Microsoft.UI.Xaml.Phone.dll.mui
2026-09-27T19:26:26.7819953Z    Compressing: \\?\D:\a\wootc\wootc\out\branded-preview\hr-HR\Microsoft.ui.xaml.dll.mui
2026-09-27T19:26:26.7823084Z    Compressing: \\?\D:\a\wootc\wootc\out\branded-preview\hr-HR\Microsoft.UI.Xaml.Phone.dll.mui
2026-09-27T19:26:26.7825594Z    Compressing: \\?\D:\a\wootc\wootc\out\branded-preview\hu-HU\Microsoft.ui.xaml.dll.mui
2026-09-27T19:26:26.7828442Z    Compressing: \\?\D:\a\wootc\wootc\out\branded-preview\hu-HU\Microsoft.UI.Xaml.Phone.dll.mui
2026-09-27T19:26:26.7830194Z    Compressing: \\?\D:\a\wootc\wootc\out\branded-preview\hy-AM\Microsoft.ui.xaml.dll.mui
2026-09-27T19:26:26.7833708Z    Compressing: \\?\D:\a\wootc\wootc\out\branded-preview\hy-AM\Microsoft.UI.Xaml.Phone.dll.mui
2026-09-27T19:26:26.7836019Z    Compressing: \\?\D:\a\wootc\wootc\out\branded-preview\id-ID\Microsoft.ui.xaml.dll.mui
2026-09-27T19:26:26.7839168Z    Compressing: \\?\D:\a\wootc\wootc\out\branded-preview\id-ID\Microsoft.UI.Xaml.Phone.dll.mui
2026-09-27T19:26:26.7841189Z    Compressing: \\?\D:\a\wootc\wootc\out\branded-preview\is-IS\Microsoft.ui.xaml.dll.mui
2026-09-27T19:26:26.7845383Z    Compressing: \\?\D:\a\wootc\wootc\out\branded-preview\is-IS\Microsoft.UI.Xaml.Phone.dll.mui
2026-09-27T19:26:26.7847197Z    Compressing: \\?\D:\a\wootc\wootc\out\branded-preview\it-IT\Microsoft.ui.xaml.dll.mui
2026-09-27T19:26:26.7850411Z    Compressing: \\?\D:\a\wootc\wootc\out\branded-preview\it-IT\Microsoft.UI.Xaml.Phone.dll.mui
2026-09-27T19:26:26.7852465Z    Compressing: \\?\D:\a\wootc\wootc\out\branded-preview\ja-JP\Microsoft.ui.xaml.dll.mui
2026-09-27T19:26:26.7855126Z    Compressing: \\?\D:\a\wootc\wootc\out\branded-preview\ja-JP\Microsoft.UI.Xaml.Phone.dll.mui
2026-09-27T19:26:26.7856831Z    Compressing: \\?\D:\a\wootc\wootc\out\branded-preview\ka-GE\Microsoft.ui.xaml.dll.mui
2026-09-27T19:26:26.7859965Z    Compressing: \\?\D:\a\wootc\wootc\out\branded-preview\ka-GE\Microsoft.UI.Xaml.Phone.dll.mui
2026-09-27T19:26:26.7861991Z    Compressing: \\?\D:\a\wootc\wootc\out\branded-preview\kk-KZ\Microsoft.ui.xaml.dll.mui
2026-09-27T19:26:26.7865793Z    Compressing: \\?\D:\a\wootc\wootc\out\branded-preview\kk-KZ\Microsoft.UI.Xaml.Phone.dll.mui
2026-09-27T19:26:26.7867437Z    Compressing: \\?\D:\a\wootc\wootc\out\branded-preview\km-KH\Microsoft.ui.xaml.dll.mui
2026-09-27T19:26:26.7870380Z    Compressing: \\?\D:\a\wootc\wootc\out\branded-preview\km-KH\Microsoft.UI.Xaml.Phone.dll.mui
2026-09-27T19:26:26.7872102Z    Compressing: \\?\D:\a\wootc\wootc\out\branded-preview\kn-IN\Microsoft.ui.xaml.dll.mui
2026-09-27T19:26:26.7875239Z    Compressing: \\?\D:\a\wootc\wootc\out\branded-preview\kn-IN\Microsoft.UI.Xaml.Phone.dll.mui
2026-09-27T19:26:26.7877285Z    Compressing: \\?\D:\a\wootc\wootc\out\branded-preview\ko-KR\Microsoft.ui.xaml.dll.mui
2026-09-27T19:26:26.7879876Z    Compressing: \\?\D:\a\wootc\wootc\out\branded-preview\ko-KR\Microsoft.UI.Xaml.Phone.dll.mui
2026-09-27T19:26:26.7881717Z    Compressing: \\?\D:\a\wootc\wootc\out\branded-preview\kok-IN\Microsoft.ui.xaml.dll.mui
2026-09-27T19:26:26.7885651Z    Compressing: \\?\D:\a\wootc\wootc\out\branded-preview\kok-IN\Microsoft.UI.Xaml.Phone.dll.mui
2026-09-27T19:26:26.7887178Z    Compressing: \\?\D:\a\wootc\wootc\out\branded-preview\lb-LU\Microsoft.ui.xaml.dll.mui
2026-09-27T19:26:26.7890360Z    Compressing: \\?\D:\a\wootc\wootc\out\branded-preview\lb-LU\Microsoft.UI.Xaml.Phone.dll.mui
2026-09-27T19:26:26.7892417Z    Compressing: \\?\D:\a\wootc\wootc\out\branded-preview\lo-LA\Microsoft.ui.xaml.dll.mui
2026-09-27T19:26:26.7895341Z    Compressing: \\?\D:\a\wootc\wootc\out\branded-preview\lo-LA\Microsoft.UI.Xaml.Phone.dll.mui
2026-09-27T19:26:26.7897438Z    Compressing: \\?\D:\a\wootc\wootc\out\branded-preview\lt-LT\Microsoft.ui.xaml.dll.mui
2026-09-27T19:26:26.7900238Z    Compressing: \\?\D:\a\wootc\wootc\out\branded-preview\lt-LT\Microsoft.UI.Xaml.Phone.dll.mui
2026-09-27T19:26:26.7902740Z    Compressing: \\?\D:\a\wootc\wootc\out\branded-preview\lv-LV\Microsoft.ui.xaml.dll.mui
2026-09-27T19:26:26.7905795Z    Compressing: \\?\D:\a\wootc\wootc\out\branded-preview\lv-LV\Microsoft.UI.Xaml.Phone.dll.mui
2026-09-27T19:26:26.7907718Z    Compressing: \\?\D:\a\wootc\wootc\out\branded-preview\mi-NZ\Microsoft.ui.xaml.dll.mui
2026-09-27T19:26:26.7910952Z    Compressing: \\?\D:\a\wootc\wootc\out\branded-preview\mi-NZ\Microsoft.UI.Xaml.Phone.dll.mui
2026-09-27T19:26:26.7912825Z    Compressing: \\?\D:\a\wootc\wootc\out\branded-preview\Microsoft.UI.Xaml\Assets\map.html
2026-09-27T19:26:26.7916156Z    Compressing: \\?\D:\a\wootc\wootc\out\branded-preview\Microsoft.UI.Xaml\Assets\NoiseAsset_256x256_PNG.png
2026-09-27T19:26:26.7917161Z    Compressing: \\?\D:\a\wootc\wootc\out\branded-preview\mk-MK\Microsoft.ui.xaml.dll.mui
2026-09-27T19:26:26.7920518Z    Compressing: \\?\D:\a\wootc\wootc\out\branded-preview\mk-MK\Microsoft.UI.Xaml.Phone.dll.mui
2026-09-27T19:26:26.7922678Z    Compressing: \\?\D:\a\wootc\wootc\out\branded-preview\ml-IN\Microsoft.ui.xaml.dll.mui
2026-09-27T19:26:26.7926099Z    Compressing: \\?\D:\a\wootc\wootc\out\branded-preview\ml-IN\Microsoft.UI.Xaml.Phone.dll.mui
2026-09-27T19:26:26.7928218Z    Compressing: \\?\D:\a\wootc\wootc\out\branded-preview\mr-IN\Microsoft.ui.xaml.dll.mui
2026-09-27T19:26:26.7931309Z    Compressing: \\?\D:\a\wootc\wootc\out\branded-preview\mr-IN\Microsoft.UI.Xaml.Phone.dll.mui
2026-09-27T19:26:26.7933070Z    Compressing: \\?\D:\a\wootc\wootc\out\branded-preview\ms-MY\Microsoft.ui.xaml.dll.mui
2026-09-27T19:26:26.7936037Z    Compressing: \\?\D:\a\wootc\wootc\out\branded-preview\ms-MY\Microsoft.UI.Xaml.Phone.dll.mui
2026-09-27T19:26:26.7937819Z    Compressing: \\?\D:\a\wootc\wootc\out\branded-preview\mt-MT\Microsoft.ui.xaml.dll.mui
2026-09-27T19:26:26.7940987Z    Compressing: \\?\D:\a\wootc\wootc\out\branded-preview\mt-MT\Microsoft.UI.Xaml.Phone.dll.mui
2026-09-27T19:26:26.7943632Z    Compressing: \\?\D:\a\wootc\wootc\out\branded-preview\nb-NO\Microsoft.ui.xaml.dll.mui
2026-09-27T19:26:26.7946278Z    Compressing: \\?\D:\a\wootc\wootc\out\branded-preview\nb-NO\Microsoft.UI.Xaml.Phone.dll.mui
2026-09-27T19:26:26.7948144Z    Compressing: \\?\D:\a\wootc\wootc\out\branded-preview\ne-NP\Microsoft.ui.xaml.dll.mui
2026-09-27T19:26:26.7951149Z    Compressing: \\?\D:\a\wootc\wootc\out\branded-preview\ne-NP\Microsoft.UI.Xaml.Phone.dll.mui
2026-09-27T19:26:26.7952942Z    Compressing: \\?\D:\a\wootc\wootc\out\branded-preview\nl-NL\Microsoft.ui.xaml.dll.mui
2026-09-27T19:26:26.7956117Z    Compressing: \\?\D:\a\wootc\wootc\out\branded-preview\nl-NL\Microsoft.UI.Xaml.Phone.dll.mui
2026-09-27T19:26:26.7958253Z    Compressing: \\?\D:\a\wootc\wootc\out\branded-preview\nn-NO\Microsoft.ui.xaml.dll.mui
2026-09-27T19:26:26.7961170Z    Compressing: \\?\D:\a\wootc\wootc\out\branded-preview\nn-NO\Microsoft.UI.Xaml.Phone.dll.mui
2026-09-27T19:26:26.7963366Z    Compressing: \\?\D:\a\wootc\wootc\out\branded-preview\or-IN\Microsoft.ui.xaml.dll.mui
2026-09-27T19:26:26.7966651Z    Compressing: \\?\D:\a\wootc\wootc\out\branded-preview\or-IN\Microsoft.UI.Xaml.Phone.dll.mui
2026-09-27T19:26:26.7968739Z    Compressing: \\?\D:\a\wootc\wootc\out\branded-preview\pa-IN\Microsoft.ui.xaml.dll.mui
2026-09-27T19:26:26.7971792Z    Compressing: \\?\D:\a\wootc\wootc\out\branded-preview\pa-IN\Microsoft.UI.Xaml.Phone.dll.mui
2026-09-27T19:26:26.7973510Z    Compressing: \\?\D:\a\wootc\wootc\out\branded-preview\pl-PL\Microsoft.ui.xaml.dll.mui
2026-09-27T19:26:26.7976638Z    Compressing: \\?\D:\a\wootc\wootc\out\branded-preview\pl-PL\Microsoft.UI.Xaml.Phone.dll.mui
2026-09-27T19:26:26.7978384Z    Compressing: \\?\D:\a\wootc\wootc\out\branded-preview\pt-BR\Microsoft.ui.xaml.dll.mui
2026-09-27T19:26:26.7981808Z    Compressing: \\?\D:\a\wootc\wootc\out\branded-preview\pt-BR\Microsoft.UI.Xaml.Phone.dll.mui
2026-09-27T19:26:26.7984230Z    Compressing: \\?\D:\a\wootc\wootc\out\branded-preview\pt-PT\Microsoft.ui.xaml.dll.mui
2026-09-27T19:26:26.7987074Z    Compressing: \\?\D:\a\wootc\wootc\out\branded-preview\pt-PT\Microsoft.UI.Xaml.Phone.dll.mui
2026-09-27T19:26:26.7989031Z    Compressing: \\?\D:\a\wootc\wootc\out\branded-preview\quz-PE\Microsoft.ui.xaml.dll.mui
2026-09-27T19:26:26.7992402Z    Compressing: \\?\D:\a\wootc\wootc\out\branded-preview\quz-PE\Microsoft.UI.Xaml.Phone.dll.mui
2026-09-27T19:26:26.7994164Z    Compressing: \\?\D:\a\wootc\wootc\out\branded-preview\ro-RO\Microsoft.ui.xaml.dll.mui
2026-09-27T19:26:26.7997387Z    Compressing: \\?\D:\a\wootc\wootc\out\branded-preview\ro-RO\Microsoft.UI.Xaml.Phone.dll.mui
2026-09-27T19:26:26.7999577Z    Compressing: \\?\D:\a\wootc\wootc\out\branded-preview\ru-RU\Microsoft.ui.xaml.dll.mui
2026-09-27T19:26:26.8002774Z    Compressing: \\?\D:\a\wootc\wootc\out\branded-preview\ru-RU\Microsoft.UI.Xaml.Phone.dll.mui
2026-09-27T19:26:26.8005355Z    Compressing: \\?\D:\a\wootc\wootc\out\branded-preview\sk-SK\Microsoft.ui.xaml.dll.mui
2026-09-27T19:26:26.8008884Z    Compressing: \\?\D:\a\wootc\wootc\out\branded-preview\sk-SK\Microsoft.UI.Xaml.Phone.dll.mui
2026-09-27T19:26:26.8012113Z    Compressing: \\?\D:\a\wootc\wootc\out\branded-preview\sl-SI\Microsoft.ui.xaml.dll.mui
2026-09-27T19:26:26.8015714Z    Compressing: \\?\D:\a\wootc\wootc\out\branded-preview\sl-SI\Microsoft.UI.Xaml.Phone.dll.mui
2026-09-27T19:26:26.8018667Z    Compressing: \\?\D:\a\wootc\wootc\out\branded-preview\sq-AL\Microsoft.ui.xaml.dll.mui
2026-09-27T19:26:26.8023670Z    Compressing: \\?\D:\a\wootc\wootc\out\branded-preview\sq-AL\Microsoft.UI.Xaml.Phone.dll.mui
2026-09-27T19:26:26.8027017Z    Compressing: \\?\D:\a\wootc\wootc\out\branded-preview\sr-Cyrl-BA\Microsoft.ui.xaml.dll.mui
2026-09-27T19:26:26.8031450Z    Compressing: \\?\D:\a\wootc\wootc\out\branded-preview\sr-Cyrl-BA\Microsoft.UI.Xaml.Phone.dll.mui
2026-09-27T19:26:26.8034126Z    Compressing: \\?\D:\a\wootc\wootc\out\branded-preview\sr-Cyrl-RS\Microsoft.ui.xaml.dll.mui
2026-09-27T19:26:26.8038082Z    Compressing: \\?\D:\a\wootc\wootc\out\branded-preview\sr-Cyrl-RS\Microsoft.UI.Xaml.Phone.dll.mui
2026-09-27T19:26:26.8040749Z    Compressing: \\?\D:\a\wootc\wootc\out\branded-preview\sr-Latn-RS\Microsoft.ui.xaml.dll.mui
2026-09-27T19:26:26.8045019Z    Compressing: \\?\D:\a\wootc\wootc\out\branded-preview\sr-Latn-RS\Microsoft.UI.Xaml.Phone.dll.mui
2026-09-27T19:26:26.8047733Z    Compressing: \\?\D:\a\wootc\wootc\out\branded-preview\sv-SE\Microsoft.ui.xaml.dll.mui
2026-09-27T19:26:26.8051988Z    Compressing: \\?\D:\a\wootc\wootc\out\branded-preview\sv-SE\Microsoft.UI.Xaml.Phone.dll.mui
2026-09-27T19:26:26.8054578Z    Compressing: \\?\D:\a\wootc\wootc\out\branded-preview\ta-IN\Microsoft.ui.xaml.dll.mui
2026-09-27T19:26:26.8058503Z    Compressing: \\?\D:\a\wootc\wootc\out\branded-preview\ta-IN\Microsoft.UI.Xaml.Phone.dll.mui
2026-09-27T19:26:26.8061273Z    Compressing: \\?\D:\a\wootc\wootc\out\branded-preview\te-IN\Microsoft.ui.xaml.dll.mui
2026-09-27T19:26:26.8065717Z    Compressing: \\?\D:\a\wootc\wootc\out\branded-preview\te-IN\Microsoft.UI.Xaml.Phone.dll.mui
2026-09-27T19:26:26.8068429Z    Compressing: \\?\D:\a\wootc\wootc\out\branded-preview\th-TH\Microsoft.ui.xaml.dll.mui
2026-09-27T19:26:26.8072228Z    Compressing: \\?\D:\a\wootc\wootc\out\branded-preview\th-TH\Microsoft.UI.Xaml.Phone.dll.mui
2026-09-27T19:26:26.8074927Z    Compressing: \\?\D:\a\wootc\wootc\out\branded-preview\tr-TR\Microsoft.ui.xaml.dll.mui
2026-09-27T19:26:26.8078734Z    Compressing: \\?\D:\a\wootc\wootc\out\branded-preview\tr-TR\Microsoft.UI.Xaml.Phone.dll.mui
2026-09-27T19:26:26.8081464Z    Compressing: \\?\D:\a\wootc\wootc\out\branded-preview\tt-RU\Microsoft.ui.xaml.dll.mui
2026-09-27T19:26:26.8085703Z    Compressing: \\?\D:\a\wootc\wootc\out\branded-preview\tt-RU\Microsoft.UI.Xaml.Phone.dll.mui
2026-09-27T19:26:26.8088344Z    Compressing: \\?\D:\a\wootc\wootc\out\branded-preview\ug-CN\Microsoft.ui.xaml.dll.mui
2026-09-27T19:26:26.8092826Z    Compressing: \\?\D:\a\wootc\wootc\out\branded-preview\ug-CN\Microsoft.UI.Xaml.Phone.dll.mui
2026-09-27T19:26:26.8094597Z    Compressing: \\?\D:\a\wootc\wootc\out\branded-preview\uk-UA\Microsoft.ui.xaml.dll.mui
2026-09-27T19:26:26.8098177Z    Compressing: \\?\D:\a\wootc\wootc\out\branded-preview\uk-UA\Microsoft.UI.Xaml.Phone.dll.mui
2026-09-27T19:26:26.8101097Z    Compressing: \\?\D:\a\wootc\wootc\out\branded-preview\ur-PK\Microsoft.ui.xaml.dll.mui
2026-09-27T19:26:26.8105749Z    Compressing: \\?\D:\a\wootc\wootc\out\branded-preview\ur-PK\Microsoft.UI.Xaml.Phone.dll.mui
2026-09-27T19:26:26.8108455Z    Compressing: \\?\D:\a\wootc\wootc\out\branded-preview\uz-Latn-UZ\Microsoft.ui.xaml.dll.mui
2026-09-27T19:26:26.8113382Z    Compressing: \\?\D:\a\wootc\wootc\out\branded-preview\uz-Latn-UZ\Microsoft.UI.Xaml.Phone.dll.mui
2026-09-27T19:26:26.8116014Z    Compressing: \\?\D:\a\wootc\wootc\out\branded-preview\vi-VN\Microsoft.ui.xaml.dll.mui
2026-09-27T19:26:26.8120956Z    Compressing: \\?\D:\a\wootc\wootc\out\branded-preview\vi-VN\Microsoft.UI.Xaml.Phone.dll.mui
2026-09-27T19:26:26.8123688Z    Compressing: \\?\D:\a\wootc\wootc\out\branded-preview\zh-CN\Microsoft.ui.xaml.dll.mui
2026-09-27T19:26:26.8127502Z    Compressing: \\?\D:\a\wootc\wootc\out\branded-preview\zh-CN\Microsoft.UI.Xaml.Phone.dll.mui
2026-09-27T19:26:26.8130107Z    Compressing: \\?\D:\a\wootc\wootc\out\branded-preview\zh-TW\Microsoft.ui.xaml.dll.mui
2026-09-27T19:26:26.8133933Z    Compressing: \\?\D:\a\wootc\wootc\out\branded-preview\zh-TW\Microsoft.UI.Xaml.Phone.dll.mui
2026-09-27T19:26:27.5417538Z    Compressing Setup program executable
2026-09-27T19:26:28.0949408Z    Updating version info (Setup.exe)
2026-09-27T19:26:28.0949934Z    Updating manifest (Setup.exe)
2026-09-27T19:26:28.0951373Z 
2026-09-27T19:26:28.0954873Z 
2026-09-27T19:26:28.0955795Z Successful compile (41.969 sec). Resulting Setup program filename is:
2026-09-27T19:26:28.0956888Z D:\a\wootc\wootc\out\preview-installer\bazzite-native-preview-f6be21c25d28f5a42d083f7e34a315499a238b1f.exe
2026-09-27T19:26:38.4333127Z   Determining projects to restore...
2026-09-27T19:26:45.5953162Z   Restored D:\a\wootc\wootc\shell\Wootc.Shell.UiTests\Wootc.Shell.UiTests.csproj (in 6.86 sec).
2026-09-27T19:26:47.0100798Z   Wootc.Shell.UiTests -> D:\a\wootc\wootc\shell\Wootc.Shell.UiTests\bin\Release\net8.0-windows10.0.19041.0\Wootc.Shell.UiTests.dll
2026-09-27T19:26:47.0269038Z Test run for D:\a\wootc\wootc\shell\Wootc.Shell.UiTests\bin\Release\net8.0-windows10.0.19041.0\Wootc.Shell.UiTests.dll (.NETCoreApp,Version=v8.0)
2026-09-27T19:26:47.8346413Z A total of 1 test files matched the specified pattern.
2026-09-27T19:27:08.5644701Z [xUnit.net 00:00:18.04]     Wootc.Shell.UiTests.InstalledPreviewTests.ActualInstalledPreviewBrandAndAuthenticatedStartup [FAIL]
2026-09-27T19:27:08.6660870Z   Failed Wootc.Shell.UiTests.InstalledPreviewTests.ActualInstalledPreviewBrandAndAuthenticatedStartup [17 s]
2026-09-27T19:27:08.6661988Z   Error Message:
2026-09-27T19:27:08.6668481Z    System.InvalidOperationException : Actual configuration RPC/view unavailable; Linux configuration observation is unavailable; Stage:rpc-configuration-response; Failure:io; HResult:-2146232800; NativeCode:0; Engine:retained-running; PrimaryRpc:rpc-configuration-response; Failure:io; HResult:-2146232800; NativeCode:0; CallPhase:storage-second-query; CallMs:10015; Spans:catalogue-policy:0,final-selection:0,initial-selection:0,metadata-read:0,metadata-revalidation:0,metadata-root-audit:0,root-enumeration:0,storage-capacity:0,storage-first-query:8655,storage-identity-reread:0,storage-second-query:1358; StoragePhase:import-storage; Audit:complete; Context:deadline; Attempted:True; Started:True; Waited:True; Pid:1176; Exit:1; Deadline:True; AuditMs:7; CommandMs:1351; PrimaryStartup:none; disconnectEnabled=True; disconnectOffscreen=False
2026-09-27T19:27:08.6672359Z   Stack Trace:
2026-09-27T19:27:08.6674678Z      at Wootc.Shell.UiTests.InstalledPreviewTests.ActualInstalledPreviewBrandAndAuthenticatedStartup() in D:\a\wootc\wootc\shell\Wootc.Shell.UiTests\InstalledPreviewTests.cs:line 63
2026-09-27T19:27:08.6675695Z --- End of stack trace from previous location ---
2026-09-27T19:27:08.6857685Z Results File: D:\a\wootc\wootc\shell\Wootc.Shell.UiTests\TestResults\installed-bazzite.trx
2026-09-27T19:27:08.6861470Z 
2026-09-27T19:27:08.6913097Z Failed!  - Failed:     1, Passed:     0, Skipped:     0, Total:     1, Duration: 17 s - Wootc.Shell.UiTests.dll (net8.0)
2026-09-27T19:27:09.3212467Z [31;1mException: [0mD:\a\wootc\wootc\shell\packaging\test-installed-preview.ps1:53[0m
2026-09-27T19:27:09.3213483Z [31;1m[0m[36;1mLine |[0m
2026-09-27T19:27:09.3214540Z [31;1m[0m[36;1m[36;1m  53 | [0m … de -ne 0) { [36;1mthrow "Owned preview operation refused with exit $code"[0m } …[0m
2026-09-27T19:27:09.3216111Z [31;1m[0m[36;1m[36;1m[0m[36;1m[0m[36;1m     | [31;1m               ~~~~~~~~~~~~~~~~~~~~~~~~~~~~~~~~~~~~~~~~~~~~~~~~~~~~~~~[0m
2026-09-27T19:27:09.3217283Z [31;1m[0m[36;1m[36;1m[0m[36;1m[0m[36;1m[31;1m[31;1m[36;1m     | [31;1mOwned preview operation refused with exit 1[0m
2026-09-27T19:27:09.3471585Z ##[error]Process completed with exit code 1.
2026-09-27T19:27:09.3673354Z ##[group]Run actions/upload-artifact@v7
2026-09-27T19:27:09.3673711Z with:
2026-09-27T19:27:09.3673928Z   name: winui-preview-package-bazzite
2026-09-27T19:27:09.3674525Z   path: out/preview-installer/
out/branded-preview/native-package.json
shell/Wootc.Shell.UiTests/TestResults/*.trx

2026-09-27T19:27:09.3675076Z   if-no-files-found: error
2026-09-27T19:27:09.3675297Z   compression-level: 6
2026-09-27T19:27:09.3675500Z   overwrite: false
2026-09-27T19:27:09.3675696Z   include-hidden-files: false
2026-09-27T19:27:09.3675934Z   archive: true
2026-09-27T19:27:09.3676103Z env:
2026-09-27T19:27:09.3676279Z   DOTNET_ROOT: C:\Program Files\dotnet
2026-09-27T19:27:09.3676519Z   GOTOOLCHAIN: local
2026-09-27T19:27:09.3676704Z ##[endgroup]
2026-09-27T19:27:09.5864368Z Multiple search paths detected. Calculating the least common ancestor of all paths
2026-09-27T19:27:09.5867655Z The least common ancestor is D:\a\wootc\wootc. This will be the root directory of the artifact
2026-09-27T19:27:09.5868359Z With the provided path, there will be 4 files uploaded
2026-09-27T19:27:09.5873181Z Artifact name is valid!
2026-09-27T19:27:09.5874543Z Root directory input is valid!
2026-09-27T19:27:09.8047595Z Uploading artifact: winui-preview-package-bazzite.zip
2026-09-27T19:27:09.8104366Z Beginning upload of artifact content to blob storage
2026-09-27T19:27:10.2846649Z Uploaded bytes 8388608
2026-09-27T19:27:10.5462811Z Uploaded bytes 16777216
2026-09-27T19:27:10.7996285Z Uploaded bytes 25165824
2026-09-27T19:27:11.0651955Z Uploaded bytes 33554432
2026-09-27T19:27:11.3157978Z Uploaded bytes 41943040
2026-09-27T19:27:11.6331775Z Uploaded bytes 50331648
2026-09-27T19:27:11.8858265Z Uploaded bytes 58720256
2026-09-27T19:27:12.1107058Z Uploaded bytes 67108864
2026-09-27T19:27:12.1542572Z Uploaded bytes 68012110
2026-09-27T19:27:12.1682973Z Finished uploading artifact content to blob storage!
2026-09-27T19:27:12.1687635Z SHA256 digest of uploaded artifact is ac678bbf0c60db58c713489a0679254ccf09a7192f82532bf84320c22bca3bfa
2026-09-27T19:27:12.1690304Z Finalizing artifact upload
2026-09-27T19:27:12.3757153Z Artifact winui-preview-package-bazzite successfully finalized. Artifact ID 10939818764
2026-09-27T19:27:12.3758345Z Artifact winui-preview-package-bazzite has been successfully uploaded! Final size is 68012110 bytes. Artifact ID is 10939818764
2026-09-27T19:27:12.3769285Z Artifact download URL: https://github.com/tuna-os/wootc/actions/runs/36344171677/artifacts/10939818764
2026-09-27T19:27:12.4156145Z Post job cleanup.
2026-09-27T19:27:12.6224225Z [command]"C:\Program Files\Git\bin\git.exe" version
2026-09-27T19:27:12.6522530Z git version 2.55.0.windows.5
2026-09-27T19:27:12.6592827Z Temporarily overriding HOME='D:\a\_temp\0783f701-3f52-4933-a1d3-223785731423' before making global git config changes
2026-09-27T19:27:12.6593996Z Adding repository directory to the temporary git global config as a safe directory
2026-09-27T19:27:12.6604685Z [command]"C:\Program Files\Git\bin\git.exe" config --global --add safe.directory D:\a\wootc\wootc
2026-09-27T19:27:12.6936594Z Removing SSH command configuration
2026-09-27T19:27:12.6948967Z [command]"C:\Program Files\Git\bin\git.exe" config --local --name-only --get-regexp core\.sshCommand
2026-09-27T19:27:12.7305926Z [command]"C:\Program Files\Git\bin\git.exe" submodule foreach --recursive "sh -c \"git config --local --name-only --get-regexp 'core\.sshCommand' && git config --local --unset-all 'core.sshCommand' || :\""
2026-09-27T19:27:13.3255978Z Removing HTTP extra header
2026-09-27T19:27:13.3266362Z [command]"C:\Program Files\Git\bin\git.exe" config --local --name-only --get-regexp http\.https\:\/\/github\.com\/\.extraheader
2026-09-27T19:27:13.3596923Z [command]"C:\Program Files\Git\bin\git.exe" submodule foreach --recursive "sh -c \"git config --local --name-only --get-regexp 'http\.https\:\/\/github\.com\/\.extraheader' && git config --local --unset-all 'http.https://github.com/.extraheader' || :\""
2026-09-27T19:27:13.9404412Z Removing includeIf entries pointing to credentials config files
2026-09-27T19:27:13.9422994Z [command]"C:\Program Files\Git\bin\git.exe" config --local --name-only --get-regexp ^includeIf\.gitdir:
2026-09-27T19:27:13.9727339Z includeif.gitdir:D:/a/wootc/wootc/.git.path
2026-09-27T19:27:13.9728168Z includeif.gitdir:D:/a/wootc/wootc/.git/worktrees/*.path
2026-09-27T19:27:13.9729171Z includeif.gitdir:/github/workspace/.git.path
2026-09-27T19:27:13.9729808Z includeif.gitdir:/github/workspace/.git/worktrees/*.path
2026-09-27T19:27:13.9774620Z [command]"C:\Program Files\Git\bin\git.exe" config --local --get-all includeif.gitdir:D:/a/wootc/wootc/.git.path
2026-09-27T19:27:14.0068185Z D:\a\_temp\git-credentials-3917c627-e85d-4541-9aa1-cdbed2c376cd.config
2026-09-27T19:27:14.0117517Z [command]"C:\Program Files\Git\bin\git.exe" config --local --unset includeif.gitdir:D:/a/wootc/wootc/.git.path D\:\\a\\_temp\\git\-credentials\-3917c627\-e85d\-4541\-9aa1\-cdbed2c376cd\.config
2026-09-27T19:27:14.0505966Z [command]"C:\Program Files\Git\bin\git.exe" config --local --get-all includeif.gitdir:D:/a/wootc/wootc/.git/worktrees/*.path
2026-09-27T19:27:14.0798892Z D:\a\_temp\git-credentials-3917c627-e85d-4541-9aa1-cdbed2c376cd.config
2026-09-27T19:27:14.0846809Z [command]"C:\Program Files\Git\bin\git.exe" config --local --unset includeif.gitdir:D:/a/wootc/wootc/.git/worktrees/*.path D\:\\a\\_temp\\git\-credentials\-3917c627\-e85d\-4541\-9aa1\-cdbed2c376cd\.config
2026-09-27T19:27:14.1186471Z [command]"C:\Program Files\Git\bin\git.exe" config --local --get-all includeif.gitdir:/github/workspace/.git.path
2026-09-27T19:27:14.1474617Z /github/runner_temp/git-credentials-3917c627-e85d-4541-9aa1-cdbed2c376cd.config
2026-09-27T19:27:14.1520529Z [command]"C:\Program Files\Git\bin\git.exe" config --local --unset includeif.gitdir:/github/workspace/.git.path \/github\/runner_temp\/git\-credentials\-3917c627\-e85d\-4541\-9aa1\-cdbed2c376cd\.config
2026-09-27T19:27:14.1857240Z [command]"C:\Program Files\Git\bin\git.exe" config --local --get-all includeif.gitdir:/github/workspace/.git/worktrees/*.path
2026-09-27T19:27:14.2138407Z /github/runner_temp/git-credentials-3917c627-e85d-4541-9aa1-cdbed2c376cd.config
2026-09-27T19:27:14.2187142Z [command]"C:\Program Files\Git\bin\git.exe" config --local --unset includeif.gitdir:/github/workspace/.git/worktrees/*.path \/github\/runner_temp\/git\-credentials\-3917c627\-e85d\-4541\-9aa1\-cdbed2c376cd\.config
2026-09-27T19:27:14.2531869Z [command]"C:\Program Files\Git\bin\git.exe" submodule foreach --recursive "git config --local --show-origin --name-only --get-regexp remote.origin.url"
2026-09-27T19:27:14.8256664Z Removing credentials config 'D:\a\_temp\git-credentials-3917c627-e85d-4541-9aa1-cdbed2c376cd.config'
2026-09-27T19:27:14.8472645Z Cleaning up orphan processes
2026-09-27T19:27:14.8591734Z Terminate orphan process: pid (6816) (dotnet)
2026-09-27T19:27:14.8652368Z Terminate orphan process: pid (6824) (conhost)
2026-09-27T19:27:14.8833687Z Terminate orphan process: pid (5536) (VBCSCompiler)
2026-09-27T19:27:14.8896386Z Terminate orphan process: pid (5436) (conhost)
