=== RUN   TestAssessmentRPCObservedCancellationAndShutdown
--- PASS: TestAssessmentRPCObservedCancellationAndShutdown (0.00s)
=== RUN   TestAssessmentRPCRejectsOtherMethodsBeforeParameterAndBackendWork
--- PASS: TestAssessmentRPCRejectsOtherMethodsBeforeParameterAndBackendWork (0.00s)
=== RUN   TestServeShutdownWaitsForArmedWorkerCleanup
=== RUN   TestServeShutdownWaitsForArmedWorkerCleanup/eof
=== RUN   TestServeShutdownWaitsForArmedWorkerCleanup/shutdown
--- PASS: TestServeShutdownWaitsForArmedWorkerCleanup (0.11s)
    --- PASS: TestServeShutdownWaitsForArmedWorkerCleanup/eof (0.05s)
    --- PASS: TestServeShutdownWaitsForArmedWorkerCleanup/shutdown (0.05s)
=== RUN   TestServeDisconnectUnblocksInFlightProgressWrite
--- PASS: TestServeDisconnectUnblocksInFlightProgressWrite (0.06s)
=== RUN   TestServeAllMethodsRoundTrip
=== RUN   TestServeAllMethodsRoundTrip/GetSupportPolicy
=== RUN   TestServeAllMethodsRoundTrip/GetSystemInfo
=== RUN   TestServeAllMethodsRoundTrip/GetBranding
=== RUN   TestServeAllMethodsRoundTrip/GetImages
=== RUN   TestServeAllMethodsRoundTrip/GetSessionCandidates
=== RUN   TestServeAllMethodsRoundTrip/GetStatus
=== RUN   TestServeAllMethodsRoundTrip/CancelInstall
=== RUN   TestServeAllMethodsRoundTrip/ExistingInstallFound
=== RUN   TestServeAllMethodsRoundTrip/GetUninstallInfo
=== RUN   TestServeAllMethodsRoundTrip/GetLastRun
=== RUN   TestServeAllMethodsRoundTrip/E2EDriveDirective
=== RUN   TestServeAllMethodsRoundTrip/E2EDriveReport
=== RUN   TestServeAllMethodsRoundTrip/DefragDrive
=== RUN   TestServeAllMethodsRoundTrip/UninstallWith
=== RUN   TestServeAllMethodsRoundTrip/Reboot
=== RUN   TestServeAllMethodsRoundTrip/BootIntoLinux
=== RUN   TestServeAllMethodsRoundTrip/StartInstall
--- PASS: TestServeAllMethodsRoundTrip (0.01s)
    --- PASS: TestServeAllMethodsRoundTrip/GetSupportPolicy (0.00s)
    --- PASS: TestServeAllMethodsRoundTrip/GetSystemInfo (0.00s)
    --- PASS: TestServeAllMethodsRoundTrip/GetBranding (0.00s)
    --- PASS: TestServeAllMethodsRoundTrip/GetImages (0.00s)
    --- PASS: TestServeAllMethodsRoundTrip/GetSessionCandidates (0.00s)
    --- PASS: TestServeAllMethodsRoundTrip/GetStatus (0.00s)
    --- PASS: TestServeAllMethodsRoundTrip/CancelInstall (0.00s)
    --- PASS: TestServeAllMethodsRoundTrip/ExistingInstallFound (0.00s)
    --- PASS: TestServeAllMethodsRoundTrip/GetUninstallInfo (0.00s)
    --- PASS: TestServeAllMethodsRoundTrip/GetLastRun (0.00s)
    --- PASS: TestServeAllMethodsRoundTrip/E2EDriveDirective (0.00s)
    --- PASS: TestServeAllMethodsRoundTrip/E2EDriveReport (0.00s)
    --- PASS: TestServeAllMethodsRoundTrip/DefragDrive (0.00s)
    --- PASS: TestServeAllMethodsRoundTrip/UninstallWith (0.00s)
    --- PASS: TestServeAllMethodsRoundTrip/Reboot (0.00s)
    --- PASS: TestServeAllMethodsRoundTrip/BootIntoLinux (0.00s)
    --- PASS: TestServeAllMethodsRoundTrip/StartInstall (0.00s)
PASS
ok  	wootc	0.194s
