2026-09-27T15:10:59.1687471Z Current runner version: '2.337.0'
2026-09-27T15:10:59.1904008Z ##[group]Runner Image Provisioner
2026-09-27T15:10:59.1905087Z Hosted Compute Agent
2026-09-27T15:10:59.1905712Z Version: 20260828.587
2026-09-27T15:10:59.1906679Z Commit: abac92662cab4cc7352de4f9f9d2e2419aad9c29
2026-09-27T15:10:59.1907558Z Build Date: 2026-08-28T16:44:25Z
2026-09-27T15:10:59.1908391Z Worker ID: {0f871c5e-f7d9-47d4-af4d-6ae5d9d47f36}
2026-09-27T15:10:59.1909113Z Azure Region: centralus
2026-09-27T15:10:59.1909643Z ##[endgroup]
2026-09-27T15:10:59.1911242Z ##[group]Operating System
2026-09-27T15:10:59.1911876Z Microsoft Windows Server 2025
2026-09-27T15:10:59.1912478Z 10.0.26100
2026-09-27T15:10:59.1912947Z Datacenter
2026-09-27T15:10:59.1913428Z ##[endgroup]
2026-09-27T15:10:59.1913911Z ##[group]Runner Image
2026-09-27T15:10:59.1914474Z Image: windows-2025-vs2026
2026-09-27T15:10:59.1915052Z Version: 20260922.246.2
2026-09-27T15:10:59.1916619Z Included Software: https://github.com/actions/runner-images/blob/win25-vs2026/20260922.246/images/windows/Windows2025-VS2026-Readme.md
2026-09-27T15:10:59.1918273Z Image Release: https://github.com/actions/runner-images/releases/tag/win25-vs2026%2F20260922.246
2026-09-27T15:10:59.1919228Z ##[endgroup]
2026-09-27T15:10:59.1920241Z ##[group]GITHUB_TOKEN Permissions
2026-09-27T15:10:59.1922180Z Contents: read
2026-09-27T15:10:59.1922729Z Metadata: read
2026-09-27T15:10:59.1923248Z ##[endgroup]
2026-09-27T15:10:59.1925376Z Secret source: Actions
2026-09-27T15:10:59.1926252Z Cache mode: write
2026-09-27T15:10:59.1927375Z Prepare workflow directory
2026-09-27T15:10:59.2830341Z Prepare all required actions
2026-09-27T15:10:59.2895057Z Getting action download info
2026-09-27T15:10:59.5602998Z Download action repository 'actions/checkout@v7' (SHA:3d3c42e5aac5ba805825da76410c181273ba90b1)
2026-09-27T15:10:59.7260324Z Download action repository 'actions/setup-dotnet@v6' (SHA:a98b56852c35b8e3190ac28c8c2271da59106c68)
2026-09-27T15:11:00.6724557Z Download action repository 'actions/setup-go@v7' (SHA:b7ad1dad31e06c5925ef5d2fc7ad053ef454303e)
2026-09-27T15:11:01.8919293Z Download action repository 'actions/upload-artifact@v7' (SHA:043fb46d1a93c77aae656e7c1c64a875d1fc6a0a)
2026-09-27T15:11:02.4620989Z Complete job name: Branded preview package (aurora)
2026-09-27T15:11:03.1394465Z ##[group]Run actions/checkout@v7
2026-09-27T15:11:03.1396146Z with:
2026-09-27T15:11:03.1396728Z   repository: tuna-os/wootc
2026-09-27T15:11:03.1401134Z   token: ***
2026-09-27T15:11:03.1401760Z   ssh-strict: true
2026-09-27T15:11:03.1402343Z   ssh-user: git
2026-09-27T15:11:03.1402906Z   persist-credentials: true
2026-09-27T15:11:03.1403573Z   clean: true
2026-09-27T15:11:03.1404190Z   sparse-checkout-cone-mode: true
2026-09-27T15:11:03.1404909Z   fetch-depth: 1
2026-09-27T15:11:03.1405523Z   fetch-tags: false
2026-09-27T15:11:03.1406060Z   show-progress: true
2026-09-27T15:11:03.1406667Z   lfs: false
2026-09-27T15:11:03.1407312Z   submodules: false
2026-09-27T15:11:03.1407879Z   set-safe-directory: true
2026-09-27T15:11:03.1408531Z   allow-unsafe-pr-checkout: false
2026-09-27T15:11:03.1409693Z ##[endgroup]
2026-09-27T15:11:03.3795776Z Syncing repository: tuna-os/wootc
2026-09-27T15:11:03.3799017Z ##[group]Getting Git version info
2026-09-27T15:11:03.3800164Z Working directory is 'D:\a\wootc\wootc'
2026-09-27T15:11:03.5444574Z [command]"C:\Program Files\Git\bin\git.exe" version
2026-09-27T15:11:03.9652231Z git version 2.55.0.windows.5
2026-09-27T15:11:03.9806680Z ##[endgroup]
2026-09-27T15:11:03.9817003Z Temporarily overriding HOME='D:\a\_temp\a38614a0-e782-42fc-8f6b-b31860599c88' before making global git config changes
2026-09-27T15:11:03.9818812Z Adding repository directory to the temporary git global config as a safe directory
2026-09-27T15:11:03.9852919Z [command]"C:\Program Files\Git\bin\git.exe" config --global --add safe.directory D:\a\wootc\wootc
2026-09-27T15:11:04.1568582Z Deleting the contents of 'D:\a\wootc\wootc'
2026-09-27T15:11:04.1684993Z ##[group]Determining repository object format
2026-09-27T15:11:04.1694728Z ##[endgroup]
2026-09-27T15:11:04.1699016Z ##[group]Initializing the repository
2026-09-27T15:11:04.1703301Z [command]"C:\Program Files\Git\bin\git.exe" init D:\a\wootc\wootc
2026-09-27T15:11:04.3846212Z Initialized empty Git repository in D:/a/wootc/wootc/.git/
2026-09-27T15:11:04.3925961Z [command]"C:\Program Files\Git\bin\git.exe" remote add origin https://github.com/tuna-os/wootc
2026-09-27T15:11:04.6073399Z ##[endgroup]
2026-09-27T15:11:04.6074505Z ##[group]Disabling automatic garbage collection
2026-09-27T15:11:04.6085792Z [command]"C:\Program Files\Git\bin\git.exe" config --local gc.auto 0
2026-09-27T15:11:04.6639081Z ##[endgroup]
2026-09-27T15:11:04.6640292Z ##[group]Setting up auth
2026-09-27T15:11:04.6641326Z Removing SSH command configuration
2026-09-27T15:11:04.6657015Z [command]"C:\Program Files\Git\bin\git.exe" config --local --name-only --get-regexp core\.sshCommand
2026-09-27T15:11:04.7226143Z [command]"C:\Program Files\Git\bin\git.exe" submodule foreach --recursive "sh -c \"git config --local --name-only --get-regexp 'core\.sshCommand' && git config --local --unset-all 'core.sshCommand' || :\""
2026-09-27T15:11:07.1036750Z Removing HTTP extra header
2026-09-27T15:11:07.1046168Z [command]"C:\Program Files\Git\bin\git.exe" config --local --name-only --get-regexp http\.https\:\/\/github\.com\/\.extraheader
2026-09-27T15:11:07.3084918Z [command]"C:\Program Files\Git\bin\git.exe" submodule foreach --recursive "sh -c \"git config --local --name-only --get-regexp 'http\.https\:\/\/github\.com\/\.extraheader' && git config --local --unset-all 'http.https://github.com/.extraheader' || :\""
2026-09-27T15:11:09.2424553Z Removing includeIf entries pointing to credentials config files
2026-09-27T15:11:09.2463625Z [command]"C:\Program Files\Git\bin\git.exe" config --local --name-only --get-regexp ^includeIf\.gitdir:
2026-09-27T15:11:09.4487843Z [command]"C:\Program Files\Git\bin\git.exe" submodule foreach --recursive "git config --local --show-origin --name-only --get-regexp remote.origin.url"
2026-09-27T15:11:10.5965701Z [command]"C:\Program Files\Git\bin\git.exe" config --file D:\a\_temp\git-credentials-cdc9bd40-b28c-44d0-81c0-c3a209a17fcd.config http.https://github.com/.extraheader "AUTHORIZATION: basic ***"
2026-09-27T15:11:10.7356475Z [command]"C:\Program Files\Git\bin\git.exe" config --local includeIf.gitdir:D:/a/wootc/wootc/.git.path D:\a\_temp\git-credentials-cdc9bd40-b28c-44d0-81c0-c3a209a17fcd.config
2026-09-27T15:11:10.8282091Z [command]"C:\Program Files\Git\bin\git.exe" config --local includeIf.gitdir:D:/a/wootc/wootc/.git/worktrees/*.path D:\a\_temp\git-credentials-cdc9bd40-b28c-44d0-81c0-c3a209a17fcd.config
2026-09-27T15:11:10.9355708Z [command]"C:\Program Files\Git\bin\git.exe" config --local includeIf.gitdir:/github/workspace/.git.path /github/runner_temp/git-credentials-cdc9bd40-b28c-44d0-81c0-c3a209a17fcd.config
2026-09-27T15:11:11.0353865Z [command]"C:\Program Files\Git\bin\git.exe" config --local includeIf.gitdir:/github/workspace/.git/worktrees/*.path /github/runner_temp/git-credentials-cdc9bd40-b28c-44d0-81c0-c3a209a17fcd.config
2026-09-27T15:11:11.1203541Z ##[endgroup]
2026-09-27T15:11:11.1207330Z ##[group]Fetching the repository
2026-09-27T15:11:11.1214348Z [command]"C:\Program Files\Git\bin\git.exe" -c protocol.version=2 fetch --no-tags --prune --no-recurse-submodules --depth=1 origin +68e6f4520bbd57bd24854cc92d96561bcae92a61:refs/remotes/pull/493/merge
2026-09-27T15:11:13.0778269Z From https://github.com/tuna-os/wootc
2026-09-27T15:11:13.0779327Z  * [new ref]         68e6f4520bbd57bd24854cc92d96561bcae92a61 -> pull/493/merge
2026-09-27T15:11:13.0895486Z ##[endgroup]
2026-09-27T15:11:13.0896308Z ##[group]Determining the checkout info
2026-09-27T15:11:13.0897690Z ##[endgroup]
2026-09-27T15:11:13.0911198Z [command]"C:\Program Files\Git\bin\git.exe" sparse-checkout disable
2026-09-27T15:11:13.2917175Z [command]"C:\Program Files\Git\bin\git.exe" config --local --unset-all extensions.worktreeConfig
2026-09-27T15:11:13.4876323Z ##[group]Checking out the ref
2026-09-27T15:11:13.4887781Z [command]"C:\Program Files\Git\bin\git.exe" checkout --progress --force refs/remotes/pull/493/merge
2026-09-27T15:11:14.1106905Z Note: switching to 'refs/remotes/pull/493/merge'.
2026-09-27T15:11:14.1107474Z 
2026-09-27T15:11:14.1111481Z You are in 'detached HEAD' state. You can look around, make experimental
2026-09-27T15:11:14.1112345Z changes and commit them, and you can discard any commits you make in this
2026-09-27T15:11:14.1113153Z state without impacting any branches by switching back to a branch.
2026-09-27T15:11:14.1113613Z 
2026-09-27T15:11:14.1113990Z If you want to create a new branch to retain commits you create, you may
2026-09-27T15:11:14.1114772Z do so (now or later) by using -c with the switch command. Example:
2026-09-27T15:11:14.1115211Z 
2026-09-27T15:11:14.1115369Z   git switch -c <new-branch-name>
2026-09-27T15:11:14.1115714Z 
2026-09-27T15:11:14.1115861Z Or undo this operation with:
2026-09-27T15:11:14.1116166Z 
2026-09-27T15:11:14.1116294Z   git switch -
2026-09-27T15:11:14.1116491Z 
2026-09-27T15:11:14.1116849Z Turn off this advice by setting config variable advice.detachedHead to false
2026-09-27T15:11:14.1117404Z 
2026-09-27T15:11:14.1118080Z HEAD is now at 68e6f45 Merge 7aee354e4e62fafa86c0d4b03ebe133f010162c7 into ce6818fb465d1cf8e9ffff4113d5b46ca5059d18
2026-09-27T15:11:14.1280039Z ##[endgroup]
2026-09-27T15:11:14.3077650Z [command]"C:\Program Files\Git\bin\git.exe" log -1 --format=%H
2026-09-27T15:11:14.4293960Z 68e6f4520bbd57bd24854cc92d96561bcae92a61
2026-09-27T15:11:14.5359661Z ##[group]Run actions/setup-dotnet@v6
2026-09-27T15:11:14.5360015Z with:
2026-09-27T15:11:14.5360218Z   global-json-file: shell/global.json
2026-09-27T15:11:14.5360481Z   cache: false
2026-09-27T15:11:14.5360654Z ##[endgroup]
2026-09-27T15:11:14.9727738Z [command]"C:\Program Files\PowerShell\7\pwsh.exe" -NoLogo -Sta -NoProfile -NonInteractive -ExecutionPolicy Unrestricted -Command & 'D:\a\_actions\actions\setup-dotnet\v6\externals\install-dotnet.ps1' -SkipNonVersionedFiles -Runtime dotnet -Channel LTS
2026-09-27T15:11:17.3063550Z dotnet-install: .NET Core Runtime with version '10.0.12' is already installed.
2026-09-27T15:11:17.5217441Z [command]"C:\Program Files\PowerShell\7\pwsh.exe" -NoLogo -Sta -NoProfile -NonInteractive -ExecutionPolicy Unrestricted -Command & 'D:\a\_actions\actions\setup-dotnet\v6\externals\install-dotnet.ps1' -SkipNonVersionedFiles -Version 8.0.425
2026-09-27T15:11:18.8326206Z dotnet-install: .NET Core SDK with version '8.0.425' is already installed.
2026-09-27T15:11:18.9861591Z ##[group]Run actions/setup-go@v7
2026-09-27T15:11:18.9862145Z with:
2026-09-27T15:11:18.9862485Z   go-version-file: app/go.mod
2026-09-27T15:11:18.9862920Z   check-latest: false
2026-09-27T15:11:18.9867424Z   token: ***
2026-09-27T15:11:18.9867781Z   cache: true
2026-09-27T15:11:18.9868098Z env:
2026-09-27T15:11:18.9868417Z   DOTNET_ROOT: C:\Program Files\dotnet
2026-09-27T15:11:18.9868877Z ##[endgroup]
2026-09-27T15:11:19.2447852Z Setup go version spec 1.26.0
2026-09-27T15:11:19.2464479Z Attempting to download 1.26.0...
2026-09-27T15:11:19.9886153Z matching 1.26.0...
2026-09-27T15:11:19.9901868Z Acquiring 1.26.0 from https://github.com/actions/go-versions/releases/download/1.26.0-21889650668/go-1.26.0-win32-x64.zip
2026-09-27T15:11:20.7240377Z Extracting Go...
2026-09-27T15:11:20.8536958Z [command]"C:\Program Files\PowerShell\7\pwsh.exe" -NoLogo -NoProfile -NonInteractive -ExecutionPolicy Unrestricted -Command "$ErrorActionPreference = 'Stop' ; try { Add-Type -AssemblyName System.IO.Compression.ZipFile } catch { } ; try { [System.IO.Compression.ZipFile]::ExtractToDirectory('D:\a\_temp\go-1.26.0-win32-x64.zip', 'D:\a\_temp\9cb7cc61-64ae-4e73-9a22-ae0598b7e483', $true) } catch { if (($_.Exception.GetType().FullName -eq 'System.Management.Automation.MethodException') -or ($_.Exception.GetType().FullName -eq 'System.Management.Automation.RuntimeException') ){ Expand-Archive -LiteralPath 'D:\a\_temp\go-1.26.0-win32-x64.zip' -DestinationPath 'D:\a\_temp\9cb7cc61-64ae-4e73-9a22-ae0598b7e483' -Force } else { throw $_ } } ;"
2026-09-27T15:11:26.2711310Z Successfully extracted go to D:\a\_temp\9cb7cc61-64ae-4e73-9a22-ae0598b7e483
2026-09-27T15:11:26.2712082Z Adding to the cache ...
2026-09-27T15:11:37.7363978Z Created link C:\hostedtoolcache\windows\go\1.26.0\x64 => D:\hostedtoolcache\windows\go\1.26.0\x64
2026-09-27T15:11:37.7368034Z Created link C:\hostedtoolcache\windows\go\1.26.0\x64.complete => D:\hostedtoolcache\windows\go\1.26.0\x64.complete
2026-09-27T15:11:37.7368776Z Successfully cached go to C:\hostedtoolcache\windows\go\1.26.0\x64
2026-09-27T15:11:37.7375189Z Added go to the path
2026-09-27T15:11:37.7377313Z Successfully set up Go version 1.26.0
2026-09-27T15:11:38.2308928Z [command]C:\hostedtoolcache\windows\go\1.26.0\x64\bin\go.exe env GOMODCACHE
2026-09-27T15:11:38.2363184Z [command]C:\hostedtoolcache\windows\go\1.26.0\x64\bin\go.exe env GOCACHE
2026-09-27T15:11:38.2621795Z C:\Users\runneradmin\go\pkg\mod
2026-09-27T15:11:38.2651927Z C:\Users\runneradmin\AppData\Local\go-build
2026-09-27T15:11:38.2705210Z ##[warning]Restore cache failed: Dependencies file is not found in D:\a\wootc\wootc. Supported file pattern: go.mod
2026-09-27T15:11:38.2717906Z go version go1.26.0 windows/amd64
2026-09-27T15:11:38.2718111Z 
2026-09-27T15:11:38.2718387Z ##[group]go env
2026-09-27T15:11:42.9910446Z set AR=ar
2026-09-27T15:11:42.9910806Z set CC=gcc
2026-09-27T15:11:42.9911253Z set CGO_CFLAGS=-O2 -g
2026-09-27T15:11:42.9911669Z set CGO_CPPFLAGS=
2026-09-27T15:11:42.9912065Z set CGO_CXXFLAGS=-O2 -g
2026-09-27T15:11:42.9912421Z set CGO_ENABLED=1
2026-09-27T15:11:42.9912740Z set CGO_FFLAGS=-O2 -g
2026-09-27T15:11:42.9913096Z set CGO_LDFLAGS=-O2 -g
2026-09-27T15:11:42.9913394Z set CXX=g++
2026-09-27T15:11:42.9913672Z set GCCGO=gccgo
2026-09-27T15:11:42.9913881Z set GO111MODULE=
2026-09-27T15:11:42.9914072Z set GOAMD64=v1
2026-09-27T15:11:42.9914265Z set GOARCH=amd64
2026-09-27T15:11:42.9914441Z set GOAUTH=netrc
2026-09-27T15:11:42.9914624Z set GOBIN=
2026-09-27T15:11:42.9914977Z set GOCACHE=C:\Users\runneradmin\AppData\Local\go-build
2026-09-27T15:11:42.9915297Z set GOCACHEPROG=
2026-09-27T15:11:42.9915478Z set GODEBUG=
2026-09-27T15:11:42.9915736Z set GOENV=C:\Users\runneradmin\AppData\Roaming\go\env
2026-09-27T15:11:42.9916022Z set GOEXE=.exe
2026-09-27T15:11:42.9916227Z set GOEXPERIMENT=
2026-09-27T15:11:42.9916426Z set GOFIPS140=off
2026-09-27T15:11:42.9916601Z set GOFLAGS=
2026-09-27T15:11:42.9920269Z set GOGCCFLAGS=-m64 -mthreads -Wl,--no-gc-sections -fmessage-length=0 -ffile-prefix-map=C:\Users\RUNNER~1\AppData\Local\Temp\go-build2884440781=/tmp/go-build -gno-record-gcc-switches
2026-09-27T15:11:42.9921180Z set GOHOSTARCH=amd64
2026-09-27T15:11:42.9921809Z set GOHOSTOS=windows
2026-09-27T15:11:42.9922039Z set GOINSECURE=
2026-09-27T15:11:42.9922227Z set GOMOD=NUL
2026-09-27T15:11:42.9922479Z set GOMODCACHE=C:\Users\runneradmin\go\pkg\mod
2026-09-27T15:11:42.9922758Z set GONOPROXY=
2026-09-27T15:11:42.9922954Z set GONOSUMDB=
2026-09-27T15:11:42.9923121Z set GOOS=windows
2026-09-27T15:11:42.9923340Z set GOPATH=C:\Users\runneradmin\go
2026-09-27T15:11:42.9923610Z set GOPRIVATE=
2026-09-27T15:11:42.9923929Z set GOPROXY=https://proxy.golang.org,direct
2026-09-27T15:11:42.9924291Z set GOROOT=C:\hostedtoolcache\windows\go\1.26.0\x64
2026-09-27T15:11:42.9924602Z set GOSUMDB=sum.golang.org
2026-09-27T15:11:42.9924830Z set GOTELEMETRY=local
2026-09-27T15:11:42.9925166Z set GOTELEMETRYDIR=C:\Users\runneradmin\AppData\Roaming\go\telemetry
2026-09-27T15:11:42.9925534Z set GOTMPDIR=
2026-09-27T15:11:42.9925733Z set GOTOOLCHAIN=local
2026-09-27T15:11:42.9926100Z set GOTOOLDIR=C:\hostedtoolcache\windows\go\1.26.0\x64\pkg\tool\windows_amd64
2026-09-27T15:11:42.9926469Z set GOVCS=
2026-09-27T15:11:42.9926657Z set GOVERSION=go1.26.0
2026-09-27T15:11:42.9926843Z set GOWORK=
2026-09-27T15:11:42.9927043Z set PKG_CONFIG=pkg-config
2026-09-27T15:11:42.9927192Z 
2026-09-27T15:11:42.9927767Z ##[endgroup]
2026-09-27T15:11:43.0302450Z ##[group]Run dotnet publish shell/Wootc.Shell/Wootc.Shell.csproj --configuration Release --runtime win-x64 -p:Platform=x64 -p:NativeBuildId=68e6f4520bbd57bd24854cc92d96561bcae92a61 -p:NativeBrandId=aurora --output out/branded-preview
2026-09-27T15:11:43.0304331Z [36;1mdotnet publish shell/Wootc.Shell/Wootc.Shell.csproj --configuration Release --runtime win-x64 -p:Platform=x64 -p:NativeBuildId=68e6f4520bbd57bd24854cc92d96561bcae92a61 -p:NativeBrandId=aurora --output out/branded-preview[0m
2026-09-27T15:11:43.0305648Z [36;1mif ($LASTEXITCODE -ne 0) { throw 'Branded native publish refused' }[0m
2026-09-27T15:11:43.0306143Z [36;1mNew-Item -ItemType Directory -Force app/frontend/dist | Out-Null[0m
2026-09-27T15:11:43.0306735Z [36;1mSet-Content app/frontend/dist/index.html '<!doctype html><title>Native engine preview</title>'[0m
2026-09-27T15:11:43.0307220Z [36;1mPush-Location app[0m
2026-09-27T15:11:43.0308048Z [36;1mtry { go build -ldflags "-X main.nativeBuildID=68e6f4520bbd57bd24854cc92d96561bcae92a61 -X main.brandID=aurora" -o ../out/branded-preview/wootc-engine.exe . } finally { Pop-Location }[0m
2026-09-27T15:11:43.0308961Z [36;1mif ($LASTEXITCODE -ne 0) { throw 'Branded engine build refused' }[0m
2026-09-27T15:11:43.0810054Z shell: C:\Program Files\PowerShell\7\pwsh.EXE -command ". '{0}'"
2026-09-27T15:11:43.0810514Z env:
2026-09-27T15:11:43.0810759Z   DOTNET_ROOT: C:\Program Files\dotnet
2026-09-27T15:11:43.0811084Z   GOTOOLCHAIN: local
2026-09-27T15:11:43.0811326Z ##[endgroup]
2026-09-27T15:11:51.7158387Z   Determining projects to restore...
2026-09-27T15:11:53.8630599Z   Restored D:\a\wootc\wootc\shell\Wootc.Shell.Core\Wootc.Shell.Core.csproj (in 244 ms).
2026-09-27T15:11:57.0863744Z   Restored D:\a\wootc\wootc\shell\Wootc.Shell.Native\Wootc.Shell.Native.csproj (in 3.22 sec).
2026-09-27T15:12:23.6210530Z   Restored D:\a\wootc\wootc\shell\Wootc.Shell\Wootc.Shell.csproj (in 30.16 sec).
2026-09-27T15:12:31.0878016Z   Wootc.Shell.Core -> D:\a\wootc\wootc\shell\Wootc.Shell.Core\bin\x64\Release\net8.0\Wootc.Shell.Core.dll
2026-09-27T15:12:32.5352985Z   Wootc.Shell.Native -> D:\a\wootc\wootc\shell\Wootc.Shell.Native\bin\x64\Release\net8.0-windows10.0.19041.0\Wootc.Shell.Native.dll
2026-09-27T15:12:51.6082667Z   Wootc.Shell -> D:\a\wootc\wootc\shell\Wootc.Shell\bin\x64\Release\net8.0-windows10.0.19041.0\win-x64\Wootc.Shell.dll
2026-09-27T15:12:53.6418408Z   Wootc.Shell -> D:\a\wootc\wootc\out\branded-preview\
2026-09-27T15:12:54.3629391Z go: downloading github.com/tredoe/osutil v1.5.0
2026-09-27T15:12:54.3683134Z go: downloading github.com/wailsapp/wails/v2 v2.16.0
2026-09-27T15:12:57.1738286Z go: downloading golang.org/x/sys v0.48.0
2026-09-27T15:12:57.1739051Z go: downloading golang.org/x/crypto v0.57.0
2026-09-27T15:12:57.1740100Z go: downloading golang.org/x/mod v0.41.0
2026-09-27T15:12:58.0635083Z go: downloading github.com/leaanthony/u v1.1.1
2026-09-27T15:12:58.0660023Z go: downloading github.com/leaanthony/slicer v1.6.0
2026-09-27T15:12:58.1202512Z go: downloading github.com/leaanthony/go-ansi-parser v1.6.1
2026-09-27T15:12:58.1229729Z go: downloading github.com/pkg/errors v0.9.1
2026-09-27T15:12:58.1330965Z go: downloading github.com/wailsapp/go-webview2 v1.0.22
2026-09-27T15:12:58.2258510Z go: downloading github.com/rivo/uniseg v0.4.7
2026-09-27T15:13:18.2768003Z ##[group]Run ./shell/packaging/test-installed-preview.ps1 -BrandId 'aurora' -BuildId '68e6f4520bbd57bd24854cc92d96561bcae92a61' -PackageDirectory out/branded-preview -OutputDirectory out/preview-installer
2026-09-27T15:13:18.2769611Z [36;1m./shell/packaging/test-installed-preview.ps1 -BrandId 'aurora' -BuildId '68e6f4520bbd57bd24854cc92d96561bcae92a61' -PackageDirectory out/branded-preview -OutputDirectory out/preview-installer[0m
2026-09-27T15:13:18.2850617Z shell: C:\Program Files\PowerShell\7\pwsh.EXE -command ". '{0}'"
2026-09-27T15:13:18.2851016Z env:
2026-09-27T15:13:18.2851235Z   DOTNET_ROOT: C:\Program Files\dotnet
2026-09-27T15:13:18.2851521Z   GOTOOLCHAIN: local
2026-09-27T15:13:18.2853079Z ##[endgroup]
2026-09-27T15:13:19.1892291Z PASS actual root-reparse mutant accepts unsafe path; exact source restored and refuses it
2026-09-27T15:13:19.2320764Z PASS actual manifest writer, exclusive preservation, missing resources, wrong brand, root/child reparse refusals
2026-09-27T15:13:21.0109767Z PASS actual uninstaller observation: retained timeout, changed identity, directory, missing, later removal
2026-09-27T15:13:24.3937834Z Inno Setup 7 Command-Line Compiler
2026-09-27T15:13:24.3940940Z Copyright (C) 1997-2026 Jordan Russell. All rights reserved.
2026-09-27T15:13:24.3941837Z Portions Copyright (C) 2000-2026 Martijn Laan. All rights reserved.
2026-09-27T15:13:24.3942712Z Portions Copyright (C) 2001-2004 Alex Yackimoff. All rights reserved.
2026-09-27T15:13:24.3943383Z https://www.innosetup.com
2026-09-27T15:13:24.3943627Z 
2026-09-27T15:13:24.4164343Z Compiler engine version: Inno Setup 7.1.0
2026-09-27T15:13:24.4165609Z Non-commercial use only
2026-09-27T15:13:24.4165953Z 
2026-09-27T15:13:24.4357856Z Preprocessing
2026-09-27T15:13:24.4360679Z    Reading file: C:\Users\RUNNER~1\AppData\Local\Temp\wootc-preview-packaging-4994f76f834f4d30b27dc8fa08802e5e\compiler\ISPPBuiltins.iss
2026-09-27T15:13:24.4371007Z Parsing [Setup] section, line 21
2026-09-27T15:13:24.4371545Z Parsing [Setup] section, line 22
2026-09-27T15:13:24.4371989Z Parsing [Setup] section, line 23
2026-09-27T15:13:24.4372477Z Parsing [Setup] section, line 24
2026-09-27T15:13:24.4372952Z Parsing [Setup] section, line 25
2026-09-27T15:13:24.4373455Z Parsing [Setup] section, line 26
2026-09-27T15:13:24.4373952Z Parsing [Setup] section, line 27
2026-09-27T15:13:24.4374356Z Parsing [Setup] section, line 28
2026-09-27T15:13:24.4374828Z Parsing [Setup] section, line 29
2026-09-27T15:13:24.4375291Z Parsing [Setup] section, line 30
2026-09-27T15:13:24.4375802Z Parsing [Setup] section, line 31
2026-09-27T15:13:24.4376272Z Parsing [Setup] section, line 32
2026-09-27T15:13:24.4376777Z Parsing [Setup] section, line 33
2026-09-27T15:13:24.4377254Z Parsing [Setup] section, line 34
2026-09-27T15:13:24.4377703Z Parsing [Setup] section, line 35
2026-09-27T15:13:24.4378154Z Parsing [Setup] section, line 36
2026-09-27T15:13:24.4378602Z Parsing [Setup] section, line 37
2026-09-27T15:13:24.4379066Z Parsing [Setup] section, line 38
2026-09-27T15:13:24.4379512Z Parsing [Setup] section, line 39
2026-09-27T15:13:24.4379891Z Reading file (WizardImageFile)
2026-09-27T15:13:24.4380218Z Reading file (WizardSmallImageFile)
2026-09-27T15:13:24.4380559Z Preparing Setup program executable
2026-09-27T15:13:24.4747508Z    Verification successful
2026-09-27T15:13:24.4774999Z    Updating icons (Setup.e32)
2026-09-27T15:13:24.4865064Z    Updating version info (Setup.e32)
2026-09-27T15:13:24.4880580Z Determining language code pages
2026-09-27T15:13:24.4881572Z    Reading file: C:\Users\RUNNER~1\AppData\Local\Temp\wootc-preview-packaging-4994f76f834f4d30b27dc8fa08802e5e\compiler\Default.isl
2026-09-27T15:13:24.4886762Z    Messages in script file
2026-09-27T15:13:24.4887255Z Reading default messages from Default.isl
2026-09-27T15:13:24.4894028Z Parsing [LangOptions], [Messages], and [CustomMessages] sections
2026-09-27T15:13:24.4898927Z    Reading file: C:\Users\RUNNER~1\AppData\Local\Temp\wootc-preview-packaging-4994f76f834f4d30b27dc8fa08802e5e\compiler\Default.isl
2026-09-27T15:13:24.4900213Z    Messages in script file
2026-09-27T15:13:24.4900640Z Reading [Code] section
2026-09-27T15:13:24.4901050Z Parsing [Icons] section, line 45
2026-09-27T15:13:24.4901515Z Parsing [Files] section, line 42
2026-09-27T15:13:24.4978158Z Compiling [Code] section
2026-09-27T15:13:24.5042208Z Creating setup files
2026-09-27T15:13:24.5126005Z    Verification successful
2026-09-27T15:13:24.5134348Z    Updating icons (Setup.exe)
2026-09-27T15:13:24.5164902Z    Compressing: \\?\D:\a\wootc\wootc\out\branded-preview\clretwrc.dll
2026-09-27T15:13:24.5199595Z    Compressing: \\?\D:\a\wootc\wootc\out\branded-preview\clrgc.dll
2026-09-27T15:13:24.5263487Z    Compressing: \\?\D:\a\wootc\wootc\out\branded-preview\clrjit.dll
2026-09-27T15:13:24.5435155Z    Compressing: \\?\D:\a\wootc\wootc\out\branded-preview\coreclr.dll
2026-09-27T15:13:24.5923632Z    Compressing: \\?\D:\a\wootc\wootc\out\branded-preview\CoreMessagingXP.dll
2026-09-27T15:13:24.6054263Z    Compressing: \\?\D:\a\wootc\wootc\out\branded-preview\createdump.exe
2026-09-27T15:13:24.6062193Z    Compressing: \\?\D:\a\wootc\wootc\out\branded-preview\dcompi.dll
2026-09-27T15:13:24.6380082Z    Compressing: \\?\D:\a\wootc\wootc\out\branded-preview\DirectML.dll
2026-09-27T15:13:28.8124269Z    Compressing: \\?\D:\a\wootc\wootc\out\branded-preview\dwmcorei.dll
2026-09-27T15:13:28.8399831Z    Compressing: \\?\D:\a\wootc\wootc\out\branded-preview\DwmSceneI.dll
2026-09-27T15:13:29.5952997Z    Compressing: \\?\D:\a\wootc\wootc\out\branded-preview\DWriteCore.dll
2026-09-27T15:13:29.6330311Z    Compressing: \\?\D:\a\wootc\wootc\out\branded-preview\hostfxr.dll
2026-09-27T15:13:29.6365434Z    Compressing: \\?\D:\a\wootc\wootc\out\branded-preview\hostpolicy.dll
2026-09-27T15:13:29.6407053Z    Compressing: \\?\D:\a\wootc\wootc\out\branded-preview\marshal.dll
2026-09-27T15:13:29.6484956Z    Compressing: \\?\D:\a\wootc\wootc\out\branded-preview\Microsoft.Asg.SemanticIndex.AiFabric.Compatibility.dll
2026-09-27T15:13:30.5724736Z    Compressing: \\?\D:\a\wootc\wootc\out\branded-preview\Microsoft.CSharp.dll
2026-09-27T15:13:30.5844842Z    Compressing: \\?\D:\a\wootc\wootc\out\branded-preview\Microsoft.DiaSymReader.Native.amd64.dll
2026-09-27T15:13:31.6417327Z    Compressing: \\?\D:\a\wootc\wootc\out\branded-preview\Microsoft.DirectManipulation.dll
2026-09-27T15:13:31.6479839Z    Compressing: \\?\D:\a\wootc\wootc\out\branded-preview\Microsoft.Foundation.winmd
2026-09-27T15:13:31.6482019Z    Compressing: \\?\D:\a\wootc\wootc\out\branded-preview\Microsoft.Graphics.Display.dll
2026-09-27T15:13:31.6504147Z    Compressing: \\?\D:\a\wootc\wootc\out\branded-preview\Microsoft.Graphics.Imaging.dll
2026-09-27T15:13:31.6518253Z    Compressing: \\?\D:\a\wootc\wootc\out\branded-preview\Microsoft.Graphics.Imaging.Projection.dll
2026-09-27T15:13:31.6521723Z    Compressing: \\?\D:\a\wootc\wootc\out\branded-preview\Microsoft.Graphics.Imaging.winmd
2026-09-27T15:13:31.6524025Z    Compressing: \\?\D:\a\wootc\wootc\out\branded-preview\Microsoft.Graphics.ImagingInternal.ImageObjectRemover.winmd
2026-09-27T15:13:31.6525605Z    Compressing: \\?\D:\a\wootc\wootc\out\branded-preview\Microsoft.Graphics.ImagingInternal.winmd
2026-09-27T15:13:31.6528568Z    Compressing: \\?\D:\a\wootc\wootc\out\branded-preview\Microsoft.Graphics.Internal.Imaging.winmd
2026-09-27T15:13:31.6531192Z    Compressing: \\?\D:\a\wootc\wootc\out\branded-preview\Microsoft.Graphics.winmd
2026-09-27T15:13:31.6534045Z    Compressing: \\?\D:\a\wootc\wootc\out\branded-preview\Microsoft.InputStateManager.dll
2026-09-27T15:13:31.6578753Z    Compressing: \\?\D:\a\wootc\wootc\out\branded-preview\Microsoft.InteractiveExperiences.Projection.dll
2026-09-27T15:13:32.6974743Z    Compressing: \\?\D:\a\wootc\wootc\out\branded-preview\Microsoft.Internal.FrameworkUdk.dll
2026-09-27T15:13:32.7081806Z    Compressing: \\?\D:\a\wootc\wootc\out\branded-preview\Microsoft.ML.OnnxRuntime.dll
2026-09-27T15:13:32.7107814Z    Compressing: \\?\D:\a\wootc\wootc\out\branded-preview\Microsoft.Security.Authentication.OAuth.Projection.dll
2026-09-27T15:13:32.7116091Z    Compressing: \\?\D:\a\wootc\wootc\out\branded-preview\Microsoft.Security.Authentication.OAuth.winmd
2026-09-27T15:13:32.7120065Z    Compressing: \\?\D:\a\wootc\wootc\out\branded-preview\Microsoft.UI.Composition.OSSupport.dll
2026-09-27T15:13:32.7128496Z    Compressing: \\?\D:\a\wootc\wootc\out\branded-preview\Microsoft.UI.Designer.dll
2026-09-27T15:13:32.7141801Z    Compressing: \\?\D:\a\wootc\wootc\out\branded-preview\Microsoft.UI.dll
2026-09-27T15:13:32.7168079Z    Compressing: \\?\D:\a\wootc\wootc\out\branded-preview\Microsoft.UI.Input.dll
2026-09-27T15:13:32.7323397Z    Compressing: \\?\D:\a\wootc\wootc\out\branded-preview\Microsoft.UI.pri
2026-09-27T15:13:32.7333048Z    Compressing: \\?\D:\a\wootc\wootc\out\branded-preview\Microsoft.UI.Text.winmd
2026-09-27T15:13:32.7336992Z    Compressing: \\?\D:\a\wootc\wootc\out\branded-preview\Microsoft.UI.Windowing.Core.dll
2026-09-27T15:13:32.7400504Z    Compressing: \\?\D:\a\wootc\wootc\out\branded-preview\Microsoft.UI.Windowing.dll
2026-09-27T15:13:32.7487892Z    Compressing: \\?\D:\a\wootc\wootc\out\branded-preview\Microsoft.UI.winmd
2026-09-27T15:13:33.5697299Z    Compressing: \\?\D:\a\wootc\wootc\out\branded-preview\Microsoft.UI.Xaml.Controls.dll
2026-09-27T15:13:34.6599392Z    Compressing: \\?\D:\a\wootc\wootc\out\branded-preview\Microsoft.UI.Xaml.Controls.pri
2026-09-27T15:13:34.6776860Z    Compressing: \\?\D:\a\wootc\wootc\out\branded-preview\Microsoft.ui.xaml.dll
2026-09-27T15:13:38.1242437Z    Compressing: \\?\D:\a\wootc\wootc\out\branded-preview\Microsoft.UI.Xaml.Internal.dll
2026-09-27T15:13:39.0248541Z    Compressing: \\?\D:\a\wootc\wootc\out\branded-preview\Microsoft.UI.Xaml.Phone.dll
2026-09-27T15:13:39.0355701Z    Compressing: \\?\D:\a\wootc\wootc\out\branded-preview\Microsoft.ui.xaml.resources.19h1.dll
2026-09-27T15:13:39.0461860Z    Compressing: \\?\D:\a\wootc\wootc\out\branded-preview\Microsoft.ui.xaml.resources.common.dll
2026-09-27T15:13:39.0467424Z    Compressing: \\?\D:\a\wootc\wootc\out\branded-preview\Microsoft.UI.Xaml.winmd
2026-09-27T15:13:39.0631934Z    Compressing: \\?\D:\a\wootc\wootc\out\branded-preview\Microsoft.VisualBasic.Core.dll
2026-09-27T15:13:39.7917988Z    Compressing: \\?\D:\a\wootc\wootc\out\branded-preview\Microsoft.VisualBasic.dll
2026-09-27T15:13:39.7921068Z    Compressing: \\?\D:\a\wootc\wootc\out\branded-preview\Microsoft.Web.WebView2.Core.dll
2026-09-27T15:13:39.8015680Z    Compressing: \\?\D:\a\wootc\wootc\out\branded-preview\Microsoft.Web.WebView2.Core.Projection.dll
2026-09-27T15:13:39.8123445Z    Compressing: \\?\D:\a\wootc\wootc\out\branded-preview\Microsoft.Win32.Primitives.dll
2026-09-27T15:13:39.8125812Z    Compressing: \\?\D:\a\wootc\wootc\out\branded-preview\Microsoft.Win32.Registry.dll
2026-09-27T15:13:39.8139425Z    Compressing: \\?\D:\a\wootc\wootc\out\branded-preview\Microsoft.Windows.AI.AICapabilities.dll
2026-09-27T15:13:39.8151817Z    Compressing: \\?\D:\a\wootc\wootc\out\branded-preview\Microsoft.Windows.AI.ContentModerationInternal.winmd
2026-09-27T15:13:39.8153277Z    Compressing: \\?\D:\a\wootc\wootc\out\branded-preview\Microsoft.Windows.AI.ContentSafety.dll
2026-09-27T15:13:39.8165428Z    Compressing: \\?\D:\a\wootc\wootc\out\branded-preview\Microsoft.Windows.AI.ContentSafety.Projection.dll
2026-09-27T15:13:39.8169602Z    Compressing: \\?\D:\a\wootc\wootc\out\branded-preview\Microsoft.Windows.AI.ContentSafety.winmd
2026-09-27T15:13:39.8172033Z    Compressing: \\?\D:\a\wootc\wootc\out\branded-preview\Microsoft.Windows.AI.Foundation.Projection.dll
2026-09-27T15:13:39.8175131Z    Compressing: \\?\D:\a\wootc\wootc\out\branded-preview\Microsoft.Windows.AI.Foundation.winmd
2026-09-27T15:13:39.8178055Z    Compressing: \\?\D:\a\wootc\wootc\out\branded-preview\Microsoft.Windows.AI.FoundationInternal.winmd
2026-09-27T15:13:39.8179751Z    Compressing: \\?\D:\a\wootc\wootc\out\branded-preview\Microsoft.Windows.AI.GenerativeInternal.winmd
2026-09-27T15:13:39.8182874Z    Compressing: \\?\D:\a\wootc\wootc\out\branded-preview\Microsoft.Windows.AI.Imaging.dll
2026-09-27T15:13:39.8255198Z    Compressing: \\?\D:\a\wootc\wootc\out\branded-preview\Microsoft.Windows.AI.Imaging.Projection.dll
2026-09-27T15:13:39.8264319Z    Compressing: \\?\D:\a\wootc\wootc\out\branded-preview\Microsoft.Windows.AI.Imaging.winmd
2026-09-27T15:13:39.8266685Z    Compressing: \\?\D:\a\wootc\wootc\out\branded-preview\Microsoft.Windows.AI.MachineLearning.dll
2026-09-27T15:13:39.8364044Z    Compressing: \\?\D:\a\wootc\wootc\out\branded-preview\Microsoft.Windows.AI.MachineLearning.Projection.dll
2026-09-27T15:13:39.8376088Z    Compressing: \\?\D:\a\wootc\wootc\out\branded-preview\Microsoft.Windows.AI.Projection.dll
2026-09-27T15:13:39.8380563Z    Compressing: \\?\D:\a\wootc\wootc\out\branded-preview\Microsoft.Windows.AI.Search.Experimental.dll
2026-09-27T15:13:40.5804751Z    Compressing: \\?\D:\a\wootc\wootc\out\branded-preview\Microsoft.Windows.AI.Text.dll
2026-09-27T15:13:40.5898636Z    Compressing: \\?\D:\a\wootc\wootc\out\branded-preview\Microsoft.Windows.AI.Text.Projection.dll
2026-09-27T15:13:40.5915699Z    Compressing: \\?\D:\a\wootc\wootc\out\branded-preview\Microsoft.Windows.AI.Text.winmd
2026-09-27T15:13:40.5919063Z    Compressing: \\?\D:\a\wootc\wootc\out\branded-preview\Microsoft.Windows.AI.Video.dll
2026-09-27T15:13:40.5976457Z    Compressing: \\?\D:\a\wootc\wootc\out\branded-preview\Microsoft.Windows.AI.Video.Projection.dll
2026-09-27T15:13:40.5981294Z    Compressing: \\?\D:\a\wootc\wootc\out\branded-preview\Microsoft.Windows.AI.Video.winmd
2026-09-27T15:13:40.5983600Z    Compressing: \\?\D:\a\wootc\wootc\out\branded-preview\Microsoft.Windows.AI.winmd
2026-09-27T15:13:40.5986323Z    Compressing: \\?\D:\a\wootc\wootc\out\branded-preview\Microsoft.Windows.ApplicationModel.Background.Projection.dll
2026-09-27T15:13:40.5989753Z    Compressing: \\?\D:\a\wootc\wootc\out\branded-preview\Microsoft.Windows.ApplicationModel.Background.UniversalBGTask.dll
2026-09-27T15:13:40.6001108Z    Compressing: \\?\D:\a\wootc\wootc\out\branded-preview\Microsoft.Windows.ApplicationModel.Background.UniversalBGTask.winmd
2026-09-27T15:13:40.6003480Z    Compressing: \\?\D:\a\wootc\wootc\out\branded-preview\Microsoft.Windows.ApplicationModel.Background.winmd
2026-09-27T15:13:40.6005957Z    Compressing: \\?\D:\a\wootc\wootc\out\branded-preview\Microsoft.Windows.ApplicationModel.DynamicDependency.Projection.dll
2026-09-27T15:13:40.6011706Z    Compressing: \\?\D:\a\wootc\wootc\out\branded-preview\Microsoft.Windows.ApplicationModel.DynamicDependency.winmd
2026-09-27T15:13:40.6014067Z    Compressing: \\?\D:\a\wootc\wootc\out\branded-preview\Microsoft.Windows.ApplicationModel.Resources.dll
2026-09-27T15:13:40.6030808Z    Compressing: \\?\D:\a\wootc\wootc\out\branded-preview\Microsoft.Windows.ApplicationModel.Resources.Projection.dll
2026-09-27T15:13:40.6038227Z    Compressing: \\?\D:\a\wootc\wootc\out\branded-preview\Microsoft.Windows.ApplicationModel.Resources.winmd
2026-09-27T15:13:40.6040940Z    Compressing: \\?\D:\a\wootc\wootc\out\branded-preview\Microsoft.Windows.ApplicationModel.WindowsAppRuntime.Projection.dll
2026-09-27T15:13:40.6046362Z    Compressing: \\?\D:\a\wootc\wootc\out\branded-preview\Microsoft.Windows.ApplicationModel.WindowsAppRuntime.winmd
2026-09-27T15:13:40.6049114Z    Compressing: \\?\D:\a\wootc\wootc\out\branded-preview\Microsoft.Windows.AppLifecycle.Projection.dll
2026-09-27T15:13:40.6053646Z    Compressing: \\?\D:\a\wootc\wootc\out\branded-preview\Microsoft.Windows.AppLifecycle.winmd
2026-09-27T15:13:40.6056936Z    Compressing: \\?\D:\a\wootc\wootc\out\branded-preview\Microsoft.Windows.AppNotifications.Builder.Projection.dll
2026-09-27T15:13:40.6064098Z    Compressing: \\?\D:\a\wootc\wootc\out\branded-preview\Microsoft.Windows.AppNotifications.Builder.winmd
2026-09-27T15:13:40.6067324Z    Compressing: \\?\D:\a\wootc\wootc\out\branded-preview\Microsoft.Windows.AppNotifications.Projection.dll
2026-09-27T15:13:40.6075333Z    Compressing: \\?\D:\a\wootc\wootc\out\branded-preview\Microsoft.Windows.AppNotifications.winmd
2026-09-27T15:13:40.6077021Z    Compressing: \\?\D:\a\wootc\wootc\out\branded-preview\Microsoft.Windows.BadgeNotifications.Projection.dll
2026-09-27T15:13:40.6080951Z    Compressing: \\?\D:\a\wootc\wootc\out\branded-preview\Microsoft.Windows.BadgeNotifications.winmd
2026-09-27T15:13:40.6083100Z    Compressing: \\?\D:\a\wootc\wootc\out\branded-preview\Microsoft.Windows.Foundation.Projection.dll
2026-09-27T15:13:40.6086906Z    Compressing: \\?\D:\a\wootc\wootc\out\branded-preview\Microsoft.Windows.Foundation.winmd
2026-09-27T15:13:40.6089955Z    Compressing: \\?\D:\a\wootc\wootc\out\branded-preview\Microsoft.Windows.Globalization.winmd
2026-09-27T15:13:40.6092530Z    Compressing: \\?\D:\a\wootc\wootc\out\branded-preview\Microsoft.Windows.ImageCreationInternal.winmd
2026-09-27T15:13:40.6095511Z    Compressing: \\?\D:\a\wootc\wootc\out\branded-preview\Microsoft.Windows.Internal.AI.ContentModeration.winmd
2026-09-27T15:13:40.6098025Z    Compressing: \\?\D:\a\wootc\wootc\out\branded-preview\Microsoft.Windows.Internal.AI.Generative.winmd
2026-09-27T15:13:40.6101520Z    Compressing: \\?\D:\a\wootc\wootc\out\branded-preview\Microsoft.Windows.Internal.ImageCreation.winmd
2026-09-27T15:13:40.6103654Z    Compressing: \\?\D:\a\wootc\wootc\out\branded-preview\Microsoft.Windows.Internal.SemanticSearch.winmd
2026-09-27T15:13:40.6106428Z    Compressing: \\?\D:\a\wootc\wootc\out\branded-preview\Microsoft.Windows.Internal.Vision.winmd
2026-09-27T15:13:40.6108589Z    Compressing: \\?\D:\a\wootc\wootc\out\branded-preview\Microsoft.Windows.Management.Deployment.Projection.dll
2026-09-27T15:13:40.6125936Z    Compressing: \\?\D:\a\wootc\wootc\out\branded-preview\Microsoft.Windows.Management.Deployment.winmd
2026-09-27T15:13:40.6131077Z    Compressing: \\?\D:\a\wootc\wootc\out\branded-preview\Microsoft.Windows.Media.Capture.Projection.dll
2026-09-27T15:13:40.6136279Z    Compressing: \\?\D:\a\wootc\wootc\out\branded-preview\Microsoft.Windows.Media.Capture.winmd
2026-09-27T15:13:40.6138458Z    Compressing: \\?\D:\a\wootc\wootc\out\branded-preview\Microsoft.Windows.Private.Workloads.SessionManager.winmd
2026-09-27T15:13:40.6140515Z    Compressing: \\?\D:\a\wootc\wootc\out\branded-preview\Microsoft.Windows.PrivateCommon.winmd
2026-09-27T15:13:40.6142932Z    Compressing: \\?\D:\a\wootc\wootc\out\branded-preview\Microsoft.Windows.PushNotifications.Projection.dll
2026-09-27T15:13:40.6148343Z    Compressing: \\?\D:\a\wootc\wootc\out\branded-preview\Microsoft.Windows.PushNotifications.winmd
2026-09-27T15:13:40.6150048Z    Compressing: \\?\D:\a\wootc\wootc\out\branded-preview\Microsoft.Windows.SDK.NET.dll
2026-09-27T15:13:44.7079489Z    Compressing: \\?\D:\a\wootc\wootc\out\branded-preview\Microsoft.Windows.Search.dll
2026-09-27T15:13:45.4336874Z    Compressing: \\?\D:\a\wootc\wootc\out\branded-preview\Microsoft.Windows.Search.Projection.dll
2026-09-27T15:13:45.4355181Z    Compressing: \\?\D:\a\wootc\wootc\out\branded-preview\Microsoft.Windows.Search.winmd
2026-09-27T15:13:45.4359997Z    Compressing: \\?\D:\a\wootc\wootc\out\branded-preview\Microsoft.Windows.Security.AccessControl.Projection.dll
2026-09-27T15:13:45.4362852Z    Compressing: \\?\D:\a\wootc\wootc\out\branded-preview\Microsoft.Windows.Security.AccessControl.winmd
2026-09-27T15:13:45.4364897Z    Compressing: \\?\D:\a\wootc\wootc\out\branded-preview\Microsoft.Windows.SemanticSearch.winmd
2026-09-27T15:13:45.4367295Z    Compressing: \\?\D:\a\wootc\wootc\out\branded-preview\Microsoft.Windows.SemanticSearchInternal.winmd
2026-09-27T15:13:45.4370202Z    Compressing: \\?\D:\a\wootc\wootc\out\branded-preview\Microsoft.Windows.Storage.Pickers.Projection.dll
2026-09-27T15:13:45.4377265Z    Compressing: \\?\D:\a\wootc\wootc\out\branded-preview\Microsoft.Windows.Storage.Pickers.winmd
2026-09-27T15:13:45.4379890Z    Compressing: \\?\D:\a\wootc\wootc\out\branded-preview\Microsoft.Windows.Storage.Projection.dll
2026-09-27T15:13:45.4384260Z    Compressing: \\?\D:\a\wootc\wootc\out\branded-preview\Microsoft.Windows.Storage.winmd
2026-09-27T15:13:45.4387770Z    Compressing: \\?\D:\a\wootc\wootc\out\branded-preview\Microsoft.Windows.System.Power.Projection.dll
2026-09-27T15:13:45.4390672Z    Compressing: \\?\D:\a\wootc\wootc\out\branded-preview\Microsoft.Windows.System.Power.winmd
2026-09-27T15:13:45.4392919Z    Compressing: \\?\D:\a\wootc\wootc\out\branded-preview\Microsoft.Windows.System.Projection.dll
2026-09-27T15:13:45.4395951Z    Compressing: \\?\D:\a\wootc\wootc\out\branded-preview\Microsoft.Windows.System.winmd
2026-09-27T15:13:45.4397839Z    Compressing: \\?\D:\a\wootc\wootc\out\branded-preview\Microsoft.Windows.Vision.winmd
2026-09-27T15:13:45.4399753Z    Compressing: \\?\D:\a\wootc\wootc\out\branded-preview\Microsoft.Windows.VisionInternal.winmd
2026-09-27T15:13:45.4401812Z    Compressing: \\?\D:\a\wootc\wootc\out\branded-preview\Microsoft.Windows.Widgets.dll
2026-09-27T15:13:45.4673370Z    Compressing: \\?\D:\a\wootc\wootc\out\branded-preview\Microsoft.Windows.Widgets.Projection.dll
2026-09-27T15:13:46.2035453Z    Compressing: \\?\D:\a\wootc\wootc\out\branded-preview\Microsoft.Windows.Widgets.winmd
2026-09-27T15:13:46.2041864Z    Compressing: \\?\D:\a\wootc\wootc\out\branded-preview\Microsoft.Windows.Workloads.dll
2026-09-27T15:13:46.2102276Z    Compressing: \\?\D:\a\wootc\wootc\out\branded-preview\Microsoft.Windows.Workloads.pri
2026-09-27T15:13:46.2103629Z    Compressing: \\?\D:\a\wootc\wootc\out\branded-preview\Microsoft.Windows.Workloads.Resources.dll
2026-09-27T15:13:46.2120588Z    Compressing: \\?\D:\a\wootc\wootc\out\branded-preview\Microsoft.Windows.Workloads.Resources_ec.dll
2026-09-27T15:13:46.2137230Z    Compressing: \\?\D:\a\wootc\wootc\out\branded-preview\Microsoft.Windows.Workloads.winmd
2026-09-27T15:13:46.2140108Z    Compressing: \\?\D:\a\wootc\wootc\out\branded-preview\Microsoft.WindowsAppRuntime.Bootstrap.dll
2026-09-27T15:13:46.2179514Z    Compressing: \\?\D:\a\wootc\wootc\out\branded-preview\Microsoft.WindowsAppRuntime.Bootstrap.Net.dll
2026-09-27T15:13:46.2182617Z    Compressing: \\?\D:\a\wootc\wootc\out\branded-preview\Microsoft.WindowsAppRuntime.dll
2026-09-27T15:13:46.2473291Z    Compressing: \\?\D:\a\wootc\wootc\out\branded-preview\Microsoft.WindowsAppRuntime.pri
2026-09-27T15:13:46.2474389Z    Compressing: \\?\D:\a\wootc\wootc\out\branded-preview\Microsoft.WinUI.dll
2026-09-27T15:13:47.7976435Z    Compressing: \\?\D:\a\wootc\wootc\out\branded-preview\MRM.dll
2026-09-27T15:13:47.8004220Z    Compressing: \\?\D:\a\wootc\wootc\out\branded-preview\mscordaccore.dll
2026-09-27T15:13:47.8131505Z    Compressing: \\?\D:\a\wootc\wootc\out\branded-preview\mscordaccore_amd64_amd64_8.0.3126.42015.dll
2026-09-27T15:13:47.8264334Z    Compressing: \\?\D:\a\wootc\wootc\out\branded-preview\mscordbi.dll
2026-09-27T15:13:48.5103368Z    Compressing: \\?\D:\a\wootc\wootc\out\branded-preview\mscorlib.dll
2026-09-27T15:13:48.5111793Z    Compressing: \\?\D:\a\wootc\wootc\out\branded-preview\mscorrc.dll
2026-09-27T15:13:48.5131899Z    Compressing: \\?\D:\a\wootc\wootc\out\branded-preview\msquic.dll
2026-09-27T15:13:48.5210867Z    Compressing: \\?\D:\a\wootc\wootc\out\branded-preview\native-package.json
2026-09-27T15:13:48.5218038Z    Compressing: \\?\D:\a\wootc\wootc\out\branded-preview\netstandard.dll
2026-09-27T15:13:48.5233021Z    Compressing: \\?\D:\a\wootc\wootc\out\branded-preview\NPUDetect.dll
2026-09-27T15:13:48.5270555Z    Compressing: \\?\D:\a\wootc\wootc\out\branded-preview\onnxruntime.dll
2026-09-27T15:13:53.0257985Z    Compressing: \\?\D:\a\wootc\wootc\out\branded-preview\PerceptiveStreaming.dll
2026-09-27T15:13:53.6567054Z    Compressing: \\?\D:\a\wootc\wootc\out\branded-preview\PushNotificationsLongRunningTask.ProxyStub.dll
2026-09-27T15:13:53.6572385Z    Compressing: \\?\D:\a\wootc\wootc\out\branded-preview\RestartAgent.exe
2026-09-27T15:13:53.6584972Z    Compressing: \\?\D:\a\wootc\wootc\out\branded-preview\SessionHandleIPCProxyStub.dll
2026-09-27T15:13:53.6590530Z    Compressing: \\?\D:\a\wootc\wootc\out\branded-preview\System.AppContext.dll
2026-09-27T15:13:53.6593833Z    Compressing: \\?\D:\a\wootc\wootc\out\branded-preview\System.Buffers.dll
2026-09-27T15:13:53.6596306Z    Compressing: \\?\D:\a\wootc\wootc\out\branded-preview\System.Collections.Concurrent.dll
2026-09-27T15:13:53.6637758Z    Compressing: \\?\D:\a\wootc\wootc\out\branded-preview\System.Collections.dll
2026-09-27T15:13:53.6677567Z    Compressing: \\?\D:\a\wootc\wootc\out\branded-preview\System.Collections.Immutable.dll
2026-09-27T15:13:53.6767135Z    Compressing: \\?\D:\a\wootc\wootc\out\branded-preview\System.Collections.NonGeneric.dll
2026-09-27T15:13:53.6777509Z    Compressing: \\?\D:\a\wootc\wootc\out\branded-preview\System.Collections.Specialized.dll
2026-09-27T15:13:53.6788943Z    Compressing: \\?\D:\a\wootc\wootc\out\branded-preview\System.ComponentModel.Annotations.dll
2026-09-27T15:13:53.6809148Z    Compressing: \\?\D:\a\wootc\wootc\out\branded-preview\System.ComponentModel.DataAnnotations.dll
2026-09-27T15:13:53.6811789Z    Compressing: \\?\D:\a\wootc\wootc\out\branded-preview\System.ComponentModel.dll
2026-09-27T15:13:53.6815742Z    Compressing: \\?\D:\a\wootc\wootc\out\branded-preview\System.ComponentModel.EventBasedAsync.dll
2026-09-27T15:13:53.6820748Z    Compressing: \\?\D:\a\wootc\wootc\out\branded-preview\System.ComponentModel.Primitives.dll
2026-09-27T15:13:53.6829660Z    Compressing: \\?\D:\a\wootc\wootc\out\branded-preview\System.ComponentModel.TypeConverter.dll
2026-09-27T15:13:53.6901115Z    Compressing: \\?\D:\a\wootc\wootc\out\branded-preview\System.Configuration.dll
2026-09-27T15:13:53.6903775Z    Compressing: \\?\D:\a\wootc\wootc\out\branded-preview\System.Console.dll
2026-09-27T15:13:53.6920446Z    Compressing: \\?\D:\a\wootc\wootc\out\branded-preview\System.Core.dll
2026-09-27T15:13:53.6923825Z    Compressing: \\?\D:\a\wootc\wootc\out\branded-preview\System.Data.Common.dll
2026-09-27T15:13:54.2753785Z    Compressing: \\?\D:\a\wootc\wootc\out\branded-preview\System.Data.DataSetExtensions.dll
2026-09-27T15:13:54.2756604Z    Compressing: \\?\D:\a\wootc\wootc\out\branded-preview\System.Data.dll
2026-09-27T15:13:54.2762310Z    Compressing: \\?\D:\a\wootc\wootc\out\branded-preview\System.Diagnostics.Contracts.dll
2026-09-27T15:13:54.2765563Z    Compressing: \\?\D:\a\wootc\wootc\out\branded-preview\System.Diagnostics.Debug.dll
2026-09-27T15:13:54.2769346Z    Compressing: \\?\D:\a\wootc\wootc\out\branded-preview\System.Diagnostics.DiagnosticSource.dll
2026-09-27T15:13:54.2836305Z    Compressing: \\?\D:\a\wootc\wootc\out\branded-preview\System.Diagnostics.FileVersionInfo.dll
2026-09-27T15:13:54.2844179Z    Compressing: \\?\D:\a\wootc\wootc\out\branded-preview\System.Diagnostics.Process.dll
2026-09-27T15:13:54.2897602Z    Compressing: \\?\D:\a\wootc\wootc\out\branded-preview\System.Diagnostics.StackTrace.dll
2026-09-27T15:13:54.2905629Z    Compressing: \\?\D:\a\wootc\wootc\out\branded-preview\System.Diagnostics.TextWriterTraceListener.dll
2026-09-27T15:13:54.2916587Z    Compressing: \\?\D:\a\wootc\wootc\out\branded-preview\System.Diagnostics.Tools.dll
2026-09-27T15:13:54.2920369Z    Compressing: \\?\D:\a\wootc\wootc\out\branded-preview\System.Diagnostics.TraceSource.dll
2026-09-27T15:13:54.2937131Z    Compressing: \\?\D:\a\wootc\wootc\out\branded-preview\System.Diagnostics.Tracing.dll
2026-09-27T15:13:54.2939565Z    Compressing: \\?\D:\a\wootc\wootc\out\branded-preview\System.dll
2026-09-27T15:13:54.2944962Z    Compressing: \\?\D:\a\wootc\wootc\out\branded-preview\System.Drawing.dll
2026-09-27T15:13:54.2948007Z    Compressing: \\?\D:\a\wootc\wootc\out\branded-preview\System.Drawing.Primitives.dll
2026-09-27T15:13:54.2961547Z    Compressing: \\?\D:\a\wootc\wootc\out\branded-preview\System.Dynamic.Runtime.dll
2026-09-27T15:13:54.2964090Z    Compressing: \\?\D:\a\wootc\wootc\out\branded-preview\System.Formats.Asn1.dll
2026-09-27T15:13:54.2988097Z    Compressing: \\?\D:\a\wootc\wootc\out\branded-preview\System.Formats.Tar.dll
2026-09-27T15:13:54.3015378Z    Compressing: \\?\D:\a\wootc\wootc\out\branded-preview\System.Globalization.Calendars.dll
2026-09-27T15:13:54.3018212Z    Compressing: \\?\D:\a\wootc\wootc\out\branded-preview\System.Globalization.dll
2026-09-27T15:13:54.3020333Z    Compressing: \\?\D:\a\wootc\wootc\out\branded-preview\System.Globalization.Extensions.dll
2026-09-27T15:13:54.3022750Z    Compressing: \\?\D:\a\wootc\wootc\out\branded-preview\System.IO.Compression.Brotli.dll
2026-09-27T15:13:54.3031859Z    Compressing: \\?\D:\a\wootc\wootc\out\branded-preview\System.IO.Compression.dll
2026-09-27T15:13:54.3057721Z    Compressing: \\?\D:\a\wootc\wootc\out\branded-preview\System.IO.Compression.FileSystem.dll
2026-09-27T15:13:54.3059960Z    Compressing: \\?\D:\a\wootc\wootc\out\branded-preview\System.IO.Compression.Native.dll
2026-09-27T15:13:54.3149932Z    Compressing: \\?\D:\a\wootc\wootc\out\branded-preview\System.IO.Compression.ZipFile.dll
2026-09-27T15:13:54.3157500Z    Compressing: \\?\D:\a\wootc\wootc\out\branded-preview\System.IO.dll
2026-09-27T15:13:54.3159989Z    Compressing: \\?\D:\a\wootc\wootc\out\branded-preview\System.IO.FileSystem.AccessControl.dll
2026-09-27T15:13:54.3171841Z    Compressing: \\?\D:\a\wootc\wootc\out\branded-preview\System.IO.FileSystem.dll
2026-09-27T15:13:54.3175026Z    Compressing: \\?\D:\a\wootc\wootc\out\branded-preview\System.IO.FileSystem.DriveInfo.dll
2026-09-27T15:13:54.3181638Z    Compressing: \\?\D:\a\wootc\wootc\out\branded-preview\System.IO.FileSystem.Primitives.dll
2026-09-27T15:13:54.3184729Z    Compressing: \\?\D:\a\wootc\wootc\out\branded-preview\System.IO.FileSystem.Watcher.dll
2026-09-27T15:13:54.3194517Z    Compressing: \\?\D:\a\wootc\wootc\out\branded-preview\System.IO.IsolatedStorage.dll
2026-09-27T15:13:54.3208582Z    Compressing: \\?\D:\a\wootc\wootc\out\branded-preview\System.IO.MemoryMappedFiles.dll
2026-09-27T15:13:54.3221837Z    Compressing: \\?\D:\a\wootc\wootc\out\branded-preview\System.IO.Pipes.AccessControl.dll
2026-09-27T15:13:54.3225816Z    Compressing: \\?\D:\a\wootc\wootc\out\branded-preview\System.IO.Pipes.dll
2026-09-27T15:13:55.0509350Z    Compressing: \\?\D:\a\wootc\wootc\out\branded-preview\System.IO.UnmanagedMemoryStream.dll
2026-09-27T15:13:55.0511766Z    Compressing: \\?\D:\a\wootc\wootc\out\branded-preview\System.Linq.dll
2026-09-27T15:13:55.0587470Z    Compressing: \\?\D:\a\wootc\wootc\out\branded-preview\System.Linq.Expressions.dll
2026-09-27T15:13:55.0958906Z    Compressing: \\?\D:\a\wootc\wootc\out\branded-preview\System.Linq.Parallel.dll
2026-09-27T15:13:55.8849334Z    Compressing: \\?\D:\a\wootc\wootc\out\branded-preview\System.Linq.Queryable.dll
2026-09-27T15:13:55.8873207Z    Compressing: \\?\D:\a\wootc\wootc\out\branded-preview\System.Memory.dll
2026-09-27T15:13:55.8892695Z    Compressing: \\?\D:\a\wootc\wootc\out\branded-preview\System.Net.dll
2026-09-27T15:13:55.8895513Z    Compressing: \\?\D:\a\wootc\wootc\out\branded-preview\System.Net.Http.dll
2026-09-27T15:13:55.9079060Z    Compressing: \\?\D:\a\wootc\wootc\out\branded-preview\System.Net.Http.Json.dll
2026-09-27T15:13:55.9092125Z    Compressing: \\?\D:\a\wootc\wootc\out\branded-preview\System.Net.HttpListener.dll
2026-09-27T15:13:55.9143723Z    Compressing: \\?\D:\a\wootc\wootc\out\branded-preview\System.Net.Mail.dll
2026-09-27T15:13:55.9185254Z    Compressing: \\?\D:\a\wootc\wootc\out\branded-preview\System.Net.NameResolution.dll
2026-09-27T15:13:55.9196477Z    Compressing: \\?\D:\a\wootc\wootc\out\branded-preview\System.Net.NetworkInformation.dll
2026-09-27T15:13:55.9211957Z    Compressing: \\?\D:\a\wootc\wootc\out\branded-preview\System.Net.Ping.dll
2026-09-27T15:13:55.9223860Z    Compressing: \\?\D:\a\wootc\wootc\out\branded-preview\System.Net.Primitives.dll
2026-09-27T15:13:55.9246906Z    Compressing: \\?\D:\a\wootc\wootc\out\branded-preview\System.Net.Quic.dll
2026-09-27T15:13:55.9311104Z    Compressing: \\?\D:\a\wootc\wootc\out\branded-preview\System.Net.Requests.dll
2026-09-27T15:13:55.9438022Z    Compressing: \\?\D:\a\wootc\wootc\out\branded-preview\System.Net.Security.dll
2026-09-27T15:13:56.6482614Z    Compressing: \\?\D:\a\wootc\wootc\out\branded-preview\System.Net.ServicePoint.dll
2026-09-27T15:13:56.6490652Z    Compressing: \\?\D:\a\wootc\wootc\out\branded-preview\System.Net.Sockets.dll
2026-09-27T15:13:56.6568681Z    Compressing: \\?\D:\a\wootc\wootc\out\branded-preview\System.Net.WebClient.dll
2026-09-27T15:13:56.6589876Z    Compressing: \\?\D:\a\wootc\wootc\out\branded-preview\System.Net.WebHeaderCollection.dll
2026-09-27T15:13:56.6600566Z    Compressing: \\?\D:\a\wootc\wootc\out\branded-preview\System.Net.WebProxy.dll
2026-09-27T15:13:56.6607879Z    Compressing: \\?\D:\a\wootc\wootc\out\branded-preview\System.Net.WebSockets.Client.dll
2026-09-27T15:13:56.6620259Z    Compressing: \\?\D:\a\wootc\wootc\out\branded-preview\System.Net.WebSockets.dll
2026-09-27T15:13:56.6647300Z    Compressing: \\?\D:\a\wootc\wootc\out\branded-preview\System.Numerics.dll
2026-09-27T15:13:56.6650360Z    Compressing: \\?\D:\a\wootc\wootc\out\branded-preview\System.Numerics.Tensors.dll
2026-09-27T15:13:56.6716613Z    Compressing: \\?\D:\a\wootc\wootc\out\branded-preview\System.Numerics.Vectors.dll
2026-09-27T15:13:56.6719528Z    Compressing: \\?\D:\a\wootc\wootc\out\branded-preview\System.ObjectModel.dll
2026-09-27T15:13:56.6732017Z    Compressing: \\?\D:\a\wootc\wootc\out\branded-preview\System.Private.CoreLib.dll
2026-09-27T15:13:59.1818168Z    Compressing: \\?\D:\a\wootc\wootc\out\branded-preview\System.Private.DataContractSerialization.dll
2026-09-27T15:13:59.2014267Z    Compressing: \\?\D:\a\wootc\wootc\out\branded-preview\System.Private.Uri.dll
2026-09-27T15:13:59.2039278Z    Compressing: \\?\D:\a\wootc\wootc\out\branded-preview\System.Private.Xml.dll
2026-09-27T15:14:00.8444929Z    Compressing: \\?\D:\a\wootc\wootc\out\branded-preview\System.Private.Xml.Linq.dll
2026-09-27T15:14:00.8483413Z    Compressing: \\?\D:\a\wootc\wootc\out\branded-preview\System.Reflection.DispatchProxy.dll
2026-09-27T15:14:00.8491781Z    Compressing: \\?\D:\a\wootc\wootc\out\branded-preview\System.Reflection.dll
2026-09-27T15:14:00.8494078Z    Compressing: \\?\D:\a\wootc\wootc\out\branded-preview\System.Reflection.Emit.dll
2026-09-27T15:14:00.8506379Z    Compressing: \\?\D:\a\wootc\wootc\out\branded-preview\System.Reflection.Emit.ILGeneration.dll
2026-09-27T15:14:00.8510890Z    Compressing: \\?\D:\a\wootc\wootc\out\branded-preview\System.Reflection.Emit.Lightweight.dll
2026-09-27T15:14:00.8515121Z    Compressing: \\?\D:\a\wootc\wootc\out\branded-preview\System.Reflection.Extensions.dll
2026-09-27T15:14:00.8518125Z    Compressing: \\?\D:\a\wootc\wootc\out\branded-preview\System.Reflection.Metadata.dll
2026-09-27T15:14:00.8686933Z    Compressing: \\?\D:\a\wootc\wootc\out\branded-preview\System.Reflection.Primitives.dll
2026-09-27T15:14:00.8689770Z    Compressing: \\?\D:\a\wootc\wootc\out\branded-preview\System.Reflection.TypeExtensions.dll
2026-09-27T15:14:00.8694381Z    Compressing: \\?\D:\a\wootc\wootc\out\branded-preview\System.Resources.Reader.dll
2026-09-27T15:14:00.8696791Z    Compressing: \\?\D:\a\wootc\wootc\out\branded-preview\System.Resources.ResourceManager.dll
2026-09-27T15:14:00.8698989Z    Compressing: \\?\D:\a\wootc\wootc\out\branded-preview\System.Resources.Writer.dll
2026-09-27T15:14:00.8704746Z    Compressing: \\?\D:\a\wootc\wootc\out\branded-preview\System.Runtime.CompilerServices.Unsafe.dll
2026-09-27T15:14:00.8707401Z    Compressing: \\?\D:\a\wootc\wootc\out\branded-preview\System.Runtime.CompilerServices.VisualC.dll
2026-09-27T15:14:00.8711049Z    Compressing: \\?\D:\a\wootc\wootc\out\branded-preview\System.Runtime.dll
2026-09-27T15:14:00.8716025Z    Compressing: \\?\D:\a\wootc\wootc\out\branded-preview\System.Runtime.Extensions.dll
2026-09-27T15:14:00.8718479Z    Compressing: \\?\D:\a\wootc\wootc\out\branded-preview\System.Runtime.Handles.dll
2026-09-27T15:14:00.8720701Z    Compressing: \\?\D:\a\wootc\wootc\out\branded-preview\System.Runtime.InteropServices.dll
2026-09-27T15:14:00.8731014Z    Compressing: \\?\D:\a\wootc\wootc\out\branded-preview\System.Runtime.InteropServices.JavaScript.dll
2026-09-27T15:14:00.8736696Z    Compressing: \\?\D:\a\wootc\wootc\out\branded-preview\System.Runtime.InteropServices.RuntimeInformation.dll
2026-09-27T15:14:00.8740355Z    Compressing: \\?\D:\a\wootc\wootc\out\branded-preview\System.Runtime.Intrinsics.dll
2026-09-27T15:14:00.8741807Z    Compressing: \\?\D:\a\wootc\wootc\out\branded-preview\System.Runtime.Loader.dll
2026-09-27T15:14:00.8744330Z    Compressing: \\?\D:\a\wootc\wootc\out\branded-preview\System.Runtime.Numerics.dll
2026-09-27T15:14:00.8777072Z    Compressing: \\?\D:\a\wootc\wootc\out\branded-preview\System.Runtime.Serialization.dll
2026-09-27T15:14:00.8779695Z    Compressing: \\?\D:\a\wootc\wootc\out\branded-preview\System.Runtime.Serialization.Formatters.dll
2026-09-27T15:14:00.8809930Z    Compressing: \\?\D:\a\wootc\wootc\out\branded-preview\System.Runtime.Serialization.Json.dll
2026-09-27T15:14:00.8812415Z    Compressing: \\?\D:\a\wootc\wootc\out\branded-preview\System.Runtime.Serialization.Primitives.dll
2026-09-27T15:14:00.8816684Z    Compressing: \\?\D:\a\wootc\wootc\out\branded-preview\System.Runtime.Serialization.Xml.dll
2026-09-27T15:14:00.8819272Z    Compressing: \\?\D:\a\wootc\wootc\out\branded-preview\System.Security.AccessControl.dll
2026-09-27T15:14:00.8843027Z    Compressing: \\?\D:\a\wootc\wootc\out\branded-preview\System.Security.Claims.dll
2026-09-27T15:14:00.8853861Z    Compressing: \\?\D:\a\wootc\wootc\out\branded-preview\System.Security.Cryptography.Algorithms.dll
2026-09-27T15:14:00.8856288Z    Compressing: \\?\D:\a\wootc\wootc\out\branded-preview\System.Security.Cryptography.Cng.dll
2026-09-27T15:14:00.8858552Z    Compressing: \\?\D:\a\wootc\wootc\out\branded-preview\System.Security.Cryptography.Csp.dll
2026-09-27T15:14:00.8860781Z    Compressing: \\?\D:\a\wootc\wootc\out\branded-preview\System.Security.Cryptography.dll
2026-09-27T15:14:01.5695150Z    Compressing: \\?\D:\a\wootc\wootc\out\branded-preview\System.Security.Cryptography.Encoding.dll
2026-09-27T15:14:01.5697887Z    Compressing: \\?\D:\a\wootc\wootc\out\branded-preview\System.Security.Cryptography.OpenSsl.dll
2026-09-27T15:14:01.5701226Z    Compressing: \\?\D:\a\wootc\wootc\out\branded-preview\System.Security.Cryptography.Primitives.dll
2026-09-27T15:14:01.5704211Z    Compressing: \\?\D:\a\wootc\wootc\out\branded-preview\System.Security.Cryptography.X509Certificates.dll
2026-09-27T15:14:01.5706928Z    Compressing: \\?\D:\a\wootc\wootc\out\branded-preview\System.Security.dll
2026-09-27T15:14:01.5709979Z    Compressing: \\?\D:\a\wootc\wootc\out\branded-preview\System.Security.Principal.dll
2026-09-27T15:14:01.5712684Z    Compressing: \\?\D:\a\wootc\wootc\out\branded-preview\System.Security.Principal.Windows.dll
2026-09-27T15:14:01.5737812Z    Compressing: \\?\D:\a\wootc\wootc\out\branded-preview\System.Security.SecureString.dll
2026-09-27T15:14:01.5740614Z    Compressing: \\?\D:\a\wootc\wootc\out\branded-preview\System.ServiceModel.Web.dll
2026-09-27T15:14:01.5743749Z    Compressing: \\?\D:\a\wootc\wootc\out\branded-preview\System.ServiceProcess.dll
2026-09-27T15:14:01.5746908Z    Compressing: \\?\D:\a\wootc\wootc\out\branded-preview\System.Text.Encoding.CodePages.dll
2026-09-27T15:14:01.5838475Z    Compressing: \\?\D:\a\wootc\wootc\out\branded-preview\System.Text.Encoding.dll
2026-09-27T15:14:01.5840657Z    Compressing: \\?\D:\a\wootc\wootc\out\branded-preview\System.Text.Encoding.Extensions.dll
2026-09-27T15:14:01.5842866Z    Compressing: \\?\D:\a\wootc\wootc\out\branded-preview\System.Text.Encodings.Web.dll
2026-09-27T15:14:01.5855726Z    Compressing: \\?\D:\a\wootc\wootc\out\branded-preview\System.Text.Json.dll
2026-09-27T15:14:01.5997530Z    Compressing: \\?\D:\a\wootc\wootc\out\branded-preview\System.Text.RegularExpressions.dll
2026-09-27T15:14:01.6104912Z    Compressing: \\?\D:\a\wootc\wootc\out\branded-preview\System.Threading.Channels.dll
2026-09-27T15:14:01.6119931Z    Compressing: \\?\D:\a\wootc\wootc\out\branded-preview\System.Threading.dll
2026-09-27T15:14:02.3112529Z    Compressing: \\?\D:\a\wootc\wootc\out\branded-preview\System.Threading.Overlapped.dll
2026-09-27T15:14:02.3115694Z    Compressing: \\?\D:\a\wootc\wootc\out\branded-preview\System.Threading.Tasks.Dataflow.dll
2026-09-27T15:14:02.3184484Z    Compressing: \\?\D:\a\wootc\wootc\out\branded-preview\System.Threading.Tasks.dll
2026-09-27T15:14:02.3187651Z    Compressing: \\?\D:\a\wootc\wootc\out\branded-preview\System.Threading.Tasks.Extensions.dll
2026-09-27T15:14:02.3190125Z    Compressing: \\?\D:\a\wootc\wootc\out\branded-preview\System.Threading.Tasks.Parallel.dll
2026-09-27T15:14:02.3209631Z    Compressing: \\?\D:\a\wootc\wootc\out\branded-preview\System.Threading.Thread.dll
2026-09-27T15:14:02.3212239Z    Compressing: \\?\D:\a\wootc\wootc\out\branded-preview\System.Threading.ThreadPool.dll
2026-09-27T15:14:02.3214802Z    Compressing: \\?\D:\a\wootc\wootc\out\branded-preview\System.Threading.Timer.dll
2026-09-27T15:14:02.3217658Z    Compressing: \\?\D:\a\wootc\wootc\out\branded-preview\System.Transactions.dll
2026-09-27T15:14:02.3220585Z    Compressing: \\?\D:\a\wootc\wootc\out\branded-preview\System.Transactions.Local.dll
2026-09-27T15:14:02.3285308Z    Compressing: \\?\D:\a\wootc\wootc\out\branded-preview\System.ValueTuple.dll
2026-09-27T15:14:02.3287939Z    Compressing: \\?\D:\a\wootc\wootc\out\branded-preview\System.Web.dll
2026-09-27T15:14:02.3290122Z    Compressing: \\?\D:\a\wootc\wootc\out\branded-preview\System.Web.HttpUtility.dll
2026-09-27T15:14:02.3296928Z    Compressing: \\?\D:\a\wootc\wootc\out\branded-preview\System.Windows.dll
2026-09-27T15:14:02.3299525Z    Compressing: \\?\D:\a\wootc\wootc\out\branded-preview\System.Xml.dll
2026-09-27T15:14:02.3302496Z    Compressing: \\?\D:\a\wootc\wootc\out\branded-preview\System.Xml.Linq.dll
2026-09-27T15:14:02.3304840Z    Compressing: \\?\D:\a\wootc\wootc\out\branded-preview\System.Xml.ReaderWriter.dll
2026-09-27T15:14:02.3307609Z    Compressing: \\?\D:\a\wootc\wootc\out\branded-preview\System.Xml.Serialization.dll
2026-09-27T15:14:02.3310141Z    Compressing: \\?\D:\a\wootc\wootc\out\branded-preview\System.Xml.XDocument.dll
2026-09-27T15:14:02.3312537Z    Compressing: \\?\D:\a\wootc\wootc\out\branded-preview\System.Xml.XmlDocument.dll
2026-09-27T15:14:02.3314713Z    Compressing: \\?\D:\a\wootc\wootc\out\branded-preview\System.Xml.XmlSerializer.dll
2026-09-27T15:14:02.3317249Z    Compressing: \\?\D:\a\wootc\wootc\out\branded-preview\System.Xml.XPath.dll
2026-09-27T15:14:02.3319841Z    Compressing: \\?\D:\a\wootc\wootc\out\branded-preview\System.Xml.XPath.XDocument.dll
2026-09-27T15:14:02.3323515Z    Compressing: \\?\D:\a\wootc\wootc\out\branded-preview\WebView2Loader.dll
2026-09-27T15:14:02.3339352Z    Compressing: \\?\D:\a\wootc\wootc\out\branded-preview\WindowsBase.dll
2026-09-27T15:14:02.3341496Z    Compressing: \\?\D:\a\wootc\wootc\out\branded-preview\WinRT.Runtime.dll
2026-09-27T15:14:02.3391115Z    Compressing: \\?\D:\a\wootc\wootc\out\branded-preview\WinUIEdit.dll
2026-09-27T15:14:03.1394445Z    Compressing: \\?\D:\a\wootc\wootc\out\branded-preview\wootc-engine.exe
2026-09-27T15:14:05.1218346Z    Compressing: \\?\D:\a\wootc\wootc\out\branded-preview\Wootc.Shell.Core.dll
2026-09-27T15:14:05.1222961Z    Compressing: \\?\D:\a\wootc\wootc\out\branded-preview\Wootc.Shell.Core.pdb
2026-09-27T15:14:05.1225771Z    Compressing: \\?\D:\a\wootc\wootc\out\branded-preview\Wootc.Shell.deps.json
2026-09-27T15:14:05.1230088Z    Compressing: \\?\D:\a\wootc\wootc\out\branded-preview\Wootc.Shell.dll
2026-09-27T15:14:05.1247488Z    Compressing: \\?\D:\a\wootc\wootc\out\branded-preview\Wootc.Shell.exe
2026-09-27T15:14:05.1276052Z    Compressing: \\?\D:\a\wootc\wootc\out\branded-preview\Wootc.Shell.Native.dll
2026-09-27T15:14:05.1282243Z    Compressing: \\?\D:\a\wootc\wootc\out\branded-preview\Wootc.Shell.Native.pdb
2026-09-27T15:14:05.1284934Z    Compressing: \\?\D:\a\wootc\wootc\out\branded-preview\Wootc.Shell.pdb
2026-09-27T15:14:05.1288234Z    Compressing: \\?\D:\a\wootc\wootc\out\branded-preview\Wootc.Shell.pri
2026-09-27T15:14:05.6020943Z    Compressing: \\?\D:\a\wootc\wootc\out\branded-preview\Wootc.Shell.runtimeconfig.json
2026-09-27T15:14:05.6021995Z    Compressing: \\?\D:\a\wootc\wootc\out\branded-preview\workloads.365.json
2026-09-27T15:14:05.6023508Z    Compressing: \\?\D:\a\wootc\wootc\out\branded-preview\workloads.j32.json
2026-09-27T15:14:05.6025833Z    Compressing: \\?\D:\a\wootc\wootc\out\branded-preview\workloads.json
2026-09-27T15:14:05.6027570Z    Compressing: \\?\D:\a\wootc\wootc\out\branded-preview\workloads.lnl.json
2026-09-27T15:14:05.6030485Z    Compressing: \\?\D:\a\wootc\wootc\out\branded-preview\workloads.qnn.json
2026-09-27T15:14:05.6032593Z    Compressing: \\?\D:\a\wootc\wootc\out\branded-preview\workloads.stx.json
2026-09-27T15:14:05.6035071Z    Compressing: \\?\D:\a\wootc\wootc\out\branded-preview\wuceffectsi.dll
2026-09-27T15:14:05.6086488Z    Compressing: \\?\D:\a\wootc\wootc\out\branded-preview\af-ZA\Microsoft.ui.xaml.dll.mui
2026-09-27T15:14:05.6090591Z    Compressing: \\?\D:\a\wootc\wootc\out\branded-preview\af-ZA\Microsoft.UI.Xaml.Phone.dll.mui
2026-09-27T15:14:05.6093120Z    Compressing: \\?\D:\a\wootc\wootc\out\branded-preview\am-ET\Microsoft.ui.xaml.dll.mui
2026-09-27T15:14:05.6096640Z    Compressing: \\?\D:\a\wootc\wootc\out\branded-preview\am-ET\Microsoft.UI.Xaml.Phone.dll.mui
2026-09-27T15:14:05.6098723Z    Compressing: \\?\D:\a\wootc\wootc\out\branded-preview\ar-SA\Microsoft.ui.xaml.dll.mui
2026-09-27T15:14:05.6102290Z    Compressing: \\?\D:\a\wootc\wootc\out\branded-preview\ar-SA\Microsoft.UI.Xaml.Phone.dll.mui
2026-09-27T15:14:05.6105675Z    Compressing: \\?\D:\a\wootc\wootc\out\branded-preview\as-IN\Microsoft.ui.xaml.dll.mui
2026-09-27T15:14:05.6109173Z    Compressing: \\?\D:\a\wootc\wootc\out\branded-preview\as-IN\Microsoft.UI.Xaml.Phone.dll.mui
2026-09-27T15:14:05.6112255Z    Compressing: \\?\D:\a\wootc\wootc\out\branded-preview\az-Latn-AZ\Microsoft.ui.xaml.dll.mui
2026-09-27T15:14:05.6115543Z    Compressing: \\?\D:\a\wootc\wootc\out\branded-preview\az-Latn-AZ\Microsoft.UI.Xaml.Phone.dll.mui
2026-09-27T15:14:05.6117649Z    Compressing: \\?\D:\a\wootc\wootc\out\branded-preview\bg-BG\Microsoft.ui.xaml.dll.mui
2026-09-27T15:14:05.6121447Z    Compressing: \\?\D:\a\wootc\wootc\out\branded-preview\bg-BG\Microsoft.UI.Xaml.Phone.dll.mui
2026-09-27T15:14:05.6123615Z    Compressing: \\?\D:\a\wootc\wootc\out\branded-preview\bn-IN\Microsoft.ui.xaml.dll.mui
2026-09-27T15:14:05.6127132Z    Compressing: \\?\D:\a\wootc\wootc\out\branded-preview\bn-IN\Microsoft.UI.Xaml.Phone.dll.mui
2026-09-27T15:14:05.6129616Z    Compressing: \\?\D:\a\wootc\wootc\out\branded-preview\Branding\brand.json
2026-09-27T15:14:05.6131003Z    Compressing: \\?\D:\a\wootc\wootc\out\branded-preview\bs-Latn-BA\Microsoft.ui.xaml.dll.mui
2026-09-27T15:14:05.6135126Z    Compressing: \\?\D:\a\wootc\wootc\out\branded-preview\bs-Latn-BA\Microsoft.UI.Xaml.Phone.dll.mui
2026-09-27T15:14:05.6137261Z    Compressing: \\?\D:\a\wootc\wootc\out\branded-preview\ca-ES\Microsoft.ui.xaml.dll.mui
2026-09-27T15:14:05.6140901Z    Compressing: \\?\D:\a\wootc\wootc\out\branded-preview\ca-ES\Microsoft.UI.Xaml.Phone.dll.mui
2026-09-27T15:14:05.6143167Z    Compressing: \\?\D:\a\wootc\wootc\out\branded-preview\ca-Es-VALENCIA\Microsoft.ui.xaml.dll.mui
2026-09-27T15:14:05.6146671Z    Compressing: \\?\D:\a\wootc\wootc\out\branded-preview\ca-Es-VALENCIA\Microsoft.UI.Xaml.Phone.dll.mui
2026-09-27T15:14:05.6149262Z    Compressing: \\?\D:\a\wootc\wootc\out\branded-preview\cs-CZ\Microsoft.ui.xaml.dll.mui
2026-09-27T15:14:05.6153106Z    Compressing: \\?\D:\a\wootc\wootc\out\branded-preview\cs-CZ\Microsoft.UI.Xaml.Phone.dll.mui
2026-09-27T15:14:05.6155181Z    Compressing: \\?\D:\a\wootc\wootc\out\branded-preview\cy-GB\Microsoft.ui.xaml.dll.mui
2026-09-27T15:14:05.6158844Z    Compressing: \\?\D:\a\wootc\wootc\out\branded-preview\cy-GB\Microsoft.UI.Xaml.Phone.dll.mui
2026-09-27T15:14:05.6180873Z    Compressing: \\?\D:\a\wootc\wootc\out\branded-preview\da-DK\Microsoft.ui.xaml.dll.mui
2026-09-27T15:14:05.6182166Z    Compressing: \\?\D:\a\wootc\wootc\out\branded-preview\da-DK\Microsoft.UI.Xaml.Phone.dll.mui
2026-09-27T15:14:05.6186999Z    Compressing: \\?\D:\a\wootc\wootc\out\branded-preview\de-DE\Microsoft.ui.xaml.dll.mui
2026-09-27T15:14:05.6189518Z    Compressing: \\?\D:\a\wootc\wootc\out\branded-preview\de-DE\Microsoft.UI.Xaml.Phone.dll.mui
2026-09-27T15:14:05.6191003Z    Compressing: \\?\D:\a\wootc\wootc\out\branded-preview\el-GR\Microsoft.ui.xaml.dll.mui
2026-09-27T15:14:05.6192424Z    Compressing: \\?\D:\a\wootc\wootc\out\branded-preview\el-GR\Microsoft.UI.Xaml.Phone.dll.mui
2026-09-27T15:14:05.6193757Z    Compressing: \\?\D:\a\wootc\wootc\out\branded-preview\en-GB\Microsoft.ui.xaml.dll.mui
2026-09-27T15:14:05.6195097Z    Compressing: \\?\D:\a\wootc\wootc\out\branded-preview\en-GB\Microsoft.UI.Xaml.Phone.dll.mui
2026-09-27T15:14:05.6196383Z    Compressing: \\?\D:\a\wootc\wootc\out\branded-preview\en-us\Microsoft.ui.xaml.dll.mui
2026-09-27T15:14:05.6199526Z    Compressing: \\?\D:\a\wootc\wootc\out\branded-preview\en-us\Microsoft.UI.Xaml.Phone.dll.mui
2026-09-27T15:14:05.6200981Z    Compressing: \\?\D:\a\wootc\wootc\out\branded-preview\es-ES\Microsoft.ui.xaml.dll.mui
2026-09-27T15:14:05.6202607Z    Compressing: \\?\D:\a\wootc\wootc\out\branded-preview\es-ES\Microsoft.UI.Xaml.Phone.dll.mui
2026-09-27T15:14:05.6217562Z    Compressing: \\?\D:\a\wootc\wootc\out\branded-preview\es-MX\Microsoft.ui.xaml.dll.mui
2026-09-27T15:14:05.6218807Z    Compressing: \\?\D:\a\wootc\wootc\out\branded-preview\es-MX\Microsoft.UI.Xaml.Phone.dll.mui
2026-09-27T15:14:05.6219988Z    Compressing: \\?\D:\a\wootc\wootc\out\branded-preview\et-EE\Microsoft.ui.xaml.dll.mui
2026-09-27T15:14:05.6221248Z    Compressing: \\?\D:\a\wootc\wootc\out\branded-preview\et-EE\Microsoft.UI.Xaml.Phone.dll.mui
2026-09-27T15:14:05.6222442Z    Compressing: \\?\D:\a\wootc\wootc\out\branded-preview\eu-ES\Microsoft.ui.xaml.dll.mui
2026-09-27T15:14:05.6223611Z    Compressing: \\?\D:\a\wootc\wootc\out\branded-preview\eu-ES\Microsoft.UI.Xaml.Phone.dll.mui
2026-09-27T15:14:05.6226828Z    Compressing: \\?\D:\a\wootc\wootc\out\branded-preview\fa-IR\Microsoft.ui.xaml.dll.mui
2026-09-27T15:14:05.6229438Z    Compressing: \\?\D:\a\wootc\wootc\out\branded-preview\fa-IR\Microsoft.UI.Xaml.Phone.dll.mui
2026-09-27T15:14:05.6232557Z    Compressing: \\?\D:\a\wootc\wootc\out\branded-preview\fi-FI\Microsoft.ui.xaml.dll.mui
2026-09-27T15:14:05.6235486Z    Compressing: \\?\D:\a\wootc\wootc\out\branded-preview\fi-FI\Microsoft.UI.Xaml.Phone.dll.mui
2026-09-27T15:14:05.6237831Z    Compressing: \\?\D:\a\wootc\wootc\out\branded-preview\fil-PH\Microsoft.ui.xaml.dll.mui
2026-09-27T15:14:05.6241199Z    Compressing: \\?\D:\a\wootc\wootc\out\branded-preview\fil-PH\Microsoft.UI.Xaml.Phone.dll.mui
2026-09-27T15:14:05.6243385Z    Compressing: \\?\D:\a\wootc\wootc\out\branded-preview\fr-CA\Microsoft.ui.xaml.dll.mui
2026-09-27T15:14:05.6247056Z    Compressing: \\?\D:\a\wootc\wootc\out\branded-preview\fr-CA\Microsoft.UI.Xaml.Phone.dll.mui
2026-09-27T15:14:05.6249462Z    Compressing: \\?\D:\a\wootc\wootc\out\branded-preview\fr-FR\Microsoft.ui.xaml.dll.mui
2026-09-27T15:14:05.6253123Z    Compressing: \\?\D:\a\wootc\wootc\out\branded-preview\fr-FR\Microsoft.UI.Xaml.Phone.dll.mui
2026-09-27T15:14:05.6255459Z    Compressing: \\?\D:\a\wootc\wootc\out\branded-preview\ga-IE\Microsoft.ui.xaml.dll.mui
2026-09-27T15:14:05.6259038Z    Compressing: \\?\D:\a\wootc\wootc\out\branded-preview\ga-IE\Microsoft.UI.Xaml.Phone.dll.mui
2026-09-27T15:14:05.6261212Z    Compressing: \\?\D:\a\wootc\wootc\out\branded-preview\gd-gb\Microsoft.ui.xaml.dll.mui
2026-09-27T15:14:05.6264915Z    Compressing: \\?\D:\a\wootc\wootc\out\branded-preview\gd-gb\Microsoft.UI.Xaml.Phone.dll.mui
2026-09-27T15:14:05.6267003Z    Compressing: \\?\D:\a\wootc\wootc\out\branded-preview\gl-ES\Microsoft.ui.xaml.dll.mui
2026-09-27T15:14:05.6270722Z    Compressing: \\?\D:\a\wootc\wootc\out\branded-preview\gl-ES\Microsoft.UI.Xaml.Phone.dll.mui
2026-09-27T15:14:05.6273265Z    Compressing: \\?\D:\a\wootc\wootc\out\branded-preview\gu-IN\Microsoft.ui.xaml.dll.mui
2026-09-27T15:14:05.6276514Z    Compressing: \\?\D:\a\wootc\wootc\out\branded-preview\gu-IN\Microsoft.UI.Xaml.Phone.dll.mui
2026-09-27T15:14:05.6279052Z    Compressing: \\?\D:\a\wootc\wootc\out\branded-preview\he-IL\Microsoft.ui.xaml.dll.mui
2026-09-27T15:14:05.6282225Z    Compressing: \\?\D:\a\wootc\wootc\out\branded-preview\he-IL\Microsoft.UI.Xaml.Phone.dll.mui
2026-09-27T15:14:05.6284305Z    Compressing: \\?\D:\a\wootc\wootc\out\branded-preview\hi-IN\Microsoft.ui.xaml.dll.mui
2026-09-27T15:14:05.6287658Z    Compressing: \\?\D:\a\wootc\wootc\out\branded-preview\hi-IN\Microsoft.UI.Xaml.Phone.dll.mui
2026-09-27T15:14:05.6290227Z    Compressing: \\?\D:\a\wootc\wootc\out\branded-preview\hr-HR\Microsoft.ui.xaml.dll.mui
2026-09-27T15:14:05.6294041Z    Compressing: \\?\D:\a\wootc\wootc\out\branded-preview\hr-HR\Microsoft.UI.Xaml.Phone.dll.mui
2026-09-27T15:14:05.6296152Z    Compressing: \\?\D:\a\wootc\wootc\out\branded-preview\hu-HU\Microsoft.ui.xaml.dll.mui
2026-09-27T15:14:05.6299635Z    Compressing: \\?\D:\a\wootc\wootc\out\branded-preview\hu-HU\Microsoft.UI.Xaml.Phone.dll.mui
2026-09-27T15:14:05.6302065Z    Compressing: \\?\D:\a\wootc\wootc\out\branded-preview\hy-AM\Microsoft.ui.xaml.dll.mui
2026-09-27T15:14:05.6305502Z    Compressing: \\?\D:\a\wootc\wootc\out\branded-preview\hy-AM\Microsoft.UI.Xaml.Phone.dll.mui
2026-09-27T15:14:05.6307595Z    Compressing: \\?\D:\a\wootc\wootc\out\branded-preview\id-ID\Microsoft.ui.xaml.dll.mui
2026-09-27T15:14:05.6311446Z    Compressing: \\?\D:\a\wootc\wootc\out\branded-preview\id-ID\Microsoft.UI.Xaml.Phone.dll.mui
2026-09-27T15:14:05.6313604Z    Compressing: \\?\D:\a\wootc\wootc\out\branded-preview\is-IS\Microsoft.ui.xaml.dll.mui
2026-09-27T15:14:05.6316898Z    Compressing: \\?\D:\a\wootc\wootc\out\branded-preview\is-IS\Microsoft.UI.Xaml.Phone.dll.mui
2026-09-27T15:14:05.6319311Z    Compressing: \\?\D:\a\wootc\wootc\out\branded-preview\it-IT\Microsoft.ui.xaml.dll.mui
2026-09-27T15:14:05.6322644Z    Compressing: \\?\D:\a\wootc\wootc\out\branded-preview\it-IT\Microsoft.UI.Xaml.Phone.dll.mui
2026-09-27T15:14:05.6324698Z    Compressing: \\?\D:\a\wootc\wootc\out\branded-preview\ja-JP\Microsoft.ui.xaml.dll.mui
2026-09-27T15:14:05.6327670Z    Compressing: \\?\D:\a\wootc\wootc\out\branded-preview\ja-JP\Microsoft.UI.Xaml.Phone.dll.mui
2026-09-27T15:14:05.6329843Z    Compressing: \\?\D:\a\wootc\wootc\out\branded-preview\ka-GE\Microsoft.ui.xaml.dll.mui
2026-09-27T15:14:05.6333695Z    Compressing: \\?\D:\a\wootc\wootc\out\branded-preview\ka-GE\Microsoft.UI.Xaml.Phone.dll.mui
2026-09-27T15:14:05.6335399Z    Compressing: \\?\D:\a\wootc\wootc\out\branded-preview\kk-KZ\Microsoft.ui.xaml.dll.mui
2026-09-27T15:14:05.6338722Z    Compressing: \\?\D:\a\wootc\wootc\out\branded-preview\kk-KZ\Microsoft.UI.Xaml.Phone.dll.mui
2026-09-27T15:14:05.6340772Z    Compressing: \\?\D:\a\wootc\wootc\out\branded-preview\km-KH\Microsoft.ui.xaml.dll.mui
2026-09-27T15:14:05.6343962Z    Compressing: \\?\D:\a\wootc\wootc\out\branded-preview\km-KH\Microsoft.UI.Xaml.Phone.dll.mui
2026-09-27T15:14:05.6346050Z    Compressing: \\?\D:\a\wootc\wootc\out\branded-preview\kn-IN\Microsoft.ui.xaml.dll.mui
2026-09-27T15:14:05.6349445Z    Compressing: \\?\D:\a\wootc\wootc\out\branded-preview\kn-IN\Microsoft.UI.Xaml.Phone.dll.mui
2026-09-27T15:14:05.6351486Z    Compressing: \\?\D:\a\wootc\wootc\out\branded-preview\ko-KR\Microsoft.ui.xaml.dll.mui
2026-09-27T15:14:05.6354505Z    Compressing: \\?\D:\a\wootc\wootc\out\branded-preview\ko-KR\Microsoft.UI.Xaml.Phone.dll.mui
2026-09-27T15:14:05.6356534Z    Compressing: \\?\D:\a\wootc\wootc\out\branded-preview\kok-IN\Microsoft.ui.xaml.dll.mui
2026-09-27T15:14:05.6359753Z    Compressing: \\?\D:\a\wootc\wootc\out\branded-preview\kok-IN\Microsoft.UI.Xaml.Phone.dll.mui
2026-09-27T15:14:05.6361679Z    Compressing: \\?\D:\a\wootc\wootc\out\branded-preview\lb-LU\Microsoft.ui.xaml.dll.mui
2026-09-27T15:14:05.6365194Z    Compressing: \\?\D:\a\wootc\wootc\out\branded-preview\lb-LU\Microsoft.UI.Xaml.Phone.dll.mui
2026-09-27T15:14:05.6367245Z    Compressing: \\?\D:\a\wootc\wootc\out\branded-preview\lo-LA\Microsoft.ui.xaml.dll.mui
2026-09-27T15:14:05.6370628Z    Compressing: \\?\D:\a\wootc\wootc\out\branded-preview\lo-LA\Microsoft.UI.Xaml.Phone.dll.mui
2026-09-27T15:14:05.6373384Z    Compressing: \\?\D:\a\wootc\wootc\out\branded-preview\lt-LT\Microsoft.ui.xaml.dll.mui
2026-09-27T15:14:05.6376218Z    Compressing: \\?\D:\a\wootc\wootc\out\branded-preview\lt-LT\Microsoft.UI.Xaml.Phone.dll.mui
2026-09-27T15:14:05.6378347Z    Compressing: \\?\D:\a\wootc\wootc\out\branded-preview\lv-LV\Microsoft.ui.xaml.dll.mui
2026-09-27T15:14:05.6381525Z    Compressing: \\?\D:\a\wootc\wootc\out\branded-preview\lv-LV\Microsoft.UI.Xaml.Phone.dll.mui
2026-09-27T15:14:05.6384127Z    Compressing: \\?\D:\a\wootc\wootc\out\branded-preview\mi-NZ\Microsoft.ui.xaml.dll.mui
2026-09-27T15:14:05.6387286Z    Compressing: \\?\D:\a\wootc\wootc\out\branded-preview\mi-NZ\Microsoft.UI.Xaml.Phone.dll.mui
2026-09-27T15:14:05.6389717Z    Compressing: \\?\D:\a\wootc\wootc\out\branded-preview\Microsoft.UI.Xaml\Assets\map.html
2026-09-27T15:14:05.6393349Z    Compressing: \\?\D:\a\wootc\wootc\out\branded-preview\Microsoft.UI.Xaml\Assets\NoiseAsset_256x256_PNG.png
2026-09-27T15:14:05.6394337Z    Compressing: \\?\D:\a\wootc\wootc\out\branded-preview\mk-MK\Microsoft.ui.xaml.dll.mui
2026-09-27T15:14:05.6397674Z    Compressing: \\?\D:\a\wootc\wootc\out\branded-preview\mk-MK\Microsoft.UI.Xaml.Phone.dll.mui
2026-09-27T15:14:05.6399675Z    Compressing: \\?\D:\a\wootc\wootc\out\branded-preview\ml-IN\Microsoft.ui.xaml.dll.mui
2026-09-27T15:14:05.6403046Z    Compressing: \\?\D:\a\wootc\wootc\out\branded-preview\ml-IN\Microsoft.UI.Xaml.Phone.dll.mui
2026-09-27T15:14:05.6405101Z    Compressing: \\?\D:\a\wootc\wootc\out\branded-preview\mr-IN\Microsoft.ui.xaml.dll.mui
2026-09-27T15:14:05.6408923Z    Compressing: \\?\D:\a\wootc\wootc\out\branded-preview\mr-IN\Microsoft.UI.Xaml.Phone.dll.mui
2026-09-27T15:14:05.6411031Z    Compressing: \\?\D:\a\wootc\wootc\out\branded-preview\ms-MY\Microsoft.ui.xaml.dll.mui
2026-09-27T15:14:05.6414282Z    Compressing: \\?\D:\a\wootc\wootc\out\branded-preview\ms-MY\Microsoft.UI.Xaml.Phone.dll.mui
2026-09-27T15:14:05.6416318Z    Compressing: \\?\D:\a\wootc\wootc\out\branded-preview\mt-MT\Microsoft.ui.xaml.dll.mui
2026-09-27T15:14:05.6419609Z    Compressing: \\?\D:\a\wootc\wootc\out\branded-preview\mt-MT\Microsoft.UI.Xaml.Phone.dll.mui
2026-09-27T15:14:05.6421614Z    Compressing: \\?\D:\a\wootc\wootc\out\branded-preview\nb-NO\Microsoft.ui.xaml.dll.mui
2026-09-27T15:14:05.6424818Z    Compressing: \\?\D:\a\wootc\wootc\out\branded-preview\nb-NO\Microsoft.UI.Xaml.Phone.dll.mui
2026-09-27T15:14:05.6426872Z    Compressing: \\?\D:\a\wootc\wootc\out\branded-preview\ne-NP\Microsoft.ui.xaml.dll.mui
2026-09-27T15:14:05.6430219Z    Compressing: \\?\D:\a\wootc\wootc\out\branded-preview\ne-NP\Microsoft.UI.Xaml.Phone.dll.mui
2026-09-27T15:14:05.6432295Z    Compressing: \\?\D:\a\wootc\wootc\out\branded-preview\nl-NL\Microsoft.ui.xaml.dll.mui
2026-09-27T15:14:05.6435593Z    Compressing: \\?\D:\a\wootc\wootc\out\branded-preview\nl-NL\Microsoft.UI.Xaml.Phone.dll.mui
2026-09-27T15:14:05.6437547Z    Compressing: \\?\D:\a\wootc\wootc\out\branded-preview\nn-NO\Microsoft.ui.xaml.dll.mui
2026-09-27T15:14:05.6440531Z    Compressing: \\?\D:\a\wootc\wootc\out\branded-preview\nn-NO\Microsoft.UI.Xaml.Phone.dll.mui
2026-09-27T15:14:05.6442546Z    Compressing: \\?\D:\a\wootc\wootc\out\branded-preview\or-IN\Microsoft.ui.xaml.dll.mui
2026-09-27T15:14:05.6445689Z    Compressing: \\?\D:\a\wootc\wootc\out\branded-preview\or-IN\Microsoft.UI.Xaml.Phone.dll.mui
2026-09-27T15:14:05.6447676Z    Compressing: \\?\D:\a\wootc\wootc\out\branded-preview\pa-IN\Microsoft.ui.xaml.dll.mui
2026-09-27T15:14:05.6450954Z    Compressing: \\?\D:\a\wootc\wootc\out\branded-preview\pa-IN\Microsoft.UI.Xaml.Phone.dll.mui
2026-09-27T15:14:05.6452921Z    Compressing: \\?\D:\a\wootc\wootc\out\branded-preview\pl-PL\Microsoft.ui.xaml.dll.mui
2026-09-27T15:14:05.6455951Z    Compressing: \\?\D:\a\wootc\wootc\out\branded-preview\pl-PL\Microsoft.UI.Xaml.Phone.dll.mui
2026-09-27T15:14:05.6457827Z    Compressing: \\?\D:\a\wootc\wootc\out\branded-preview\pt-BR\Microsoft.ui.xaml.dll.mui
2026-09-27T15:14:05.6461323Z    Compressing: \\?\D:\a\wootc\wootc\out\branded-preview\pt-BR\Microsoft.UI.Xaml.Phone.dll.mui
2026-09-27T15:14:05.6462888Z    Compressing: \\?\D:\a\wootc\wootc\out\branded-preview\pt-PT\Microsoft.ui.xaml.dll.mui
2026-09-27T15:14:05.6465973Z    Compressing: \\?\D:\a\wootc\wootc\out\branded-preview\pt-PT\Microsoft.UI.Xaml.Phone.dll.mui
2026-09-27T15:14:05.6468219Z    Compressing: \\?\D:\a\wootc\wootc\out\branded-preview\quz-PE\Microsoft.ui.xaml.dll.mui
2026-09-27T15:14:05.6471520Z    Compressing: \\?\D:\a\wootc\wootc\out\branded-preview\quz-PE\Microsoft.UI.Xaml.Phone.dll.mui
2026-09-27T15:14:05.6473516Z    Compressing: \\?\D:\a\wootc\wootc\out\branded-preview\ro-RO\Microsoft.ui.xaml.dll.mui
2026-09-27T15:14:05.6476891Z    Compressing: \\?\D:\a\wootc\wootc\out\branded-preview\ro-RO\Microsoft.UI.Xaml.Phone.dll.mui
2026-09-27T15:14:05.6478686Z    Compressing: \\?\D:\a\wootc\wootc\out\branded-preview\ru-RU\Microsoft.ui.xaml.dll.mui
2026-09-27T15:14:05.6481888Z    Compressing: \\?\D:\a\wootc\wootc\out\branded-preview\ru-RU\Microsoft.UI.Xaml.Phone.dll.mui
2026-09-27T15:14:05.6483934Z    Compressing: \\?\D:\a\wootc\wootc\out\branded-preview\sk-SK\Microsoft.ui.xaml.dll.mui
2026-09-27T15:14:05.6487000Z    Compressing: \\?\D:\a\wootc\wootc\out\branded-preview\sk-SK\Microsoft.UI.Xaml.Phone.dll.mui
2026-09-27T15:14:05.6489429Z    Compressing: \\?\D:\a\wootc\wootc\out\branded-preview\sl-SI\Microsoft.ui.xaml.dll.mui
2026-09-27T15:14:05.6492575Z    Compressing: \\?\D:\a\wootc\wootc\out\branded-preview\sl-SI\Microsoft.UI.Xaml.Phone.dll.mui
2026-09-27T15:14:05.6494633Z    Compressing: \\?\D:\a\wootc\wootc\out\branded-preview\sq-AL\Microsoft.ui.xaml.dll.mui
2026-09-27T15:14:05.6498144Z    Compressing: \\?\D:\a\wootc\wootc\out\branded-preview\sq-AL\Microsoft.UI.Xaml.Phone.dll.mui
2026-09-27T15:14:05.6500125Z    Compressing: \\?\D:\a\wootc\wootc\out\branded-preview\sr-Cyrl-BA\Microsoft.ui.xaml.dll.mui
2026-09-27T15:14:05.6503642Z    Compressing: \\?\D:\a\wootc\wootc\out\branded-preview\sr-Cyrl-BA\Microsoft.UI.Xaml.Phone.dll.mui
2026-09-27T15:14:05.6505529Z    Compressing: \\?\D:\a\wootc\wootc\out\branded-preview\sr-Cyrl-RS\Microsoft.ui.xaml.dll.mui
2026-09-27T15:14:05.6508931Z    Compressing: \\?\D:\a\wootc\wootc\out\branded-preview\sr-Cyrl-RS\Microsoft.UI.Xaml.Phone.dll.mui
2026-09-27T15:14:05.6511145Z    Compressing: \\?\D:\a\wootc\wootc\out\branded-preview\sr-Latn-RS\Microsoft.ui.xaml.dll.mui
2026-09-27T15:14:05.6514179Z    Compressing: \\?\D:\a\wootc\wootc\out\branded-preview\sr-Latn-RS\Microsoft.UI.Xaml.Phone.dll.mui
2026-09-27T15:14:05.6516253Z    Compressing: \\?\D:\a\wootc\wootc\out\branded-preview\sv-SE\Microsoft.ui.xaml.dll.mui
2026-09-27T15:14:05.6519472Z    Compressing: \\?\D:\a\wootc\wootc\out\branded-preview\sv-SE\Microsoft.UI.Xaml.Phone.dll.mui
2026-09-27T15:14:05.6521924Z    Compressing: \\?\D:\a\wootc\wootc\out\branded-preview\ta-IN\Microsoft.ui.xaml.dll.mui
2026-09-27T15:14:05.6525798Z    Compressing: \\?\D:\a\wootc\wootc\out\branded-preview\ta-IN\Microsoft.UI.Xaml.Phone.dll.mui
2026-09-27T15:14:05.6528956Z    Compressing: \\?\D:\a\wootc\wootc\out\branded-preview\te-IN\Microsoft.ui.xaml.dll.mui
2026-09-27T15:14:05.6532557Z    Compressing: \\?\D:\a\wootc\wootc\out\branded-preview\te-IN\Microsoft.UI.Xaml.Phone.dll.mui
2026-09-27T15:14:05.6534667Z    Compressing: \\?\D:\a\wootc\wootc\out\branded-preview\th-TH\Microsoft.ui.xaml.dll.mui
2026-09-27T15:14:05.6537928Z    Compressing: \\?\D:\a\wootc\wootc\out\branded-preview\th-TH\Microsoft.UI.Xaml.Phone.dll.mui
2026-09-27T15:14:05.6539976Z    Compressing: \\?\D:\a\wootc\wootc\out\branded-preview\tr-TR\Microsoft.ui.xaml.dll.mui
2026-09-27T15:14:05.6543429Z    Compressing: \\?\D:\a\wootc\wootc\out\branded-preview\tr-TR\Microsoft.UI.Xaml.Phone.dll.mui
2026-09-27T15:14:05.6546621Z    Compressing: \\?\D:\a\wootc\wootc\out\branded-preview\tt-RU\Microsoft.ui.xaml.dll.mui
2026-09-27T15:14:05.6552085Z    Compressing: \\?\D:\a\wootc\wootc\out\branded-preview\tt-RU\Microsoft.UI.Xaml.Phone.dll.mui
2026-09-27T15:14:05.6554871Z    Compressing: \\?\D:\a\wootc\wootc\out\branded-preview\ug-CN\Microsoft.ui.xaml.dll.mui
2026-09-27T15:14:05.6559920Z    Compressing: \\?\D:\a\wootc\wootc\out\branded-preview\ug-CN\Microsoft.UI.Xaml.Phone.dll.mui
2026-09-27T15:14:05.6562288Z    Compressing: \\?\D:\a\wootc\wootc\out\branded-preview\uk-UA\Microsoft.ui.xaml.dll.mui
2026-09-27T15:14:05.6568015Z    Compressing: \\?\D:\a\wootc\wootc\out\branded-preview\uk-UA\Microsoft.UI.Xaml.Phone.dll.mui
2026-09-27T15:14:05.6570558Z    Compressing: \\?\D:\a\wootc\wootc\out\branded-preview\ur-PK\Microsoft.ui.xaml.dll.mui
2026-09-27T15:14:05.6575186Z    Compressing: \\?\D:\a\wootc\wootc\out\branded-preview\ur-PK\Microsoft.UI.Xaml.Phone.dll.mui
2026-09-27T15:14:05.6578043Z    Compressing: \\?\D:\a\wootc\wootc\out\branded-preview\uz-Latn-UZ\Microsoft.ui.xaml.dll.mui
2026-09-27T15:14:05.6583040Z    Compressing: \\?\D:\a\wootc\wootc\out\branded-preview\uz-Latn-UZ\Microsoft.UI.Xaml.Phone.dll.mui
2026-09-27T15:14:05.6586135Z    Compressing: \\?\D:\a\wootc\wootc\out\branded-preview\vi-VN\Microsoft.ui.xaml.dll.mui
2026-09-27T15:14:05.6591049Z    Compressing: \\?\D:\a\wootc\wootc\out\branded-preview\vi-VN\Microsoft.UI.Xaml.Phone.dll.mui
2026-09-27T15:14:05.6593729Z    Compressing: \\?\D:\a\wootc\wootc\out\branded-preview\zh-CN\Microsoft.ui.xaml.dll.mui
2026-09-27T15:14:05.6597828Z    Compressing: \\?\D:\a\wootc\wootc\out\branded-preview\zh-CN\Microsoft.UI.Xaml.Phone.dll.mui
2026-09-27T15:14:05.6600527Z    Compressing: \\?\D:\a\wootc\wootc\out\branded-preview\zh-TW\Microsoft.ui.xaml.dll.mui
2026-09-27T15:14:05.6604511Z    Compressing: \\?\D:\a\wootc\wootc\out\branded-preview\zh-TW\Microsoft.UI.Xaml.Phone.dll.mui
2026-09-27T15:14:06.3547013Z    Compressing Setup program executable
2026-09-27T15:14:06.8866982Z    Updating version info (Setup.exe)
2026-09-27T15:14:06.8867413Z    Updating manifest (Setup.exe)
2026-09-27T15:14:06.8868164Z 
2026-09-27T15:14:06.8871732Z 
2026-09-27T15:14:06.8872486Z Successful compile (42.469 sec). Resulting Setup program filename is:
2026-09-27T15:14:06.8873507Z D:\a\wootc\wootc\out\preview-installer\aurora-native-preview-68e6f4520bbd57bd24854cc92d96561bcae92a61.exe
2026-09-27T15:14:17.6394704Z   Determining projects to restore...
2026-09-27T15:14:23.9044513Z   Restored D:\a\wootc\wootc\shell\Wootc.Shell.UiTests\Wootc.Shell.UiTests.csproj (in 5.96 sec).
2026-09-27T15:14:25.2979803Z   Wootc.Shell.UiTests -> D:\a\wootc\wootc\shell\Wootc.Shell.UiTests\bin\Release\net8.0-windows10.0.19041.0\Wootc.Shell.UiTests.dll
2026-09-27T15:14:25.3147526Z Test run for D:\a\wootc\wootc\shell\Wootc.Shell.UiTests\bin\Release\net8.0-windows10.0.19041.0\Wootc.Shell.UiTests.dll (.NETCoreApp,Version=v8.0)
2026-09-27T15:14:26.1058376Z A total of 1 test files matched the specified pattern.
2026-09-27T15:14:30.2094718Z Results File: D:\a\wootc\wootc\shell\Wootc.Shell.UiTests\TestResults\installed-aurora.trx
2026-09-27T15:14:30.2098727Z 
2026-09-27T15:14:30.2149394Z Passed!  - Failed:     0, Passed:     1, Skipped:     0, Total:     1, Duration: 2 s - Wootc.Shell.UiTests.dll (net8.0)
2026-09-27T15:14:32.0694762Z PASS actual aurora preview compile/install/brand/startup RPC/uninstall with foreign-file preservation and observed test cleanup
2026-09-27T15:14:32.1182220Z ##[group]Run actions/upload-artifact@v7
2026-09-27T15:14:32.1182581Z with:
2026-09-27T15:14:32.1182795Z   name: winui-preview-package-aurora
2026-09-27T15:14:32.1183391Z   path: out/preview-installer/
out/branded-preview/native-package.json
shell/Wootc.Shell.UiTests/TestResults/*.trx

2026-09-27T15:14:32.1183950Z   if-no-files-found: error
2026-09-27T15:14:32.1184184Z   compression-level: 6
2026-09-27T15:14:32.1184389Z   overwrite: false
2026-09-27T15:14:32.1184594Z   include-hidden-files: false
2026-09-27T15:14:32.1184829Z   archive: true
2026-09-27T15:14:32.1185008Z env:
2026-09-27T15:14:32.1185212Z   DOTNET_ROOT: C:\Program Files\dotnet
2026-09-27T15:14:32.1185474Z   GOTOOLCHAIN: local
2026-09-27T15:14:32.1185674Z ##[endgroup]
2026-09-27T15:14:32.3289933Z Multiple search paths detected. Calculating the least common ancestor of all paths
2026-09-27T15:14:32.3294321Z The least common ancestor is D:\a\wootc\wootc. This will be the root directory of the artifact
2026-09-27T15:14:32.3295360Z With the provided path, there will be 8 files uploaded
2026-09-27T15:14:32.3302100Z Artifact name is valid!
2026-09-27T15:14:32.3303502Z Root directory input is valid!
2026-09-27T15:14:32.6298954Z Uploading artifact: winui-preview-package-aurora.zip
2026-09-27T15:14:32.6352176Z Beginning upload of artifact content to blob storage
2026-09-27T15:14:33.5107466Z Uploaded bytes 8388608
2026-09-27T15:14:33.8002047Z Uploaded bytes 16777216
2026-09-27T15:14:33.9618239Z Uploaded bytes 25165824
2026-09-27T15:14:34.0881786Z Uploaded bytes 33554432
2026-09-27T15:14:34.2713958Z Uploaded bytes 41943040
2026-09-27T15:14:34.4501091Z Uploaded bytes 50331648
2026-09-27T15:14:34.7652201Z Uploaded bytes 58720256
2026-09-27T15:14:34.9518355Z Uploaded bytes 67108864
2026-09-27T15:14:35.0122835Z Uploaded bytes 67918496
2026-09-27T15:14:35.0560536Z Finished uploading artifact content to blob storage!
2026-09-27T15:14:35.0567088Z SHA256 digest of uploaded artifact is 2aa4260dbd94f99de921134e52988e8e5895e21f9be4d071dfbc1d85c26ce49e
2026-09-27T15:14:35.0570844Z Finalizing artifact upload
2026-09-27T15:14:35.3610927Z Artifact winui-preview-package-aurora successfully finalized. Artifact ID 10934568812
2026-09-27T15:14:35.3612106Z Artifact winui-preview-package-aurora has been successfully uploaded! Final size is 67918496 bytes. Artifact ID is 10934568812
2026-09-27T15:14:35.3621375Z Artifact download URL: https://github.com/tuna-os/wootc/actions/runs/36328543336/artifacts/10934568812
2026-09-27T15:14:35.3994556Z Post job cleanup.
2026-09-27T15:14:35.6888574Z [command]C:\hostedtoolcache\windows\go\1.26.0\x64\bin\go.exe env GOMODCACHE
2026-09-27T15:14:35.6981387Z [command]C:\hostedtoolcache\windows\go\1.26.0\x64\bin\go.exe env GOCACHE
2026-09-27T15:14:35.7257402Z C:\Users\runneradmin\go\pkg\mod
2026-09-27T15:14:35.7332498Z C:\Users\runneradmin\AppData\Local\go-build
2026-09-27T15:14:35.7360934Z Primary key was not generated. Please check the log messages above for more errors or information
2026-09-27T15:14:35.7716092Z Post job cleanup.
2026-09-27T15:14:35.9808406Z Post job cleanup.
2026-09-27T15:14:36.1980571Z [command]"C:\Program Files\Git\bin\git.exe" version
2026-09-27T15:14:36.2278799Z git version 2.55.0.windows.5
2026-09-27T15:14:36.2354598Z Temporarily overriding HOME='D:\a\_temp\77b08f8c-72aa-496a-a8f0-f1f5095b5592' before making global git config changes
2026-09-27T15:14:36.2355977Z Adding repository directory to the temporary git global config as a safe directory
2026-09-27T15:14:36.2365804Z [command]"C:\Program Files\Git\bin\git.exe" config --global --add safe.directory D:\a\wootc\wootc
2026-09-27T15:14:36.2704876Z Removing SSH command configuration
2026-09-27T15:14:36.2716550Z [command]"C:\Program Files\Git\bin\git.exe" config --local --name-only --get-regexp core\.sshCommand
2026-09-27T15:14:36.3099274Z [command]"C:\Program Files\Git\bin\git.exe" submodule foreach --recursive "sh -c \"git config --local --name-only --get-regexp 'core\.sshCommand' && git config --local --unset-all 'core.sshCommand' || :\""
2026-09-27T15:14:36.9005976Z Removing HTTP extra header
2026-09-27T15:14:36.9015785Z [command]"C:\Program Files\Git\bin\git.exe" config --local --name-only --get-regexp http\.https\:\/\/github\.com\/\.extraheader
2026-09-27T15:14:36.9361328Z [command]"C:\Program Files\Git\bin\git.exe" submodule foreach --recursive "sh -c \"git config --local --name-only --get-regexp 'http\.https\:\/\/github\.com\/\.extraheader' && git config --local --unset-all 'http.https://github.com/.extraheader' || :\""
2026-09-27T15:14:37.5399978Z Removing includeIf entries pointing to credentials config files
2026-09-27T15:14:37.5417176Z [command]"C:\Program Files\Git\bin\git.exe" config --local --name-only --get-regexp ^includeIf\.gitdir:
2026-09-27T15:14:37.5709177Z includeif.gitdir:D:/a/wootc/wootc/.git.path
2026-09-27T15:14:37.5709760Z includeif.gitdir:D:/a/wootc/wootc/.git/worktrees/*.path
2026-09-27T15:14:37.5710406Z includeif.gitdir:/github/workspace/.git.path
2026-09-27T15:14:37.5710969Z includeif.gitdir:/github/workspace/.git/worktrees/*.path
2026-09-27T15:14:37.5758513Z [command]"C:\Program Files\Git\bin\git.exe" config --local --get-all includeif.gitdir:D:/a/wootc/wootc/.git.path
2026-09-27T15:14:37.6049214Z D:\a\_temp\git-credentials-cdc9bd40-b28c-44d0-81c0-c3a209a17fcd.config
2026-09-27T15:14:37.6102695Z [command]"C:\Program Files\Git\bin\git.exe" config --local --unset includeif.gitdir:D:/a/wootc/wootc/.git.path D\:\\a\\_temp\\git\-credentials\-cdc9bd40\-b28c\-44d0\-81c0\-c3a209a17fcd\.config
2026-09-27T15:14:37.6447194Z [command]"C:\Program Files\Git\bin\git.exe" config --local --get-all includeif.gitdir:D:/a/wootc/wootc/.git/worktrees/*.path
2026-09-27T15:14:37.6795500Z D:\a\_temp\git-credentials-cdc9bd40-b28c-44d0-81c0-c3a209a17fcd.config
2026-09-27T15:14:37.6858866Z [command]"C:\Program Files\Git\bin\git.exe" config --local --unset includeif.gitdir:D:/a/wootc/wootc/.git/worktrees/*.path D\:\\a\\_temp\\git\-credentials\-cdc9bd40\-b28c\-44d0\-81c0\-c3a209a17fcd\.config
2026-09-27T15:14:37.7204978Z [command]"C:\Program Files\Git\bin\git.exe" config --local --get-all includeif.gitdir:/github/workspace/.git.path
2026-09-27T15:14:37.7496344Z /github/runner_temp/git-credentials-cdc9bd40-b28c-44d0-81c0-c3a209a17fcd.config
2026-09-27T15:14:37.7544249Z [command]"C:\Program Files\Git\bin\git.exe" config --local --unset includeif.gitdir:/github/workspace/.git.path \/github\/runner_temp\/git\-credentials\-cdc9bd40\-b28c\-44d0\-81c0\-c3a209a17fcd\.config
2026-09-27T15:14:37.7884305Z [command]"C:\Program Files\Git\bin\git.exe" config --local --get-all includeif.gitdir:/github/workspace/.git/worktrees/*.path
2026-09-27T15:14:37.8176210Z /github/runner_temp/git-credentials-cdc9bd40-b28c-44d0-81c0-c3a209a17fcd.config
2026-09-27T15:14:37.8262081Z [command]"C:\Program Files\Git\bin\git.exe" config --local --unset includeif.gitdir:/github/workspace/.git/worktrees/*.path \/github\/runner_temp\/git\-credentials\-cdc9bd40\-b28c\-44d0\-81c0\-c3a209a17fcd\.config
2026-09-27T15:14:37.8614198Z [command]"C:\Program Files\Git\bin\git.exe" submodule foreach --recursive "git config --local --show-origin --name-only --get-regexp remote.origin.url"
2026-09-27T15:14:38.4610610Z Removing credentials config 'D:\a\_temp\git-credentials-cdc9bd40-b28c-44d0-81c0-c3a209a17fcd.config'
2026-09-27T15:14:38.4828337Z Cleaning up orphan processes
2026-09-27T15:14:38.5547127Z Terminate orphan process: pid (8296) (dotnet)
2026-09-27T15:14:38.5608824Z Terminate orphan process: pid (2712) (conhost)
2026-09-27T15:14:38.5838182Z Terminate orphan process: pid (4524) (VBCSCompiler)
2026-09-27T15:14:38.5905434Z Terminate orphan process: pid (3456) (conhost)
