2026-09-27T15:10:56.9801768Z Current runner version: '2.337.0'
2026-09-27T15:10:56.9835334Z ##[group]Runner Image Provisioner
2026-09-27T15:10:56.9836773Z Hosted Compute Agent
2026-09-27T15:10:56.9838051Z Version: 20260828.587
2026-09-27T15:10:56.9839317Z Commit: abac92662cab4cc7352de4f9f9d2e2419aad9c29
2026-09-27T15:10:56.9840602Z Build Date: 2026-08-28T16:44:25Z
2026-09-27T15:10:56.9841648Z Worker ID: {9d5f3a8c-1e5d-4358-89ce-a29c7b9b47b7}
2026-09-27T15:10:56.9842759Z Azure Region: eastus2
2026-09-27T15:10:56.9843639Z ##[endgroup]
2026-09-27T15:10:56.9846058Z ##[group]Operating System
2026-09-27T15:10:56.9847249Z Microsoft Windows Server 2025
2026-09-27T15:10:56.9848750Z 10.0.26100
2026-09-27T15:10:56.9849612Z Datacenter
2026-09-27T15:10:56.9850387Z ##[endgroup]
2026-09-27T15:10:56.9851206Z ##[group]Runner Image
2026-09-27T15:10:56.9852190Z Image: windows-2025-vs2026
2026-09-27T15:10:56.9853144Z Version: 20260922.246.2
2026-09-27T15:10:56.9855592Z Included Software: https://github.com/actions/runner-images/blob/win25-vs2026/20260922.246/images/windows/Windows2025-VS2026-Readme.md
2026-09-27T15:10:56.9858740Z Image Release: https://github.com/actions/runner-images/releases/tag/win25-vs2026%2F20260922.246
2026-09-27T15:10:56.9860568Z ##[endgroup]
2026-09-27T15:10:56.9862431Z ##[group]GITHUB_TOKEN Permissions
2026-09-27T15:10:56.9864968Z Contents: read
2026-09-27T15:10:56.9866406Z Metadata: read
2026-09-27T15:10:56.9867364Z ##[endgroup]
2026-09-27T15:10:56.9870772Z Secret source: Actions
2026-09-27T15:10:56.9872743Z Cache mode: write
2026-09-27T15:10:56.9873874Z Prepare workflow directory
2026-09-27T15:10:57.0298280Z Prepare all required actions
2026-09-27T15:10:57.0361454Z Getting action download info
2026-09-27T15:10:57.2532076Z Download action repository 'actions/checkout@v7' (SHA:3d3c42e5aac5ba805825da76410c181273ba90b1)
2026-09-27T15:10:57.3911157Z Download action repository 'actions/setup-dotnet@v6' (SHA:a98b56852c35b8e3190ac28c8c2271da59106c68)
2026-09-27T15:10:57.6498381Z Download action repository 'actions/setup-go@v7' (SHA:b7ad1dad31e06c5925ef5d2fc7ad053ef454303e)
2026-09-27T15:10:57.8866247Z Download action repository 'actions/upload-artifact@v7' (SHA:043fb46d1a93c77aae656e7c1c64a875d1fc6a0a)
2026-09-27T15:10:58.1080241Z Complete job name: Native preview XAML and packaging build
2026-09-27T15:10:58.2526474Z ##[group]Run actions/checkout@v7
2026-09-27T15:10:58.2527560Z with:
2026-09-27T15:10:58.2528078Z   repository: tuna-os/wootc
2026-09-27T15:10:58.2532577Z   token: ***
2026-09-27T15:10:58.2533318Z   ssh-strict: true
2026-09-27T15:10:58.2533831Z   ssh-user: git
2026-09-27T15:10:58.2534319Z   persist-credentials: true
2026-09-27T15:10:58.2534866Z   clean: true
2026-09-27T15:10:58.2535353Z   sparse-checkout-cone-mode: true
2026-09-27T15:10:58.2535966Z   fetch-depth: 1
2026-09-27T15:10:58.2536630Z   fetch-tags: false
2026-09-27T15:10:58.2537141Z   show-progress: true
2026-09-27T15:10:58.2537686Z   lfs: false
2026-09-27T15:10:58.2538154Z   submodules: false
2026-09-27T15:10:58.2538663Z   set-safe-directory: true
2026-09-27T15:10:58.2539248Z   allow-unsafe-pr-checkout: false
2026-09-27T15:10:58.2540147Z ##[endgroup]
2026-09-27T15:10:58.4121580Z Syncing repository: tuna-os/wootc
2026-09-27T15:10:58.4123244Z ##[group]Getting Git version info
2026-09-27T15:10:58.4123887Z Working directory is 'D:\a\wootc\wootc'
2026-09-27T15:10:58.5115777Z [command]"C:\Program Files\Git\bin\git.exe" version
2026-09-27T15:10:59.0480564Z git version 2.55.0.windows.5
2026-09-27T15:10:59.0528679Z ##[endgroup]
2026-09-27T15:10:59.0545289Z Temporarily overriding HOME='D:\a\_temp\9cb897f5-9394-4034-ae85-f1150eda269c' before making global git config changes
2026-09-27T15:10:59.0547685Z Adding repository directory to the temporary git global config as a safe directory
2026-09-27T15:10:59.0555493Z [command]"C:\Program Files\Git\bin\git.exe" config --global --add safe.directory D:\a\wootc\wootc
2026-09-27T15:10:59.1200564Z Deleting the contents of 'D:\a\wootc\wootc'
2026-09-27T15:10:59.1206428Z ##[group]Determining repository object format
2026-09-27T15:10:59.1210639Z ##[endgroup]
2026-09-27T15:10:59.1211914Z ##[group]Initializing the repository
2026-09-27T15:10:59.1216813Z [command]"C:\Program Files\Git\bin\git.exe" init D:\a\wootc\wootc
2026-09-27T15:10:59.2068808Z Initialized empty Git repository in D:/a/wootc/wootc/.git/
2026-09-27T15:10:59.2118994Z [command]"C:\Program Files\Git\bin\git.exe" remote add origin https://github.com/tuna-os/wootc
2026-09-27T15:10:59.2770485Z ##[endgroup]
2026-09-27T15:10:59.2772856Z ##[group]Disabling automatic garbage collection
2026-09-27T15:10:59.2781557Z [command]"C:\Program Files\Git\bin\git.exe" config --local gc.auto 0
2026-09-27T15:10:59.3121922Z ##[endgroup]
2026-09-27T15:10:59.3122780Z ##[group]Setting up auth
2026-09-27T15:10:59.3123269Z Removing SSH command configuration
2026-09-27T15:10:59.3133903Z [command]"C:\Program Files\Git\bin\git.exe" config --local --name-only --get-regexp core\.sshCommand
2026-09-27T15:10:59.3436896Z [command]"C:\Program Files\Git\bin\git.exe" submodule foreach --recursive "sh -c \"git config --local --name-only --get-regexp 'core\.sshCommand' && git config --local --unset-all 'core.sshCommand' || :\""
2026-09-27T15:11:00.7865502Z Removing HTTP extra header
2026-09-27T15:11:00.7874813Z [command]"C:\Program Files\Git\bin\git.exe" config --local --name-only --get-regexp http\.https\:\/\/github\.com\/\.extraheader
2026-09-27T15:11:00.8177132Z [command]"C:\Program Files\Git\bin\git.exe" submodule foreach --recursive "sh -c \"git config --local --name-only --get-regexp 'http\.https\:\/\/github\.com\/\.extraheader' && git config --local --unset-all 'http.https://github.com/.extraheader' || :\""
2026-09-27T15:11:01.3643441Z Removing includeIf entries pointing to credentials config files
2026-09-27T15:11:01.3652948Z [command]"C:\Program Files\Git\bin\git.exe" config --local --name-only --get-regexp ^includeIf\.gitdir:
2026-09-27T15:11:01.3958054Z [command]"C:\Program Files\Git\bin\git.exe" submodule foreach --recursive "git config --local --show-origin --name-only --get-regexp remote.origin.url"
2026-09-27T15:11:01.9291143Z [command]"C:\Program Files\Git\bin\git.exe" config --file D:\a\_temp\git-credentials-ee610b7b-e4f5-40d6-b4a5-6a54618bf3fe.config http.https://github.com/.extraheader "AUTHORIZATION: basic ***"
2026-09-27T15:11:01.9614210Z [command]"C:\Program Files\Git\bin\git.exe" config --local includeIf.gitdir:D:/a/wootc/wootc/.git.path D:\a\_temp\git-credentials-ee610b7b-e4f5-40d6-b4a5-6a54618bf3fe.config
2026-09-27T15:11:01.9924292Z [command]"C:\Program Files\Git\bin\git.exe" config --local includeIf.gitdir:D:/a/wootc/wootc/.git/worktrees/*.path D:\a\_temp\git-credentials-ee610b7b-e4f5-40d6-b4a5-6a54618bf3fe.config
2026-09-27T15:11:02.0266585Z [command]"C:\Program Files\Git\bin\git.exe" config --local includeIf.gitdir:/github/workspace/.git.path /github/runner_temp/git-credentials-ee610b7b-e4f5-40d6-b4a5-6a54618bf3fe.config
2026-09-27T15:11:02.0556475Z [command]"C:\Program Files\Git\bin\git.exe" config --local includeIf.gitdir:/github/workspace/.git/worktrees/*.path /github/runner_temp/git-credentials-ee610b7b-e4f5-40d6-b4a5-6a54618bf3fe.config
2026-09-27T15:11:02.0848829Z ##[endgroup]
2026-09-27T15:11:02.0849538Z ##[group]Fetching the repository
2026-09-27T15:11:02.0860368Z [command]"C:\Program Files\Git\bin\git.exe" -c protocol.version=2 fetch --no-tags --prune --no-recurse-submodules --depth=1 origin +68e6f4520bbd57bd24854cc92d96561bcae92a61:refs/remotes/pull/493/merge
2026-09-27T15:11:03.3789925Z From https://github.com/tuna-os/wootc
2026-09-27T15:11:03.3790749Z  * [new ref]         68e6f4520bbd57bd24854cc92d96561bcae92a61 -> pull/493/merge
2026-09-27T15:11:03.3831745Z ##[endgroup]
2026-09-27T15:11:03.3832320Z ##[group]Determining the checkout info
2026-09-27T15:11:03.3832909Z ##[endgroup]
2026-09-27T15:11:03.3841835Z [command]"C:\Program Files\Git\bin\git.exe" sparse-checkout disable
2026-09-27T15:11:03.4262001Z [command]"C:\Program Files\Git\bin\git.exe" config --local --unset-all extensions.worktreeConfig
2026-09-27T15:11:03.4557328Z ##[group]Checking out the ref
2026-09-27T15:11:03.4564606Z [command]"C:\Program Files\Git\bin\git.exe" checkout --progress --force refs/remotes/pull/493/merge
2026-09-27T15:11:03.8411069Z Note: switching to 'refs/remotes/pull/493/merge'.
2026-09-27T15:11:03.8411577Z 
2026-09-27T15:11:03.8411915Z You are in 'detached HEAD' state. You can look around, make experimental
2026-09-27T15:11:03.8412771Z changes and commit them, and you can discard any commits you make in this
2026-09-27T15:11:03.8413638Z state without impacting any branches by switching back to a branch.
2026-09-27T15:11:03.8414170Z 
2026-09-27T15:11:03.8414510Z If you want to create a new branch to retain commits you create, you may
2026-09-27T15:11:03.8415321Z do so (now or later) by using -c with the switch command. Example:
2026-09-27T15:11:03.8415768Z 
2026-09-27T15:11:03.8415940Z   git switch -c <new-branch-name>
2026-09-27T15:11:03.8416251Z 
2026-09-27T15:11:03.8416411Z Or undo this operation with:
2026-09-27T15:11:03.8416710Z 
2026-09-27T15:11:03.8416846Z   git switch -
2026-09-27T15:11:03.8417032Z 
2026-09-27T15:11:03.8417398Z Turn off this advice by setting config variable advice.detachedHead to false
2026-09-27T15:11:03.8417951Z 
2026-09-27T15:11:03.8418624Z HEAD is now at 68e6f45 Merge 7aee354e4e62fafa86c0d4b03ebe133f010162c7 into ce6818fb465d1cf8e9ffff4113d5b46ca5059d18
2026-09-27T15:11:03.8532313Z ##[endgroup]
2026-09-27T15:11:03.9021390Z [command]"C:\Program Files\Git\bin\git.exe" log -1 --format=%H
2026-09-27T15:11:03.9284341Z 68e6f4520bbd57bd24854cc92d96561bcae92a61
2026-09-27T15:11:03.9722398Z ##[group]Run actions/setup-dotnet@v6
2026-09-27T15:11:03.9722738Z with:
2026-09-27T15:11:03.9722952Z   global-json-file: shell/global.json
2026-09-27T15:11:03.9723218Z   cache: false
2026-09-27T15:11:03.9723399Z ##[endgroup]
2026-09-27T15:11:04.2886295Z [command]"C:\Program Files\PowerShell\7\pwsh.exe" -NoLogo -Sta -NoProfile -NonInteractive -ExecutionPolicy Unrestricted -Command & 'D:\a\_actions\actions\setup-dotnet\v6\externals\install-dotnet.ps1' -SkipNonVersionedFiles -Runtime dotnet -Channel LTS
2026-09-27T15:11:05.5742557Z dotnet-install: .NET Core Runtime with version '10.0.12' is already installed.
2026-09-27T15:11:05.7246024Z [command]"C:\Program Files\PowerShell\7\pwsh.exe" -NoLogo -Sta -NoProfile -NonInteractive -ExecutionPolicy Unrestricted -Command & 'D:\a\_actions\actions\setup-dotnet\v6\externals\install-dotnet.ps1' -SkipNonVersionedFiles -Version 8.0.425
2026-09-27T15:11:06.4020828Z dotnet-install: .NET Core SDK with version '8.0.425' is already installed.
2026-09-27T15:11:06.5045637Z ##[group]Run dotnet publish Wootc.Shell/Wootc.Shell.csproj --configuration Release --runtime win-x64 -p:Platform=x64 -p:NativeBuildId=68e6f4520bbd57bd24854cc92d96561bcae92a61 --output ../out/winui-preview
2026-09-27T15:11:06.5047235Z [36;1mdotnet publish Wootc.Shell/Wootc.Shell.csproj --configuration Release --runtime win-x64 -p:Platform=x64 -p:NativeBuildId=68e6f4520bbd57bd24854cc92d96561bcae92a61 --output ../out/winui-preview[0m
2026-09-27T15:11:06.5525162Z shell: C:\Program Files\PowerShell\7\pwsh.EXE -command ". '{0}'"
2026-09-27T15:11:06.5525614Z env:
2026-09-27T15:11:06.5525854Z   DOTNET_ROOT: C:\Program Files\dotnet
2026-09-27T15:11:06.5526175Z ##[endgroup]
2026-09-27T15:11:17.8069993Z   Determining projects to restore...
2026-09-27T15:11:19.0408395Z   Restored D:\a\wootc\wootc\shell\Wootc.Shell.Core\Wootc.Shell.Core.csproj (in 126 ms).
2026-09-27T15:11:20.6320026Z   Restored D:\a\wootc\wootc\shell\Wootc.Shell.Native\Wootc.Shell.Native.csproj (in 1.73 sec).
2026-09-27T15:11:45.6373100Z   Restored D:\a\wootc\wootc\shell\Wootc.Shell\Wootc.Shell.csproj (in 26.74 sec).
2026-09-27T15:11:52.4012773Z   Wootc.Shell.Core -> D:\a\wootc\wootc\shell\Wootc.Shell.Core\bin\x64\Release\net8.0\Wootc.Shell.Core.dll
2026-09-27T15:11:53.6054046Z   Wootc.Shell.Native -> D:\a\wootc\wootc\shell\Wootc.Shell.Native\bin\x64\Release\net8.0-windows10.0.19041.0\Wootc.Shell.Native.dll
2026-09-27T15:12:05.2311364Z   Wootc.Shell -> D:\a\wootc\wootc\shell\Wootc.Shell\bin\x64\Release\net8.0-windows10.0.19041.0\win-x64\Wootc.Shell.dll
2026-09-27T15:12:07.0197067Z   Wootc.Shell -> D:\a\wootc\wootc\out\winui-preview\
2026-09-27T15:12:07.1829495Z ##[group]Run actions/setup-go@v7
2026-09-27T15:12:07.1829827Z with:
2026-09-27T15:12:07.1830034Z   go-version-file: app/go.mod
2026-09-27T15:12:07.1830282Z   check-latest: false
2026-09-27T15:12:07.1832987Z   token: ***
2026-09-27T15:12:07.1833178Z   cache: true
2026-09-27T15:12:07.1833351Z env:
2026-09-27T15:12:07.1833537Z   DOTNET_ROOT: C:\Program Files\dotnet
2026-09-27T15:12:07.1833790Z ##[endgroup]
2026-09-27T15:12:07.3718118Z Setup go version spec 1.26.0
2026-09-27T15:12:07.3814834Z Attempting to download 1.26.0...
2026-09-27T15:12:07.8453233Z matching 1.26.0...
2026-09-27T15:12:07.8554625Z Acquiring 1.26.0 from https://github.com/actions/go-versions/releases/download/1.26.0-21889650668/go-1.26.0-win32-x64.zip
2026-09-27T15:12:08.6389861Z Extracting Go...
2026-09-27T15:12:08.7236922Z [command]"C:\Program Files\PowerShell\7\pwsh.exe" -NoLogo -NoProfile -NonInteractive -ExecutionPolicy Unrestricted -Command "$ErrorActionPreference = 'Stop' ; try { Add-Type -AssemblyName System.IO.Compression.ZipFile } catch { } ; try { [System.IO.Compression.ZipFile]::ExtractToDirectory('D:\a\_temp\go-1.26.0-win32-x64.zip', 'D:\a\_temp\b9659806-5ab9-4725-acfd-a6e8f0d244f9', $true) } catch { if (($_.Exception.GetType().FullName -eq 'System.Management.Automation.MethodException') -or ($_.Exception.GetType().FullName -eq 'System.Management.Automation.RuntimeException') ){ Expand-Archive -LiteralPath 'D:\a\_temp\go-1.26.0-win32-x64.zip' -DestinationPath 'D:\a\_temp\b9659806-5ab9-4725-acfd-a6e8f0d244f9' -Force } else { throw $_ } } ;"
2026-09-27T15:12:13.4350846Z Successfully extracted go to D:\a\_temp\b9659806-5ab9-4725-acfd-a6e8f0d244f9
2026-09-27T15:12:13.4351775Z Adding to the cache ...
2026-09-27T15:12:24.5880553Z Created link C:\hostedtoolcache\windows\go\1.26.0\x64 => D:\hostedtoolcache\windows\go\1.26.0\x64
2026-09-27T15:12:24.5925988Z Created link C:\hostedtoolcache\windows\go\1.26.0\x64.complete => D:\hostedtoolcache\windows\go\1.26.0\x64.complete
2026-09-27T15:12:24.5927211Z Successfully cached go to C:\hostedtoolcache\windows\go\1.26.0\x64
2026-09-27T15:12:24.5932390Z Added go to the path
2026-09-27T15:12:24.5934371Z Successfully set up Go version 1.26.0
2026-09-27T15:12:24.9691305Z [command]C:\hostedtoolcache\windows\go\1.26.0\x64\bin\go.exe env GOMODCACHE
2026-09-27T15:12:24.9743827Z [command]C:\hostedtoolcache\windows\go\1.26.0\x64\bin\go.exe env GOCACHE
2026-09-27T15:12:24.9993132Z C:\Users\runneradmin\go\pkg\mod
2026-09-27T15:12:25.0024047Z C:\Users\runneradmin\AppData\Local\go-build
2026-09-27T15:12:25.0062065Z ##[warning]Restore cache failed: Dependencies file is not found in D:\a\wootc\wootc. Supported file pattern: go.mod
2026-09-27T15:12:25.0074277Z go version go1.26.0 windows/amd64
2026-09-27T15:12:25.0074484Z 
2026-09-27T15:12:25.0074743Z ##[group]go env
2026-09-27T15:12:27.8556693Z set AR=ar
2026-09-27T15:12:27.8557023Z set CC=gcc
2026-09-27T15:12:27.8557414Z set CGO_CFLAGS=-O2 -g
2026-09-27T15:12:27.8557787Z set CGO_CPPFLAGS=
2026-09-27T15:12:27.8558172Z set CGO_CXXFLAGS=-O2 -g
2026-09-27T15:12:27.8558531Z set CGO_ENABLED=1
2026-09-27T15:12:27.8558851Z set CGO_FFLAGS=-O2 -g
2026-09-27T15:12:27.8559193Z set CGO_LDFLAGS=-O2 -g
2026-09-27T15:12:27.8559792Z set CXX=g++
2026-09-27T15:12:27.8560404Z set GCCGO=gccgo
2026-09-27T15:12:27.8560801Z set GO111MODULE=
2026-09-27T15:12:27.8561100Z set GOAMD64=v1
2026-09-27T15:12:27.8561394Z set GOARCH=amd64
2026-09-27T15:12:27.8561674Z set GOAUTH=netrc
2026-09-27T15:12:27.8561942Z set GOBIN=
2026-09-27T15:12:27.8562397Z set GOCACHE=C:\Users\runneradmin\AppData\Local\go-build
2026-09-27T15:12:27.8562957Z set GOCACHEPROG=
2026-09-27T15:12:27.8563243Z set GODEBUG=
2026-09-27T15:12:27.8563684Z set GOENV=C:\Users\runneradmin\AppData\Roaming\go\env
2026-09-27T15:12:27.8564170Z set GOEXE=.exe
2026-09-27T15:12:27.8564816Z set GOEXPERIMENT=
2026-09-27T15:12:27.8565123Z set GOFIPS140=off
2026-09-27T15:12:27.8565405Z set GOFLAGS=
2026-09-27T15:12:27.8568973Z set GOGCCFLAGS=-m64 -mthreads -Wl,--no-gc-sections -fmessage-length=0 -ffile-prefix-map=C:\Users\RUNNER~1\AppData\Local\Temp\go-build3373299=/tmp/go-build -gno-record-gcc-switches
2026-09-27T15:12:27.8570342Z set GOHOSTARCH=amd64
2026-09-27T15:12:27.8570694Z set GOHOSTOS=windows
2026-09-27T15:12:27.8571008Z set GOINSECURE=
2026-09-27T15:12:27.8571290Z set GOMOD=NUL
2026-09-27T15:12:27.8571688Z set GOMODCACHE=C:\Users\runneradmin\go\pkg\mod
2026-09-27T15:12:27.8572134Z set GONOPROXY=
2026-09-27T15:12:27.8572406Z set GONOSUMDB=
2026-09-27T15:12:27.8572773Z set GOOS=windows
2026-09-27T15:12:27.8573122Z set GOPATH=C:\Users\runneradmin\go
2026-09-27T15:12:27.8573804Z set GOPRIVATE=
2026-09-27T15:12:27.8574248Z set GOPROXY=https://proxy.golang.org,direct
2026-09-27T15:12:27.8575113Z set GOROOT=C:\hostedtoolcache\windows\go\1.26.0\x64
2026-09-27T15:12:27.8575630Z set GOSUMDB=sum.golang.org
2026-09-27T15:12:27.8575998Z set GOTELEMETRY=local
2026-09-27T15:12:27.8576578Z set GOTELEMETRYDIR=C:\Users\runneradmin\AppData\Roaming\go\telemetry
2026-09-27T15:12:27.8577163Z set GOTMPDIR=
2026-09-27T15:12:27.8577482Z set GOTOOLCHAIN=local
2026-09-27T15:12:27.8578108Z set GOTOOLDIR=C:\hostedtoolcache\windows\go\1.26.0\x64\pkg\tool\windows_amd64
2026-09-27T15:12:27.8578712Z set GOVCS=
2026-09-27T15:12:27.8578999Z set GOVERSION=go1.26.0
2026-09-27T15:12:27.8579300Z set GOWORK=
2026-09-27T15:12:27.8579609Z set PKG_CONFIG=pkg-config
2026-09-27T15:12:27.8579844Z 
2026-09-27T15:12:27.8580272Z ##[endgroup]
2026-09-27T15:12:27.8870026Z ##[group]Run New-Item -ItemType Directory -Force frontend/dist | Out-Null
2026-09-27T15:12:27.8870634Z [36;1mNew-Item -ItemType Directory -Force frontend/dist | Out-Null[0m
2026-09-27T15:12:27.8871246Z [36;1mSet-Content frontend/dist/index.html '<!doctype html><title>Native engine preview</title>'[0m
2026-09-27T15:12:27.8872046Z [36;1mgo build -ldflags "-X main.nativeBuildID=68e6f4520bbd57bd24854cc92d96561bcae92a61" -o ../out/winui-preview/wootc-engine.exe .[0m
2026-09-27T15:12:27.8944166Z shell: C:\Program Files\PowerShell\7\pwsh.EXE -command ". '{0}'"
2026-09-27T15:12:27.8944505Z env:
2026-09-27T15:12:27.8944696Z   DOTNET_ROOT: C:\Program Files\dotnet
2026-09-27T15:12:27.8944953Z   GOTOOLCHAIN: local
2026-09-27T15:12:27.8945156Z ##[endgroup]
2026-09-27T15:12:28.3901396Z go: downloading github.com/wailsapp/wails/v2 v2.16.0
2026-09-27T15:12:28.3902098Z go: downloading github.com/tredoe/osutil v1.5.0
2026-09-27T15:12:30.4200098Z go: downloading golang.org/x/crypto v0.57.0
2026-09-27T15:12:30.4201261Z go: downloading golang.org/x/sys v0.48.0
2026-09-27T15:12:30.4201778Z go: downloading golang.org/x/mod v0.41.0
2026-09-27T15:12:31.2428202Z go: downloading github.com/leaanthony/slicer v1.6.0
2026-09-27T15:12:31.2452157Z go: downloading github.com/leaanthony/u v1.1.1
2026-09-27T15:12:31.2876341Z go: downloading github.com/leaanthony/go-ansi-parser v1.6.1
2026-09-27T15:12:31.2901124Z go: downloading github.com/pkg/errors v0.9.1
2026-09-27T15:12:31.3247173Z go: downloading github.com/wailsapp/go-webview2 v1.0.22
2026-09-27T15:12:31.4400323Z go: downloading github.com/rivo/uniseg v0.4.7
2026-09-27T15:12:49.7962784Z ##[group]Run dotnet test Wootc.Shell.NativeTests --configuration Release -p:NativeBuildId=68e6f4520bbd57bd24854cc92d96561bcae92a61 --logger "trx;LogFileName=native-adapter.trx"
2026-09-27T15:12:49.7964173Z [36;1mdotnet test Wootc.Shell.NativeTests --configuration Release -p:NativeBuildId=68e6f4520bbd57bd24854cc92d96561bcae92a61 --logger "trx;LogFileName=native-adapter.trx"[0m
2026-09-27T15:12:49.8039570Z shell: C:\Program Files\PowerShell\7\pwsh.EXE -command ". '{0}'"
2026-09-27T15:12:49.8039925Z env:
2026-09-27T15:12:49.8040114Z   DOTNET_ROOT: C:\Program Files\dotnet
2026-09-27T15:12:49.8040374Z   GOTOOLCHAIN: local
2026-09-27T15:12:49.8040577Z ##[endgroup]
2026-09-27T15:12:50.6839621Z   Determining projects to restore...
2026-09-27T15:12:51.1281043Z   Restored D:\a\wootc\wootc\shell\Wootc.Shell.Native\Wootc.Shell.Native.csproj (in 100 ms).
2026-09-27T15:12:51.1282404Z   Restored D:\a\wootc\wootc\shell\Wootc.Shell.Core\Wootc.Shell.Core.csproj (in 93 ms).
2026-09-27T15:12:56.3174623Z   Restored D:\a\wootc\wootc\shell\Wootc.Shell.NativeTests\Wootc.Shell.NativeTests.csproj (in 5.29 sec).
2026-09-27T15:12:57.3622605Z   Wootc.Shell.Core -> D:\a\wootc\wootc\shell\Wootc.Shell.Core\bin\Release\net8.0\Wootc.Shell.Core.dll
2026-09-27T15:12:57.7468501Z   Wootc.Shell.Native -> D:\a\wootc\wootc\shell\Wootc.Shell.Native\bin\Release\net8.0-windows10.0.19041.0\Wootc.Shell.Native.dll
2026-09-27T15:12:58.4715792Z   Wootc.Shell.NativeTests -> D:\a\wootc\wootc\shell\Wootc.Shell.NativeTests\bin\Release\net8.0-windows10.0.19041.0\Wootc.Shell.NativeTests.dll
2026-09-27T15:12:58.4813380Z Test run for D:\a\wootc\wootc\shell\Wootc.Shell.NativeTests\bin\Release\net8.0-windows10.0.19041.0\Wootc.Shell.NativeTests.dll (.NETCoreApp,Version=v8.0)
2026-09-27T15:12:58.6868626Z VSTest version 17.11.1 (x64)
2026-09-27T15:12:58.6916260Z 
2026-09-27T15:12:59.0441146Z Starting test execution, please wait...
2026-09-27T15:12:59.1074993Z A total of 1 test files matched the specified pattern.
2026-09-27T15:13:00.5810747Z Results File: D:\a\wootc\wootc\shell\Wootc.Shell.NativeTests\TestResults\native-adapter.trx
2026-09-27T15:13:00.5812977Z 
2026-09-27T15:13:00.5857717Z Passed!  - Failed:     0, Passed:    30, Skipped:     0, Total:    30, Duration: 639 ms - Wootc.Shell.NativeTests.dll (net8.0)
2026-09-27T15:13:00.7886893Z ##[group]Run $env:WOOTC_NATIVE_BUILD_ID = '68e6f4520bbd57bd24854cc92d96561bcae92a61'
2026-09-27T15:13:00.7887991Z [36;1m$env:WOOTC_NATIVE_BUILD_ID = '68e6f4520bbd57bd24854cc92d96561bcae92a61'[0m
2026-09-27T15:13:00.7888765Z [36;1m$env:WOOTC_NATIVE_PREVIEW_DIAGNOSTICS = '1'[0m
2026-09-27T15:13:00.7889715Z [36;1m$env:WOOTC_NATIVE_PREVIEW_EXE = Join-Path $env:GITHUB_WORKSPACE 'out/winui-preview/Wootc.Shell.exe'[0m
2026-09-27T15:13:00.7891395Z [36;1mdotnet test Wootc.Shell.UiTests --configuration Release --filter FullyQualifiedName~StartupWindowTests --logger "trx;LogFileName=native-ui.trx"[0m
2026-09-27T15:13:00.8010231Z shell: C:\Program Files\PowerShell\7\pwsh.EXE -command ". '{0}'"
2026-09-27T15:13:00.8010818Z env:
2026-09-27T15:13:00.8011129Z   DOTNET_ROOT: C:\Program Files\dotnet
2026-09-27T15:13:00.8011561Z   GOTOOLCHAIN: local
2026-09-27T15:13:00.8011877Z ##[endgroup]
2026-09-27T15:13:01.8568780Z   Determining projects to restore...
2026-09-27T15:13:06.1903696Z   Restored D:\a\wootc\wootc\shell\Wootc.Shell.UiTests\Wootc.Shell.UiTests.csproj (in 4.11 sec).
2026-09-27T15:13:07.1405774Z   Wootc.Shell.UiTests -> D:\a\wootc\wootc\shell\Wootc.Shell.UiTests\bin\Release\net8.0-windows10.0.19041.0\Wootc.Shell.UiTests.dll
2026-09-27T15:13:07.1559130Z Test run for D:\a\wootc\wootc\shell\Wootc.Shell.UiTests\bin\Release\net8.0-windows10.0.19041.0\Wootc.Shell.UiTests.dll (.NETCoreApp,Version=v8.0)
2026-09-27T15:13:07.2602132Z VSTest version 17.11.1 (x64)
2026-09-27T15:13:07.2637621Z 
2026-09-27T15:13:07.3529086Z Starting test execution, please wait...
2026-09-27T15:13:07.3881056Z A total of 1 test files matched the specified pattern.
2026-09-27T15:13:18.9132355Z Results File: D:\a\wootc\wootc\shell\Wootc.Shell.UiTests\TestResults\native-ui.trx
2026-09-27T15:13:18.9134503Z 
2026-09-27T15:13:18.9179759Z Passed!  - Failed:     0, Passed:     2, Skipped:     0, Total:     2, Duration: 10 s - Wootc.Shell.UiTests.dll (net8.0)
2026-09-27T15:13:19.0038020Z ##[group]Run New-Item -ItemType Directory -Force out/winui-source-diagnostics | Out-Null
2026-09-27T15:13:19.0038763Z [36;1mNew-Item -ItemType Directory -Force out/winui-source-diagnostics | Out-Null[0m
2026-09-27T15:13:19.0039474Z [36;1m$resourceFiles = @(Get-ChildItem shell/Wootc.Shell/bin,out/winui-preview -Recurse -File -Filter '*.pri' |[0m
2026-09-27T15:13:19.0040317Z [36;1m  Select-Object FullName,Length,@{Name='SHA256';Expression={(Get-FileHash -LiteralPath $_.FullName -Algorithm SHA256).Hash}})[0m
2026-09-27T15:13:19.0041479Z [36;1mConvertTo-Json -InputObject $resourceFiles -Depth 3 | Set-Content -Encoding utf8 out/winui-source-diagnostics/resource-indexes.json[0m
2026-09-27T15:13:19.0042172Z [36;1mGet-ChildItem shell/Wootc.Shell/obj -Recurse -File |[0m
2026-09-27T15:13:19.0042628Z [36;1m  Where-Object { $_.Name -match '^(App|MainWindow|XamlTypeInfo)[.]g[.]' } |[0m
2026-09-27T15:13:19.0043127Z [36;1m  Copy-Item -Destination out/winui-source-diagnostics[0m
2026-09-27T15:13:19.0112640Z shell: C:\Program Files\PowerShell\7\pwsh.EXE -command ". '{0}'"
2026-09-27T15:13:19.0112997Z env:
2026-09-27T15:13:19.0113188Z   DOTNET_ROOT: C:\Program Files\dotnet
2026-09-27T15:13:19.0113441Z   GOTOOLCHAIN: local
2026-09-27T15:13:19.0113641Z ##[endgroup]
2026-09-27T15:13:19.5579719Z ##[group]Run actions/upload-artifact@v7
2026-09-27T15:13:19.5580060Z with:
2026-09-27T15:13:19.5580266Z   name: winui-preview-diagnostics
2026-09-27T15:13:19.5581208Z   path: out/winui-source-diagnostics/
out/winui-startup-events.json
out/native-startup-state-observations.json
shell/Wootc.Shell.UiTests/TestResults/*.trx
shell/Wootc.Shell.NativeTests/TestResults/*.trx

2026-09-27T15:13:19.5582131Z   if-no-files-found: error
2026-09-27T15:13:19.5582353Z   compression-level: 6
2026-09-27T15:13:19.5582553Z   overwrite: false
2026-09-27T15:13:19.5582750Z   include-hidden-files: false
2026-09-27T15:13:19.5582968Z   archive: true
2026-09-27T15:13:19.5583142Z env:
2026-09-27T15:13:19.5583320Z   DOTNET_ROOT: C:\Program Files\dotnet
2026-09-27T15:13:19.5583556Z   GOTOOLCHAIN: local
2026-09-27T15:13:19.5583741Z ##[endgroup]
2026-09-27T15:13:19.7378161Z Multiple search paths detected. Calculating the least common ancestor of all paths
2026-09-27T15:13:19.7383024Z The least common ancestor is D:\a\wootc\wootc. This will be the root directory of the artifact
2026-09-27T15:13:19.7383938Z With the provided path, there will be 9 files uploaded
2026-09-27T15:13:19.7388383Z Artifact name is valid!
2026-09-27T15:13:19.7389696Z Root directory input is valid!
2026-09-27T15:13:19.9397949Z Uploading artifact: winui-preview-diagnostics.zip
2026-09-27T15:13:19.9448481Z Beginning upload of artifact content to blob storage
2026-09-27T15:13:20.0540612Z Uploaded bytes 17667
2026-09-27T15:13:20.0716812Z Finished uploading artifact content to blob storage!
2026-09-27T15:13:20.0718533Z SHA256 digest of uploaded artifact is 9f99c55c40b56c701241c37ae228d3524c78039d728ef326c810daf23892c112
2026-09-27T15:13:20.0719671Z Finalizing artifact upload
2026-09-27T15:13:20.3101962Z Artifact winui-preview-diagnostics successfully finalized. Artifact ID 10935165921
2026-09-27T15:13:20.3103613Z Artifact winui-preview-diagnostics has been successfully uploaded! Final size is 17667 bytes. Artifact ID is 10935165921
2026-09-27T15:13:20.3111234Z Artifact download URL: https://github.com/tuna-os/wootc/actions/runs/36328543336/artifacts/10935165921
2026-09-27T15:13:20.3398558Z ##[group]Run actions/upload-artifact@v7
2026-09-27T15:13:20.3398925Z with:
2026-09-27T15:13:20.3399131Z   name: winui-preview-unpackaged
2026-09-27T15:13:20.3399624Z   path: out/winui-preview/
shell/Wootc.Shell.UiTests/TestResults/*.trx
out/winui-startup-events.json

2026-09-27T15:13:20.3400137Z   if-no-files-found: error
2026-09-27T15:13:20.3400366Z   compression-level: 6
2026-09-27T15:13:20.3400579Z   overwrite: false
2026-09-27T15:13:20.3400789Z   include-hidden-files: false
2026-09-27T15:13:20.3401020Z   archive: true
2026-09-27T15:13:20.3401190Z env:
2026-09-27T15:13:20.3401378Z   DOTNET_ROOT: C:\Program Files\dotnet
2026-09-27T15:13:20.3401637Z   GOTOOLCHAIN: local
2026-09-27T15:13:20.3401830Z ##[endgroup]
2026-09-27T15:13:20.7025965Z Multiple search paths detected. Calculating the least common ancestor of all paths
2026-09-27T15:13:20.7028882Z The least common ancestor is D:\a\wootc\wootc. This will be the root directory of the artifact
2026-09-27T15:13:20.7030303Z With the provided path, there will be 520 files uploaded
2026-09-27T15:13:20.7036477Z Artifact name is valid!
2026-09-27T15:13:20.7037827Z Root directory input is valid!
2026-09-27T15:13:20.9248988Z Uploading artifact: winui-preview-unpackaged.zip
2026-09-27T15:13:20.9292775Z Beginning upload of artifact content to blob storage
2026-09-27T15:13:21.9423958Z Uploaded bytes 8388608
2026-09-27T15:13:22.1972155Z Uploaded bytes 16777216
2026-09-27T15:13:22.9186826Z Uploaded bytes 25165824
2026-09-27T15:13:23.6245299Z Uploaded bytes 33554432
2026-09-27T15:13:24.4025075Z Uploaded bytes 41943040
2026-09-27T15:13:25.1732193Z Uploaded bytes 50331648
2026-09-27T15:13:25.8949136Z Uploaded bytes 58720256
2026-09-27T15:13:26.5855688Z Uploaded bytes 67108864
2026-09-27T15:13:27.2358096Z Uploaded bytes 75497472
2026-09-27T15:13:27.8954944Z Uploaded bytes 83886080
2026-09-27T15:13:28.4857350Z Uploaded bytes 92274688
2026-09-27T15:13:28.9290688Z Uploaded bytes 98967040
2026-09-27T15:13:28.9537794Z Finished uploading artifact content to blob storage!
2026-09-27T15:13:28.9542689Z SHA256 digest of uploaded artifact is e350b089bdc40392facbfb7442941ddda28451a59f2ba07853aed33470669aee
2026-09-27T15:13:28.9545142Z Finalizing artifact upload
2026-09-27T15:13:29.1805929Z Artifact winui-preview-unpackaged successfully finalized. Artifact ID 10935151059
2026-09-27T15:13:29.1807176Z Artifact winui-preview-unpackaged has been successfully uploaded! Final size is 98967040 bytes. Artifact ID is 10935151059
2026-09-27T15:13:29.1815767Z Artifact download URL: https://github.com/tuna-os/wootc/actions/runs/36328543336/artifacts/10935151059
2026-09-27T15:13:29.2150155Z Post job cleanup.
2026-09-27T15:13:29.4853601Z [command]C:\hostedtoolcache\windows\go\1.26.0\x64\bin\go.exe env GOCACHE
2026-09-27T15:13:29.4933147Z [command]C:\hostedtoolcache\windows\go\1.26.0\x64\bin\go.exe env GOMODCACHE
2026-09-27T15:13:29.5198721Z C:\Users\runneradmin\AppData\Local\go-build
2026-09-27T15:13:29.5251635Z C:\Users\runneradmin\go\pkg\mod
2026-09-27T15:13:29.5271840Z Primary key was not generated. Please check the log messages above for more errors or information
2026-09-27T15:13:29.5537041Z Post job cleanup.
2026-09-27T15:13:29.7243439Z Post job cleanup.
2026-09-27T15:13:29.9317416Z [command]"C:\Program Files\Git\bin\git.exe" version
2026-09-27T15:13:29.9589585Z git version 2.55.0.windows.5
2026-09-27T15:13:29.9656920Z Temporarily overriding HOME='D:\a\_temp\ad780e54-f8be-4aea-8b67-ebef67825c33' before making global git config changes
2026-09-27T15:13:29.9657993Z Adding repository directory to the temporary git global config as a safe directory
2026-09-27T15:13:29.9667608Z [command]"C:\Program Files\Git\bin\git.exe" config --global --add safe.directory D:\a\wootc\wootc
2026-09-27T15:13:29.9978938Z Removing SSH command configuration
2026-09-27T15:13:29.9993814Z [command]"C:\Program Files\Git\bin\git.exe" config --local --name-only --get-regexp core\.sshCommand
2026-09-27T15:13:30.0335413Z [command]"C:\Program Files\Git\bin\git.exe" submodule foreach --recursive "sh -c \"git config --local --name-only --get-regexp 'core\.sshCommand' && git config --local --unset-all 'core.sshCommand' || :\""
2026-09-27T15:13:30.5815507Z Removing HTTP extra header
2026-09-27T15:13:30.5825549Z [command]"C:\Program Files\Git\bin\git.exe" config --local --name-only --get-regexp http\.https\:\/\/github\.com\/\.extraheader
2026-09-27T15:13:30.6138830Z [command]"C:\Program Files\Git\bin\git.exe" submodule foreach --recursive "sh -c \"git config --local --name-only --get-regexp 'http\.https\:\/\/github\.com\/\.extraheader' && git config --local --unset-all 'http.https://github.com/.extraheader' || :\""
2026-09-27T15:13:31.1382422Z Removing includeIf entries pointing to credentials config files
2026-09-27T15:13:31.1398919Z [command]"C:\Program Files\Git\bin\git.exe" config --local --name-only --get-regexp ^includeIf\.gitdir:
2026-09-27T15:13:31.1672272Z includeif.gitdir:D:/a/wootc/wootc/.git.path
2026-09-27T15:13:31.1673304Z includeif.gitdir:D:/a/wootc/wootc/.git/worktrees/*.path
2026-09-27T15:13:31.1674306Z includeif.gitdir:/github/workspace/.git.path
2026-09-27T15:13:31.1675618Z includeif.gitdir:/github/workspace/.git/worktrees/*.path
2026-09-27T15:13:31.1711634Z [command]"C:\Program Files\Git\bin\git.exe" config --local --get-all includeif.gitdir:D:/a/wootc/wootc/.git.path
2026-09-27T15:13:31.1964360Z D:\a\_temp\git-credentials-ee610b7b-e4f5-40d6-b4a5-6a54618bf3fe.config
2026-09-27T15:13:31.2004116Z [command]"C:\Program Files\Git\bin\git.exe" config --local --unset includeif.gitdir:D:/a/wootc/wootc/.git.path D\:\\a\\_temp\\git\-credentials\-ee610b7b\-e4f5\-40d6\-b4a5\-6a54618bf3fe\.config
2026-09-27T15:13:31.2347493Z [command]"C:\Program Files\Git\bin\git.exe" config --local --get-all includeif.gitdir:D:/a/wootc/wootc/.git/worktrees/*.path
2026-09-27T15:13:31.2597633Z D:\a\_temp\git-credentials-ee610b7b-e4f5-40d6-b4a5-6a54618bf3fe.config
2026-09-27T15:13:31.2636345Z [command]"C:\Program Files\Git\bin\git.exe" config --local --unset includeif.gitdir:D:/a/wootc/wootc/.git/worktrees/*.path D\:\\a\\_temp\\git\-credentials\-ee610b7b\-e4f5\-40d6\-b4a5\-6a54618bf3fe\.config
2026-09-27T15:13:31.2921061Z [command]"C:\Program Files\Git\bin\git.exe" config --local --get-all includeif.gitdir:/github/workspace/.git.path
2026-09-27T15:13:31.3176568Z /github/runner_temp/git-credentials-ee610b7b-e4f5-40d6-b4a5-6a54618bf3fe.config
2026-09-27T15:13:31.3215987Z [command]"C:\Program Files\Git\bin\git.exe" config --local --unset includeif.gitdir:/github/workspace/.git.path \/github\/runner_temp\/git\-credentials\-ee610b7b\-e4f5\-40d6\-b4a5\-6a54618bf3fe\.config
2026-09-27T15:13:31.3507265Z [command]"C:\Program Files\Git\bin\git.exe" config --local --get-all includeif.gitdir:/github/workspace/.git/worktrees/*.path
2026-09-27T15:13:31.3752299Z /github/runner_temp/git-credentials-ee610b7b-e4f5-40d6-b4a5-6a54618bf3fe.config
2026-09-27T15:13:31.3790354Z [command]"C:\Program Files\Git\bin\git.exe" config --local --unset includeif.gitdir:/github/workspace/.git/worktrees/*.path \/github\/runner_temp\/git\-credentials\-ee610b7b\-e4f5\-40d6\-b4a5\-6a54618bf3fe\.config
2026-09-27T15:13:31.4079829Z [command]"C:\Program Files\Git\bin\git.exe" submodule foreach --recursive "git config --local --show-origin --name-only --get-regexp remote.origin.url"
2026-09-27T15:13:31.9391867Z Removing credentials config 'D:\a\_temp\git-credentials-ee610b7b-e4f5-40d6-b4a5-6a54618bf3fe.config'
2026-09-27T15:13:31.9579165Z Cleaning up orphan processes
2026-09-27T15:13:31.9691788Z Terminate orphan process: pid (7096) (dotnet)
2026-09-27T15:13:31.9760389Z Terminate orphan process: pid (7636) (conhost)
2026-09-27T15:13:31.9873877Z Terminate orphan process: pid (1360) (dotnet)
2026-09-27T15:13:31.9991098Z Terminate orphan process: pid (2308) (conhost)
