NATIVE_POWERSHELL 5.1.26100.9444
SOURCE tests/e2e/fixture-bitlocker-key.ps1 RAW_SHA256 bc1ce871b5d030c26b10715568ef1a02ead79d7ee91db87e471028afa3776fee STAGED_SHA256 8db4325510069524a52d9bb5b27bd04261fdff8e24fbb70f6febf88f76374eb9
SOURCE tests/e2e/fixture-bitlocker-protection.ps1 RAW_SHA256 c2224cf8c619f8e933a6f52467975142a549500ea30ca500863434e1dcfa8462 STAGED_SHA256 3cf5bab722e19a30b3deb5f04db8c9b650171c840c0c1502f9fa461af2d18b10
SOURCE tests/e2e/fixture-bitlocker-key.tests.ps1 RAW_SHA256 36ea43ee821b01a055c07401adbf8140223711288a1f3e187565ab4598fdba6c STAGED_SHA256 a526afb7e181c2e572b0212aaeabec96f99603c867a96d32ffb5670047e07be2
SOURCE tests/e2e/fixture-bitlocker-protection.tests.ps1 RAW_SHA256 c449029201f8982b6dc9385354bc2d27bc0c1a11b64c268994c3939f3e7fd156 STAGED_SHA256 ac3d013ff5d98fa7d81f8150656d210b5585adbbcbd378270090804d3d48507c
SOURCE tests/e2e/fixture-bitlocker-diagnostics.tests.ps1 RAW_SHA256 48dbe0292dab223e98b8054347ff6e20217cbabe070ffa092dc70192026310ba STAGED_SHA256 0a2d73841f04cf47706d7a356277cef21af3b7cc7f76353ced89cee35b9441f3
SOURCE tests/lint-ps1.ps1 RAW_SHA256 6f2083b9ed30d7747c6fc3868c3359413cbed2e75c884a7509bdf31af2fef3bf STAGED_SHA256 f122b8a52d07e877082950d9adfd87726232dddb998b17dcdd1fd0cc990b03b8
  ok C:\WINDOWS\TEMP\wootc-correlated-receipt-55f73c580ac448d88474ac97ead19fbb\wootc-correlated-receipt-a876ab1106f84a428c877c3845b93d72-0.ps1
  ok C:\WINDOWS\TEMP\wootc-correlated-receipt-55f73c580ac448d88474ac97ead19fbb\wootc-correlated-receipt-a876ab1106f84a428c877c3845b93d72-1.ps1
  ok C:\WINDOWS\TEMP\wootc-correlated-receipt-55f73c580ac448d88474ac97ead19fbb\wootc-correlated-receipt-a876ab1106f84a428c877c3845b93d72-2.ps1
  ok C:\WINDOWS\TEMP\wootc-correlated-receipt-55f73c580ac448d88474ac97ead19fbb\wootc-correlated-receipt-a876ab1106f84a428c877c3845b93d72-3.ps1
  ok C:\WINDOWS\TEMP\wootc-correlated-receipt-55f73c580ac448d88474ac97ead19fbb\wootc-correlated-receipt-a876ab1106f84a428c877c3845b93d72-4.ps1
PowerShell lint passed
PASS synthetic recovery material suppressed from success/warning/information streams and transcript
PASS missing protector created and private key verified
PASS exported key is 55 canonical ASCII characters with seven separators and CRLF, no BOM
PASS existing protector reused
bitlocker-fixture-failure {"schemaVersion":1,"scope":"recovery-export","stage":"create-recovery","failureKind":"operation-error","nativeExitCode":null,"category":14,"errors":[{"exceptionType":"System.Management.Automation.RuntimeException","hresult":-2146233087,"nativeCode":null}]}
PASS creation failure stops and removes stale key
bitlocker-fixture-failure {"schemaVersion":1,"scope":"recovery-export","stage":"validate-recovery","failureKind":"policy-refusal","nativeExitCode":null,"category":14,"errors":[{"exceptionType":"System.Management.Automation.RuntimeException","hresult":-2146233087,"nativeCode":null}]}
PASS refresh refuses missing protector
bitlocker-fixture-failure {"schemaVersion":1,"scope":"recovery-export","stage":"validate-recovery","failureKind":"policy-refusal","nativeExitCode":null,"category":14,"errors":[{"exceptionType":"System.Management.Automation.RuntimeException","hresult":-2146233087,"nativeCode":null}]}
PASS malformed password refused
bitlocker-fixture-failure {"schemaVersion":1,"scope":"recovery-export","stage":"validate-volume","failureKind":"policy-refusal","nativeExitCode":null,"category":14,"errors":[{"exceptionType":"System.Management.Automation.RuntimeException","hresult":-2146233087,"nativeCode":null}]}
PASS plaintext fixture refused
bitlocker-fixture-failure {"schemaVersion":1,"scope":"recovery-export","stage":"protect-key","failureKind":"operation-error","nativeExitCode":5,"category":14,"errors":[{"exceptionType":"System.Management.Automation.RuntimeException","hresult":-2146233087,"nativeCode":null}]}
PASS permission failure stops and removes key
PASS actual old-behavior mutant exposes synthetic warning through native transcript
PASS six enrollment/activation paths including no existing protectors and already-on no mutation
PASS 30 state/identity/TPM/export/enrollment/activation refusal controls; no secrets emitted
PASS actual private pipeline resolves three BitLocker cmdlets and Get-Tpm from Windows system modules without invoking them
PASS prior production audit refuses actual ancestor0x116; current audit accepts private child without destructive ancestor rights
BEGIN diagnostic case alreadyOn
PUBLIC_READY_BEFORE bitlocker-fixture-metadata {"schemaVersion":1,"stage":"before","mountPoint":"C:","volumeStatus":"FullyEncrypted","percentage":100,"protection":"On","tpmPresent":true,"tpmReady":true,"protectors":[{"id":"11111111-1111-4111-8111-111111111111","type":"RecoveryPassword"},{"id":"22222222-2222-4222-8222-222222222222","type":"Tpm"}]}
PUBLIC_READY_FINAL {"schemaVersion":1,"mountPoint":"C:","volumeStatus":"FullyEncrypted","percentage":100,"protection":"On","tpmPresent":true,"tpmReady":true,"protectors":[{"id":"11111111-1111-4111-8111-111111111111","type":"RecoveryPassword"},{"id":"22222222-2222-4222-8222-222222222222","type":"Tpm"}],"ready":true}
PASS actual private boundary preserves observed ready JSON and zero unnecessary enrollment/activation
BEGIN diagnostic case ancestorSiblingRights
PUBLIC_READY_BEFORE bitlocker-fixture-metadata {"schemaVersion":1,"stage":"before","mountPoint":"C:","volumeStatus":"FullyEncrypted","percentage":100,"protection":"On","tpmPresent":true,"tpmReady":true,"protectors":[{"id":"11111111-1111-4111-8111-111111111111","type":"RecoveryPassword"},{"id":"22222222-2222-4222-8222-222222222222","type":"Tpm"}]}
PUBLIC_READY_FINAL {"schemaVersion":1,"mountPoint":"C:","volumeStatus":"FullyEncrypted","percentage":100,"protection":"On","tpmPresent":true,"tpmReady":true,"protectors":[{"id":"11111111-1111-4111-8111-111111111111","type":"RecoveryPassword"},{"id":"22222222-2222-4222-8222-222222222222","type":"Tpm"}],"ready":true}
PASS actual private boundary preserves observed ready JSON and zero unnecessary enrollment/activation
BEGIN diagnostic case queryWin32
PASS diagnostic case queryWin32
BEGIN diagnostic case paused
PASS diagnostic case paused
BEGIN diagnostic case exportWin32
PASS diagnostic case exportWin32
BEGIN diagnostic case enrollWin32
PASS diagnostic case enrollWin32
BEGIN diagnostic case resumeCom
PASS diagnostic case resumeCom
BEGIN diagnostic case keyWrite
PASS diagnostic case keyWrite
BEGIN diagnostic case keyNativeExit
PASS diagnostic case keyNativeExit
BEGIN diagnostic case keyAclRead
PASS diagnostic case keyAclRead
BEGIN diagnostic case keyAclPolicy
PASS diagnostic case keyAclPolicy
BEGIN diagnostic case keyRead
PASS diagnostic case keyRead
BEGIN diagnostic case keyMismatch
PASS diagnostic case keyMismatch
BEGIN diagnostic case keyCleanup
PASS diagnostic case keyCleanup
BEGIN diagnostic case brokenDiagnostic
PASS diagnostic case brokenDiagnostic
BEGIN diagnostic case writerFailure
PASS diagnostic case writerFailure
BEGIN diagnostic case receiptOversized
PASS hostless boundary rejects unsafe record receiptOversized
BEGIN diagnostic case receiptMalformed
PASS hostless boundary rejects unsafe record receiptMalformed
BEGIN diagnostic case prefixSecret
PASS hostless boundary rejects unsafe record prefixSecret
BEGIN diagnostic case malformedRecord
PASS hostless boundary rejects unsafe record malformedRecord
BEGIN diagnostic case unknownRecord
PASS hostless boundary rejects unsafe record unknownRecord
BEGIN diagnostic case duplicateRecord
PASS hostless boundary rejects unsafe record duplicateRecord
BEGIN diagnostic case receiptRefusal
PASS diagnostic case receiptRefusal
PASS production receipt reader refuses wrongRun
PASS production receipt reader refuses missing
PASS production receipt reader refuses oversized
PASS production receipt reader refuses duplicate
PASS production receipt reader refuses secretField
PASS production receipt reader refuses malformed
PASS production receipt reader refuses directory
PASS production receipt reader refuses unsafeAcl
PASS caller-correlated receipt read and parent transcript privacy
PASS exclusive receipt creation refuses same-run collision and preserves original bytes
PASS durable before receipts validated and untrusted receipt ACL refuses all mutations
PASS actual transcript rejects public sensitive strings, key output, warnings, information, original errors and cleanup errors
PASS native isolated activation failure diagnostics
