NATIVE_POWERSHELL 5.1.26100.9444
SOURCE tests/e2e/fixture-bitlocker-key.ps1 RAW_SHA256 76127615cdc23adf18af64a1af3a08f117844bc50ba5a563d34049fc242b3cdc STAGED_SHA256 bb5b9bf55b526135a18f45a72b854ee0a7cf732efd8b1a7906134e519d69e688
SOURCE tests/e2e/fixture-bitlocker-protection.ps1 RAW_SHA256 757f6df7ded7afeb6b3dffff1fdb1129dfca908d4438e477dc30fcc7f4d66738 STAGED_SHA256 7253120c3b6fcd0d22ffe67fd41aed9c32cf46b3bf611309b298c47dfe18ca4d
SOURCE tests/e2e/fixture-bitlocker-key.tests.ps1 RAW_SHA256 d269b8272f88171bc2393874ff7d8364bc285738c4d4ffa5229f54cd988c7fd1 STAGED_SHA256 55f945081ad6564a6f8a584941424d7763f6a831a62308ed75ade434808e193c
SOURCE tests/e2e/fixture-bitlocker-protection.tests.ps1 RAW_SHA256 cf9e16d85ea6d842f72fb8d01d31c729f808af09d90ed8761b56642693820a94 STAGED_SHA256 08ee4ca5f93fc57118cceafa3ae60a9a5a9cb3e88ee78b061e0861fae4180a51
SOURCE tests/e2e/fixture-bitlocker-diagnostics.tests.ps1 RAW_SHA256 d6d9490b569db5e493401c6a19676c551bcdd1d0473ea4e9eefcec29918ec0a3 STAGED_SHA256 d11e40488195976a65d156e38030baf89878902dc938a4d9bd50b98db2da6bd0
SOURCE tests/lint-ps1.ps1 RAW_SHA256 6f2083b9ed30d7747c6fc3868c3359413cbed2e75c884a7509bdf31af2fef3bf STAGED_SHA256 f122b8a52d07e877082950d9adfd87726232dddb998b17dcdd1fd0cc990b03b8
  ok C:\WINDOWS\TEMP\wootc-activation-diagnostic-994a352125b9486a86df14c225aa8199\wootc-activation-diagnostic-09be7dd218f949cc99b2d549a383adb0-0.ps1
  ok C:\WINDOWS\TEMP\wootc-activation-diagnostic-994a352125b9486a86df14c225aa8199\wootc-activation-diagnostic-09be7dd218f949cc99b2d549a383adb0-1.ps1
  ok C:\WINDOWS\TEMP\wootc-activation-diagnostic-994a352125b9486a86df14c225aa8199\wootc-activation-diagnostic-09be7dd218f949cc99b2d549a383adb0-2.ps1
  ok C:\WINDOWS\TEMP\wootc-activation-diagnostic-994a352125b9486a86df14c225aa8199\wootc-activation-diagnostic-09be7dd218f949cc99b2d549a383adb0-3.ps1
  ok C:\WINDOWS\TEMP\wootc-activation-diagnostic-994a352125b9486a86df14c225aa8199\wootc-activation-diagnostic-09be7dd218f949cc99b2d549a383adb0-4.ps1
PowerShell lint passed
PASS synthetic recovery material suppressed from success/warning/information streams and transcript
PASS missing protector created and private key verified
PASS exported key is 55 canonical ASCII characters with seven separators and CRLF, no BOM
PASS existing protector reused
bitlocker-fixture-failure {"schemaVersion":1,"scope":"recovery-export","stage":"create-recovery","failureKind":"operation-error","nativeExitCode":null,"category":14,"errors":[{"exceptionType":"System.Management.Automation.RuntimeException","hresult":-2146233087,"nativeCode":null}]}
PASS creation failure stops and removes stale key
bitlocker-fixture-failure {"schemaVersion":1,"scope":"recovery-export","stage":"validate-recovery","failureKind":"policy-refusal","nativeExitCode":null,"category":14,"errors":[{"exceptionType":"System.Management.Automation.RuntimeException","hresult":-2146233087,"nativeCode":null}]}
PASS refresh refuses missing protector
bitlocker-fixture-failure {"schemaVersion":1,"scope":"recovery-export","stage":"validate-recovery","failureKind":"policy-refusal","nativeExitCode":null,"category":14,"errors":[{"exceptionType":"System.Management.Automation.RuntimeException","hresult":-2146233087,"nativeCode":null}]}
PASS malformed password refused
bitlocker-fixture-failure {"schemaVersion":1,"scope":"recovery-export","stage":"validate-volume","failureKind":"policy-refusal","nativeExitCode":null,"category":14,"errors":[{"exceptionType":"System.Management.Automation.RuntimeException","hresult":-2146233087,"nativeCode":null}]}
PASS plaintext fixture refused
bitlocker-fixture-failure {"schemaVersion":1,"scope":"recovery-export","stage":"protect-key","failureKind":"operation-error","nativeExitCode":5,"category":14,"errors":[{"exceptionType":"System.Management.Automation.RuntimeException","hresult":-2146233087,"nativeCode":null}]}
PASS permission failure stops and removes key
PASS actual old-behavior mutant exposes synthetic warning through native transcript
PASS six enrollment/activation paths including no existing protectors and already-on no mutation
PASS 30 state/identity/TPM/export/enrollment/activation refusal controls; no secrets emitted
PASS diagnostic case queryWin32
PASS diagnostic case paused
PASS diagnostic case exportWin32
PASS diagnostic case enrollWin32
PASS diagnostic case resumeCom
PASS diagnostic case keyWrite
PASS diagnostic case keyNativeExit
PASS diagnostic case keyAclRead
PASS diagnostic case keyAclPolicy
PASS diagnostic case keyRead
PASS diagnostic case keyMismatch
PASS diagnostic case keyCleanup
PASS diagnostic case brokenDiagnostic
PASS diagnostic case writerFailure
