2026-09-27T16:01:42.4021491Z Current runner version: '2.337.0'
2026-09-27T16:01:42.4050769Z ##[group]Runner Image Provisioner
2026-09-27T16:01:42.4051768Z Hosted Compute Agent
2026-09-27T16:01:42.4052582Z Version: 20260828.587
2026-09-27T16:01:42.4053373Z Commit: abac92662cab4cc7352de4f9f9d2e2419aad9c29
2026-09-27T16:01:42.4054411Z Build Date: 2026-08-28T16:44:25Z
2026-09-27T16:01:42.4055376Z Worker ID: {27967185-7239-4479-b9d4-6ddd350b91e0}
2026-09-27T16:01:42.4056234Z Azure Region: westus3
2026-09-27T16:01:42.4056996Z ##[endgroup]
2026-09-27T16:01:42.4058738Z ##[group]Operating System
2026-09-27T16:01:42.4059454Z Ubuntu
2026-09-27T16:01:42.4060191Z 24.04.5
2026-09-27T16:01:42.4060821Z LTS
2026-09-27T16:01:42.4061517Z ##[endgroup]
2026-09-27T16:01:42.4062247Z ##[group]Runner Image
2026-09-27T16:01:42.4063090Z Image: ubuntu-24.04
2026-09-27T16:01:42.4064172Z Version: 20260920.314.1
2026-09-27T16:01:42.4065690Z Included Software: https://github.com/actions/runner-images/blob/ubuntu24/20260920.314/images/ubuntu/Ubuntu2404-Readme.md
2026-09-27T16:01:42.4067809Z Image Release: https://github.com/actions/runner-images/releases/tag/ubuntu24%2F20260920.314
2026-09-27T16:01:42.4069030Z ##[endgroup]
2026-09-27T16:01:42.4070485Z ##[group]GITHUB_TOKEN Permissions
2026-09-27T16:01:42.4072516Z Contents: read
2026-09-27T16:01:42.4073353Z Metadata: read
2026-09-27T16:01:42.4074217Z ##[endgroup]
2026-09-27T16:01:42.4076607Z Secret source: Actions
2026-09-27T16:01:42.4077678Z Cache mode: write
2026-09-27T16:01:42.4078626Z Prepare workflow directory
2026-09-27T16:01:42.4360480Z Prepare all required actions
2026-09-27T16:01:42.4401490Z Getting action download info
2026-09-27T16:01:42.7495441Z Download action repository 'actions/checkout@v7' (SHA:3d3c42e5aac5ba805825da76410c181273ba90b1)
2026-09-27T16:01:42.8512445Z Download action repository 'actions/upload-artifact@v7' (SHA:043fb46d1a93c77aae656e7c1c64a875d1fc6a0a)
2026-09-27T16:01:43.0330643Z Complete job name: source
2026-09-27T16:01:43.0942834Z ##[group]Run actions/checkout@v7
2026-09-27T16:01:43.0943504Z with:
2026-09-27T16:01:43.0944067Z   repository: tuna-os/wootc
2026-09-27T16:01:43.0947362Z   token: ***
2026-09-27T16:01:43.0947717Z   ssh-strict: true
2026-09-27T16:01:43.0948067Z   ssh-user: git
2026-09-27T16:01:43.0948436Z   persist-credentials: true
2026-09-27T16:01:43.0948826Z   clean: true
2026-09-27T16:01:43.0949183Z   sparse-checkout-cone-mode: true
2026-09-27T16:01:43.0949591Z   fetch-depth: 1
2026-09-27T16:01:43.0949929Z   fetch-tags: false
2026-09-27T16:01:43.0950274Z   show-progress: true
2026-09-27T16:01:43.0950625Z   lfs: false
2026-09-27T16:01:43.0950975Z   submodules: false
2026-09-27T16:01:43.0951332Z   set-safe-directory: true
2026-09-27T16:01:43.0951726Z   allow-unsafe-pr-checkout: false
2026-09-27T16:01:43.0952299Z ##[endgroup]
2026-09-27T16:01:43.1774373Z Syncing repository: tuna-os/wootc
2026-09-27T16:01:43.1776352Z ##[group]Getting Git version info
2026-09-27T16:01:43.1777235Z Working directory is '/home/runner/work/wootc/wootc'
2026-09-27T16:01:43.1778374Z [command]/usr/bin/git version
2026-09-27T16:01:43.1830584Z git version 2.55.0
2026-09-27T16:01:43.1846533Z ##[endgroup]
2026-09-27T16:01:43.1858314Z Temporarily overriding HOME='/home/runner/work/_temp/8ded3887-3d6f-46e2-9e60-e8114edad612' before making global git config changes
2026-09-27T16:01:43.1860327Z Adding repository directory to the temporary git global config as a safe directory
2026-09-27T16:01:43.1873205Z [command]/usr/bin/git config --global --add safe.directory /home/runner/work/wootc/wootc
2026-09-27T16:01:43.1911273Z Deleting the contents of '/home/runner/work/wootc/wootc'
2026-09-27T16:01:43.1914039Z ##[group]Determining repository object format
2026-09-27T16:01:43.1915489Z ##[endgroup]
2026-09-27T16:01:43.1916349Z ##[group]Initializing the repository
2026-09-27T16:01:43.1918613Z [command]/usr/bin/git init /home/runner/work/wootc/wootc
2026-09-27T16:01:43.2042967Z hint: Using 'master' as the name for the initial branch. This default branch name
2026-09-27T16:01:43.2044572Z hint: will change to "main" in Git 3.0. To configure the initial branch name
2026-09-27T16:01:43.2046338Z hint: to use in all of your new repositories, which will suppress this warning,
2026-09-27T16:01:43.2047508Z hint: call:
2026-09-27T16:01:43.2048223Z hint:
2026-09-27T16:01:43.2049039Z hint: 	git config --global init.defaultBranch <name>
2026-09-27T16:01:43.2050000Z hint:
2026-09-27T16:01:43.2050895Z hint: Names commonly chosen instead of 'master' are 'main', 'trunk' and
2026-09-27T16:01:43.2052171Z hint: 'development'. The just-created branch can be renamed via this command:
2026-09-27T16:01:43.2053314Z hint:
2026-09-27T16:01:43.2054295Z hint: 	git branch -m <name>
2026-09-27T16:01:43.2055075Z hint:
2026-09-27T16:01:43.2056059Z hint: Disable this message with "git config set advice.defaultBranchName false"
2026-09-27T16:01:43.2057619Z Initialized empty Git repository in /home/runner/work/wootc/wootc/.git/
2026-09-27T16:01:43.2060102Z [command]/usr/bin/git remote add origin https://github.com/tuna-os/wootc
2026-09-27T16:01:43.2099816Z ##[endgroup]
2026-09-27T16:01:43.2100954Z ##[group]Disabling automatic garbage collection
2026-09-27T16:01:43.2103154Z [command]/usr/bin/git config --local gc.auto 0
2026-09-27T16:01:43.2137876Z ##[endgroup]
2026-09-27T16:01:43.2138765Z ##[group]Setting up auth
2026-09-27T16:01:43.2139438Z Removing SSH command configuration
2026-09-27T16:01:43.2143357Z [command]/usr/bin/git config --local --name-only --get-regexp core\.sshCommand
2026-09-27T16:01:43.2175114Z [command]/usr/bin/git submodule foreach --recursive sh -c "git config --local --name-only --get-regexp 'core\.sshCommand' && git config --local --unset-all 'core.sshCommand' || :"
2026-09-27T16:01:43.2456680Z Removing HTTP extra header
2026-09-27T16:01:43.2464193Z [command]/usr/bin/git config --local --name-only --get-regexp http\.https\:\/\/github\.com\/\.extraheader
2026-09-27T16:01:43.2497026Z [command]/usr/bin/git submodule foreach --recursive sh -c "git config --local --name-only --get-regexp 'http\.https\:\/\/github\.com\/\.extraheader' && git config --local --unset-all 'http.https://github.com/.extraheader' || :"
2026-09-27T16:01:43.2689195Z Removing includeIf entries pointing to credentials config files
2026-09-27T16:01:43.2690041Z [command]/usr/bin/git config --local --name-only --get-regexp ^includeIf\.gitdir:
2026-09-27T16:01:43.2719665Z [command]/usr/bin/git submodule foreach --recursive git config --local --show-origin --name-only --get-regexp remote.origin.url
2026-09-27T16:01:43.2909621Z [command]/usr/bin/git config --file /home/runner/work/_temp/git-credentials-97ab6825-b8b5-4fcd-9e89-46c68b17558c.config http.https://github.com/.extraheader AUTHORIZATION: basic ***
2026-09-27T16:01:43.3003851Z [command]/usr/bin/git config --local includeIf.gitdir:/home/runner/work/wootc/wootc/.git.path /home/runner/work/_temp/git-credentials-97ab6825-b8b5-4fcd-9e89-46c68b17558c.config
2026-09-27T16:01:43.3006547Z [command]/usr/bin/git config --local includeIf.gitdir:/home/runner/work/wootc/wootc/.git/worktrees/*.path /home/runner/work/_temp/git-credentials-97ab6825-b8b5-4fcd-9e89-46c68b17558c.config
2026-09-27T16:01:43.3547546Z [command]/usr/bin/git config --local includeIf.gitdir:/github/workspace/.git.path /github/runner_temp/git-credentials-97ab6825-b8b5-4fcd-9e89-46c68b17558c.config
2026-09-27T16:01:43.3585015Z [command]/usr/bin/git config --local includeIf.gitdir:/github/workspace/.git/worktrees/*.path /github/runner_temp/git-credentials-97ab6825-b8b5-4fcd-9e89-46c68b17558c.config
2026-09-27T16:01:43.3618025Z ##[endgroup]
2026-09-27T16:01:43.3619503Z ##[group]Fetching the repository
2026-09-27T16:01:43.3625969Z [command]/usr/bin/git -c protocol.version=2 fetch --no-tags --prune --no-recurse-submodules --depth=1 origin +e5b4387cf5fdf8ffe4f799aee483c5f2b30edc10:refs/remotes/pull/494/merge
2026-09-27T16:01:44.8538678Z From https://github.com/tuna-os/wootc
2026-09-27T16:01:44.8539504Z  * [new ref]         e5b4387cf5fdf8ffe4f799aee483c5f2b30edc10 -> pull/494/merge
2026-09-27T16:01:44.8545868Z ##[endgroup]
2026-09-27T16:01:44.8546541Z ##[group]Determining the checkout info
2026-09-27T16:01:44.8547481Z ##[endgroup]
2026-09-27T16:01:44.8548031Z [command]/usr/bin/git sparse-checkout disable
2026-09-27T16:01:44.8700583Z [command]/usr/bin/git config --local --unset-all extensions.worktreeConfig
2026-09-27T16:01:44.8729900Z ##[group]Checking out the ref
2026-09-27T16:01:44.8732750Z [command]/usr/bin/git checkout --progress --force refs/remotes/pull/494/merge
2026-09-27T16:01:44.9576066Z Note: switching to 'refs/remotes/pull/494/merge'.
2026-09-27T16:01:44.9576532Z 
2026-09-27T16:01:44.9576773Z You are in 'detached HEAD' state. You can look around, make experimental
2026-09-27T16:01:44.9577271Z changes and commit them, and you can discard any commits you make in this
2026-09-27T16:01:44.9577736Z state without impacting any branches by switching back to a branch.
2026-09-27T16:01:44.9578026Z 
2026-09-27T16:01:44.9578216Z If you want to create a new branch to retain commits you create, you may
2026-09-27T16:01:44.9578699Z do so (now or later) by using -c with the switch command. Example:
2026-09-27T16:01:44.9578951Z 
2026-09-27T16:01:44.9579080Z   git switch -c <new-branch-name>
2026-09-27T16:01:44.9579301Z 
2026-09-27T16:01:44.9579486Z Or undo this operation with:
2026-09-27T16:01:44.9579715Z 
2026-09-27T16:01:44.9579935Z   git switch -
2026-09-27T16:01:44.9580136Z 
2026-09-27T16:01:44.9580411Z Turn off this advice by setting config variable advice.detachedHead to false
2026-09-27T16:01:44.9580798Z 
2026-09-27T16:01:44.9581171Z HEAD is now at e5b4387 Merge 8fa0e6956cf47493bb28456ae8dfb0b38d480ed5 into a1fd5f7dcea3d4ac8c67a588d5f41c4277609822
2026-09-27T16:01:44.9586975Z ##[endgroup]
2026-09-27T16:01:44.9634353Z [command]/usr/bin/git log -1 --format=%H
2026-09-27T16:01:44.9659083Z e5b4387cf5fdf8ffe4f799aee483c5f2b30edc10
2026-09-27T16:01:44.9850745Z ##[group]Run sudo apt-get update -qq
2026-09-27T16:01:44.9851268Z [36;1msudo apt-get update -qq[0m
2026-09-27T16:01:44.9851793Z [36;1msudo apt-get install -y -qq qemu-system-x86 qemu-utils ovmf genisoimage binutils[0m
2026-09-27T16:01:45.0056608Z shell: /usr/bin/bash -e {0}
2026-09-27T16:01:45.0057076Z ##[endgroup]
2026-09-27T16:01:59.2725085Z Selecting previously unselected package msr-tools.
2026-09-27T16:01:59.2912059Z (Reading database ... 
2026-09-27T16:01:59.2912302Z (Reading database ... 5%
2026-09-27T16:01:59.2912545Z (Reading database ... 10%
2026-09-27T16:01:59.2912778Z (Reading database ... 15%
2026-09-27T16:01:59.2913058Z (Reading database ... 20%
2026-09-27T16:01:59.2977037Z (Reading database ... 25%
2026-09-27T16:01:59.2977435Z (Reading database ... 30%
2026-09-27T16:01:59.2977757Z (Reading database ... 35%
2026-09-27T16:01:59.2978050Z (Reading database ... 40%
2026-09-27T16:01:59.2978364Z (Reading database ... 45%
2026-09-27T16:01:59.2978778Z (Reading database ... 50%
2026-09-27T16:01:59.2979068Z (Reading database ... 55%
2026-09-27T16:01:59.3486457Z (Reading database ... 60%
2026-09-27T16:01:59.5542040Z (Reading database ... 65%
2026-09-27T16:01:59.7454203Z (Reading database ... 70%
2026-09-27T16:01:59.9465924Z (Reading database ... 75%
2026-09-27T16:02:00.0501650Z (Reading database ... 80%
2026-09-27T16:02:00.2059261Z (Reading database ... 85%
2026-09-27T16:02:00.3072691Z (Reading database ... 90%
2026-09-27T16:02:00.4092817Z (Reading database ... 95%
2026-09-27T16:02:00.4093223Z (Reading database ... 100%
2026-09-27T16:02:00.4093814Z (Reading database ... 202190 files and directories currently installed.)
2026-09-27T16:02:00.4134148Z Preparing to unpack .../00-msr-tools_1.3-5ubuntu0.1_amd64.deb ...
2026-09-27T16:02:00.4217539Z Unpacking msr-tools (1.3-5ubuntu0.1) ...
2026-09-27T16:02:00.4402990Z Selecting previously unselected package cpu-checker.
2026-09-27T16:02:00.4511110Z Preparing to unpack .../01-cpu-checker_0.7-1.3build2_amd64.deb ...
2026-09-27T16:02:00.4517380Z Unpacking cpu-checker (0.7-1.3build2) ...
2026-09-27T16:02:00.4691463Z Selecting previously unselected package genisoimage.
2026-09-27T16:02:00.4795722Z Preparing to unpack .../02-genisoimage_9%3a1.1.11-3.5_amd64.deb ...
2026-09-27T16:02:00.4802134Z Unpacking genisoimage (9:1.1.11-3.5) ...
2026-09-27T16:02:00.5078417Z Selecting previously unselected package libproxy1v5:amd64.
2026-09-27T16:02:00.5186162Z Preparing to unpack .../03-libproxy1v5_0.5.4-4build1_amd64.deb ...
2026-09-27T16:02:00.5200693Z Unpacking libproxy1v5:amd64 (0.5.4-4build1) ...
2026-09-27T16:02:00.5366794Z Selecting previously unselected package glib-networking-common.
2026-09-27T16:02:00.5469121Z Preparing to unpack .../04-glib-networking-common_2.80.0-1build1_all.deb ...
2026-09-27T16:02:00.5475963Z Unpacking glib-networking-common (2.80.0-1build1) ...
2026-09-27T16:02:00.5623056Z Selecting previously unselected package glib-networking-services.
2026-09-27T16:02:00.5723204Z Preparing to unpack .../05-glib-networking-services_2.80.0-1build1_amd64.deb ...
2026-09-27T16:02:00.5729799Z Unpacking glib-networking-services (2.80.0-1build1) ...
2026-09-27T16:02:00.5891743Z Selecting previously unselected package session-migration.
2026-09-27T16:02:00.5996019Z Preparing to unpack .../06-session-migration_0.3.9build1_amd64.deb ...
2026-09-27T16:02:00.6002804Z Unpacking session-migration (0.3.9build1) ...
2026-09-27T16:02:00.6175514Z Selecting previously unselected package gsettings-desktop-schemas.
2026-09-27T16:02:00.6323690Z Preparing to unpack .../07-gsettings-desktop-schemas_46.1-0ubuntu1_all.deb ...
2026-09-27T16:02:00.6332246Z Unpacking gsettings-desktop-schemas (46.1-0ubuntu1) ...
2026-09-27T16:02:00.6557450Z Selecting previously unselected package glib-networking:amd64.
2026-09-27T16:02:00.6666295Z Preparing to unpack .../08-glib-networking_2.80.0-1build1_amd64.deb ...
2026-09-27T16:02:00.6672872Z Unpacking glib-networking:amd64 (2.80.0-1build1) ...
2026-09-27T16:02:00.6852096Z Selecting previously unselected package libcdparanoia0:amd64.
2026-09-27T16:02:00.6962202Z Preparing to unpack .../09-libcdparanoia0_3.10.2+debian-14build3_amd64.deb ...
2026-09-27T16:02:00.6969547Z Unpacking libcdparanoia0:amd64 (3.10.2+debian-14build3) ...
2026-09-27T16:02:00.7150223Z Selecting previously unselected package liborc-0.4-0t64:amd64.
2026-09-27T16:02:00.7256719Z Preparing to unpack .../10-liborc-0.4-0t64_1%3a0.4.38-1ubuntu0.1_amd64.deb ...
2026-09-27T16:02:00.7263808Z Unpacking liborc-0.4-0t64:amd64 (1:0.4.38-1ubuntu0.1) ...
2026-09-27T16:02:00.7494837Z Selecting previously unselected package libgstreamer-plugins-base1.0-0:amd64.
2026-09-27T16:02:00.7601755Z Preparing to unpack .../11-libgstreamer-plugins-base1.0-0_1.24.2-1ubuntu0.5_amd64.deb ...
2026-09-27T16:02:00.7784160Z Unpacking libgstreamer-plugins-base1.0-0:amd64 (1.24.2-1ubuntu0.5) ...
2026-09-27T16:02:00.8101767Z Selecting previously unselected package libopus0:amd64.
2026-09-27T16:02:00.8209550Z Preparing to unpack .../12-libopus0_1.4-1build1_amd64.deb ...
2026-09-27T16:02:00.8216217Z Unpacking libopus0:amd64 (1.4-1build1) ...
2026-09-27T16:02:00.8402132Z Selecting previously unselected package libtheora0:amd64.
2026-09-27T16:02:00.8512306Z Preparing to unpack .../13-libtheora0_1.1.1+dfsg.1-16.1build3_amd64.deb ...
2026-09-27T16:02:00.8534500Z Unpacking libtheora0:amd64 (1.1.1+dfsg.1-16.1build3) ...
2026-09-27T16:02:00.8721618Z Selecting previously unselected package libvisual-0.4-0:amd64.
2026-09-27T16:02:00.8830100Z Preparing to unpack .../14-libvisual-0.4-0_0.4.2-2build1_amd64.deb ...
2026-09-27T16:02:00.8836268Z Unpacking libvisual-0.4-0:amd64 (0.4.2-2build1) ...
2026-09-27T16:02:00.9024653Z Selecting previously unselected package libvorbisenc2:amd64.
2026-09-27T16:02:00.9131435Z Preparing to unpack .../15-libvorbisenc2_1.3.7-1build3_amd64.deb ...
2026-09-27T16:02:00.9138198Z Unpacking libvorbisenc2:amd64 (1.3.7-1build3) ...
2026-09-27T16:02:00.9334116Z Selecting previously unselected package gstreamer1.0-plugins-base:amd64.
2026-09-27T16:02:00.9442473Z Preparing to unpack .../16-gstreamer1.0-plugins-base_1.24.2-1ubuntu0.5_amd64.deb ...
2026-09-27T16:02:00.9449179Z Unpacking gstreamer1.0-plugins-base:amd64 (1.24.2-1ubuntu0.5) ...
2026-09-27T16:02:00.9797506Z Selecting previously unselected package libaa1:amd64.
2026-09-27T16:02:00.9906889Z Preparing to unpack .../17-libaa1_1.4p5-51.1_amd64.deb ...
2026-09-27T16:02:00.9915059Z Unpacking libaa1:amd64 (1.4p5-51.1) ...
2026-09-27T16:02:01.0088794Z Selecting previously unselected package libraw1394-11:amd64.
2026-09-27T16:02:01.0197727Z Preparing to unpack .../18-libraw1394-11_2.1.2-2build3_amd64.deb ...
2026-09-27T16:02:01.0204759Z Unpacking libraw1394-11:amd64 (2.1.2-2build3) ...
2026-09-27T16:02:01.0373852Z Selecting previously unselected package libavc1394-0:amd64.
2026-09-27T16:02:01.0480737Z Preparing to unpack .../19-libavc1394-0_0.5.4-5build3_amd64.deb ...
2026-09-27T16:02:01.0491599Z Unpacking libavc1394-0:amd64 (0.5.4-5build3) ...
2026-09-27T16:02:01.0970223Z Selecting previously unselected package libcaca0:amd64.
2026-09-27T16:02:01.1080032Z Preparing to unpack .../20-libcaca0_0.99.beta20-4ubuntu0.2_amd64.deb ...
2026-09-27T16:02:01.1255641Z Unpacking libcaca0:amd64 (0.99.beta20-4ubuntu0.2) ...
2026-09-27T16:02:01.1485861Z Selecting previously unselected package libdv4t64:amd64.
2026-09-27T16:02:01.1594523Z Preparing to unpack .../21-libdv4t64_1.0.0-17.1build1_amd64.deb ...
2026-09-27T16:02:01.1603384Z Unpacking libdv4t64:amd64 (1.0.0-17.1build1) ...
2026-09-27T16:02:01.1786229Z Selecting previously unselected package libflac12t64:amd64.
2026-09-27T16:02:01.1895581Z Preparing to unpack .../22-libflac12t64_1.4.3+ds-2.1ubuntu2_amd64.deb ...
2026-09-27T16:02:01.1902821Z Unpacking libflac12t64:amd64 (1.4.3+ds-2.1ubuntu2) ...
2026-09-27T16:02:01.2082802Z Selecting previously unselected package libgstreamer-plugins-good1.0-0:amd64.
2026-09-27T16:02:01.2193796Z Preparing to unpack .../23-libgstreamer-plugins-good1.0-0_1.24.2-1ubuntu1.7_amd64.deb ...
2026-09-27T16:02:01.2199891Z Unpacking libgstreamer-plugins-good1.0-0:amd64 (1.24.2-1ubuntu1.7) ...
2026-09-27T16:02:01.2373204Z Selecting previously unselected package libiec61883-0:amd64.
2026-09-27T16:02:01.2482065Z Preparing to unpack .../24-libiec61883-0_1.2.0-6build1_amd64.deb ...
2026-09-27T16:02:01.2488366Z Unpacking libiec61883-0:amd64 (1.2.0-6build1) ...
2026-09-27T16:02:01.2652291Z Selecting previously unselected package libmp3lame0:amd64.
2026-09-27T16:02:01.2761890Z Preparing to unpack .../25-libmp3lame0_3.100-6build1_amd64.deb ...
2026-09-27T16:02:01.2767828Z Unpacking libmp3lame0:amd64 (3.100-6build1) ...
2026-09-27T16:02:01.2938972Z Selecting previously unselected package libmpg123-0t64:amd64.
2026-09-27T16:02:01.3044406Z Preparing to unpack .../26-libmpg123-0t64_1.32.5-1ubuntu1.1_amd64.deb ...
2026-09-27T16:02:01.3050334Z Unpacking libmpg123-0t64:amd64 (1.32.5-1ubuntu1.1) ...
2026-09-27T16:02:01.3243552Z Selecting previously unselected package libasyncns0:amd64.
2026-09-27T16:02:01.3348614Z Preparing to unpack .../27-libasyncns0_0.8-6build4_amd64.deb ...
2026-09-27T16:02:01.3354984Z Unpacking libasyncns0:amd64 (0.8-6build4) ...
2026-09-27T16:02:01.3525243Z Selecting previously unselected package libsndfile1:amd64.
2026-09-27T16:02:01.3634411Z Preparing to unpack .../28-libsndfile1_1.2.2-1ubuntu5.24.04.1_amd64.deb ...
2026-09-27T16:02:01.3640746Z Unpacking libsndfile1:amd64 (1.2.2-1ubuntu5.24.04.1) ...
2026-09-27T16:02:01.3834934Z Selecting previously unselected package libpulse0:amd64.
2026-09-27T16:02:01.3942471Z Preparing to unpack .../29-libpulse0_1%3a16.1+dfsg1-2ubuntu10.1_amd64.deb ...
2026-09-27T16:02:01.4052545Z Unpacking libpulse0:amd64 (1:16.1+dfsg1-2ubuntu10.1) ...
2026-09-27T16:02:01.4274405Z Selecting previously unselected package libspeex1:amd64.
2026-09-27T16:02:01.4382866Z Preparing to unpack .../30-libspeex1_1.2.1-2ubuntu2.24.04.1_amd64.deb ...
2026-09-27T16:02:01.4388572Z Unpacking libspeex1:amd64 (1.2.1-2ubuntu2.24.04.1) ...
2026-09-27T16:02:01.4560859Z Selecting previously unselected package libshout3:amd64.
2026-09-27T16:02:01.4674466Z Preparing to unpack .../31-libshout3_2.4.6-1build2_amd64.deb ...
2026-09-27T16:02:01.4694386Z Unpacking libshout3:amd64 (2.4.6-1build2) ...
2026-09-27T16:02:01.4844578Z Selecting previously unselected package libtag1v5-vanilla:amd64.
2026-09-27T16:02:01.4950376Z Preparing to unpack .../32-libtag1v5-vanilla_1.13.1-1build1_amd64.deb ...
2026-09-27T16:02:01.4956256Z Unpacking libtag1v5-vanilla:amd64 (1.13.1-1build1) ...
2026-09-27T16:02:01.5187567Z Selecting previously unselected package libtag1v5:amd64.
2026-09-27T16:02:01.5298493Z Preparing to unpack .../33-libtag1v5_1.13.1-1build1_amd64.deb ...
2026-09-27T16:02:01.5304046Z Unpacking libtag1v5:amd64 (1.13.1-1build1) ...
2026-09-27T16:02:01.5483734Z Selecting previously unselected package libtwolame0:amd64.
2026-09-27T16:02:01.5590171Z Preparing to unpack .../34-libtwolame0_0.4.0-2build3_amd64.deb ...
2026-09-27T16:02:01.5596659Z Unpacking libtwolame0:amd64 (0.4.0-2build3) ...
2026-09-27T16:02:01.5763766Z Selecting previously unselected package libv4lconvert0t64:amd64.
2026-09-27T16:02:01.5870919Z Preparing to unpack .../35-libv4lconvert0t64_1.26.1-4build3_amd64.deb ...
2026-09-27T16:02:01.5878029Z Unpacking libv4lconvert0t64:amd64 (1.26.1-4build3) ...
2026-09-27T16:02:01.6071353Z Selecting previously unselected package libv4l-0t64:amd64.
2026-09-27T16:02:01.6184212Z Preparing to unpack .../36-libv4l-0t64_1.26.1-4build3_amd64.deb ...
2026-09-27T16:02:01.6190997Z Unpacking libv4l-0t64:amd64 (1.26.1-4build3) ...
2026-09-27T16:02:01.6382163Z Selecting previously unselected package libvpx9:amd64.
2026-09-27T16:02:01.6493187Z Preparing to unpack .../37-libvpx9_1.14.0-1ubuntu2.3_amd64.deb ...
2026-09-27T16:02:01.6500537Z Unpacking libvpx9:amd64 (1.14.0-1ubuntu2.3) ...
2026-09-27T16:02:01.6928972Z Selecting previously unselected package libwavpack1:amd64.
2026-09-27T16:02:01.7041530Z Preparing to unpack .../38-libwavpack1_5.6.0-1build1_amd64.deb ...
2026-09-27T16:02:01.7048644Z Unpacking libwavpack1:amd64 (5.6.0-1build1) ...
2026-09-27T16:02:01.7229457Z Selecting previously unselected package libsoup-3.0-common.
2026-09-27T16:02:01.7341834Z Preparing to unpack .../39-libsoup-3.0-common_3.4.4-5ubuntu0.8_all.deb ...
2026-09-27T16:02:01.7352385Z Unpacking libsoup-3.0-common (3.4.4-5ubuntu0.8) ...
2026-09-27T16:02:01.7538875Z Selecting previously unselected package libsoup-3.0-0:amd64.
2026-09-27T16:02:01.7649114Z Preparing to unpack .../40-libsoup-3.0-0_3.4.4-5ubuntu0.8_amd64.deb ...
2026-09-27T16:02:01.7655507Z Unpacking libsoup-3.0-0:amd64 (3.4.4-5ubuntu0.8) ...
2026-09-27T16:02:01.8377411Z Selecting previously unselected package gstreamer1.0-plugins-good:amd64.
2026-09-27T16:02:01.8490116Z Preparing to unpack .../41-gstreamer1.0-plugins-good_1.24.2-1ubuntu1.7_amd64.deb ...
2026-09-27T16:02:01.8497352Z Unpacking gstreamer1.0-plugins-good:amd64 (1.24.2-1ubuntu1.7) ...
2026-09-27T16:02:01.9332973Z Selecting previously unselected package libxv1:amd64.
2026-09-27T16:02:01.9444208Z Preparing to unpack .../42-libxv1_2%3a1.0.11-1.1build1_amd64.deb ...
2026-09-27T16:02:01.9450532Z Unpacking libxv1:amd64 (2:1.0.11-1.1build1) ...
2026-09-27T16:02:01.9610754Z Selecting previously unselected package gstreamer1.0-x:amd64.
2026-09-27T16:02:01.9725966Z Preparing to unpack .../43-gstreamer1.0-x_1.24.2-1ubuntu0.5_amd64.deb ...
2026-09-27T16:02:01.9732441Z Unpacking gstreamer1.0-x:amd64 (1.24.2-1ubuntu0.5) ...
2026-09-27T16:02:02.0162413Z Selecting previously unselected package ipxe-qemu.
2026-09-27T16:02:02.0271747Z Preparing to unpack .../44-ipxe-qemu_1.21.1+git-20220113.fbbdc3926-0ubuntu2_all.deb ...
2026-09-27T16:02:02.0282327Z Unpacking ipxe-qemu (1.21.1+git-20220113.fbbdc3926-0ubuntu2) ...
2026-09-27T16:02:02.0726108Z Selecting previously unselected package ipxe-qemu-256k-compat-efi-roms.
2026-09-27T16:02:02.0836879Z Preparing to unpack .../45-ipxe-qemu-256k-compat-efi-roms_1.0.0+git-20150424.a25a16d-0ubuntu5_all.deb ...
2026-09-27T16:02:02.0843887Z Unpacking ipxe-qemu-256k-compat-efi-roms (1.0.0+git-20150424.a25a16d-0ubuntu5) ...
2026-09-27T16:02:02.1098304Z Selecting previously unselected package libboost-iostreams1.83.0:amd64.
2026-09-27T16:02:02.1216847Z Preparing to unpack .../46-libboost-iostreams1.83.0_1.83.0-2.1ubuntu3.2_amd64.deb ...
2026-09-27T16:02:02.1223525Z Unpacking libboost-iostreams1.83.0:amd64 (1.83.0-2.1ubuntu3.2) ...
2026-09-27T16:02:02.1837793Z Selecting previously unselected package libboost-thread1.83.0:amd64.
2026-09-27T16:02:02.1951001Z Preparing to unpack .../47-libboost-thread1.83.0_1.83.0-2.1ubuntu3.2_amd64.deb ...
2026-09-27T16:02:02.1957435Z Unpacking libboost-thread1.83.0:amd64 (1.83.0-2.1ubuntu3.2) ...
2026-09-27T16:02:02.2268777Z Selecting previously unselected package libbrlapi0.8:amd64.
2026-09-27T16:02:02.2378159Z Preparing to unpack .../48-libbrlapi0.8_6.6-4ubuntu5_amd64.deb ...
2026-09-27T16:02:02.2385363Z Unpacking libbrlapi0.8:amd64 (6.6-4ubuntu5) ...
2026-09-27T16:02:02.2589557Z Selecting previously unselected package libpcsclite1:amd64.
2026-09-27T16:02:02.2700650Z Preparing to unpack .../49-libpcsclite1_2.0.3-1build1_amd64.deb ...
2026-09-27T16:02:02.2708307Z Unpacking libpcsclite1:amd64 (2.0.3-1build1) ...
2026-09-27T16:02:02.2980336Z Selecting previously unselected package libcacard0:amd64.
2026-09-27T16:02:02.3138626Z Preparing to unpack .../50-libcacard0_1%3a2.8.0-3build4_amd64.deb ...
2026-09-27T16:02:02.3145574Z Unpacking libcacard0:amd64 (1:2.8.0-3build4) ...
2026-09-27T16:02:02.3425057Z Selecting previously unselected package libdaxctl1:amd64.
2026-09-27T16:02:02.3618573Z Preparing to unpack .../51-libdaxctl1_77-2ubuntu2_amd64.deb ...
2026-09-27T16:02:02.3625067Z Unpacking libdaxctl1:amd64 (77-2ubuntu2) ...
2026-09-27T16:02:02.3809584Z Selecting previously unselected package libdecor-0-0:amd64.
2026-09-27T16:02:02.3925672Z Preparing to unpack .../52-libdecor-0-0_0.2.2-1build2_amd64.deb ...
2026-09-27T16:02:02.3931759Z Unpacking libdecor-0-0:amd64 (0.2.2-1build2) ...
2026-09-27T16:02:02.4092362Z Selecting previously unselected package libdecor-0-plugin-1-gtk:amd64.
2026-09-27T16:02:02.4205061Z Preparing to unpack .../53-libdecor-0-plugin-1-gtk_0.2.2-1build2_amd64.deb ...
2026-09-27T16:02:02.4211263Z Unpacking libdecor-0-plugin-1-gtk:amd64 (0.2.2-1build2) ...
2026-09-27T16:02:02.4379871Z Selecting previously unselected package librdmacm1t64:amd64.
2026-09-27T16:02:02.4496311Z Preparing to unpack .../54-librdmacm1t64_50.0-2ubuntu0.2_amd64.deb ...
2026-09-27T16:02:02.4502570Z Unpacking librdmacm1t64:amd64 (50.0-2ubuntu0.2) ...
2026-09-27T16:02:02.4701554Z Selecting previously unselected package libiscsi7:amd64.
2026-09-27T16:02:02.4817100Z Preparing to unpack .../55-libiscsi7_1.19.0-3build4_amd64.deb ...
2026-09-27T16:02:02.4822901Z Unpacking libiscsi7:amd64 (1.19.0-3build4) ...
2026-09-27T16:02:02.5002431Z Selecting previously unselected package libsamplerate0:amd64.
2026-09-27T16:02:02.5116050Z Preparing to unpack .../56-libsamplerate0_0.2.2-4build1_amd64.deb ...
2026-09-27T16:02:02.5121812Z Unpacking libsamplerate0:amd64 (0.2.2-4build1) ...
2026-09-27T16:02:02.5383271Z Selecting previously unselected package libjack-jackd2-0:amd64.
2026-09-27T16:02:02.5500077Z Preparing to unpack .../57-libjack-jackd2-0_1.9.21~dfsg-3ubuntu3_amd64.deb ...
2026-09-27T16:02:02.5514452Z Unpacking libjack-jackd2-0:amd64 (1.9.21~dfsg-3ubuntu3) ...
2026-09-27T16:02:02.5756729Z Selecting previously unselected package libndctl6:amd64.
2026-09-27T16:02:02.5871710Z Preparing to unpack .../58-libndctl6_77-2ubuntu2_amd64.deb ...
2026-09-27T16:02:02.5878072Z Unpacking libndctl6:amd64 (77-2ubuntu2) ...
2026-09-27T16:02:02.6049727Z Selecting previously unselected package libnfs14:amd64.
2026-09-27T16:02:02.6164684Z Preparing to unpack .../59-libnfs14_5.0.2-1ubuntu0.24.04.1_amd64.deb ...
2026-09-27T16:02:02.6170439Z Unpacking libnfs14:amd64 (5.0.2-1ubuntu0.24.04.1) ...
2026-09-27T16:02:02.6359286Z Selecting previously unselected package libwebrtc-audio-processing1:amd64.
2026-09-27T16:02:02.6472261Z Preparing to unpack .../60-libwebrtc-audio-processing1_0.3.1-0ubuntu6_amd64.deb ...
2026-09-27T16:02:02.6610023Z Unpacking libwebrtc-audio-processing1:amd64 (0.3.1-0ubuntu6) ...
2026-09-27T16:02:02.6791010Z Selecting previously unselected package libspa-0.2-modules:amd64.
2026-09-27T16:02:02.6898425Z Preparing to unpack .../61-libspa-0.2-modules_1.0.5-1ubuntu3.3_amd64.deb ...
2026-09-27T16:02:02.6904069Z Unpacking libspa-0.2-modules:amd64 (1.0.5-1ubuntu3.3) ...
2026-09-27T16:02:02.7200168Z Selecting previously unselected package libpipewire-0.3-0t64:amd64.
2026-09-27T16:02:02.7330977Z Preparing to unpack .../62-libpipewire-0.3-0t64_1.0.5-1ubuntu3.3_amd64.deb ...
2026-09-27T16:02:02.7336858Z Unpacking libpipewire-0.3-0t64:amd64 (1.0.5-1ubuntu3.3) ...
2026-09-27T16:02:02.7556146Z Selecting previously unselected package libpipewire-0.3-common.
2026-09-27T16:02:02.7664294Z Preparing to unpack .../63-libpipewire-0.3-common_1.0.5-1ubuntu3.3_all.deb ...
2026-09-27T16:02:02.7670488Z Unpacking libpipewire-0.3-common (1.0.5-1ubuntu3.3) ...
2026-09-27T16:02:02.7831187Z Selecting previously unselected package libpmem1:amd64.
2026-09-27T16:02:02.7940466Z Preparing to unpack .../64-libpmem1_1.13.1-1.1ubuntu2_amd64.deb ...
2026-09-27T16:02:02.7946635Z Unpacking libpmem1:amd64 (1.13.1-1.1ubuntu2) ...
2026-09-27T16:02:02.8142257Z Selecting previously unselected package libpmemobj1:amd64.
2026-09-27T16:02:02.8249477Z Preparing to unpack .../65-libpmemobj1_1.13.1-1.1ubuntu2_amd64.deb ...
2026-09-27T16:02:02.8256623Z Unpacking libpmemobj1:amd64 (1.13.1-1.1ubuntu2) ...
2026-09-27T16:02:02.8587001Z Selecting previously unselected package librados2.
2026-09-27T16:02:02.8696649Z Preparing to unpack .../66-librados2_19.2.3-0ubuntu0.24.04.3_amd64.deb ...
2026-09-27T16:02:02.8703300Z Unpacking librados2 (19.2.3-0ubuntu0.24.04.3) ...
2026-09-27T16:02:02.9866437Z Selecting previously unselected package librbd1.
2026-09-27T16:02:02.9975337Z Preparing to unpack .../67-librbd1_19.2.3-0ubuntu0.24.04.3_amd64.deb ...
2026-09-27T16:02:02.9982011Z Unpacking librbd1 (19.2.3-0ubuntu0.24.04.3) ...
2026-09-27T16:02:03.0931453Z Selecting previously unselected package libsdl2-2.0-0:amd64.
2026-09-27T16:02:03.1041916Z Preparing to unpack .../68-libsdl2-2.0-0_2.30.0+dfsg-1ubuntu3.1_amd64.deb ...
2026-09-27T16:02:03.1047953Z Unpacking libsdl2-2.0-0:amd64 (2.30.0+dfsg-1ubuntu3.1) ...
2026-09-27T16:02:03.1363031Z Selecting previously unselected package libspice-server1:amd64.
2026-09-27T16:02:03.1473455Z Preparing to unpack .../69-libspice-server1_0.15.1-1build2_amd64.deb ...
2026-09-27T16:02:03.1496016Z Unpacking libspice-server1:amd64 (0.15.1-1build2) ...
2026-09-27T16:02:03.1828079Z Selecting previously unselected package liburing2:amd64.
2026-09-27T16:02:03.1936678Z Preparing to unpack .../70-liburing2_2.5-1build1_amd64.deb ...
2026-09-27T16:02:03.1942447Z Unpacking liburing2:amd64 (2.5-1build1) ...
2026-09-27T16:02:03.2113396Z Selecting previously unselected package libusbredirparser1t64:amd64.
2026-09-27T16:02:03.2230788Z Preparing to unpack .../71-libusbredirparser1t64_0.13.0-2.1build1_amd64.deb ...
2026-09-27T16:02:03.2237223Z Unpacking libusbredirparser1t64:amd64 (0.13.0-2.1build1) ...
2026-09-27T16:02:03.2406383Z Selecting previously unselected package libvirglrenderer1:amd64.
2026-09-27T16:02:03.2514140Z Preparing to unpack .../72-libvirglrenderer1_1.0.0-1ubuntu2_amd64.deb ...
2026-09-27T16:02:03.2526306Z Unpacking libvirglrenderer1:amd64 (1.0.0-1ubuntu2) ...
2026-09-27T16:02:03.2846667Z Selecting previously unselected package libvte-2.91-common.
2026-09-27T16:02:03.2956592Z Preparing to unpack .../73-libvte-2.91-common_0.76.0-1ubuntu0.1_amd64.deb ...
2026-09-27T16:02:03.2962670Z Unpacking libvte-2.91-common (0.76.0-1ubuntu0.1) ...
2026-09-27T16:02:03.3144129Z Selecting previously unselected package libvte-2.91-0:amd64.
2026-09-27T16:02:03.3253483Z Preparing to unpack .../74-libvte-2.91-0_0.76.0-1ubuntu0.1_amd64.deb ...
2026-09-27T16:02:03.3259989Z Unpacking libvte-2.91-0:amd64 (0.76.0-1ubuntu0.1) ...
2026-09-27T16:02:03.3494602Z Selecting previously unselected package libfdt1:amd64.
2026-09-27T16:02:03.3604160Z Preparing to unpack .../75-libfdt1_1.7.0-2build1_amd64.deb ...
2026-09-27T16:02:03.3974259Z Unpacking libfdt1:amd64 (1.7.0-2build1) ...
2026-09-27T16:02:03.4309840Z Selecting previously unselected package qemu-system-common.
2026-09-27T16:02:03.4421106Z Preparing to unpack .../76-qemu-system-common_1%3a8.2.2+ds-0ubuntu1.18_amd64.deb ...
2026-09-27T16:02:03.4427080Z Unpacking qemu-system-common (1:8.2.2+ds-0ubuntu1.18) ...
2026-09-27T16:02:03.5018167Z Selecting previously unselected package qemu-system-data.
2026-09-27T16:02:03.5128857Z Preparing to unpack .../77-qemu-system-data_1%3a8.2.2+ds-0ubuntu1.18_all.deb ...
2026-09-27T16:02:03.5135431Z Unpacking qemu-system-data (1:8.2.2+ds-0ubuntu1.18) ...
2026-09-27T16:02:03.5783991Z Selecting previously unselected package seabios.
2026-09-27T16:02:03.5894036Z Preparing to unpack .../78-seabios_1.16.3-2_all.deb ...
2026-09-27T16:02:03.5901444Z Unpacking seabios (1.16.3-2) ...
2026-09-27T16:02:03.6154060Z Selecting previously unselected package qemu-system-x86.
2026-09-27T16:02:03.6263386Z Preparing to unpack .../79-qemu-system-x86_1%3a8.2.2+ds-0ubuntu1.18_amd64.deb ...
2026-09-27T16:02:03.6316054Z Unpacking qemu-system-x86 (1:8.2.2+ds-0ubuntu1.18) ...
2026-09-27T16:02:04.0564209Z Selecting previously unselected package qemu-utils.
2026-09-27T16:02:04.0674280Z Preparing to unpack .../80-qemu-utils_1%3a8.2.2+ds-0ubuntu1.18_amd64.deb ...
2026-09-27T16:02:04.0684713Z Unpacking qemu-utils (1:8.2.2+ds-0ubuntu1.18) ...
2026-09-27T16:02:04.1547857Z Selecting previously unselected package qemu-block-extra.
2026-09-27T16:02:04.1657789Z Preparing to unpack .../81-qemu-block-extra_1%3a8.2.2+ds-0ubuntu1.18_amd64.deb ...
2026-09-27T16:02:04.1664803Z Unpacking qemu-block-extra (1:8.2.2+ds-0ubuntu1.18) ...
2026-09-27T16:02:04.2507092Z Selecting previously unselected package qemu-system-modules-opengl.
2026-09-27T16:02:04.2617832Z Preparing to unpack .../82-qemu-system-modules-opengl_1%3a8.2.2+ds-0ubuntu1.18_amd64.deb ...
2026-09-27T16:02:04.2622818Z Unpacking qemu-system-modules-opengl (1:8.2.2+ds-0ubuntu1.18) ...
2026-09-27T16:02:04.2904621Z Selecting previously unselected package qemu-system-gui.
2026-09-27T16:02:04.3015780Z Preparing to unpack .../83-qemu-system-gui_1%3a8.2.2+ds-0ubuntu1.18_amd64.deb ...
2026-09-27T16:02:04.3025533Z Unpacking qemu-system-gui (1:8.2.2+ds-0ubuntu1.18) ...
2026-09-27T16:02:04.3254998Z Selecting previously unselected package qemu-system-modules-spice.
2026-09-27T16:02:04.3364003Z Preparing to unpack .../84-qemu-system-modules-spice_1%3a8.2.2+ds-0ubuntu1.18_amd64.deb ...
2026-09-27T16:02:04.3369797Z Unpacking qemu-system-modules-spice (1:8.2.2+ds-0ubuntu1.18) ...
2026-09-27T16:02:04.3537061Z Selecting previously unselected package ovmf.
2026-09-27T16:02:04.3645421Z Preparing to unpack .../85-ovmf_2024.02-2ubuntu0.9_all.deb ...
2026-09-27T16:02:04.3650947Z Unpacking ovmf (2024.02-2ubuntu0.9) ...
2026-09-27T16:02:04.4965916Z Setting up libpipewire-0.3-common (1.0.5-1ubuntu3.3) ...
2026-09-27T16:02:04.4987829Z Setting up genisoimage (9:1.1.11-3.5) ...
2026-09-27T16:02:04.5004810Z Setting up libcdparanoia0:amd64 (3.10.2+debian-14build3) ...
2026-09-27T16:02:04.5019714Z Setting up session-migration (0.3.9build1) ...
2026-09-27T16:02:04.5883402Z Created symlink /etc/systemd/user/graphical-session-pre.target.wants/session-migration.service → /usr/lib/systemd/user/session-migration.service.
2026-09-27T16:02:04.5884215Z 
2026-09-27T16:02:04.5908713Z Setting up libraw1394-11:amd64 (2.1.2-2build3) ...
2026-09-27T16:02:04.5924656Z Setting up libproxy1v5:amd64 (0.5.4-4build1) ...
2026-09-27T16:02:04.5945176Z Setting up libtag1v5-vanilla:amd64 (1.13.1-1build1) ...
2026-09-27T16:02:04.5967067Z Setting up libspeex1:amd64 (1.2.1-2ubuntu2.24.04.1) ...
2026-09-27T16:02:04.5991775Z Setting up libcaca0:amd64 (0.99.beta20-4ubuntu0.2) ...
2026-09-27T16:02:04.6011047Z Setting up libv4lconvert0t64:amd64 (1.26.1-4build3) ...
2026-09-27T16:02:04.6025968Z Setting up libtwolame0:amd64 (0.4.0-2build3) ...
2026-09-27T16:02:04.6043303Z Setting up libvte-2.91-common (0.76.0-1ubuntu0.1) ...
2026-09-27T16:02:04.6071651Z Setting up libvisual-0.4-0:amd64 (0.4.2-2build1) ...
2026-09-27T16:02:04.6085049Z Setting up msr-tools (1.3-5ubuntu0.1) ...
2026-09-27T16:02:04.6097924Z Setting up libwebrtc-audio-processing1:amd64 (0.3.1-0ubuntu6) ...
2026-09-27T16:02:04.6111967Z Setting up libboost-thread1.83.0:amd64 (1.83.0-2.1ubuntu3.2) ...
2026-09-27T16:02:04.6141645Z Setting up libsoup-3.0-common (3.4.4-5ubuntu0.8) ...
2026-09-27T16:02:04.6155707Z Setting up libmpg123-0t64:amd64 (1.32.5-1ubuntu1.1) ...
2026-09-27T16:02:04.6172904Z Setting up libfdt1:amd64 (1.7.0-2build1) ...
2026-09-27T16:02:04.6187190Z Setting up libvte-2.91-0:amd64 (0.76.0-1ubuntu0.1) ...
2026-09-27T16:02:04.6203340Z Setting up libnfs14:amd64 (5.0.2-1ubuntu0.24.04.1) ...
2026-09-27T16:02:04.6224958Z Setting up liborc-0.4-0t64:amd64 (1:0.4.38-1ubuntu0.1) ...
2026-09-27T16:02:04.6238647Z Setting up ovmf (2024.02-2ubuntu0.9) ...
2026-09-27T16:02:04.6254560Z Setting up libvirglrenderer1:amd64 (1.0.0-1ubuntu2) ...
2026-09-27T16:02:04.6268723Z Setting up libspa-0.2-modules:amd64 (1.0.5-1ubuntu3.3) ...
2026-09-27T16:02:04.6306357Z Setting up libboost-iostreams1.83.0:amd64 (1.83.0-2.1ubuntu3.2) ...
2026-09-27T16:02:04.6406167Z Setting up libopus0:amd64 (1.4-1build1) ...
2026-09-27T16:02:04.6421290Z Setting up libxv1:amd64 (2:1.0.11-1.1build1) ...
2026-09-27T16:02:04.6436515Z Setting up libdv4t64:amd64 (1.0.0-17.1build1) ...
2026-09-27T16:02:04.6459937Z Setting up libpcsclite1:amd64 (2.0.3-1build1) ...
2026-09-27T16:02:04.6476716Z Setting up libdaxctl1:amd64 (77-2ubuntu2) ...
2026-09-27T16:02:04.6496493Z Setting up qemu-system-data (1:8.2.2+ds-0ubuntu1.18) ...
2026-09-27T16:02:04.6511089Z Setting up seabios (1.16.3-2) ...
2026-09-27T16:02:04.6525937Z Setting up libv4l-0t64:amd64 (1.26.1-4build3) ...
2026-09-27T16:02:04.6545978Z Setting up libvpx9:amd64 (1.14.0-1ubuntu2.3) ...
2026-09-27T16:02:04.6560879Z Setting up libtag1v5:amd64 (1.13.1-1build1) ...
2026-09-27T16:02:04.6578661Z Setting up cpu-checker (0.7-1.3build2) ...
2026-09-27T16:02:04.6594500Z Setting up libasyncns0:amd64 (0.8-6build4) ...
2026-09-27T16:02:04.6609321Z Setting up libwavpack1:amd64 (5.6.0-1build1) ...
2026-09-27T16:02:04.6637869Z Setting up libusbredirparser1t64:amd64 (0.13.0-2.1build1) ...
2026-09-27T16:02:04.6651531Z Setting up ipxe-qemu (1.21.1+git-20220113.fbbdc3926-0ubuntu2) ...
2026-09-27T16:02:04.6667594Z Setting up libtheora0:amd64 (1.1.1+dfsg.1-16.1build3) ...
2026-09-27T16:02:04.6683428Z Setting up libdecor-0-0:amd64 (0.2.2-1build2) ...
2026-09-27T16:02:04.6697517Z Setting up libndctl6:amd64 (77-2ubuntu2) ...
2026-09-27T16:02:04.6713177Z Setting up librdmacm1t64:amd64 (50.0-2ubuntu0.2) ...
2026-09-27T16:02:04.6727681Z Setting up ipxe-qemu-256k-compat-efi-roms (1.0.0+git-20150424.a25a16d-0ubuntu5) ...
2026-09-27T16:02:04.6743222Z Setting up libflac12t64:amd64 (1.4.3+ds-2.1ubuntu2) ...
2026-09-27T16:02:04.6758777Z Setting up libbrlapi0.8:amd64 (6.6-4ubuntu5) ...
2026-09-27T16:02:04.6773186Z Setting up glib-networking-common (2.80.0-1build1) ...
2026-09-27T16:02:04.6789070Z Setting up liburing2:amd64 (2.5-1build1) ...
2026-09-27T16:02:04.6833195Z Setting up libiscsi7:amd64 (1.19.0-3build4) ...
2026-09-27T16:02:04.6859684Z Setting up libsamplerate0:amd64 (0.2.2-4build1) ...
2026-09-27T16:02:04.6914677Z Setting up libpmem1:amd64 (1.13.1-1.1ubuntu2) ...
2026-09-27T16:02:04.6932980Z Setting up libpipewire-0.3-0t64:amd64 (1.0.5-1ubuntu3.3) ...
2026-09-27T16:02:04.6965450Z Setting up libdecor-0-plugin-1-gtk:amd64 (0.2.2-1build2) ...
2026-09-27T16:02:04.6980307Z Setting up libmp3lame0:amd64 (3.100-6build1) ...
2026-09-27T16:02:04.6995550Z Setting up libvorbisenc2:amd64 (1.3.7-1build3) ...
2026-09-27T16:02:04.7012997Z Setting up libaa1:amd64 (1.4p5-51.1) ...
2026-09-27T16:02:04.7036567Z Setting up libiec61883-0:amd64 (1.2.0-6build1) ...
2026-09-27T16:02:04.7052789Z Setting up libavc1394-0:amd64 (0.5.4-5build3) ...
2026-09-27T16:02:04.7074566Z Setting up gsettings-desktop-schemas (46.1-0ubuntu1) ...
2026-09-27T16:02:04.7091327Z Setting up glib-networking-services (2.80.0-1build1) ...
2026-09-27T16:02:04.7128107Z Setting up librados2 (19.2.3-0ubuntu0.24.04.3) ...
2026-09-27T16:02:04.7144203Z Setting up libgstreamer-plugins-base1.0-0:amd64 (1.24.2-1ubuntu0.5) ...
2026-09-27T16:02:04.7158446Z Setting up libcacard0:amd64 (1:2.8.0-3build4) ...
2026-09-27T16:02:04.7179543Z Setting up libgstreamer-plugins-good1.0-0:amd64 (1.24.2-1ubuntu1.7) ...
2026-09-27T16:02:04.7191377Z Setting up gstreamer1.0-plugins-base:amd64 (1.24.2-1ubuntu0.5) ...
2026-09-27T16:02:04.7209259Z Setting up libshout3:amd64 (2.4.6-1build2) ...
2026-09-27T16:02:04.7224474Z Setting up libpmemobj1:amd64 (1.13.1-1.1ubuntu2) ...
2026-09-27T16:02:04.7240487Z Setting up librbd1 (19.2.3-0ubuntu0.24.04.3) ...
2026-09-27T16:02:04.7259133Z Setting up libjack-jackd2-0:amd64 (1.9.21~dfsg-3ubuntu3) ...
2026-09-27T16:02:04.7274182Z Setting up libsndfile1:amd64 (1.2.2-1ubuntu5.24.04.1) ...
2026-09-27T16:02:04.7289285Z Setting up qemu-utils (1:8.2.2+ds-0ubuntu1.18) ...
2026-09-27T16:02:04.7305443Z Setting up qemu-block-extra (1:8.2.2+ds-0ubuntu1.18) ...
2026-09-27T16:02:04.8124735Z Created symlink /etc/systemd/system/multi-user.target.wants/run-qemu.mount → /usr/lib/systemd/system/run-qemu.mount.
2026-09-27T16:02:04.8125156Z 
2026-09-27T16:02:05.5143192Z Setting up gstreamer1.0-x:amd64 (1.24.2-1ubuntu0.5) ...
2026-09-27T16:02:05.5159336Z Setting up qemu-system-common (1:8.2.2+ds-0ubuntu1.18) ...
2026-09-27T16:02:05.5984293Z Created symlink /etc/systemd/system/multi-user.target.wants/qemu-kvm.service → /usr/lib/systemd/system/qemu-kvm.service.
2026-09-27T16:02:05.5984724Z 
2026-09-27T16:02:05.8593174Z Setting up libpulse0:amd64 (1:16.1+dfsg1-2ubuntu10.1) ...
2026-09-27T16:02:05.8651427Z Setting up libspice-server1:amd64 (0.15.1-1build2) ...
2026-09-27T16:02:05.8666937Z Setting up qemu-system-x86 (1:8.2.2+ds-0ubuntu1.18) ...
2026-09-27T16:02:05.8719758Z Setting up libsdl2-2.0-0:amd64 (2.30.0+dfsg-1ubuntu3.1) ...
2026-09-27T16:02:05.8735987Z Setting up qemu-system-modules-opengl (1:8.2.2+ds-0ubuntu1.18) ...
2026-09-27T16:02:05.8751514Z Setting up qemu-system-gui (1:8.2.2+ds-0ubuntu1.18) ...
2026-09-27T16:02:05.9255825Z Setting up qemu-system-modules-spice (1:8.2.2+ds-0ubuntu1.18) ...
2026-09-27T16:02:05.9310527Z Processing triggers for hicolor-icon-theme (0.17-2) ...
2026-09-27T16:02:05.9843373Z Processing triggers for libc-bin (2.39-0ubuntu8.9) ...
2026-09-27T16:02:06.1493037Z Processing triggers for man-db (2.12.0-4build2) ...
2026-09-27T16:02:06.1510425Z Not building database; man-db/auto-update is not 'true'.
2026-09-27T16:02:06.1520606Z Processing triggers for libglib2.0-0t64:amd64 (2.80.0-6ubuntu3.8) ...
2026-09-27T16:02:06.1697224Z Setting up glib-networking:amd64 (2.80.0-1build1) ...
2026-09-27T16:02:06.1725823Z Setting up libsoup-3.0-0:amd64 (3.4.4-5ubuntu0.8) ...
2026-09-27T16:02:06.1755476Z Setting up gstreamer1.0-plugins-good:amd64 (1.24.2-1ubuntu1.7) ...
2026-09-27T16:02:06.1770924Z Processing triggers for libc-bin (2.39-0ubuntu8.9) ...
2026-09-27T16:02:06.6795484Z 
2026-09-27T16:02:06.6796129Z Running kernel seems to be up-to-date.
2026-09-27T16:02:06.6796425Z 
2026-09-27T16:02:06.6796543Z No services need to be restarted.
2026-09-27T16:02:06.6796758Z 
2026-09-27T16:02:06.6796880Z No containers need to be restarted.
2026-09-27T16:02:06.6797137Z 
2026-09-27T16:02:06.6797272Z No user sessions are running outdated binaries.
2026-09-27T16:02:06.6797513Z 
2026-09-27T16:02:06.6797746Z No VM guests are running outdated hypervisor (qemu) binaries on this host.
2026-09-27T16:02:07.5034808Z ##[group]Run HOST_DATA_PREFIX="/run/wootc-package-host-$GITHUB_RUN_ID-$GITHUB_RUN_ATTEMPT"
2026-09-27T16:02:07.5035346Z [36;1mHOST_DATA_PREFIX="/run/wootc-package-host-$GITHUB_RUN_ID-$GITHUB_RUN_ATTEMPT"[0m
2026-09-27T16:02:07.5035909Z [36;1msudo --preserve-env=GITHUB_ACTIONS,RUNNER_ENVIRONMENT,RUNNER_OS,GITHUB_RUN_ID,GITHUB_RUN_ATTEMPT,GITHUB_SHA,RUNNER_TEMP \[0m
2026-09-27T16:02:07.5036452Z [36;1m  /usr/bin/python3 tests/e2e/package-runtime/host-data.py "$HOST_DATA_PREFIX"[0m
2026-09-27T16:02:07.5037016Z [36;1msudo --preserve-env=GITHUB_ACTIONS,RUNNER_ENVIRONMENT,RUNNER_OS,GITHUB_RUN_ID,GITHUB_RUN_ATTEMPT,GITHUB_SHA,RUNNER_TEMP \[0m
2026-09-27T16:02:07.5037611Z [36;1m  /usr/bin/python3 tests/e2e/package-runtime/host-namespace.py "$HOST_DATA_PREFIX" --probe[0m
2026-09-27T16:02:07.5095364Z shell: /usr/bin/bash -e {0}
2026-09-27T16:02:07.5095586Z ##[endgroup]
2026-09-27T16:02:20.9819528Z {"complete": true, "runtimeExecuted": false}
2026-09-27T16:02:21.1617159Z {"beforeNamespace": "mnt:[4026531832]", "bindings": {"usr/lib/ipxe/qemu": "/usr/lib/ipxe/qemu", "usr/share": "/usr/share"}, "kernelReadonlyWriteRefusals": ["/usr/share", "/usr/lib/ipxe/qemu"], "privateNamespace": "mnt:[4026532313]", "runtimeExecuted": false}
2026-09-27T16:02:22.4141312Z {"actualDataSearchRoots": ["/run/wootc-package-host-36331691668-1/usr/share/qemu", "/usr/share/qemu", "/usr/share/seabios", "/usr/lib/ipxe/qemu"], "protectedFiles": 284, "runtimeExecuted": false}
2026-09-27T16:02:22.4267651Z ##[group]Run python3 -m unittest discover -s tests/unit -p 'test_linux_package_*.py'
2026-09-27T16:02:22.4268148Z [36;1mpython3 -m unittest discover -s tests/unit -p 'test_linux_package_*.py'[0m
2026-09-27T16:02:22.4268579Z [36;1mpython3 -m unittest discover -s tests/unit -p test_wootc_package_consumer.py[0m
2026-09-27T16:02:22.4268954Z [36;1mpython3 tests/audit-linux-package-runtime.py .[0m
2026-09-27T16:02:22.4323543Z shell: /usr/bin/bash -e {0}
2026-09-27T16:02:22.4323930Z ##[endgroup]
2026-09-27T16:02:23.2767896Z ..................................................................................................
2026-09-27T16:02:23.2768570Z ----------------------------------------------------------------------
2026-09-27T16:02:23.2769021Z Ran 98 tests in 0.712s
2026-09-27T16:02:23.2769197Z 
2026-09-27T16:02:23.2769285Z OK
2026-09-27T16:02:24.0184998Z ............................
2026-09-27T16:02:24.0185565Z ----------------------------------------------------------------------
2026-09-27T16:02:24.0185972Z Ran 28 tests in 0.660s
2026-09-27T16:02:24.0186131Z 
2026-09-27T16:02:24.0186226Z OK
2026-09-27T16:02:24.0552500Z {"acquiredFilesReadBack": 0, "actualPublicArchiveReadbacks": 30, "classicOsBootAcceptance": false, "firmwareAcceptance": false, "nativeControls": 52, "runtimeExecuted": false, "sourcesMatch": 45}
2026-09-27T16:02:24.0636826Z ##[group]Run HOST_DATA_PREFIX="/run/wootc-package-host-$GITHUB_RUN_ID-$GITHUB_RUN_ATTEMPT"
2026-09-27T16:02:24.0637369Z [36;1mHOST_DATA_PREFIX="/run/wootc-package-host-$GITHUB_RUN_ID-$GITHUB_RUN_ATTEMPT"[0m
2026-09-27T16:02:24.0637949Z [36;1msudo --preserve-env=GITHUB_ACTIONS,RUNNER_ENVIRONMENT,RUNNER_OS,GITHUB_RUN_ID,GITHUB_RUN_ATTEMPT,GITHUB_SHA,RUNNER_TEMP \[0m
2026-09-27T16:02:24.0638599Z [36;1m  /usr/bin/python3 tests/e2e/package-runtime/host-data-proof.py "$HOST_DATA_PREFIX" "$RUNNER_TEMP/host-data-proof"[0m
2026-09-27T16:02:24.0694111Z shell: /usr/bin/bash -e {0}
2026-09-27T16:02:24.0694328Z ##[endgroup]
2026-09-27T16:02:24.1282880Z ##[group]Run actions/upload-artifact@v7
2026-09-27T16:02:24.1283123Z with:
2026-09-27T16:02:24.1283330Z   name: host-data-proof-source-36331691668-1
2026-09-27T16:02:24.1283783Z   path: /home/runner/work/_temp/host-data-proof/
2026-09-27T16:02:24.1284041Z   if-no-files-found: warn
2026-09-27T16:02:24.1284253Z   retention-days: 14
2026-09-27T16:02:24.1284436Z   compression-level: 6
2026-09-27T16:02:24.1284623Z   overwrite: false
2026-09-27T16:02:24.1284807Z   include-hidden-files: false
2026-09-27T16:02:24.1285006Z   archive: true
2026-09-27T16:02:24.1285178Z ##[endgroup]
2026-09-27T16:02:24.2417234Z With the provided path, there will be 9 files uploaded
2026-09-27T16:02:24.2422427Z Artifact name is valid!
2026-09-27T16:02:24.2422832Z Root directory input is valid!
2026-09-27T16:02:24.5934181Z Uploading artifact: host-data-proof-source-36331691668-1.zip
2026-09-27T16:02:24.5967660Z Beginning upload of artifact content to blob storage
2026-09-27T16:02:25.0222628Z Uploaded bytes 163720
2026-09-27T16:02:25.0833480Z Finished uploading artifact content to blob storage!
2026-09-27T16:02:25.0834257Z SHA256 digest of uploaded artifact is 14fe638f55c60b8b8f5068287d64b870162ea82ab3c78c243fff83b566199dea
2026-09-27T16:02:25.0834865Z Finalizing artifact upload
2026-09-27T16:02:25.4460092Z Artifact host-data-proof-source-36331691668-1 successfully finalized. Artifact ID 10935862895
2026-09-27T16:02:25.4460976Z Artifact host-data-proof-source-36331691668-1 has been successfully uploaded! Final size is 163720 bytes. Artifact ID is 10935862895
2026-09-27T16:02:25.4464312Z Artifact download URL: https://github.com/tuna-os/wootc/actions/runs/36331691668/artifacts/10935862895
2026-09-27T16:02:25.4634270Z Post job cleanup.
2026-09-27T16:02:25.5278275Z [command]/usr/bin/git version
2026-09-27T16:02:25.5313279Z git version 2.55.0
2026-09-27T16:02:25.5340244Z Temporarily overriding HOME='/home/runner/work/_temp/d92078ff-d853-4542-9c8e-9b0092768825' before making global git config changes
2026-09-27T16:02:25.5341302Z Adding repository directory to the temporary git global config as a safe directory
2026-09-27T16:02:25.5343860Z [command]/usr/bin/git config --global --add safe.directory /home/runner/work/wootc/wootc
2026-09-27T16:02:25.5369379Z Removing SSH command configuration
2026-09-27T16:02:25.5374476Z [command]/usr/bin/git config --local --name-only --get-regexp core\.sshCommand
2026-09-27T16:02:25.5402316Z [command]/usr/bin/git submodule foreach --recursive sh -c "git config --local --name-only --get-regexp 'core\.sshCommand' && git config --local --unset-all 'core.sshCommand' || :"
2026-09-27T16:02:25.5606197Z Removing HTTP extra header
2026-09-27T16:02:25.5610929Z [command]/usr/bin/git config --local --name-only --get-regexp http\.https\:\/\/github\.com\/\.extraheader
2026-09-27T16:02:25.5642958Z [command]/usr/bin/git submodule foreach --recursive sh -c "git config --local --name-only --get-regexp 'http\.https\:\/\/github\.com\/\.extraheader' && git config --local --unset-all 'http.https://github.com/.extraheader' || :"
2026-09-27T16:02:25.5845978Z Removing includeIf entries pointing to credentials config files
2026-09-27T16:02:25.5851385Z [command]/usr/bin/git config --local --name-only --get-regexp ^includeIf\.gitdir:
2026-09-27T16:02:25.5879929Z includeif.gitdir:/home/runner/work/wootc/wootc/.git.path
2026-09-27T16:02:25.5880677Z includeif.gitdir:/home/runner/work/wootc/wootc/.git/worktrees/*.path
2026-09-27T16:02:25.5881480Z includeif.gitdir:/github/workspace/.git.path
2026-09-27T16:02:25.5882021Z includeif.gitdir:/github/workspace/.git/worktrees/*.path
2026-09-27T16:02:25.5887447Z [command]/usr/bin/git config --local --get-all includeif.gitdir:/home/runner/work/wootc/wootc/.git.path
2026-09-27T16:02:25.5909067Z /home/runner/work/_temp/git-credentials-97ab6825-b8b5-4fcd-9e89-46c68b17558c.config
2026-09-27T16:02:25.5917902Z [command]/usr/bin/git config --local --unset includeif.gitdir:/home/runner/work/wootc/wootc/.git.path \/home\/runner\/work\/_temp\/git\-credentials\-97ab6825\-b8b5\-4fcd\-9e89\-46c68b17558c\.config
2026-09-27T16:02:25.5956533Z [command]/usr/bin/git config --local --get-all includeif.gitdir:/home/runner/work/wootc/wootc/.git/worktrees/*.path
2026-09-27T16:02:25.5984388Z /home/runner/work/_temp/git-credentials-97ab6825-b8b5-4fcd-9e89-46c68b17558c.config
2026-09-27T16:02:25.5991551Z [command]/usr/bin/git config --local --unset includeif.gitdir:/home/runner/work/wootc/wootc/.git/worktrees/*.path \/home\/runner\/work\/_temp\/git\-credentials\-97ab6825\-b8b5\-4fcd\-9e89\-46c68b17558c\.config
2026-09-27T16:02:25.6025971Z [command]/usr/bin/git config --local --get-all includeif.gitdir:/github/workspace/.git.path
2026-09-27T16:02:25.6049276Z /github/runner_temp/git-credentials-97ab6825-b8b5-4fcd-9e89-46c68b17558c.config
2026-09-27T16:02:25.6055959Z [command]/usr/bin/git config --local --unset includeif.gitdir:/github/workspace/.git.path \/github\/runner_temp\/git\-credentials\-97ab6825\-b8b5\-4fcd\-9e89\-46c68b17558c\.config
2026-09-27T16:02:25.6088363Z [command]/usr/bin/git config --local --get-all includeif.gitdir:/github/workspace/.git/worktrees/*.path
2026-09-27T16:02:25.6109534Z /github/runner_temp/git-credentials-97ab6825-b8b5-4fcd-9e89-46c68b17558c.config
2026-09-27T16:02:25.6116051Z [command]/usr/bin/git config --local --unset includeif.gitdir:/github/workspace/.git/worktrees/*.path \/github\/runner_temp\/git\-credentials\-97ab6825\-b8b5\-4fcd\-9e89\-46c68b17558c\.config
2026-09-27T16:02:25.6147815Z [command]/usr/bin/git submodule foreach --recursive git config --local --show-origin --name-only --get-regexp remote.origin.url
2026-09-27T16:02:25.6332842Z Removing credentials config '/home/runner/work/_temp/git-credentials-97ab6825-b8b5-4fcd-9e89-46c68b17558c.config'
2026-09-27T16:02:25.6458819Z Cleaning up orphan processes
