=== RUN   TestStatusDiscoverySelectsInstallationPastPayload
--- PASS: TestStatusDiscoverySelectsInstallationPastPayload (0.00s)
=== RUN   TestStatusDiscoveryRejectsCompetingInstallations
--- PASS: TestStatusDiscoveryRejectsCompetingInstallations (0.00s)
=== RUN   TestStatusDiscoveryRefusesUnsafeAndMalformedAttempts
=== RUN   TestStatusDiscoveryRefusesUnsafeAndMalformedAttempts/bytes-1
=== RUN   TestStatusDiscoveryRefusesUnsafeAndMalformedAttempts/bytes-2
=== RUN   TestStatusDiscoveryRefusesUnsafeAndMalformedAttempts/bytes-4
=== RUN   TestStatusDiscoveryRefusesUnsafeAndMalformedAttempts/bytes-76
=== RUN   TestStatusDiscoveryRefusesUnsafeAndMalformedAttempts/bytes-19
=== RUN   TestStatusDiscoveryRefusesUnsafeAndMalformedAttempts/bytes-65537
--- PASS: TestStatusDiscoveryRefusesUnsafeAndMalformedAttempts (0.00s)
    --- PASS: TestStatusDiscoveryRefusesUnsafeAndMalformedAttempts/bytes-1 (0.00s)
    --- PASS: TestStatusDiscoveryRefusesUnsafeAndMalformedAttempts/bytes-2 (0.00s)
    --- PASS: TestStatusDiscoveryRefusesUnsafeAndMalformedAttempts/bytes-4 (0.00s)
    --- PASS: TestStatusDiscoveryRefusesUnsafeAndMalformedAttempts/bytes-76 (0.00s)
    --- PASS: TestStatusDiscoveryRefusesUnsafeAndMalformedAttempts/bytes-19 (0.00s)
    --- PASS: TestStatusDiscoveryRefusesUnsafeAndMalformedAttempts/bytes-65537 (0.00s)
=== RUN   TestStatusDiscoveryAbsentDoesNotCreateFiles
--- PASS: TestStatusDiscoveryAbsentDoesNotCreateFiles (0.00s)
=== RUN   TestStatusRecordsRefuseAmbiguousLifecycleInsteadOfFreshRoute
--- PASS: TestStatusRecordsRefuseAmbiguousLifecycleInsteadOfFreshRoute (0.00s)
=== RUN   TestStatusRecordsRecoveryMissingIsDistinctFromMalformed
--- PASS: TestStatusRecordsRecoveryMissingIsDistinctFromMalformed (0.00s)
PASS
ok  	command-line-arguments	0.006s
