2026-09-27T18:21:24.6539715Z Current runner version: '2.337.0'
2026-09-27T18:21:24.6555916Z ##[group]Runner Image Provisioner
2026-09-27T18:21:24.6556714Z Hosted Compute Agent
2026-09-27T18:21:24.6557034Z Version: 20260828.587
2026-09-27T18:21:24.6557392Z Commit: abac92662cab4cc7352de4f9f9d2e2419aad9c29
2026-09-27T18:21:24.6557793Z Build Date: 2026-08-28T16:44:25Z
2026-09-27T18:21:24.6558187Z Worker ID: {e06e5299-1aa1-4e35-9f38-e4afa83ad8f2}
2026-09-27T18:21:24.6558577Z Azure Region: centralus
2026-09-27T18:21:24.6558893Z ##[endgroup]
2026-09-27T18:21:24.6559670Z ##[group]Operating System
2026-09-27T18:21:24.6560008Z Microsoft Windows Server 2025
2026-09-27T18:21:24.6560329Z 10.0.26100
2026-09-27T18:21:24.6560621Z Datacenter
2026-09-27T18:21:24.6560905Z ##[endgroup]
2026-09-27T18:21:24.6561196Z ##[group]Runner Image
2026-09-27T18:21:24.6561529Z Image: windows-2025-vs2026
2026-09-27T18:21:24.6561873Z Version: 20260922.246.2
2026-09-27T18:21:24.6562745Z Included Software: https://github.com/actions/runner-images/blob/win25-vs2026/20260922.246/images/windows/Windows2025-VS2026-Readme.md
2026-09-27T18:21:24.6563613Z Image Release: https://github.com/actions/runner-images/releases/tag/win25-vs2026%2F20260922.246
2026-09-27T18:21:24.6564171Z ##[endgroup]
2026-09-27T18:21:24.6564786Z ##[group]GITHUB_TOKEN Permissions
2026-09-27T18:21:24.6565944Z Contents: read
2026-09-27T18:21:24.6566247Z Metadata: read
2026-09-27T18:21:24.6566568Z ##[endgroup]
2026-09-27T18:21:24.6567784Z Secret source: Actions
2026-09-27T18:21:24.6568282Z Cache mode: write
2026-09-27T18:21:24.6568662Z Prepare workflow directory
2026-09-27T18:21:24.6780060Z Prepare all required actions
2026-09-27T18:21:24.6812996Z Getting action download info
2026-09-27T18:21:24.9177761Z Download action repository 'actions/checkout@v7' (SHA:3d3c42e5aac5ba805825da76410c181273ba90b1)
2026-09-27T18:21:25.0023290Z Download action repository 'actions/setup-dotnet@v6' (SHA:a98b56852c35b8e3190ac28c8c2271da59106c68)
2026-09-27T18:21:25.4200642Z Download action repository 'actions/setup-go@v7' (SHA:b7ad1dad31e06c5925ef5d2fc7ad053ef454303e)
2026-09-27T18:21:25.7808389Z Download action repository 'actions/upload-artifact@v7' (SHA:043fb46d1a93c77aae656e7c1c64a875d1fc6a0a)
2026-09-27T18:21:25.9644029Z Complete job name: Branded preview package (bazzite)
2026-09-27T18:21:26.0529348Z ##[group]Run actions/checkout@v7
2026-09-27T18:21:26.0530120Z with:
2026-09-27T18:21:26.0530463Z   repository: tuna-os/wootc
2026-09-27T18:21:26.0533136Z   token: ***
2026-09-27T18:21:26.0533402Z   ssh-strict: true
2026-09-27T18:21:26.0533707Z   ssh-user: git
2026-09-27T18:21:26.0533985Z   persist-credentials: true
2026-09-27T18:21:26.0534288Z   clean: true
2026-09-27T18:21:26.0534577Z   sparse-checkout-cone-mode: true
2026-09-27T18:21:26.0534908Z   fetch-depth: 1
2026-09-27T18:21:26.0535190Z   fetch-tags: false
2026-09-27T18:21:26.0535496Z   show-progress: true
2026-09-27T18:21:26.0535814Z   lfs: false
2026-09-27T18:21:26.0536086Z   submodules: false
2026-09-27T18:21:26.0536371Z   set-safe-directory: true
2026-09-27T18:21:26.0536739Z   allow-unsafe-pr-checkout: false
2026-09-27T18:21:26.0537178Z ##[endgroup]
2026-09-27T18:21:26.1609867Z Syncing repository: tuna-os/wootc
2026-09-27T18:21:26.1611000Z ##[group]Getting Git version info
2026-09-27T18:21:26.1611416Z Working directory is 'D:\a\wootc\wootc'
2026-09-27T18:21:26.2092688Z [command]"C:\Program Files\Git\bin\git.exe" version
2026-09-27T18:21:26.5760819Z git version 2.55.0.windows.5
2026-09-27T18:21:26.5795060Z ##[endgroup]
2026-09-27T18:21:26.5806653Z Temporarily overriding HOME='D:\a\_temp\fadbb946-272c-4b41-8bf3-8a44f4baa934' before making global git config changes
2026-09-27T18:21:26.5808481Z Adding repository directory to the temporary git global config as a safe directory
2026-09-27T18:21:26.5813541Z [command]"C:\Program Files\Git\bin\git.exe" config --global --add safe.directory D:\a\wootc\wootc
2026-09-27T18:21:26.6305977Z Deleting the contents of 'D:\a\wootc\wootc'
2026-09-27T18:21:26.6309003Z ##[group]Determining repository object format
2026-09-27T18:21:26.6312126Z ##[endgroup]
2026-09-27T18:21:26.6313442Z ##[group]Initializing the repository
2026-09-27T18:21:26.6332258Z [command]"C:\Program Files\Git\bin\git.exe" init D:\a\wootc\wootc
2026-09-27T18:21:26.7061054Z Initialized empty Git repository in D:/a/wootc/wootc/.git/
2026-09-27T18:21:26.7101007Z [command]"C:\Program Files\Git\bin\git.exe" remote add origin https://github.com/tuna-os/wootc
2026-09-27T18:21:26.7682053Z ##[endgroup]
2026-09-27T18:21:26.7683270Z ##[group]Disabling automatic garbage collection
2026-09-27T18:21:26.7687691Z [command]"C:\Program Files\Git\bin\git.exe" config --local gc.auto 0
2026-09-27T18:21:26.7881109Z ##[endgroup]
2026-09-27T18:21:26.7882250Z ##[group]Setting up auth
2026-09-27T18:21:26.7883100Z Removing SSH command configuration
2026-09-27T18:21:26.7888037Z [command]"C:\Program Files\Git\bin\git.exe" config --local --name-only --get-regexp core\.sshCommand
2026-09-27T18:21:26.8084195Z [command]"C:\Program Files\Git\bin\git.exe" submodule foreach --recursive "sh -c \"git config --local --name-only --get-regexp 'core\.sshCommand' && git config --local --unset-all 'core.sshCommand' || :\""
2026-09-27T18:21:28.0412726Z Removing HTTP extra header
2026-09-27T18:21:28.0419954Z [command]"C:\Program Files\Git\bin\git.exe" config --local --name-only --get-regexp http\.https\:\/\/github\.com\/\.extraheader
2026-09-27T18:21:28.0607147Z [command]"C:\Program Files\Git\bin\git.exe" submodule foreach --recursive "sh -c \"git config --local --name-only --get-regexp 'http\.https\:\/\/github\.com\/\.extraheader' && git config --local --unset-all 'http.https://github.com/.extraheader' || :\""
2026-09-27T18:21:28.4344103Z Removing includeIf entries pointing to credentials config files
2026-09-27T18:21:28.4352288Z [command]"C:\Program Files\Git\bin\git.exe" config --local --name-only --get-regexp ^includeIf\.gitdir:
2026-09-27T18:21:28.4543248Z [command]"C:\Program Files\Git\bin\git.exe" submodule foreach --recursive "git config --local --show-origin --name-only --get-regexp remote.origin.url"
2026-09-27T18:21:28.7920432Z [command]"C:\Program Files\Git\bin\git.exe" config --file D:\a\_temp\git-credentials-a86d1f79-e4aa-463d-a53d-a1e16b59989d.config http.https://github.com/.extraheader "AUTHORIZATION: basic ***"
2026-09-27T18:21:28.8116387Z [command]"C:\Program Files\Git\bin\git.exe" config --local includeIf.gitdir:D:/a/wootc/wootc/.git.path D:\a\_temp\git-credentials-a86d1f79-e4aa-463d-a53d-a1e16b59989d.config
2026-09-27T18:21:28.8305502Z [command]"C:\Program Files\Git\bin\git.exe" config --local includeIf.gitdir:D:/a/wootc/wootc/.git/worktrees/*.path D:\a\_temp\git-credentials-a86d1f79-e4aa-463d-a53d-a1e16b59989d.config
2026-09-27T18:21:28.8658908Z [command]"C:\Program Files\Git\bin\git.exe" config --local includeIf.gitdir:/github/workspace/.git.path /github/runner_temp/git-credentials-a86d1f79-e4aa-463d-a53d-a1e16b59989d.config
2026-09-27T18:21:28.8867951Z [command]"C:\Program Files\Git\bin\git.exe" config --local includeIf.gitdir:/github/workspace/.git/worktrees/*.path /github/runner_temp/git-credentials-a86d1f79-e4aa-463d-a53d-a1e16b59989d.config
2026-09-27T18:21:28.9110548Z ##[endgroup]
2026-09-27T18:21:28.9111194Z ##[group]Fetching the repository
2026-09-27T18:21:28.9112050Z [command]"C:\Program Files\Git\bin\git.exe" -c protocol.version=2 fetch --no-tags --prune --no-recurse-submodules --depth=1 origin +f095a7d0e02c44412e464f4686fd25d53b240a70:refs/remotes/pull/501/merge
2026-09-27T18:21:30.2928732Z From https://github.com/tuna-os/wootc
2026-09-27T18:21:30.2929309Z  * [new ref]         f095a7d0e02c44412e464f4686fd25d53b240a70 -> pull/501/merge
2026-09-27T18:21:30.2962432Z ##[endgroup]
2026-09-27T18:21:30.2962804Z ##[group]Determining the checkout info
2026-09-27T18:21:30.2963822Z ##[endgroup]
2026-09-27T18:21:30.2970591Z [command]"C:\Program Files\Git\bin\git.exe" sparse-checkout disable
2026-09-27T18:21:30.3295435Z [command]"C:\Program Files\Git\bin\git.exe" config --local --unset-all extensions.worktreeConfig
2026-09-27T18:21:30.3523345Z ##[group]Checking out the ref
2026-09-27T18:21:30.3529435Z [command]"C:\Program Files\Git\bin\git.exe" checkout --progress --force refs/remotes/pull/501/merge
2026-09-27T18:21:30.6333888Z Note: switching to 'refs/remotes/pull/501/merge'.
2026-09-27T18:21:30.6334174Z 
2026-09-27T18:21:30.6334361Z You are in 'detached HEAD' state. You can look around, make experimental
2026-09-27T18:21:30.6334779Z changes and commit them, and you can discard any commits you make in this
2026-09-27T18:21:30.6335217Z state without impacting any branches by switching back to a branch.
2026-09-27T18:21:30.6335466Z 
2026-09-27T18:21:30.6335655Z If you want to create a new branch to retain commits you create, you may
2026-09-27T18:21:30.6336005Z do so (now or later) by using -c with the switch command. Example:
2026-09-27T18:21:30.6336142Z 
2026-09-27T18:21:30.6336208Z   git switch -c <new-branch-name>
2026-09-27T18:21:30.6336353Z 
2026-09-27T18:21:30.6336416Z Or undo this operation with:
2026-09-27T18:21:30.6336521Z 
2026-09-27T18:21:30.6336567Z   git switch -
2026-09-27T18:21:30.6336634Z 
2026-09-27T18:21:30.6336750Z Turn off this advice by setting config variable advice.detachedHead to false
2026-09-27T18:21:30.6336919Z 
2026-09-27T18:21:30.6337132Z HEAD is now at f095a7d Merge fbe9114017c99866a7a63ad9caa82ed10f9f3228 into a1b497449594fd3a62e743cfbf725108950f8171
2026-09-27T18:21:30.6451738Z ##[endgroup]
2026-09-27T18:21:30.6745693Z [command]"C:\Program Files\Git\bin\git.exe" log -1 --format=%H
2026-09-27T18:21:30.6916304Z f095a7d0e02c44412e464f4686fd25d53b240a70
2026-09-27T18:21:30.7271679Z ##[group]Run actions/setup-dotnet@v6
2026-09-27T18:21:30.7271883Z with:
2026-09-27T18:21:30.7272007Z   global-json-file: shell/global.json
2026-09-27T18:21:30.7272163Z   cache: false
2026-09-27T18:21:30.7272270Z ##[endgroup]
2026-09-27T18:21:30.8969366Z [command]"C:\Program Files\PowerShell\7\pwsh.exe" -NoLogo -Sta -NoProfile -NonInteractive -ExecutionPolicy Unrestricted -Command & 'D:\a\_actions\actions\setup-dotnet\v6\externals\install-dotnet.ps1' -SkipNonVersionedFiles -Runtime dotnet -Channel LTS
2026-09-27T18:21:32.1905560Z dotnet-install: .NET Core Runtime with version '10.0.12' is already installed.
2026-09-27T18:21:32.2747229Z [command]"C:\Program Files\PowerShell\7\pwsh.exe" -NoLogo -Sta -NoProfile -NonInteractive -ExecutionPolicy Unrestricted -Command & 'D:\a\_actions\actions\setup-dotnet\v6\externals\install-dotnet.ps1' -SkipNonVersionedFiles -Version 10.0.401
2026-09-27T18:21:32.7405302Z dotnet-install: .NET Core SDK with version '10.0.401' is already installed.
2026-09-27T18:21:32.8195650Z ##[group]Run actions/setup-go@v7
2026-09-27T18:21:32.8195824Z with:
2026-09-27T18:21:32.8195939Z   go-version-file: app/go.mod
2026-09-27T18:21:32.8196072Z   check-latest: false
2026-09-27T18:21:32.8197697Z   token: ***
2026-09-27T18:21:32.8197810Z   cache: true
2026-09-27T18:21:32.8197903Z env:
2026-09-27T18:21:32.8198012Z   DOTNET_ROOT: C:\Program Files\dotnet
2026-09-27T18:21:32.8198153Z ##[endgroup]
2026-09-27T18:21:32.9142243Z Setup go version spec 1.26.0
2026-09-27T18:21:32.9148464Z Attempting to download 1.26.0...
2026-09-27T18:21:33.5802697Z matching 1.26.0...
2026-09-27T18:21:33.5805841Z Acquiring 1.26.0 from https://github.com/actions/go-versions/releases/download/1.26.0-21889650668/go-1.26.0-win32-x64.zip
2026-09-27T18:21:34.1367598Z Extracting Go...
2026-09-27T18:21:34.1695322Z [command]"C:\Program Files\PowerShell\7\pwsh.exe" -NoLogo -NoProfile -NonInteractive -ExecutionPolicy Unrestricted -Command "$ErrorActionPreference = 'Stop' ; try { Add-Type -AssemblyName System.IO.Compression.ZipFile } catch { } ; try { [System.IO.Compression.ZipFile]::ExtractToDirectory('D:\a\_temp\go-1.26.0-win32-x64.zip', 'D:\a\_temp\b1d54c7b-7a09-439d-8315-497503d9684b', $true) } catch { if (($_.Exception.GetType().FullName -eq 'System.Management.Automation.MethodException') -or ($_.Exception.GetType().FullName -eq 'System.Management.Automation.RuntimeException') ){ Expand-Archive -LiteralPath 'D:\a\_temp\go-1.26.0-win32-x64.zip' -DestinationPath 'D:\a\_temp\b1d54c7b-7a09-439d-8315-497503d9684b' -Force } else { throw $_ } } ;"
2026-09-27T18:21:36.8857990Z Successfully extracted go to D:\a\_temp\b1d54c7b-7a09-439d-8315-497503d9684b
2026-09-27T18:21:36.8858263Z Adding to the cache ...
2026-09-27T18:21:42.3760490Z Created link C:\hostedtoolcache\windows\go\1.26.0\x64 => D:\hostedtoolcache\windows\go\1.26.0\x64
2026-09-27T18:21:42.3765988Z Created link C:\hostedtoolcache\windows\go\1.26.0\x64.complete => D:\hostedtoolcache\windows\go\1.26.0\x64.complete
2026-09-27T18:21:42.3766689Z Successfully cached go to C:\hostedtoolcache\windows\go\1.26.0\x64
2026-09-27T18:21:42.3771576Z Added go to the path
2026-09-27T18:21:42.3772928Z Successfully set up Go version 1.26.0
2026-09-27T18:21:42.6015212Z [command]C:\hostedtoolcache\windows\go\1.26.0\x64\bin\go.exe env GOMODCACHE
2026-09-27T18:21:42.6051947Z [command]C:\hostedtoolcache\windows\go\1.26.0\x64\bin\go.exe env GOCACHE
2026-09-27T18:21:42.6188514Z C:\Users\runneradmin\go\pkg\mod
2026-09-27T18:21:42.6213085Z C:\Users\runneradmin\AppData\Local\go-build
2026-09-27T18:21:42.6248981Z ##[warning]Restore cache failed: Dependencies file is not found in D:\a\wootc\wootc. Supported file pattern: go.mod
2026-09-27T18:21:42.6261156Z go version go1.26.0 windows/amd64
2026-09-27T18:21:42.6261273Z 
2026-09-27T18:21:42.6261454Z ##[group]go env
2026-09-27T18:21:45.1487119Z set AR=ar
2026-09-27T18:21:45.1487338Z set CC=gcc
2026-09-27T18:21:45.1487616Z set CGO_CFLAGS=-O2 -g
2026-09-27T18:21:45.1487890Z set CGO_CPPFLAGS=
2026-09-27T18:21:45.1488126Z set CGO_CXXFLAGS=-O2 -g
2026-09-27T18:21:45.1488305Z set CGO_ENABLED=1
2026-09-27T18:21:45.1488425Z set CGO_FFLAGS=-O2 -g
2026-09-27T18:21:45.1488544Z set CGO_LDFLAGS=-O2 -g
2026-09-27T18:21:45.1488703Z set CXX=g++
2026-09-27T18:21:45.1488802Z set GCCGO=gccgo
2026-09-27T18:21:45.1488909Z set GO111MODULE=
2026-09-27T18:21:45.1489016Z set GOAMD64=v1
2026-09-27T18:21:45.1489118Z set GOARCH=amd64
2026-09-27T18:21:45.1489228Z set GOAUTH=netrc
2026-09-27T18:21:45.1489327Z set GOBIN=
2026-09-27T18:21:45.1489478Z set GOCACHE=C:\Users\runneradmin\AppData\Local\go-build
2026-09-27T18:21:45.1489653Z set GOCACHEPROG=
2026-09-27T18:21:45.1489758Z set GODEBUG=
2026-09-27T18:21:45.1489909Z set GOENV=C:\Users\runneradmin\AppData\Roaming\go\env
2026-09-27T18:21:45.1490067Z set GOEXE=.exe
2026-09-27T18:21:45.1490176Z set GOEXPERIMENT=
2026-09-27T18:21:45.1490283Z set GOFIPS140=off
2026-09-27T18:21:45.1490383Z set GOFLAGS=
2026-09-27T18:21:45.1492518Z set GOGCCFLAGS=-m64 -mthreads -Wl,--no-gc-sections -fmessage-length=0 -ffile-prefix-map=C:\Users\RUNNER~1\AppData\Local\Temp\go-build992065794=/tmp/go-build -gno-record-gcc-switches
2026-09-27T18:21:45.1493412Z set GOHOSTARCH=amd64
2026-09-27T18:21:45.1493625Z set GOHOSTOS=windows
2026-09-27T18:21:45.1493800Z set GOINSECURE=
2026-09-27T18:21:45.1493968Z set GOMOD=NUL
2026-09-27T18:21:45.1494193Z set GOMODCACHE=C:\Users\runneradmin\go\pkg\mod
2026-09-27T18:21:45.1494421Z set GONOPROXY=
2026-09-27T18:21:45.1494590Z set GONOSUMDB=
2026-09-27T18:21:45.1494739Z set GOOS=windows
2026-09-27T18:21:45.1494941Z set GOPATH=C:\Users\runneradmin\go
2026-09-27T18:21:45.1495176Z set GOPRIVATE=
2026-09-27T18:21:45.1495456Z set GOPROXY=https://proxy.golang.org,direct
2026-09-27T18:21:45.1495792Z set GOROOT=C:\hostedtoolcache\windows\go\1.26.0\x64
2026-09-27T18:21:45.1496072Z set GOSUMDB=sum.golang.org
2026-09-27T18:21:45.1496273Z set GOTELEMETRY=local
2026-09-27T18:21:45.1496587Z set GOTELEMETRYDIR=C:\Users\runneradmin\AppData\Roaming\go\telemetry
2026-09-27T18:21:45.1496907Z set GOTMPDIR=
2026-09-27T18:21:45.1497085Z set GOTOOLCHAIN=local
2026-09-27T18:21:45.1497418Z set GOTOOLDIR=C:\hostedtoolcache\windows\go\1.26.0\x64\pkg\tool\windows_amd64
2026-09-27T18:21:45.1497745Z set GOVCS=
2026-09-27T18:21:45.1497909Z set GOVERSION=go1.26.0
2026-09-27T18:21:45.1498082Z set GOWORK=
2026-09-27T18:21:45.1498260Z set PKG_CONFIG=pkg-config
2026-09-27T18:21:45.1498395Z 
2026-09-27T18:21:45.1498910Z ##[endgroup]
2026-09-27T18:21:45.1741272Z ##[group]Run dotnet publish shell/Wootc.Shell/Wootc.Shell.csproj --configuration Release --runtime win-x64 -p:Platform=x64 -p:NativeBuildId=f095a7d0e02c44412e464f4686fd25d53b240a70 -p:NativeBrandId=bazzite --output out/branded-preview
2026-09-27T18:21:45.1742241Z [36;1mdotnet publish shell/Wootc.Shell/Wootc.Shell.csproj --configuration Release --runtime win-x64 -p:Platform=x64 -p:NativeBuildId=f095a7d0e02c44412e464f4686fd25d53b240a70 -p:NativeBrandId=bazzite --output out/branded-preview[0m
2026-09-27T18:21:45.1742820Z [36;1mif ($LASTEXITCODE -ne 0) { throw 'Branded native publish refused' }[0m
2026-09-27T18:21:45.1743100Z [36;1mNew-Item -ItemType Directory -Force app/frontend/dist | Out-Null[0m
2026-09-27T18:21:45.1743418Z [36;1mSet-Content app/frontend/dist/index.html '<!doctype html><title>Native engine preview</title>'[0m
2026-09-27T18:21:45.1743677Z [36;1mPush-Location app[0m
2026-09-27T18:21:45.1744170Z [36;1mtry { go build -ldflags "-X main.nativeBuildID=f095a7d0e02c44412e464f4686fd25d53b240a70 -X main.brandID=bazzite" -o ../out/branded-preview/wootc-engine.exe . } finally { Pop-Location }[0m
2026-09-27T18:21:45.1744761Z [36;1mif ($LASTEXITCODE -ne 0) { throw 'Branded engine build refused' }[0m
2026-09-27T18:21:45.2136350Z shell: C:\Program Files\PowerShell\7\pwsh.EXE -command ". '{0}'"
2026-09-27T18:21:45.2136552Z env:
2026-09-27T18:21:45.2136668Z   DOTNET_ROOT: C:\Program Files\dotnet
2026-09-27T18:21:45.2136811Z   GOTOOLCHAIN: local
2026-09-27T18:21:45.2136926Z ##[endgroup]
2026-09-27T18:21:53.1665995Z   Determining projects to restore...
2026-09-27T18:21:55.3711154Z   Restored D:\a\wootc\wootc\shell\Wootc.Shell.Core\Wootc.Shell.Core.csproj (in 313 ms).
2026-09-27T18:22:13.4591581Z   Restored D:\a\wootc\wootc\shell\Wootc.Shell.Native\Wootc.Shell.Native.csproj (in 18.42 sec).
2026-09-27T18:22:45.8790728Z   Restored D:\a\wootc\wootc\shell\Wootc.Shell\Wootc.Shell.csproj (in 50.87 sec).
2026-09-27T18:22:51.4085988Z   Wootc.Shell.Core -> D:\a\wootc\wootc\shell\Wootc.Shell.Core\bin\x64\Release\net8.0\Wootc.Shell.Core.dll
2026-09-27T18:22:52.0913087Z   Wootc.Shell.Native -> D:\a\wootc\wootc\shell\Wootc.Shell.Native\bin\x64\Release\net8.0-windows10.0.19041.0\Wootc.Shell.Native.dll
2026-09-27T18:22:59.7421118Z   Wootc.Shell -> D:\a\wootc\wootc\shell\Wootc.Shell\bin\x64\Release\net8.0-windows10.0.19041.0\win-x64\Wootc.Shell.dll
2026-09-27T18:23:00.7865065Z   Wootc.Shell -> D:\a\wootc\wootc\out\branded-preview\
2026-09-27T18:23:01.2754105Z go: downloading github.com/tredoe/osutil v1.5.0
2026-09-27T18:23:01.2758113Z go: downloading github.com/wailsapp/wails/v2 v2.16.0
2026-09-27T18:23:04.2226448Z go: downloading golang.org/x/sys v0.48.0
2026-09-27T18:23:04.2226844Z go: downloading golang.org/x/mod v0.41.0
2026-09-27T18:23:04.2227128Z go: downloading golang.org/x/crypto v0.57.0
2026-09-27T18:23:04.7328023Z go: downloading github.com/leaanthony/u v1.1.1
2026-09-27T18:23:04.7338281Z go: downloading github.com/leaanthony/slicer v1.6.0
2026-09-27T18:23:04.7773393Z go: downloading github.com/leaanthony/go-ansi-parser v1.6.1
2026-09-27T18:23:04.7788556Z go: downloading github.com/pkg/errors v0.9.1
2026-09-27T18:23:04.7835481Z go: downloading github.com/wailsapp/go-webview2 v1.0.22
2026-09-27T18:23:04.8418532Z go: downloading github.com/rivo/uniseg v0.4.7
2026-09-27T18:23:22.2125364Z ##[group]Run ./shell/packaging/test-installed-preview.ps1 -BrandId 'bazzite' -BuildId 'f095a7d0e02c44412e464f4686fd25d53b240a70' -PackageDirectory out/branded-preview -OutputDirectory out/preview-installer
2026-09-27T18:23:22.2126238Z [36;1m./shell/packaging/test-installed-preview.ps1 -BrandId 'bazzite' -BuildId 'f095a7d0e02c44412e464f4686fd25d53b240a70' -PackageDirectory out/branded-preview -OutputDirectory out/preview-installer[0m
2026-09-27T18:23:22.2175279Z shell: C:\Program Files\PowerShell\7\pwsh.EXE -command ". '{0}'"
2026-09-27T18:23:22.2175480Z env:
2026-09-27T18:23:22.2175600Z   DOTNET_ROOT: C:\Program Files\dotnet
2026-09-27T18:23:22.2175750Z   GOTOOLCHAIN: local
2026-09-27T18:23:22.2176393Z ##[endgroup]
2026-09-27T18:23:22.8383856Z PASS actual root-reparse mutant accepts unsafe path; exact source restored and refuses it
2026-09-27T18:23:22.8598685Z PASS actual manifest writer, exclusive preservation, missing resources, wrong brand, root/child reparse refusals
2026-09-27T18:23:24.5527793Z PASS actual uninstaller observation: retained timeout, changed identity, directory, missing, later removal
2026-09-27T18:23:27.6671518Z Inno Setup 7 Command-Line Compiler
2026-09-27T18:23:27.6671822Z Copyright (C) 1997-2026 Jordan Russell. All rights reserved.
2026-09-27T18:23:27.6672097Z Portions Copyright (C) 2000-2026 Martijn Laan. All rights reserved.
2026-09-27T18:23:27.6672373Z Portions Copyright (C) 2001-2004 Alex Yackimoff. All rights reserved.
2026-09-27T18:23:27.6672600Z https://www.innosetup.com
2026-09-27T18:23:27.6672691Z 
2026-09-27T18:23:27.6813478Z Compiler engine version: Inno Setup 7.1.0
2026-09-27T18:23:27.6813748Z Non-commercial use only
2026-09-27T18:23:27.6814042Z 
2026-09-27T18:23:27.6935728Z Preprocessing
2026-09-27T18:23:27.6937862Z    Reading file: C:\Users\RUNNER~1\AppData\Local\Temp\wootc-preview-packaging-689c74c08617477da7c93389e8524b1e\compiler\ISPPBuiltins.iss
2026-09-27T18:23:27.6944407Z Parsing [Setup] section, line 21
2026-09-27T18:23:27.6944690Z Parsing [Setup] section, line 22
2026-09-27T18:23:27.6944924Z Parsing [Setup] section, line 23
2026-09-27T18:23:27.6945086Z Parsing [Setup] section, line 24
2026-09-27T18:23:27.6945227Z Parsing [Setup] section, line 25
2026-09-27T18:23:27.6945460Z Parsing [Setup] section, line 26
2026-09-27T18:23:27.6945700Z Parsing [Setup] section, line 27
2026-09-27T18:23:27.6945879Z Parsing [Setup] section, line 28
2026-09-27T18:23:27.6946017Z Parsing [Setup] section, line 29
2026-09-27T18:23:27.6946162Z Parsing [Setup] section, line 30
2026-09-27T18:23:27.6946302Z Parsing [Setup] section, line 31
2026-09-27T18:23:27.6946444Z Parsing [Setup] section, line 32
2026-09-27T18:23:27.6946592Z Parsing [Setup] section, line 33
2026-09-27T18:23:27.6946738Z Parsing [Setup] section, line 34
2026-09-27T18:23:27.6946892Z Parsing [Setup] section, line 35
2026-09-27T18:23:27.6947037Z Parsing [Setup] section, line 36
2026-09-27T18:23:27.6947184Z Parsing [Setup] section, line 37
2026-09-27T18:23:27.6947334Z Parsing [Setup] section, line 38
2026-09-27T18:23:27.6947479Z Parsing [Setup] section, line 39
2026-09-27T18:23:27.6947631Z Reading file (WizardImageFile)
2026-09-27T18:23:27.6947819Z Reading file (WizardSmallImageFile)
2026-09-27T18:23:27.6947994Z Preparing Setup program executable
2026-09-27T18:23:27.7185038Z    Verification successful
2026-09-27T18:23:27.7205291Z    Updating icons (Setup.e32)
2026-09-27T18:23:27.7267500Z    Updating version info (Setup.e32)
2026-09-27T18:23:27.7280371Z Determining language code pages
2026-09-27T18:23:27.7281194Z    Reading file: C:\Users\RUNNER~1\AppData\Local\Temp\wootc-preview-packaging-689c74c08617477da7c93389e8524b1e\compiler\Default.isl
2026-09-27T18:23:27.7284122Z    Messages in script file
2026-09-27T18:23:27.7284306Z Reading default messages from Default.isl
2026-09-27T18:23:27.7288094Z Parsing [LangOptions], [Messages], and [CustomMessages] sections
2026-09-27T18:23:27.7290208Z    Reading file: C:\Users\RUNNER~1\AppData\Local\Temp\wootc-preview-packaging-689c74c08617477da7c93389e8524b1e\compiler\Default.isl
2026-09-27T18:23:27.7290599Z    Messages in script file
2026-09-27T18:23:27.7290800Z Reading [Code] section
2026-09-27T18:23:27.7290993Z Parsing [Icons] section, line 45
2026-09-27T18:23:27.7291688Z Parsing [Files] section, line 42
2026-09-27T18:23:27.7336343Z Compiling [Code] section
2026-09-27T18:23:27.7377673Z Creating setup files
2026-09-27T18:23:27.7432116Z    Verification successful
2026-09-27T18:23:27.7437676Z    Updating icons (Setup.exe)
2026-09-27T18:23:27.7456187Z    Compressing: \\?\D:\a\wootc\wootc\out\branded-preview\clretwrc.dll
2026-09-27T18:23:27.7477236Z    Compressing: \\?\D:\a\wootc\wootc\out\branded-preview\clrgc.dll
2026-09-27T18:23:27.7518766Z    Compressing: \\?\D:\a\wootc\wootc\out\branded-preview\clrjit.dll
2026-09-27T18:23:27.7627884Z    Compressing: \\?\D:\a\wootc\wootc\out\branded-preview\coreclr.dll
2026-09-27T18:23:27.7950056Z    Compressing: \\?\D:\a\wootc\wootc\out\branded-preview\CoreMessagingXP.dll
2026-09-27T18:23:27.8016347Z    Compressing: \\?\D:\a\wootc\wootc\out\branded-preview\createdump.exe
2026-09-27T18:23:27.8020898Z    Compressing: \\?\D:\a\wootc\wootc\out\branded-preview\dcompi.dll
2026-09-27T18:23:27.8227495Z    Compressing: \\?\D:\a\wootc\wootc\out\branded-preview\DirectML.dll
2026-09-27T18:23:30.2902470Z    Compressing: \\?\D:\a\wootc\wootc\out\branded-preview\dwmcorei.dll
2026-09-27T18:23:30.3106957Z    Compressing: \\?\D:\a\wootc\wootc\out\branded-preview\DwmSceneI.dll
2026-09-27T18:23:30.7579854Z    Compressing: \\?\D:\a\wootc\wootc\out\branded-preview\DWriteCore.dll
2026-09-27T18:23:30.7816051Z    Compressing: \\?\D:\a\wootc\wootc\out\branded-preview\hostfxr.dll
2026-09-27T18:23:30.7839325Z    Compressing: \\?\D:\a\wootc\wootc\out\branded-preview\hostpolicy.dll
2026-09-27T18:23:30.7865758Z    Compressing: \\?\D:\a\wootc\wootc\out\branded-preview\marshal.dll
2026-09-27T18:23:30.7909387Z    Compressing: \\?\D:\a\wootc\wootc\out\branded-preview\Microsoft.Asg.SemanticIndex.AiFabric.Compatibility.dll
2026-09-27T18:23:31.3324970Z    Compressing: \\?\D:\a\wootc\wootc\out\branded-preview\Microsoft.CSharp.dll
2026-09-27T18:23:31.3393264Z    Compressing: \\?\D:\a\wootc\wootc\out\branded-preview\Microsoft.DiaSymReader.Native.amd64.dll
2026-09-27T18:23:31.9492626Z    Compressing: \\?\D:\a\wootc\wootc\out\branded-preview\Microsoft.DirectManipulation.dll
2026-09-27T18:23:31.9532665Z    Compressing: \\?\D:\a\wootc\wootc\out\branded-preview\Microsoft.Foundation.winmd
2026-09-27T18:23:31.9533833Z    Compressing: \\?\D:\a\wootc\wootc\out\branded-preview\Microsoft.Graphics.Display.dll
2026-09-27T18:23:31.9548009Z    Compressing: \\?\D:\a\wootc\wootc\out\branded-preview\Microsoft.Graphics.Imaging.dll
2026-09-27T18:23:31.9556765Z    Compressing: \\?\D:\a\wootc\wootc\out\branded-preview\Microsoft.Graphics.Imaging.Projection.dll
2026-09-27T18:23:31.9559019Z    Compressing: \\?\D:\a\wootc\wootc\out\branded-preview\Microsoft.Graphics.Imaging.winmd
2026-09-27T18:23:31.9560249Z    Compressing: \\?\D:\a\wootc\wootc\out\branded-preview\Microsoft.Graphics.ImagingInternal.ImageObjectRemover.winmd
2026-09-27T18:23:31.9561253Z    Compressing: \\?\D:\a\wootc\wootc\out\branded-preview\Microsoft.Graphics.ImagingInternal.winmd
2026-09-27T18:23:31.9562582Z    Compressing: \\?\D:\a\wootc\wootc\out\branded-preview\Microsoft.Graphics.Internal.Imaging.winmd
2026-09-27T18:23:31.9564054Z    Compressing: \\?\D:\a\wootc\wootc\out\branded-preview\Microsoft.Graphics.winmd
2026-09-27T18:23:31.9565656Z    Compressing: \\?\D:\a\wootc\wootc\out\branded-preview\Microsoft.InputStateManager.dll
2026-09-27T18:23:31.9594033Z    Compressing: \\?\D:\a\wootc\wootc\out\branded-preview\Microsoft.InteractiveExperiences.Projection.dll
2026-09-27T18:23:32.5818547Z    Compressing: \\?\D:\a\wootc\wootc\out\branded-preview\Microsoft.Internal.FrameworkUdk.dll
2026-09-27T18:23:32.5895728Z    Compressing: \\?\D:\a\wootc\wootc\out\branded-preview\Microsoft.ML.OnnxRuntime.dll
2026-09-27T18:23:32.5917039Z    Compressing: \\?\D:\a\wootc\wootc\out\branded-preview\Microsoft.Security.Authentication.OAuth.Projection.dll
2026-09-27T18:23:32.5922659Z    Compressing: \\?\D:\a\wootc\wootc\out\branded-preview\Microsoft.Security.Authentication.OAuth.winmd
2026-09-27T18:23:32.5925064Z    Compressing: \\?\D:\a\wootc\wootc\out\branded-preview\Microsoft.UI.Composition.OSSupport.dll
2026-09-27T18:23:32.5930836Z    Compressing: \\?\D:\a\wootc\wootc\out\branded-preview\Microsoft.UI.Designer.dll
2026-09-27T18:23:32.5940827Z    Compressing: \\?\D:\a\wootc\wootc\out\branded-preview\Microsoft.UI.dll
2026-09-27T18:23:32.5955815Z    Compressing: \\?\D:\a\wootc\wootc\out\branded-preview\Microsoft.UI.Input.dll
2026-09-27T18:23:32.6058633Z    Compressing: \\?\D:\a\wootc\wootc\out\branded-preview\Microsoft.UI.pri
2026-09-27T18:23:32.6064572Z    Compressing: \\?\D:\a\wootc\wootc\out\branded-preview\Microsoft.UI.Text.winmd
2026-09-27T18:23:32.6067045Z    Compressing: \\?\D:\a\wootc\wootc\out\branded-preview\Microsoft.UI.Windowing.Core.dll
2026-09-27T18:23:32.6103898Z    Compressing: \\?\D:\a\wootc\wootc\out\branded-preview\Microsoft.UI.Windowing.dll
2026-09-27T18:23:32.6150025Z    Compressing: \\?\D:\a\wootc\wootc\out\branded-preview\Microsoft.UI.winmd
2026-09-27T18:23:33.1176604Z    Compressing: \\?\D:\a\wootc\wootc\out\branded-preview\Microsoft.UI.Xaml.Controls.dll
2026-09-27T18:23:33.7670447Z    Compressing: \\?\D:\a\wootc\wootc\out\branded-preview\Microsoft.UI.Xaml.Controls.pri
2026-09-27T18:23:33.7784215Z    Compressing: \\?\D:\a\wootc\wootc\out\branded-preview\Microsoft.ui.xaml.dll
2026-09-27T18:23:35.7049715Z    Compressing: \\?\D:\a\wootc\wootc\out\branded-preview\Microsoft.UI.Xaml.Internal.dll
2026-09-27T18:23:36.2285482Z    Compressing: \\?\D:\a\wootc\wootc\out\branded-preview\Microsoft.UI.Xaml.Phone.dll
2026-09-27T18:23:36.2352152Z    Compressing: \\?\D:\a\wootc\wootc\out\branded-preview\Microsoft.ui.xaml.resources.19h1.dll
2026-09-27T18:23:36.2417702Z    Compressing: \\?\D:\a\wootc\wootc\out\branded-preview\Microsoft.ui.xaml.resources.common.dll
2026-09-27T18:23:36.2421365Z    Compressing: \\?\D:\a\wootc\wootc\out\branded-preview\Microsoft.UI.Xaml.winmd
2026-09-27T18:23:36.2517540Z    Compressing: \\?\D:\a\wootc\wootc\out\branded-preview\Microsoft.VisualBasic.Core.dll
2026-09-27T18:23:36.6830326Z    Compressing: \\?\D:\a\wootc\wootc\out\branded-preview\Microsoft.VisualBasic.dll
2026-09-27T18:23:36.6832044Z    Compressing: \\?\D:\a\wootc\wootc\out\branded-preview\Microsoft.Web.WebView2.Core.dll
2026-09-27T18:23:36.6894894Z    Compressing: \\?\D:\a\wootc\wootc\out\branded-preview\Microsoft.Web.WebView2.Core.Projection.dll
2026-09-27T18:23:36.6935810Z    Compressing: \\?\D:\a\wootc\wootc\out\branded-preview\Microsoft.Win32.Primitives.dll
2026-09-27T18:23:36.6937026Z    Compressing: \\?\D:\a\wootc\wootc\out\branded-preview\Microsoft.Win32.Registry.dll
2026-09-27T18:23:36.6944451Z    Compressing: \\?\D:\a\wootc\wootc\out\branded-preview\Microsoft.Windows.AI.AICapabilities.dll
2026-09-27T18:23:36.6951838Z    Compressing: \\?\D:\a\wootc\wootc\out\branded-preview\Microsoft.Windows.AI.ContentModerationInternal.winmd
2026-09-27T18:23:36.6953108Z    Compressing: \\?\D:\a\wootc\wootc\out\branded-preview\Microsoft.Windows.AI.ContentSafety.dll
2026-09-27T18:23:36.6959448Z    Compressing: \\?\D:\a\wootc\wootc\out\branded-preview\Microsoft.Windows.AI.ContentSafety.Projection.dll
2026-09-27T18:23:36.6961886Z    Compressing: \\?\D:\a\wootc\wootc\out\branded-preview\Microsoft.Windows.AI.ContentSafety.winmd
2026-09-27T18:23:36.6963288Z    Compressing: \\?\D:\a\wootc\wootc\out\branded-preview\Microsoft.Windows.AI.Foundation.Projection.dll
2026-09-27T18:23:36.6965289Z    Compressing: \\?\D:\a\wootc\wootc\out\branded-preview\Microsoft.Windows.AI.Foundation.winmd
2026-09-27T18:23:36.6966246Z    Compressing: \\?\D:\a\wootc\wootc\out\branded-preview\Microsoft.Windows.AI.FoundationInternal.winmd
2026-09-27T18:23:36.6967309Z    Compressing: \\?\D:\a\wootc\wootc\out\branded-preview\Microsoft.Windows.AI.GenerativeInternal.winmd
2026-09-27T18:23:36.6969833Z    Compressing: \\?\D:\a\wootc\wootc\out\branded-preview\Microsoft.Windows.AI.Imaging.dll
2026-09-27T18:23:36.7015180Z    Compressing: \\?\D:\a\wootc\wootc\out\branded-preview\Microsoft.Windows.AI.Imaging.Projection.dll
2026-09-27T18:23:36.7020517Z    Compressing: \\?\D:\a\wootc\wootc\out\branded-preview\Microsoft.Windows.AI.Imaging.winmd
2026-09-27T18:23:36.7022006Z    Compressing: \\?\D:\a\wootc\wootc\out\branded-preview\Microsoft.Windows.AI.MachineLearning.dll
2026-09-27T18:23:36.7083597Z    Compressing: \\?\D:\a\wootc\wootc\out\branded-preview\Microsoft.Windows.AI.MachineLearning.Projection.dll
2026-09-27T18:23:36.7090535Z    Compressing: \\?\D:\a\wootc\wootc\out\branded-preview\Microsoft.Windows.AI.Projection.dll
2026-09-27T18:23:36.7099435Z    Compressing: \\?\D:\a\wootc\wootc\out\branded-preview\Microsoft.Windows.AI.Search.Experimental.dll
2026-09-27T18:23:37.1431001Z    Compressing: \\?\D:\a\wootc\wootc\out\branded-preview\Microsoft.Windows.AI.Text.dll
2026-09-27T18:23:37.1480790Z    Compressing: \\?\D:\a\wootc\wootc\out\branded-preview\Microsoft.Windows.AI.Text.Projection.dll
2026-09-27T18:23:37.1487418Z    Compressing: \\?\D:\a\wootc\wootc\out\branded-preview\Microsoft.Windows.AI.Text.winmd
2026-09-27T18:23:37.1489448Z    Compressing: \\?\D:\a\wootc\wootc\out\branded-preview\Microsoft.Windows.AI.Video.dll
2026-09-27T18:23:37.1522940Z    Compressing: \\?\D:\a\wootc\wootc\out\branded-preview\Microsoft.Windows.AI.Video.Projection.dll
2026-09-27T18:23:37.1525535Z    Compressing: \\?\D:\a\wootc\wootc\out\branded-preview\Microsoft.Windows.AI.Video.winmd
2026-09-27T18:23:37.1526701Z    Compressing: \\?\D:\a\wootc\wootc\out\branded-preview\Microsoft.Windows.AI.winmd
2026-09-27T18:23:37.1528214Z    Compressing: \\?\D:\a\wootc\wootc\out\branded-preview\Microsoft.Windows.ApplicationModel.Background.Projection.dll
2026-09-27T18:23:37.1530137Z    Compressing: \\?\D:\a\wootc\wootc\out\branded-preview\Microsoft.Windows.ApplicationModel.Background.UniversalBGTask.dll
2026-09-27T18:23:37.1536494Z    Compressing: \\?\D:\a\wootc\wootc\out\branded-preview\Microsoft.Windows.ApplicationModel.Background.UniversalBGTask.winmd
2026-09-27T18:23:37.1537405Z    Compressing: \\?\D:\a\wootc\wootc\out\branded-preview\Microsoft.Windows.ApplicationModel.Background.winmd
2026-09-27T18:23:37.1538738Z    Compressing: \\?\D:\a\wootc\wootc\out\branded-preview\Microsoft.Windows.ApplicationModel.DynamicDependency.Projection.dll
2026-09-27T18:23:37.1541615Z    Compressing: \\?\D:\a\wootc\wootc\out\branded-preview\Microsoft.Windows.ApplicationModel.DynamicDependency.winmd
2026-09-27T18:23:37.1542993Z    Compressing: \\?\D:\a\wootc\wootc\out\branded-preview\Microsoft.Windows.ApplicationModel.Resources.dll
2026-09-27T18:23:37.1555684Z    Compressing: \\?\D:\a\wootc\wootc\out\branded-preview\Microsoft.Windows.ApplicationModel.Resources.Projection.dll
2026-09-27T18:23:37.1561879Z    Compressing: \\?\D:\a\wootc\wootc\out\branded-preview\Microsoft.Windows.ApplicationModel.Resources.winmd
2026-09-27T18:23:37.1563956Z    Compressing: \\?\D:\a\wootc\wootc\out\branded-preview\Microsoft.Windows.ApplicationModel.WindowsAppRuntime.Projection.dll
2026-09-27T18:23:37.1568247Z    Compressing: \\?\D:\a\wootc\wootc\out\branded-preview\Microsoft.Windows.ApplicationModel.WindowsAppRuntime.winmd
2026-09-27T18:23:37.1570573Z    Compressing: \\?\D:\a\wootc\wootc\out\branded-preview\Microsoft.Windows.AppLifecycle.Projection.dll
2026-09-27T18:23:37.1574122Z    Compressing: \\?\D:\a\wootc\wootc\out\branded-preview\Microsoft.Windows.AppLifecycle.winmd
2026-09-27T18:23:37.1575952Z    Compressing: \\?\D:\a\wootc\wootc\out\branded-preview\Microsoft.Windows.AppNotifications.Builder.Projection.dll
2026-09-27T18:23:37.1581733Z    Compressing: \\?\D:\a\wootc\wootc\out\branded-preview\Microsoft.Windows.AppNotifications.Builder.winmd
2026-09-27T18:23:37.1584030Z    Compressing: \\?\D:\a\wootc\wootc\out\branded-preview\Microsoft.Windows.AppNotifications.Projection.dll
2026-09-27T18:23:37.1589468Z    Compressing: \\?\D:\a\wootc\wootc\out\branded-preview\Microsoft.Windows.AppNotifications.winmd
2026-09-27T18:23:37.1591356Z    Compressing: \\?\D:\a\wootc\wootc\out\branded-preview\Microsoft.Windows.BadgeNotifications.Projection.dll
2026-09-27T18:23:37.1593660Z    Compressing: \\?\D:\a\wootc\wootc\out\branded-preview\Microsoft.Windows.BadgeNotifications.winmd
2026-09-27T18:23:37.1595096Z    Compressing: \\?\D:\a\wootc\wootc\out\branded-preview\Microsoft.Windows.Foundation.Projection.dll
2026-09-27T18:23:37.1597751Z    Compressing: \\?\D:\a\wootc\wootc\out\branded-preview\Microsoft.Windows.Foundation.winmd
2026-09-27T18:23:37.1599404Z    Compressing: \\?\D:\a\wootc\wootc\out\branded-preview\Microsoft.Windows.Globalization.winmd
2026-09-27T18:23:37.1600783Z    Compressing: \\?\D:\a\wootc\wootc\out\branded-preview\Microsoft.Windows.ImageCreationInternal.winmd
2026-09-27T18:23:37.1602257Z    Compressing: \\?\D:\a\wootc\wootc\out\branded-preview\Microsoft.Windows.Internal.AI.ContentModeration.winmd
2026-09-27T18:23:37.1603763Z    Compressing: \\?\D:\a\wootc\wootc\out\branded-preview\Microsoft.Windows.Internal.AI.Generative.winmd
2026-09-27T18:23:37.1606142Z    Compressing: \\?\D:\a\wootc\wootc\out\branded-preview\Microsoft.Windows.Internal.ImageCreation.winmd
2026-09-27T18:23:37.1607646Z    Compressing: \\?\D:\a\wootc\wootc\out\branded-preview\Microsoft.Windows.Internal.SemanticSearch.winmd
2026-09-27T18:23:37.1609616Z    Compressing: \\?\D:\a\wootc\wootc\out\branded-preview\Microsoft.Windows.Internal.Vision.winmd
2026-09-27T18:23:37.1611220Z    Compressing: \\?\D:\a\wootc\wootc\out\branded-preview\Microsoft.Windows.Management.Deployment.Projection.dll
2026-09-27T18:23:37.1623959Z    Compressing: \\?\D:\a\wootc\wootc\out\branded-preview\Microsoft.Windows.Management.Deployment.winmd
2026-09-27T18:23:37.1626922Z    Compressing: \\?\D:\a\wootc\wootc\out\branded-preview\Microsoft.Windows.Media.Capture.Projection.dll
2026-09-27T18:23:37.1629346Z    Compressing: \\?\D:\a\wootc\wootc\out\branded-preview\Microsoft.Windows.Media.Capture.winmd
2026-09-27T18:23:37.1630922Z    Compressing: \\?\D:\a\wootc\wootc\out\branded-preview\Microsoft.Windows.Private.Workloads.SessionManager.winmd
2026-09-27T18:23:37.1632104Z    Compressing: \\?\D:\a\wootc\wootc\out\branded-preview\Microsoft.Windows.PrivateCommon.winmd
2026-09-27T18:23:37.1633386Z    Compressing: \\?\D:\a\wootc\wootc\out\branded-preview\Microsoft.Windows.PushNotifications.Projection.dll
2026-09-27T18:23:37.1636353Z    Compressing: \\?\D:\a\wootc\wootc\out\branded-preview\Microsoft.Windows.PushNotifications.winmd
2026-09-27T18:23:37.1637586Z    Compressing: \\?\D:\a\wootc\wootc\out\branded-preview\Microsoft.Windows.SDK.NET.dll
2026-09-27T18:23:39.5056967Z    Compressing: \\?\D:\a\wootc\wootc\out\branded-preview\Microsoft.Windows.Search.dll
2026-09-27T18:23:39.9266464Z    Compressing: \\?\D:\a\wootc\wootc\out\branded-preview\Microsoft.Windows.Search.Projection.dll
2026-09-27T18:23:39.9278834Z    Compressing: \\?\D:\a\wootc\wootc\out\branded-preview\Microsoft.Windows.Search.winmd
2026-09-27T18:23:39.9282078Z    Compressing: \\?\D:\a\wootc\wootc\out\branded-preview\Microsoft.Windows.Security.AccessControl.Projection.dll
2026-09-27T18:23:39.9283673Z    Compressing: \\?\D:\a\wootc\wootc\out\branded-preview\Microsoft.Windows.Security.AccessControl.winmd
2026-09-27T18:23:39.9284788Z    Compressing: \\?\D:\a\wootc\wootc\out\branded-preview\Microsoft.Windows.SemanticSearch.winmd
2026-09-27T18:23:39.9286056Z    Compressing: \\?\D:\a\wootc\wootc\out\branded-preview\Microsoft.Windows.SemanticSearchInternal.winmd
2026-09-27T18:23:39.9287844Z    Compressing: \\?\D:\a\wootc\wootc\out\branded-preview\Microsoft.Windows.Storage.Pickers.Projection.dll
2026-09-27T18:23:39.9292170Z    Compressing: \\?\D:\a\wootc\wootc\out\branded-preview\Microsoft.Windows.Storage.Pickers.winmd
2026-09-27T18:23:39.9293716Z    Compressing: \\?\D:\a\wootc\wootc\out\branded-preview\Microsoft.Windows.Storage.Projection.dll
2026-09-27T18:23:39.9296389Z    Compressing: \\?\D:\a\wootc\wootc\out\branded-preview\Microsoft.Windows.Storage.winmd
2026-09-27T18:23:39.9298890Z    Compressing: \\?\D:\a\wootc\wootc\out\branded-preview\Microsoft.Windows.System.Power.Projection.dll
2026-09-27T18:23:39.9300281Z    Compressing: \\?\D:\a\wootc\wootc\out\branded-preview\Microsoft.Windows.System.Power.winmd
2026-09-27T18:23:39.9301677Z    Compressing: \\?\D:\a\wootc\wootc\out\branded-preview\Microsoft.Windows.System.Projection.dll
2026-09-27T18:23:39.9303672Z    Compressing: \\?\D:\a\wootc\wootc\out\branded-preview\Microsoft.Windows.System.winmd
2026-09-27T18:23:39.9304928Z    Compressing: \\?\D:\a\wootc\wootc\out\branded-preview\Microsoft.Windows.Vision.winmd
2026-09-27T18:23:39.9306078Z    Compressing: \\?\D:\a\wootc\wootc\out\branded-preview\Microsoft.Windows.VisionInternal.winmd
2026-09-27T18:23:39.9307553Z    Compressing: \\?\D:\a\wootc\wootc\out\branded-preview\Microsoft.Windows.Widgets.dll
2026-09-27T18:23:39.9470737Z    Compressing: \\?\D:\a\wootc\wootc\out\branded-preview\Microsoft.Windows.Widgets.Projection.dll
2026-09-27T18:23:40.3722235Z    Compressing: \\?\D:\a\wootc\wootc\out\branded-preview\Microsoft.Windows.Widgets.winmd
2026-09-27T18:23:40.3725521Z    Compressing: \\?\D:\a\wootc\wootc\out\branded-preview\Microsoft.Windows.Workloads.dll
2026-09-27T18:23:40.3758504Z    Compressing: \\?\D:\a\wootc\wootc\out\branded-preview\Microsoft.Windows.Workloads.pri
2026-09-27T18:23:40.3759291Z    Compressing: \\?\D:\a\wootc\wootc\out\branded-preview\Microsoft.Windows.Workloads.Resources.dll
2026-09-27T18:23:40.3772114Z    Compressing: \\?\D:\a\wootc\wootc\out\branded-preview\Microsoft.Windows.Workloads.Resources_ec.dll
2026-09-27T18:23:40.3784731Z    Compressing: \\?\D:\a\wootc\wootc\out\branded-preview\Microsoft.Windows.Workloads.winmd
2026-09-27T18:23:40.3786053Z    Compressing: \\?\D:\a\wootc\wootc\out\branded-preview\Microsoft.WindowsAppRuntime.Bootstrap.dll
2026-09-27T18:23:40.3818089Z    Compressing: \\?\D:\a\wootc\wootc\out\branded-preview\Microsoft.WindowsAppRuntime.Bootstrap.Net.dll
2026-09-27T18:23:40.3819824Z    Compressing: \\?\D:\a\wootc\wootc\out\branded-preview\Microsoft.WindowsAppRuntime.dll
2026-09-27T18:23:40.4030516Z    Compressing: \\?\D:\a\wootc\wootc\out\branded-preview\Microsoft.WindowsAppRuntime.pri
2026-09-27T18:23:40.4031688Z    Compressing: \\?\D:\a\wootc\wootc\out\branded-preview\Microsoft.WinUI.dll
2026-09-27T18:23:41.3318254Z    Compressing: \\?\D:\a\wootc\wootc\out\branded-preview\MRM.dll
2026-09-27T18:23:41.3336815Z    Compressing: \\?\D:\a\wootc\wootc\out\branded-preview\mscordaccore.dll
2026-09-27T18:23:41.3418662Z    Compressing: \\?\D:\a\wootc\wootc\out\branded-preview\mscordaccore_amd64_amd64_8.0.3126.42015.dll
2026-09-27T18:23:41.3501622Z    Compressing: \\?\D:\a\wootc\wootc\out\branded-preview\mscordbi.dll
2026-09-27T18:23:41.7762443Z    Compressing: \\?\D:\a\wootc\wootc\out\branded-preview\mscorlib.dll
2026-09-27T18:23:41.7766526Z    Compressing: \\?\D:\a\wootc\wootc\out\branded-preview\mscorrc.dll
2026-09-27T18:23:41.7775037Z    Compressing: \\?\D:\a\wootc\wootc\out\branded-preview\msquic.dll
2026-09-27T18:23:41.7808131Z    Compressing: \\?\D:\a\wootc\wootc\out\branded-preview\native-package.json
2026-09-27T18:23:41.7811252Z    Compressing: \\?\D:\a\wootc\wootc\out\branded-preview\netstandard.dll
2026-09-27T18:23:41.7817803Z    Compressing: \\?\D:\a\wootc\wootc\out\branded-preview\NPUDetect.dll
2026-09-27T18:23:41.7838042Z    Compressing: \\?\D:\a\wootc\wootc\out\branded-preview\onnxruntime.dll
2026-09-27T18:23:44.4362429Z    Compressing: \\?\D:\a\wootc\wootc\out\branded-preview\PerceptiveStreaming.dll
2026-09-27T18:23:44.8377679Z    Compressing: \\?\D:\a\wootc\wootc\out\branded-preview\PushNotificationsLongRunningTask.ProxyStub.dll
2026-09-27T18:23:44.8381123Z    Compressing: \\?\D:\a\wootc\wootc\out\branded-preview\RestartAgent.exe
2026-09-27T18:23:44.8388666Z    Compressing: \\?\D:\a\wootc\wootc\out\branded-preview\SessionHandleIPCProxyStub.dll
2026-09-27T18:23:44.8391874Z    Compressing: \\?\D:\a\wootc\wootc\out\branded-preview\System.AppContext.dll
2026-09-27T18:23:44.8393789Z    Compressing: \\?\D:\a\wootc\wootc\out\branded-preview\System.Buffers.dll
2026-09-27T18:23:44.8395220Z    Compressing: \\?\D:\a\wootc\wootc\out\branded-preview\System.Collections.Concurrent.dll
2026-09-27T18:23:44.8418999Z    Compressing: \\?\D:\a\wootc\wootc\out\branded-preview\System.Collections.dll
2026-09-27T18:23:44.8440559Z    Compressing: \\?\D:\a\wootc\wootc\out\branded-preview\System.Collections.Immutable.dll
2026-09-27T18:23:44.8508360Z    Compressing: \\?\D:\a\wootc\wootc\out\branded-preview\System.Collections.NonGeneric.dll
2026-09-27T18:23:44.8515508Z    Compressing: \\?\D:\a\wootc\wootc\out\branded-preview\System.Collections.Specialized.dll
2026-09-27T18:23:44.8522290Z    Compressing: \\?\D:\a\wootc\wootc\out\branded-preview\System.ComponentModel.Annotations.dll
2026-09-27T18:23:44.8534476Z    Compressing: \\?\D:\a\wootc\wootc\out\branded-preview\System.ComponentModel.DataAnnotations.dll
2026-09-27T18:23:44.8535764Z    Compressing: \\?\D:\a\wootc\wootc\out\branded-preview\System.ComponentModel.dll
2026-09-27T18:23:44.8538064Z    Compressing: \\?\D:\a\wootc\wootc\out\branded-preview\System.ComponentModel.EventBasedAsync.dll
2026-09-27T18:23:44.8541410Z    Compressing: \\?\D:\a\wootc\wootc\out\branded-preview\System.ComponentModel.Primitives.dll
2026-09-27T18:23:44.8546578Z    Compressing: \\?\D:\a\wootc\wootc\out\branded-preview\System.ComponentModel.TypeConverter.dll
2026-09-27T18:23:44.8591344Z    Compressing: \\?\D:\a\wootc\wootc\out\branded-preview\System.Configuration.dll
2026-09-27T18:23:44.8592775Z    Compressing: \\?\D:\a\wootc\wootc\out\branded-preview\System.Console.dll
2026-09-27T18:23:44.8603392Z    Compressing: \\?\D:\a\wootc\wootc\out\branded-preview\System.Core.dll
2026-09-27T18:23:44.8605044Z    Compressing: \\?\D:\a\wootc\wootc\out\branded-preview\System.Data.Common.dll
2026-09-27T18:23:45.2334890Z    Compressing: \\?\D:\a\wootc\wootc\out\branded-preview\System.Data.DataSetExtensions.dll
2026-09-27T18:23:45.2336378Z    Compressing: \\?\D:\a\wootc\wootc\out\branded-preview\System.Data.dll
2026-09-27T18:23:45.2338412Z    Compressing: \\?\D:\a\wootc\wootc\out\branded-preview\System.Diagnostics.Contracts.dll
2026-09-27T18:23:45.2339658Z    Compressing: \\?\D:\a\wootc\wootc\out\branded-preview\System.Diagnostics.Debug.dll
2026-09-27T18:23:45.2340959Z    Compressing: \\?\D:\a\wootc\wootc\out\branded-preview\System.Diagnostics.DiagnosticSource.dll
2026-09-27T18:23:45.2365685Z    Compressing: \\?\D:\a\wootc\wootc\out\branded-preview\System.Diagnostics.FileVersionInfo.dll
2026-09-27T18:23:45.2368913Z    Compressing: \\?\D:\a\wootc\wootc\out\branded-preview\System.Diagnostics.Process.dll
2026-09-27T18:23:45.2389090Z    Compressing: \\?\D:\a\wootc\wootc\out\branded-preview\System.Diagnostics.StackTrace.dll
2026-09-27T18:23:45.2392309Z    Compressing: \\?\D:\a\wootc\wootc\out\branded-preview\System.Diagnostics.TextWriterTraceListener.dll
2026-09-27T18:23:45.2396547Z    Compressing: \\?\D:\a\wootc\wootc\out\branded-preview\System.Diagnostics.Tools.dll
2026-09-27T18:23:45.2398002Z    Compressing: \\?\D:\a\wootc\wootc\out\branded-preview\System.Diagnostics.TraceSource.dll
2026-09-27T18:23:45.2407072Z    Compressing: \\?\D:\a\wootc\wootc\out\branded-preview\System.Diagnostics.Tracing.dll
2026-09-27T18:23:45.2408333Z    Compressing: \\?\D:\a\wootc\wootc\out\branded-preview\System.dll
2026-09-27T18:23:45.2411797Z    Compressing: \\?\D:\a\wootc\wootc\out\branded-preview\System.Drawing.dll
2026-09-27T18:23:45.2413293Z    Compressing: \\?\D:\a\wootc\wootc\out\branded-preview\System.Drawing.Primitives.dll
2026-09-27T18:23:45.2421498Z    Compressing: \\?\D:\a\wootc\wootc\out\branded-preview\System.Dynamic.Runtime.dll
2026-09-27T18:23:45.2422800Z    Compressing: \\?\D:\a\wootc\wootc\out\branded-preview\System.Formats.Asn1.dll
2026-09-27T18:23:45.2440296Z    Compressing: \\?\D:\a\wootc\wootc\out\branded-preview\System.Formats.Tar.dll
2026-09-27T18:23:45.2457196Z    Compressing: \\?\D:\a\wootc\wootc\out\branded-preview\System.Globalization.Calendars.dll
2026-09-27T18:23:45.2458559Z    Compressing: \\?\D:\a\wootc\wootc\out\branded-preview\System.Globalization.dll
2026-09-27T18:23:45.2459631Z    Compressing: \\?\D:\a\wootc\wootc\out\branded-preview\System.Globalization.Extensions.dll
2026-09-27T18:23:45.2460982Z    Compressing: \\?\D:\a\wootc\wootc\out\branded-preview\System.IO.Compression.Brotli.dll
2026-09-27T18:23:45.2466450Z    Compressing: \\?\D:\a\wootc\wootc\out\branded-preview\System.IO.Compression.dll
2026-09-27T18:23:45.2482144Z    Compressing: \\?\D:\a\wootc\wootc\out\branded-preview\System.IO.Compression.FileSystem.dll
2026-09-27T18:23:45.2483359Z    Compressing: \\?\D:\a\wootc\wootc\out\branded-preview\System.IO.Compression.Native.dll
2026-09-27T18:23:45.2532809Z    Compressing: \\?\D:\a\wootc\wootc\out\branded-preview\System.IO.Compression.ZipFile.dll
2026-09-27T18:23:45.2536681Z    Compressing: \\?\D:\a\wootc\wootc\out\branded-preview\System.IO.dll
2026-09-27T18:23:45.2538310Z    Compressing: \\?\D:\a\wootc\wootc\out\branded-preview\System.IO.FileSystem.AccessControl.dll
2026-09-27T18:23:45.2544824Z    Compressing: \\?\D:\a\wootc\wootc\out\branded-preview\System.IO.FileSystem.dll
2026-09-27T18:23:45.2546177Z    Compressing: \\?\D:\a\wootc\wootc\out\branded-preview\System.IO.FileSystem.DriveInfo.dll
2026-09-27T18:23:45.2550615Z    Compressing: \\?\D:\a\wootc\wootc\out\branded-preview\System.IO.FileSystem.Primitives.dll
2026-09-27T18:23:45.2552335Z    Compressing: \\?\D:\a\wootc\wootc\out\branded-preview\System.IO.FileSystem.Watcher.dll
2026-09-27T18:23:45.2559818Z    Compressing: \\?\D:\a\wootc\wootc\out\branded-preview\System.IO.IsolatedStorage.dll
2026-09-27T18:23:45.2567586Z    Compressing: \\?\D:\a\wootc\wootc\out\branded-preview\System.IO.MemoryMappedFiles.dll
2026-09-27T18:23:45.2574942Z    Compressing: \\?\D:\a\wootc\wootc\out\branded-preview\System.IO.Pipes.AccessControl.dll
2026-09-27T18:23:45.2576509Z    Compressing: \\?\D:\a\wootc\wootc\out\branded-preview\System.IO.Pipes.dll
2026-09-27T18:23:45.7445813Z    Compressing: \\?\D:\a\wootc\wootc\out\branded-preview\System.IO.UnmanagedMemoryStream.dll
2026-09-27T18:23:45.7451413Z    Compressing: \\?\D:\a\wootc\wootc\out\branded-preview\System.Linq.dll
2026-09-27T18:23:45.7489154Z    Compressing: \\?\D:\a\wootc\wootc\out\branded-preview\System.Linq.Expressions.dll
2026-09-27T18:23:45.7732830Z    Compressing: \\?\D:\a\wootc\wootc\out\branded-preview\System.Linq.Parallel.dll
2026-09-27T18:23:46.2764676Z    Compressing: \\?\D:\a\wootc\wootc\out\branded-preview\System.Linq.Queryable.dll
2026-09-27T18:23:46.2779649Z    Compressing: \\?\D:\a\wootc\wootc\out\branded-preview\System.Memory.dll
2026-09-27T18:23:46.2793821Z    Compressing: \\?\D:\a\wootc\wootc\out\branded-preview\System.Net.dll
2026-09-27T18:23:46.2795743Z    Compressing: \\?\D:\a\wootc\wootc\out\branded-preview\System.Net.Http.dll
2026-09-27T18:23:46.2937103Z    Compressing: \\?\D:\a\wootc\wootc\out\branded-preview\System.Net.Http.Json.dll
2026-09-27T18:23:46.2945661Z    Compressing: \\?\D:\a\wootc\wootc\out\branded-preview\System.Net.HttpListener.dll
2026-09-27T18:23:46.2978798Z    Compressing: \\?\D:\a\wootc\wootc\out\branded-preview\System.Net.Mail.dll
2026-09-27T18:23:46.3005051Z    Compressing: \\?\D:\a\wootc\wootc\out\branded-preview\System.Net.NameResolution.dll
2026-09-27T18:23:46.3012262Z    Compressing: \\?\D:\a\wootc\wootc\out\branded-preview\System.Net.NetworkInformation.dll
2026-09-27T18:23:46.3021868Z    Compressing: \\?\D:\a\wootc\wootc\out\branded-preview\System.Net.Ping.dll
2026-09-27T18:23:46.3027976Z    Compressing: \\?\D:\a\wootc\wootc\out\branded-preview\System.Net.Primitives.dll
2026-09-27T18:23:46.3042043Z    Compressing: \\?\D:\a\wootc\wootc\out\branded-preview\System.Net.Quic.dll
2026-09-27T18:23:46.3063000Z    Compressing: \\?\D:\a\wootc\wootc\out\branded-preview\System.Net.Requests.dll
2026-09-27T18:23:46.3085863Z    Compressing: \\?\D:\a\wootc\wootc\out\branded-preview\System.Net.Security.dll
2026-09-27T18:23:46.7863363Z    Compressing: \\?\D:\a\wootc\wootc\out\branded-preview\System.Net.ServicePoint.dll
2026-09-27T18:23:46.7867809Z    Compressing: \\?\D:\a\wootc\wootc\out\branded-preview\System.Net.Sockets.dll
2026-09-27T18:23:46.7906734Z    Compressing: \\?\D:\a\wootc\wootc\out\branded-preview\System.Net.WebClient.dll
2026-09-27T18:23:46.7917073Z    Compressing: \\?\D:\a\wootc\wootc\out\branded-preview\System.Net.WebHeaderCollection.dll
2026-09-27T18:23:46.7926245Z    Compressing: \\?\D:\a\wootc\wootc\out\branded-preview\System.Net.WebProxy.dll
2026-09-27T18:23:46.7926949Z    Compressing: \\?\D:\a\wootc\wootc\out\branded-preview\System.Net.WebSockets.Client.dll
2026-09-27T18:23:46.7935380Z    Compressing: \\?\D:\a\wootc\wootc\out\branded-preview\System.Net.WebSockets.dll
2026-09-27T18:23:46.7948651Z    Compressing: \\?\D:\a\wootc\wootc\out\branded-preview\System.Numerics.dll
2026-09-27T18:23:46.7963978Z    Compressing: \\?\D:\a\wootc\wootc\out\branded-preview\System.Numerics.Tensors.dll
2026-09-27T18:23:46.7984749Z    Compressing: \\?\D:\a\wootc\wootc\out\branded-preview\System.Numerics.Vectors.dll
2026-09-27T18:23:46.7986393Z    Compressing: \\?\D:\a\wootc\wootc\out\branded-preview\System.ObjectModel.dll
2026-09-27T18:23:46.7992920Z    Compressing: \\?\D:\a\wootc\wootc\out\branded-preview\System.Private.CoreLib.dll
2026-09-27T18:23:48.4665170Z    Compressing: \\?\D:\a\wootc\wootc\out\branded-preview\System.Private.DataContractSerialization.dll
2026-09-27T18:23:48.4787726Z    Compressing: \\?\D:\a\wootc\wootc\out\branded-preview\System.Private.Uri.dll
2026-09-27T18:23:48.4803384Z    Compressing: \\?\D:\a\wootc\wootc\out\branded-preview\System.Private.Xml.dll
2026-09-27T18:23:49.4180924Z    Compressing: \\?\D:\a\wootc\wootc\out\branded-preview\System.Private.Xml.Linq.dll
2026-09-27T18:23:49.4214960Z    Compressing: \\?\D:\a\wootc\wootc\out\branded-preview\System.Reflection.DispatchProxy.dll
2026-09-27T18:23:49.4221392Z    Compressing: \\?\D:\a\wootc\wootc\out\branded-preview\System.Reflection.dll
2026-09-27T18:23:49.4223154Z    Compressing: \\?\D:\a\wootc\wootc\out\branded-preview\System.Reflection.Emit.dll
2026-09-27T18:23:49.4241299Z    Compressing: \\?\D:\a\wootc\wootc\out\branded-preview\System.Reflection.Emit.ILGeneration.dll
2026-09-27T18:23:49.4242214Z    Compressing: \\?\D:\a\wootc\wootc\out\branded-preview\System.Reflection.Emit.Lightweight.dll
2026-09-27T18:23:49.4243033Z    Compressing: \\?\D:\a\wootc\wootc\out\branded-preview\System.Reflection.Extensions.dll
2026-09-27T18:23:49.4243739Z    Compressing: \\?\D:\a\wootc\wootc\out\branded-preview\System.Reflection.Metadata.dll
2026-09-27T18:23:49.4328877Z    Compressing: \\?\D:\a\wootc\wootc\out\branded-preview\System.Reflection.Primitives.dll
2026-09-27T18:23:49.4330595Z    Compressing: \\?\D:\a\wootc\wootc\out\branded-preview\System.Reflection.TypeExtensions.dll
2026-09-27T18:23:49.4334273Z    Compressing: \\?\D:\a\wootc\wootc\out\branded-preview\System.Resources.Reader.dll
2026-09-27T18:23:49.4335908Z    Compressing: \\?\D:\a\wootc\wootc\out\branded-preview\System.Resources.ResourceManager.dll
2026-09-27T18:23:49.4337473Z    Compressing: \\?\D:\a\wootc\wootc\out\branded-preview\System.Resources.Writer.dll
2026-09-27T18:23:49.4341903Z    Compressing: \\?\D:\a\wootc\wootc\out\branded-preview\System.Runtime.CompilerServices.Unsafe.dll
2026-09-27T18:23:49.4343488Z    Compressing: \\?\D:\a\wootc\wootc\out\branded-preview\System.Runtime.CompilerServices.VisualC.dll
2026-09-27T18:23:49.4346159Z    Compressing: \\?\D:\a\wootc\wootc\out\branded-preview\System.Runtime.dll
2026-09-27T18:23:49.4350202Z    Compressing: \\?\D:\a\wootc\wootc\out\branded-preview\System.Runtime.Extensions.dll
2026-09-27T18:23:49.4351965Z    Compressing: \\?\D:\a\wootc\wootc\out\branded-preview\System.Runtime.Handles.dll
2026-09-27T18:23:49.4353571Z    Compressing: \\?\D:\a\wootc\wootc\out\branded-preview\System.Runtime.InteropServices.dll
2026-09-27T18:23:49.4361622Z    Compressing: \\?\D:\a\wootc\wootc\out\branded-preview\System.Runtime.InteropServices.JavaScript.dll
2026-09-27T18:23:49.4366079Z    Compressing: \\?\D:\a\wootc\wootc\out\branded-preview\System.Runtime.InteropServices.RuntimeInformation.dll
2026-09-27T18:23:49.4368741Z    Compressing: \\?\D:\a\wootc\wootc\out\branded-preview\System.Runtime.Intrinsics.dll
2026-09-27T18:23:49.4369533Z    Compressing: \\?\D:\a\wootc\wootc\out\branded-preview\System.Runtime.Loader.dll
2026-09-27T18:23:49.4371150Z    Compressing: \\?\D:\a\wootc\wootc\out\branded-preview\System.Runtime.Numerics.dll
2026-09-27T18:23:49.4395368Z    Compressing: \\?\D:\a\wootc\wootc\out\branded-preview\System.Runtime.Serialization.dll
2026-09-27T18:23:49.4396726Z    Compressing: \\?\D:\a\wootc\wootc\out\branded-preview\System.Runtime.Serialization.Formatters.dll
2026-09-27T18:23:49.4422320Z    Compressing: \\?\D:\a\wootc\wootc\out\branded-preview\System.Runtime.Serialization.Json.dll
2026-09-27T18:23:49.4424099Z    Compressing: \\?\D:\a\wootc\wootc\out\branded-preview\System.Runtime.Serialization.Primitives.dll
2026-09-27T18:23:49.4427841Z    Compressing: \\?\D:\a\wootc\wootc\out\branded-preview\System.Runtime.Serialization.Xml.dll
2026-09-27T18:23:49.4429698Z    Compressing: \\?\D:\a\wootc\wootc\out\branded-preview\System.Security.AccessControl.dll
2026-09-27T18:23:49.4449806Z    Compressing: \\?\D:\a\wootc\wootc\out\branded-preview\System.Security.Claims.dll
2026-09-27T18:23:49.4458493Z    Compressing: \\?\D:\a\wootc\wootc\out\branded-preview\System.Security.Cryptography.Algorithms.dll
2026-09-27T18:23:49.4460240Z    Compressing: \\?\D:\a\wootc\wootc\out\branded-preview\System.Security.Cryptography.Cng.dll
2026-09-27T18:23:49.4461912Z    Compressing: \\?\D:\a\wootc\wootc\out\branded-preview\System.Security.Cryptography.Csp.dll
2026-09-27T18:23:49.4463471Z    Compressing: \\?\D:\a\wootc\wootc\out\branded-preview\System.Security.Cryptography.dll
2026-09-27T18:23:49.9226669Z    Compressing: \\?\D:\a\wootc\wootc\out\branded-preview\System.Security.Cryptography.Encoding.dll
2026-09-27T18:23:49.9228300Z    Compressing: \\?\D:\a\wootc\wootc\out\branded-preview\System.Security.Cryptography.OpenSsl.dll
2026-09-27T18:23:49.9230051Z    Compressing: \\?\D:\a\wootc\wootc\out\branded-preview\System.Security.Cryptography.Primitives.dll
2026-09-27T18:23:49.9231693Z    Compressing: \\?\D:\a\wootc\wootc\out\branded-preview\System.Security.Cryptography.X509Certificates.dll
2026-09-27T18:23:49.9239621Z    Compressing: \\?\D:\a\wootc\wootc\out\branded-preview\System.Security.dll
2026-09-27T18:23:49.9243470Z    Compressing: \\?\D:\a\wootc\wootc\out\branded-preview\System.Security.Principal.dll
2026-09-27T18:23:49.9244276Z    Compressing: \\?\D:\a\wootc\wootc\out\branded-preview\System.Security.Principal.Windows.dll
2026-09-27T18:23:49.9250350Z    Compressing: \\?\D:\a\wootc\wootc\out\branded-preview\System.Security.SecureString.dll
2026-09-27T18:23:49.9251700Z    Compressing: \\?\D:\a\wootc\wootc\out\branded-preview\System.ServiceModel.Web.dll
2026-09-27T18:23:49.9253033Z    Compressing: \\?\D:\a\wootc\wootc\out\branded-preview\System.ServiceProcess.dll
2026-09-27T18:23:49.9254444Z    Compressing: \\?\D:\a\wootc\wootc\out\branded-preview\System.Text.Encoding.CodePages.dll
2026-09-27T18:23:49.9319805Z    Compressing: \\?\D:\a\wootc\wootc\out\branded-preview\System.Text.Encoding.dll
2026-09-27T18:23:49.9321237Z    Compressing: \\?\D:\a\wootc\wootc\out\branded-preview\System.Text.Encoding.Extensions.dll
2026-09-27T18:23:49.9322413Z    Compressing: \\?\D:\a\wootc\wootc\out\branded-preview\System.Text.Encodings.Web.dll
2026-09-27T18:23:49.9330522Z    Compressing: \\?\D:\a\wootc\wootc\out\branded-preview\System.Text.Json.dll
2026-09-27T18:23:49.9420132Z    Compressing: \\?\D:\a\wootc\wootc\out\branded-preview\System.Text.RegularExpressions.dll
2026-09-27T18:23:49.9485758Z    Compressing: \\?\D:\a\wootc\wootc\out\branded-preview\System.Threading.Channels.dll
2026-09-27T18:23:49.9493785Z    Compressing: \\?\D:\a\wootc\wootc\out\branded-preview\System.Threading.dll
2026-09-27T18:23:50.4183173Z    Compressing: \\?\D:\a\wootc\wootc\out\branded-preview\System.Threading.Overlapped.dll
2026-09-27T18:23:50.4185122Z    Compressing: \\?\D:\a\wootc\wootc\out\branded-preview\System.Threading.Tasks.Dataflow.dll
2026-09-27T18:23:50.4225073Z    Compressing: \\?\D:\a\wootc\wootc\out\branded-preview\System.Threading.Tasks.dll
2026-09-27T18:23:50.4226775Z    Compressing: \\?\D:\a\wootc\wootc\out\branded-preview\System.Threading.Tasks.Extensions.dll
2026-09-27T18:23:50.4228375Z    Compressing: \\?\D:\a\wootc\wootc\out\branded-preview\System.Threading.Tasks.Parallel.dll
2026-09-27T18:23:50.4239299Z    Compressing: \\?\D:\a\wootc\wootc\out\branded-preview\System.Threading.Thread.dll
2026-09-27T18:23:50.4240932Z    Compressing: \\?\D:\a\wootc\wootc\out\branded-preview\System.Threading.ThreadPool.dll
2026-09-27T18:23:50.4242470Z    Compressing: \\?\D:\a\wootc\wootc\out\branded-preview\System.Threading.Timer.dll
2026-09-27T18:23:50.4248594Z    Compressing: \\?\D:\a\wootc\wootc\out\branded-preview\System.Transactions.dll
2026-09-27T18:23:50.4249299Z    Compressing: \\?\D:\a\wootc\wootc\out\branded-preview\System.Transactions.Local.dll
2026-09-27T18:23:50.4287246Z    Compressing: \\?\D:\a\wootc\wootc\out\branded-preview\System.ValueTuple.dll
2026-09-27T18:23:50.4288540Z    Compressing: \\?\D:\a\wootc\wootc\out\branded-preview\System.Web.dll
2026-09-27T18:23:50.4289615Z    Compressing: \\?\D:\a\wootc\wootc\out\branded-preview\System.Web.HttpUtility.dll
2026-09-27T18:23:50.4293360Z    Compressing: \\?\D:\a\wootc\wootc\out\branded-preview\System.Windows.dll
2026-09-27T18:23:50.4294577Z    Compressing: \\?\D:\a\wootc\wootc\out\branded-preview\System.Xml.dll
2026-09-27T18:23:50.4296191Z    Compressing: \\?\D:\a\wootc\wootc\out\branded-preview\System.Xml.Linq.dll
2026-09-27T18:23:50.4297399Z    Compressing: \\?\D:\a\wootc\wootc\out\branded-preview\System.Xml.ReaderWriter.dll
2026-09-27T18:23:50.4298985Z    Compressing: \\?\D:\a\wootc\wootc\out\branded-preview\System.Xml.Serialization.dll
2026-09-27T18:23:50.4300165Z    Compressing: \\?\D:\a\wootc\wootc\out\branded-preview\System.Xml.XDocument.dll
2026-09-27T18:23:50.4301280Z    Compressing: \\?\D:\a\wootc\wootc\out\branded-preview\System.Xml.XmlDocument.dll
2026-09-27T18:23:50.4302489Z    Compressing: \\?\D:\a\wootc\wootc\out\branded-preview\System.Xml.XmlSerializer.dll
2026-09-27T18:23:50.4304240Z    Compressing: \\?\D:\a\wootc\wootc\out\branded-preview\System.Xml.XPath.dll
2026-09-27T18:23:50.4305614Z    Compressing: \\?\D:\a\wootc\wootc\out\branded-preview\System.Xml.XPath.XDocument.dll
2026-09-27T18:23:50.4307618Z    Compressing: \\?\D:\a\wootc\wootc\out\branded-preview\WebView2Loader.dll
2026-09-27T18:23:50.4317351Z    Compressing: \\?\D:\a\wootc\wootc\out\branded-preview\WindowsBase.dll
2026-09-27T18:23:50.4318541Z    Compressing: \\?\D:\a\wootc\wootc\out\branded-preview\WinRT.Runtime.dll
2026-09-27T18:23:50.4349287Z    Compressing: \\?\D:\a\wootc\wootc\out\branded-preview\WinUIEdit.dll
2026-09-27T18:23:50.9531608Z    Compressing: \\?\D:\a\wootc\wootc\out\branded-preview\wootc-engine.exe
2026-09-27T18:23:52.0880840Z    Compressing: \\?\D:\a\wootc\wootc\out\branded-preview\Wootc.Shell.Core.dll
2026-09-27T18:23:52.0885631Z    Compressing: \\?\D:\a\wootc\wootc\out\branded-preview\Wootc.Shell.Core.pdb
2026-09-27T18:23:52.0887505Z    Compressing: \\?\D:\a\wootc\wootc\out\branded-preview\Wootc.Shell.deps.json
2026-09-27T18:23:52.0890122Z    Compressing: \\?\D:\a\wootc\wootc\out\branded-preview\Wootc.Shell.dll
2026-09-27T18:23:52.0901960Z    Compressing: \\?\D:\a\wootc\wootc\out\branded-preview\Wootc.Shell.exe
2026-09-27T18:23:52.0919792Z    Compressing: \\?\D:\a\wootc\wootc\out\branded-preview\Wootc.Shell.Native.dll
2026-09-27T18:23:52.0923780Z    Compressing: \\?\D:\a\wootc\wootc\out\branded-preview\Wootc.Shell.Native.pdb
2026-09-27T18:23:52.0925146Z    Compressing: \\?\D:\a\wootc\wootc\out\branded-preview\Wootc.Shell.pdb
2026-09-27T18:23:52.0927188Z    Compressing: \\?\D:\a\wootc\wootc\out\branded-preview\Wootc.Shell.pri
2026-09-27T18:23:52.4184723Z    Compressing: \\?\D:\a\wootc\wootc\out\branded-preview\Wootc.Shell.runtimeconfig.json
2026-09-27T18:23:52.4185332Z    Compressing: \\?\D:\a\wootc\wootc\out\branded-preview\workloads.365.json
2026-09-27T18:23:52.4186492Z    Compressing: \\?\D:\a\wootc\wootc\out\branded-preview\workloads.j32.json
2026-09-27T18:23:52.4187527Z    Compressing: \\?\D:\a\wootc\wootc\out\branded-preview\workloads.json
2026-09-27T18:23:52.4188418Z    Compressing: \\?\D:\a\wootc\wootc\out\branded-preview\workloads.lnl.json
2026-09-27T18:23:52.4189612Z    Compressing: \\?\D:\a\wootc\wootc\out\branded-preview\workloads.qnn.json
2026-09-27T18:23:52.4190776Z    Compressing: \\?\D:\a\wootc\wootc\out\branded-preview\workloads.stx.json
2026-09-27T18:23:52.4192122Z    Compressing: \\?\D:\a\wootc\wootc\out\branded-preview\wuceffectsi.dll
2026-09-27T18:23:52.4222612Z    Compressing: \\?\D:\a\wootc\wootc\out\branded-preview\af-ZA\Microsoft.ui.xaml.dll.mui
2026-09-27T18:23:52.4224713Z    Compressing: \\?\D:\a\wootc\wootc\out\branded-preview\af-ZA\Microsoft.UI.Xaml.Phone.dll.mui
2026-09-27T18:23:52.4225686Z    Compressing: \\?\D:\a\wootc\wootc\out\branded-preview\am-ET\Microsoft.ui.xaml.dll.mui
2026-09-27T18:23:52.4227401Z    Compressing: \\?\D:\a\wootc\wootc\out\branded-preview\am-ET\Microsoft.UI.Xaml.Phone.dll.mui
2026-09-27T18:23:52.4228439Z    Compressing: \\?\D:\a\wootc\wootc\out\branded-preview\ar-SA\Microsoft.ui.xaml.dll.mui
2026-09-27T18:23:52.4230401Z    Compressing: \\?\D:\a\wootc\wootc\out\branded-preview\ar-SA\Microsoft.UI.Xaml.Phone.dll.mui
2026-09-27T18:23:52.4231539Z    Compressing: \\?\D:\a\wootc\wootc\out\branded-preview\as-IN\Microsoft.ui.xaml.dll.mui
2026-09-27T18:23:52.4233506Z    Compressing: \\?\D:\a\wootc\wootc\out\branded-preview\as-IN\Microsoft.UI.Xaml.Phone.dll.mui
2026-09-27T18:23:52.4234636Z    Compressing: \\?\D:\a\wootc\wootc\out\branded-preview\az-Latn-AZ\Microsoft.ui.xaml.dll.mui
2026-09-27T18:23:52.4236604Z    Compressing: \\?\D:\a\wootc\wootc\out\branded-preview\az-Latn-AZ\Microsoft.UI.Xaml.Phone.dll.mui
2026-09-27T18:23:52.4237687Z    Compressing: \\?\D:\a\wootc\wootc\out\branded-preview\bg-BG\Microsoft.ui.xaml.dll.mui
2026-09-27T18:23:52.4239637Z    Compressing: \\?\D:\a\wootc\wootc\out\branded-preview\bg-BG\Microsoft.UI.Xaml.Phone.dll.mui
2026-09-27T18:23:52.4240798Z    Compressing: \\?\D:\a\wootc\wootc\out\branded-preview\bn-IN\Microsoft.ui.xaml.dll.mui
2026-09-27T18:23:52.4242624Z    Compressing: \\?\D:\a\wootc\wootc\out\branded-preview\bn-IN\Microsoft.UI.Xaml.Phone.dll.mui
2026-09-27T18:23:52.4243724Z    Compressing: \\?\D:\a\wootc\wootc\out\branded-preview\Branding\brand.json
2026-09-27T18:23:52.4244277Z    Compressing: \\?\D:\a\wootc\wootc\out\branded-preview\bs-Latn-BA\Microsoft.ui.xaml.dll.mui
2026-09-27T18:23:52.4246094Z    Compressing: \\?\D:\a\wootc\wootc\out\branded-preview\bs-Latn-BA\Microsoft.UI.Xaml.Phone.dll.mui
2026-09-27T18:23:52.4247358Z    Compressing: \\?\D:\a\wootc\wootc\out\branded-preview\ca-ES\Microsoft.ui.xaml.dll.mui
2026-09-27T18:23:52.4249464Z    Compressing: \\?\D:\a\wootc\wootc\out\branded-preview\ca-ES\Microsoft.UI.Xaml.Phone.dll.mui
2026-09-27T18:23:52.4250669Z    Compressing: \\?\D:\a\wootc\wootc\out\branded-preview\ca-Es-VALENCIA\Microsoft.ui.xaml.dll.mui
2026-09-27T18:23:52.4252617Z    Compressing: \\?\D:\a\wootc\wootc\out\branded-preview\ca-Es-VALENCIA\Microsoft.UI.Xaml.Phone.dll.mui
2026-09-27T18:23:52.4253690Z    Compressing: \\?\D:\a\wootc\wootc\out\branded-preview\cs-CZ\Microsoft.ui.xaml.dll.mui
2026-09-27T18:23:52.4255592Z    Compressing: \\?\D:\a\wootc\wootc\out\branded-preview\cs-CZ\Microsoft.UI.Xaml.Phone.dll.mui
2026-09-27T18:23:52.4256767Z    Compressing: \\?\D:\a\wootc\wootc\out\branded-preview\cy-GB\Microsoft.ui.xaml.dll.mui
2026-09-27T18:23:52.4258572Z    Compressing: \\?\D:\a\wootc\wootc\out\branded-preview\cy-GB\Microsoft.UI.Xaml.Phone.dll.mui
2026-09-27T18:23:52.4259693Z    Compressing: \\?\D:\a\wootc\wootc\out\branded-preview\da-DK\Microsoft.ui.xaml.dll.mui
2026-09-27T18:23:52.4261586Z    Compressing: \\?\D:\a\wootc\wootc\out\branded-preview\da-DK\Microsoft.UI.Xaml.Phone.dll.mui
2026-09-27T18:23:52.4262752Z    Compressing: \\?\D:\a\wootc\wootc\out\branded-preview\de-DE\Microsoft.ui.xaml.dll.mui
2026-09-27T18:23:52.4264856Z    Compressing: \\?\D:\a\wootc\wootc\out\branded-preview\de-DE\Microsoft.UI.Xaml.Phone.dll.mui
2026-09-27T18:23:52.4265920Z    Compressing: \\?\D:\a\wootc\wootc\out\branded-preview\el-GR\Microsoft.ui.xaml.dll.mui
2026-09-27T18:23:52.4267824Z    Compressing: \\?\D:\a\wootc\wootc\out\branded-preview\el-GR\Microsoft.UI.Xaml.Phone.dll.mui
2026-09-27T18:23:52.4268923Z    Compressing: \\?\D:\a\wootc\wootc\out\branded-preview\en-GB\Microsoft.ui.xaml.dll.mui
2026-09-27T18:23:52.4270800Z    Compressing: \\?\D:\a\wootc\wootc\out\branded-preview\en-GB\Microsoft.UI.Xaml.Phone.dll.mui
2026-09-27T18:23:52.4271858Z    Compressing: \\?\D:\a\wootc\wootc\out\branded-preview\en-us\Microsoft.ui.xaml.dll.mui
2026-09-27T18:23:52.4273717Z    Compressing: \\?\D:\a\wootc\wootc\out\branded-preview\en-us\Microsoft.UI.Xaml.Phone.dll.mui
2026-09-27T18:23:52.4274848Z    Compressing: \\?\D:\a\wootc\wootc\out\branded-preview\es-ES\Microsoft.ui.xaml.dll.mui
2026-09-27T18:23:52.4276689Z    Compressing: \\?\D:\a\wootc\wootc\out\branded-preview\es-ES\Microsoft.UI.Xaml.Phone.dll.mui
2026-09-27T18:23:52.4277768Z    Compressing: \\?\D:\a\wootc\wootc\out\branded-preview\es-MX\Microsoft.ui.xaml.dll.mui
2026-09-27T18:23:52.4279713Z    Compressing: \\?\D:\a\wootc\wootc\out\branded-preview\es-MX\Microsoft.UI.Xaml.Phone.dll.mui
2026-09-27T18:23:52.4280916Z    Compressing: \\?\D:\a\wootc\wootc\out\branded-preview\et-EE\Microsoft.ui.xaml.dll.mui
2026-09-27T18:23:52.4282735Z    Compressing: \\?\D:\a\wootc\wootc\out\branded-preview\et-EE\Microsoft.UI.Xaml.Phone.dll.mui
2026-09-27T18:23:52.4283862Z    Compressing: \\?\D:\a\wootc\wootc\out\branded-preview\eu-ES\Microsoft.ui.xaml.dll.mui
2026-09-27T18:23:52.4285793Z    Compressing: \\?\D:\a\wootc\wootc\out\branded-preview\eu-ES\Microsoft.UI.Xaml.Phone.dll.mui
2026-09-27T18:23:52.4286876Z    Compressing: \\?\D:\a\wootc\wootc\out\branded-preview\fa-IR\Microsoft.ui.xaml.dll.mui
2026-09-27T18:23:52.4288714Z    Compressing: \\?\D:\a\wootc\wootc\out\branded-preview\fa-IR\Microsoft.UI.Xaml.Phone.dll.mui
2026-09-27T18:23:52.4290015Z    Compressing: \\?\D:\a\wootc\wootc\out\branded-preview\fi-FI\Microsoft.ui.xaml.dll.mui
2026-09-27T18:23:52.4291816Z    Compressing: \\?\D:\a\wootc\wootc\out\branded-preview\fi-FI\Microsoft.UI.Xaml.Phone.dll.mui
2026-09-27T18:23:52.4292913Z    Compressing: \\?\D:\a\wootc\wootc\out\branded-preview\fil-PH\Microsoft.ui.xaml.dll.mui
2026-09-27T18:23:52.4294836Z    Compressing: \\?\D:\a\wootc\wootc\out\branded-preview\fil-PH\Microsoft.UI.Xaml.Phone.dll.mui
2026-09-27T18:23:52.4295912Z    Compressing: \\?\D:\a\wootc\wootc\out\branded-preview\fr-CA\Microsoft.ui.xaml.dll.mui
2026-09-27T18:23:52.4297840Z    Compressing: \\?\D:\a\wootc\wootc\out\branded-preview\fr-CA\Microsoft.UI.Xaml.Phone.dll.mui
2026-09-27T18:23:52.4298969Z    Compressing: \\?\D:\a\wootc\wootc\out\branded-preview\fr-FR\Microsoft.ui.xaml.dll.mui
2026-09-27T18:23:52.4300843Z    Compressing: \\?\D:\a\wootc\wootc\out\branded-preview\fr-FR\Microsoft.UI.Xaml.Phone.dll.mui
2026-09-27T18:23:52.4302016Z    Compressing: \\?\D:\a\wootc\wootc\out\branded-preview\ga-IE\Microsoft.ui.xaml.dll.mui
2026-09-27T18:23:52.4303919Z    Compressing: \\?\D:\a\wootc\wootc\out\branded-preview\ga-IE\Microsoft.UI.Xaml.Phone.dll.mui
2026-09-27T18:23:52.4304999Z    Compressing: \\?\D:\a\wootc\wootc\out\branded-preview\gd-gb\Microsoft.ui.xaml.dll.mui
2026-09-27T18:23:52.4307068Z    Compressing: \\?\D:\a\wootc\wootc\out\branded-preview\gd-gb\Microsoft.UI.Xaml.Phone.dll.mui
2026-09-27T18:23:52.4308226Z    Compressing: \\?\D:\a\wootc\wootc\out\branded-preview\gl-ES\Microsoft.ui.xaml.dll.mui
2026-09-27T18:23:52.4310120Z    Compressing: \\?\D:\a\wootc\wootc\out\branded-preview\gl-ES\Microsoft.UI.Xaml.Phone.dll.mui
2026-09-27T18:23:52.4311174Z    Compressing: \\?\D:\a\wootc\wootc\out\branded-preview\gu-IN\Microsoft.ui.xaml.dll.mui
2026-09-27T18:23:52.4312939Z    Compressing: \\?\D:\a\wootc\wootc\out\branded-preview\gu-IN\Microsoft.UI.Xaml.Phone.dll.mui
2026-09-27T18:23:52.4314189Z    Compressing: \\?\D:\a\wootc\wootc\out\branded-preview\he-IL\Microsoft.ui.xaml.dll.mui
2026-09-27T18:23:52.4315888Z    Compressing: \\?\D:\a\wootc\wootc\out\branded-preview\he-IL\Microsoft.UI.Xaml.Phone.dll.mui
2026-09-27T18:23:52.4316962Z    Compressing: \\?\D:\a\wootc\wootc\out\branded-preview\hi-IN\Microsoft.ui.xaml.dll.mui
2026-09-27T18:23:52.4318855Z    Compressing: \\?\D:\a\wootc\wootc\out\branded-preview\hi-IN\Microsoft.UI.Xaml.Phone.dll.mui
2026-09-27T18:23:52.4319907Z    Compressing: \\?\D:\a\wootc\wootc\out\branded-preview\hr-HR\Microsoft.ui.xaml.dll.mui
2026-09-27T18:23:52.4321797Z    Compressing: \\?\D:\a\wootc\wootc\out\branded-preview\hr-HR\Microsoft.UI.Xaml.Phone.dll.mui
2026-09-27T18:23:52.4322993Z    Compressing: \\?\D:\a\wootc\wootc\out\branded-preview\hu-HU\Microsoft.ui.xaml.dll.mui
2026-09-27T18:23:52.4324854Z    Compressing: \\?\D:\a\wootc\wootc\out\branded-preview\hu-HU\Microsoft.UI.Xaml.Phone.dll.mui
2026-09-27T18:23:52.4325989Z    Compressing: \\?\D:\a\wootc\wootc\out\branded-preview\hy-AM\Microsoft.ui.xaml.dll.mui
2026-09-27T18:23:52.4328045Z    Compressing: \\?\D:\a\wootc\wootc\out\branded-preview\hy-AM\Microsoft.UI.Xaml.Phone.dll.mui
2026-09-27T18:23:52.4329211Z    Compressing: \\?\D:\a\wootc\wootc\out\branded-preview\id-ID\Microsoft.ui.xaml.dll.mui
2026-09-27T18:23:52.4331189Z    Compressing: \\?\D:\a\wootc\wootc\out\branded-preview\id-ID\Microsoft.UI.Xaml.Phone.dll.mui
2026-09-27T18:23:52.4332370Z    Compressing: \\?\D:\a\wootc\wootc\out\branded-preview\is-IS\Microsoft.ui.xaml.dll.mui
2026-09-27T18:23:52.4334291Z    Compressing: \\?\D:\a\wootc\wootc\out\branded-preview\is-IS\Microsoft.UI.Xaml.Phone.dll.mui
2026-09-27T18:23:52.4335412Z    Compressing: \\?\D:\a\wootc\wootc\out\branded-preview\it-IT\Microsoft.ui.xaml.dll.mui
2026-09-27T18:23:52.4337547Z    Compressing: \\?\D:\a\wootc\wootc\out\branded-preview\it-IT\Microsoft.UI.Xaml.Phone.dll.mui
2026-09-27T18:23:52.4338791Z    Compressing: \\?\D:\a\wootc\wootc\out\branded-preview\ja-JP\Microsoft.ui.xaml.dll.mui
2026-09-27T18:23:52.4340339Z    Compressing: \\?\D:\a\wootc\wootc\out\branded-preview\ja-JP\Microsoft.UI.Xaml.Phone.dll.mui
2026-09-27T18:23:52.4341553Z    Compressing: \\?\D:\a\wootc\wootc\out\branded-preview\ka-GE\Microsoft.ui.xaml.dll.mui
2026-09-27T18:23:52.4343540Z    Compressing: \\?\D:\a\wootc\wootc\out\branded-preview\ka-GE\Microsoft.UI.Xaml.Phone.dll.mui
2026-09-27T18:23:52.4344709Z    Compressing: \\?\D:\a\wootc\wootc\out\branded-preview\kk-KZ\Microsoft.ui.xaml.dll.mui
2026-09-27T18:23:52.4346734Z    Compressing: \\?\D:\a\wootc\wootc\out\branded-preview\kk-KZ\Microsoft.UI.Xaml.Phone.dll.mui
2026-09-27T18:23:52.4348065Z    Compressing: \\?\D:\a\wootc\wootc\out\branded-preview\km-KH\Microsoft.ui.xaml.dll.mui
2026-09-27T18:23:52.4349850Z    Compressing: \\?\D:\a\wootc\wootc\out\branded-preview\km-KH\Microsoft.UI.Xaml.Phone.dll.mui
2026-09-27T18:23:52.4351170Z    Compressing: \\?\D:\a\wootc\wootc\out\branded-preview\kn-IN\Microsoft.ui.xaml.dll.mui
2026-09-27T18:23:52.4363958Z    Compressing: \\?\D:\a\wootc\wootc\out\branded-preview\kn-IN\Microsoft.UI.Xaml.Phone.dll.mui
2026-09-27T18:23:52.4364940Z    Compressing: \\?\D:\a\wootc\wootc\out\branded-preview\ko-KR\Microsoft.ui.xaml.dll.mui
2026-09-27T18:23:52.4365675Z    Compressing: \\?\D:\a\wootc\wootc\out\branded-preview\ko-KR\Microsoft.UI.Xaml.Phone.dll.mui
2026-09-27T18:23:52.4366242Z    Compressing: \\?\D:\a\wootc\wootc\out\branded-preview\kok-IN\Microsoft.ui.xaml.dll.mui
2026-09-27T18:23:52.4366888Z    Compressing: \\?\D:\a\wootc\wootc\out\branded-preview\kok-IN\Microsoft.UI.Xaml.Phone.dll.mui
2026-09-27T18:23:52.4367464Z    Compressing: \\?\D:\a\wootc\wootc\out\branded-preview\lb-LU\Microsoft.ui.xaml.dll.mui
2026-09-27T18:23:52.4368048Z    Compressing: \\?\D:\a\wootc\wootc\out\branded-preview\lb-LU\Microsoft.UI.Xaml.Phone.dll.mui
2026-09-27T18:23:52.4368596Z    Compressing: \\?\D:\a\wootc\wootc\out\branded-preview\lo-LA\Microsoft.ui.xaml.dll.mui
2026-09-27T18:23:52.4369179Z    Compressing: \\?\D:\a\wootc\wootc\out\branded-preview\lo-LA\Microsoft.UI.Xaml.Phone.dll.mui
2026-09-27T18:23:52.4369924Z    Compressing: \\?\D:\a\wootc\wootc\out\branded-preview\lt-LT\Microsoft.ui.xaml.dll.mui
2026-09-27T18:23:52.4370521Z    Compressing: \\?\D:\a\wootc\wootc\out\branded-preview\lt-LT\Microsoft.UI.Xaml.Phone.dll.mui
2026-09-27T18:23:52.4371489Z    Compressing: \\?\D:\a\wootc\wootc\out\branded-preview\lv-LV\Microsoft.ui.xaml.dll.mui
2026-09-27T18:23:52.4373606Z    Compressing: \\?\D:\a\wootc\wootc\out\branded-preview\lv-LV\Microsoft.UI.Xaml.Phone.dll.mui
2026-09-27T18:23:52.4374688Z    Compressing: \\?\D:\a\wootc\wootc\out\branded-preview\mi-NZ\Microsoft.ui.xaml.dll.mui
2026-09-27T18:23:52.4376633Z    Compressing: \\?\D:\a\wootc\wootc\out\branded-preview\mi-NZ\Microsoft.UI.Xaml.Phone.dll.mui
2026-09-27T18:23:52.4377770Z    Compressing: \\?\D:\a\wootc\wootc\out\branded-preview\Microsoft.UI.Xaml\Assets\map.html
2026-09-27T18:23:52.4379992Z    Compressing: \\?\D:\a\wootc\wootc\out\branded-preview\Microsoft.UI.Xaml\Assets\NoiseAsset_256x256_PNG.png
2026-09-27T18:23:52.4380509Z    Compressing: \\?\D:\a\wootc\wootc\out\branded-preview\mk-MK\Microsoft.ui.xaml.dll.mui
2026-09-27T18:23:52.4382439Z    Compressing: \\?\D:\a\wootc\wootc\out\branded-preview\mk-MK\Microsoft.UI.Xaml.Phone.dll.mui
2026-09-27T18:23:52.4383731Z    Compressing: \\?\D:\a\wootc\wootc\out\branded-preview\ml-IN\Microsoft.ui.xaml.dll.mui
2026-09-27T18:23:52.4385753Z    Compressing: \\?\D:\a\wootc\wootc\out\branded-preview\ml-IN\Microsoft.UI.Xaml.Phone.dll.mui
2026-09-27T18:23:52.4386903Z    Compressing: \\?\D:\a\wootc\wootc\out\branded-preview\mr-IN\Microsoft.ui.xaml.dll.mui
2026-09-27T18:23:52.4389016Z    Compressing: \\?\D:\a\wootc\wootc\out\branded-preview\mr-IN\Microsoft.UI.Xaml.Phone.dll.mui
2026-09-27T18:23:52.4390164Z    Compressing: \\?\D:\a\wootc\wootc\out\branded-preview\ms-MY\Microsoft.ui.xaml.dll.mui
2026-09-27T18:23:52.4392062Z    Compressing: \\?\D:\a\wootc\wootc\out\branded-preview\ms-MY\Microsoft.UI.Xaml.Phone.dll.mui
2026-09-27T18:23:52.4393315Z    Compressing: \\?\D:\a\wootc\wootc\out\branded-preview\mt-MT\Microsoft.ui.xaml.dll.mui
2026-09-27T18:23:52.4395252Z    Compressing: \\?\D:\a\wootc\wootc\out\branded-preview\mt-MT\Microsoft.UI.Xaml.Phone.dll.mui
2026-09-27T18:23:52.4396392Z    Compressing: \\?\D:\a\wootc\wootc\out\branded-preview\nb-NO\Microsoft.ui.xaml.dll.mui
2026-09-27T18:23:52.4398347Z    Compressing: \\?\D:\a\wootc\wootc\out\branded-preview\nb-NO\Microsoft.UI.Xaml.Phone.dll.mui
2026-09-27T18:23:52.4399484Z    Compressing: \\?\D:\a\wootc\wootc\out\branded-preview\ne-NP\Microsoft.ui.xaml.dll.mui
2026-09-27T18:23:52.4401390Z    Compressing: \\?\D:\a\wootc\wootc\out\branded-preview\ne-NP\Microsoft.UI.Xaml.Phone.dll.mui
2026-09-27T18:23:52.4402701Z    Compressing: \\?\D:\a\wootc\wootc\out\branded-preview\nl-NL\Microsoft.ui.xaml.dll.mui
2026-09-27T18:23:52.4404631Z    Compressing: \\?\D:\a\wootc\wootc\out\branded-preview\nl-NL\Microsoft.UI.Xaml.Phone.dll.mui
2026-09-27T18:23:52.4405767Z    Compressing: \\?\D:\a\wootc\wootc\out\branded-preview\nn-NO\Microsoft.ui.xaml.dll.mui
2026-09-27T18:23:52.4407734Z    Compressing: \\?\D:\a\wootc\wootc\out\branded-preview\nn-NO\Microsoft.UI.Xaml.Phone.dll.mui
2026-09-27T18:23:52.4408966Z    Compressing: \\?\D:\a\wootc\wootc\out\branded-preview\or-IN\Microsoft.ui.xaml.dll.mui
2026-09-27T18:23:52.4410873Z    Compressing: \\?\D:\a\wootc\wootc\out\branded-preview\or-IN\Microsoft.UI.Xaml.Phone.dll.mui
2026-09-27T18:23:52.4412009Z    Compressing: \\?\D:\a\wootc\wootc\out\branded-preview\pa-IN\Microsoft.ui.xaml.dll.mui
2026-09-27T18:23:52.4413940Z    Compressing: \\?\D:\a\wootc\wootc\out\branded-preview\pa-IN\Microsoft.UI.Xaml.Phone.dll.mui
2026-09-27T18:23:52.4415050Z    Compressing: \\?\D:\a\wootc\wootc\out\branded-preview\pl-PL\Microsoft.ui.xaml.dll.mui
2026-09-27T18:23:52.4417030Z    Compressing: \\?\D:\a\wootc\wootc\out\branded-preview\pl-PL\Microsoft.UI.Xaml.Phone.dll.mui
2026-09-27T18:23:52.4418255Z    Compressing: \\?\D:\a\wootc\wootc\out\branded-preview\pt-BR\Microsoft.ui.xaml.dll.mui
2026-09-27T18:23:52.4420601Z    Compressing: \\?\D:\a\wootc\wootc\out\branded-preview\pt-BR\Microsoft.UI.Xaml.Phone.dll.mui
2026-09-27T18:23:52.4421483Z    Compressing: \\?\D:\a\wootc\wootc\out\branded-preview\pt-PT\Microsoft.ui.xaml.dll.mui
2026-09-27T18:23:52.4423572Z    Compressing: \\?\D:\a\wootc\wootc\out\branded-preview\pt-PT\Microsoft.UI.Xaml.Phone.dll.mui
2026-09-27T18:23:52.4424774Z    Compressing: \\?\D:\a\wootc\wootc\out\branded-preview\quz-PE\Microsoft.ui.xaml.dll.mui
2026-09-27T18:23:52.4426767Z    Compressing: \\?\D:\a\wootc\wootc\out\branded-preview\quz-PE\Microsoft.UI.Xaml.Phone.dll.mui
2026-09-27T18:23:52.4427900Z    Compressing: \\?\D:\a\wootc\wootc\out\branded-preview\ro-RO\Microsoft.ui.xaml.dll.mui
2026-09-27T18:23:52.4429941Z    Compressing: \\?\D:\a\wootc\wootc\out\branded-preview\ro-RO\Microsoft.UI.Xaml.Phone.dll.mui
2026-09-27T18:23:52.4431087Z    Compressing: \\?\D:\a\wootc\wootc\out\branded-preview\ru-RU\Microsoft.ui.xaml.dll.mui
2026-09-27T18:23:52.4433224Z    Compressing: \\?\D:\a\wootc\wootc\out\branded-preview\ru-RU\Microsoft.UI.Xaml.Phone.dll.mui
2026-09-27T18:23:52.4434365Z    Compressing: \\?\D:\a\wootc\wootc\out\branded-preview\sk-SK\Microsoft.ui.xaml.dll.mui
2026-09-27T18:23:52.4436323Z    Compressing: \\?\D:\a\wootc\wootc\out\branded-preview\sk-SK\Microsoft.UI.Xaml.Phone.dll.mui
2026-09-27T18:23:52.4437452Z    Compressing: \\?\D:\a\wootc\wootc\out\branded-preview\sl-SI\Microsoft.ui.xaml.dll.mui
2026-09-27T18:23:52.4439613Z    Compressing: \\?\D:\a\wootc\wootc\out\branded-preview\sl-SI\Microsoft.UI.Xaml.Phone.dll.mui
2026-09-27T18:23:52.4440842Z    Compressing: \\?\D:\a\wootc\wootc\out\branded-preview\sq-AL\Microsoft.ui.xaml.dll.mui
2026-09-27T18:23:52.4442894Z    Compressing: \\?\D:\a\wootc\wootc\out\branded-preview\sq-AL\Microsoft.UI.Xaml.Phone.dll.mui
2026-09-27T18:23:52.4443976Z    Compressing: \\?\D:\a\wootc\wootc\out\branded-preview\sr-Cyrl-BA\Microsoft.ui.xaml.dll.mui
2026-09-27T18:23:52.4446062Z    Compressing: \\?\D:\a\wootc\wootc\out\branded-preview\sr-Cyrl-BA\Microsoft.UI.Xaml.Phone.dll.mui
2026-09-27T18:23:52.4447187Z    Compressing: \\?\D:\a\wootc\wootc\out\branded-preview\sr-Cyrl-RS\Microsoft.ui.xaml.dll.mui
2026-09-27T18:23:52.4449491Z    Compressing: \\?\D:\a\wootc\wootc\out\branded-preview\sr-Cyrl-RS\Microsoft.UI.Xaml.Phone.dll.mui
2026-09-27T18:23:52.4450818Z    Compressing: \\?\D:\a\wootc\wootc\out\branded-preview\sr-Latn-RS\Microsoft.ui.xaml.dll.mui
2026-09-27T18:23:52.4453258Z    Compressing: \\?\D:\a\wootc\wootc\out\branded-preview\sr-Latn-RS\Microsoft.UI.Xaml.Phone.dll.mui
2026-09-27T18:23:52.4454400Z    Compressing: \\?\D:\a\wootc\wootc\out\branded-preview\sv-SE\Microsoft.ui.xaml.dll.mui
2026-09-27T18:23:52.4456345Z    Compressing: \\?\D:\a\wootc\wootc\out\branded-preview\sv-SE\Microsoft.UI.Xaml.Phone.dll.mui
2026-09-27T18:23:52.4457507Z    Compressing: \\?\D:\a\wootc\wootc\out\branded-preview\ta-IN\Microsoft.ui.xaml.dll.mui
2026-09-27T18:23:52.4460361Z    Compressing: \\?\D:\a\wootc\wootc\out\branded-preview\ta-IN\Microsoft.UI.Xaml.Phone.dll.mui
2026-09-27T18:23:52.4461715Z    Compressing: \\?\D:\a\wootc\wootc\out\branded-preview\te-IN\Microsoft.ui.xaml.dll.mui
2026-09-27T18:23:52.4464659Z    Compressing: \\?\D:\a\wootc\wootc\out\branded-preview\te-IN\Microsoft.UI.Xaml.Phone.dll.mui
2026-09-27T18:23:52.4466267Z    Compressing: \\?\D:\a\wootc\wootc\out\branded-preview\th-TH\Microsoft.ui.xaml.dll.mui
2026-09-27T18:23:52.4469208Z    Compressing: \\?\D:\a\wootc\wootc\out\branded-preview\th-TH\Microsoft.UI.Xaml.Phone.dll.mui
2026-09-27T18:23:52.4470994Z    Compressing: \\?\D:\a\wootc\wootc\out\branded-preview\tr-TR\Microsoft.ui.xaml.dll.mui
2026-09-27T18:23:52.4473518Z    Compressing: \\?\D:\a\wootc\wootc\out\branded-preview\tr-TR\Microsoft.UI.Xaml.Phone.dll.mui
2026-09-27T18:23:52.4474890Z    Compressing: \\?\D:\a\wootc\wootc\out\branded-preview\tt-RU\Microsoft.ui.xaml.dll.mui
2026-09-27T18:23:52.4477740Z    Compressing: \\?\D:\a\wootc\wootc\out\branded-preview\tt-RU\Microsoft.UI.Xaml.Phone.dll.mui
2026-09-27T18:23:52.4479120Z    Compressing: \\?\D:\a\wootc\wootc\out\branded-preview\ug-CN\Microsoft.ui.xaml.dll.mui
2026-09-27T18:23:52.4481982Z    Compressing: \\?\D:\a\wootc\wootc\out\branded-preview\ug-CN\Microsoft.UI.Xaml.Phone.dll.mui
2026-09-27T18:23:52.4483213Z    Compressing: \\?\D:\a\wootc\wootc\out\branded-preview\uk-UA\Microsoft.ui.xaml.dll.mui
2026-09-27T18:23:52.4485976Z    Compressing: \\?\D:\a\wootc\wootc\out\branded-preview\uk-UA\Microsoft.UI.Xaml.Phone.dll.mui
2026-09-27T18:23:52.4487327Z    Compressing: \\?\D:\a\wootc\wootc\out\branded-preview\ur-PK\Microsoft.ui.xaml.dll.mui
2026-09-27T18:23:52.4490059Z    Compressing: \\?\D:\a\wootc\wootc\out\branded-preview\ur-PK\Microsoft.UI.Xaml.Phone.dll.mui
2026-09-27T18:23:52.4491471Z    Compressing: \\?\D:\a\wootc\wootc\out\branded-preview\uz-Latn-UZ\Microsoft.ui.xaml.dll.mui
2026-09-27T18:23:52.4494233Z    Compressing: \\?\D:\a\wootc\wootc\out\branded-preview\uz-Latn-UZ\Microsoft.UI.Xaml.Phone.dll.mui
2026-09-27T18:23:52.4495574Z    Compressing: \\?\D:\a\wootc\wootc\out\branded-preview\vi-VN\Microsoft.ui.xaml.dll.mui
2026-09-27T18:23:52.4498256Z    Compressing: \\?\D:\a\wootc\wootc\out\branded-preview\vi-VN\Microsoft.UI.Xaml.Phone.dll.mui
2026-09-27T18:23:52.4499748Z    Compressing: \\?\D:\a\wootc\wootc\out\branded-preview\zh-CN\Microsoft.ui.xaml.dll.mui
2026-09-27T18:23:52.4501884Z    Compressing: \\?\D:\a\wootc\wootc\out\branded-preview\zh-CN\Microsoft.UI.Xaml.Phone.dll.mui
2026-09-27T18:23:52.4503202Z    Compressing: \\?\D:\a\wootc\wootc\out\branded-preview\zh-TW\Microsoft.ui.xaml.dll.mui
2026-09-27T18:23:52.4505427Z    Compressing: \\?\D:\a\wootc\wootc\out\branded-preview\zh-TW\Microsoft.UI.Xaml.Phone.dll.mui
2026-09-27T18:23:52.8964113Z    Compressing Setup program executable
2026-09-27T18:23:53.2115416Z    Updating version info (Setup.exe)
2026-09-27T18:23:53.2115705Z    Updating manifest (Setup.exe)
2026-09-27T18:23:53.2116309Z 
2026-09-27T18:23:53.2119119Z 
2026-09-27T18:23:53.2119647Z Successful compile (25.532 sec). Resulting Setup program filename is:
2026-09-27T18:23:53.2120059Z D:\a\wootc\wootc\out\preview-installer\bazzite-native-preview-f095a7d0e02c44412e464f4686fd25d53b240a70.exe
2026-09-27T18:24:03.5196674Z   Determining projects to restore...
2026-09-27T18:24:11.9054043Z   Restored D:\a\wootc\wootc\shell\Wootc.Shell.UiTests\Wootc.Shell.UiTests.csproj (in 8.24 sec).
2026-09-27T18:24:12.7394591Z   Wootc.Shell.UiTests -> D:\a\wootc\wootc\shell\Wootc.Shell.UiTests\bin\Release\net8.0-windows10.0.19041.0\Wootc.Shell.UiTests.dll
2026-09-27T18:24:12.7463220Z Test run for D:\a\wootc\wootc\shell\Wootc.Shell.UiTests\bin\Release\net8.0-windows10.0.19041.0\Wootc.Shell.UiTests.dll (.NETCoreApp,Version=v8.0)
2026-09-27T18:24:13.3443198Z A total of 1 test files matched the specified pattern.
2026-09-27T18:24:33.1253519Z [xUnit.net 00:00:17.46]     Wootc.Shell.UiTests.InstalledPreviewTests.ActualInstalledPreviewBrandAndAuthenticatedStartup [FAIL]
2026-09-27T18:24:33.1990156Z   Failed Wootc.Shell.UiTests.InstalledPreviewTests.ActualInstalledPreviewBrandAndAuthenticatedStartup [17 s]
2026-09-27T18:24:33.1990754Z   Error Message:
2026-09-27T18:24:33.1992487Z    System.InvalidOperationException : Actual configuration RPC/view unavailable; Linux configuration observation is unavailable; Stage:rpc-configuration-response; Failure:protocol; HResult:-2146233087; NativeCode:0; Engine:retained-running; PrimaryRpc:rpc-configuration-response; Failure:protocol; HResult:-2146233087; NativeCode:0; PrimaryStartup:none; disconnectEnabled=True; disconnectOffscreen=False
2026-09-27T18:24:33.1993915Z   Stack Trace:
2026-09-27T18:24:33.1994832Z      at Wootc.Shell.UiTests.InstalledPreviewTests.ActualInstalledPreviewBrandAndAuthenticatedStartup() in D:\a\wootc\wootc\shell\Wootc.Shell.UiTests\InstalledPreviewTests.cs:line 61
2026-09-27T18:24:33.1995639Z --- End of stack trace from previous location ---
2026-09-27T18:24:33.2193109Z Results File: D:\a\wootc\wootc\shell\Wootc.Shell.UiTests\TestResults\installed-bazzite.trx
2026-09-27T18:24:33.2196364Z 
2026-09-27T18:24:33.2251948Z Failed!  - Failed:     1, Passed:     0, Skipped:     0, Total:     1, Duration: 17 s - Wootc.Shell.UiTests.dll (net8.0)
2026-09-27T18:24:33.8284929Z [31;1mException: [0mD:\a\wootc\wootc\shell\packaging\test-installed-preview.ps1:53[0m
2026-09-27T18:24:33.8285441Z [31;1m[0m[36;1mLine |[0m
2026-09-27T18:24:33.8318959Z [31;1m[0m[36;1m[36;1m  53 | [0m … de -ne 0) { [36;1mthrow "Owned preview operation refused with exit $code"[0m } …[0m
2026-09-27T18:24:33.8319711Z [31;1m[0m[36;1m[36;1m[0m[36;1m[0m[36;1m     | [31;1m               ~~~~~~~~~~~~~~~~~~~~~~~~~~~~~~~~~~~~~~~~~~~~~~~~~~~~~~~[0m
2026-09-27T18:24:33.8320403Z [31;1m[0m[36;1m[36;1m[0m[36;1m[0m[36;1m[31;1m[31;1m[36;1m     | [31;1mOwned preview operation refused with exit 1[0m
2026-09-27T18:24:33.8534143Z ##[error]Process completed with exit code 1.
2026-09-27T18:24:33.8659038Z ##[group]Run actions/upload-artifact@v7
2026-09-27T18:24:33.8659232Z with:
2026-09-27T18:24:33.8659359Z   name: winui-preview-package-bazzite
2026-09-27T18:24:33.8659691Z   path: out/preview-installer/
out/branded-preview/native-package.json
shell/Wootc.Shell.UiTests/TestResults/*.trx

2026-09-27T18:24:33.8659992Z   if-no-files-found: error
2026-09-27T18:24:33.8660126Z   compression-level: 6
2026-09-27T18:24:33.8660244Z   overwrite: false
2026-09-27T18:24:33.8660362Z   include-hidden-files: false
2026-09-27T18:24:33.8660504Z   archive: true
2026-09-27T18:24:33.8660613Z env:
2026-09-27T18:24:33.8660725Z   DOTNET_ROOT: C:\Program Files\dotnet
2026-09-27T18:24:33.8660871Z   GOTOOLCHAIN: local
2026-09-27T18:24:33.8660989Z ##[endgroup]
2026-09-27T18:24:33.9805453Z Multiple search paths detected. Calculating the least common ancestor of all paths
2026-09-27T18:24:33.9807296Z The least common ancestor is D:\a\wootc\wootc. This will be the root directory of the artifact
2026-09-27T18:24:33.9807718Z With the provided path, there will be 4 files uploaded
2026-09-27T18:24:33.9810311Z Artifact name is valid!
2026-09-27T18:24:33.9811430Z Root directory input is valid!
2026-09-27T18:24:34.2339045Z Uploading artifact: winui-preview-package-bazzite.zip
2026-09-27T18:24:34.2370246Z Beginning upload of artifact content to blob storage
2026-09-27T18:24:35.0433256Z Uploaded bytes 8388608
2026-09-27T18:24:35.1478656Z Uploaded bytes 16777216
2026-09-27T18:24:35.2501476Z Uploaded bytes 25165824
2026-09-27T18:24:35.3036558Z Uploaded bytes 33554432
2026-09-27T18:24:35.4539153Z Uploaded bytes 41943040
2026-09-27T18:24:35.4732752Z Uploaded bytes 50331648
2026-09-27T18:24:35.5872222Z Uploaded bytes 58720256
2026-09-27T18:24:35.7847603Z Uploaded bytes 67108864
2026-09-27T18:24:35.8640495Z Uploaded bytes 67981484
2026-09-27T18:24:35.8989186Z Finished uploading artifact content to blob storage!
2026-09-27T18:24:35.8991563Z SHA256 digest of uploaded artifact is 97d0c080838d974595a6708965d2fc50fb72d9fd4a9a2210a95bb0f9a195be32
2026-09-27T18:24:35.8992928Z Finalizing artifact upload
2026-09-27T18:24:36.1635682Z Artifact winui-preview-package-bazzite successfully finalized. Artifact ID 10938513464
2026-09-27T18:24:36.1636139Z Artifact winui-preview-package-bazzite has been successfully uploaded! Final size is 67981484 bytes. Artifact ID is 10938513464
2026-09-27T18:24:36.1641887Z Artifact download URL: https://github.com/tuna-os/wootc/actions/runs/36340333847/artifacts/10938513464
2026-09-27T18:24:36.1908711Z Post job cleanup.
2026-09-27T18:24:36.2916756Z [command]"C:\Program Files\Git\bin\git.exe" version
2026-09-27T18:24:36.3089474Z git version 2.55.0.windows.5
2026-09-27T18:24:36.3128244Z Temporarily overriding HOME='D:\a\_temp\34e44696-7313-4907-8427-3012dee5c0a9' before making global git config changes
2026-09-27T18:24:36.3128932Z Adding repository directory to the temporary git global config as a safe directory
2026-09-27T18:24:36.3133972Z [command]"C:\Program Files\Git\bin\git.exe" config --global --add safe.directory D:\a\wootc\wootc
2026-09-27T18:24:36.3311119Z Removing SSH command configuration
2026-09-27T18:24:36.3317179Z [command]"C:\Program Files\Git\bin\git.exe" config --local --name-only --get-regexp core\.sshCommand
2026-09-27T18:24:36.3496490Z [command]"C:\Program Files\Git\bin\git.exe" submodule foreach --recursive "sh -c \"git config --local --name-only --get-regexp 'core\.sshCommand' && git config --local --unset-all 'core.sshCommand' || :\""
2026-09-27T18:24:36.6793103Z Removing HTTP extra header
2026-09-27T18:24:36.6800397Z [command]"C:\Program Files\Git\bin\git.exe" config --local --name-only --get-regexp http\.https\:\/\/github\.com\/\.extraheader
2026-09-27T18:24:36.6985551Z [command]"C:\Program Files\Git\bin\git.exe" submodule foreach --recursive "sh -c \"git config --local --name-only --get-regexp 'http\.https\:\/\/github\.com\/\.extraheader' && git config --local --unset-all 'http.https://github.com/.extraheader' || :\""
2026-09-27T18:24:37.0068792Z Removing includeIf entries pointing to credentials config files
2026-09-27T18:24:37.0082182Z [command]"C:\Program Files\Git\bin\git.exe" config --local --name-only --get-regexp ^includeIf\.gitdir:
2026-09-27T18:24:37.0248135Z includeif.gitdir:D:/a/wootc/wootc/.git.path
2026-09-27T18:24:37.0248462Z includeif.gitdir:D:/a/wootc/wootc/.git/worktrees/*.path
2026-09-27T18:24:37.0248684Z includeif.gitdir:/github/workspace/.git.path
2026-09-27T18:24:37.0249015Z includeif.gitdir:/github/workspace/.git/worktrees/*.path
2026-09-27T18:24:37.0273599Z [command]"C:\Program Files\Git\bin\git.exe" config --local --get-all includeif.gitdir:D:/a/wootc/wootc/.git.path
2026-09-27T18:24:37.0433452Z D:\a\_temp\git-credentials-a86d1f79-e4aa-463d-a53d-a1e16b59989d.config
2026-09-27T18:24:37.0460153Z [command]"C:\Program Files\Git\bin\git.exe" config --local --unset includeif.gitdir:D:/a/wootc/wootc/.git.path D\:\\a\\_temp\\git\-credentials\-a86d1f79\-e4aa\-463d\-a53d\-a1e16b59989d\.config
2026-09-27T18:24:37.0664705Z [command]"C:\Program Files\Git\bin\git.exe" config --local --get-all includeif.gitdir:D:/a/wootc/wootc/.git/worktrees/*.path
2026-09-27T18:24:37.0832855Z D:\a\_temp\git-credentials-a86d1f79-e4aa-463d-a53d-a1e16b59989d.config
2026-09-27T18:24:37.0857652Z [command]"C:\Program Files\Git\bin\git.exe" config --local --unset includeif.gitdir:D:/a/wootc/wootc/.git/worktrees/*.path D\:\\a\\_temp\\git\-credentials\-a86d1f79\-e4aa\-463d\-a53d\-a1e16b59989d\.config
2026-09-27T18:24:37.1041860Z [command]"C:\Program Files\Git\bin\git.exe" config --local --get-all includeif.gitdir:/github/workspace/.git.path
2026-09-27T18:24:37.1199889Z /github/runner_temp/git-credentials-a86d1f79-e4aa-463d-a53d-a1e16b59989d.config
2026-09-27T18:24:37.1222961Z [command]"C:\Program Files\Git\bin\git.exe" config --local --unset includeif.gitdir:/github/workspace/.git.path \/github\/runner_temp\/git\-credentials\-a86d1f79\-e4aa\-463d\-a53d\-a1e16b59989d\.config
2026-09-27T18:24:37.1405501Z [command]"C:\Program Files\Git\bin\git.exe" config --local --get-all includeif.gitdir:/github/workspace/.git/worktrees/*.path
2026-09-27T18:24:37.1559247Z /github/runner_temp/git-credentials-a86d1f79-e4aa-463d-a53d-a1e16b59989d.config
2026-09-27T18:24:37.1610581Z [command]"C:\Program Files\Git\bin\git.exe" config --local --unset includeif.gitdir:/github/workspace/.git/worktrees/*.path \/github\/runner_temp\/git\-credentials\-a86d1f79\-e4aa\-463d\-a53d\-a1e16b59989d\.config
2026-09-27T18:24:37.1809873Z [command]"C:\Program Files\Git\bin\git.exe" submodule foreach --recursive "git config --local --show-origin --name-only --get-regexp remote.origin.url"
2026-09-27T18:24:37.5642969Z Removing credentials config 'D:\a\_temp\git-credentials-a86d1f79-e4aa-463d-a53d-a1e16b59989d.config'
2026-09-27T18:24:37.5798907Z Cleaning up orphan processes
2026-09-27T18:24:37.6002675Z Terminate orphan process: pid (1332) (dotnet)
2026-09-27T18:24:37.6043117Z Terminate orphan process: pid (3920) (conhost)
2026-09-27T18:24:37.6181581Z Terminate orphan process: pid (7056) (VBCSCompiler)
2026-09-27T18:24:37.6263636Z Terminate orphan process: pid (2224) (conhost)
