2026-09-27T19:45:59.7686230Z Current runner version: '2.337.0'
2026-09-27T19:45:59.7711535Z ##[group]Runner Image Provisioner
2026-09-27T19:45:59.7712353Z Hosted Compute Agent
2026-09-27T19:45:59.7712934Z Version: 20260828.587
2026-09-27T19:45:59.7713518Z Commit: abac92662cab4cc7352de4f9f9d2e2419aad9c29
2026-09-27T19:45:59.7714228Z Build Date: 2026-08-28T16:44:25Z
2026-09-27T19:45:59.7714888Z Worker ID: {2d2e029e-a5d8-429e-9404-ba16f708db17}
2026-09-27T19:45:59.7715838Z Azure Region: westus2
2026-09-27T19:45:59.7716488Z ##[endgroup]
2026-09-27T19:45:59.7718229Z ##[group]Operating System
2026-09-27T19:45:59.7718894Z Microsoft Windows Server 2025
2026-09-27T19:45:59.7719475Z 10.0.26100
2026-09-27T19:45:59.7719992Z Datacenter
2026-09-27T19:45:59.7720512Z ##[endgroup]
2026-09-27T19:45:59.7721041Z ##[group]Runner Image
2026-09-27T19:45:59.7721605Z Image: windows-2025-vs2026
2026-09-27T19:45:59.7722171Z Version: 20260922.246.2
2026-09-27T19:45:59.7723592Z Included Software: https://github.com/actions/runner-images/blob/win25-vs2026/20260922.246/images/windows/Windows2025-VS2026-Readme.md
2026-09-27T19:45:59.7725165Z Image Release: https://github.com/actions/runner-images/releases/tag/win25-vs2026%2F20260922.246
2026-09-27T19:45:59.7726092Z ##[endgroup]
2026-09-27T19:45:59.7727144Z ##[group]GITHUB_TOKEN Permissions
2026-09-27T19:45:59.7729451Z Contents: read
2026-09-27T19:45:59.7730047Z Metadata: read
2026-09-27T19:45:59.7730566Z ##[endgroup]
2026-09-27T19:45:59.7732690Z Secret source: Actions
2026-09-27T19:45:59.7733557Z Cache mode: write
2026-09-27T19:45:59.7734287Z Prepare workflow directory
2026-09-27T19:45:59.8120646Z Prepare all required actions
2026-09-27T19:45:59.8189108Z Getting action download info
2026-09-27T19:46:00.1666917Z Download action repository 'actions/checkout@v7' (SHA:3d3c42e5aac5ba805825da76410c181273ba90b1)
2026-09-27T19:46:00.2935713Z Download action repository 'actions/setup-dotnet@v6' (SHA:a98b56852c35b8e3190ac28c8c2271da59106c68)
2026-09-27T19:46:00.5959846Z Download action repository 'actions/setup-go@v7' (SHA:b7ad1dad31e06c5925ef5d2fc7ad053ef454303e)
2026-09-27T19:46:01.1455990Z Download action repository 'actions/upload-artifact@v7' (SHA:043fb46d1a93c77aae656e7c1c64a875d1fc6a0a)
2026-09-27T19:46:01.3905997Z Complete job name: Branded preview package (bazzite)
2026-09-27T19:46:01.5446288Z ##[group]Run actions/checkout@v7
2026-09-27T19:46:01.5447798Z with:
2026-09-27T19:46:01.5448670Z   repository: tuna-os/wootc
2026-09-27T19:46:01.5456752Z   token: ***
2026-09-27T19:46:01.5457651Z   ssh-strict: true
2026-09-27T19:46:01.5458572Z   ssh-user: git
2026-09-27T19:46:01.5459464Z   persist-credentials: true
2026-09-27T19:46:01.5460470Z   clean: true
2026-09-27T19:46:01.5461367Z   sparse-checkout-cone-mode: true
2026-09-27T19:46:01.5462392Z   fetch-depth: 1
2026-09-27T19:46:01.5463292Z   fetch-tags: false
2026-09-27T19:46:01.5464183Z   show-progress: true
2026-09-27T19:46:01.5465059Z   lfs: false
2026-09-27T19:46:01.5465910Z   submodules: false
2026-09-27T19:46:01.5466839Z   set-safe-directory: true
2026-09-27T19:46:01.5467866Z   allow-unsafe-pr-checkout: false
2026-09-27T19:46:01.5469181Z ##[endgroup]
2026-09-27T19:46:01.6996088Z Syncing repository: tuna-os/wootc
2026-09-27T19:46:01.6999287Z ##[group]Getting Git version info
2026-09-27T19:46:01.7000666Z Working directory is 'D:\a\wootc\wootc'
2026-09-27T19:46:01.7806226Z [command]"C:\Program Files\Git\bin\git.exe" version
2026-09-27T19:46:01.9703736Z git version 2.55.0.windows.5
2026-09-27T19:46:01.9749579Z ##[endgroup]
2026-09-27T19:46:01.9766558Z Temporarily overriding HOME='D:\a\_temp\2f3de8cb-28b1-4b5c-99d1-095e521de9b7' before making global git config changes
2026-09-27T19:46:01.9769115Z Adding repository directory to the temporary git global config as a safe directory
2026-09-27T19:46:01.9776550Z [command]"C:\Program Files\Git\bin\git.exe" config --global --add safe.directory D:\a\wootc\wootc
2026-09-27T19:46:02.0148711Z Deleting the contents of 'D:\a\wootc\wootc'
2026-09-27T19:46:02.0154323Z ##[group]Determining repository object format
2026-09-27T19:46:02.0160607Z ##[endgroup]
2026-09-27T19:46:02.0163203Z ##[group]Initializing the repository
2026-09-27T19:46:02.0173199Z [command]"C:\Program Files\Git\bin\git.exe" init D:\a\wootc\wootc
2026-09-27T19:46:02.0726560Z Initialized empty Git repository in D:/a/wootc/wootc/.git/
2026-09-27T19:46:02.0845896Z [command]"C:\Program Files\Git\bin\git.exe" remote add origin https://github.com/tuna-os/wootc
2026-09-27T19:46:02.1200188Z ##[endgroup]
2026-09-27T19:46:02.1201627Z ##[group]Disabling automatic garbage collection
2026-09-27T19:46:02.1208703Z [command]"C:\Program Files\Git\bin\git.exe" config --local gc.auto 0
2026-09-27T19:46:02.1501890Z ##[endgroup]
2026-09-27T19:46:02.1503219Z ##[group]Setting up auth
2026-09-27T19:46:02.1504181Z Removing SSH command configuration
2026-09-27T19:46:02.1511946Z [command]"C:\Program Files\Git\bin\git.exe" config --local --name-only --get-regexp core\.sshCommand
2026-09-27T19:46:02.1817452Z [command]"C:\Program Files\Git\bin\git.exe" submodule foreach --recursive "sh -c \"git config --local --name-only --get-regexp 'core\.sshCommand' && git config --local --unset-all 'core.sshCommand' || :\""
2026-09-27T19:46:03.3209887Z Removing HTTP extra header
2026-09-27T19:46:03.3219765Z [command]"C:\Program Files\Git\bin\git.exe" config --local --name-only --get-regexp http\.https\:\/\/github\.com\/\.extraheader
2026-09-27T19:46:03.3511171Z [command]"C:\Program Files\Git\bin\git.exe" submodule foreach --recursive "sh -c \"git config --local --name-only --get-regexp 'http\.https\:\/\/github\.com\/\.extraheader' && git config --local --unset-all 'http.https://github.com/.extraheader' || :\""
2026-09-27T19:46:03.8859430Z Removing includeIf entries pointing to credentials config files
2026-09-27T19:46:03.8871921Z [command]"C:\Program Files\Git\bin\git.exe" config --local --name-only --get-regexp ^includeIf\.gitdir:
2026-09-27T19:46:03.9159503Z [command]"C:\Program Files\Git\bin\git.exe" submodule foreach --recursive "git config --local --show-origin --name-only --get-regexp remote.origin.url"
2026-09-27T19:46:04.4420581Z [command]"C:\Program Files\Git\bin\git.exe" config --file D:\a\_temp\git-credentials-4a821e95-6cd7-4a11-8b53-e5668e15aeb0.config http.https://github.com/.extraheader "AUTHORIZATION: basic ***"
2026-09-27T19:46:04.4726194Z [command]"C:\Program Files\Git\bin\git.exe" config --local includeIf.gitdir:D:/a/wootc/wootc/.git.path D:\a\_temp\git-credentials-4a821e95-6cd7-4a11-8b53-e5668e15aeb0.config
2026-09-27T19:46:04.5017781Z [command]"C:\Program Files\Git\bin\git.exe" config --local includeIf.gitdir:D:/a/wootc/wootc/.git/worktrees/*.path D:\a\_temp\git-credentials-4a821e95-6cd7-4a11-8b53-e5668e15aeb0.config
2026-09-27T19:46:04.5318858Z [command]"C:\Program Files\Git\bin\git.exe" config --local includeIf.gitdir:/github/workspace/.git.path /github/runner_temp/git-credentials-4a821e95-6cd7-4a11-8b53-e5668e15aeb0.config
2026-09-27T19:46:04.5629417Z [command]"C:\Program Files\Git\bin\git.exe" config --local includeIf.gitdir:/github/workspace/.git/worktrees/*.path /github/runner_temp/git-credentials-4a821e95-6cd7-4a11-8b53-e5668e15aeb0.config
2026-09-27T19:46:04.5923730Z ##[endgroup]
2026-09-27T19:46:04.5924413Z ##[group]Fetching the repository
2026-09-27T19:46:04.5940985Z [command]"C:\Program Files\Git\bin\git.exe" -c protocol.version=2 fetch --no-tags --prune --no-recurse-submodules --depth=1 origin +fbe2414ae966518e93a44d9496b847c1a1e7bb95:refs/remotes/pull/501/merge
2026-09-27T19:46:05.6060761Z From https://github.com/tuna-os/wootc
2026-09-27T19:46:05.6061901Z  * [new ref]         fbe2414ae966518e93a44d9496b847c1a1e7bb95 -> pull/501/merge
2026-09-27T19:46:05.6099963Z ##[endgroup]
2026-09-27T19:46:05.6100705Z ##[group]Determining the checkout info
2026-09-27T19:46:05.6101959Z ##[endgroup]
2026-09-27T19:46:05.6112034Z [command]"C:\Program Files\Git\bin\git.exe" sparse-checkout disable
2026-09-27T19:46:05.6479945Z [command]"C:\Program Files\Git\bin\git.exe" config --local --unset-all extensions.worktreeConfig
2026-09-27T19:46:05.6773511Z ##[group]Checking out the ref
2026-09-27T19:46:05.6785871Z [command]"C:\Program Files\Git\bin\git.exe" checkout --progress --force refs/remotes/pull/501/merge
2026-09-27T19:46:06.2489426Z Note: switching to 'refs/remotes/pull/501/merge'.
2026-09-27T19:46:06.2490055Z 
2026-09-27T19:46:06.2490355Z You are in 'detached HEAD' state. You can look around, make experimental
2026-09-27T19:46:06.2490884Z changes and commit them, and you can discard any commits you make in this
2026-09-27T19:46:06.2491665Z state without impacting any branches by switching back to a branch.
2026-09-27T19:46:06.2492199Z 
2026-09-27T19:46:06.2492619Z If you want to create a new branch to retain commits you create, you may
2026-09-27T19:46:06.2493292Z do so (now or later) by using -c with the switch command. Example:
2026-09-27T19:46:06.2493729Z 
2026-09-27T19:46:06.2493946Z   git switch -c <new-branch-name>
2026-09-27T19:46:06.2494284Z 
2026-09-27T19:46:06.2494448Z Or undo this operation with:
2026-09-27T19:46:06.2494808Z 
2026-09-27T19:46:06.2494949Z   git switch -
2026-09-27T19:46:06.2495479Z 
2026-09-27T19:46:06.2495721Z Turn off this advice by setting config variable advice.detachedHead to false
2026-09-27T19:46:06.2496034Z 
2026-09-27T19:46:06.2496396Z HEAD is now at fbe2414 Merge 8c7c7cf91defaea41eb69854925ece1a15b3f55a into 1da5e196492410aabb4674a8a17777e6f20b9ac7
2026-09-27T19:46:06.2575056Z ##[endgroup]
2026-09-27T19:46:06.2914684Z [command]"C:\Program Files\Git\bin\git.exe" log -1 --format=%H
2026-09-27T19:46:06.3182204Z fbe2414ae966518e93a44d9496b847c1a1e7bb95
2026-09-27T19:46:06.3624882Z ##[group]Run actions/setup-dotnet@v6
2026-09-27T19:46:06.3625215Z with:
2026-09-27T19:46:06.3625428Z   global-json-file: shell/global.json
2026-09-27T19:46:06.3625698Z   cache: false
2026-09-27T19:46:06.3625884Z ##[endgroup]
2026-09-27T19:46:06.6475794Z [command]"C:\Program Files\PowerShell\7\pwsh.exe" -NoLogo -Sta -NoProfile -NonInteractive -ExecutionPolicy Unrestricted -Command & 'D:\a\_actions\actions\setup-dotnet\v6\externals\install-dotnet.ps1' -SkipNonVersionedFiles -Runtime dotnet -Channel LTS
2026-09-27T19:46:08.1065128Z dotnet-install: .NET Core Runtime with version '10.0.12' is already installed.
2026-09-27T19:46:08.2598104Z [command]"C:\Program Files\PowerShell\7\pwsh.exe" -NoLogo -Sta -NoProfile -NonInteractive -ExecutionPolicy Unrestricted -Command & 'D:\a\_actions\actions\setup-dotnet\v6\externals\install-dotnet.ps1' -SkipNonVersionedFiles -Version 10.0.401
2026-09-27T19:46:08.9893044Z dotnet-install: .NET Core SDK with version '10.0.401' is already installed.
2026-09-27T19:46:09.0935860Z ##[group]Run actions/setup-go@v7
2026-09-27T19:46:09.0936192Z with:
2026-09-27T19:46:09.0936397Z   go-version-file: app/go.mod
2026-09-27T19:46:09.0936648Z   check-latest: false
2026-09-27T19:46:09.0939341Z   token: ***
2026-09-27T19:46:09.0939532Z   cache: true
2026-09-27T19:46:09.0939705Z env:
2026-09-27T19:46:09.0939893Z   DOTNET_ROOT: C:\Program Files\dotnet
2026-09-27T19:46:09.0940144Z ##[endgroup]
2026-09-27T19:46:09.2418031Z Setup go version spec 1.26.0
2026-09-27T19:46:09.2430410Z Attempting to download 1.26.0...
2026-09-27T19:46:10.1446192Z matching 1.26.0...
2026-09-27T19:46:10.1462597Z Acquiring 1.26.0 from https://github.com/actions/go-versions/releases/download/1.26.0-21889650668/go-1.26.0-win32-x64.zip
2026-09-27T19:46:10.8542186Z Extracting Go...
2026-09-27T19:46:10.9392438Z [command]"C:\Program Files\PowerShell\7\pwsh.exe" -NoLogo -NoProfile -NonInteractive -ExecutionPolicy Unrestricted -Command "$ErrorActionPreference = 'Stop' ; try { Add-Type -AssemblyName System.IO.Compression.ZipFile } catch { } ; try { [System.IO.Compression.ZipFile]::ExtractToDirectory('D:\a\_temp\go-1.26.0-win32-x64.zip', 'D:\a\_temp\8f769553-e30a-4266-815d-0d57075f9cc6', $true) } catch { if (($_.Exception.GetType().FullName -eq 'System.Management.Automation.MethodException') -or ($_.Exception.GetType().FullName -eq 'System.Management.Automation.RuntimeException') ){ Expand-Archive -LiteralPath 'D:\a\_temp\go-1.26.0-win32-x64.zip' -DestinationPath 'D:\a\_temp\8f769553-e30a-4266-815d-0d57075f9cc6' -Force } else { throw $_ } } ;"
2026-09-27T19:46:16.0659358Z Successfully extracted go to D:\a\_temp\8f769553-e30a-4266-815d-0d57075f9cc6
2026-09-27T19:46:16.0659838Z Adding to the cache ...
2026-09-27T19:46:27.2253152Z Created link C:\hostedtoolcache\windows\go\1.26.0\x64 => D:\hostedtoolcache\windows\go\1.26.0\x64
2026-09-27T19:46:27.2258506Z Created link C:\hostedtoolcache\windows\go\1.26.0\x64.complete => D:\hostedtoolcache\windows\go\1.26.0\x64.complete
2026-09-27T19:46:27.2259778Z Successfully cached go to C:\hostedtoolcache\windows\go\1.26.0\x64
2026-09-27T19:46:27.2265637Z Added go to the path
2026-09-27T19:46:27.2267635Z Successfully set up Go version 1.26.0
2026-09-27T19:46:27.5831565Z [command]C:\hostedtoolcache\windows\go\1.26.0\x64\bin\go.exe env GOMODCACHE
2026-09-27T19:46:27.5885700Z [command]C:\hostedtoolcache\windows\go\1.26.0\x64\bin\go.exe env GOCACHE
2026-09-27T19:46:27.6150907Z C:\Users\runneradmin\go\pkg\mod
2026-09-27T19:46:27.6185751Z C:\Users\runneradmin\AppData\Local\go-build
2026-09-27T19:46:27.6223489Z ##[warning]Restore cache failed: Dependencies file is not found in D:\a\wootc\wootc. Supported file pattern: go.mod
2026-09-27T19:46:27.6235709Z go version go1.26.0 windows/amd64
2026-09-27T19:46:27.6235915Z 
2026-09-27T19:46:27.6236190Z ##[group]go env
2026-09-27T19:46:30.4573284Z set AR=ar
2026-09-27T19:46:30.4573644Z set CC=gcc
2026-09-27T19:46:30.4574084Z set CGO_CFLAGS=-O2 -g
2026-09-27T19:46:30.4574655Z set CGO_CPPFLAGS=
2026-09-27T19:46:30.4574934Z set CGO_CXXFLAGS=-O2 -g
2026-09-27T19:46:30.4575171Z set CGO_ENABLED=1
2026-09-27T19:46:30.4575388Z set CGO_FFLAGS=-O2 -g
2026-09-27T19:46:30.4575624Z set CGO_LDFLAGS=-O2 -g
2026-09-27T19:46:30.4575830Z set CXX=g++
2026-09-27T19:46:30.4576010Z set GCCGO=gccgo
2026-09-27T19:46:30.4576201Z set GO111MODULE=
2026-09-27T19:46:30.4576387Z set GOAMD64=v1
2026-09-27T19:46:30.4576567Z set GOARCH=amd64
2026-09-27T19:46:30.4576755Z set GOAUTH=netrc
2026-09-27T19:46:30.4576953Z set GOBIN=
2026-09-27T19:46:30.4577231Z set GOCACHE=C:\Users\runneradmin\AppData\Local\go-build
2026-09-27T19:46:30.4577546Z set GOCACHEPROG=
2026-09-27T19:46:30.4577733Z set GODEBUG=
2026-09-27T19:46:30.4578008Z set GOENV=C:\Users\runneradmin\AppData\Roaming\go\env
2026-09-27T19:46:30.4578301Z set GOEXE=.exe
2026-09-27T19:46:30.4578502Z set GOEXPERIMENT=
2026-09-27T19:46:30.4578723Z set GOFIPS140=off
2026-09-27T19:46:30.4578914Z set GOFLAGS=
2026-09-27T19:46:30.4582090Z set GOGCCFLAGS=-m64 -mthreads -Wl,--no-gc-sections -fmessage-length=0 -ffile-prefix-map=C:\Users\RUNNER~1\AppData\Local\Temp\go-build655933726=/tmp/go-build -gno-record-gcc-switches
2026-09-27T19:46:30.4583001Z set GOHOSTARCH=amd64
2026-09-27T19:46:30.4583267Z set GOHOSTOS=windows
2026-09-27T19:46:30.4583479Z set GOINSECURE=
2026-09-27T19:46:30.4583678Z set GOMOD=NUL
2026-09-27T19:46:30.4583946Z set GOMODCACHE=C:\Users\runneradmin\go\pkg\mod
2026-09-27T19:46:30.4584244Z set GONOPROXY=
2026-09-27T19:46:30.4584450Z set GONOSUMDB=
2026-09-27T19:46:30.4584634Z set GOOS=windows
2026-09-27T19:46:30.4584887Z set GOPATH=C:\Users\runneradmin\go
2026-09-27T19:46:30.4585163Z set GOPRIVATE=
2026-09-27T19:46:30.4585477Z set GOPROXY=https://proxy.golang.org,direct
2026-09-27T19:46:30.4585852Z set GOROOT=C:\hostedtoolcache\windows\go\1.26.0\x64
2026-09-27T19:46:30.4586173Z set GOSUMDB=sum.golang.org
2026-09-27T19:46:30.4586409Z set GOTELEMETRY=local
2026-09-27T19:46:30.4586757Z set GOTELEMETRYDIR=C:\Users\runneradmin\AppData\Roaming\go\telemetry
2026-09-27T19:46:30.4587117Z set GOTMPDIR=
2026-09-27T19:46:30.4587320Z set GOTOOLCHAIN=local
2026-09-27T19:46:30.4587697Z set GOTOOLDIR=C:\hostedtoolcache\windows\go\1.26.0\x64\pkg\tool\windows_amd64
2026-09-27T19:46:30.4588076Z set GOVCS=
2026-09-27T19:46:30.4588276Z set GOVERSION=go1.26.0
2026-09-27T19:46:30.4588476Z set GOWORK=
2026-09-27T19:46:30.4588690Z set PKG_CONFIG=pkg-config
2026-09-27T19:46:30.4588831Z 
2026-09-27T19:46:30.4589370Z ##[endgroup]
2026-09-27T19:46:30.4919233Z ##[group]Run dotnet publish shell/Wootc.Shell/Wootc.Shell.csproj --configuration Release --runtime win-x64 -p:Platform=x64 -p:NativeBuildId=fbe2414ae966518e93a44d9496b847c1a1e7bb95 -p:NativeBrandId=bazzite --output out/branded-preview
2026-09-27T19:46:30.4921046Z [36;1mdotnet publish shell/Wootc.Shell/Wootc.Shell.csproj --configuration Release --runtime win-x64 -p:Platform=x64 -p:NativeBuildId=fbe2414ae966518e93a44d9496b847c1a1e7bb95 -p:NativeBrandId=bazzite --output out/branded-preview[0m
2026-09-27T19:46:30.4922119Z [36;1mif ($LASTEXITCODE -ne 0) { throw 'Branded native publish refused' }[0m
2026-09-27T19:46:30.4922618Z [36;1mNew-Item -ItemType Directory -Force app/frontend/dist | Out-Null[0m
2026-09-27T19:46:30.4923203Z [36;1mSet-Content app/frontend/dist/index.html '<!doctype html><title>Native engine preview</title>'[0m
2026-09-27T19:46:30.4923677Z [36;1mPush-Location app[0m
2026-09-27T19:46:30.4924487Z [36;1mtry { go build -ldflags "-X main.nativeBuildID=fbe2414ae966518e93a44d9496b847c1a1e7bb95 -X main.brandID=bazzite" -o ../out/branded-preview/wootc-engine.exe . } finally { Pop-Location }[0m
2026-09-27T19:46:30.4925411Z [36;1mif ($LASTEXITCODE -ne 0) { throw 'Branded engine build refused' }[0m
2026-09-27T19:46:30.5082052Z shell: C:\Program Files\PowerShell\7\pwsh.EXE -command ". '{0}'"
2026-09-27T19:46:30.5082419Z env:
2026-09-27T19:46:30.5082616Z   DOTNET_ROOT: C:\Program Files\dotnet
2026-09-27T19:46:30.5082873Z   GOTOOLCHAIN: local
2026-09-27T19:46:30.5083071Z ##[endgroup]
2026-09-27T19:46:36.5812560Z   Determining projects to restore...
2026-09-27T19:46:38.1553595Z   Restored D:\a\wootc\wootc\shell\Wootc.Shell.Core\Wootc.Shell.Core.csproj (in 196 ms).
2026-09-27T19:46:46.0477346Z   Restored D:\a\wootc\wootc\shell\Wootc.Shell.Native\Wootc.Shell.Native.csproj (in 7.89 sec).
2026-09-27T19:47:01.4311272Z   Restored D:\a\wootc\wootc\shell\Wootc.Shell\Wootc.Shell.csproj (in 23.57 sec).
2026-09-27T19:47:07.8651148Z   Wootc.Shell.Core -> D:\a\wootc\wootc\shell\Wootc.Shell.Core\bin\x64\Release\net8.0\Wootc.Shell.Core.dll
2026-09-27T19:47:09.2637321Z   Wootc.Shell.Native -> D:\a\wootc\wootc\shell\Wootc.Shell.Native\bin\x64\Release\net8.0-windows10.0.19041.0\Wootc.Shell.Native.dll
2026-09-27T19:47:22.7329005Z   Wootc.Shell -> D:\a\wootc\wootc\shell\Wootc.Shell\bin\x64\Release\net8.0-windows10.0.19041.0\win-x64\Wootc.Shell.dll
2026-09-27T19:47:24.6317237Z   Wootc.Shell -> D:\a\wootc\wootc\out\branded-preview\
2026-09-27T19:47:25.0123244Z go: downloading github.com/tredoe/osutil v1.5.0
2026-09-27T19:47:25.0210167Z go: downloading github.com/wailsapp/wails/v2 v2.16.0
2026-09-27T19:47:26.8144050Z go: downloading golang.org/x/crypto v0.57.0
2026-09-27T19:47:26.8147829Z go: downloading golang.org/x/sys v0.48.0
2026-09-27T19:47:26.8159464Z go: downloading golang.org/x/mod v0.41.0
2026-09-27T19:47:28.0671455Z go: downloading github.com/leaanthony/slicer v1.6.0
2026-09-27T19:47:28.0691951Z go: downloading github.com/leaanthony/u v1.1.1
2026-09-27T19:47:28.1296920Z go: downloading github.com/leaanthony/go-ansi-parser v1.6.1
2026-09-27T19:47:28.1315631Z go: downloading github.com/pkg/errors v0.9.1
2026-09-27T19:47:28.1359370Z go: downloading github.com/wailsapp/go-webview2 v1.0.22
2026-09-27T19:47:28.1723862Z go: downloading github.com/rivo/uniseg v0.4.7
2026-09-27T19:47:47.3140876Z ##[group]Run ./shell/packaging/test-installed-preview.ps1 -BrandId 'bazzite' -BuildId 'fbe2414ae966518e93a44d9496b847c1a1e7bb95' -PackageDirectory out/branded-preview -OutputDirectory out/preview-installer
2026-09-27T19:47:47.3142447Z [36;1m./shell/packaging/test-installed-preview.ps1 -BrandId 'bazzite' -BuildId 'fbe2414ae966518e93a44d9496b847c1a1e7bb95' -PackageDirectory out/branded-preview -OutputDirectory out/preview-installer[0m
2026-09-27T19:47:47.3220103Z shell: C:\Program Files\PowerShell\7\pwsh.EXE -command ". '{0}'"
2026-09-27T19:47:47.3220460Z env:
2026-09-27T19:47:47.3220663Z   DOTNET_ROOT: C:\Program Files\dotnet
2026-09-27T19:47:47.3220927Z   GOTOOLCHAIN: local
2026-09-27T19:47:47.3221927Z ##[endgroup]
2026-09-27T19:47:48.1300667Z PASS actual root-reparse mutant accepts unsafe path; exact source restored and refuses it
2026-09-27T19:47:48.1728098Z PASS actual manifest writer, exclusive preservation, missing resources, wrong brand, root/child reparse refusals
2026-09-27T19:47:50.0026109Z PASS actual uninstaller observation: retained timeout, changed identity, directory, missing, later removal
2026-09-27T19:47:53.4640724Z Inno Setup 7 Command-Line Compiler
2026-09-27T19:47:53.4641503Z Copyright (C) 1997-2026 Jordan Russell. All rights reserved.
2026-09-27T19:47:53.4642378Z Portions Copyright (C) 2000-2026 Martijn Laan. All rights reserved.
2026-09-27T19:47:53.4643291Z Portions Copyright (C) 2001-2004 Alex Yackimoff. All rights reserved.
2026-09-27T19:47:53.4644023Z https://www.innosetup.com
2026-09-27T19:47:53.4644308Z 
2026-09-27T19:47:53.4866470Z Compiler engine version: Inno Setup 7.1.0
2026-09-27T19:47:53.4867080Z Non-commercial use only
2026-09-27T19:47:53.4867378Z 
2026-09-27T19:47:53.5063461Z Preprocessing
2026-09-27T19:47:53.5067500Z    Reading file: C:\Users\RUNNER~1\AppData\Local\Temp\wootc-preview-packaging-08fc52c373574e5695b029914ccc3e72\compiler\ISPPBuiltins.iss
2026-09-27T19:47:53.5078187Z Parsing [Setup] section, line 21
2026-09-27T19:47:53.5078774Z Parsing [Setup] section, line 22
2026-09-27T19:47:53.5079265Z Parsing [Setup] section, line 23
2026-09-27T19:47:53.5079740Z Parsing [Setup] section, line 24
2026-09-27T19:47:53.5080206Z Parsing [Setup] section, line 25
2026-09-27T19:47:53.5080654Z Parsing [Setup] section, line 26
2026-09-27T19:47:53.5081108Z Parsing [Setup] section, line 27
2026-09-27T19:47:53.5081592Z Parsing [Setup] section, line 28
2026-09-27T19:47:53.5082085Z Parsing [Setup] section, line 29
2026-09-27T19:47:53.5082568Z Parsing [Setup] section, line 30
2026-09-27T19:47:53.5083043Z Parsing [Setup] section, line 31
2026-09-27T19:47:53.5083525Z Parsing [Setup] section, line 32
2026-09-27T19:47:53.5084031Z Parsing [Setup] section, line 33
2026-09-27T19:47:53.5084510Z Parsing [Setup] section, line 34
2026-09-27T19:47:53.5084981Z Parsing [Setup] section, line 35
2026-09-27T19:47:53.5085441Z Parsing [Setup] section, line 36
2026-09-27T19:47:53.5085909Z Parsing [Setup] section, line 37
2026-09-27T19:47:53.5086414Z Parsing [Setup] section, line 38
2026-09-27T19:47:53.5086905Z Parsing [Setup] section, line 39
2026-09-27T19:47:53.5087391Z Reading file (WizardImageFile)
2026-09-27T19:47:53.5087895Z Reading file (WizardSmallImageFile)
2026-09-27T19:47:53.5088416Z Preparing Setup program executable
2026-09-27T19:47:53.5458210Z    Verification successful
2026-09-27T19:47:53.5484941Z    Updating icons (Setup.e32)
2026-09-27T19:47:53.5573632Z    Updating version info (Setup.e32)
2026-09-27T19:47:53.5589714Z Determining language code pages
2026-09-27T19:47:53.5591111Z    Reading file: C:\Users\RUNNER~1\AppData\Local\Temp\wootc-preview-packaging-08fc52c373574e5695b029914ccc3e72\compiler\Default.isl
2026-09-27T19:47:53.5596615Z    Messages in script file
2026-09-27T19:47:53.5597154Z Reading default messages from Default.isl
2026-09-27T19:47:53.5604569Z Parsing [LangOptions], [Messages], and [CustomMessages] sections
2026-09-27T19:47:53.5608628Z    Reading file: C:\Users\RUNNER~1\AppData\Local\Temp\wootc-preview-packaging-08fc52c373574e5695b029914ccc3e72\compiler\Default.isl
2026-09-27T19:47:53.5609904Z    Messages in script file
2026-09-27T19:47:53.5610350Z Reading [Code] section
2026-09-27T19:47:53.5610789Z Parsing [Icons] section, line 45
2026-09-27T19:47:53.5611287Z Parsing [Files] section, line 42
2026-09-27T19:47:53.5687430Z Compiling [Code] section
2026-09-27T19:47:53.5751412Z Creating setup files
2026-09-27T19:47:53.5836873Z    Verification successful
2026-09-27T19:47:53.5844640Z    Updating icons (Setup.exe)
2026-09-27T19:47:53.5873901Z    Compressing: \\?\D:\a\wootc\wootc\out\branded-preview\clretwrc.dll
2026-09-27T19:47:53.5907836Z    Compressing: \\?\D:\a\wootc\wootc\out\branded-preview\clrgc.dll
2026-09-27T19:47:53.5975043Z    Compressing: \\?\D:\a\wootc\wootc\out\branded-preview\clrjit.dll
2026-09-27T19:47:53.6189204Z    Compressing: \\?\D:\a\wootc\wootc\out\branded-preview\coreclr.dll
2026-09-27T19:47:53.6935217Z    Compressing: \\?\D:\a\wootc\wootc\out\branded-preview\CoreMessagingXP.dll
2026-09-27T19:47:53.7085367Z    Compressing: \\?\D:\a\wootc\wootc\out\branded-preview\createdump.exe
2026-09-27T19:47:53.7097566Z    Compressing: \\?\D:\a\wootc\wootc\out\branded-preview\dcompi.dll
2026-09-27T19:47:53.7603104Z    Compressing: \\?\D:\a\wootc\wootc\out\branded-preview\DirectML.dll
2026-09-27T19:47:57.2918889Z    Compressing: \\?\D:\a\wootc\wootc\out\branded-preview\dwmcorei.dll
2026-09-27T19:47:57.3192072Z    Compressing: \\?\D:\a\wootc\wootc\out\branded-preview\DwmSceneI.dll
2026-09-27T19:47:57.9379969Z    Compressing: \\?\D:\a\wootc\wootc\out\branded-preview\DWriteCore.dll
2026-09-27T19:47:57.9767235Z    Compressing: \\?\D:\a\wootc\wootc\out\branded-preview\hostfxr.dll
2026-09-27T19:47:57.9802539Z    Compressing: \\?\D:\a\wootc\wootc\out\branded-preview\hostpolicy.dll
2026-09-27T19:47:57.9850064Z    Compressing: \\?\D:\a\wootc\wootc\out\branded-preview\marshal.dll
2026-09-27T19:47:57.9930336Z    Compressing: \\?\D:\a\wootc\wootc\out\branded-preview\Microsoft.Asg.SemanticIndex.AiFabric.Compatibility.dll
2026-09-27T19:47:58.7174923Z    Compressing: \\?\D:\a\wootc\wootc\out\branded-preview\Microsoft.CSharp.dll
2026-09-27T19:47:58.7300206Z    Compressing: \\?\D:\a\wootc\wootc\out\branded-preview\Microsoft.DiaSymReader.Native.amd64.dll
2026-09-27T19:47:59.5459914Z    Compressing: \\?\D:\a\wootc\wootc\out\branded-preview\Microsoft.DirectManipulation.dll
2026-09-27T19:47:59.5524118Z    Compressing: \\?\D:\a\wootc\wootc\out\branded-preview\Microsoft.Foundation.winmd
2026-09-27T19:47:59.5526468Z    Compressing: \\?\D:\a\wootc\wootc\out\branded-preview\Microsoft.Graphics.Display.dll
2026-09-27T19:47:59.5549191Z    Compressing: \\?\D:\a\wootc\wootc\out\branded-preview\Microsoft.Graphics.Imaging.dll
2026-09-27T19:47:59.5563207Z    Compressing: \\?\D:\a\wootc\wootc\out\branded-preview\Microsoft.Graphics.Imaging.Projection.dll
2026-09-27T19:47:59.5566606Z    Compressing: \\?\D:\a\wootc\wootc\out\branded-preview\Microsoft.Graphics.Imaging.winmd
2026-09-27T19:47:59.5568910Z    Compressing: \\?\D:\a\wootc\wootc\out\branded-preview\Microsoft.Graphics.ImagingInternal.ImageObjectRemover.winmd
2026-09-27T19:47:59.5570760Z    Compressing: \\?\D:\a\wootc\wootc\out\branded-preview\Microsoft.Graphics.ImagingInternal.winmd
2026-09-27T19:47:59.5573168Z    Compressing: \\?\D:\a\wootc\wootc\out\branded-preview\Microsoft.Graphics.Internal.Imaging.winmd
2026-09-27T19:47:59.5576004Z    Compressing: \\?\D:\a\wootc\wootc\out\branded-preview\Microsoft.Graphics.winmd
2026-09-27T19:47:59.5578787Z    Compressing: \\?\D:\a\wootc\wootc\out\branded-preview\Microsoft.InputStateManager.dll
2026-09-27T19:47:59.5622844Z    Compressing: \\?\D:\a\wootc\wootc\out\branded-preview\Microsoft.InteractiveExperiences.Projection.dll
2026-09-27T19:48:00.3194888Z    Compressing: \\?\D:\a\wootc\wootc\out\branded-preview\Microsoft.Internal.FrameworkUdk.dll
2026-09-27T19:48:00.3376047Z    Compressing: \\?\D:\a\wootc\wootc\out\branded-preview\Microsoft.ML.OnnxRuntime.dll
2026-09-27T19:48:00.3379514Z    Compressing: \\?\D:\a\wootc\wootc\out\branded-preview\Microsoft.Security.Authentication.OAuth.Projection.dll
2026-09-27T19:48:00.3381376Z    Compressing: \\?\D:\a\wootc\wootc\out\branded-preview\Microsoft.Security.Authentication.OAuth.winmd
2026-09-27T19:48:00.3383589Z    Compressing: \\?\D:\a\wootc\wootc\out\branded-preview\Microsoft.UI.Composition.OSSupport.dll
2026-09-27T19:48:00.3394754Z    Compressing: \\?\D:\a\wootc\wootc\out\branded-preview\Microsoft.UI.Designer.dll
2026-09-27T19:48:00.3414278Z    Compressing: \\?\D:\a\wootc\wootc\out\branded-preview\Microsoft.UI.dll
2026-09-27T19:48:00.3432397Z    Compressing: \\?\D:\a\wootc\wootc\out\branded-preview\Microsoft.UI.Input.dll
2026-09-27T19:48:00.3587815Z    Compressing: \\?\D:\a\wootc\wootc\out\branded-preview\Microsoft.UI.pri
2026-09-27T19:48:00.3597544Z    Compressing: \\?\D:\a\wootc\wootc\out\branded-preview\Microsoft.UI.Text.winmd
2026-09-27T19:48:00.3601665Z    Compressing: \\?\D:\a\wootc\wootc\out\branded-preview\Microsoft.UI.Windowing.Core.dll
2026-09-27T19:48:00.3654929Z    Compressing: \\?\D:\a\wootc\wootc\out\branded-preview\Microsoft.UI.Windowing.dll
2026-09-27T19:48:00.3709737Z    Compressing: \\?\D:\a\wootc\wootc\out\branded-preview\Microsoft.UI.winmd
2026-09-27T19:48:01.0498974Z    Compressing: \\?\D:\a\wootc\wootc\out\branded-preview\Microsoft.UI.Xaml.Controls.dll
2026-09-27T19:48:01.9214457Z    Compressing: \\?\D:\a\wootc\wootc\out\branded-preview\Microsoft.UI.Xaml.Controls.pri
2026-09-27T19:48:01.9388811Z    Compressing: \\?\D:\a\wootc\wootc\out\branded-preview\Microsoft.ui.xaml.dll
2026-09-27T19:48:04.4788624Z    Compressing: \\?\D:\a\wootc\wootc\out\branded-preview\Microsoft.UI.Xaml.Internal.dll
2026-09-27T19:48:05.1780263Z    Compressing: \\?\D:\a\wootc\wootc\out\branded-preview\Microsoft.UI.Xaml.Phone.dll
2026-09-27T19:48:05.1884038Z    Compressing: \\?\D:\a\wootc\wootc\out\branded-preview\Microsoft.ui.xaml.resources.19h1.dll
2026-09-27T19:48:05.1988373Z    Compressing: \\?\D:\a\wootc\wootc\out\branded-preview\Microsoft.ui.xaml.resources.common.dll
2026-09-27T19:48:05.1994168Z    Compressing: \\?\D:\a\wootc\wootc\out\branded-preview\Microsoft.UI.Xaml.winmd
2026-09-27T19:48:05.2162840Z    Compressing: \\?\D:\a\wootc\wootc\out\branded-preview\Microsoft.VisualBasic.Core.dll
2026-09-27T19:48:05.8193847Z    Compressing: \\?\D:\a\wootc\wootc\out\branded-preview\Microsoft.VisualBasic.dll
2026-09-27T19:48:05.8196399Z    Compressing: \\?\D:\a\wootc\wootc\out\branded-preview\Microsoft.Web.WebView2.Core.dll
2026-09-27T19:48:05.8272952Z    Compressing: \\?\D:\a\wootc\wootc\out\branded-preview\Microsoft.Web.WebView2.Core.Projection.dll
2026-09-27T19:48:05.8339979Z    Compressing: \\?\D:\a\wootc\wootc\out\branded-preview\Microsoft.Win32.Primitives.dll
2026-09-27T19:48:05.8342270Z    Compressing: \\?\D:\a\wootc\wootc\out\branded-preview\Microsoft.Win32.Registry.dll
2026-09-27T19:48:05.8354856Z    Compressing: \\?\D:\a\wootc\wootc\out\branded-preview\Microsoft.Windows.AI.AICapabilities.dll
2026-09-27T19:48:05.8366843Z    Compressing: \\?\D:\a\wootc\wootc\out\branded-preview\Microsoft.Windows.AI.ContentModerationInternal.winmd
2026-09-27T19:48:05.8368815Z    Compressing: \\?\D:\a\wootc\wootc\out\branded-preview\Microsoft.Windows.AI.ContentSafety.dll
2026-09-27T19:48:05.8379711Z    Compressing: \\?\D:\a\wootc\wootc\out\branded-preview\Microsoft.Windows.AI.ContentSafety.Projection.dll
2026-09-27T19:48:05.8384089Z    Compressing: \\?\D:\a\wootc\wootc\out\branded-preview\Microsoft.Windows.AI.ContentSafety.winmd
2026-09-27T19:48:05.8386789Z    Compressing: \\?\D:\a\wootc\wootc\out\branded-preview\Microsoft.Windows.AI.Foundation.Projection.dll
2026-09-27T19:48:05.8389923Z    Compressing: \\?\D:\a\wootc\wootc\out\branded-preview\Microsoft.Windows.AI.Foundation.winmd
2026-09-27T19:48:05.8392055Z    Compressing: \\?\D:\a\wootc\wootc\out\branded-preview\Microsoft.Windows.AI.FoundationInternal.winmd
2026-09-27T19:48:05.8394140Z    Compressing: \\?\D:\a\wootc\wootc\out\branded-preview\Microsoft.Windows.AI.GenerativeInternal.winmd
2026-09-27T19:48:05.8397559Z    Compressing: \\?\D:\a\wootc\wootc\out\branded-preview\Microsoft.Windows.AI.Imaging.dll
2026-09-27T19:48:05.8472018Z    Compressing: \\?\D:\a\wootc\wootc\out\branded-preview\Microsoft.Windows.AI.Imaging.Projection.dll
2026-09-27T19:48:05.8481601Z    Compressing: \\?\D:\a\wootc\wootc\out\branded-preview\Microsoft.Windows.AI.Imaging.winmd
2026-09-27T19:48:05.8484635Z    Compressing: \\?\D:\a\wootc\wootc\out\branded-preview\Microsoft.Windows.AI.MachineLearning.dll
2026-09-27T19:48:05.8571917Z    Compressing: \\?\D:\a\wootc\wootc\out\branded-preview\Microsoft.Windows.AI.MachineLearning.Projection.dll
2026-09-27T19:48:05.8581665Z    Compressing: \\?\D:\a\wootc\wootc\out\branded-preview\Microsoft.Windows.AI.Projection.dll
2026-09-27T19:48:05.8586253Z    Compressing: \\?\D:\a\wootc\wootc\out\branded-preview\Microsoft.Windows.AI.Search.Experimental.dll
2026-09-27T19:48:06.4131999Z    Compressing: \\?\D:\a\wootc\wootc\out\branded-preview\Microsoft.Windows.AI.Text.dll
2026-09-27T19:48:06.4246058Z    Compressing: \\?\D:\a\wootc\wootc\out\branded-preview\Microsoft.Windows.AI.Text.Projection.dll
2026-09-27T19:48:06.4262698Z    Compressing: \\?\D:\a\wootc\wootc\out\branded-preview\Microsoft.Windows.AI.Text.winmd
2026-09-27T19:48:06.4266017Z    Compressing: \\?\D:\a\wootc\wootc\out\branded-preview\Microsoft.Windows.AI.Video.dll
2026-09-27T19:48:06.4319710Z    Compressing: \\?\D:\a\wootc\wootc\out\branded-preview\Microsoft.Windows.AI.Video.Projection.dll
2026-09-27T19:48:06.4324245Z    Compressing: \\?\D:\a\wootc\wootc\out\branded-preview\Microsoft.Windows.AI.Video.winmd
2026-09-27T19:48:06.4326346Z    Compressing: \\?\D:\a\wootc\wootc\out\branded-preview\Microsoft.Windows.AI.winmd
2026-09-27T19:48:06.4329416Z    Compressing: \\?\D:\a\wootc\wootc\out\branded-preview\Microsoft.Windows.ApplicationModel.Background.Projection.dll
2026-09-27T19:48:06.4333981Z    Compressing: \\?\D:\a\wootc\wootc\out\branded-preview\Microsoft.Windows.ApplicationModel.Background.UniversalBGTask.dll
2026-09-27T19:48:06.4344185Z    Compressing: \\?\D:\a\wootc\wootc\out\branded-preview\Microsoft.Windows.ApplicationModel.Background.UniversalBGTask.winmd
2026-09-27T19:48:06.4346189Z    Compressing: \\?\D:\a\wootc\wootc\out\branded-preview\Microsoft.Windows.ApplicationModel.Background.winmd
2026-09-27T19:48:06.4348364Z    Compressing: \\?\D:\a\wootc\wootc\out\branded-preview\Microsoft.Windows.ApplicationModel.DynamicDependency.Projection.dll
2026-09-27T19:48:06.4353426Z    Compressing: \\?\D:\a\wootc\wootc\out\branded-preview\Microsoft.Windows.ApplicationModel.DynamicDependency.winmd
2026-09-27T19:48:06.4355830Z    Compressing: \\?\D:\a\wootc\wootc\out\branded-preview\Microsoft.Windows.ApplicationModel.Resources.dll
2026-09-27T19:48:06.4371387Z    Compressing: \\?\D:\a\wootc\wootc\out\branded-preview\Microsoft.Windows.ApplicationModel.Resources.Projection.dll
2026-09-27T19:48:06.4378625Z    Compressing: \\?\D:\a\wootc\wootc\out\branded-preview\Microsoft.Windows.ApplicationModel.Resources.winmd
2026-09-27T19:48:06.4381335Z    Compressing: \\?\D:\a\wootc\wootc\out\branded-preview\Microsoft.Windows.ApplicationModel.WindowsAppRuntime.Projection.dll
2026-09-27T19:48:06.4386592Z    Compressing: \\?\D:\a\wootc\wootc\out\branded-preview\Microsoft.Windows.ApplicationModel.WindowsAppRuntime.winmd
2026-09-27T19:48:06.4389361Z    Compressing: \\?\D:\a\wootc\wootc\out\branded-preview\Microsoft.Windows.AppLifecycle.Projection.dll
2026-09-27T19:48:06.4394159Z    Compressing: \\?\D:\a\wootc\wootc\out\branded-preview\Microsoft.Windows.AppLifecycle.winmd
2026-09-27T19:48:06.4396844Z    Compressing: \\?\D:\a\wootc\wootc\out\branded-preview\Microsoft.Windows.AppNotifications.Builder.Projection.dll
2026-09-27T19:48:06.4403908Z    Compressing: \\?\D:\a\wootc\wootc\out\branded-preview\Microsoft.Windows.AppNotifications.Builder.winmd
2026-09-27T19:48:06.4406931Z    Compressing: \\?\D:\a\wootc\wootc\out\branded-preview\Microsoft.Windows.AppNotifications.Projection.dll
2026-09-27T19:48:06.4414879Z    Compressing: \\?\D:\a\wootc\wootc\out\branded-preview\Microsoft.Windows.AppNotifications.winmd
2026-09-27T19:48:06.4417998Z    Compressing: \\?\D:\a\wootc\wootc\out\branded-preview\Microsoft.Windows.BadgeNotifications.Projection.dll
2026-09-27T19:48:06.4422163Z    Compressing: \\?\D:\a\wootc\wootc\out\branded-preview\Microsoft.Windows.BadgeNotifications.winmd
2026-09-27T19:48:06.4424061Z    Compressing: \\?\D:\a\wootc\wootc\out\branded-preview\Microsoft.Windows.Foundation.Projection.dll
2026-09-27T19:48:06.4427562Z    Compressing: \\?\D:\a\wootc\wootc\out\branded-preview\Microsoft.Windows.Foundation.winmd
2026-09-27T19:48:06.4430020Z    Compressing: \\?\D:\a\wootc\wootc\out\branded-preview\Microsoft.Windows.Globalization.winmd
2026-09-27T19:48:06.4432174Z    Compressing: \\?\D:\a\wootc\wootc\out\branded-preview\Microsoft.Windows.ImageCreationInternal.winmd
2026-09-27T19:48:06.4434594Z    Compressing: \\?\D:\a\wootc\wootc\out\branded-preview\Microsoft.Windows.Internal.AI.ContentModeration.winmd
2026-09-27T19:48:06.4436799Z    Compressing: \\?\D:\a\wootc\wootc\out\branded-preview\Microsoft.Windows.Internal.AI.Generative.winmd
2026-09-27T19:48:06.4440044Z    Compressing: \\?\D:\a\wootc\wootc\out\branded-preview\Microsoft.Windows.Internal.ImageCreation.winmd
2026-09-27T19:48:06.4442123Z    Compressing: \\?\D:\a\wootc\wootc\out\branded-preview\Microsoft.Windows.Internal.SemanticSearch.winmd
2026-09-27T19:48:06.4444637Z    Compressing: \\?\D:\a\wootc\wootc\out\branded-preview\Microsoft.Windows.Internal.Vision.winmd
2026-09-27T19:48:06.4446907Z    Compressing: \\?\D:\a\wootc\wootc\out\branded-preview\Microsoft.Windows.Management.Deployment.Projection.dll
2026-09-27T19:48:06.4464102Z    Compressing: \\?\D:\a\wootc\wootc\out\branded-preview\Microsoft.Windows.Management.Deployment.winmd
2026-09-27T19:48:06.4469747Z    Compressing: \\?\D:\a\wootc\wootc\out\branded-preview\Microsoft.Windows.Media.Capture.Projection.dll
2026-09-27T19:48:06.4473969Z    Compressing: \\?\D:\a\wootc\wootc\out\branded-preview\Microsoft.Windows.Media.Capture.winmd
2026-09-27T19:48:06.4476402Z    Compressing: \\?\D:\a\wootc\wootc\out\branded-preview\Microsoft.Windows.Private.Workloads.SessionManager.winmd
2026-09-27T19:48:06.4478330Z    Compressing: \\?\D:\a\wootc\wootc\out\branded-preview\Microsoft.Windows.PrivateCommon.winmd
2026-09-27T19:48:06.4480711Z    Compressing: \\?\D:\a\wootc\wootc\out\branded-preview\Microsoft.Windows.PushNotifications.Projection.dll
2026-09-27T19:48:06.4485508Z    Compressing: \\?\D:\a\wootc\wootc\out\branded-preview\Microsoft.Windows.PushNotifications.winmd
2026-09-27T19:48:06.4487716Z    Compressing: \\?\D:\a\wootc\wootc\out\branded-preview\Microsoft.Windows.SDK.NET.dll
2026-09-27T19:48:09.9320065Z    Compressing: \\?\D:\a\wootc\wootc\out\branded-preview\Microsoft.Windows.Search.dll
2026-09-27T19:48:10.5606403Z    Compressing: \\?\D:\a\wootc\wootc\out\branded-preview\Microsoft.Windows.Search.Projection.dll
2026-09-27T19:48:10.5624648Z    Compressing: \\?\D:\a\wootc\wootc\out\branded-preview\Microsoft.Windows.Search.winmd
2026-09-27T19:48:10.5629552Z    Compressing: \\?\D:\a\wootc\wootc\out\branded-preview\Microsoft.Windows.Security.AccessControl.Projection.dll
2026-09-27T19:48:10.5632269Z    Compressing: \\?\D:\a\wootc\wootc\out\branded-preview\Microsoft.Windows.Security.AccessControl.winmd
2026-09-27T19:48:10.5634132Z    Compressing: \\?\D:\a\wootc\wootc\out\branded-preview\Microsoft.Windows.SemanticSearch.winmd
2026-09-27T19:48:10.5637026Z    Compressing: \\?\D:\a\wootc\wootc\out\branded-preview\Microsoft.Windows.SemanticSearchInternal.winmd
2026-09-27T19:48:10.5639292Z    Compressing: \\?\D:\a\wootc\wootc\out\branded-preview\Microsoft.Windows.Storage.Pickers.Projection.dll
2026-09-27T19:48:10.5646327Z    Compressing: \\?\D:\a\wootc\wootc\out\branded-preview\Microsoft.Windows.Storage.Pickers.winmd
2026-09-27T19:48:10.5648900Z    Compressing: \\?\D:\a\wootc\wootc\out\branded-preview\Microsoft.Windows.Storage.Projection.dll
2026-09-27T19:48:10.5653832Z    Compressing: \\?\D:\a\wootc\wootc\out\branded-preview\Microsoft.Windows.Storage.winmd
2026-09-27T19:48:10.5656950Z    Compressing: \\?\D:\a\wootc\wootc\out\branded-preview\Microsoft.Windows.System.Power.Projection.dll
2026-09-27T19:48:10.5660304Z    Compressing: \\?\D:\a\wootc\wootc\out\branded-preview\Microsoft.Windows.System.Power.winmd
2026-09-27T19:48:10.5662660Z    Compressing: \\?\D:\a\wootc\wootc\out\branded-preview\Microsoft.Windows.System.Projection.dll
2026-09-27T19:48:10.5665972Z    Compressing: \\?\D:\a\wootc\wootc\out\branded-preview\Microsoft.Windows.System.winmd
2026-09-27T19:48:10.5668127Z    Compressing: \\?\D:\a\wootc\wootc\out\branded-preview\Microsoft.Windows.Vision.winmd
2026-09-27T19:48:10.5670052Z    Compressing: \\?\D:\a\wootc\wootc\out\branded-preview\Microsoft.Windows.VisionInternal.winmd
2026-09-27T19:48:10.5672452Z    Compressing: \\?\D:\a\wootc\wootc\out\branded-preview\Microsoft.Windows.Widgets.dll
2026-09-27T19:48:10.5946171Z    Compressing: \\?\D:\a\wootc\wootc\out\branded-preview\Microsoft.Windows.Widgets.Projection.dll
2026-09-27T19:48:11.1959708Z    Compressing: \\?\D:\a\wootc\wootc\out\branded-preview\Microsoft.Windows.Widgets.winmd
2026-09-27T19:48:11.1964878Z    Compressing: \\?\D:\a\wootc\wootc\out\branded-preview\Microsoft.Windows.Workloads.dll
2026-09-27T19:48:11.2005208Z    Compressing: \\?\D:\a\wootc\wootc\out\branded-preview\Microsoft.Windows.Workloads.pri
2026-09-27T19:48:11.2006768Z    Compressing: \\?\D:\a\wootc\wootc\out\branded-preview\Microsoft.Windows.Workloads.Resources.dll
2026-09-27T19:48:11.2023665Z    Compressing: \\?\D:\a\wootc\wootc\out\branded-preview\Microsoft.Windows.Workloads.Resources_ec.dll
2026-09-27T19:48:11.2040332Z    Compressing: \\?\D:\a\wootc\wootc\out\branded-preview\Microsoft.Windows.Workloads.winmd
2026-09-27T19:48:11.2042845Z    Compressing: \\?\D:\a\wootc\wootc\out\branded-preview\Microsoft.WindowsAppRuntime.Bootstrap.dll
2026-09-27T19:48:11.2082406Z    Compressing: \\?\D:\a\wootc\wootc\out\branded-preview\Microsoft.WindowsAppRuntime.Bootstrap.Net.dll
2026-09-27T19:48:11.2085870Z    Compressing: \\?\D:\a\wootc\wootc\out\branded-preview\Microsoft.WindowsAppRuntime.dll
2026-09-27T19:48:11.2336384Z    Compressing: \\?\D:\a\wootc\wootc\out\branded-preview\Microsoft.WindowsAppRuntime.pri
2026-09-27T19:48:11.2338152Z    Compressing: \\?\D:\a\wootc\wootc\out\branded-preview\Microsoft.WinUI.dll
2026-09-27T19:48:12.5856711Z    Compressing: \\?\D:\a\wootc\wootc\out\branded-preview\MRM.dll
2026-09-27T19:48:12.5884675Z    Compressing: \\?\D:\a\wootc\wootc\out\branded-preview\mscordaccore.dll
2026-09-27T19:48:12.6011794Z    Compressing: \\?\D:\a\wootc\wootc\out\branded-preview\mscordaccore_amd64_amd64_8.0.3126.42015.dll
2026-09-27T19:48:12.6146769Z    Compressing: \\?\D:\a\wootc\wootc\out\branded-preview\mscordbi.dll
2026-09-27T19:48:13.2024801Z    Compressing: \\?\D:\a\wootc\wootc\out\branded-preview\mscorlib.dll
2026-09-27T19:48:13.2034412Z    Compressing: \\?\D:\a\wootc\wootc\out\branded-preview\mscorrc.dll
2026-09-27T19:48:13.2056216Z    Compressing: \\?\D:\a\wootc\wootc\out\branded-preview\msquic.dll
2026-09-27T19:48:13.2120502Z    Compressing: \\?\D:\a\wootc\wootc\out\branded-preview\native-package.json
2026-09-27T19:48:13.2128307Z    Compressing: \\?\D:\a\wootc\wootc\out\branded-preview\netstandard.dll
2026-09-27T19:48:13.2144220Z    Compressing: \\?\D:\a\wootc\wootc\out\branded-preview\NPUDetect.dll
2026-09-27T19:48:13.2189642Z    Compressing: \\?\D:\a\wootc\wootc\out\branded-preview\onnxruntime.dll
2026-09-27T19:48:16.7006864Z    Compressing: \\?\D:\a\wootc\wootc\out\branded-preview\PerceptiveStreaming.dll
2026-09-27T19:48:17.2702654Z    Compressing: \\?\D:\a\wootc\wootc\out\branded-preview\PushNotificationsLongRunningTask.ProxyStub.dll
2026-09-27T19:48:17.2708187Z    Compressing: \\?\D:\a\wootc\wootc\out\branded-preview\RestartAgent.exe
2026-09-27T19:48:17.2721821Z    Compressing: \\?\D:\a\wootc\wootc\out\branded-preview\SessionHandleIPCProxyStub.dll
2026-09-27T19:48:17.2727761Z    Compressing: \\?\D:\a\wootc\wootc\out\branded-preview\System.AppContext.dll
2026-09-27T19:48:17.2731808Z    Compressing: \\?\D:\a\wootc\wootc\out\branded-preview\System.Buffers.dll
2026-09-27T19:48:17.2738392Z    Compressing: \\?\D:\a\wootc\wootc\out\branded-preview\System.Collections.Concurrent.dll
2026-09-27T19:48:17.2778782Z    Compressing: \\?\D:\a\wootc\wootc\out\branded-preview\System.Collections.dll
2026-09-27T19:48:17.2820435Z    Compressing: \\?\D:\a\wootc\wootc\out\branded-preview\System.Collections.Immutable.dll
2026-09-27T19:48:17.2903253Z    Compressing: \\?\D:\a\wootc\wootc\out\branded-preview\System.Collections.NonGeneric.dll
2026-09-27T19:48:17.2913998Z    Compressing: \\?\D:\a\wootc\wootc\out\branded-preview\System.Collections.Specialized.dll
2026-09-27T19:48:17.2924599Z    Compressing: \\?\D:\a\wootc\wootc\out\branded-preview\System.ComponentModel.Annotations.dll
2026-09-27T19:48:17.2944469Z    Compressing: \\?\D:\a\wootc\wootc\out\branded-preview\System.ComponentModel.DataAnnotations.dll
2026-09-27T19:48:17.2947643Z    Compressing: \\?\D:\a\wootc\wootc\out\branded-preview\System.ComponentModel.dll
2026-09-27T19:48:17.2953453Z    Compressing: \\?\D:\a\wootc\wootc\out\branded-preview\System.ComponentModel.EventBasedAsync.dll
2026-09-27T19:48:17.2961246Z    Compressing: \\?\D:\a\wootc\wootc\out\branded-preview\System.ComponentModel.Primitives.dll
2026-09-27T19:48:17.2974723Z    Compressing: \\?\D:\a\wootc\wootc\out\branded-preview\System.ComponentModel.TypeConverter.dll
2026-09-27T19:48:17.3058066Z    Compressing: \\?\D:\a\wootc\wootc\out\branded-preview\System.Configuration.dll
2026-09-27T19:48:17.3060400Z    Compressing: \\?\D:\a\wootc\wootc\out\branded-preview\System.Console.dll
2026-09-27T19:48:17.3077108Z    Compressing: \\?\D:\a\wootc\wootc\out\branded-preview\System.Core.dll
2026-09-27T19:48:17.3079796Z    Compressing: \\?\D:\a\wootc\wootc\out\branded-preview\System.Data.Common.dll
2026-09-27T19:48:17.8419326Z    Compressing: \\?\D:\a\wootc\wootc\out\branded-preview\System.Data.DataSetExtensions.dll
2026-09-27T19:48:17.8421236Z    Compressing: \\?\D:\a\wootc\wootc\out\branded-preview\System.Data.dll
2026-09-27T19:48:17.8424494Z    Compressing: \\?\D:\a\wootc\wootc\out\branded-preview\System.Diagnostics.Contracts.dll
2026-09-27T19:48:17.8426750Z    Compressing: \\?\D:\a\wootc\wootc\out\branded-preview\System.Diagnostics.Debug.dll
2026-09-27T19:48:17.8429092Z    Compressing: \\?\D:\a\wootc\wootc\out\branded-preview\System.Diagnostics.DiagnosticSource.dll
2026-09-27T19:48:17.8468135Z    Compressing: \\?\D:\a\wootc\wootc\out\branded-preview\System.Diagnostics.FileVersionInfo.dll
2026-09-27T19:48:17.8473188Z    Compressing: \\?\D:\a\wootc\wootc\out\branded-preview\System.Diagnostics.Process.dll
2026-09-27T19:48:17.8505376Z    Compressing: \\?\D:\a\wootc\wootc\out\branded-preview\System.Diagnostics.StackTrace.dll
2026-09-27T19:48:17.8510714Z    Compressing: \\?\D:\a\wootc\wootc\out\branded-preview\System.Diagnostics.TextWriterTraceListener.dll
2026-09-27T19:48:17.8517891Z    Compressing: \\?\D:\a\wootc\wootc\out\branded-preview\System.Diagnostics.Tools.dll
2026-09-27T19:48:17.8520150Z    Compressing: \\?\D:\a\wootc\wootc\out\branded-preview\System.Diagnostics.TraceSource.dll
2026-09-27T19:48:17.8534448Z    Compressing: \\?\D:\a\wootc\wootc\out\branded-preview\System.Diagnostics.Tracing.dll
2026-09-27T19:48:17.8536729Z    Compressing: \\?\D:\a\wootc\wootc\out\branded-preview\System.dll
2026-09-27T19:48:17.8542143Z    Compressing: \\?\D:\a\wootc\wootc\out\branded-preview\System.Drawing.dll
2026-09-27T19:48:17.8544919Z    Compressing: \\?\D:\a\wootc\wootc\out\branded-preview\System.Drawing.Primitives.dll
2026-09-27T19:48:17.8558062Z    Compressing: \\?\D:\a\wootc\wootc\out\branded-preview\System.Dynamic.Runtime.dll
2026-09-27T19:48:17.8560304Z    Compressing: \\?\D:\a\wootc\wootc\out\branded-preview\System.Formats.Asn1.dll
2026-09-27T19:48:17.8583556Z    Compressing: \\?\D:\a\wootc\wootc\out\branded-preview\System.Formats.Tar.dll
2026-09-27T19:48:17.8610015Z    Compressing: \\?\D:\a\wootc\wootc\out\branded-preview\System.Globalization.Calendars.dll
2026-09-27T19:48:17.8612341Z    Compressing: \\?\D:\a\wootc\wootc\out\branded-preview\System.Globalization.dll
2026-09-27T19:48:17.8614625Z    Compressing: \\?\D:\a\wootc\wootc\out\branded-preview\System.Globalization.Extensions.dll
2026-09-27T19:48:17.8616858Z    Compressing: \\?\D:\a\wootc\wootc\out\branded-preview\System.IO.Compression.Brotli.dll
2026-09-27T19:48:17.8625149Z    Compressing: \\?\D:\a\wootc\wootc\out\branded-preview\System.IO.Compression.dll
2026-09-27T19:48:17.8650484Z    Compressing: \\?\D:\a\wootc\wootc\out\branded-preview\System.IO.Compression.FileSystem.dll
2026-09-27T19:48:17.8652660Z    Compressing: \\?\D:\a\wootc\wootc\out\branded-preview\System.IO.Compression.Native.dll
2026-09-27T19:48:17.8729750Z    Compressing: \\?\D:\a\wootc\wootc\out\branded-preview\System.IO.Compression.ZipFile.dll
2026-09-27T19:48:17.8736151Z    Compressing: \\?\D:\a\wootc\wootc\out\branded-preview\System.IO.dll
2026-09-27T19:48:17.8738741Z    Compressing: \\?\D:\a\wootc\wootc\out\branded-preview\System.IO.FileSystem.AccessControl.dll
2026-09-27T19:48:17.8752698Z    Compressing: \\?\D:\a\wootc\wootc\out\branded-preview\System.IO.FileSystem.dll
2026-09-27T19:48:17.8756416Z    Compressing: \\?\D:\a\wootc\wootc\out\branded-preview\System.IO.FileSystem.DriveInfo.dll
2026-09-27T19:48:17.8765735Z    Compressing: \\?\D:\a\wootc\wootc\out\branded-preview\System.IO.FileSystem.Primitives.dll
2026-09-27T19:48:17.8768645Z    Compressing: \\?\D:\a\wootc\wootc\out\branded-preview\System.IO.FileSystem.Watcher.dll
2026-09-27T19:48:17.8782678Z    Compressing: \\?\D:\a\wootc\wootc\out\branded-preview\System.IO.IsolatedStorage.dll
2026-09-27T19:48:17.8797557Z    Compressing: \\?\D:\a\wootc\wootc\out\branded-preview\System.IO.MemoryMappedFiles.dll
2026-09-27T19:48:17.8810976Z    Compressing: \\?\D:\a\wootc\wootc\out\branded-preview\System.IO.Pipes.AccessControl.dll
2026-09-27T19:48:17.8813887Z    Compressing: \\?\D:\a\wootc\wootc\out\branded-preview\System.IO.Pipes.dll
2026-09-27T19:48:18.5046664Z    Compressing: \\?\D:\a\wootc\wootc\out\branded-preview\System.IO.UnmanagedMemoryStream.dll
2026-09-27T19:48:18.5048870Z    Compressing: \\?\D:\a\wootc\wootc\out\branded-preview\System.Linq.dll
2026-09-27T19:48:18.5123763Z    Compressing: \\?\D:\a\wootc\wootc\out\branded-preview\System.Linq.Expressions.dll
2026-09-27T19:48:18.5471017Z    Compressing: \\?\D:\a\wootc\wootc\out\branded-preview\System.Linq.Parallel.dll
2026-09-27T19:48:19.2220635Z    Compressing: \\?\D:\a\wootc\wootc\out\branded-preview\System.Linq.Queryable.dll
2026-09-27T19:48:19.2237422Z    Compressing: \\?\D:\a\wootc\wootc\out\branded-preview\System.Memory.dll
2026-09-27T19:48:19.2252979Z    Compressing: \\?\D:\a\wootc\wootc\out\branded-preview\System.Net.dll
2026-09-27T19:48:19.2255474Z    Compressing: \\?\D:\a\wootc\wootc\out\branded-preview\System.Net.Http.dll
2026-09-27T19:48:19.2418383Z    Compressing: \\?\D:\a\wootc\wootc\out\branded-preview\System.Net.Http.Json.dll
2026-09-27T19:48:19.2431348Z    Compressing: \\?\D:\a\wootc\wootc\out\branded-preview\System.Net.HttpListener.dll
2026-09-27T19:48:19.2483252Z    Compressing: \\?\D:\a\wootc\wootc\out\branded-preview\System.Net.Mail.dll
2026-09-27T19:48:19.2523949Z    Compressing: \\?\D:\a\wootc\wootc\out\branded-preview\System.Net.NameResolution.dll
2026-09-27T19:48:19.2535087Z    Compressing: \\?\D:\a\wootc\wootc\out\branded-preview\System.Net.NetworkInformation.dll
2026-09-27T19:48:19.2550410Z    Compressing: \\?\D:\a\wootc\wootc\out\branded-preview\System.Net.Ping.dll
2026-09-27T19:48:19.2560076Z    Compressing: \\?\D:\a\wootc\wootc\out\branded-preview\System.Net.Primitives.dll
2026-09-27T19:48:19.2582223Z    Compressing: \\?\D:\a\wootc\wootc\out\branded-preview\System.Net.Quic.dll
2026-09-27T19:48:19.2612141Z    Compressing: \\?\D:\a\wootc\wootc\out\branded-preview\System.Net.Requests.dll
2026-09-27T19:48:19.2655347Z    Compressing: \\?\D:\a\wootc\wootc\out\branded-preview\System.Net.Security.dll
2026-09-27T19:48:19.8189331Z    Compressing: \\?\D:\a\wootc\wootc\out\branded-preview\System.Net.ServicePoint.dll
2026-09-27T19:48:19.8197451Z    Compressing: \\?\D:\a\wootc\wootc\out\branded-preview\System.Net.Sockets.dll
2026-09-27T19:48:19.8283279Z    Compressing: \\?\D:\a\wootc\wootc\out\branded-preview\System.Net.WebClient.dll
2026-09-27T19:48:19.8308422Z    Compressing: \\?\D:\a\wootc\wootc\out\branded-preview\System.Net.WebHeaderCollection.dll
2026-09-27T19:48:19.8319503Z    Compressing: \\?\D:\a\wootc\wootc\out\branded-preview\System.Net.WebProxy.dll
2026-09-27T19:48:19.8328159Z    Compressing: \\?\D:\a\wootc\wootc\out\branded-preview\System.Net.WebSockets.Client.dll
2026-09-27T19:48:19.8344308Z    Compressing: \\?\D:\a\wootc\wootc\out\branded-preview\System.Net.WebSockets.dll
2026-09-27T19:48:19.8374726Z    Compressing: \\?\D:\a\wootc\wootc\out\branded-preview\System.Numerics.dll
2026-09-27T19:48:19.8377810Z    Compressing: \\?\D:\a\wootc\wootc\out\branded-preview\System.Numerics.Tensors.dll
2026-09-27T19:48:19.8439558Z    Compressing: \\?\D:\a\wootc\wootc\out\branded-preview\System.Numerics.Vectors.dll
2026-09-27T19:48:19.8441750Z    Compressing: \\?\D:\a\wootc\wootc\out\branded-preview\System.ObjectModel.dll
2026-09-27T19:48:19.8450212Z    Compressing: \\?\D:\a\wootc\wootc\out\branded-preview\System.Private.CoreLib.dll
2026-09-27T19:48:21.8617714Z    Compressing: \\?\D:\a\wootc\wootc\out\branded-preview\System.Private.DataContractSerialization.dll
2026-09-27T19:48:21.8811219Z    Compressing: \\?\D:\a\wootc\wootc\out\branded-preview\System.Private.Uri.dll
2026-09-27T19:48:21.8835964Z    Compressing: \\?\D:\a\wootc\wootc\out\branded-preview\System.Private.Xml.dll
2026-09-27T19:48:23.1254485Z    Compressing: \\?\D:\a\wootc\wootc\out\branded-preview\System.Private.Xml.Linq.dll
2026-09-27T19:48:23.1305307Z    Compressing: \\?\D:\a\wootc\wootc\out\branded-preview\System.Reflection.DispatchProxy.dll
2026-09-27T19:48:23.1315525Z    Compressing: \\?\D:\a\wootc\wootc\out\branded-preview\System.Reflection.dll
2026-09-27T19:48:23.1318473Z    Compressing: \\?\D:\a\wootc\wootc\out\branded-preview\System.Reflection.Emit.dll
2026-09-27T19:48:23.1337651Z    Compressing: \\?\D:\a\wootc\wootc\out\branded-preview\System.Reflection.Emit.ILGeneration.dll
2026-09-27T19:48:23.1340607Z    Compressing: \\?\D:\a\wootc\wootc\out\branded-preview\System.Reflection.Emit.Lightweight.dll
2026-09-27T19:48:23.1343751Z    Compressing: \\?\D:\a\wootc\wootc\out\branded-preview\System.Reflection.Extensions.dll
2026-09-27T19:48:23.1346360Z    Compressing: \\?\D:\a\wootc\wootc\out\branded-preview\System.Reflection.Metadata.dll
2026-09-27T19:48:23.1466915Z    Compressing: \\?\D:\a\wootc\wootc\out\branded-preview\System.Reflection.Primitives.dll
2026-09-27T19:48:23.1469453Z    Compressing: \\?\D:\a\wootc\wootc\out\branded-preview\System.Reflection.TypeExtensions.dll
2026-09-27T19:48:23.1474106Z    Compressing: \\?\D:\a\wootc\wootc\out\branded-preview\System.Resources.Reader.dll
2026-09-27T19:48:23.1476672Z    Compressing: \\?\D:\a\wootc\wootc\out\branded-preview\System.Resources.ResourceManager.dll
2026-09-27T19:48:23.1479174Z    Compressing: \\?\D:\a\wootc\wootc\out\branded-preview\System.Resources.Writer.dll
2026-09-27T19:48:23.1485157Z    Compressing: \\?\D:\a\wootc\wootc\out\branded-preview\System.Runtime.CompilerServices.Unsafe.dll
2026-09-27T19:48:23.1487454Z    Compressing: \\?\D:\a\wootc\wootc\out\branded-preview\System.Runtime.CompilerServices.VisualC.dll
2026-09-27T19:48:23.1490918Z    Compressing: \\?\D:\a\wootc\wootc\out\branded-preview\System.Runtime.dll
2026-09-27T19:48:23.1496017Z    Compressing: \\?\D:\a\wootc\wootc\out\branded-preview\System.Runtime.Extensions.dll
2026-09-27T19:48:23.1498515Z    Compressing: \\?\D:\a\wootc\wootc\out\branded-preview\System.Runtime.Handles.dll
2026-09-27T19:48:23.1501385Z    Compressing: \\?\D:\a\wootc\wootc\out\branded-preview\System.Runtime.InteropServices.dll
2026-09-27T19:48:23.1511409Z    Compressing: \\?\D:\a\wootc\wootc\out\branded-preview\System.Runtime.InteropServices.JavaScript.dll
2026-09-27T19:48:23.1517216Z    Compressing: \\?\D:\a\wootc\wootc\out\branded-preview\System.Runtime.InteropServices.RuntimeInformation.dll
2026-09-27T19:48:23.1520778Z    Compressing: \\?\D:\a\wootc\wootc\out\branded-preview\System.Runtime.Intrinsics.dll
2026-09-27T19:48:23.1522152Z    Compressing: \\?\D:\a\wootc\wootc\out\branded-preview\System.Runtime.Loader.dll
2026-09-27T19:48:23.1525057Z    Compressing: \\?\D:\a\wootc\wootc\out\branded-preview\System.Runtime.Numerics.dll
2026-09-27T19:48:23.1574288Z    Compressing: \\?\D:\a\wootc\wootc\out\branded-preview\System.Runtime.Serialization.dll
2026-09-27T19:48:23.1577279Z    Compressing: \\?\D:\a\wootc\wootc\out\branded-preview\System.Runtime.Serialization.Formatters.dll
2026-09-27T19:48:23.1607574Z    Compressing: \\?\D:\a\wootc\wootc\out\branded-preview\System.Runtime.Serialization.Json.dll
2026-09-27T19:48:23.1610243Z    Compressing: \\?\D:\a\wootc\wootc\out\branded-preview\System.Runtime.Serialization.Primitives.dll
2026-09-27T19:48:23.1614514Z    Compressing: \\?\D:\a\wootc\wootc\out\branded-preview\System.Runtime.Serialization.Xml.dll
2026-09-27T19:48:23.1617124Z    Compressing: \\?\D:\a\wootc\wootc\out\branded-preview\System.Security.AccessControl.dll
2026-09-27T19:48:23.1640242Z    Compressing: \\?\D:\a\wootc\wootc\out\branded-preview\System.Security.Claims.dll
2026-09-27T19:48:23.1650522Z    Compressing: \\?\D:\a\wootc\wootc\out\branded-preview\System.Security.Cryptography.Algorithms.dll
2026-09-27T19:48:23.1652922Z    Compressing: \\?\D:\a\wootc\wootc\out\branded-preview\System.Security.Cryptography.Cng.dll
2026-09-27T19:48:23.1655336Z    Compressing: \\?\D:\a\wootc\wootc\out\branded-preview\System.Security.Cryptography.Csp.dll
2026-09-27T19:48:23.1657833Z    Compressing: \\?\D:\a\wootc\wootc\out\branded-preview\System.Security.Cryptography.dll
2026-09-27T19:48:23.7356665Z    Compressing: \\?\D:\a\wootc\wootc\out\branded-preview\System.Security.Cryptography.Encoding.dll
2026-09-27T19:48:23.7359590Z    Compressing: \\?\D:\a\wootc\wootc\out\branded-preview\System.Security.Cryptography.OpenSsl.dll
2026-09-27T19:48:23.7363196Z    Compressing: \\?\D:\a\wootc\wootc\out\branded-preview\System.Security.Cryptography.Primitives.dll
2026-09-27T19:48:23.7366133Z    Compressing: \\?\D:\a\wootc\wootc\out\branded-preview\System.Security.Cryptography.X509Certificates.dll
2026-09-27T19:48:23.7369249Z    Compressing: \\?\D:\a\wootc\wootc\out\branded-preview\System.Security.dll
2026-09-27T19:48:23.7372880Z    Compressing: \\?\D:\a\wootc\wootc\out\branded-preview\System.Security.Principal.dll
2026-09-27T19:48:23.7375944Z    Compressing: \\?\D:\a\wootc\wootc\out\branded-preview\System.Security.Principal.Windows.dll
2026-09-27T19:48:23.7406064Z    Compressing: \\?\D:\a\wootc\wootc\out\branded-preview\System.Security.SecureString.dll
2026-09-27T19:48:23.7409049Z    Compressing: \\?\D:\a\wootc\wootc\out\branded-preview\System.ServiceModel.Web.dll
2026-09-27T19:48:23.7412349Z    Compressing: \\?\D:\a\wootc\wootc\out\branded-preview\System.ServiceProcess.dll
2026-09-27T19:48:23.7415572Z    Compressing: \\?\D:\a\wootc\wootc\out\branded-preview\System.Text.Encoding.CodePages.dll
2026-09-27T19:48:23.7501773Z    Compressing: \\?\D:\a\wootc\wootc\out\branded-preview\System.Text.Encoding.dll
2026-09-27T19:48:23.7504158Z    Compressing: \\?\D:\a\wootc\wootc\out\branded-preview\System.Text.Encoding.Extensions.dll
2026-09-27T19:48:23.7506318Z    Compressing: \\?\D:\a\wootc\wootc\out\branded-preview\System.Text.Encodings.Web.dll
2026-09-27T19:48:23.7519463Z    Compressing: \\?\D:\a\wootc\wootc\out\branded-preview\System.Text.Json.dll
2026-09-27T19:48:23.7658841Z    Compressing: \\?\D:\a\wootc\wootc\out\branded-preview\System.Text.RegularExpressions.dll
2026-09-27T19:48:23.7767008Z    Compressing: \\?\D:\a\wootc\wootc\out\branded-preview\System.Threading.Channels.dll
2026-09-27T19:48:23.7788410Z    Compressing: \\?\D:\a\wootc\wootc\out\branded-preview\System.Threading.dll
2026-09-27T19:48:24.3312000Z    Compressing: \\?\D:\a\wootc\wootc\out\branded-preview\System.Threading.Overlapped.dll
2026-09-27T19:48:24.3314741Z    Compressing: \\?\D:\a\wootc\wootc\out\branded-preview\System.Threading.Tasks.Dataflow.dll
2026-09-27T19:48:24.3360616Z    Compressing: \\?\D:\a\wootc\wootc\out\branded-preview\System.Threading.Tasks.dll
2026-09-27T19:48:24.3362742Z    Compressing: \\?\D:\a\wootc\wootc\out\branded-preview\System.Threading.Tasks.Extensions.dll
2026-09-27T19:48:24.3364671Z    Compressing: \\?\D:\a\wootc\wootc\out\branded-preview\System.Threading.Tasks.Parallel.dll
2026-09-27T19:48:24.3377579Z    Compressing: \\?\D:\a\wootc\wootc\out\branded-preview\System.Threading.Thread.dll
2026-09-27T19:48:24.3379624Z    Compressing: \\?\D:\a\wootc\wootc\out\branded-preview\System.Threading.ThreadPool.dll
2026-09-27T19:48:24.3381564Z    Compressing: \\?\D:\a\wootc\wootc\out\branded-preview\System.Threading.Timer.dll
2026-09-27T19:48:24.3383497Z    Compressing: \\?\D:\a\wootc\wootc\out\branded-preview\System.Transactions.dll
2026-09-27T19:48:24.3385444Z    Compressing: \\?\D:\a\wootc\wootc\out\branded-preview\System.Transactions.Local.dll
2026-09-27T19:48:24.3454467Z    Compressing: \\?\D:\a\wootc\wootc\out\branded-preview\System.ValueTuple.dll
2026-09-27T19:48:24.3456435Z    Compressing: \\?\D:\a\wootc\wootc\out\branded-preview\System.Web.dll
2026-09-27T19:48:24.3458396Z    Compressing: \\?\D:\a\wootc\wootc\out\branded-preview\System.Web.HttpUtility.dll
2026-09-27T19:48:24.3464136Z    Compressing: \\?\D:\a\wootc\wootc\out\branded-preview\System.Windows.dll
2026-09-27T19:48:24.3466103Z    Compressing: \\?\D:\a\wootc\wootc\out\branded-preview\System.Xml.dll
2026-09-27T19:48:24.3468706Z    Compressing: \\?\D:\a\wootc\wootc\out\branded-preview\System.Xml.Linq.dll
2026-09-27T19:48:24.3470754Z    Compressing: \\?\D:\a\wootc\wootc\out\branded-preview\System.Xml.ReaderWriter.dll
2026-09-27T19:48:24.3473489Z    Compressing: \\?\D:\a\wootc\wootc\out\branded-preview\System.Xml.Serialization.dll
2026-09-27T19:48:24.3475699Z    Compressing: \\?\D:\a\wootc\wootc\out\branded-preview\System.Xml.XDocument.dll
2026-09-27T19:48:24.3477642Z    Compressing: \\?\D:\a\wootc\wootc\out\branded-preview\System.Xml.XmlDocument.dll
2026-09-27T19:48:24.3479781Z    Compressing: \\?\D:\a\wootc\wootc\out\branded-preview\System.Xml.XmlSerializer.dll
2026-09-27T19:48:24.3482186Z    Compressing: \\?\D:\a\wootc\wootc\out\branded-preview\System.Xml.XPath.dll
2026-09-27T19:48:24.3484164Z    Compressing: \\?\D:\a\wootc\wootc\out\branded-preview\System.Xml.XPath.XDocument.dll
2026-09-27T19:48:24.3487407Z    Compressing: \\?\D:\a\wootc\wootc\out\branded-preview\WebView2Loader.dll
2026-09-27T19:48:24.3503084Z    Compressing: \\?\D:\a\wootc\wootc\out\branded-preview\WindowsBase.dll
2026-09-27T19:48:24.3505078Z    Compressing: \\?\D:\a\wootc\wootc\out\branded-preview\WinRT.Runtime.dll
2026-09-27T19:48:24.3554954Z    Compressing: \\?\D:\a\wootc\wootc\out\branded-preview\WinUIEdit.dll
2026-09-27T19:48:25.0030920Z    Compressing: \\?\D:\a\wootc\wootc\out\branded-preview\wootc-engine.exe
2026-09-27T19:48:26.5282926Z    Compressing: \\?\D:\a\wootc\wootc\out\branded-preview\Wootc.Shell.Core.dll
2026-09-27T19:48:26.5291046Z    Compressing: \\?\D:\a\wootc\wootc\out\branded-preview\Wootc.Shell.Core.pdb
2026-09-27T19:48:26.5294356Z    Compressing: \\?\D:\a\wootc\wootc\out\branded-preview\Wootc.Shell.deps.json
2026-09-27T19:48:26.5298798Z    Compressing: \\?\D:\a\wootc\wootc\out\branded-preview\Wootc.Shell.dll
2026-09-27T19:48:26.5318127Z    Compressing: \\?\D:\a\wootc\wootc\out\branded-preview\Wootc.Shell.exe
2026-09-27T19:48:26.5346636Z    Compressing: \\?\D:\a\wootc\wootc\out\branded-preview\Wootc.Shell.Native.dll
2026-09-27T19:48:26.5353104Z    Compressing: \\?\D:\a\wootc\wootc\out\branded-preview\Wootc.Shell.Native.pdb
2026-09-27T19:48:26.5355805Z    Compressing: \\?\D:\a\wootc\wootc\out\branded-preview\Wootc.Shell.pdb
2026-09-27T19:48:26.5359138Z    Compressing: \\?\D:\a\wootc\wootc\out\branded-preview\Wootc.Shell.pri
2026-09-27T19:48:26.9696409Z    Compressing: \\?\D:\a\wootc\wootc\out\branded-preview\Wootc.Shell.runtimeconfig.json
2026-09-27T19:48:26.9697368Z    Compressing: \\?\D:\a\wootc\wootc\out\branded-preview\workloads.365.json
2026-09-27T19:48:26.9699684Z    Compressing: \\?\D:\a\wootc\wootc\out\branded-preview\workloads.j32.json
2026-09-27T19:48:26.9701390Z    Compressing: \\?\D:\a\wootc\wootc\out\branded-preview\workloads.json
2026-09-27T19:48:26.9702996Z    Compressing: \\?\D:\a\wootc\wootc\out\branded-preview\workloads.lnl.json
2026-09-27T19:48:26.9705168Z    Compressing: \\?\D:\a\wootc\wootc\out\branded-preview\workloads.qnn.json
2026-09-27T19:48:26.9707456Z    Compressing: \\?\D:\a\wootc\wootc\out\branded-preview\workloads.stx.json
2026-09-27T19:48:26.9709643Z    Compressing: \\?\D:\a\wootc\wootc\out\branded-preview\wuceffectsi.dll
2026-09-27T19:48:26.9756907Z    Compressing: \\?\D:\a\wootc\wootc\out\branded-preview\af-ZA\Microsoft.ui.xaml.dll.mui
2026-09-27T19:48:26.9760623Z    Compressing: \\?\D:\a\wootc\wootc\out\branded-preview\af-ZA\Microsoft.UI.Xaml.Phone.dll.mui
2026-09-27T19:48:26.9762571Z    Compressing: \\?\D:\a\wootc\wootc\out\branded-preview\am-ET\Microsoft.ui.xaml.dll.mui
2026-09-27T19:48:26.9765686Z    Compressing: \\?\D:\a\wootc\wootc\out\branded-preview\am-ET\Microsoft.UI.Xaml.Phone.dll.mui
2026-09-27T19:48:26.9767785Z    Compressing: \\?\D:\a\wootc\wootc\out\branded-preview\ar-SA\Microsoft.ui.xaml.dll.mui
2026-09-27T19:48:26.9771018Z    Compressing: \\?\D:\a\wootc\wootc\out\branded-preview\ar-SA\Microsoft.UI.Xaml.Phone.dll.mui
2026-09-27T19:48:26.9773075Z    Compressing: \\?\D:\a\wootc\wootc\out\branded-preview\as-IN\Microsoft.ui.xaml.dll.mui
2026-09-27T19:48:26.9776388Z    Compressing: \\?\D:\a\wootc\wootc\out\branded-preview\as-IN\Microsoft.UI.Xaml.Phone.dll.mui
2026-09-27T19:48:26.9778730Z    Compressing: \\?\D:\a\wootc\wootc\out\branded-preview\az-Latn-AZ\Microsoft.ui.xaml.dll.mui
2026-09-27T19:48:26.9782111Z    Compressing: \\?\D:\a\wootc\wootc\out\branded-preview\az-Latn-AZ\Microsoft.UI.Xaml.Phone.dll.mui
2026-09-27T19:48:26.9784291Z    Compressing: \\?\D:\a\wootc\wootc\out\branded-preview\bg-BG\Microsoft.ui.xaml.dll.mui
2026-09-27T19:48:26.9787746Z    Compressing: \\?\D:\a\wootc\wootc\out\branded-preview\bg-BG\Microsoft.UI.Xaml.Phone.dll.mui
2026-09-27T19:48:26.9789804Z    Compressing: \\?\D:\a\wootc\wootc\out\branded-preview\bn-IN\Microsoft.ui.xaml.dll.mui
2026-09-27T19:48:26.9793231Z    Compressing: \\?\D:\a\wootc\wootc\out\branded-preview\bn-IN\Microsoft.UI.Xaml.Phone.dll.mui
2026-09-27T19:48:26.9795314Z    Compressing: \\?\D:\a\wootc\wootc\out\branded-preview\Branding\brand.json
2026-09-27T19:48:26.9796244Z    Compressing: \\?\D:\a\wootc\wootc\out\branded-preview\bs-Latn-BA\Microsoft.ui.xaml.dll.mui
2026-09-27T19:48:26.9800124Z    Compressing: \\?\D:\a\wootc\wootc\out\branded-preview\bs-Latn-BA\Microsoft.UI.Xaml.Phone.dll.mui
2026-09-27T19:48:26.9802181Z    Compressing: \\?\D:\a\wootc\wootc\out\branded-preview\ca-ES\Microsoft.ui.xaml.dll.mui
2026-09-27T19:48:26.9805538Z    Compressing: \\?\D:\a\wootc\wootc\out\branded-preview\ca-ES\Microsoft.UI.Xaml.Phone.dll.mui
2026-09-27T19:48:26.9807598Z    Compressing: \\?\D:\a\wootc\wootc\out\branded-preview\ca-Es-VALENCIA\Microsoft.ui.xaml.dll.mui
2026-09-27T19:48:26.9811183Z    Compressing: \\?\D:\a\wootc\wootc\out\branded-preview\ca-Es-VALENCIA\Microsoft.UI.Xaml.Phone.dll.mui
2026-09-27T19:48:26.9813324Z    Compressing: \\?\D:\a\wootc\wootc\out\branded-preview\cs-CZ\Microsoft.ui.xaml.dll.mui
2026-09-27T19:48:26.9816540Z    Compressing: \\?\D:\a\wootc\wootc\out\branded-preview\cs-CZ\Microsoft.UI.Xaml.Phone.dll.mui
2026-09-27T19:48:26.9818877Z    Compressing: \\?\D:\a\wootc\wootc\out\branded-preview\cy-GB\Microsoft.ui.xaml.dll.mui
2026-09-27T19:48:26.9822416Z    Compressing: \\?\D:\a\wootc\wootc\out\branded-preview\cy-GB\Microsoft.UI.Xaml.Phone.dll.mui
2026-09-27T19:48:26.9824473Z    Compressing: \\?\D:\a\wootc\wootc\out\branded-preview\da-DK\Microsoft.ui.xaml.dll.mui
2026-09-27T19:48:26.9827801Z    Compressing: \\?\D:\a\wootc\wootc\out\branded-preview\da-DK\Microsoft.UI.Xaml.Phone.dll.mui
2026-09-27T19:48:26.9829833Z    Compressing: \\?\D:\a\wootc\wootc\out\branded-preview\de-DE\Microsoft.ui.xaml.dll.mui
2026-09-27T19:48:26.9833397Z    Compressing: \\?\D:\a\wootc\wootc\out\branded-preview\de-DE\Microsoft.UI.Xaml.Phone.dll.mui
2026-09-27T19:48:26.9835786Z    Compressing: \\?\D:\a\wootc\wootc\out\branded-preview\el-GR\Microsoft.ui.xaml.dll.mui
2026-09-27T19:48:26.9839829Z    Compressing: \\?\D:\a\wootc\wootc\out\branded-preview\el-GR\Microsoft.UI.Xaml.Phone.dll.mui
2026-09-27T19:48:26.9841901Z    Compressing: \\?\D:\a\wootc\wootc\out\branded-preview\en-GB\Microsoft.ui.xaml.dll.mui
2026-09-27T19:48:26.9844975Z    Compressing: \\?\D:\a\wootc\wootc\out\branded-preview\en-GB\Microsoft.UI.Xaml.Phone.dll.mui
2026-09-27T19:48:26.9847177Z    Compressing: \\?\D:\a\wootc\wootc\out\branded-preview\en-us\Microsoft.ui.xaml.dll.mui
2026-09-27T19:48:26.9850466Z    Compressing: \\?\D:\a\wootc\wootc\out\branded-preview\en-us\Microsoft.UI.Xaml.Phone.dll.mui
2026-09-27T19:48:26.9852380Z    Compressing: \\?\D:\a\wootc\wootc\out\branded-preview\es-ES\Microsoft.ui.xaml.dll.mui
2026-09-27T19:48:26.9855685Z    Compressing: \\?\D:\a\wootc\wootc\out\branded-preview\es-ES\Microsoft.UI.Xaml.Phone.dll.mui
2026-09-27T19:48:26.9858389Z    Compressing: \\?\D:\a\wootc\wootc\out\branded-preview\es-MX\Microsoft.ui.xaml.dll.mui
2026-09-27T19:48:26.9861530Z    Compressing: \\?\D:\a\wootc\wootc\out\branded-preview\es-MX\Microsoft.UI.Xaml.Phone.dll.mui
2026-09-27T19:48:26.9863578Z    Compressing: \\?\D:\a\wootc\wootc\out\branded-preview\et-EE\Microsoft.ui.xaml.dll.mui
2026-09-27T19:48:26.9866958Z    Compressing: \\?\D:\a\wootc\wootc\out\branded-preview\et-EE\Microsoft.UI.Xaml.Phone.dll.mui
2026-09-27T19:48:26.9868954Z    Compressing: \\?\D:\a\wootc\wootc\out\branded-preview\eu-ES\Microsoft.ui.xaml.dll.mui
2026-09-27T19:48:26.9872328Z    Compressing: \\?\D:\a\wootc\wootc\out\branded-preview\eu-ES\Microsoft.UI.Xaml.Phone.dll.mui
2026-09-27T19:48:26.9874442Z    Compressing: \\?\D:\a\wootc\wootc\out\branded-preview\fa-IR\Microsoft.ui.xaml.dll.mui
2026-09-27T19:48:26.9886690Z    Compressing: \\?\D:\a\wootc\wootc\out\branded-preview\fa-IR\Microsoft.UI.Xaml.Phone.dll.mui
2026-09-27T19:48:26.9887918Z    Compressing: \\?\D:\a\wootc\wootc\out\branded-preview\fi-FI\Microsoft.ui.xaml.dll.mui
2026-09-27T19:48:26.9889109Z    Compressing: \\?\D:\a\wootc\wootc\out\branded-preview\fi-FI\Microsoft.UI.Xaml.Phone.dll.mui
2026-09-27T19:48:26.9890315Z    Compressing: \\?\D:\a\wootc\wootc\out\branded-preview\fil-PH\Microsoft.ui.xaml.dll.mui
2026-09-27T19:48:26.9891537Z    Compressing: \\?\D:\a\wootc\wootc\out\branded-preview\fil-PH\Microsoft.UI.Xaml.Phone.dll.mui
2026-09-27T19:48:26.9893083Z    Compressing: \\?\D:\a\wootc\wootc\out\branded-preview\fr-CA\Microsoft.ui.xaml.dll.mui
2026-09-27T19:48:26.9896389Z    Compressing: \\?\D:\a\wootc\wootc\out\branded-preview\fr-CA\Microsoft.UI.Xaml.Phone.dll.mui
2026-09-27T19:48:26.9898940Z    Compressing: \\?\D:\a\wootc\wootc\out\branded-preview\fr-FR\Microsoft.ui.xaml.dll.mui
2026-09-27T19:48:26.9902187Z    Compressing: \\?\D:\a\wootc\wootc\out\branded-preview\fr-FR\Microsoft.UI.Xaml.Phone.dll.mui
2026-09-27T19:48:26.9904340Z    Compressing: \\?\D:\a\wootc\wootc\out\branded-preview\ga-IE\Microsoft.ui.xaml.dll.mui
2026-09-27T19:48:26.9907502Z    Compressing: \\?\D:\a\wootc\wootc\out\branded-preview\ga-IE\Microsoft.UI.Xaml.Phone.dll.mui
2026-09-27T19:48:26.9909672Z    Compressing: \\?\D:\a\wootc\wootc\out\branded-preview\gd-gb\Microsoft.ui.xaml.dll.mui
2026-09-27T19:48:26.9913048Z    Compressing: \\?\D:\a\wootc\wootc\out\branded-preview\gd-gb\Microsoft.UI.Xaml.Phone.dll.mui
2026-09-27T19:48:26.9915148Z    Compressing: \\?\D:\a\wootc\wootc\out\branded-preview\gl-ES\Microsoft.ui.xaml.dll.mui
2026-09-27T19:48:26.9919175Z    Compressing: \\?\D:\a\wootc\wootc\out\branded-preview\gl-ES\Microsoft.UI.Xaml.Phone.dll.mui
2026-09-27T19:48:26.9921016Z    Compressing: \\?\D:\a\wootc\wootc\out\branded-preview\gu-IN\Microsoft.ui.xaml.dll.mui
2026-09-27T19:48:26.9924373Z    Compressing: \\?\D:\a\wootc\wootc\out\branded-preview\gu-IN\Microsoft.UI.Xaml.Phone.dll.mui
2026-09-27T19:48:26.9926481Z    Compressing: \\?\D:\a\wootc\wootc\out\branded-preview\he-IL\Microsoft.ui.xaml.dll.mui
2026-09-27T19:48:26.9929505Z    Compressing: \\?\D:\a\wootc\wootc\out\branded-preview\he-IL\Microsoft.UI.Xaml.Phone.dll.mui
2026-09-27T19:48:26.9931467Z    Compressing: \\?\D:\a\wootc\wootc\out\branded-preview\hi-IN\Microsoft.ui.xaml.dll.mui
2026-09-27T19:48:26.9934820Z    Compressing: \\?\D:\a\wootc\wootc\out\branded-preview\hi-IN\Microsoft.UI.Xaml.Phone.dll.mui
2026-09-27T19:48:26.9937070Z    Compressing: \\?\D:\a\wootc\wootc\out\branded-preview\hr-HR\Microsoft.ui.xaml.dll.mui
2026-09-27T19:48:26.9940535Z    Compressing: \\?\D:\a\wootc\wootc\out\branded-preview\hr-HR\Microsoft.UI.Xaml.Phone.dll.mui
2026-09-27T19:48:26.9942551Z    Compressing: \\?\D:\a\wootc\wootc\out\branded-preview\hu-HU\Microsoft.ui.xaml.dll.mui
2026-09-27T19:48:26.9945969Z    Compressing: \\?\D:\a\wootc\wootc\out\branded-preview\hu-HU\Microsoft.UI.Xaml.Phone.dll.mui
2026-09-27T19:48:26.9948037Z    Compressing: \\?\D:\a\wootc\wootc\out\branded-preview\hy-AM\Microsoft.ui.xaml.dll.mui
2026-09-27T19:48:26.9951402Z    Compressing: \\?\D:\a\wootc\wootc\out\branded-preview\hy-AM\Microsoft.UI.Xaml.Phone.dll.mui
2026-09-27T19:48:26.9953489Z    Compressing: \\?\D:\a\wootc\wootc\out\branded-preview\id-ID\Microsoft.ui.xaml.dll.mui
2026-09-27T19:48:26.9956789Z    Compressing: \\?\D:\a\wootc\wootc\out\branded-preview\id-ID\Microsoft.UI.Xaml.Phone.dll.mui
2026-09-27T19:48:26.9959216Z    Compressing: \\?\D:\a\wootc\wootc\out\branded-preview\is-IS\Microsoft.ui.xaml.dll.mui
2026-09-27T19:48:26.9962598Z    Compressing: \\?\D:\a\wootc\wootc\out\branded-preview\is-IS\Microsoft.UI.Xaml.Phone.dll.mui
2026-09-27T19:48:26.9964839Z    Compressing: \\?\D:\a\wootc\wootc\out\branded-preview\it-IT\Microsoft.ui.xaml.dll.mui
2026-09-27T19:48:26.9967987Z    Compressing: \\?\D:\a\wootc\wootc\out\branded-preview\it-IT\Microsoft.UI.Xaml.Phone.dll.mui
2026-09-27T19:48:26.9970114Z    Compressing: \\?\D:\a\wootc\wootc\out\branded-preview\ja-JP\Microsoft.ui.xaml.dll.mui
2026-09-27T19:48:26.9973051Z    Compressing: \\?\D:\a\wootc\wootc\out\branded-preview\ja-JP\Microsoft.UI.Xaml.Phone.dll.mui
2026-09-27T19:48:26.9975055Z    Compressing: \\?\D:\a\wootc\wootc\out\branded-preview\ka-GE\Microsoft.ui.xaml.dll.mui
2026-09-27T19:48:26.9978857Z    Compressing: \\?\D:\a\wootc\wootc\out\branded-preview\ka-GE\Microsoft.UI.Xaml.Phone.dll.mui
2026-09-27T19:48:26.9981090Z    Compressing: \\?\D:\a\wootc\wootc\out\branded-preview\kk-KZ\Microsoft.ui.xaml.dll.mui
2026-09-27T19:48:26.9984743Z    Compressing: \\?\D:\a\wootc\wootc\out\branded-preview\kk-KZ\Microsoft.UI.Xaml.Phone.dll.mui
2026-09-27T19:48:26.9986555Z    Compressing: \\?\D:\a\wootc\wootc\out\branded-preview\km-KH\Microsoft.ui.xaml.dll.mui
2026-09-27T19:48:26.9989887Z    Compressing: \\?\D:\a\wootc\wootc\out\branded-preview\km-KH\Microsoft.UI.Xaml.Phone.dll.mui
2026-09-27T19:48:26.9992049Z    Compressing: \\?\D:\a\wootc\wootc\out\branded-preview\kn-IN\Microsoft.ui.xaml.dll.mui
2026-09-27T19:48:26.9995663Z    Compressing: \\?\D:\a\wootc\wootc\out\branded-preview\kn-IN\Microsoft.UI.Xaml.Phone.dll.mui
2026-09-27T19:48:26.9998002Z    Compressing: \\?\D:\a\wootc\wootc\out\branded-preview\ko-KR\Microsoft.ui.xaml.dll.mui
2026-09-27T19:48:27.0000872Z    Compressing: \\?\D:\a\wootc\wootc\out\branded-preview\ko-KR\Microsoft.UI.Xaml.Phone.dll.mui
2026-09-27T19:48:27.0002876Z    Compressing: \\?\D:\a\wootc\wootc\out\branded-preview\kok-IN\Microsoft.ui.xaml.dll.mui
2026-09-27T19:48:27.0006251Z    Compressing: \\?\D:\a\wootc\wootc\out\branded-preview\kok-IN\Microsoft.UI.Xaml.Phone.dll.mui
2026-09-27T19:48:27.0008300Z    Compressing: \\?\D:\a\wootc\wootc\out\branded-preview\lb-LU\Microsoft.ui.xaml.dll.mui
2026-09-27T19:48:27.0011583Z    Compressing: \\?\D:\a\wootc\wootc\out\branded-preview\lb-LU\Microsoft.UI.Xaml.Phone.dll.mui
2026-09-27T19:48:27.0013623Z    Compressing: \\?\D:\a\wootc\wootc\out\branded-preview\lo-LA\Microsoft.ui.xaml.dll.mui
2026-09-27T19:48:27.0017286Z    Compressing: \\?\D:\a\wootc\wootc\out\branded-preview\lo-LA\Microsoft.UI.Xaml.Phone.dll.mui
2026-09-27T19:48:27.0019510Z    Compressing: \\?\D:\a\wootc\wootc\out\branded-preview\lt-LT\Microsoft.ui.xaml.dll.mui
2026-09-27T19:48:27.0022779Z    Compressing: \\?\D:\a\wootc\wootc\out\branded-preview\lt-LT\Microsoft.UI.Xaml.Phone.dll.mui
2026-09-27T19:48:27.0024835Z    Compressing: \\?\D:\a\wootc\wootc\out\branded-preview\lv-LV\Microsoft.ui.xaml.dll.mui
2026-09-27T19:48:27.0028111Z    Compressing: \\?\D:\a\wootc\wootc\out\branded-preview\lv-LV\Microsoft.UI.Xaml.Phone.dll.mui
2026-09-27T19:48:27.0030150Z    Compressing: \\?\D:\a\wootc\wootc\out\branded-preview\mi-NZ\Microsoft.ui.xaml.dll.mui
2026-09-27T19:48:27.0033464Z    Compressing: \\?\D:\a\wootc\wootc\out\branded-preview\mi-NZ\Microsoft.UI.Xaml.Phone.dll.mui
2026-09-27T19:48:27.0035924Z    Compressing: \\?\D:\a\wootc\wootc\out\branded-preview\Microsoft.UI.Xaml\Assets\map.html
2026-09-27T19:48:27.0039517Z    Compressing: \\?\D:\a\wootc\wootc\out\branded-preview\Microsoft.UI.Xaml\Assets\NoiseAsset_256x256_PNG.png
2026-09-27T19:48:27.0040537Z    Compressing: \\?\D:\a\wootc\wootc\out\branded-preview\mk-MK\Microsoft.ui.xaml.dll.mui
2026-09-27T19:48:27.0044071Z    Compressing: \\?\D:\a\wootc\wootc\out\branded-preview\mk-MK\Microsoft.UI.Xaml.Phone.dll.mui
2026-09-27T19:48:27.0046112Z    Compressing: \\?\D:\a\wootc\wootc\out\branded-preview\ml-IN\Microsoft.ui.xaml.dll.mui
2026-09-27T19:48:27.0049676Z    Compressing: \\?\D:\a\wootc\wootc\out\branded-preview\ml-IN\Microsoft.UI.Xaml.Phone.dll.mui
2026-09-27T19:48:27.0051743Z    Compressing: \\?\D:\a\wootc\wootc\out\branded-preview\mr-IN\Microsoft.ui.xaml.dll.mui
2026-09-27T19:48:27.0055261Z    Compressing: \\?\D:\a\wootc\wootc\out\branded-preview\mr-IN\Microsoft.UI.Xaml.Phone.dll.mui
2026-09-27T19:48:27.0057457Z    Compressing: \\?\D:\a\wootc\wootc\out\branded-preview\ms-MY\Microsoft.ui.xaml.dll.mui
2026-09-27T19:48:27.0060723Z    Compressing: \\?\D:\a\wootc\wootc\out\branded-preview\ms-MY\Microsoft.UI.Xaml.Phone.dll.mui
2026-09-27T19:48:27.0062768Z    Compressing: \\?\D:\a\wootc\wootc\out\branded-preview\mt-MT\Microsoft.ui.xaml.dll.mui
2026-09-27T19:48:27.0066113Z    Compressing: \\?\D:\a\wootc\wootc\out\branded-preview\mt-MT\Microsoft.UI.Xaml.Phone.dll.mui
2026-09-27T19:48:27.0068188Z    Compressing: \\?\D:\a\wootc\wootc\out\branded-preview\nb-NO\Microsoft.ui.xaml.dll.mui
2026-09-27T19:48:27.0071334Z    Compressing: \\?\D:\a\wootc\wootc\out\branded-preview\nb-NO\Microsoft.UI.Xaml.Phone.dll.mui
2026-09-27T19:48:27.0073361Z    Compressing: \\?\D:\a\wootc\wootc\out\branded-preview\ne-NP\Microsoft.ui.xaml.dll.mui
2026-09-27T19:48:27.0077144Z    Compressing: \\?\D:\a\wootc\wootc\out\branded-preview\ne-NP\Microsoft.UI.Xaml.Phone.dll.mui
2026-09-27T19:48:27.0079232Z    Compressing: \\?\D:\a\wootc\wootc\out\branded-preview\nl-NL\Microsoft.ui.xaml.dll.mui
2026-09-27T19:48:27.0082526Z    Compressing: \\?\D:\a\wootc\wootc\out\branded-preview\nl-NL\Microsoft.UI.Xaml.Phone.dll.mui
2026-09-27T19:48:27.0084632Z    Compressing: \\?\D:\a\wootc\wootc\out\branded-preview\nn-NO\Microsoft.ui.xaml.dll.mui
2026-09-27T19:48:27.0087823Z    Compressing: \\?\D:\a\wootc\wootc\out\branded-preview\nn-NO\Microsoft.UI.Xaml.Phone.dll.mui
2026-09-27T19:48:27.0089938Z    Compressing: \\?\D:\a\wootc\wootc\out\branded-preview\or-IN\Microsoft.ui.xaml.dll.mui
2026-09-27T19:48:27.0093259Z    Compressing: \\?\D:\a\wootc\wootc\out\branded-preview\or-IN\Microsoft.UI.Xaml.Phone.dll.mui
2026-09-27T19:48:27.0095792Z    Compressing: \\?\D:\a\wootc\wootc\out\branded-preview\pa-IN\Microsoft.ui.xaml.dll.mui
2026-09-27T19:48:27.0098774Z    Compressing: \\?\D:\a\wootc\wootc\out\branded-preview\pa-IN\Microsoft.UI.Xaml.Phone.dll.mui
2026-09-27T19:48:27.0100766Z    Compressing: \\?\D:\a\wootc\wootc\out\branded-preview\pl-PL\Microsoft.ui.xaml.dll.mui
2026-09-27T19:48:27.0104204Z    Compressing: \\?\D:\a\wootc\wootc\out\branded-preview\pl-PL\Microsoft.UI.Xaml.Phone.dll.mui
2026-09-27T19:48:27.0106210Z    Compressing: \\?\D:\a\wootc\wootc\out\branded-preview\pt-BR\Microsoft.ui.xaml.dll.mui
2026-09-27T19:48:27.0109694Z    Compressing: \\?\D:\a\wootc\wootc\out\branded-preview\pt-BR\Microsoft.UI.Xaml.Phone.dll.mui
2026-09-27T19:48:27.0111703Z    Compressing: \\?\D:\a\wootc\wootc\out\branded-preview\pt-PT\Microsoft.ui.xaml.dll.mui
2026-09-27T19:48:27.0115267Z    Compressing: \\?\D:\a\wootc\wootc\out\branded-preview\pt-PT\Microsoft.UI.Xaml.Phone.dll.mui
2026-09-27T19:48:27.0117437Z    Compressing: \\?\D:\a\wootc\wootc\out\branded-preview\quz-PE\Microsoft.ui.xaml.dll.mui
2026-09-27T19:48:27.0120841Z    Compressing: \\?\D:\a\wootc\wootc\out\branded-preview\quz-PE\Microsoft.UI.Xaml.Phone.dll.mui
2026-09-27T19:48:27.0122925Z    Compressing: \\?\D:\a\wootc\wootc\out\branded-preview\ro-RO\Microsoft.ui.xaml.dll.mui
2026-09-27T19:48:27.0126228Z    Compressing: \\?\D:\a\wootc\wootc\out\branded-preview\ro-RO\Microsoft.UI.Xaml.Phone.dll.mui
2026-09-27T19:48:27.0128463Z    Compressing: \\?\D:\a\wootc\wootc\out\branded-preview\ru-RU\Microsoft.ui.xaml.dll.mui
2026-09-27T19:48:27.0131985Z    Compressing: \\?\D:\a\wootc\wootc\out\branded-preview\ru-RU\Microsoft.UI.Xaml.Phone.dll.mui
2026-09-27T19:48:27.0134110Z    Compressing: \\?\D:\a\wootc\wootc\out\branded-preview\sk-SK\Microsoft.ui.xaml.dll.mui
2026-09-27T19:48:27.0138131Z    Compressing: \\?\D:\a\wootc\wootc\out\branded-preview\sk-SK\Microsoft.UI.Xaml.Phone.dll.mui
2026-09-27T19:48:27.0140719Z    Compressing: \\?\D:\a\wootc\wootc\out\branded-preview\sl-SI\Microsoft.ui.xaml.dll.mui
2026-09-27T19:48:27.0145358Z    Compressing: \\?\D:\a\wootc\wootc\out\branded-preview\sl-SI\Microsoft.UI.Xaml.Phone.dll.mui
2026-09-27T19:48:27.0147527Z    Compressing: \\?\D:\a\wootc\wootc\out\branded-preview\sq-AL\Microsoft.ui.xaml.dll.mui
2026-09-27T19:48:27.0151017Z    Compressing: \\?\D:\a\wootc\wootc\out\branded-preview\sq-AL\Microsoft.UI.Xaml.Phone.dll.mui
2026-09-27T19:48:27.0153966Z    Compressing: \\?\D:\a\wootc\wootc\out\branded-preview\sr-Cyrl-BA\Microsoft.ui.xaml.dll.mui
2026-09-27T19:48:27.0158503Z    Compressing: \\?\D:\a\wootc\wootc\out\branded-preview\sr-Cyrl-BA\Microsoft.UI.Xaml.Phone.dll.mui
2026-09-27T19:48:27.0168239Z    Compressing: \\?\D:\a\wootc\wootc\out\branded-preview\sr-Cyrl-RS\Microsoft.ui.xaml.dll.mui
2026-09-27T19:48:27.0169733Z    Compressing: \\?\D:\a\wootc\wootc\out\branded-preview\sr-Cyrl-RS\Microsoft.UI.Xaml.Phone.dll.mui
2026-09-27T19:48:27.0171137Z    Compressing: \\?\D:\a\wootc\wootc\out\branded-preview\sr-Latn-RS\Microsoft.ui.xaml.dll.mui
2026-09-27T19:48:27.0172998Z    Compressing: \\?\D:\a\wootc\wootc\out\branded-preview\sr-Latn-RS\Microsoft.UI.Xaml.Phone.dll.mui
2026-09-27T19:48:27.0176062Z    Compressing: \\?\D:\a\wootc\wootc\out\branded-preview\sv-SE\Microsoft.ui.xaml.dll.mui
2026-09-27T19:48:27.0181056Z    Compressing: \\?\D:\a\wootc\wootc\out\branded-preview\sv-SE\Microsoft.UI.Xaml.Phone.dll.mui
2026-09-27T19:48:27.0183517Z    Compressing: \\?\D:\a\wootc\wootc\out\branded-preview\ta-IN\Microsoft.ui.xaml.dll.mui
2026-09-27T19:48:27.0188575Z    Compressing: \\?\D:\a\wootc\wootc\out\branded-preview\ta-IN\Microsoft.UI.Xaml.Phone.dll.mui
2026-09-27T19:48:27.0191098Z    Compressing: \\?\D:\a\wootc\wootc\out\branded-preview\te-IN\Microsoft.ui.xaml.dll.mui
2026-09-27T19:48:27.0196399Z    Compressing: \\?\D:\a\wootc\wootc\out\branded-preview\te-IN\Microsoft.UI.Xaml.Phone.dll.mui
2026-09-27T19:48:27.0198936Z    Compressing: \\?\D:\a\wootc\wootc\out\branded-preview\th-TH\Microsoft.ui.xaml.dll.mui
2026-09-27T19:48:27.0203711Z    Compressing: \\?\D:\a\wootc\wootc\out\branded-preview\th-TH\Microsoft.UI.Xaml.Phone.dll.mui
2026-09-27T19:48:27.0206342Z    Compressing: \\?\D:\a\wootc\wootc\out\branded-preview\tr-TR\Microsoft.ui.xaml.dll.mui
2026-09-27T19:48:27.0211152Z    Compressing: \\?\D:\a\wootc\wootc\out\branded-preview\tr-TR\Microsoft.UI.Xaml.Phone.dll.mui
2026-09-27T19:48:27.0213668Z    Compressing: \\?\D:\a\wootc\wootc\out\branded-preview\tt-RU\Microsoft.ui.xaml.dll.mui
2026-09-27T19:48:27.0218893Z    Compressing: \\?\D:\a\wootc\wootc\out\branded-preview\tt-RU\Microsoft.UI.Xaml.Phone.dll.mui
2026-09-27T19:48:27.0221465Z    Compressing: \\?\D:\a\wootc\wootc\out\branded-preview\ug-CN\Microsoft.ui.xaml.dll.mui
2026-09-27T19:48:27.0226692Z    Compressing: \\?\D:\a\wootc\wootc\out\branded-preview\ug-CN\Microsoft.UI.Xaml.Phone.dll.mui
2026-09-27T19:48:27.0229049Z    Compressing: \\?\D:\a\wootc\wootc\out\branded-preview\uk-UA\Microsoft.ui.xaml.dll.mui
2026-09-27T19:48:27.0234343Z    Compressing: \\?\D:\a\wootc\wootc\out\branded-preview\uk-UA\Microsoft.UI.Xaml.Phone.dll.mui
2026-09-27T19:48:27.0237170Z    Compressing: \\?\D:\a\wootc\wootc\out\branded-preview\ur-PK\Microsoft.ui.xaml.dll.mui
2026-09-27T19:48:27.0241821Z    Compressing: \\?\D:\a\wootc\wootc\out\branded-preview\ur-PK\Microsoft.UI.Xaml.Phone.dll.mui
2026-09-27T19:48:27.0244098Z    Compressing: \\?\D:\a\wootc\wootc\out\branded-preview\uz-Latn-UZ\Microsoft.ui.xaml.dll.mui
2026-09-27T19:48:27.0248410Z    Compressing: \\?\D:\a\wootc\wootc\out\branded-preview\uz-Latn-UZ\Microsoft.UI.Xaml.Phone.dll.mui
2026-09-27T19:48:27.0250536Z    Compressing: \\?\D:\a\wootc\wootc\out\branded-preview\vi-VN\Microsoft.ui.xaml.dll.mui
2026-09-27T19:48:27.0255062Z    Compressing: \\?\D:\a\wootc\wootc\out\branded-preview\vi-VN\Microsoft.UI.Xaml.Phone.dll.mui
2026-09-27T19:48:27.0257009Z    Compressing: \\?\D:\a\wootc\wootc\out\branded-preview\zh-CN\Microsoft.ui.xaml.dll.mui
2026-09-27T19:48:27.0260538Z    Compressing: \\?\D:\a\wootc\wootc\out\branded-preview\zh-CN\Microsoft.UI.Xaml.Phone.dll.mui
2026-09-27T19:48:27.0262781Z    Compressing: \\?\D:\a\wootc\wootc\out\branded-preview\zh-TW\Microsoft.ui.xaml.dll.mui
2026-09-27T19:48:27.0266063Z    Compressing: \\?\D:\a\wootc\wootc\out\branded-preview\zh-TW\Microsoft.UI.Xaml.Phone.dll.mui
2026-09-27T19:48:27.6558315Z    Compressing Setup program executable
2026-09-27T19:48:28.1397385Z    Updating version info (Setup.exe)
2026-09-27T19:48:28.1397837Z    Updating manifest (Setup.exe)
2026-09-27T19:48:28.1398963Z 
2026-09-27T19:48:28.1402255Z 
2026-09-27T19:48:28.1403004Z Successful compile (34.656 sec). Resulting Setup program filename is:
2026-09-27T19:48:28.1404196Z D:\a\wootc\wootc\out\preview-installer\bazzite-native-preview-fbe2414ae966518e93a44d9496b847c1a1e7bb95.exe
2026-09-27T19:48:37.9939543Z   Determining projects to restore...
2026-09-27T19:48:45.4031419Z   Restored D:\a\wootc\wootc\shell\Wootc.Shell.UiTests\Wootc.Shell.UiTests.csproj (in 7.15 sec).
2026-09-27T19:48:46.5530869Z   Wootc.Shell.UiTests -> D:\a\wootc\wootc\shell\Wootc.Shell.UiTests\bin\Release\net8.0-windows10.0.19041.0\Wootc.Shell.UiTests.dll
2026-09-27T19:48:46.5677480Z Test run for D:\a\wootc\wootc\shell\Wootc.Shell.UiTests\bin\Release\net8.0-windows10.0.19041.0\Wootc.Shell.UiTests.dll (.NETCoreApp,Version=v8.0)
2026-09-27T19:48:47.2891408Z A total of 1 test files matched the specified pattern.
2026-09-27T19:49:04.3532895Z [xUnit.net 00:00:14.59]     Wootc.Shell.UiTests.InstalledPreviewTests.ActualInstalledPreviewBrandAndAuthenticatedStartup [FAIL]
2026-09-27T19:49:04.4653942Z   Failed Wootc.Shell.UiTests.InstalledPreviewTests.ActualInstalledPreviewBrandAndAuthenticatedStartup [14 s]
2026-09-27T19:49:04.4655138Z   Error Message:
2026-09-27T19:49:04.4655569Z    Assert.False() Failure
2026-09-27T19:49:04.4655848Z Expected: False
2026-09-27T19:49:04.4656132Z Actual:   True
2026-09-27T19:49:04.4656348Z   Stack Trace:
2026-09-27T19:49:04.4657560Z      at Wootc.Shell.UiTests.InstalledPreviewTests.ActualInstalledPreviewBrandAndAuthenticatedStartup() in D:\a\wootc\wootc\shell\Wootc.Shell.UiTests\InstalledPreviewTests.cs:line 109
2026-09-27T19:49:04.4658648Z --- End of stack trace from previous location ---
2026-09-27T19:49:04.4847561Z Results File: D:\a\wootc\wootc\shell\Wootc.Shell.UiTests\TestResults\installed-bazzite.trx
2026-09-27T19:49:04.4851582Z 
2026-09-27T19:49:04.4903818Z Failed!  - Failed:     1, Passed:     0, Skipped:     0, Total:     1, Duration: 14 s - Wootc.Shell.UiTests.dll (net8.0)
2026-09-27T19:49:05.1097846Z [31;1mException: [0mD:\a\wootc\wootc\shell\packaging\test-installed-preview.ps1:53[0m
2026-09-27T19:49:05.1098945Z [31;1m[0m[36;1mLine |[0m
2026-09-27T19:49:05.1101718Z [31;1m[0m[36;1m[36;1m  53 | [0m … de -ne 0) { [36;1mthrow "Owned preview operation refused with exit $code"[0m } …[0m
2026-09-27T19:49:05.1102783Z [31;1m[0m[36;1m[36;1m[0m[36;1m[0m[36;1m     | [31;1m               ~~~~~~~~~~~~~~~~~~~~~~~~~~~~~~~~~~~~~~~~~~~~~~~~~~~~~~~[0m
2026-09-27T19:49:05.1104521Z [31;1m[0m[36;1m[36;1m[0m[36;1m[0m[36;1m[31;1m[31;1m[36;1m     | [31;1mOwned preview operation refused with exit 1[0m
2026-09-27T19:49:05.1358607Z ##[error]Process completed with exit code 1.
2026-09-27T19:49:05.1535341Z ##[group]Run actions/upload-artifact@v7
2026-09-27T19:49:05.1535684Z with:
2026-09-27T19:49:05.1535915Z   name: winui-preview-package-bazzite
2026-09-27T19:49:05.1536514Z   path: out/preview-installer/
out/branded-preview/native-package.json
shell/Wootc.Shell.UiTests/TestResults/*.trx

2026-09-27T19:49:05.1537313Z   if-no-files-found: error
2026-09-27T19:49:05.1537550Z   compression-level: 6
2026-09-27T19:49:05.1537753Z   overwrite: false
2026-09-27T19:49:05.1537958Z   include-hidden-files: false
2026-09-27T19:49:05.1538185Z   archive: true
2026-09-27T19:49:05.1538364Z env:
2026-09-27T19:49:05.1538553Z   DOTNET_ROOT: C:\Program Files\dotnet
2026-09-27T19:49:05.1538806Z   GOTOOLCHAIN: local
2026-09-27T19:49:05.1538999Z ##[endgroup]
2026-09-27T19:49:05.3527239Z Multiple search paths detected. Calculating the least common ancestor of all paths
2026-09-27T19:49:05.3529334Z The least common ancestor is D:\a\wootc\wootc. This will be the root directory of the artifact
2026-09-27T19:49:05.3530406Z With the provided path, there will be 4 files uploaded
2026-09-27T19:49:05.3531257Z Artifact name is valid!
2026-09-27T19:49:05.3531691Z Root directory input is valid!
2026-09-27T19:49:05.7328237Z Uploading artifact: winui-preview-package-bazzite.zip
2026-09-27T19:49:05.7383171Z Beginning upload of artifact content to blob storage
2026-09-27T19:49:07.4490273Z Uploaded bytes 8388608
2026-09-27T19:49:07.6834909Z Uploaded bytes 16777216
2026-09-27T19:49:07.7226272Z Uploaded bytes 25165824
2026-09-27T19:49:07.7745277Z Uploaded bytes 33554432
2026-09-27T19:49:07.9426571Z Uploaded bytes 41943040
2026-09-27T19:49:08.0219665Z Uploaded bytes 50331648
2026-09-27T19:49:08.0607782Z Uploaded bytes 58720256
2026-09-27T19:49:08.2011528Z Uploaded bytes 67108864
2026-09-27T19:49:08.2861862Z Uploaded bytes 68025282
2026-09-27T19:49:08.3630101Z Finished uploading artifact content to blob storage!
2026-09-27T19:49:08.3659968Z SHA256 digest of uploaded artifact is 4d71e99a7320635ae1cbabbb850eca3aa45afbbde6488f0117e240c5a8115fd4
2026-09-27T19:49:08.3662570Z Finalizing artifact upload
2026-09-27T19:49:08.7735527Z Artifact winui-preview-package-bazzite successfully finalized. Artifact ID 10940790312
2026-09-27T19:49:08.7736622Z Artifact winui-preview-package-bazzite has been successfully uploaded! Final size is 68025282 bytes. Artifact ID is 10940790312
2026-09-27T19:49:08.7745570Z Artifact download URL: https://github.com/tuna-os/wootc/actions/runs/36345544884/artifacts/10940790312
2026-09-27T19:49:08.8134797Z Post job cleanup.
2026-09-27T19:49:09.0116361Z [command]"C:\Program Files\Git\bin\git.exe" version
2026-09-27T19:49:09.0417944Z git version 2.55.0.windows.5
2026-09-27T19:49:09.0485880Z Temporarily overriding HOME='D:\a\_temp\3a33d806-f52c-4213-8464-6481a690945a' before making global git config changes
2026-09-27T19:49:09.0487201Z Adding repository directory to the temporary git global config as a safe directory
2026-09-27T19:49:09.0497987Z [command]"C:\Program Files\Git\bin\git.exe" config --global --add safe.directory D:\a\wootc\wootc
2026-09-27T19:49:09.0806404Z Removing SSH command configuration
2026-09-27T19:49:09.0816979Z [command]"C:\Program Files\Git\bin\git.exe" config --local --name-only --get-regexp core\.sshCommand
2026-09-27T19:49:09.1126966Z [command]"C:\Program Files\Git\bin\git.exe" submodule foreach --recursive "sh -c \"git config --local --name-only --get-regexp 'core\.sshCommand' && git config --local --unset-all 'core.sshCommand' || :\""
2026-09-27T19:49:09.6631921Z Removing HTTP extra header
2026-09-27T19:49:09.6642199Z [command]"C:\Program Files\Git\bin\git.exe" config --local --name-only --get-regexp http\.https\:\/\/github\.com\/\.extraheader
2026-09-27T19:49:09.6953952Z [command]"C:\Program Files\Git\bin\git.exe" submodule foreach --recursive "sh -c \"git config --local --name-only --get-regexp 'http\.https\:\/\/github\.com\/\.extraheader' && git config --local --unset-all 'http.https://github.com/.extraheader' || :\""
2026-09-27T19:49:10.2192168Z Removing includeIf entries pointing to credentials config files
2026-09-27T19:49:10.2208890Z [command]"C:\Program Files\Git\bin\git.exe" config --local --name-only --get-regexp ^includeIf\.gitdir:
2026-09-27T19:49:10.2499640Z includeif.gitdir:D:/a/wootc/wootc/.git.path
2026-09-27T19:49:10.2501039Z includeif.gitdir:D:/a/wootc/wootc/.git/worktrees/*.path
2026-09-27T19:49:10.2501750Z includeif.gitdir:/github/workspace/.git.path
2026-09-27T19:49:10.2502451Z includeif.gitdir:/github/workspace/.git/worktrees/*.path
2026-09-27T19:49:10.2550647Z [command]"C:\Program Files\Git\bin\git.exe" config --local --get-all includeif.gitdir:D:/a/wootc/wootc/.git.path
2026-09-27T19:49:10.2852468Z D:\a\_temp\git-credentials-4a821e95-6cd7-4a11-8b53-e5668e15aeb0.config
2026-09-27T19:49:10.2893280Z [command]"C:\Program Files\Git\bin\git.exe" config --local --unset includeif.gitdir:D:/a/wootc/wootc/.git.path D\:\\a\\_temp\\git\-credentials\-4a821e95\-6cd7\-4a11\-8b53\-e5668e15aeb0\.config
2026-09-27T19:49:10.3248215Z [command]"C:\Program Files\Git\bin\git.exe" config --local --get-all includeif.gitdir:D:/a/wootc/wootc/.git/worktrees/*.path
2026-09-27T19:49:10.3507364Z D:\a\_temp\git-credentials-4a821e95-6cd7-4a11-8b53-e5668e15aeb0.config
2026-09-27T19:49:10.3544966Z [command]"C:\Program Files\Git\bin\git.exe" config --local --unset includeif.gitdir:D:/a/wootc/wootc/.git/worktrees/*.path D\:\\a\\_temp\\git\-credentials\-4a821e95\-6cd7\-4a11\-8b53\-e5668e15aeb0\.config
2026-09-27T19:49:10.3837900Z [command]"C:\Program Files\Git\bin\git.exe" config --local --get-all includeif.gitdir:/github/workspace/.git.path
2026-09-27T19:49:10.4097273Z /github/runner_temp/git-credentials-4a821e95-6cd7-4a11-8b53-e5668e15aeb0.config
2026-09-27T19:49:10.4133519Z [command]"C:\Program Files\Git\bin\git.exe" config --local --unset includeif.gitdir:/github/workspace/.git.path \/github\/runner_temp\/git\-credentials\-4a821e95\-6cd7\-4a11\-8b53\-e5668e15aeb0\.config
2026-09-27T19:49:10.4430625Z [command]"C:\Program Files\Git\bin\git.exe" config --local --get-all includeif.gitdir:/github/workspace/.git/worktrees/*.path
2026-09-27T19:49:10.4684663Z /github/runner_temp/git-credentials-4a821e95-6cd7-4a11-8b53-e5668e15aeb0.config
2026-09-27T19:49:10.4723659Z [command]"C:\Program Files\Git\bin\git.exe" config --local --unset includeif.gitdir:/github/workspace/.git/worktrees/*.path \/github\/runner_temp\/git\-credentials\-4a821e95\-6cd7\-4a11\-8b53\-e5668e15aeb0\.config
2026-09-27T19:49:10.5021341Z [command]"C:\Program Files\Git\bin\git.exe" submodule foreach --recursive "git config --local --show-origin --name-only --get-regexp remote.origin.url"
2026-09-27T19:49:11.0517387Z Removing credentials config 'D:\a\_temp\git-credentials-4a821e95-6cd7-4a11-8b53-e5668e15aeb0.config'
2026-09-27T19:49:11.0741015Z Cleaning up orphan processes
2026-09-27T19:49:11.0906358Z Terminate orphan process: pid (7260) (dotnet)
2026-09-27T19:49:11.0966893Z Terminate orphan process: pid (5092) (conhost)
2026-09-27T19:49:11.1175240Z Terminate orphan process: pid (1460) (VBCSCompiler)
2026-09-27T19:49:11.1235306Z Terminate orphan process: pid (7572) (conhost)
