2026-09-27T19:46:02.3651037Z Current runner version: '2.337.0'
2026-09-27T19:46:02.3900147Z ##[group]Runner Image Provisioner
2026-09-27T19:46:02.3900936Z Hosted Compute Agent
2026-09-27T19:46:02.3901455Z Version: 20260828.587
2026-09-27T19:46:02.3902037Z Commit: abac92662cab4cc7352de4f9f9d2e2419aad9c29
2026-09-27T19:46:02.3902683Z Build Date: 2026-08-28T16:44:25Z
2026-09-27T19:46:02.3903282Z Worker ID: {6f13ab89-7573-45a1-ab7a-953570cceace}
2026-09-27T19:46:02.3903903Z Azure Region: centralus
2026-09-27T19:46:02.3904889Z ##[endgroup]
2026-09-27T19:46:02.3906397Z ##[group]Operating System
2026-09-27T19:46:02.3906965Z Microsoft Windows Server 2025
2026-09-27T19:46:02.3907525Z 10.0.26100
2026-09-27T19:46:02.3907973Z Datacenter
2026-09-27T19:46:02.3908416Z ##[endgroup]
2026-09-27T19:46:02.3908903Z ##[group]Runner Image
2026-09-27T19:46:02.3909419Z Image: windows-2025-vs2026
2026-09-27T19:46:02.3909937Z Version: 20260922.246.2
2026-09-27T19:46:02.3911396Z Included Software: https://github.com/actions/runner-images/blob/win25-vs2026/20260922.246/images/windows/Windows2025-VS2026-Readme.md
2026-09-27T19:46:02.3912885Z Image Release: https://github.com/actions/runner-images/releases/tag/win25-vs2026%2F20260922.246
2026-09-27T19:46:02.3913737Z ##[endgroup]
2026-09-27T19:46:02.3914711Z ##[group]GITHUB_TOKEN Permissions
2026-09-27T19:46:02.3916532Z Contents: read
2026-09-27T19:46:02.3917077Z Metadata: read
2026-09-27T19:46:02.3917573Z ##[endgroup]
2026-09-27T19:46:02.3919688Z Secret source: Actions
2026-09-27T19:46:02.3920493Z Cache mode: write
2026-09-27T19:46:02.3921055Z Prepare workflow directory
2026-09-27T19:46:02.4924510Z Prepare all required actions
2026-09-27T19:46:02.4974046Z Getting action download info
2026-09-27T19:46:02.7665790Z Download action repository 'actions/checkout@v7' (SHA:3d3c42e5aac5ba805825da76410c181273ba90b1)
2026-09-27T19:46:02.9213580Z Download action repository 'actions/setup-dotnet@v6' (SHA:a98b56852c35b8e3190ac28c8c2271da59106c68)
2026-09-27T19:46:03.4101047Z Download action repository 'actions/setup-go@v7' (SHA:b7ad1dad31e06c5925ef5d2fc7ad053ef454303e)
2026-09-27T19:46:03.8292696Z Download action repository 'actions/upload-artifact@v7' (SHA:043fb46d1a93c77aae656e7c1c64a875d1fc6a0a)
2026-09-27T19:46:04.4882409Z Complete job name: Branded preview package (wootc)
2026-09-27T19:46:05.2061770Z ##[group]Run actions/checkout@v7
2026-09-27T19:46:05.2063310Z with:
2026-09-27T19:46:05.2064119Z   repository: tuna-os/wootc
2026-09-27T19:46:05.2070203Z   token: ***
2026-09-27T19:46:05.2070944Z   ssh-strict: true
2026-09-27T19:46:05.2071693Z   ssh-user: git
2026-09-27T19:46:05.2072462Z   persist-credentials: true
2026-09-27T19:46:05.2073306Z   clean: true
2026-09-27T19:46:05.2074089Z   sparse-checkout-cone-mode: true
2026-09-27T19:46:05.2074929Z   fetch-depth: 1
2026-09-27T19:46:05.2076177Z   fetch-tags: false
2026-09-27T19:46:05.2076934Z   show-progress: true
2026-09-27T19:46:05.2077766Z   lfs: false
2026-09-27T19:46:05.2078494Z   submodules: false
2026-09-27T19:46:05.2079253Z   set-safe-directory: true
2026-09-27T19:46:05.2080174Z   allow-unsafe-pr-checkout: false
2026-09-27T19:46:05.2081440Z ##[endgroup]
2026-09-27T19:46:05.4175595Z Syncing repository: tuna-os/wootc
2026-09-27T19:46:05.4178045Z ##[group]Getting Git version info
2026-09-27T19:46:05.4179606Z Working directory is 'D:\a\wootc\wootc'
2026-09-27T19:46:05.5068749Z [command]"C:\Program Files\Git\bin\git.exe" version
2026-09-27T19:46:05.9574516Z git version 2.55.0.windows.5
2026-09-27T19:46:05.9643691Z ##[endgroup]
2026-09-27T19:46:05.9720786Z Temporarily overriding HOME='D:\a\_temp\2bba865f-835a-484e-8b2d-1f76534e42a7' before making global git config changes
2026-09-27T19:46:05.9722298Z Adding repository directory to the temporary git global config as a safe directory
2026-09-27T19:46:05.9723990Z [command]"C:\Program Files\Git\bin\git.exe" config --global --add safe.directory D:\a\wootc\wootc
2026-09-27T19:46:06.0633769Z Deleting the contents of 'D:\a\wootc\wootc'
2026-09-27T19:46:06.0706924Z ##[group]Determining repository object format
2026-09-27T19:46:06.0809025Z ##[endgroup]
2026-09-27T19:46:06.0810334Z ##[group]Initializing the repository
2026-09-27T19:46:06.0811620Z [command]"C:\Program Files\Git\bin\git.exe" init D:\a\wootc\wootc
2026-09-27T19:46:06.1677950Z Initialized empty Git repository in D:/a/wootc/wootc/.git/
2026-09-27T19:46:06.1750120Z [command]"C:\Program Files\Git\bin\git.exe" remote add origin https://github.com/tuna-os/wootc
2026-09-27T19:46:06.2521221Z ##[endgroup]
2026-09-27T19:46:06.2522319Z ##[group]Disabling automatic garbage collection
2026-09-27T19:46:06.2534967Z [command]"C:\Program Files\Git\bin\git.exe" config --local gc.auto 0
2026-09-27T19:46:06.3016198Z ##[endgroup]
2026-09-27T19:46:06.3018177Z ##[group]Setting up auth
2026-09-27T19:46:06.3019234Z Removing SSH command configuration
2026-09-27T19:46:06.3029966Z [command]"C:\Program Files\Git\bin\git.exe" config --local --name-only --get-regexp core\.sshCommand
2026-09-27T19:46:06.3505166Z [command]"C:\Program Files\Git\bin\git.exe" submodule foreach --recursive "sh -c \"git config --local --name-only --get-regexp 'core\.sshCommand' && git config --local --unset-all 'core.sshCommand' || :\""
2026-09-27T19:46:08.6510317Z Removing HTTP extra header
2026-09-27T19:46:08.6526294Z [command]"C:\Program Files\Git\bin\git.exe" config --local --name-only --get-regexp http\.https\:\/\/github\.com\/\.extraheader
2026-09-27T19:46:08.8338174Z [command]"C:\Program Files\Git\bin\git.exe" submodule foreach --recursive "sh -c \"git config --local --name-only --get-regexp 'http\.https\:\/\/github\.com\/\.extraheader' && git config --local --unset-all 'http.https://github.com/.extraheader' || :\""
2026-09-27T19:46:10.9941057Z Removing includeIf entries pointing to credentials config files
2026-09-27T19:46:10.9949997Z [command]"C:\Program Files\Git\bin\git.exe" config --local --name-only --get-regexp ^includeIf\.gitdir:
2026-09-27T19:46:11.1639160Z [command]"C:\Program Files\Git\bin\git.exe" submodule foreach --recursive "git config --local --show-origin --name-only --get-regexp remote.origin.url"
2026-09-27T19:46:12.4985337Z [command]"C:\Program Files\Git\bin\git.exe" config --file D:\a\_temp\git-credentials-25cbf641-ef1c-46e9-80a9-18596be01504.config http.https://github.com/.extraheader "AUTHORIZATION: basic ***"
2026-09-27T19:46:12.5929610Z [command]"C:\Program Files\Git\bin\git.exe" config --local includeIf.gitdir:D:/a/wootc/wootc/.git.path D:\a\_temp\git-credentials-25cbf641-ef1c-46e9-80a9-18596be01504.config
2026-09-27T19:46:12.6764507Z [command]"C:\Program Files\Git\bin\git.exe" config --local includeIf.gitdir:D:/a/wootc/wootc/.git/worktrees/*.path D:\a\_temp\git-credentials-25cbf641-ef1c-46e9-80a9-18596be01504.config
2026-09-27T19:46:12.8080527Z [command]"C:\Program Files\Git\bin\git.exe" config --local includeIf.gitdir:/github/workspace/.git.path /github/runner_temp/git-credentials-25cbf641-ef1c-46e9-80a9-18596be01504.config
2026-09-27T19:46:12.8893079Z [command]"C:\Program Files\Git\bin\git.exe" config --local includeIf.gitdir:/github/workspace/.git/worktrees/*.path /github/runner_temp/git-credentials-25cbf641-ef1c-46e9-80a9-18596be01504.config
2026-09-27T19:46:13.0379428Z ##[endgroup]
2026-09-27T19:46:13.0380656Z ##[group]Fetching the repository
2026-09-27T19:46:13.0382512Z [command]"C:\Program Files\Git\bin\git.exe" -c protocol.version=2 fetch --no-tags --prune --no-recurse-submodules --depth=1 origin +fbe2414ae966518e93a44d9496b847c1a1e7bb95:refs/remotes/pull/501/merge
2026-09-27T19:46:14.5479723Z From https://github.com/tuna-os/wootc
2026-09-27T19:46:14.5480689Z  * [new ref]         fbe2414ae966518e93a44d9496b847c1a1e7bb95 -> pull/501/merge
2026-09-27T19:46:14.5585937Z ##[endgroup]
2026-09-27T19:46:14.5587014Z ##[group]Determining the checkout info
2026-09-27T19:46:14.5588175Z ##[endgroup]
2026-09-27T19:46:14.5597367Z [command]"C:\Program Files\Git\bin\git.exe" sparse-checkout disable
2026-09-27T19:46:14.7690611Z [command]"C:\Program Files\Git\bin\git.exe" config --local --unset-all extensions.worktreeConfig
2026-09-27T19:46:14.9474881Z ##[group]Checking out the ref
2026-09-27T19:46:14.9476683Z [command]"C:\Program Files\Git\bin\git.exe" checkout --progress --force refs/remotes/pull/501/merge
2026-09-27T19:46:15.7225943Z Note: switching to 'refs/remotes/pull/501/merge'.
2026-09-27T19:46:15.7227150Z 
2026-09-27T19:46:15.7227605Z You are in 'detached HEAD' state. You can look around, make experimental
2026-09-27T19:46:15.7229288Z changes and commit them, and you can discard any commits you make in this
2026-09-27T19:46:15.7230162Z state without impacting any branches by switching back to a branch.
2026-09-27T19:46:15.7230741Z 
2026-09-27T19:46:15.7231121Z If you want to create a new branch to retain commits you create, you may
2026-09-27T19:46:15.7231958Z do so (now or later) by using -c with the switch command. Example:
2026-09-27T19:46:15.7232374Z 
2026-09-27T19:46:15.7232637Z   git switch -c <new-branch-name>
2026-09-27T19:46:15.7232983Z 
2026-09-27T19:46:15.7233187Z Or undo this operation with:
2026-09-27T19:46:15.7233574Z 
2026-09-27T19:46:15.7233722Z   git switch -
2026-09-27T19:46:15.7234005Z 
2026-09-27T19:46:15.7234399Z Turn off this advice by setting config variable advice.detachedHead to false
2026-09-27T19:46:15.7234946Z 
2026-09-27T19:46:15.7235641Z HEAD is now at fbe2414 Merge 8c7c7cf91defaea41eb69854925ece1a15b3f55a into 1da5e196492410aabb4674a8a17777e6f20b9ac7
2026-09-27T19:46:15.7414873Z ##[endgroup]
2026-09-27T19:46:15.9074490Z [command]"C:\Program Files\Git\bin\git.exe" log -1 --format=%H
2026-09-27T19:46:15.9766374Z fbe2414ae966518e93a44d9496b847c1a1e7bb95
2026-09-27T19:46:16.0497525Z ##[group]Run actions/setup-dotnet@v6
2026-09-27T19:46:16.0497945Z with:
2026-09-27T19:46:16.0498218Z   global-json-file: shell/global.json
2026-09-27T19:46:16.0498680Z   cache: false
2026-09-27T19:46:16.0499065Z ##[endgroup]
2026-09-27T19:46:16.4823175Z [command]"C:\Program Files\PowerShell\7\pwsh.exe" -NoLogo -Sta -NoProfile -NonInteractive -ExecutionPolicy Unrestricted -Command & 'D:\a\_actions\actions\setup-dotnet\v6\externals\install-dotnet.ps1' -SkipNonVersionedFiles -Runtime dotnet -Channel LTS
2026-09-27T19:46:18.5337857Z dotnet-install: .NET Core Runtime with version '10.0.12' is already installed.
2026-09-27T19:46:18.7112216Z [command]"C:\Program Files\PowerShell\7\pwsh.exe" -NoLogo -Sta -NoProfile -NonInteractive -ExecutionPolicy Unrestricted -Command & 'D:\a\_actions\actions\setup-dotnet\v6\externals\install-dotnet.ps1' -SkipNonVersionedFiles -Version 10.0.401
2026-09-27T19:46:20.2324947Z dotnet-install: .NET Core SDK with version '10.0.401' is already installed.
2026-09-27T19:46:20.3619252Z ##[group]Run actions/setup-go@v7
2026-09-27T19:46:20.3619730Z with:
2026-09-27T19:46:20.3620056Z   go-version-file: app/go.mod
2026-09-27T19:46:20.3620464Z   check-latest: false
2026-09-27T19:46:20.3626324Z   token: ***
2026-09-27T19:46:20.3626628Z   cache: true
2026-09-27T19:46:20.3626937Z env:
2026-09-27T19:46:20.3627255Z   DOTNET_ROOT: C:\Program Files\dotnet
2026-09-27T19:46:20.3627629Z ##[endgroup]
2026-09-27T19:46:20.5433785Z Setup go version spec 1.26.0
2026-09-27T19:46:20.5447507Z Attempting to download 1.26.0...
2026-09-27T19:46:21.1918891Z matching 1.26.0...
2026-09-27T19:46:21.1933930Z Acquiring 1.26.0 from https://github.com/actions/go-versions/releases/download/1.26.0-21889650668/go-1.26.0-win32-x64.zip
2026-09-27T19:46:22.0418528Z Extracting Go...
2026-09-27T19:46:22.1447782Z [command]"C:\Program Files\PowerShell\7\pwsh.exe" -NoLogo -NoProfile -NonInteractive -ExecutionPolicy Unrestricted -Command "$ErrorActionPreference = 'Stop' ; try { Add-Type -AssemblyName System.IO.Compression.ZipFile } catch { } ; try { [System.IO.Compression.ZipFile]::ExtractToDirectory('D:\a\_temp\go-1.26.0-win32-x64.zip', 'D:\a\_temp\46cc3ede-5148-4377-9a9b-f8f5d8cd5f56', $true) } catch { if (($_.Exception.GetType().FullName -eq 'System.Management.Automation.MethodException') -or ($_.Exception.GetType().FullName -eq 'System.Management.Automation.RuntimeException') ){ Expand-Archive -LiteralPath 'D:\a\_temp\go-1.26.0-win32-x64.zip' -DestinationPath 'D:\a\_temp\46cc3ede-5148-4377-9a9b-f8f5d8cd5f56' -Force } else { throw $_ } } ;"
2026-09-27T19:46:26.7143772Z Successfully extracted go to D:\a\_temp\46cc3ede-5148-4377-9a9b-f8f5d8cd5f56
2026-09-27T19:46:26.7144510Z Adding to the cache ...
2026-09-27T19:46:36.3888926Z Created link C:\hostedtoolcache\windows\go\1.26.0\x64 => D:\hostedtoolcache\windows\go\1.26.0\x64
2026-09-27T19:46:36.3893526Z Created link C:\hostedtoolcache\windows\go\1.26.0\x64.complete => D:\hostedtoolcache\windows\go\1.26.0\x64.complete
2026-09-27T19:46:36.3894726Z Successfully cached go to C:\hostedtoolcache\windows\go\1.26.0\x64
2026-09-27T19:46:36.3901330Z Added go to the path
2026-09-27T19:46:36.3903071Z Successfully set up Go version 1.26.0
2026-09-27T19:46:36.7247341Z [command]C:\hostedtoolcache\windows\go\1.26.0\x64\bin\go.exe env GOMODCACHE
2026-09-27T19:46:36.7322984Z [command]C:\hostedtoolcache\windows\go\1.26.0\x64\bin\go.exe env GOCACHE
2026-09-27T19:46:36.7610928Z C:\Users\runneradmin\go\pkg\mod
2026-09-27T19:46:36.7657773Z C:\Users\runneradmin\AppData\Local\go-build
2026-09-27T19:46:36.7711602Z ##[warning]Restore cache failed: Dependencies file is not found in D:\a\wootc\wootc. Supported file pattern: go.mod
2026-09-27T19:46:36.7727574Z go version go1.26.0 windows/amd64
2026-09-27T19:46:36.7727897Z 
2026-09-27T19:46:36.7728339Z ##[group]go env
2026-09-27T19:46:39.3613245Z set AR=ar
2026-09-27T19:46:39.3613747Z set CC=gcc
2026-09-27T19:46:39.3615027Z set CGO_CFLAGS=-O2 -g
2026-09-27T19:46:39.3615394Z set CGO_CPPFLAGS=
2026-09-27T19:46:39.3615744Z set CGO_CXXFLAGS=-O2 -g
2026-09-27T19:46:39.3616069Z set CGO_ENABLED=1
2026-09-27T19:46:39.3616378Z set CGO_FFLAGS=-O2 -g
2026-09-27T19:46:39.3616699Z set CGO_LDFLAGS=-O2 -g
2026-09-27T19:46:39.3617006Z set CXX=g++
2026-09-27T19:46:39.3617255Z set GCCGO=gccgo
2026-09-27T19:46:39.3617510Z set GO111MODULE=
2026-09-27T19:46:39.3617771Z set GOAMD64=v1
2026-09-27T19:46:39.3618070Z set GOARCH=amd64
2026-09-27T19:46:39.3618364Z set GOAUTH=netrc
2026-09-27T19:46:39.3618653Z set GOBIN=
2026-09-27T19:46:39.3619095Z set GOCACHE=C:\Users\runneradmin\AppData\Local\go-build
2026-09-27T19:46:39.3619566Z set GOCACHEPROG=
2026-09-27T19:46:39.3619838Z set GODEBUG=
2026-09-27T19:46:39.3620256Z set GOENV=C:\Users\runneradmin\AppData\Roaming\go\env
2026-09-27T19:46:39.3620737Z set GOEXE=.exe
2026-09-27T19:46:39.3621017Z set GOEXPERIMENT=
2026-09-27T19:46:39.3621331Z set GOFIPS140=off
2026-09-27T19:46:39.3621635Z set GOFLAGS=
2026-09-27T19:46:39.3625188Z set GOGCCFLAGS=-m64 -mthreads -Wl,--no-gc-sections -fmessage-length=0 -ffile-prefix-map=C:\Users\RUNNER~1\AppData\Local\Temp\go-build2166194899=/tmp/go-build -gno-record-gcc-switches
2026-09-27T19:46:39.3626455Z set GOHOSTARCH=amd64
2026-09-27T19:46:39.3626792Z set GOHOSTOS=windows
2026-09-27T19:46:39.3627097Z set GOINSECURE=
2026-09-27T19:46:39.3627397Z set GOMOD=NUL
2026-09-27T19:46:39.3627775Z set GOMODCACHE=C:\Users\runneradmin\go\pkg\mod
2026-09-27T19:46:39.3628205Z set GONOPROXY=
2026-09-27T19:46:39.3628505Z set GONOSUMDB=
2026-09-27T19:46:39.3628784Z set GOOS=windows
2026-09-27T19:46:39.3629150Z set GOPATH=C:\Users\runneradmin\go
2026-09-27T19:46:39.3629546Z set GOPRIVATE=
2026-09-27T19:46:39.3630011Z set GOPROXY=https://proxy.golang.org,direct
2026-09-27T19:46:39.3630649Z set GOROOT=C:\hostedtoolcache\windows\go\1.26.0\x64
2026-09-27T19:46:39.3631154Z set GOSUMDB=sum.golang.org
2026-09-27T19:46:39.3631511Z set GOTELEMETRY=local
2026-09-27T19:46:39.3632054Z set GOTELEMETRYDIR=C:\Users\runneradmin\AppData\Roaming\go\telemetry
2026-09-27T19:46:39.3632615Z set GOTMPDIR=
2026-09-27T19:46:39.3632921Z set GOTOOLCHAIN=local
2026-09-27T19:46:39.3633513Z set GOTOOLDIR=C:\hostedtoolcache\windows\go\1.26.0\x64\pkg\tool\windows_amd64
2026-09-27T19:46:39.3634104Z set GOVCS=
2026-09-27T19:46:39.3634398Z set GOVERSION=go1.26.0
2026-09-27T19:46:39.3635013Z set GOWORK=
2026-09-27T19:46:39.3635324Z set PKG_CONFIG=pkg-config
2026-09-27T19:46:39.3635557Z 
2026-09-27T19:46:39.3636302Z ##[endgroup]
2026-09-27T19:46:39.3979416Z ##[group]Run dotnet publish shell/Wootc.Shell/Wootc.Shell.csproj --configuration Release --runtime win-x64 -p:Platform=x64 -p:NativeBuildId=fbe2414ae966518e93a44d9496b847c1a1e7bb95 -p:NativeBrandId=wootc --output out/branded-preview
2026-09-27T19:46:39.3981083Z [36;1mdotnet publish shell/Wootc.Shell/Wootc.Shell.csproj --configuration Release --runtime win-x64 -p:Platform=x64 -p:NativeBuildId=fbe2414ae966518e93a44d9496b847c1a1e7bb95 -p:NativeBrandId=wootc --output out/branded-preview[0m
2026-09-27T19:46:39.3982024Z [36;1mif ($LASTEXITCODE -ne 0) { throw 'Branded native publish refused' }[0m
2026-09-27T19:46:39.3982486Z [36;1mNew-Item -ItemType Directory -Force app/frontend/dist | Out-Null[0m
2026-09-27T19:46:39.3983038Z [36;1mSet-Content app/frontend/dist/index.html '<!doctype html><title>Native engine preview</title>'[0m
2026-09-27T19:46:39.3983488Z [36;1mPush-Location app[0m
2026-09-27T19:46:39.3984226Z [36;1mtry { go build -ldflags "-X main.nativeBuildID=fbe2414ae966518e93a44d9496b847c1a1e7bb95 -X main.brandID=wootc" -o ../out/branded-preview/wootc-engine.exe . } finally { Pop-Location }[0m
2026-09-27T19:46:39.3985031Z [36;1mif ($LASTEXITCODE -ne 0) { throw 'Branded engine build refused' }[0m
2026-09-27T19:46:39.4467792Z shell: C:\Program Files\PowerShell\7\pwsh.EXE -command ". '{0}'"
2026-09-27T19:46:39.4468134Z env:
2026-09-27T19:46:39.4468347Z   DOTNET_ROOT: C:\Program Files\dotnet
2026-09-27T19:46:39.4468602Z   GOTOOLCHAIN: local
2026-09-27T19:46:39.4468795Z ##[endgroup]
2026-09-27T19:46:49.1874965Z   Determining projects to restore...
2026-09-27T19:46:51.4024456Z   Restored D:\a\wootc\wootc\shell\Wootc.Shell.Core\Wootc.Shell.Core.csproj (in 163 ms).
2026-09-27T19:46:53.3471039Z   Restored D:\a\wootc\wootc\shell\Wootc.Shell.Native\Wootc.Shell.Native.csproj (in 2.15 sec).
2026-09-27T19:47:19.0429471Z   Restored D:\a\wootc\wootc\shell\Wootc.Shell\Wootc.Shell.csproj (in 27.85 sec).
2026-09-27T19:47:26.4717186Z   Wootc.Shell.Core -> D:\a\wootc\wootc\shell\Wootc.Shell.Core\bin\x64\Release\net8.0\Wootc.Shell.Core.dll
2026-09-27T19:47:27.7543691Z   Wootc.Shell.Native -> D:\a\wootc\wootc\shell\Wootc.Shell.Native\bin\x64\Release\net8.0-windows10.0.19041.0\Wootc.Shell.Native.dll
2026-09-27T19:47:40.0487339Z   Wootc.Shell -> D:\a\wootc\wootc\shell\Wootc.Shell\bin\x64\Release\net8.0-windows10.0.19041.0\win-x64\Wootc.Shell.dll
2026-09-27T19:47:41.7888690Z   Wootc.Shell -> D:\a\wootc\wootc\out\branded-preview\
2026-09-27T19:47:42.3015075Z go: downloading github.com/tredoe/osutil v1.5.0
2026-09-27T19:47:42.3049946Z go: downloading github.com/wailsapp/wails/v2 v2.16.0
2026-09-27T19:47:44.8259471Z go: downloading golang.org/x/mod v0.41.0
2026-09-27T19:47:44.8260112Z go: downloading golang.org/x/sys v0.48.0
2026-09-27T19:47:44.8265535Z go: downloading golang.org/x/crypto v0.57.0
2026-09-27T19:47:46.1285040Z go: downloading github.com/leaanthony/u v1.1.1
2026-09-27T19:47:46.1285648Z go: downloading github.com/leaanthony/slicer v1.6.0
2026-09-27T19:47:46.1803147Z go: downloading github.com/leaanthony/go-ansi-parser v1.6.1
2026-09-27T19:47:46.1821218Z go: downloading github.com/pkg/errors v0.9.1
2026-09-27T19:47:46.1873198Z go: downloading github.com/wailsapp/go-webview2 v1.0.22
2026-09-27T19:47:46.2531023Z go: downloading github.com/rivo/uniseg v0.4.7
2026-09-27T19:48:04.4980136Z ##[group]Run ./shell/packaging/test-installed-preview.ps1 -BrandId 'wootc' -BuildId 'fbe2414ae966518e93a44d9496b847c1a1e7bb95' -PackageDirectory out/branded-preview -OutputDirectory out/preview-installer
2026-09-27T19:48:04.4981580Z [36;1m./shell/packaging/test-installed-preview.ps1 -BrandId 'wootc' -BuildId 'fbe2414ae966518e93a44d9496b847c1a1e7bb95' -PackageDirectory out/branded-preview -OutputDirectory out/preview-installer[0m
2026-09-27T19:48:04.5050678Z shell: C:\Program Files\PowerShell\7\pwsh.EXE -command ". '{0}'"
2026-09-27T19:48:04.5051025Z env:
2026-09-27T19:48:04.5051238Z   DOTNET_ROOT: C:\Program Files\dotnet
2026-09-27T19:48:04.5051495Z   GOTOOLCHAIN: local
2026-09-27T19:48:04.5052443Z ##[endgroup]
2026-09-27T19:48:05.2763064Z PASS actual root-reparse mutant accepts unsafe path; exact source restored and refuses it
2026-09-27T19:48:05.5518363Z PASS actual manifest writer, exclusive preservation, missing resources, wrong brand, root/child reparse refusals
2026-09-27T19:48:07.2943016Z PASS actual uninstaller observation: retained timeout, changed identity, directory, missing, later removal
2026-09-27T19:48:10.5478044Z Inno Setup 7 Command-Line Compiler
2026-09-27T19:48:10.5478514Z Copyright (C) 1997-2026 Jordan Russell. All rights reserved.
2026-09-27T19:48:10.5478974Z Portions Copyright (C) 2000-2026 Martijn Laan. All rights reserved.
2026-09-27T19:48:10.5479443Z Portions Copyright (C) 2001-2004 Alex Yackimoff. All rights reserved.
2026-09-27T19:48:10.5479828Z https://www.innosetup.com
2026-09-27T19:48:10.5479975Z 
2026-09-27T19:48:10.5863906Z Compiler engine version: Inno Setup 7.1.0
2026-09-27T19:48:10.5864458Z Non-commercial use only
2026-09-27T19:48:10.5864716Z 
2026-09-27T19:48:10.6108364Z Preprocessing
2026-09-27T19:48:10.6111202Z    Reading file: C:\Users\RUNNER~1\AppData\Local\Temp\wootc-preview-packaging-bcf5cdbb2cf84089986c6f4f601ad4f3\compiler\ISPPBuiltins.iss
2026-09-27T19:48:10.6121872Z Parsing [Setup] section, line 21
2026-09-27T19:48:10.6122366Z Parsing [Setup] section, line 22
2026-09-27T19:48:10.6122792Z Parsing [Setup] section, line 23
2026-09-27T19:48:10.6123215Z Parsing [Setup] section, line 24
2026-09-27T19:48:10.6123621Z Parsing [Setup] section, line 25
2026-09-27T19:48:10.6123930Z Parsing [Setup] section, line 26
2026-09-27T19:48:10.6124182Z Parsing [Setup] section, line 27
2026-09-27T19:48:10.6124443Z Parsing [Setup] section, line 28
2026-09-27T19:48:10.6124696Z Parsing [Setup] section, line 29
2026-09-27T19:48:10.6124946Z Parsing [Setup] section, line 30
2026-09-27T19:48:10.6125200Z Parsing [Setup] section, line 31
2026-09-27T19:48:10.6125448Z Parsing [Setup] section, line 32
2026-09-27T19:48:10.6125692Z Parsing [Setup] section, line 33
2026-09-27T19:48:10.6125951Z Parsing [Setup] section, line 34
2026-09-27T19:48:10.6126203Z Parsing [Setup] section, line 35
2026-09-27T19:48:10.6126451Z Parsing [Setup] section, line 36
2026-09-27T19:48:10.6126700Z Parsing [Setup] section, line 37
2026-09-27T19:48:10.6126961Z Parsing [Setup] section, line 38
2026-09-27T19:48:10.6127208Z Parsing [Setup] section, line 39
2026-09-27T19:48:10.6127467Z Reading file (WizardImageFile)
2026-09-27T19:48:10.6127733Z Reading file (WizardSmallImageFile)
2026-09-27T19:48:10.6128016Z Preparing Setup program executable
2026-09-27T19:48:10.6574266Z    Verification successful
2026-09-27T19:48:10.6607036Z    Updating icons (Setup.e32)
2026-09-27T19:48:10.6696888Z    Updating version info (Setup.e32)
2026-09-27T19:48:10.6727058Z Determining language code pages
2026-09-27T19:48:10.6728336Z    Reading file: C:\Users\RUNNER~1\AppData\Local\Temp\wootc-preview-packaging-bcf5cdbb2cf84089986c6f4f601ad4f3\compiler\Default.isl
2026-09-27T19:48:10.6736295Z    Messages in script file
2026-09-27T19:48:10.6736784Z Reading default messages from Default.isl
2026-09-27T19:48:10.6746704Z Parsing [LangOptions], [Messages], and [CustomMessages] sections
2026-09-27T19:48:10.6750487Z    Reading file: C:\Users\RUNNER~1\AppData\Local\Temp\wootc-preview-packaging-bcf5cdbb2cf84089986c6f4f601ad4f3\compiler\Default.isl
2026-09-27T19:48:10.6751750Z    Messages in script file
2026-09-27T19:48:10.6752197Z Reading [Code] section
2026-09-27T19:48:10.6752644Z Parsing [Icons] section, line 45
2026-09-27T19:48:10.6753163Z Parsing [Files] section, line 42
2026-09-27T19:48:10.6843906Z Compiling [Code] section
2026-09-27T19:48:10.6954235Z Creating setup files
2026-09-27T19:48:10.7131159Z    Verification successful
2026-09-27T19:48:10.7143774Z    Updating icons (Setup.exe)
2026-09-27T19:48:10.7185458Z    Compressing: \\?\D:\a\wootc\wootc\out\branded-preview\clretwrc.dll
2026-09-27T19:48:10.7259183Z    Compressing: \\?\D:\a\wootc\wootc\out\branded-preview\clrgc.dll
2026-09-27T19:48:10.7354651Z    Compressing: \\?\D:\a\wootc\wootc\out\branded-preview\clrjit.dll
2026-09-27T19:48:10.7552637Z    Compressing: \\?\D:\a\wootc\wootc\out\branded-preview\coreclr.dll
2026-09-27T19:48:10.8022349Z    Compressing: \\?\D:\a\wootc\wootc\out\branded-preview\CoreMessagingXP.dll
2026-09-27T19:48:10.8137010Z    Compressing: \\?\D:\a\wootc\wootc\out\branded-preview\createdump.exe
2026-09-27T19:48:10.8144399Z    Compressing: \\?\D:\a\wootc\wootc\out\branded-preview\dcompi.dll
2026-09-27T19:48:10.8446898Z    Compressing: \\?\D:\a\wootc\wootc\out\branded-preview\DirectML.dll
2026-09-27T19:48:14.4318193Z    Compressing: \\?\D:\a\wootc\wootc\out\branded-preview\dwmcorei.dll
2026-09-27T19:48:14.4592413Z    Compressing: \\?\D:\a\wootc\wootc\out\branded-preview\DwmSceneI.dll
2026-09-27T19:48:15.1303314Z    Compressing: \\?\D:\a\wootc\wootc\out\branded-preview\DWriteCore.dll
2026-09-27T19:48:15.1720160Z    Compressing: \\?\D:\a\wootc\wootc\out\branded-preview\hostfxr.dll
2026-09-27T19:48:15.1755706Z    Compressing: \\?\D:\a\wootc\wootc\out\branded-preview\hostpolicy.dll
2026-09-27T19:48:15.1817774Z    Compressing: \\?\D:\a\wootc\wootc\out\branded-preview\marshal.dll
2026-09-27T19:48:15.1915959Z    Compressing: \\?\D:\a\wootc\wootc\out\branded-preview\Microsoft.Asg.SemanticIndex.AiFabric.Compatibility.dll
2026-09-27T19:48:15.9785296Z    Compressing: \\?\D:\a\wootc\wootc\out\branded-preview\Microsoft.CSharp.dll
2026-09-27T19:48:15.9936377Z    Compressing: \\?\D:\a\wootc\wootc\out\branded-preview\Microsoft.DiaSymReader.Native.amd64.dll
2026-09-27T19:48:16.8792306Z    Compressing: \\?\D:\a\wootc\wootc\out\branded-preview\Microsoft.DirectManipulation.dll
2026-09-27T19:48:16.8853581Z    Compressing: \\?\D:\a\wootc\wootc\out\branded-preview\Microsoft.Foundation.winmd
2026-09-27T19:48:16.8855158Z    Compressing: \\?\D:\a\wootc\wootc\out\branded-preview\Microsoft.Graphics.Display.dll
2026-09-27T19:48:16.8876823Z    Compressing: \\?\D:\a\wootc\wootc\out\branded-preview\Microsoft.Graphics.Imaging.dll
2026-09-27T19:48:16.8889983Z    Compressing: \\?\D:\a\wootc\wootc\out\branded-preview\Microsoft.Graphics.Imaging.Projection.dll
2026-09-27T19:48:16.8893174Z    Compressing: \\?\D:\a\wootc\wootc\out\branded-preview\Microsoft.Graphics.Imaging.winmd
2026-09-27T19:48:16.8895103Z    Compressing: \\?\D:\a\wootc\wootc\out\branded-preview\Microsoft.Graphics.ImagingInternal.ImageObjectRemover.winmd
2026-09-27T19:48:16.8896535Z    Compressing: \\?\D:\a\wootc\wootc\out\branded-preview\Microsoft.Graphics.ImagingInternal.winmd
2026-09-27T19:48:16.8898460Z    Compressing: \\?\D:\a\wootc\wootc\out\branded-preview\Microsoft.Graphics.Internal.Imaging.winmd
2026-09-27T19:48:16.8900624Z    Compressing: \\?\D:\a\wootc\wootc\out\branded-preview\Microsoft.Graphics.winmd
2026-09-27T19:48:16.8903130Z    Compressing: \\?\D:\a\wootc\wootc\out\branded-preview\Microsoft.InputStateManager.dll
2026-09-27T19:48:16.8946418Z    Compressing: \\?\D:\a\wootc\wootc\out\branded-preview\Microsoft.InteractiveExperiences.Projection.dll
2026-09-27T19:48:17.7567998Z    Compressing: \\?\D:\a\wootc\wootc\out\branded-preview\Microsoft.Internal.FrameworkUdk.dll
2026-09-27T19:48:17.7742544Z    Compressing: \\?\D:\a\wootc\wootc\out\branded-preview\Microsoft.ML.OnnxRuntime.dll
2026-09-27T19:48:17.7780317Z    Compressing: \\?\D:\a\wootc\wootc\out\branded-preview\Microsoft.Security.Authentication.OAuth.Projection.dll
2026-09-27T19:48:17.7787502Z    Compressing: \\?\D:\a\wootc\wootc\out\branded-preview\Microsoft.Security.Authentication.OAuth.winmd
2026-09-27T19:48:17.7790242Z    Compressing: \\?\D:\a\wootc\wootc\out\branded-preview\Microsoft.UI.Composition.OSSupport.dll
2026-09-27T19:48:17.7797022Z    Compressing: \\?\D:\a\wootc\wootc\out\branded-preview\Microsoft.UI.Designer.dll
2026-09-27T19:48:17.7809277Z    Compressing: \\?\D:\a\wootc\wootc\out\branded-preview\Microsoft.UI.dll
2026-09-27T19:48:17.7827215Z    Compressing: \\?\D:\a\wootc\wootc\out\branded-preview\Microsoft.UI.Input.dll
2026-09-27T19:48:17.7978169Z    Compressing: \\?\D:\a\wootc\wootc\out\branded-preview\Microsoft.UI.pri
2026-09-27T19:48:17.7987234Z    Compressing: \\?\D:\a\wootc\wootc\out\branded-preview\Microsoft.UI.Text.winmd
2026-09-27T19:48:17.7991248Z    Compressing: \\?\D:\a\wootc\wootc\out\branded-preview\Microsoft.UI.Windowing.Core.dll
2026-09-27T19:48:17.8059931Z    Compressing: \\?\D:\a\wootc\wootc\out\branded-preview\Microsoft.UI.Windowing.dll
2026-09-27T19:48:17.8165015Z    Compressing: \\?\D:\a\wootc\wootc\out\branded-preview\Microsoft.UI.winmd
2026-09-27T19:48:18.5421720Z    Compressing: \\?\D:\a\wootc\wootc\out\branded-preview\Microsoft.UI.Xaml.Controls.dll
2026-09-27T19:48:19.5296571Z    Compressing: \\?\D:\a\wootc\wootc\out\branded-preview\Microsoft.UI.Xaml.Controls.pri
2026-09-27T19:48:19.5471129Z    Compressing: \\?\D:\a\wootc\wootc\out\branded-preview\Microsoft.ui.xaml.dll
2026-09-27T19:48:22.4842957Z    Compressing: \\?\D:\a\wootc\wootc\out\branded-preview\Microsoft.UI.Xaml.Internal.dll
2026-09-27T19:48:23.2756536Z    Compressing: \\?\D:\a\wootc\wootc\out\branded-preview\Microsoft.UI.Xaml.Phone.dll
2026-09-27T19:48:23.2872576Z    Compressing: \\?\D:\a\wootc\wootc\out\branded-preview\Microsoft.ui.xaml.resources.19h1.dll
2026-09-27T19:48:23.2977020Z    Compressing: \\?\D:\a\wootc\wootc\out\branded-preview\Microsoft.ui.xaml.resources.common.dll
2026-09-27T19:48:23.2982484Z    Compressing: \\?\D:\a\wootc\wootc\out\branded-preview\Microsoft.UI.Xaml.winmd
2026-09-27T19:48:23.3156510Z    Compressing: \\?\D:\a\wootc\wootc\out\branded-preview\Microsoft.VisualBasic.Core.dll
2026-09-27T19:48:24.0094716Z    Compressing: \\?\D:\a\wootc\wootc\out\branded-preview\Microsoft.VisualBasic.dll
2026-09-27T19:48:24.0096995Z    Compressing: \\?\D:\a\wootc\wootc\out\branded-preview\Microsoft.Web.WebView2.Core.dll
2026-09-27T19:48:24.0171647Z    Compressing: \\?\D:\a\wootc\wootc\out\branded-preview\Microsoft.Web.WebView2.Core.Projection.dll
2026-09-27T19:48:24.0235282Z    Compressing: \\?\D:\a\wootc\wootc\out\branded-preview\Microsoft.Win32.Primitives.dll
2026-09-27T19:48:24.0237060Z    Compressing: \\?\D:\a\wootc\wootc\out\branded-preview\Microsoft.Win32.Registry.dll
2026-09-27T19:48:24.0249275Z    Compressing: \\?\D:\a\wootc\wootc\out\branded-preview\Microsoft.Windows.AI.AICapabilities.dll
2026-09-27T19:48:24.0260562Z    Compressing: \\?\D:\a\wootc\wootc\out\branded-preview\Microsoft.Windows.AI.ContentModerationInternal.winmd
2026-09-27T19:48:24.0262337Z    Compressing: \\?\D:\a\wootc\wootc\out\branded-preview\Microsoft.Windows.AI.ContentSafety.dll
2026-09-27T19:48:24.0273080Z    Compressing: \\?\D:\a\wootc\wootc\out\branded-preview\Microsoft.Windows.AI.ContentSafety.Projection.dll
2026-09-27T19:48:24.0277000Z    Compressing: \\?\D:\a\wootc\wootc\out\branded-preview\Microsoft.Windows.AI.ContentSafety.winmd
2026-09-27T19:48:24.0279504Z    Compressing: \\?\D:\a\wootc\wootc\out\branded-preview\Microsoft.Windows.AI.Foundation.Projection.dll
2026-09-27T19:48:24.0282492Z    Compressing: \\?\D:\a\wootc\wootc\out\branded-preview\Microsoft.Windows.AI.Foundation.winmd
2026-09-27T19:48:24.0284332Z    Compressing: \\?\D:\a\wootc\wootc\out\branded-preview\Microsoft.Windows.AI.FoundationInternal.winmd
2026-09-27T19:48:24.0286092Z    Compressing: \\?\D:\a\wootc\wootc\out\branded-preview\Microsoft.Windows.AI.GenerativeInternal.winmd
2026-09-27T19:48:24.0289128Z    Compressing: \\?\D:\a\wootc\wootc\out\branded-preview\Microsoft.Windows.AI.Imaging.dll
2026-09-27T19:48:24.0361895Z    Compressing: \\?\D:\a\wootc\wootc\out\branded-preview\Microsoft.Windows.AI.Imaging.Projection.dll
2026-09-27T19:48:24.0370177Z    Compressing: \\?\D:\a\wootc\wootc\out\branded-preview\Microsoft.Windows.AI.Imaging.winmd
2026-09-27T19:48:24.0372647Z    Compressing: \\?\D:\a\wootc\wootc\out\branded-preview\Microsoft.Windows.AI.MachineLearning.dll
2026-09-27T19:48:24.0484970Z    Compressing: \\?\D:\a\wootc\wootc\out\branded-preview\Microsoft.Windows.AI.MachineLearning.Projection.dll
2026-09-27T19:48:24.0501590Z    Compressing: \\?\D:\a\wootc\wootc\out\branded-preview\Microsoft.Windows.AI.Projection.dll
2026-09-27T19:48:24.0507184Z    Compressing: \\?\D:\a\wootc\wootc\out\branded-preview\Microsoft.Windows.AI.Search.Experimental.dll
2026-09-27T19:48:24.6871665Z    Compressing: \\?\D:\a\wootc\wootc\out\branded-preview\Microsoft.Windows.AI.Text.dll
2026-09-27T19:48:24.6997849Z    Compressing: \\?\D:\a\wootc\wootc\out\branded-preview\Microsoft.Windows.AI.Text.Projection.dll
2026-09-27T19:48:24.7008287Z    Compressing: \\?\D:\a\wootc\wootc\out\branded-preview\Microsoft.Windows.AI.Text.winmd
2026-09-27T19:48:24.7011174Z    Compressing: \\?\D:\a\wootc\wootc\out\branded-preview\Microsoft.Windows.AI.Video.dll
2026-09-27T19:48:24.7063005Z    Compressing: \\?\D:\a\wootc\wootc\out\branded-preview\Microsoft.Windows.AI.Video.Projection.dll
2026-09-27T19:48:24.7067083Z    Compressing: \\?\D:\a\wootc\wootc\out\branded-preview\Microsoft.Windows.AI.Video.winmd
2026-09-27T19:48:24.7069038Z    Compressing: \\?\D:\a\wootc\wootc\out\branded-preview\Microsoft.Windows.AI.winmd
2026-09-27T19:48:24.7071335Z    Compressing: \\?\D:\a\wootc\wootc\out\branded-preview\Microsoft.Windows.ApplicationModel.Background.Projection.dll
2026-09-27T19:48:24.7074384Z    Compressing: \\?\D:\a\wootc\wootc\out\branded-preview\Microsoft.Windows.ApplicationModel.Background.UniversalBGTask.dll
2026-09-27T19:48:24.7084688Z    Compressing: \\?\D:\a\wootc\wootc\out\branded-preview\Microsoft.Windows.ApplicationModel.Background.UniversalBGTask.winmd
2026-09-27T19:48:24.7086266Z    Compressing: \\?\D:\a\wootc\wootc\out\branded-preview\Microsoft.Windows.ApplicationModel.Background.winmd
2026-09-27T19:48:24.7088253Z    Compressing: \\?\D:\a\wootc\wootc\out\branded-preview\Microsoft.Windows.ApplicationModel.DynamicDependency.Projection.dll
2026-09-27T19:48:24.7093032Z    Compressing: \\?\D:\a\wootc\wootc\out\branded-preview\Microsoft.Windows.ApplicationModel.DynamicDependency.winmd
2026-09-27T19:48:24.7095398Z    Compressing: \\?\D:\a\wootc\wootc\out\branded-preview\Microsoft.Windows.ApplicationModel.Resources.dll
2026-09-27T19:48:24.7110762Z    Compressing: \\?\D:\a\wootc\wootc\out\branded-preview\Microsoft.Windows.ApplicationModel.Resources.Projection.dll
2026-09-27T19:48:24.7117926Z    Compressing: \\?\D:\a\wootc\wootc\out\branded-preview\Microsoft.Windows.ApplicationModel.Resources.winmd
2026-09-27T19:48:24.7120652Z    Compressing: \\?\D:\a\wootc\wootc\out\branded-preview\Microsoft.Windows.ApplicationModel.WindowsAppRuntime.Projection.dll
2026-09-27T19:48:24.7125647Z    Compressing: \\?\D:\a\wootc\wootc\out\branded-preview\Microsoft.Windows.ApplicationModel.WindowsAppRuntime.winmd
2026-09-27T19:48:24.7128588Z    Compressing: \\?\D:\a\wootc\wootc\out\branded-preview\Microsoft.Windows.AppLifecycle.Projection.dll
2026-09-27T19:48:24.7132740Z    Compressing: \\?\D:\a\wootc\wootc\out\branded-preview\Microsoft.Windows.AppLifecycle.winmd
2026-09-27T19:48:24.7135378Z    Compressing: \\?\D:\a\wootc\wootc\out\branded-preview\Microsoft.Windows.AppNotifications.Builder.Projection.dll
2026-09-27T19:48:24.7142465Z    Compressing: \\?\D:\a\wootc\wootc\out\branded-preview\Microsoft.Windows.AppNotifications.Builder.winmd
2026-09-27T19:48:24.7145406Z    Compressing: \\?\D:\a\wootc\wootc\out\branded-preview\Microsoft.Windows.AppNotifications.Projection.dll
2026-09-27T19:48:24.7152187Z    Compressing: \\?\D:\a\wootc\wootc\out\branded-preview\Microsoft.Windows.AppNotifications.winmd
2026-09-27T19:48:24.7154228Z    Compressing: \\?\D:\a\wootc\wootc\out\branded-preview\Microsoft.Windows.BadgeNotifications.Projection.dll
2026-09-27T19:48:24.7157505Z    Compressing: \\?\D:\a\wootc\wootc\out\branded-preview\Microsoft.Windows.BadgeNotifications.winmd
2026-09-27T19:48:24.7159465Z    Compressing: \\?\D:\a\wootc\wootc\out\branded-preview\Microsoft.Windows.Foundation.Projection.dll
2026-09-27T19:48:24.7162728Z    Compressing: \\?\D:\a\wootc\wootc\out\branded-preview\Microsoft.Windows.Foundation.winmd
2026-09-27T19:48:24.7165007Z    Compressing: \\?\D:\a\wootc\wootc\out\branded-preview\Microsoft.Windows.Globalization.winmd
2026-09-27T19:48:24.7166737Z    Compressing: \\?\D:\a\wootc\wootc\out\branded-preview\Microsoft.Windows.ImageCreationInternal.winmd
2026-09-27T19:48:24.7169069Z    Compressing: \\?\D:\a\wootc\wootc\out\branded-preview\Microsoft.Windows.Internal.AI.ContentModeration.winmd
2026-09-27T19:48:24.7170799Z    Compressing: \\?\D:\a\wootc\wootc\out\branded-preview\Microsoft.Windows.Internal.AI.Generative.winmd
2026-09-27T19:48:24.7173920Z    Compressing: \\?\D:\a\wootc\wootc\out\branded-preview\Microsoft.Windows.Internal.ImageCreation.winmd
2026-09-27T19:48:24.7176155Z    Compressing: \\?\D:\a\wootc\wootc\out\branded-preview\Microsoft.Windows.Internal.SemanticSearch.winmd
2026-09-27T19:48:24.7178533Z    Compressing: \\?\D:\a\wootc\wootc\out\branded-preview\Microsoft.Windows.Internal.Vision.winmd
2026-09-27T19:48:24.7180629Z    Compressing: \\?\D:\a\wootc\wootc\out\branded-preview\Microsoft.Windows.Management.Deployment.Projection.dll
2026-09-27T19:48:24.7197426Z    Compressing: \\?\D:\a\wootc\wootc\out\branded-preview\Microsoft.Windows.Management.Deployment.winmd
2026-09-27T19:48:24.7201903Z    Compressing: \\?\D:\a\wootc\wootc\out\branded-preview\Microsoft.Windows.Media.Capture.Projection.dll
2026-09-27T19:48:24.7205890Z    Compressing: \\?\D:\a\wootc\wootc\out\branded-preview\Microsoft.Windows.Media.Capture.winmd
2026-09-27T19:48:24.7208176Z    Compressing: \\?\D:\a\wootc\wootc\out\branded-preview\Microsoft.Windows.Private.Workloads.SessionManager.winmd
2026-09-27T19:48:24.7210212Z    Compressing: \\?\D:\a\wootc\wootc\out\branded-preview\Microsoft.Windows.PrivateCommon.winmd
2026-09-27T19:48:24.7212693Z    Compressing: \\?\D:\a\wootc\wootc\out\branded-preview\Microsoft.Windows.PushNotifications.Projection.dll
2026-09-27T19:48:24.7217844Z    Compressing: \\?\D:\a\wootc\wootc\out\branded-preview\Microsoft.Windows.PushNotifications.winmd
2026-09-27T19:48:24.7219811Z    Compressing: \\?\D:\a\wootc\wootc\out\branded-preview\Microsoft.Windows.SDK.NET.dll
2026-09-27T19:48:28.5172613Z    Compressing: \\?\D:\a\wootc\wootc\out\branded-preview\Microsoft.Windows.Search.dll
2026-09-27T19:48:29.2368452Z    Compressing: \\?\D:\a\wootc\wootc\out\branded-preview\Microsoft.Windows.Search.Projection.dll
2026-09-27T19:48:29.2386357Z    Compressing: \\?\D:\a\wootc\wootc\out\branded-preview\Microsoft.Windows.Search.winmd
2026-09-27T19:48:29.2391311Z    Compressing: \\?\D:\a\wootc\wootc\out\branded-preview\Microsoft.Windows.Security.AccessControl.Projection.dll
2026-09-27T19:48:29.2393692Z    Compressing: \\?\D:\a\wootc\wootc\out\branded-preview\Microsoft.Windows.Security.AccessControl.winmd
2026-09-27T19:48:29.2395483Z    Compressing: \\?\D:\a\wootc\wootc\out\branded-preview\Microsoft.Windows.SemanticSearch.winmd
2026-09-27T19:48:29.2397590Z    Compressing: \\?\D:\a\wootc\wootc\out\branded-preview\Microsoft.Windows.SemanticSearchInternal.winmd
2026-09-27T19:48:29.2399833Z    Compressing: \\?\D:\a\wootc\wootc\out\branded-preview\Microsoft.Windows.Storage.Pickers.Projection.dll
2026-09-27T19:48:29.2407116Z    Compressing: \\?\D:\a\wootc\wootc\out\branded-preview\Microsoft.Windows.Storage.Pickers.winmd
2026-09-27T19:48:29.2409597Z    Compressing: \\?\D:\a\wootc\wootc\out\branded-preview\Microsoft.Windows.Storage.Projection.dll
2026-09-27T19:48:29.2413752Z    Compressing: \\?\D:\a\wootc\wootc\out\branded-preview\Microsoft.Windows.Storage.winmd
2026-09-27T19:48:29.2416943Z    Compressing: \\?\D:\a\wootc\wootc\out\branded-preview\Microsoft.Windows.System.Power.Projection.dll
2026-09-27T19:48:29.2420018Z    Compressing: \\?\D:\a\wootc\wootc\out\branded-preview\Microsoft.Windows.System.Power.winmd
2026-09-27T19:48:29.2422405Z    Compressing: \\?\D:\a\wootc\wootc\out\branded-preview\Microsoft.Windows.System.Projection.dll
2026-09-27T19:48:29.2426785Z    Compressing: \\?\D:\a\wootc\wootc\out\branded-preview\Microsoft.Windows.System.winmd
2026-09-27T19:48:29.2428764Z    Compressing: \\?\D:\a\wootc\wootc\out\branded-preview\Microsoft.Windows.Vision.winmd
2026-09-27T19:48:29.2430557Z    Compressing: \\?\D:\a\wootc\wootc\out\branded-preview\Microsoft.Windows.VisionInternal.winmd
2026-09-27T19:48:29.2432762Z    Compressing: \\?\D:\a\wootc\wootc\out\branded-preview\Microsoft.Windows.Widgets.dll
2026-09-27T19:48:29.2716686Z    Compressing: \\?\D:\a\wootc\wootc\out\branded-preview\Microsoft.Windows.Widgets.Projection.dll
2026-09-27T19:48:29.9122403Z    Compressing: \\?\D:\a\wootc\wootc\out\branded-preview\Microsoft.Windows.Widgets.winmd
2026-09-27T19:48:29.9127557Z    Compressing: \\?\D:\a\wootc\wootc\out\branded-preview\Microsoft.Windows.Workloads.dll
2026-09-27T19:48:29.9167513Z    Compressing: \\?\D:\a\wootc\wootc\out\branded-preview\Microsoft.Windows.Workloads.pri
2026-09-27T19:48:29.9169023Z    Compressing: \\?\D:\a\wootc\wootc\out\branded-preview\Microsoft.Windows.Workloads.Resources.dll
2026-09-27T19:48:29.9185970Z    Compressing: \\?\D:\a\wootc\wootc\out\branded-preview\Microsoft.Windows.Workloads.Resources_ec.dll
2026-09-27T19:48:29.9202853Z    Compressing: \\?\D:\a\wootc\wootc\out\branded-preview\Microsoft.Windows.Workloads.winmd
2026-09-27T19:48:29.9205356Z    Compressing: \\?\D:\a\wootc\wootc\out\branded-preview\Microsoft.WindowsAppRuntime.Bootstrap.dll
2026-09-27T19:48:29.9244567Z    Compressing: \\?\D:\a\wootc\wootc\out\branded-preview\Microsoft.WindowsAppRuntime.Bootstrap.Net.dll
2026-09-27T19:48:29.9247537Z    Compressing: \\?\D:\a\wootc\wootc\out\branded-preview\Microsoft.WindowsAppRuntime.dll
2026-09-27T19:48:29.9584356Z    Compressing: \\?\D:\a\wootc\wootc\out\branded-preview\Microsoft.WindowsAppRuntime.pri
2026-09-27T19:48:29.9586031Z    Compressing: \\?\D:\a\wootc\wootc\out\branded-preview\Microsoft.WinUI.dll
2026-09-27T19:48:31.4108723Z    Compressing: \\?\D:\a\wootc\wootc\out\branded-preview\MRM.dll
2026-09-27T19:48:31.4137543Z    Compressing: \\?\D:\a\wootc\wootc\out\branded-preview\mscordaccore.dll
2026-09-27T19:48:31.4341553Z    Compressing: \\?\D:\a\wootc\wootc\out\branded-preview\mscordaccore_amd64_amd64_8.0.3126.42015.dll
2026-09-27T19:48:31.4480200Z    Compressing: \\?\D:\a\wootc\wootc\out\branded-preview\mscordbi.dll
2026-09-27T19:48:32.0596257Z    Compressing: \\?\D:\a\wootc\wootc\out\branded-preview\mscorlib.dll
2026-09-27T19:48:32.0607803Z    Compressing: \\?\D:\a\wootc\wootc\out\branded-preview\mscorrc.dll
2026-09-27T19:48:32.0633532Z    Compressing: \\?\D:\a\wootc\wootc\out\branded-preview\msquic.dll
2026-09-27T19:48:32.0688767Z    Compressing: \\?\D:\a\wootc\wootc\out\branded-preview\native-package.json
2026-09-27T19:48:32.0697933Z    Compressing: \\?\D:\a\wootc\wootc\out\branded-preview\netstandard.dll
2026-09-27T19:48:32.0717393Z    Compressing: \\?\D:\a\wootc\wootc\out\branded-preview\NPUDetect.dll
2026-09-27T19:48:32.0769251Z    Compressing: \\?\D:\a\wootc\wootc\out\branded-preview\onnxruntime.dll
2026-09-27T19:48:35.9871330Z    Compressing: \\?\D:\a\wootc\wootc\out\branded-preview\PerceptiveStreaming.dll
2026-09-27T19:48:36.6149497Z    Compressing: \\?\D:\a\wootc\wootc\out\branded-preview\PushNotificationsLongRunningTask.ProxyStub.dll
2026-09-27T19:48:36.6155727Z    Compressing: \\?\D:\a\wootc\wootc\out\branded-preview\RestartAgent.exe
2026-09-27T19:48:36.6171030Z    Compressing: \\?\D:\a\wootc\wootc\out\branded-preview\SessionHandleIPCProxyStub.dll
2026-09-27T19:48:36.6177574Z    Compressing: \\?\D:\a\wootc\wootc\out\branded-preview\System.AppContext.dll
2026-09-27T19:48:36.6181784Z    Compressing: \\?\D:\a\wootc\wootc\out\branded-preview\System.Buffers.dll
2026-09-27T19:48:36.6185892Z    Compressing: \\?\D:\a\wootc\wootc\out\branded-preview\System.Collections.Concurrent.dll
2026-09-27T19:48:36.6238823Z    Compressing: \\?\D:\a\wootc\wootc\out\branded-preview\System.Collections.dll
2026-09-27T19:48:36.6287335Z    Compressing: \\?\D:\a\wootc\wootc\out\branded-preview\System.Collections.Immutable.dll
2026-09-27T19:48:36.6440782Z    Compressing: \\?\D:\a\wootc\wootc\out\branded-preview\System.Collections.NonGeneric.dll
2026-09-27T19:48:36.6460357Z    Compressing: \\?\D:\a\wootc\wootc\out\branded-preview\System.Collections.Specialized.dll
2026-09-27T19:48:36.6480368Z    Compressing: \\?\D:\a\wootc\wootc\out\branded-preview\System.ComponentModel.Annotations.dll
2026-09-27T19:48:36.6514355Z    Compressing: \\?\D:\a\wootc\wootc\out\branded-preview\System.ComponentModel.DataAnnotations.dll
2026-09-27T19:48:36.6516521Z    Compressing: \\?\D:\a\wootc\wootc\out\branded-preview\System.ComponentModel.dll
2026-09-27T19:48:36.6520158Z    Compressing: \\?\D:\a\wootc\wootc\out\branded-preview\System.ComponentModel.EventBasedAsync.dll
2026-09-27T19:48:36.6525290Z    Compressing: \\?\D:\a\wootc\wootc\out\branded-preview\System.ComponentModel.Primitives.dll
2026-09-27T19:48:36.6533549Z    Compressing: \\?\D:\a\wootc\wootc\out\branded-preview\System.ComponentModel.TypeConverter.dll
2026-09-27T19:48:36.6602976Z    Compressing: \\?\D:\a\wootc\wootc\out\branded-preview\System.Configuration.dll
2026-09-27T19:48:36.6605191Z    Compressing: \\?\D:\a\wootc\wootc\out\branded-preview\System.Console.dll
2026-09-27T19:48:36.6621881Z    Compressing: \\?\D:\a\wootc\wootc\out\branded-preview\System.Core.dll
2026-09-27T19:48:36.6624615Z    Compressing: \\?\D:\a\wootc\wootc\out\branded-preview\System.Data.Common.dll
2026-09-27T19:48:37.2220720Z    Compressing: \\?\D:\a\wootc\wootc\out\branded-preview\System.Data.DataSetExtensions.dll
2026-09-27T19:48:37.2222630Z    Compressing: \\?\D:\a\wootc\wootc\out\branded-preview\System.Data.dll
2026-09-27T19:48:37.2225914Z    Compressing: \\?\D:\a\wootc\wootc\out\branded-preview\System.Diagnostics.Contracts.dll
2026-09-27T19:48:37.2228264Z    Compressing: \\?\D:\a\wootc\wootc\out\branded-preview\System.Diagnostics.Debug.dll
2026-09-27T19:48:37.2230398Z    Compressing: \\?\D:\a\wootc\wootc\out\branded-preview\System.Diagnostics.DiagnosticSource.dll
2026-09-27T19:48:37.2269386Z    Compressing: \\?\D:\a\wootc\wootc\out\branded-preview\System.Diagnostics.FileVersionInfo.dll
2026-09-27T19:48:37.2274274Z    Compressing: \\?\D:\a\wootc\wootc\out\branded-preview\System.Diagnostics.Process.dll
2026-09-27T19:48:37.2307377Z    Compressing: \\?\D:\a\wootc\wootc\out\branded-preview\System.Diagnostics.StackTrace.dll
2026-09-27T19:48:37.2312446Z    Compressing: \\?\D:\a\wootc\wootc\out\branded-preview\System.Diagnostics.TextWriterTraceListener.dll
2026-09-27T19:48:37.2322519Z    Compressing: \\?\D:\a\wootc\wootc\out\branded-preview\System.Diagnostics.Tools.dll
2026-09-27T19:48:37.2324050Z    Compressing: \\?\D:\a\wootc\wootc\out\branded-preview\System.Diagnostics.TraceSource.dll
2026-09-27T19:48:37.2337626Z    Compressing: \\?\D:\a\wootc\wootc\out\branded-preview\System.Diagnostics.Tracing.dll
2026-09-27T19:48:37.2339623Z    Compressing: \\?\D:\a\wootc\wootc\out\branded-preview\System.dll
2026-09-27T19:48:37.2345145Z    Compressing: \\?\D:\a\wootc\wootc\out\branded-preview\System.Drawing.dll
2026-09-27T19:48:37.2347844Z    Compressing: \\?\D:\a\wootc\wootc\out\branded-preview\System.Drawing.Primitives.dll
2026-09-27T19:48:37.2360785Z    Compressing: \\?\D:\a\wootc\wootc\out\branded-preview\System.Dynamic.Runtime.dll
2026-09-27T19:48:37.2363157Z    Compressing: \\?\D:\a\wootc\wootc\out\branded-preview\System.Formats.Asn1.dll
2026-09-27T19:48:37.2386270Z    Compressing: \\?\D:\a\wootc\wootc\out\branded-preview\System.Formats.Tar.dll
2026-09-27T19:48:37.2412311Z    Compressing: \\?\D:\a\wootc\wootc\out\branded-preview\System.Globalization.Calendars.dll
2026-09-27T19:48:37.2414518Z    Compressing: \\?\D:\a\wootc\wootc\out\branded-preview\System.Globalization.dll
2026-09-27T19:48:37.2416309Z    Compressing: \\?\D:\a\wootc\wootc\out\branded-preview\System.Globalization.Extensions.dll
2026-09-27T19:48:37.2418491Z    Compressing: \\?\D:\a\wootc\wootc\out\branded-preview\System.IO.Compression.Brotli.dll
2026-09-27T19:48:37.2427103Z    Compressing: \\?\D:\a\wootc\wootc\out\branded-preview\System.IO.Compression.dll
2026-09-27T19:48:37.2451943Z    Compressing: \\?\D:\a\wootc\wootc\out\branded-preview\System.IO.Compression.FileSystem.dll
2026-09-27T19:48:37.2453859Z    Compressing: \\?\D:\a\wootc\wootc\out\branded-preview\System.IO.Compression.Native.dll
2026-09-27T19:48:37.2531010Z    Compressing: \\?\D:\a\wootc\wootc\out\branded-preview\System.IO.Compression.ZipFile.dll
2026-09-27T19:48:37.2537277Z    Compressing: \\?\D:\a\wootc\wootc\out\branded-preview\System.IO.dll
2026-09-27T19:48:37.2539931Z    Compressing: \\?\D:\a\wootc\wootc\out\branded-preview\System.IO.FileSystem.AccessControl.dll
2026-09-27T19:48:37.2556389Z    Compressing: \\?\D:\a\wootc\wootc\out\branded-preview\System.IO.FileSystem.dll
2026-09-27T19:48:37.2559581Z    Compressing: \\?\D:\a\wootc\wootc\out\branded-preview\System.IO.FileSystem.DriveInfo.dll
2026-09-27T19:48:37.2569863Z    Compressing: \\?\D:\a\wootc\wootc\out\branded-preview\System.IO.FileSystem.Primitives.dll
2026-09-27T19:48:37.2572897Z    Compressing: \\?\D:\a\wootc\wootc\out\branded-preview\System.IO.FileSystem.Watcher.dll
2026-09-27T19:48:37.2588909Z    Compressing: \\?\D:\a\wootc\wootc\out\branded-preview\System.IO.IsolatedStorage.dll
2026-09-27T19:48:37.2606157Z    Compressing: \\?\D:\a\wootc\wootc\out\branded-preview\System.IO.MemoryMappedFiles.dll
2026-09-27T19:48:37.2621655Z    Compressing: \\?\D:\a\wootc\wootc\out\branded-preview\System.IO.Pipes.AccessControl.dll
2026-09-27T19:48:37.2624881Z    Compressing: \\?\D:\a\wootc\wootc\out\branded-preview\System.IO.Pipes.dll
2026-09-27T19:48:37.9390787Z    Compressing: \\?\D:\a\wootc\wootc\out\branded-preview\System.IO.UnmanagedMemoryStream.dll
2026-09-27T19:48:37.9394558Z    Compressing: \\?\D:\a\wootc\wootc\out\branded-preview\System.Linq.dll
2026-09-27T19:48:37.9455411Z    Compressing: \\?\D:\a\wootc\wootc\out\branded-preview\System.Linq.Expressions.dll
2026-09-27T19:48:37.9800875Z    Compressing: \\?\D:\a\wootc\wootc\out\branded-preview\System.Linq.Parallel.dll
2026-09-27T19:48:38.7166826Z    Compressing: \\?\D:\a\wootc\wootc\out\branded-preview\System.Linq.Queryable.dll
2026-09-27T19:48:38.7184278Z    Compressing: \\?\D:\a\wootc\wootc\out\branded-preview\System.Memory.dll
2026-09-27T19:48:38.7200120Z    Compressing: \\?\D:\a\wootc\wootc\out\branded-preview\System.Net.dll
2026-09-27T19:48:38.7202831Z    Compressing: \\?\D:\a\wootc\wootc\out\branded-preview\System.Net.Http.dll
2026-09-27T19:48:38.7367130Z    Compressing: \\?\D:\a\wootc\wootc\out\branded-preview\System.Net.Http.Json.dll
2026-09-27T19:48:38.7379928Z    Compressing: \\?\D:\a\wootc\wootc\out\branded-preview\System.Net.HttpListener.dll
2026-09-27T19:48:38.7432827Z    Compressing: \\?\D:\a\wootc\wootc\out\branded-preview\System.Net.Mail.dll
2026-09-27T19:48:38.7473364Z    Compressing: \\?\D:\a\wootc\wootc\out\branded-preview\System.Net.NameResolution.dll
2026-09-27T19:48:38.7484213Z    Compressing: \\?\D:\a\wootc\wootc\out\branded-preview\System.Net.NetworkInformation.dll
2026-09-27T19:48:38.7499536Z    Compressing: \\?\D:\a\wootc\wootc\out\branded-preview\System.Net.Ping.dll
2026-09-27T19:48:38.7508959Z    Compressing: \\?\D:\a\wootc\wootc\out\branded-preview\System.Net.Primitives.dll
2026-09-27T19:48:38.7530945Z    Compressing: \\?\D:\a\wootc\wootc\out\branded-preview\System.Net.Quic.dll
2026-09-27T19:48:38.7561276Z    Compressing: \\?\D:\a\wootc\wootc\out\branded-preview\System.Net.Requests.dll
2026-09-27T19:48:38.7626599Z    Compressing: \\?\D:\a\wootc\wootc\out\branded-preview\System.Net.Security.dll
2026-09-27T19:48:39.4093379Z    Compressing: \\?\D:\a\wootc\wootc\out\branded-preview\System.Net.ServicePoint.dll
2026-09-27T19:48:39.4098631Z    Compressing: \\?\D:\a\wootc\wootc\out\branded-preview\System.Net.Sockets.dll
2026-09-27T19:48:39.4151678Z    Compressing: \\?\D:\a\wootc\wootc\out\branded-preview\System.Net.WebClient.dll
2026-09-27T19:48:39.4168423Z    Compressing: \\?\D:\a\wootc\wootc\out\branded-preview\System.Net.WebHeaderCollection.dll
2026-09-27T19:48:39.4175677Z    Compressing: \\?\D:\a\wootc\wootc\out\branded-preview\System.Net.WebProxy.dll
2026-09-27T19:48:39.4180189Z    Compressing: \\?\D:\a\wootc\wootc\out\branded-preview\System.Net.WebSockets.Client.dll
2026-09-27T19:48:39.4190741Z    Compressing: \\?\D:\a\wootc\wootc\out\branded-preview\System.Net.WebSockets.dll
2026-09-27T19:48:39.4209046Z    Compressing: \\?\D:\a\wootc\wootc\out\branded-preview\System.Numerics.dll
2026-09-27T19:48:39.4211397Z    Compressing: \\?\D:\a\wootc\wootc\out\branded-preview\System.Numerics.Tensors.dll
2026-09-27T19:48:39.4254755Z    Compressing: \\?\D:\a\wootc\wootc\out\branded-preview\System.Numerics.Vectors.dll
2026-09-27T19:48:39.4256565Z    Compressing: \\?\D:\a\wootc\wootc\out\branded-preview\System.ObjectModel.dll
2026-09-27T19:48:39.4264702Z    Compressing: \\?\D:\a\wootc\wootc\out\branded-preview\System.Private.CoreLib.dll
2026-09-27T19:48:41.6890630Z    Compressing: \\?\D:\a\wootc\wootc\out\branded-preview\System.Private.DataContractSerialization.dll
2026-09-27T19:48:41.7081685Z    Compressing: \\?\D:\a\wootc\wootc\out\branded-preview\System.Private.Uri.dll
2026-09-27T19:48:41.7106078Z    Compressing: \\?\D:\a\wootc\wootc\out\branded-preview\System.Private.Xml.dll
2026-09-27T19:48:43.1657697Z    Compressing: \\?\D:\a\wootc\wootc\out\branded-preview\System.Private.Xml.Linq.dll
2026-09-27T19:48:43.1725950Z    Compressing: \\?\D:\a\wootc\wootc\out\branded-preview\System.Reflection.DispatchProxy.dll
2026-09-27T19:48:43.1739714Z    Compressing: \\?\D:\a\wootc\wootc\out\branded-preview\System.Reflection.dll
2026-09-27T19:48:43.1742944Z    Compressing: \\?\D:\a\wootc\wootc\out\branded-preview\System.Reflection.Emit.dll
2026-09-27T19:48:43.1766640Z    Compressing: \\?\D:\a\wootc\wootc\out\branded-preview\System.Reflection.Emit.ILGeneration.dll
2026-09-27T19:48:43.1769730Z    Compressing: \\?\D:\a\wootc\wootc\out\branded-preview\System.Reflection.Emit.Lightweight.dll
2026-09-27T19:48:43.1772937Z    Compressing: \\?\D:\a\wootc\wootc\out\branded-preview\System.Reflection.Extensions.dll
2026-09-27T19:48:43.1776260Z    Compressing: \\?\D:\a\wootc\wootc\out\branded-preview\System.Reflection.Metadata.dll
2026-09-27T19:48:43.1889793Z    Compressing: \\?\D:\a\wootc\wootc\out\branded-preview\System.Reflection.Primitives.dll
2026-09-27T19:48:43.1893159Z    Compressing: \\?\D:\a\wootc\wootc\out\branded-preview\System.Reflection.TypeExtensions.dll
2026-09-27T19:48:43.1901474Z    Compressing: \\?\D:\a\wootc\wootc\out\branded-preview\System.Resources.Reader.dll
2026-09-27T19:48:43.1905127Z    Compressing: \\?\D:\a\wootc\wootc\out\branded-preview\System.Resources.ResourceManager.dll
2026-09-27T19:48:43.1908289Z    Compressing: \\?\D:\a\wootc\wootc\out\branded-preview\System.Resources.Writer.dll
2026-09-27T19:48:43.1918531Z    Compressing: \\?\D:\a\wootc\wootc\out\branded-preview\System.Runtime.CompilerServices.Unsafe.dll
2026-09-27T19:48:43.1921682Z    Compressing: \\?\D:\a\wootc\wootc\out\branded-preview\System.Runtime.CompilerServices.VisualC.dll
2026-09-27T19:48:43.1927617Z    Compressing: \\?\D:\a\wootc\wootc\out\branded-preview\System.Runtime.dll
2026-09-27T19:48:43.1936448Z    Compressing: \\?\D:\a\wootc\wootc\out\branded-preview\System.Runtime.Extensions.dll
2026-09-27T19:48:43.1940164Z    Compressing: \\?\D:\a\wootc\wootc\out\branded-preview\System.Runtime.Handles.dll
2026-09-27T19:48:43.1943531Z    Compressing: \\?\D:\a\wootc\wootc\out\branded-preview\System.Runtime.InteropServices.dll
2026-09-27T19:48:43.1963060Z    Compressing: \\?\D:\a\wootc\wootc\out\branded-preview\System.Runtime.InteropServices.JavaScript.dll
2026-09-27T19:48:43.1973660Z    Compressing: \\?\D:\a\wootc\wootc\out\branded-preview\System.Runtime.InteropServices.RuntimeInformation.dll
2026-09-27T19:48:43.1978453Z    Compressing: \\?\D:\a\wootc\wootc\out\branded-preview\System.Runtime.Intrinsics.dll
2026-09-27T19:48:43.1980705Z    Compressing: \\?\D:\a\wootc\wootc\out\branded-preview\System.Runtime.Loader.dll
2026-09-27T19:48:43.1983977Z    Compressing: \\?\D:\a\wootc\wootc\out\branded-preview\System.Runtime.Numerics.dll
2026-09-27T19:48:43.2045932Z    Compressing: \\?\D:\a\wootc\wootc\out\branded-preview\System.Runtime.Serialization.dll
2026-09-27T19:48:43.2049696Z    Compressing: \\?\D:\a\wootc\wootc\out\branded-preview\System.Runtime.Serialization.Formatters.dll
2026-09-27T19:48:43.2107585Z    Compressing: \\?\D:\a\wootc\wootc\out\branded-preview\System.Runtime.Serialization.Json.dll
2026-09-27T19:48:43.2111105Z    Compressing: \\?\D:\a\wootc\wootc\out\branded-preview\System.Runtime.Serialization.Primitives.dll
2026-09-27T19:48:43.2118774Z    Compressing: \\?\D:\a\wootc\wootc\out\branded-preview\System.Runtime.Serialization.Xml.dll
2026-09-27T19:48:43.2122649Z    Compressing: \\?\D:\a\wootc\wootc\out\branded-preview\System.Security.AccessControl.dll
2026-09-27T19:48:43.2166255Z    Compressing: \\?\D:\a\wootc\wootc\out\branded-preview\System.Security.Claims.dll
2026-09-27T19:48:43.2179986Z    Compressing: \\?\D:\a\wootc\wootc\out\branded-preview\System.Security.Cryptography.Algorithms.dll
2026-09-27T19:48:43.2182021Z    Compressing: \\?\D:\a\wootc\wootc\out\branded-preview\System.Security.Cryptography.Cng.dll
2026-09-27T19:48:43.2185372Z    Compressing: \\?\D:\a\wootc\wootc\out\branded-preview\System.Security.Cryptography.Csp.dll
2026-09-27T19:48:43.2188890Z    Compressing: \\?\D:\a\wootc\wootc\out\branded-preview\System.Security.Cryptography.dll
2026-09-27T19:48:43.8531538Z    Compressing: \\?\D:\a\wootc\wootc\out\branded-preview\System.Security.Cryptography.Encoding.dll
2026-09-27T19:48:43.8534882Z    Compressing: \\?\D:\a\wootc\wootc\out\branded-preview\System.Security.Cryptography.OpenSsl.dll
2026-09-27T19:48:43.8538285Z    Compressing: \\?\D:\a\wootc\wootc\out\branded-preview\System.Security.Cryptography.Primitives.dll
2026-09-27T19:48:43.8541759Z    Compressing: \\?\D:\a\wootc\wootc\out\branded-preview\System.Security.Cryptography.X509Certificates.dll
2026-09-27T19:48:43.8545456Z    Compressing: \\?\D:\a\wootc\wootc\out\branded-preview\System.Security.dll
2026-09-27T19:48:43.8549105Z    Compressing: \\?\D:\a\wootc\wootc\out\branded-preview\System.Security.Principal.dll
2026-09-27T19:48:43.8552269Z    Compressing: \\?\D:\a\wootc\wootc\out\branded-preview\System.Security.Principal.Windows.dll
2026-09-27T19:48:43.8586536Z    Compressing: \\?\D:\a\wootc\wootc\out\branded-preview\System.Security.SecureString.dll
2026-09-27T19:48:43.8589727Z    Compressing: \\?\D:\a\wootc\wootc\out\branded-preview\System.ServiceModel.Web.dll
2026-09-27T19:48:43.8593202Z    Compressing: \\?\D:\a\wootc\wootc\out\branded-preview\System.ServiceProcess.dll
2026-09-27T19:48:43.8596727Z    Compressing: \\?\D:\a\wootc\wootc\out\branded-preview\System.Text.Encoding.CodePages.dll
2026-09-27T19:48:43.8679625Z    Compressing: \\?\D:\a\wootc\wootc\out\branded-preview\System.Text.Encoding.dll
2026-09-27T19:48:43.8681343Z    Compressing: \\?\D:\a\wootc\wootc\out\branded-preview\System.Text.Encoding.Extensions.dll
2026-09-27T19:48:43.8683390Z    Compressing: \\?\D:\a\wootc\wootc\out\branded-preview\System.Text.Encodings.Web.dll
2026-09-27T19:48:43.8695858Z    Compressing: \\?\D:\a\wootc\wootc\out\branded-preview\System.Text.Json.dll
2026-09-27T19:48:43.8835694Z    Compressing: \\?\D:\a\wootc\wootc\out\branded-preview\System.Text.RegularExpressions.dll
2026-09-27T19:48:43.8930225Z    Compressing: \\?\D:\a\wootc\wootc\out\branded-preview\System.Threading.Channels.dll
2026-09-27T19:48:43.8943256Z    Compressing: \\?\D:\a\wootc\wootc\out\branded-preview\System.Threading.dll
2026-09-27T19:48:44.5687291Z    Compressing: \\?\D:\a\wootc\wootc\out\branded-preview\System.Threading.Overlapped.dll
2026-09-27T19:48:44.5690554Z    Compressing: \\?\D:\a\wootc\wootc\out\branded-preview\System.Threading.Tasks.Dataflow.dll
2026-09-27T19:48:44.5737609Z    Compressing: \\?\D:\a\wootc\wootc\out\branded-preview\System.Threading.Tasks.dll
2026-09-27T19:48:44.5739503Z    Compressing: \\?\D:\a\wootc\wootc\out\branded-preview\System.Threading.Tasks.Extensions.dll
2026-09-27T19:48:44.5741304Z    Compressing: \\?\D:\a\wootc\wootc\out\branded-preview\System.Threading.Tasks.Parallel.dll
2026-09-27T19:48:44.5753953Z    Compressing: \\?\D:\a\wootc\wootc\out\branded-preview\System.Threading.Thread.dll
2026-09-27T19:48:44.5755935Z    Compressing: \\?\D:\a\wootc\wootc\out\branded-preview\System.Threading.ThreadPool.dll
2026-09-27T19:48:44.5757899Z    Compressing: \\?\D:\a\wootc\wootc\out\branded-preview\System.Threading.Timer.dll
2026-09-27T19:48:44.5759727Z    Compressing: \\?\D:\a\wootc\wootc\out\branded-preview\System.Transactions.dll
2026-09-27T19:48:44.5761586Z    Compressing: \\?\D:\a\wootc\wootc\out\branded-preview\System.Transactions.Local.dll
2026-09-27T19:48:44.5825880Z    Compressing: \\?\D:\a\wootc\wootc\out\branded-preview\System.ValueTuple.dll
2026-09-27T19:48:44.5827930Z    Compressing: \\?\D:\a\wootc\wootc\out\branded-preview\System.Web.dll
2026-09-27T19:48:44.5829964Z    Compressing: \\?\D:\a\wootc\wootc\out\branded-preview\System.Web.HttpUtility.dll
2026-09-27T19:48:44.5835837Z    Compressing: \\?\D:\a\wootc\wootc\out\branded-preview\System.Windows.dll
2026-09-27T19:48:44.5837831Z    Compressing: \\?\D:\a\wootc\wootc\out\branded-preview\System.Xml.dll
2026-09-27T19:48:44.5840391Z    Compressing: \\?\D:\a\wootc\wootc\out\branded-preview\System.Xml.Linq.dll
2026-09-27T19:48:44.5842247Z    Compressing: \\?\D:\a\wootc\wootc\out\branded-preview\System.Xml.ReaderWriter.dll
2026-09-27T19:48:44.5844771Z    Compressing: \\?\D:\a\wootc\wootc\out\branded-preview\System.Xml.Serialization.dll
2026-09-27T19:48:44.5846755Z    Compressing: \\?\D:\a\wootc\wootc\out\branded-preview\System.Xml.XDocument.dll
2026-09-27T19:48:44.5848904Z    Compressing: \\?\D:\a\wootc\wootc\out\branded-preview\System.Xml.XmlDocument.dll
2026-09-27T19:48:44.5850887Z    Compressing: \\?\D:\a\wootc\wootc\out\branded-preview\System.Xml.XmlSerializer.dll
2026-09-27T19:48:44.5853011Z    Compressing: \\?\D:\a\wootc\wootc\out\branded-preview\System.Xml.XPath.dll
2026-09-27T19:48:44.5854853Z    Compressing: \\?\D:\a\wootc\wootc\out\branded-preview\System.Xml.XPath.XDocument.dll
2026-09-27T19:48:44.5857977Z    Compressing: \\?\D:\a\wootc\wootc\out\branded-preview\WebView2Loader.dll
2026-09-27T19:48:44.5873612Z    Compressing: \\?\D:\a\wootc\wootc\out\branded-preview\WindowsBase.dll
2026-09-27T19:48:44.5875490Z    Compressing: \\?\D:\a\wootc\wootc\out\branded-preview\WinRT.Runtime.dll
2026-09-27T19:48:44.5924066Z    Compressing: \\?\D:\a\wootc\wootc\out\branded-preview\WinUIEdit.dll
2026-09-27T19:48:45.3113462Z    Compressing: \\?\D:\a\wootc\wootc\out\branded-preview\wootc-engine.exe
2026-09-27T19:48:47.1733773Z    Compressing: \\?\D:\a\wootc\wootc\out\branded-preview\Wootc.Shell.Core.dll
2026-09-27T19:48:47.1741482Z    Compressing: \\?\D:\a\wootc\wootc\out\branded-preview\Wootc.Shell.Core.pdb
2026-09-27T19:48:47.1744423Z    Compressing: \\?\D:\a\wootc\wootc\out\branded-preview\Wootc.Shell.deps.json
2026-09-27T19:48:47.1748916Z    Compressing: \\?\D:\a\wootc\wootc\out\branded-preview\Wootc.Shell.dll
2026-09-27T19:48:47.1767334Z    Compressing: \\?\D:\a\wootc\wootc\out\branded-preview\Wootc.Shell.exe
2026-09-27T19:48:47.1796015Z    Compressing: \\?\D:\a\wootc\wootc\out\branded-preview\Wootc.Shell.Native.dll
2026-09-27T19:48:47.1802488Z    Compressing: \\?\D:\a\wootc\wootc\out\branded-preview\Wootc.Shell.Native.pdb
2026-09-27T19:48:47.1804941Z    Compressing: \\?\D:\a\wootc\wootc\out\branded-preview\Wootc.Shell.pdb
2026-09-27T19:48:47.1808156Z    Compressing: \\?\D:\a\wootc\wootc\out\branded-preview\Wootc.Shell.pri
2026-09-27T19:48:47.6375209Z    Compressing: \\?\D:\a\wootc\wootc\out\branded-preview\Wootc.Shell.runtimeconfig.json
2026-09-27T19:48:47.6376222Z    Compressing: \\?\D:\a\wootc\wootc\out\branded-preview\workloads.365.json
2026-09-27T19:48:47.6378757Z    Compressing: \\?\D:\a\wootc\wootc\out\branded-preview\workloads.j32.json
2026-09-27T19:48:47.6381066Z    Compressing: \\?\D:\a\wootc\wootc\out\branded-preview\workloads.json
2026-09-27T19:48:47.6382817Z    Compressing: \\?\D:\a\wootc\wootc\out\branded-preview\workloads.lnl.json
2026-09-27T19:48:47.6384885Z    Compressing: \\?\D:\a\wootc\wootc\out\branded-preview\workloads.qnn.json
2026-09-27T19:48:47.6387168Z    Compressing: \\?\D:\a\wootc\wootc\out\branded-preview\workloads.stx.json
2026-09-27T19:48:47.6389134Z    Compressing: \\?\D:\a\wootc\wootc\out\branded-preview\wuceffectsi.dll
2026-09-27T19:48:47.6436061Z    Compressing: \\?\D:\a\wootc\wootc\out\branded-preview\af-ZA\Microsoft.ui.xaml.dll.mui
2026-09-27T19:48:47.6439324Z    Compressing: \\?\D:\a\wootc\wootc\out\branded-preview\af-ZA\Microsoft.UI.Xaml.Phone.dll.mui
2026-09-27T19:48:47.6441179Z    Compressing: \\?\D:\a\wootc\wootc\out\branded-preview\am-ET\Microsoft.ui.xaml.dll.mui
2026-09-27T19:48:47.6444303Z    Compressing: \\?\D:\a\wootc\wootc\out\branded-preview\am-ET\Microsoft.UI.Xaml.Phone.dll.mui
2026-09-27T19:48:47.6446060Z    Compressing: \\?\D:\a\wootc\wootc\out\branded-preview\ar-SA\Microsoft.ui.xaml.dll.mui
2026-09-27T19:48:47.6449290Z    Compressing: \\?\D:\a\wootc\wootc\out\branded-preview\ar-SA\Microsoft.UI.Xaml.Phone.dll.mui
2026-09-27T19:48:47.6451192Z    Compressing: \\?\D:\a\wootc\wootc\out\branded-preview\as-IN\Microsoft.ui.xaml.dll.mui
2026-09-27T19:48:47.6454600Z    Compressing: \\?\D:\a\wootc\wootc\out\branded-preview\as-IN\Microsoft.UI.Xaml.Phone.dll.mui
2026-09-27T19:48:47.6456523Z    Compressing: \\?\D:\a\wootc\wootc\out\branded-preview\az-Latn-AZ\Microsoft.ui.xaml.dll.mui
2026-09-27T19:48:47.6459656Z    Compressing: \\?\D:\a\wootc\wootc\out\branded-preview\az-Latn-AZ\Microsoft.UI.Xaml.Phone.dll.mui
2026-09-27T19:48:47.6462063Z    Compressing: \\?\D:\a\wootc\wootc\out\branded-preview\bg-BG\Microsoft.ui.xaml.dll.mui
2026-09-27T19:48:47.6465333Z    Compressing: \\?\D:\a\wootc\wootc\out\branded-preview\bg-BG\Microsoft.UI.Xaml.Phone.dll.mui
2026-09-27T19:48:47.6467242Z    Compressing: \\?\D:\a\wootc\wootc\out\branded-preview\bn-IN\Microsoft.ui.xaml.dll.mui
2026-09-27T19:48:47.6470480Z    Compressing: \\?\D:\a\wootc\wootc\out\branded-preview\bn-IN\Microsoft.UI.Xaml.Phone.dll.mui
2026-09-27T19:48:47.6472355Z    Compressing: \\?\D:\a\wootc\wootc\out\branded-preview\Branding\brand.json
2026-09-27T19:48:47.6473031Z    Compressing: \\?\D:\a\wootc\wootc\out\branded-preview\bs-Latn-BA\Microsoft.ui.xaml.dll.mui
2026-09-27T19:48:47.6476097Z    Compressing: \\?\D:\a\wootc\wootc\out\branded-preview\bs-Latn-BA\Microsoft.UI.Xaml.Phone.dll.mui
2026-09-27T19:48:47.6478201Z    Compressing: \\?\D:\a\wootc\wootc\out\branded-preview\ca-ES\Microsoft.ui.xaml.dll.mui
2026-09-27T19:48:47.6481529Z    Compressing: \\?\D:\a\wootc\wootc\out\branded-preview\ca-ES\Microsoft.UI.Xaml.Phone.dll.mui
2026-09-27T19:48:47.6483555Z    Compressing: \\?\D:\a\wootc\wootc\out\branded-preview\ca-Es-VALENCIA\Microsoft.ui.xaml.dll.mui
2026-09-27T19:48:47.6486981Z    Compressing: \\?\D:\a\wootc\wootc\out\branded-preview\ca-Es-VALENCIA\Microsoft.UI.Xaml.Phone.dll.mui
2026-09-27T19:48:47.6489037Z    Compressing: \\?\D:\a\wootc\wootc\out\branded-preview\cs-CZ\Microsoft.ui.xaml.dll.mui
2026-09-27T19:48:47.6492046Z    Compressing: \\?\D:\a\wootc\wootc\out\branded-preview\cs-CZ\Microsoft.UI.Xaml.Phone.dll.mui
2026-09-27T19:48:47.6493939Z    Compressing: \\?\D:\a\wootc\wootc\out\branded-preview\cy-GB\Microsoft.ui.xaml.dll.mui
2026-09-27T19:48:47.6497267Z    Compressing: \\?\D:\a\wootc\wootc\out\branded-preview\cy-GB\Microsoft.UI.Xaml.Phone.dll.mui
2026-09-27T19:48:47.6499120Z    Compressing: \\?\D:\a\wootc\wootc\out\branded-preview\da-DK\Microsoft.ui.xaml.dll.mui
2026-09-27T19:48:47.6502619Z    Compressing: \\?\D:\a\wootc\wootc\out\branded-preview\da-DK\Microsoft.UI.Xaml.Phone.dll.mui
2026-09-27T19:48:47.6504617Z    Compressing: \\?\D:\a\wootc\wootc\out\branded-preview\de-DE\Microsoft.ui.xaml.dll.mui
2026-09-27T19:48:47.6508041Z    Compressing: \\?\D:\a\wootc\wootc\out\branded-preview\de-DE\Microsoft.UI.Xaml.Phone.dll.mui
2026-09-27T19:48:47.6509692Z    Compressing: \\?\D:\a\wootc\wootc\out\branded-preview\el-GR\Microsoft.ui.xaml.dll.mui
2026-09-27T19:48:47.6513161Z    Compressing: \\?\D:\a\wootc\wootc\out\branded-preview\el-GR\Microsoft.UI.Xaml.Phone.dll.mui
2026-09-27T19:48:47.6515045Z    Compressing: \\?\D:\a\wootc\wootc\out\branded-preview\en-GB\Microsoft.ui.xaml.dll.mui
2026-09-27T19:48:47.6517906Z    Compressing: \\?\D:\a\wootc\wootc\out\branded-preview\en-GB\Microsoft.UI.Xaml.Phone.dll.mui
2026-09-27T19:48:47.6520112Z    Compressing: \\?\D:\a\wootc\wootc\out\branded-preview\en-us\Microsoft.ui.xaml.dll.mui
2026-09-27T19:48:47.6523478Z    Compressing: \\?\D:\a\wootc\wootc\out\branded-preview\en-us\Microsoft.UI.Xaml.Phone.dll.mui
2026-09-27T19:48:47.6525321Z    Compressing: \\?\D:\a\wootc\wootc\out\branded-preview\es-ES\Microsoft.ui.xaml.dll.mui
2026-09-27T19:48:47.6528735Z    Compressing: \\?\D:\a\wootc\wootc\out\branded-preview\es-ES\Microsoft.UI.Xaml.Phone.dll.mui
2026-09-27T19:48:47.6530556Z    Compressing: \\?\D:\a\wootc\wootc\out\branded-preview\es-MX\Microsoft.ui.xaml.dll.mui
2026-09-27T19:48:47.6533701Z    Compressing: \\?\D:\a\wootc\wootc\out\branded-preview\es-MX\Microsoft.UI.Xaml.Phone.dll.mui
2026-09-27T19:48:47.6562425Z    Compressing: \\?\D:\a\wootc\wootc\out\branded-preview\et-EE\Microsoft.ui.xaml.dll.mui
2026-09-27T19:48:47.6563684Z    Compressing: \\?\D:\a\wootc\wootc\out\branded-preview\et-EE\Microsoft.UI.Xaml.Phone.dll.mui
2026-09-27T19:48:47.6565159Z    Compressing: \\?\D:\a\wootc\wootc\out\branded-preview\eu-ES\Microsoft.ui.xaml.dll.mui
2026-09-27T19:48:47.6567030Z    Compressing: \\?\D:\a\wootc\wootc\out\branded-preview\eu-ES\Microsoft.UI.Xaml.Phone.dll.mui
2026-09-27T19:48:47.6568359Z    Compressing: \\?\D:\a\wootc\wootc\out\branded-preview\fa-IR\Microsoft.ui.xaml.dll.mui
2026-09-27T19:48:47.6569452Z    Compressing: \\?\D:\a\wootc\wootc\out\branded-preview\fa-IR\Microsoft.UI.Xaml.Phone.dll.mui
2026-09-27T19:48:47.6570616Z    Compressing: \\?\D:\a\wootc\wootc\out\branded-preview\fi-FI\Microsoft.ui.xaml.dll.mui
2026-09-27T19:48:47.6571901Z    Compressing: \\?\D:\a\wootc\wootc\out\branded-preview\fi-FI\Microsoft.UI.Xaml.Phone.dll.mui
2026-09-27T19:48:47.6573075Z    Compressing: \\?\D:\a\wootc\wootc\out\branded-preview\fil-PH\Microsoft.ui.xaml.dll.mui
2026-09-27T19:48:47.6574348Z    Compressing: \\?\D:\a\wootc\wootc\out\branded-preview\fil-PH\Microsoft.UI.Xaml.Phone.dll.mui
2026-09-27T19:48:47.6575633Z    Compressing: \\?\D:\a\wootc\wootc\out\branded-preview\fr-CA\Microsoft.ui.xaml.dll.mui
2026-09-27T19:48:47.6576916Z    Compressing: \\?\D:\a\wootc\wootc\out\branded-preview\fr-CA\Microsoft.UI.Xaml.Phone.dll.mui
2026-09-27T19:48:47.6578204Z    Compressing: \\?\D:\a\wootc\wootc\out\branded-preview\fr-FR\Microsoft.ui.xaml.dll.mui
2026-09-27T19:48:47.6579541Z    Compressing: \\?\D:\a\wootc\wootc\out\branded-preview\fr-FR\Microsoft.UI.Xaml.Phone.dll.mui
2026-09-27T19:48:47.6580846Z    Compressing: \\?\D:\a\wootc\wootc\out\branded-preview\ga-IE\Microsoft.ui.xaml.dll.mui
2026-09-27T19:48:47.6582157Z    Compressing: \\?\D:\a\wootc\wootc\out\branded-preview\ga-IE\Microsoft.UI.Xaml.Phone.dll.mui
2026-09-27T19:48:47.6583680Z    Compressing: \\?\D:\a\wootc\wootc\out\branded-preview\gd-gb\Microsoft.ui.xaml.dll.mui
2026-09-27T19:48:47.6587713Z    Compressing: \\?\D:\a\wootc\wootc\out\branded-preview\gd-gb\Microsoft.UI.Xaml.Phone.dll.mui
2026-09-27T19:48:47.6589550Z    Compressing: \\?\D:\a\wootc\wootc\out\branded-preview\gl-ES\Microsoft.ui.xaml.dll.mui
2026-09-27T19:48:47.6592933Z    Compressing: \\?\D:\a\wootc\wootc\out\branded-preview\gl-ES\Microsoft.UI.Xaml.Phone.dll.mui
2026-09-27T19:48:47.6594790Z    Compressing: \\?\D:\a\wootc\wootc\out\branded-preview\gu-IN\Microsoft.ui.xaml.dll.mui
2026-09-27T19:48:47.6597896Z    Compressing: \\?\D:\a\wootc\wootc\out\branded-preview\gu-IN\Microsoft.UI.Xaml.Phone.dll.mui
2026-09-27T19:48:47.6600011Z    Compressing: \\?\D:\a\wootc\wootc\out\branded-preview\he-IL\Microsoft.ui.xaml.dll.mui
2026-09-27T19:48:47.6603177Z    Compressing: \\?\D:\a\wootc\wootc\out\branded-preview\he-IL\Microsoft.UI.Xaml.Phone.dll.mui
2026-09-27T19:48:47.6605085Z    Compressing: \\?\D:\a\wootc\wootc\out\branded-preview\hi-IN\Microsoft.ui.xaml.dll.mui
2026-09-27T19:48:47.6608288Z    Compressing: \\?\D:\a\wootc\wootc\out\branded-preview\hi-IN\Microsoft.UI.Xaml.Phone.dll.mui
2026-09-27T19:48:47.6610108Z    Compressing: \\?\D:\a\wootc\wootc\out\branded-preview\hr-HR\Microsoft.ui.xaml.dll.mui
2026-09-27T19:48:47.6613369Z    Compressing: \\?\D:\a\wootc\wootc\out\branded-preview\hr-HR\Microsoft.UI.Xaml.Phone.dll.mui
2026-09-27T19:48:47.6615265Z    Compressing: \\?\D:\a\wootc\wootc\out\branded-preview\hu-HU\Microsoft.ui.xaml.dll.mui
2026-09-27T19:48:47.6618658Z    Compressing: \\?\D:\a\wootc\wootc\out\branded-preview\hu-HU\Microsoft.UI.Xaml.Phone.dll.mui
2026-09-27T19:48:47.6620796Z    Compressing: \\?\D:\a\wootc\wootc\out\branded-preview\hy-AM\Microsoft.ui.xaml.dll.mui
2026-09-27T19:48:47.6624049Z    Compressing: \\?\D:\a\wootc\wootc\out\branded-preview\hy-AM\Microsoft.UI.Xaml.Phone.dll.mui
2026-09-27T19:48:47.6626114Z    Compressing: \\?\D:\a\wootc\wootc\out\branded-preview\id-ID\Microsoft.ui.xaml.dll.mui
2026-09-27T19:48:47.6629171Z    Compressing: \\?\D:\a\wootc\wootc\out\branded-preview\id-ID\Microsoft.UI.Xaml.Phone.dll.mui
2026-09-27T19:48:47.6631110Z    Compressing: \\?\D:\a\wootc\wootc\out\branded-preview\is-IS\Microsoft.ui.xaml.dll.mui
2026-09-27T19:48:47.6634406Z    Compressing: \\?\D:\a\wootc\wootc\out\branded-preview\is-IS\Microsoft.UI.Xaml.Phone.dll.mui
2026-09-27T19:48:47.6636186Z    Compressing: \\?\D:\a\wootc\wootc\out\branded-preview\it-IT\Microsoft.ui.xaml.dll.mui
2026-09-27T19:48:47.6639324Z    Compressing: \\?\D:\a\wootc\wootc\out\branded-preview\it-IT\Microsoft.UI.Xaml.Phone.dll.mui
2026-09-27T19:48:47.6641661Z    Compressing: \\?\D:\a\wootc\wootc\out\branded-preview\ja-JP\Microsoft.ui.xaml.dll.mui
2026-09-27T19:48:47.6644423Z    Compressing: \\?\D:\a\wootc\wootc\out\branded-preview\ja-JP\Microsoft.UI.Xaml.Phone.dll.mui
2026-09-27T19:48:47.6646324Z    Compressing: \\?\D:\a\wootc\wootc\out\branded-preview\ka-GE\Microsoft.ui.xaml.dll.mui
2026-09-27T19:48:47.6649497Z    Compressing: \\?\D:\a\wootc\wootc\out\branded-preview\ka-GE\Microsoft.UI.Xaml.Phone.dll.mui
2026-09-27T19:48:47.6651588Z    Compressing: \\?\D:\a\wootc\wootc\out\branded-preview\kk-KZ\Microsoft.ui.xaml.dll.mui
2026-09-27T19:48:47.6654772Z    Compressing: \\?\D:\a\wootc\wootc\out\branded-preview\kk-KZ\Microsoft.UI.Xaml.Phone.dll.mui
2026-09-27T19:48:47.6656672Z    Compressing: \\?\D:\a\wootc\wootc\out\branded-preview\km-KH\Microsoft.ui.xaml.dll.mui
2026-09-27T19:48:47.6660081Z    Compressing: \\?\D:\a\wootc\wootc\out\branded-preview\km-KH\Microsoft.UI.Xaml.Phone.dll.mui
2026-09-27T19:48:47.6662096Z    Compressing: \\?\D:\a\wootc\wootc\out\branded-preview\kn-IN\Microsoft.ui.xaml.dll.mui
2026-09-27T19:48:47.6665280Z    Compressing: \\?\D:\a\wootc\wootc\out\branded-preview\kn-IN\Microsoft.UI.Xaml.Phone.dll.mui
2026-09-27T19:48:47.6667354Z    Compressing: \\?\D:\a\wootc\wootc\out\branded-preview\ko-KR\Microsoft.ui.xaml.dll.mui
2026-09-27T19:48:47.6669952Z    Compressing: \\?\D:\a\wootc\wootc\out\branded-preview\ko-KR\Microsoft.UI.Xaml.Phone.dll.mui
2026-09-27T19:48:47.6671904Z    Compressing: \\?\D:\a\wootc\wootc\out\branded-preview\kok-IN\Microsoft.ui.xaml.dll.mui
2026-09-27T19:48:47.6675224Z    Compressing: \\?\D:\a\wootc\wootc\out\branded-preview\kok-IN\Microsoft.UI.Xaml.Phone.dll.mui
2026-09-27T19:48:47.6677040Z    Compressing: \\?\D:\a\wootc\wootc\out\branded-preview\lb-LU\Microsoft.ui.xaml.dll.mui
2026-09-27T19:48:47.6680354Z    Compressing: \\?\D:\a\wootc\wootc\out\branded-preview\lb-LU\Microsoft.UI.Xaml.Phone.dll.mui
2026-09-27T19:48:47.6682442Z    Compressing: \\?\D:\a\wootc\wootc\out\branded-preview\lo-LA\Microsoft.ui.xaml.dll.mui
2026-09-27T19:48:47.6685622Z    Compressing: \\?\D:\a\wootc\wootc\out\branded-preview\lo-LA\Microsoft.UI.Xaml.Phone.dll.mui
2026-09-27T19:48:47.6687725Z    Compressing: \\?\D:\a\wootc\wootc\out\branded-preview\lt-LT\Microsoft.ui.xaml.dll.mui
2026-09-27T19:48:47.6690770Z    Compressing: \\?\D:\a\wootc\wootc\out\branded-preview\lt-LT\Microsoft.UI.Xaml.Phone.dll.mui
2026-09-27T19:48:47.6692807Z    Compressing: \\?\D:\a\wootc\wootc\out\branded-preview\lv-LV\Microsoft.ui.xaml.dll.mui
2026-09-27T19:48:47.6695911Z    Compressing: \\?\D:\a\wootc\wootc\out\branded-preview\lv-LV\Microsoft.UI.Xaml.Phone.dll.mui
2026-09-27T19:48:47.6697881Z    Compressing: \\?\D:\a\wootc\wootc\out\branded-preview\mi-NZ\Microsoft.ui.xaml.dll.mui
2026-09-27T19:48:47.6701318Z    Compressing: \\?\D:\a\wootc\wootc\out\branded-preview\mi-NZ\Microsoft.UI.Xaml.Phone.dll.mui
2026-09-27T19:48:47.6703173Z    Compressing: \\?\D:\a\wootc\wootc\out\branded-preview\Microsoft.UI.Xaml\Assets\map.html
2026-09-27T19:48:47.6706699Z    Compressing: \\?\D:\a\wootc\wootc\out\branded-preview\Microsoft.UI.Xaml\Assets\NoiseAsset_256x256_PNG.png
2026-09-27T19:48:47.6707671Z    Compressing: \\?\D:\a\wootc\wootc\out\branded-preview\mk-MK\Microsoft.ui.xaml.dll.mui
2026-09-27T19:48:47.6711029Z    Compressing: \\?\D:\a\wootc\wootc\out\branded-preview\mk-MK\Microsoft.UI.Xaml.Phone.dll.mui
2026-09-27T19:48:47.6712868Z    Compressing: \\?\D:\a\wootc\wootc\out\branded-preview\ml-IN\Microsoft.ui.xaml.dll.mui
2026-09-27T19:48:47.6716514Z    Compressing: \\?\D:\a\wootc\wootc\out\branded-preview\ml-IN\Microsoft.UI.Xaml.Phone.dll.mui
2026-09-27T19:48:47.6718621Z    Compressing: \\?\D:\a\wootc\wootc\out\branded-preview\mr-IN\Microsoft.ui.xaml.dll.mui
2026-09-27T19:48:47.6721607Z    Compressing: \\?\D:\a\wootc\wootc\out\branded-preview\mr-IN\Microsoft.UI.Xaml.Phone.dll.mui
2026-09-27T19:48:47.6723428Z    Compressing: \\?\D:\a\wootc\wootc\out\branded-preview\ms-MY\Microsoft.ui.xaml.dll.mui
2026-09-27T19:48:47.6726684Z    Compressing: \\?\D:\a\wootc\wootc\out\branded-preview\ms-MY\Microsoft.UI.Xaml.Phone.dll.mui
2026-09-27T19:48:47.6728550Z    Compressing: \\?\D:\a\wootc\wootc\out\branded-preview\mt-MT\Microsoft.ui.xaml.dll.mui
2026-09-27T19:48:47.6731709Z    Compressing: \\?\D:\a\wootc\wootc\out\branded-preview\mt-MT\Microsoft.UI.Xaml.Phone.dll.mui
2026-09-27T19:48:47.6733791Z    Compressing: \\?\D:\a\wootc\wootc\out\branded-preview\nb-NO\Microsoft.ui.xaml.dll.mui
2026-09-27T19:48:47.6736978Z    Compressing: \\?\D:\a\wootc\wootc\out\branded-preview\nb-NO\Microsoft.UI.Xaml.Phone.dll.mui
2026-09-27T19:48:47.6738943Z    Compressing: \\?\D:\a\wootc\wootc\out\branded-preview\ne-NP\Microsoft.ui.xaml.dll.mui
2026-09-27T19:48:47.6742192Z    Compressing: \\?\D:\a\wootc\wootc\out\branded-preview\ne-NP\Microsoft.UI.Xaml.Phone.dll.mui
2026-09-27T19:48:47.6744039Z    Compressing: \\?\D:\a\wootc\wootc\out\branded-preview\nl-NL\Microsoft.ui.xaml.dll.mui
2026-09-27T19:48:47.6747274Z    Compressing: \\?\D:\a\wootc\wootc\out\branded-preview\nl-NL\Microsoft.UI.Xaml.Phone.dll.mui
2026-09-27T19:48:47.6749186Z    Compressing: \\?\D:\a\wootc\wootc\out\branded-preview\nn-NO\Microsoft.ui.xaml.dll.mui
2026-09-27T19:48:47.6752467Z    Compressing: \\?\D:\a\wootc\wootc\out\branded-preview\nn-NO\Microsoft.UI.Xaml.Phone.dll.mui
2026-09-27T19:48:47.6754233Z    Compressing: \\?\D:\a\wootc\wootc\out\branded-preview\or-IN\Microsoft.ui.xaml.dll.mui
2026-09-27T19:48:47.6757469Z    Compressing: \\?\D:\a\wootc\wootc\out\branded-preview\or-IN\Microsoft.UI.Xaml.Phone.dll.mui
2026-09-27T19:48:47.6762507Z    Compressing: \\?\D:\a\wootc\wootc\out\branded-preview\pa-IN\Microsoft.ui.xaml.dll.mui
2026-09-27T19:48:47.6763197Z    Compressing: \\?\D:\a\wootc\wootc\out\branded-preview\pa-IN\Microsoft.UI.Xaml.Phone.dll.mui
2026-09-27T19:48:47.6764444Z    Compressing: \\?\D:\a\wootc\wootc\out\branded-preview\pl-PL\Microsoft.ui.xaml.dll.mui
2026-09-27T19:48:47.6767756Z    Compressing: \\?\D:\a\wootc\wootc\out\branded-preview\pl-PL\Microsoft.UI.Xaml.Phone.dll.mui
2026-09-27T19:48:47.6769688Z    Compressing: \\?\D:\a\wootc\wootc\out\branded-preview\pt-BR\Microsoft.ui.xaml.dll.mui
2026-09-27T19:48:47.6773134Z    Compressing: \\?\D:\a\wootc\wootc\out\branded-preview\pt-BR\Microsoft.UI.Xaml.Phone.dll.mui
2026-09-27T19:48:47.6775038Z    Compressing: \\?\D:\a\wootc\wootc\out\branded-preview\pt-PT\Microsoft.ui.xaml.dll.mui
2026-09-27T19:48:47.6778310Z    Compressing: \\?\D:\a\wootc\wootc\out\branded-preview\pt-PT\Microsoft.UI.Xaml.Phone.dll.mui
2026-09-27T19:48:47.6780309Z    Compressing: \\?\D:\a\wootc\wootc\out\branded-preview\quz-PE\Microsoft.ui.xaml.dll.mui
2026-09-27T19:48:47.6783816Z    Compressing: \\?\D:\a\wootc\wootc\out\branded-preview\quz-PE\Microsoft.UI.Xaml.Phone.dll.mui
2026-09-27T19:48:47.6785660Z    Compressing: \\?\D:\a\wootc\wootc\out\branded-preview\ro-RO\Microsoft.ui.xaml.dll.mui
2026-09-27T19:48:47.6788810Z    Compressing: \\?\D:\a\wootc\wootc\out\branded-preview\ro-RO\Microsoft.UI.Xaml.Phone.dll.mui
2026-09-27T19:48:47.6791484Z    Compressing: \\?\D:\a\wootc\wootc\out\branded-preview\ru-RU\Microsoft.ui.xaml.dll.mui
2026-09-27T19:48:47.6795699Z    Compressing: \\?\D:\a\wootc\wootc\out\branded-preview\ru-RU\Microsoft.UI.Xaml.Phone.dll.mui
2026-09-27T19:48:47.6798672Z    Compressing: \\?\D:\a\wootc\wootc\out\branded-preview\sk-SK\Microsoft.ui.xaml.dll.mui
2026-09-27T19:48:47.6802443Z    Compressing: \\?\D:\a\wootc\wootc\out\branded-preview\sk-SK\Microsoft.UI.Xaml.Phone.dll.mui
2026-09-27T19:48:47.6805694Z    Compressing: \\?\D:\a\wootc\wootc\out\branded-preview\sl-SI\Microsoft.ui.xaml.dll.mui
2026-09-27T19:48:47.6810027Z    Compressing: \\?\D:\a\wootc\wootc\out\branded-preview\sl-SI\Microsoft.UI.Xaml.Phone.dll.mui
2026-09-27T19:48:47.6811750Z    Compressing: \\?\D:\a\wootc\wootc\out\branded-preview\sq-AL\Microsoft.ui.xaml.dll.mui
2026-09-27T19:48:47.6814993Z    Compressing: \\?\D:\a\wootc\wootc\out\branded-preview\sq-AL\Microsoft.UI.Xaml.Phone.dll.mui
2026-09-27T19:48:47.6816870Z    Compressing: \\?\D:\a\wootc\wootc\out\branded-preview\sr-Cyrl-BA\Microsoft.ui.xaml.dll.mui
2026-09-27T19:48:47.6820413Z    Compressing: \\?\D:\a\wootc\wootc\out\branded-preview\sr-Cyrl-BA\Microsoft.UI.Xaml.Phone.dll.mui
2026-09-27T19:48:47.6822711Z    Compressing: \\?\D:\a\wootc\wootc\out\branded-preview\sr-Cyrl-RS\Microsoft.ui.xaml.dll.mui
2026-09-27T19:48:47.6828564Z    Compressing: \\?\D:\a\wootc\wootc\out\branded-preview\sr-Cyrl-RS\Microsoft.UI.Xaml.Phone.dll.mui
2026-09-27T19:48:47.6831784Z    Compressing: \\?\D:\a\wootc\wootc\out\branded-preview\sr-Latn-RS\Microsoft.ui.xaml.dll.mui
2026-09-27T19:48:47.6837538Z    Compressing: \\?\D:\a\wootc\wootc\out\branded-preview\sr-Latn-RS\Microsoft.UI.Xaml.Phone.dll.mui
2026-09-27T19:48:47.6840815Z    Compressing: \\?\D:\a\wootc\wootc\out\branded-preview\sv-SE\Microsoft.ui.xaml.dll.mui
2026-09-27T19:48:47.6846407Z    Compressing: \\?\D:\a\wootc\wootc\out\branded-preview\sv-SE\Microsoft.UI.Xaml.Phone.dll.mui
2026-09-27T19:48:47.6849496Z    Compressing: \\?\D:\a\wootc\wootc\out\branded-preview\ta-IN\Microsoft.ui.xaml.dll.mui
2026-09-27T19:48:47.6855843Z    Compressing: \\?\D:\a\wootc\wootc\out\branded-preview\ta-IN\Microsoft.UI.Xaml.Phone.dll.mui
2026-09-27T19:48:47.6859606Z    Compressing: \\?\D:\a\wootc\wootc\out\branded-preview\te-IN\Microsoft.ui.xaml.dll.mui
2026-09-27T19:48:47.6865444Z    Compressing: \\?\D:\a\wootc\wootc\out\branded-preview\te-IN\Microsoft.UI.Xaml.Phone.dll.mui
2026-09-27T19:48:47.6868499Z    Compressing: \\?\D:\a\wootc\wootc\out\branded-preview\th-TH\Microsoft.ui.xaml.dll.mui
2026-09-27T19:48:47.6873748Z    Compressing: \\?\D:\a\wootc\wootc\out\branded-preview\th-TH\Microsoft.UI.Xaml.Phone.dll.mui
2026-09-27T19:48:47.6877013Z    Compressing: \\?\D:\a\wootc\wootc\out\branded-preview\tr-TR\Microsoft.ui.xaml.dll.mui
2026-09-27T19:48:47.6882319Z    Compressing: \\?\D:\a\wootc\wootc\out\branded-preview\tr-TR\Microsoft.UI.Xaml.Phone.dll.mui
2026-09-27T19:48:47.6885352Z    Compressing: \\?\D:\a\wootc\wootc\out\branded-preview\tt-RU\Microsoft.ui.xaml.dll.mui
2026-09-27T19:48:47.6890744Z    Compressing: \\?\D:\a\wootc\wootc\out\branded-preview\tt-RU\Microsoft.UI.Xaml.Phone.dll.mui
2026-09-27T19:48:47.6893759Z    Compressing: \\?\D:\a\wootc\wootc\out\branded-preview\ug-CN\Microsoft.ui.xaml.dll.mui
2026-09-27T19:48:47.6899768Z    Compressing: \\?\D:\a\wootc\wootc\out\branded-preview\ug-CN\Microsoft.UI.Xaml.Phone.dll.mui
2026-09-27T19:48:47.6902654Z    Compressing: \\?\D:\a\wootc\wootc\out\branded-preview\uk-UA\Microsoft.ui.xaml.dll.mui
2026-09-27T19:48:47.6907656Z    Compressing: \\?\D:\a\wootc\wootc\out\branded-preview\uk-UA\Microsoft.UI.Xaml.Phone.dll.mui
2026-09-27T19:48:47.6910286Z    Compressing: \\?\D:\a\wootc\wootc\out\branded-preview\ur-PK\Microsoft.ui.xaml.dll.mui
2026-09-27T19:48:47.6916821Z    Compressing: \\?\D:\a\wootc\wootc\out\branded-preview\ur-PK\Microsoft.UI.Xaml.Phone.dll.mui
2026-09-27T19:48:47.6920108Z    Compressing: \\?\D:\a\wootc\wootc\out\branded-preview\uz-Latn-UZ\Microsoft.ui.xaml.dll.mui
2026-09-27T19:48:47.6924324Z    Compressing: \\?\D:\a\wootc\wootc\out\branded-preview\uz-Latn-UZ\Microsoft.UI.Xaml.Phone.dll.mui
2026-09-27T19:48:47.6927116Z    Compressing: \\?\D:\a\wootc\wootc\out\branded-preview\vi-VN\Microsoft.ui.xaml.dll.mui
2026-09-27T19:48:47.6931423Z    Compressing: \\?\D:\a\wootc\wootc\out\branded-preview\vi-VN\Microsoft.UI.Xaml.Phone.dll.mui
2026-09-27T19:48:47.6933668Z    Compressing: \\?\D:\a\wootc\wootc\out\branded-preview\zh-CN\Microsoft.ui.xaml.dll.mui
2026-09-27T19:48:47.6937804Z    Compressing: \\?\D:\a\wootc\wootc\out\branded-preview\zh-CN\Microsoft.UI.Xaml.Phone.dll.mui
2026-09-27T19:48:47.6940680Z    Compressing: \\?\D:\a\wootc\wootc\out\branded-preview\zh-TW\Microsoft.ui.xaml.dll.mui
2026-09-27T19:48:47.6944419Z    Compressing: \\?\D:\a\wootc\wootc\out\branded-preview\zh-TW\Microsoft.UI.Xaml.Phone.dll.mui
2026-09-27T19:48:48.3838213Z    Compressing Setup program executable
2026-09-27T19:48:48.8923020Z    Updating version info (Setup.exe)
2026-09-27T19:48:48.8923430Z    Updating manifest (Setup.exe)
2026-09-27T19:48:48.8924180Z 
2026-09-27T19:48:48.8928233Z 
2026-09-27T19:48:48.8928963Z Successful compile (38.313 sec). Resulting Setup program filename is:
2026-09-27T19:48:48.8929628Z D:\a\wootc\wootc\out\preview-installer\wootc-native-preview-fbe2414ae966518e93a44d9496b847c1a1e7bb95.exe
2026-09-27T19:48:58.3054590Z   Determining projects to restore...
2026-09-27T19:49:04.8167216Z   Restored D:\a\wootc\wootc\shell\Wootc.Shell.UiTests\Wootc.Shell.UiTests.csproj (in 6.24 sec).
2026-09-27T19:49:05.9091740Z   Wootc.Shell.UiTests -> D:\a\wootc\wootc\shell\Wootc.Shell.UiTests\bin\Release\net8.0-windows10.0.19041.0\Wootc.Shell.UiTests.dll
2026-09-27T19:49:05.9212816Z Test run for D:\a\wootc\wootc\shell\Wootc.Shell.UiTests\bin\Release\net8.0-windows10.0.19041.0\Wootc.Shell.UiTests.dll (.NETCoreApp,Version=v8.0)
2026-09-27T19:49:06.5967417Z A total of 1 test files matched the specified pattern.
2026-09-27T19:49:19.4500756Z [xUnit.net 00:00:10.57]     Wootc.Shell.UiTests.InstalledPreviewTests.ActualInstalledPreviewBrandAndAuthenticatedStartup [FAIL]
2026-09-27T19:49:19.5416141Z   Failed Wootc.Shell.UiTests.InstalledPreviewTests.ActualInstalledPreviewBrandAndAuthenticatedStartup [10 s]
2026-09-27T19:49:19.5416843Z   Error Message:
2026-09-27T19:49:19.5417170Z    Assert.False() Failure
2026-09-27T19:49:19.5417431Z Expected: False
2026-09-27T19:49:19.5417689Z Actual:   True
2026-09-27T19:49:19.5417924Z   Stack Trace:
2026-09-27T19:49:19.5418901Z      at Wootc.Shell.UiTests.InstalledPreviewTests.ActualInstalledPreviewBrandAndAuthenticatedStartup() in D:\a\wootc\wootc\shell\Wootc.Shell.UiTests\InstalledPreviewTests.cs:line 109
2026-09-27T19:49:19.5419801Z --- End of stack trace from previous location ---
2026-09-27T19:49:19.5586842Z Results File: D:\a\wootc\wootc\shell\Wootc.Shell.UiTests\TestResults\installed-wootc.trx
2026-09-27T19:49:19.5590055Z 
2026-09-27T19:49:19.5635947Z Failed!  - Failed:     1, Passed:     0, Skipped:     0, Total:     1, Duration: 10 s - Wootc.Shell.UiTests.dll (net8.0)
2026-09-27T19:49:20.4427885Z [31;1mException: [0mD:\a\wootc\wootc\shell\packaging\test-installed-preview.ps1:53[0m
2026-09-27T19:49:20.4428728Z [31;1m[0m[36;1mLine |[0m
2026-09-27T19:49:20.4431139Z [31;1m[0m[36;1m[36;1m  53 | [0m … de -ne 0) { [36;1mthrow "Owned preview operation refused with exit $code"[0m } …[0m
2026-09-27T19:49:20.4432533Z [31;1m[0m[36;1m[36;1m[0m[36;1m[0m[36;1m     | [31;1m               ~~~~~~~~~~~~~~~~~~~~~~~~~~~~~~~~~~~~~~~~~~~~~~~~~~~~~~~[0m
2026-09-27T19:49:20.4433301Z [31;1m[0m[36;1m[36;1m[0m[36;1m[0m[36;1m[31;1m[31;1m[36;1m     | [31;1mOwned preview operation refused with exit 1[0m
2026-09-27T19:49:20.4715100Z ##[error]Process completed with exit code 1.
2026-09-27T19:49:20.4892416Z ##[group]Run actions/upload-artifact@v7
2026-09-27T19:49:20.4892798Z with:
2026-09-27T19:49:20.4893052Z   name: winui-preview-package-wootc
2026-09-27T19:49:20.4893639Z   path: out/preview-installer/
out/branded-preview/native-package.json
shell/Wootc.Shell.UiTests/TestResults/*.trx

2026-09-27T19:49:20.4894399Z   if-no-files-found: error
2026-09-27T19:49:20.4894672Z   compression-level: 6
2026-09-27T19:49:20.4894916Z   overwrite: false
2026-09-27T19:49:20.4895157Z   include-hidden-files: false
2026-09-27T19:49:20.4895443Z   archive: true
2026-09-27T19:49:20.4895660Z env:
2026-09-27T19:49:20.4895894Z   DOTNET_ROOT: C:\Program Files\dotnet
2026-09-27T19:49:20.4896180Z   GOTOOLCHAIN: local
2026-09-27T19:49:20.4896418Z ##[endgroup]
2026-09-27T19:49:20.6707626Z Multiple search paths detected. Calculating the least common ancestor of all paths
2026-09-27T19:49:20.6710597Z The least common ancestor is D:\a\wootc\wootc. This will be the root directory of the artifact
2026-09-27T19:49:20.6711716Z With the provided path, there will be 4 files uploaded
2026-09-27T19:49:20.6716138Z Artifact name is valid!
2026-09-27T19:49:20.6717324Z Root directory input is valid!
2026-09-27T19:49:20.9610154Z Uploading artifact: winui-preview-package-wootc.zip
2026-09-27T19:49:20.9650687Z Beginning upload of artifact content to blob storage
2026-09-27T19:49:21.9546879Z Uploaded bytes 8388608
2026-09-27T19:49:22.0619332Z Uploaded bytes 16777216
2026-09-27T19:49:22.2654054Z Uploaded bytes 25165824
2026-09-27T19:49:22.4111385Z Uploaded bytes 33554432
2026-09-27T19:49:22.5187916Z Uploaded bytes 41943040
2026-09-27T19:49:22.7587433Z Uploaded bytes 50331648
2026-09-27T19:49:23.0097017Z Uploaded bytes 58720256
2026-09-27T19:49:23.2573414Z Uploaded bytes 67108864
2026-09-27T19:49:23.3103186Z Uploaded bytes 68029330
2026-09-27T19:49:23.3505255Z Finished uploading artifact content to blob storage!
2026-09-27T19:49:23.3510007Z SHA256 digest of uploaded artifact is deb95ebbd3beb3af4827135e7bde6fabb466580e7c7386f8a92013bdf791ffaf
2026-09-27T19:49:23.3512071Z Finalizing artifact upload
2026-09-27T19:49:23.6199875Z Artifact winui-preview-package-wootc successfully finalized. Artifact ID 10941085288
2026-09-27T19:49:23.6202362Z Artifact winui-preview-package-wootc has been successfully uploaded! Final size is 68029330 bytes. Artifact ID is 10941085288
2026-09-27T19:49:23.6214047Z Artifact download URL: https://github.com/tuna-os/wootc/actions/runs/36345544884/artifacts/10941085288
2026-09-27T19:49:23.6634244Z Post job cleanup.
2026-09-27T19:49:23.8497308Z [command]"C:\Program Files\Git\bin\git.exe" version
2026-09-27T19:49:23.8785746Z git version 2.55.0.windows.5
2026-09-27T19:49:23.8854362Z Temporarily overriding HOME='D:\a\_temp\27a6dfb9-e74f-45a5-9129-7b3c623c690f' before making global git config changes
2026-09-27T19:49:23.8855686Z Adding repository directory to the temporary git global config as a safe directory
2026-09-27T19:49:23.8866135Z [command]"C:\Program Files\Git\bin\git.exe" config --global --add safe.directory D:\a\wootc\wootc
2026-09-27T19:49:23.9179457Z Removing SSH command configuration
2026-09-27T19:49:23.9190729Z [command]"C:\Program Files\Git\bin\git.exe" config --local --name-only --get-regexp core\.sshCommand
2026-09-27T19:49:23.9504108Z [command]"C:\Program Files\Git\bin\git.exe" submodule foreach --recursive "sh -c \"git config --local --name-only --get-regexp 'core\.sshCommand' && git config --local --unset-all 'core.sshCommand' || :\""
2026-09-27T19:49:24.4963790Z Removing HTTP extra header
2026-09-27T19:49:24.4974066Z [command]"C:\Program Files\Git\bin\git.exe" config --local --name-only --get-regexp http\.https\:\/\/github\.com\/\.extraheader
2026-09-27T19:49:24.5282455Z [command]"C:\Program Files\Git\bin\git.exe" submodule foreach --recursive "sh -c \"git config --local --name-only --get-regexp 'http\.https\:\/\/github\.com\/\.extraheader' && git config --local --unset-all 'http.https://github.com/.extraheader' || :\""
2026-09-27T19:49:25.0628893Z Removing includeIf entries pointing to credentials config files
2026-09-27T19:49:25.0640246Z [command]"C:\Program Files\Git\bin\git.exe" config --local --name-only --get-regexp ^includeIf\.gitdir:
2026-09-27T19:49:25.0904063Z includeif.gitdir:D:/a/wootc/wootc/.git.path
2026-09-27T19:49:25.0904976Z includeif.gitdir:D:/a/wootc/wootc/.git/worktrees/*.path
2026-09-27T19:49:25.0905360Z includeif.gitdir:/github/workspace/.git.path
2026-09-27T19:49:25.0905755Z includeif.gitdir:/github/workspace/.git/worktrees/*.path
2026-09-27T19:49:25.0948387Z [command]"C:\Program Files\Git\bin\git.exe" config --local --get-all includeif.gitdir:D:/a/wootc/wootc/.git.path
2026-09-27T19:49:25.1206414Z D:\a\_temp\git-credentials-25cbf641-ef1c-46e9-80a9-18596be01504.config
2026-09-27T19:49:25.1251550Z [command]"C:\Program Files\Git\bin\git.exe" config --local --unset includeif.gitdir:D:/a/wootc/wootc/.git.path D\:\\a\\_temp\\git\-credentials\-25cbf641\-ef1c\-46e9\-80a9\-18596be01504\.config
2026-09-27T19:49:25.1595660Z [command]"C:\Program Files\Git\bin\git.exe" config --local --get-all includeif.gitdir:D:/a/wootc/wootc/.git/worktrees/*.path
2026-09-27T19:49:25.1846454Z D:\a\_temp\git-credentials-25cbf641-ef1c-46e9-80a9-18596be01504.config
2026-09-27T19:49:25.1889293Z [command]"C:\Program Files\Git\bin\git.exe" config --local --unset includeif.gitdir:D:/a/wootc/wootc/.git/worktrees/*.path D\:\\a\\_temp\\git\-credentials\-25cbf641\-ef1c\-46e9\-80a9\-18596be01504\.config
2026-09-27T19:49:25.2182861Z [command]"C:\Program Files\Git\bin\git.exe" config --local --get-all includeif.gitdir:/github/workspace/.git.path
2026-09-27T19:49:25.2437001Z /github/runner_temp/git-credentials-25cbf641-ef1c-46e9-80a9-18596be01504.config
2026-09-27T19:49:25.2478834Z [command]"C:\Program Files\Git\bin\git.exe" config --local --unset includeif.gitdir:/github/workspace/.git.path \/github\/runner_temp\/git\-credentials\-25cbf641\-ef1c\-46e9\-80a9\-18596be01504\.config
2026-09-27T19:49:25.2773326Z [command]"C:\Program Files\Git\bin\git.exe" config --local --get-all includeif.gitdir:/github/workspace/.git/worktrees/*.path
2026-09-27T19:49:25.3022319Z /github/runner_temp/git-credentials-25cbf641-ef1c-46e9-80a9-18596be01504.config
2026-09-27T19:49:25.3071105Z [command]"C:\Program Files\Git\bin\git.exe" config --local --unset includeif.gitdir:/github/workspace/.git/worktrees/*.path \/github\/runner_temp\/git\-credentials\-25cbf641\-ef1c\-46e9\-80a9\-18596be01504\.config
2026-09-27T19:49:25.3430248Z [command]"C:\Program Files\Git\bin\git.exe" submodule foreach --recursive "git config --local --show-origin --name-only --get-regexp remote.origin.url"
2026-09-27T19:49:25.8569375Z Removing credentials config 'D:\a\_temp\git-credentials-25cbf641-ef1c-46e9-80a9-18596be01504.config'
2026-09-27T19:49:25.8799033Z Cleaning up orphan processes
2026-09-27T19:49:25.9658617Z Terminate orphan process: pid (5292) (dotnet)
2026-09-27T19:49:25.9735312Z Terminate orphan process: pid (8896) (conhost)
2026-09-27T19:49:25.9881643Z Terminate orphan process: pid (9176) (VBCSCompiler)
2026-09-27T19:49:25.9958985Z Terminate orphan process: pid (7556) (conhost)
