2026-09-27T16:19:36.2721213Z Current runner version: '2.337.0'
2026-09-27T16:19:36.2746192Z ##[group]Runner Image Provisioner
2026-09-27T16:19:36.2747113Z Hosted Compute Agent
2026-09-27T16:19:36.2747689Z Version: 20260828.587
2026-09-27T16:19:36.2748407Z Commit: abac92662cab4cc7352de4f9f9d2e2419aad9c29
2026-09-27T16:19:36.2749198Z Build Date: 2026-08-28T16:44:25Z
2026-09-27T16:19:36.2749921Z Worker ID: {53ff1620-23f1-4c39-b9ac-f0ba9890c43f}
2026-09-27T16:19:36.2750905Z Azure Region: westus
2026-09-27T16:19:36.2751514Z ##[endgroup]
2026-09-27T16:19:36.2753177Z ##[group]Operating System
2026-09-27T16:19:36.2753879Z Ubuntu
2026-09-27T16:19:36.2754378Z 24.04.5
2026-09-27T16:19:36.2755025Z LTS
2026-09-27T16:19:36.2755527Z ##[endgroup]
2026-09-27T16:19:36.2756116Z ##[group]Runner Image
2026-09-27T16:19:36.2756734Z Image: ubuntu-24.04
2026-09-27T16:19:36.2757274Z Version: 20260920.314.1
2026-09-27T16:19:36.2758740Z Included Software: https://github.com/actions/runner-images/blob/ubuntu24/20260920.314/images/ubuntu/Ubuntu2404-Readme.md
2026-09-27T16:19:36.2760407Z Image Release: https://github.com/actions/runner-images/releases/tag/ubuntu24%2F20260920.314
2026-09-27T16:19:36.2761692Z ##[endgroup]
2026-09-27T16:19:36.2763337Z ##[group]GITHUB_TOKEN Permissions
2026-09-27T16:19:36.2765510Z Contents: read
2026-09-27T16:19:36.2766109Z Metadata: read
2026-09-27T16:19:36.2766842Z ##[endgroup]
2026-09-27T16:19:36.2768998Z Secret source: Actions
2026-09-27T16:19:36.2770133Z Cache mode: write
2026-09-27T16:19:36.2771360Z Prepare workflow directory
2026-09-27T16:19:36.3337939Z Prepare all required actions
2026-09-27T16:19:36.3385540Z Getting action download info
2026-09-27T16:19:36.6873106Z Download action repository 'actions/checkout@v7' (SHA:3d3c42e5aac5ba805825da76410c181273ba90b1)
2026-09-27T16:19:36.7981441Z Download action repository 'actions/upload-artifact@v7' (SHA:043fb46d1a93c77aae656e7c1c64a875d1fc6a0a)
2026-09-27T16:19:36.9706859Z Complete job name: execute
2026-09-27T16:19:37.0438613Z ##[group]Run actions/checkout@v7
2026-09-27T16:19:37.0439479Z with:
2026-09-27T16:19:37.0439947Z   repository: tuna-os/wootc
2026-09-27T16:19:37.0443864Z   token: ***
2026-09-27T16:19:37.0444303Z   ssh-strict: true
2026-09-27T16:19:37.0444746Z   ssh-user: git
2026-09-27T16:19:37.0445190Z   persist-credentials: true
2026-09-27T16:19:37.0445675Z   clean: true
2026-09-27T16:19:37.0446111Z   sparse-checkout-cone-mode: true
2026-09-27T16:19:37.0446630Z   fetch-depth: 1
2026-09-27T16:19:37.0447059Z   fetch-tags: false
2026-09-27T16:19:37.0447488Z   show-progress: true
2026-09-27T16:19:37.0447923Z   lfs: false
2026-09-27T16:19:37.0448325Z   submodules: false
2026-09-27T16:19:37.0448758Z   set-safe-directory: true
2026-09-27T16:19:37.0449304Z   allow-unsafe-pr-checkout: false
2026-09-27T16:19:37.0450060Z env:
2026-09-27T16:19:37.0450545Z   REVIEWED_SHA: b95f51fb80446160427e9c51c835ca91aad78481
2026-09-27T16:19:37.0451331Z ##[endgroup]
2026-09-27T16:19:37.1452724Z Syncing repository: tuna-os/wootc
2026-09-27T16:19:37.1455716Z ##[group]Getting Git version info
2026-09-27T16:19:37.1456828Z Working directory is '/home/runner/work/wootc/wootc'
2026-09-27T16:19:37.1458523Z [command]/usr/bin/git version
2026-09-27T16:19:37.1525825Z git version 2.55.0
2026-09-27T16:19:37.1549034Z ##[endgroup]
2026-09-27T16:19:37.1562668Z Temporarily overriding HOME='/home/runner/work/_temp/859dc41e-2b8a-4a08-8e84-48bc220212d4' before making global git config changes
2026-09-27T16:19:37.1565000Z Adding repository directory to the temporary git global config as a safe directory
2026-09-27T16:19:37.1570463Z [command]/usr/bin/git config --global --add safe.directory /home/runner/work/wootc/wootc
2026-09-27T16:19:37.1624984Z Deleting the contents of '/home/runner/work/wootc/wootc'
2026-09-27T16:19:37.1629031Z ##[group]Determining repository object format
2026-09-27T16:19:37.1630937Z ##[endgroup]
2026-09-27T16:19:37.1631704Z ##[group]Initializing the repository
2026-09-27T16:19:37.1635898Z [command]/usr/bin/git init /home/runner/work/wootc/wootc
2026-09-27T16:19:37.1753305Z hint: Using 'master' as the name for the initial branch. This default branch name
2026-09-27T16:19:37.1755229Z hint: will change to "main" in Git 3.0. To configure the initial branch name
2026-09-27T16:19:37.1756346Z hint: to use in all of your new repositories, which will suppress this warning,
2026-09-27T16:19:37.1757268Z hint: call:
2026-09-27T16:19:37.1757764Z hint:
2026-09-27T16:19:37.1758390Z hint: 	git config --global init.defaultBranch <name>
2026-09-27T16:19:37.1759153Z hint:
2026-09-27T16:19:37.1759872Z hint: Names commonly chosen instead of 'master' are 'main', 'trunk' and
2026-09-27T16:19:37.1761585Z hint: 'development'. The just-created branch can be renamed via this command:
2026-09-27T16:19:37.1762742Z hint:
2026-09-27T16:19:37.1763264Z hint: 	git branch -m <name>
2026-09-27T16:19:37.1763854Z hint:
2026-09-27T16:19:37.1764670Z hint: Disable this message with "git config set advice.defaultBranchName false"
2026-09-27T16:19:37.1770352Z Initialized empty Git repository in /home/runner/work/wootc/wootc/.git/
2026-09-27T16:19:37.1780274Z [command]/usr/bin/git remote add origin https://github.com/tuna-os/wootc
2026-09-27T16:19:37.1835553Z ##[endgroup]
2026-09-27T16:19:37.1836911Z ##[group]Disabling automatic garbage collection
2026-09-27T16:19:37.1840369Z [command]/usr/bin/git config --local gc.auto 0
2026-09-27T16:19:37.1882067Z ##[endgroup]
2026-09-27T16:19:37.1883571Z ##[group]Setting up auth
2026-09-27T16:19:37.1884423Z Removing SSH command configuration
2026-09-27T16:19:37.1888542Z [command]/usr/bin/git config --local --name-only --get-regexp core\.sshCommand
2026-09-27T16:19:37.1926259Z [command]/usr/bin/git submodule foreach --recursive sh -c "git config --local --name-only --get-regexp 'core\.sshCommand' && git config --local --unset-all 'core.sshCommand' || :"
2026-09-27T16:19:37.2335453Z Removing HTTP extra header
2026-09-27T16:19:37.2342206Z [command]/usr/bin/git config --local --name-only --get-regexp http\.https\:\/\/github\.com\/\.extraheader
2026-09-27T16:19:37.2377652Z [command]/usr/bin/git submodule foreach --recursive sh -c "git config --local --name-only --get-regexp 'http\.https\:\/\/github\.com\/\.extraheader' && git config --local --unset-all 'http.https://github.com/.extraheader' || :"
2026-09-27T16:19:37.2611973Z Removing includeIf entries pointing to credentials config files
2026-09-27T16:19:37.2616846Z [command]/usr/bin/git config --local --name-only --get-regexp ^includeIf\.gitdir:
2026-09-27T16:19:37.2652151Z [command]/usr/bin/git submodule foreach --recursive git config --local --show-origin --name-only --get-regexp remote.origin.url
2026-09-27T16:19:37.2884338Z [command]/usr/bin/git config --file /home/runner/work/_temp/git-credentials-ae1f0f2f-5854-4ff9-8b1b-13c3833924ad.config http.https://github.com/.extraheader AUTHORIZATION: basic ***
2026-09-27T16:19:37.2924055Z [command]/usr/bin/git config --local includeIf.gitdir:/home/runner/work/wootc/wootc/.git.path /home/runner/work/_temp/git-credentials-ae1f0f2f-5854-4ff9-8b1b-13c3833924ad.config
2026-09-27T16:19:37.2958642Z [command]/usr/bin/git config --local includeIf.gitdir:/home/runner/work/wootc/wootc/.git/worktrees/*.path /home/runner/work/_temp/git-credentials-ae1f0f2f-5854-4ff9-8b1b-13c3833924ad.config
2026-09-27T16:19:37.2996908Z [command]/usr/bin/git config --local includeIf.gitdir:/github/workspace/.git.path /github/runner_temp/git-credentials-ae1f0f2f-5854-4ff9-8b1b-13c3833924ad.config
2026-09-27T16:19:37.3032655Z [command]/usr/bin/git config --local includeIf.gitdir:/github/workspace/.git/worktrees/*.path /github/runner_temp/git-credentials-ae1f0f2f-5854-4ff9-8b1b-13c3833924ad.config
2026-09-27T16:19:37.3063572Z ##[endgroup]
2026-09-27T16:19:37.3064364Z ##[group]Fetching the repository
2026-09-27T16:19:37.3069980Z [command]/usr/bin/git -c protocol.version=2 fetch --no-tags --prune --no-recurse-submodules --depth=1 origin +b95f51fb80446160427e9c51c835ca91aad78481:refs/remotes/origin/main
2026-09-27T16:19:38.2065245Z From https://github.com/tuna-os/wootc
2026-09-27T16:19:38.2067190Z  * [new ref]         b95f51fb80446160427e9c51c835ca91aad78481 -> origin/main
2026-09-27T16:19:38.2077308Z [command]/usr/bin/git branch --list --remote origin/main
2026-09-27T16:19:38.2108534Z   origin/main
2026-09-27T16:19:38.2118394Z [command]/usr/bin/git rev-parse refs/remotes/origin/main
2026-09-27T16:19:38.2148426Z b95f51fb80446160427e9c51c835ca91aad78481
2026-09-27T16:19:38.2154582Z ##[endgroup]
2026-09-27T16:19:38.2156237Z ##[group]Determining the checkout info
2026-09-27T16:19:38.2158047Z ##[endgroup]
2026-09-27T16:19:38.2159264Z [command]/usr/bin/git sparse-checkout disable
2026-09-27T16:19:38.2223637Z [command]/usr/bin/git config --local --unset-all extensions.worktreeConfig
2026-09-27T16:19:38.2265153Z ##[group]Checking out the ref
2026-09-27T16:19:38.2267022Z [command]/usr/bin/git checkout --progress --force -B main refs/remotes/origin/main
2026-09-27T16:19:38.3392316Z Switched to a new branch 'main'
2026-09-27T16:19:38.3396052Z branch 'main' set up to track 'origin/main'.
2026-09-27T16:19:38.3406917Z ##[endgroup]
2026-09-27T16:19:38.3459781Z [command]/usr/bin/git log -1 --format=%H
2026-09-27T16:19:38.3490882Z b95f51fb80446160427e9c51c835ca91aad78481
2026-09-27T16:19:38.3715522Z ##[group]Run OWNED_STAGE="$RUNNER_TEMP/linux-package-$GITHUB_RUN_ID-$GITHUB_RUN_ATTEMPT"
2026-09-27T16:19:38.3717610Z [36;1mOWNED_STAGE="$RUNNER_TEMP/linux-package-$GITHUB_RUN_ID-$GITHUB_RUN_ATTEMPT"[0m
2026-09-27T16:19:38.3719061Z [36;1mecho "OWNED_STAGE=$OWNED_STAGE" >> "$GITHUB_ENV"[0m
2026-09-27T16:19:38.3720115Z [36;1mtest "$RUNNER_ENVIRONMENT" = github-hosted[0m
2026-09-27T16:19:38.3721272Z [36;1mtest "$RUNNER_OS" = Linux[0m
2026-09-27T16:19:38.3722042Z [36;1mtest "$GITHUB_SHA" = "$REVIEWED_SHA"[0m
2026-09-27T16:19:38.3722980Z [36;1mtest "$(git rev-parse HEAD)" = "$REVIEWED_SHA"[0m
2026-09-27T16:19:38.3723861Z [36;1mtest ! -e "$OWNED_STAGE"[0m
2026-09-27T16:19:38.3724564Z [36;1mpython3 - <<'PY'[0m
2026-09-27T16:19:38.3725186Z [36;1mfrom pathlib import Path[0m
2026-09-27T16:19:38.3726031Z [36;1mfor path in Path('/proc').glob('[0-9]*/comm'):[0m
2026-09-27T16:19:38.3727006Z [36;1m    try: name=path.read_text().strip()[0m
2026-09-27T16:19:38.3728208Z [36;1m    except (FileNotFoundError,ProcessLookupError): continue[0m
2026-09-27T16:19:38.3729951Z [36;1m    if name.startswith(('qemu','swtpm')): raise SystemExit('existing VM process: refuse reclaim')[0m
2026-09-27T16:19:38.3731594Z [36;1mPY[0m
2026-09-27T16:19:38.4039200Z shell: /usr/bin/bash -e {0}
2026-09-27T16:19:38.4039907Z env:
2026-09-27T16:19:38.4040768Z   REVIEWED_SHA: b95f51fb80446160427e9c51c835ca91aad78481
2026-09-27T16:19:38.4041749Z ##[endgroup]
2026-09-27T16:19:38.4715395Z ##[group]Run sudo rm -rf /usr/share/dotnet /usr/local/lib/android /opt/ghc \
2026-09-27T16:19:38.4716876Z [36;1msudo rm -rf /usr/share/dotnet /usr/local/lib/android /opt/ghc \[0m
2026-09-27T16:19:38.4783096Z [36;1m  /usr/local/share/boost /usr/local/lib/node_modules /usr/share/swift[0m
2026-09-27T16:19:38.4784373Z [36;1msudo apt-get clean[0m
2026-09-27T16:19:38.4784999Z [36;1mdf -h "$RUNNER_TEMP"[0m
2026-09-27T16:19:38.4849328Z shell: /usr/bin/bash -e {0}
2026-09-27T16:19:38.4849911Z env:
2026-09-27T16:19:38.4850471Z   REVIEWED_SHA: b95f51fb80446160427e9c51c835ca91aad78481
2026-09-27T16:19:38.4851775Z   OWNED_STAGE: /home/runner/work/_temp/linux-package-36332778882-1
2026-09-27T16:19:38.4852718Z ##[endgroup]
2026-09-27T16:21:29.0208645Z Filesystem      Size  Used Avail Use% Mounted on
2026-09-27T16:21:29.0211031Z /dev/root       145G   38G  107G  27% /
2026-09-27T16:21:29.0251012Z ##[group]Run sudo apt-get update -qq
2026-09-27T16:21:29.0251378Z [36;1msudo apt-get update -qq[0m
2026-09-27T16:21:29.0251777Z [36;1msudo apt-get install -y -qq qemu-system-x86 qemu-utils ovmf genisoimage[0m
2026-09-27T16:21:29.0252187Z [36;1msudo chmod 0666 /dev/kvm[0m
2026-09-27T16:21:29.0318184Z shell: /usr/bin/bash -e {0}
2026-09-27T16:21:29.0318443Z env:
2026-09-27T16:21:29.0318695Z   REVIEWED_SHA: b95f51fb80446160427e9c51c835ca91aad78481
2026-09-27T16:21:29.0319113Z   OWNED_STAGE: /home/runner/work/_temp/linux-package-36332778882-1
2026-09-27T16:21:29.0319681Z ##[endgroup]
2026-09-27T16:21:41.4846103Z Selecting previously unselected package msr-tools.
2026-09-27T16:21:41.5151756Z (Reading database ... 
2026-09-27T16:21:41.5152440Z (Reading database ... 5%
2026-09-27T16:21:41.5153321Z (Reading database ... 10%
2026-09-27T16:21:41.5154322Z (Reading database ... 15%
2026-09-27T16:21:41.5154859Z (Reading database ... 20%
2026-09-27T16:21:41.5155479Z (Reading database ... 25%
2026-09-27T16:21:41.5155990Z (Reading database ... 30%
2026-09-27T16:21:41.5156500Z (Reading database ... 35%
2026-09-27T16:21:41.5157009Z (Reading database ... 40%
2026-09-27T16:21:41.5157527Z (Reading database ... 45%
2026-09-27T16:21:41.5158048Z (Reading database ... 50%
2026-09-27T16:21:41.5228588Z (Reading database ... 55%
2026-09-27T16:21:41.6379747Z (Reading database ... 60%
2026-09-27T16:21:41.8276121Z (Reading database ... 65%
2026-09-27T16:21:42.0353909Z (Reading database ... 70%
2026-09-27T16:21:42.2194805Z (Reading database ... 75%
2026-09-27T16:21:42.3787465Z (Reading database ... 80%
2026-09-27T16:21:42.5337483Z (Reading database ... 85%
2026-09-27T16:21:42.6918757Z (Reading database ... 90%
2026-09-27T16:21:42.8895864Z (Reading database ... 95%
2026-09-27T16:21:42.8896519Z (Reading database ... 100%
2026-09-27T16:21:42.8897373Z (Reading database ... 202190 files and directories currently installed.)
2026-09-27T16:21:42.8939274Z Preparing to unpack .../00-msr-tools_1.3-5ubuntu0.1_amd64.deb ...
2026-09-27T16:21:42.8967824Z Unpacking msr-tools (1.3-5ubuntu0.1) ...
2026-09-27T16:21:42.9187463Z Selecting previously unselected package cpu-checker.
2026-09-27T16:21:42.9312303Z Preparing to unpack .../01-cpu-checker_0.7-1.3build2_amd64.deb ...
2026-09-27T16:21:42.9319557Z Unpacking cpu-checker (0.7-1.3build2) ...
2026-09-27T16:21:42.9521588Z Selecting previously unselected package genisoimage.
2026-09-27T16:21:42.9648488Z Preparing to unpack .../02-genisoimage_9%3a1.1.11-3.5_amd64.deb ...
2026-09-27T16:21:42.9655208Z Unpacking genisoimage (9:1.1.11-3.5) ...
2026-09-27T16:21:42.9967728Z Selecting previously unselected package libproxy1v5:amd64.
2026-09-27T16:21:43.0092226Z Preparing to unpack .../03-libproxy1v5_0.5.4-4build1_amd64.deb ...
2026-09-27T16:21:43.0107084Z Unpacking libproxy1v5:amd64 (0.5.4-4build1) ...
2026-09-27T16:21:43.0315112Z Selecting previously unselected package glib-networking-common.
2026-09-27T16:21:43.0440267Z Preparing to unpack .../04-glib-networking-common_2.80.0-1build1_all.deb ...
2026-09-27T16:21:43.0446471Z Unpacking glib-networking-common (2.80.0-1build1) ...
2026-09-27T16:21:43.0631088Z Selecting previously unselected package glib-networking-services.
2026-09-27T16:21:43.0755535Z Preparing to unpack .../05-glib-networking-services_2.80.0-1build1_amd64.deb ...
2026-09-27T16:21:43.0762215Z Unpacking glib-networking-services (2.80.0-1build1) ...
2026-09-27T16:21:43.0961732Z Selecting previously unselected package session-migration.
2026-09-27T16:21:43.1082993Z Preparing to unpack .../06-session-migration_0.3.9build1_amd64.deb ...
2026-09-27T16:21:43.1090185Z Unpacking session-migration (0.3.9build1) ...
2026-09-27T16:21:43.1289259Z Selecting previously unselected package gsettings-desktop-schemas.
2026-09-27T16:21:43.1411978Z Preparing to unpack .../07-gsettings-desktop-schemas_46.1-0ubuntu1_all.deb ...
2026-09-27T16:21:43.1418719Z Unpacking gsettings-desktop-schemas (46.1-0ubuntu1) ...
2026-09-27T16:21:43.1779652Z Selecting previously unselected package glib-networking:amd64.
2026-09-27T16:21:43.1904118Z Preparing to unpack .../08-glib-networking_2.80.0-1build1_amd64.deb ...
2026-09-27T16:21:43.1909872Z Unpacking glib-networking:amd64 (2.80.0-1build1) ...
2026-09-27T16:21:43.2108448Z Selecting previously unselected package libcdparanoia0:amd64.
2026-09-27T16:21:43.2229156Z Preparing to unpack .../09-libcdparanoia0_3.10.2+debian-14build3_amd64.deb ...
2026-09-27T16:21:43.2236304Z Unpacking libcdparanoia0:amd64 (3.10.2+debian-14build3) ...
2026-09-27T16:21:43.2452452Z Selecting previously unselected package liborc-0.4-0t64:amd64.
2026-09-27T16:21:43.2573101Z Preparing to unpack .../10-liborc-0.4-0t64_1%3a0.4.38-1ubuntu0.1_amd64.deb ...
2026-09-27T16:21:43.2579879Z Unpacking liborc-0.4-0t64:amd64 (1:0.4.38-1ubuntu0.1) ...
2026-09-27T16:21:43.2801957Z Selecting previously unselected package libgstreamer-plugins-base1.0-0:amd64.
2026-09-27T16:21:43.2922888Z Preparing to unpack .../11-libgstreamer-plugins-base1.0-0_1.24.2-1ubuntu0.5_amd64.deb ...
2026-09-27T16:21:43.2928664Z Unpacking libgstreamer-plugins-base1.0-0:amd64 (1.24.2-1ubuntu0.5) ...
2026-09-27T16:21:43.3236805Z Selecting previously unselected package libopus0:amd64.
2026-09-27T16:21:43.3357517Z Preparing to unpack .../12-libopus0_1.4-1build1_amd64.deb ...
2026-09-27T16:21:43.3364006Z Unpacking libopus0:amd64 (1.4-1build1) ...
2026-09-27T16:21:43.3570163Z Selecting previously unselected package libtheora0:amd64.
2026-09-27T16:21:43.3690312Z Preparing to unpack .../13-libtheora0_1.1.1+dfsg.1-16.1build3_amd64.deb ...
2026-09-27T16:21:43.3697506Z Unpacking libtheora0:amd64 (1.1.1+dfsg.1-16.1build3) ...
2026-09-27T16:21:43.3913629Z Selecting previously unselected package libvisual-0.4-0:amd64.
2026-09-27T16:21:43.4035985Z Preparing to unpack .../14-libvisual-0.4-0_0.4.2-2build1_amd64.deb ...
2026-09-27T16:21:43.4042578Z Unpacking libvisual-0.4-0:amd64 (0.4.2-2build1) ...
2026-09-27T16:21:43.4253014Z Selecting previously unselected package libvorbisenc2:amd64.
2026-09-27T16:21:43.4376124Z Preparing to unpack .../15-libvorbisenc2_1.3.7-1build3_amd64.deb ...
2026-09-27T16:21:43.4384171Z Unpacking libvorbisenc2:amd64 (1.3.7-1build3) ...
2026-09-27T16:21:43.4587638Z Selecting previously unselected package gstreamer1.0-plugins-base:amd64.
2026-09-27T16:21:43.4708986Z Preparing to unpack .../16-gstreamer1.0-plugins-base_1.24.2-1ubuntu0.5_amd64.deb ...
2026-09-27T16:21:43.4715199Z Unpacking gstreamer1.0-plugins-base:amd64 (1.24.2-1ubuntu0.5) ...
2026-09-27T16:21:43.5022880Z Selecting previously unselected package libaa1:amd64.
2026-09-27T16:21:43.5144213Z Preparing to unpack .../17-libaa1_1.4p5-51.1_amd64.deb ...
2026-09-27T16:21:43.5152061Z Unpacking libaa1:amd64 (1.4p5-51.1) ...
2026-09-27T16:21:43.5350644Z Selecting previously unselected package libraw1394-11:amd64.
2026-09-27T16:21:43.5470078Z Preparing to unpack .../18-libraw1394-11_2.1.2-2build3_amd64.deb ...
2026-09-27T16:21:43.5477441Z Unpacking libraw1394-11:amd64 (2.1.2-2build3) ...
2026-09-27T16:21:43.5667832Z Selecting previously unselected package libavc1394-0:amd64.
2026-09-27T16:21:43.5787165Z Preparing to unpack .../19-libavc1394-0_0.5.4-5build3_amd64.deb ...
2026-09-27T16:21:43.5795189Z Unpacking libavc1394-0:amd64 (0.5.4-5build3) ...
2026-09-27T16:21:43.5985386Z Selecting previously unselected package libcaca0:amd64.
2026-09-27T16:21:43.6105503Z Preparing to unpack .../20-libcaca0_0.99.beta20-4ubuntu0.2_amd64.deb ...
2026-09-27T16:21:43.6113853Z Unpacking libcaca0:amd64 (0.99.beta20-4ubuntu0.2) ...
2026-09-27T16:21:43.6342861Z Selecting previously unselected package libdv4t64:amd64.
2026-09-27T16:21:43.6462986Z Preparing to unpack .../21-libdv4t64_1.0.0-17.1build1_amd64.deb ...
2026-09-27T16:21:43.6470129Z Unpacking libdv4t64:amd64 (1.0.0-17.1build1) ...
2026-09-27T16:21:43.6677170Z Selecting previously unselected package libflac12t64:amd64.
2026-09-27T16:21:43.6797511Z Preparing to unpack .../22-libflac12t64_1.4.3+ds-2.1ubuntu2_amd64.deb ...
2026-09-27T16:21:43.6805590Z Unpacking libflac12t64:amd64 (1.4.3+ds-2.1ubuntu2) ...
2026-09-27T16:21:43.7024649Z Selecting previously unselected package libgstreamer-plugins-good1.0-0:amd64.
2026-09-27T16:21:43.7145327Z Preparing to unpack .../23-libgstreamer-plugins-good1.0-0_1.24.2-1ubuntu1.7_amd64.deb ...
2026-09-27T16:21:43.7153449Z Unpacking libgstreamer-plugins-good1.0-0:amd64 (1.24.2-1ubuntu1.7) ...
2026-09-27T16:21:43.7347943Z Selecting previously unselected package libiec61883-0:amd64.
2026-09-27T16:21:43.7467063Z Preparing to unpack .../24-libiec61883-0_1.2.0-6build1_amd64.deb ...
2026-09-27T16:21:43.7473826Z Unpacking libiec61883-0:amd64 (1.2.0-6build1) ...
2026-09-27T16:21:43.7670298Z Selecting previously unselected package libmp3lame0:amd64.
2026-09-27T16:21:43.7790864Z Preparing to unpack .../25-libmp3lame0_3.100-6build1_amd64.deb ...
2026-09-27T16:21:43.7799302Z Unpacking libmp3lame0:amd64 (3.100-6build1) ...
2026-09-27T16:21:43.8003543Z Selecting previously unselected package libmpg123-0t64:amd64.
2026-09-27T16:21:43.8122919Z Preparing to unpack .../26-libmpg123-0t64_1.32.5-1ubuntu1.1_amd64.deb ...
2026-09-27T16:21:43.8130548Z Unpacking libmpg123-0t64:amd64 (1.32.5-1ubuntu1.1) ...
2026-09-27T16:21:43.8333389Z Selecting previously unselected package libasyncns0:amd64.
2026-09-27T16:21:43.8452607Z Preparing to unpack .../27-libasyncns0_0.8-6build4_amd64.deb ...
2026-09-27T16:21:43.8460149Z Unpacking libasyncns0:amd64 (0.8-6build4) ...
2026-09-27T16:21:43.8648898Z Selecting previously unselected package libsndfile1:amd64.
2026-09-27T16:21:43.8776765Z Preparing to unpack .../28-libsndfile1_1.2.2-1ubuntu5.24.04.1_amd64.deb ...
2026-09-27T16:21:43.8784485Z Unpacking libsndfile1:amd64 (1.2.2-1ubuntu5.24.04.1) ...
2026-09-27T16:21:43.9019227Z Selecting previously unselected package libpulse0:amd64.
2026-09-27T16:21:43.9144571Z Preparing to unpack .../29-libpulse0_1%3a16.1+dfsg1-2ubuntu10.1_amd64.deb ...
2026-09-27T16:21:43.9210224Z Unpacking libpulse0:amd64 (1:16.1+dfsg1-2ubuntu10.1) ...
2026-09-27T16:21:43.9445980Z Selecting previously unselected package libspeex1:amd64.
2026-09-27T16:21:43.9574385Z Preparing to unpack .../30-libspeex1_1.2.1-2ubuntu2.24.04.1_amd64.deb ...
2026-09-27T16:21:43.9582704Z Unpacking libspeex1:amd64 (1.2.1-2ubuntu2.24.04.1) ...
2026-09-27T16:21:43.9779817Z Selecting previously unselected package libshout3:amd64.
2026-09-27T16:21:43.9911393Z Preparing to unpack .../31-libshout3_2.4.6-1build2_amd64.deb ...
2026-09-27T16:21:43.9918086Z Unpacking libshout3:amd64 (2.4.6-1build2) ...
2026-09-27T16:21:44.0118263Z Selecting previously unselected package libtag1v5-vanilla:amd64.
2026-09-27T16:21:44.0238629Z Preparing to unpack .../32-libtag1v5-vanilla_1.13.1-1build1_amd64.deb ...
2026-09-27T16:21:44.0247632Z Unpacking libtag1v5-vanilla:amd64 (1.13.1-1build1) ...
2026-09-27T16:21:44.0471952Z Selecting previously unselected package libtag1v5:amd64.
2026-09-27T16:21:44.0593555Z Preparing to unpack .../33-libtag1v5_1.13.1-1build1_amd64.deb ...
2026-09-27T16:21:44.0605385Z Unpacking libtag1v5:amd64 (1.13.1-1build1) ...
2026-09-27T16:21:44.0797651Z Selecting previously unselected package libtwolame0:amd64.
2026-09-27T16:21:44.0918549Z Preparing to unpack .../34-libtwolame0_0.4.0-2build3_amd64.deb ...
2026-09-27T16:21:44.0927576Z Unpacking libtwolame0:amd64 (0.4.0-2build3) ...
2026-09-27T16:21:44.1121398Z Selecting previously unselected package libv4lconvert0t64:amd64.
2026-09-27T16:21:44.1243817Z Preparing to unpack .../35-libv4lconvert0t64_1.26.1-4build3_amd64.deb ...
2026-09-27T16:21:44.1252761Z Unpacking libv4lconvert0t64:amd64 (1.26.1-4build3) ...
2026-09-27T16:21:44.1468560Z Selecting previously unselected package libv4l-0t64:amd64.
2026-09-27T16:21:44.1588793Z Preparing to unpack .../36-libv4l-0t64_1.26.1-4build3_amd64.deb ...
2026-09-27T16:21:44.1596351Z Unpacking libv4l-0t64:amd64 (1.26.1-4build3) ...
2026-09-27T16:21:44.1816081Z Selecting previously unselected package libvpx9:amd64.
2026-09-27T16:21:44.1936985Z Preparing to unpack .../37-libvpx9_1.14.0-1ubuntu2.3_amd64.deb ...
2026-09-27T16:21:44.1945665Z Unpacking libvpx9:amd64 (1.14.0-1ubuntu2.3) ...
2026-09-27T16:21:44.2283518Z Selecting previously unselected package libwavpack1:amd64.
2026-09-27T16:21:44.2409682Z Preparing to unpack .../38-libwavpack1_5.6.0-1build1_amd64.deb ...
2026-09-27T16:21:44.2419202Z Unpacking libwavpack1:amd64 (5.6.0-1build1) ...
2026-09-27T16:21:44.2618466Z Selecting previously unselected package libsoup-3.0-common.
2026-09-27T16:21:44.2746356Z Preparing to unpack .../39-libsoup-3.0-common_3.4.4-5ubuntu0.8_all.deb ...
2026-09-27T16:21:44.2755411Z Unpacking libsoup-3.0-common (3.4.4-5ubuntu0.8) ...
2026-09-27T16:21:44.2950332Z Selecting previously unselected package libsoup-3.0-0:amd64.
2026-09-27T16:21:44.3076253Z Preparing to unpack .../40-libsoup-3.0-0_3.4.4-5ubuntu0.8_amd64.deb ...
2026-09-27T16:21:44.3083448Z Unpacking libsoup-3.0-0:amd64 (3.4.4-5ubuntu0.8) ...
2026-09-27T16:21:44.3302917Z Selecting previously unselected package gstreamer1.0-plugins-good:amd64.
2026-09-27T16:21:44.3428925Z Preparing to unpack .../41-gstreamer1.0-plugins-good_1.24.2-1ubuntu1.7_amd64.deb ...
2026-09-27T16:21:44.3443088Z Unpacking gstreamer1.0-plugins-good:amd64 (1.24.2-1ubuntu1.7) ...
2026-09-27T16:21:44.3998281Z Selecting previously unselected package libxv1:amd64.
2026-09-27T16:21:44.4123512Z Preparing to unpack .../42-libxv1_2%3a1.0.11-1.1build1_amd64.deb ...
2026-09-27T16:21:44.4131424Z Unpacking libxv1:amd64 (2:1.0.11-1.1build1) ...
2026-09-27T16:21:44.4316197Z Selecting previously unselected package gstreamer1.0-x:amd64.
2026-09-27T16:21:44.4440270Z Preparing to unpack .../43-gstreamer1.0-x_1.24.2-1ubuntu0.5_amd64.deb ...
2026-09-27T16:21:44.4448355Z Unpacking gstreamer1.0-x:amd64 (1.24.2-1ubuntu0.5) ...
2026-09-27T16:21:44.4716199Z Selecting previously unselected package ipxe-qemu.
2026-09-27T16:21:44.4841180Z Preparing to unpack .../44-ipxe-qemu_1.21.1+git-20220113.fbbdc3926-0ubuntu2_all.deb ...
2026-09-27T16:21:44.4847947Z Unpacking ipxe-qemu (1.21.1+git-20220113.fbbdc3926-0ubuntu2) ...
2026-09-27T16:21:44.5189418Z Selecting previously unselected package ipxe-qemu-256k-compat-efi-roms.
2026-09-27T16:21:44.5319690Z Preparing to unpack .../45-ipxe-qemu-256k-compat-efi-roms_1.0.0+git-20150424.a25a16d-0ubuntu5_all.deb ...
2026-09-27T16:21:44.5328336Z Unpacking ipxe-qemu-256k-compat-efi-roms (1.0.0+git-20150424.a25a16d-0ubuntu5) ...
2026-09-27T16:21:44.5568830Z Selecting previously unselected package libboost-iostreams1.83.0:amd64.
2026-09-27T16:21:44.5695176Z Preparing to unpack .../46-libboost-iostreams1.83.0_1.83.0-2.1ubuntu3.2_amd64.deb ...
2026-09-27T16:21:44.5704870Z Unpacking libboost-iostreams1.83.0:amd64 (1.83.0-2.1ubuntu3.2) ...
2026-09-27T16:21:44.5967306Z Selecting previously unselected package libboost-thread1.83.0:amd64.
2026-09-27T16:21:44.6092961Z Preparing to unpack .../47-libboost-thread1.83.0_1.83.0-2.1ubuntu3.2_amd64.deb ...
2026-09-27T16:21:44.6100245Z Unpacking libboost-thread1.83.0:amd64 (1.83.0-2.1ubuntu3.2) ...
2026-09-27T16:21:44.6354207Z Selecting previously unselected package libbrlapi0.8:amd64.
2026-09-27T16:21:44.6484284Z Preparing to unpack .../48-libbrlapi0.8_6.6-4ubuntu5_amd64.deb ...
2026-09-27T16:21:44.6492296Z Unpacking libbrlapi0.8:amd64 (6.6-4ubuntu5) ...
2026-09-27T16:21:44.6691458Z Selecting previously unselected package libpcsclite1:amd64.
2026-09-27T16:21:44.6817522Z Preparing to unpack .../49-libpcsclite1_2.0.3-1build1_amd64.deb ...
2026-09-27T16:21:44.6825286Z Unpacking libpcsclite1:amd64 (2.0.3-1build1) ...
2026-09-27T16:21:44.7019845Z Selecting previously unselected package libcacard0:amd64.
2026-09-27T16:21:44.7155810Z Preparing to unpack .../50-libcacard0_1%3a2.8.0-3build4_amd64.deb ...
2026-09-27T16:21:44.7164027Z Unpacking libcacard0:amd64 (1:2.8.0-3build4) ...
2026-09-27T16:21:44.7359633Z Selecting previously unselected package libdaxctl1:amd64.
2026-09-27T16:21:44.7488913Z Preparing to unpack .../51-libdaxctl1_77-2ubuntu2_amd64.deb ...
2026-09-27T16:21:44.7495875Z Unpacking libdaxctl1:amd64 (77-2ubuntu2) ...
2026-09-27T16:21:44.7688864Z Selecting previously unselected package libdecor-0-0:amd64.
2026-09-27T16:21:44.7820306Z Preparing to unpack .../52-libdecor-0-0_0.2.2-1build2_amd64.deb ...
2026-09-27T16:21:44.7828456Z Unpacking libdecor-0-0:amd64 (0.2.2-1build2) ...
2026-09-27T16:21:44.8019737Z Selecting previously unselected package libdecor-0-plugin-1-gtk:amd64.
2026-09-27T16:21:44.8143939Z Preparing to unpack .../53-libdecor-0-plugin-1-gtk_0.2.2-1build2_amd64.deb ...
2026-09-27T16:21:44.9815854Z Unpacking libdecor-0-plugin-1-gtk:amd64 (0.2.2-1build2) ...
2026-09-27T16:21:45.0018403Z Selecting previously unselected package librdmacm1t64:amd64.
2026-09-27T16:21:45.0143736Z Preparing to unpack .../54-librdmacm1t64_50.0-2ubuntu0.2_amd64.deb ...
2026-09-27T16:21:45.0153230Z Unpacking librdmacm1t64:amd64 (50.0-2ubuntu0.2) ...
2026-09-27T16:21:45.0366259Z Selecting previously unselected package libiscsi7:amd64.
2026-09-27T16:21:45.0490239Z Preparing to unpack .../55-libiscsi7_1.19.0-3build4_amd64.deb ...
2026-09-27T16:21:45.0496878Z Unpacking libiscsi7:amd64 (1.19.0-3build4) ...
2026-09-27T16:21:45.0702222Z Selecting previously unselected package libsamplerate0:amd64.
2026-09-27T16:21:45.0826688Z Preparing to unpack .../56-libsamplerate0_0.2.2-4build1_amd64.deb ...
2026-09-27T16:21:45.0834526Z Unpacking libsamplerate0:amd64 (0.2.2-4build1) ...
2026-09-27T16:21:45.1083494Z Selecting previously unselected package libjack-jackd2-0:amd64.
2026-09-27T16:21:45.1210133Z Preparing to unpack .../57-libjack-jackd2-0_1.9.21~dfsg-3ubuntu3_amd64.deb ...
2026-09-27T16:21:45.1218205Z Unpacking libjack-jackd2-0:amd64 (1.9.21~dfsg-3ubuntu3) ...
2026-09-27T16:21:45.1464299Z Selecting previously unselected package libndctl6:amd64.
2026-09-27T16:21:45.1586948Z Preparing to unpack .../58-libndctl6_77-2ubuntu2_amd64.deb ...
2026-09-27T16:21:45.1595281Z Unpacking libndctl6:amd64 (77-2ubuntu2) ...
2026-09-27T16:21:45.1799595Z Selecting previously unselected package libnfs14:amd64.
2026-09-27T16:21:45.1920060Z Preparing to unpack .../59-libnfs14_5.0.2-1ubuntu0.24.04.1_amd64.deb ...
2026-09-27T16:21:45.1927126Z Unpacking libnfs14:amd64 (5.0.2-1ubuntu0.24.04.1) ...
2026-09-27T16:21:45.2129273Z Selecting previously unselected package libwebrtc-audio-processing1:amd64.
2026-09-27T16:21:45.2250165Z Preparing to unpack .../60-libwebrtc-audio-processing1_0.3.1-0ubuntu6_amd64.deb ...
2026-09-27T16:21:45.2257124Z Unpacking libwebrtc-audio-processing1:amd64 (0.3.1-0ubuntu6) ...
2026-09-27T16:21:45.2469786Z Selecting previously unselected package libspa-0.2-modules:amd64.
2026-09-27T16:21:45.2591407Z Preparing to unpack .../61-libspa-0.2-modules_1.0.5-1ubuntu3.3_amd64.deb ...
2026-09-27T16:21:45.2599163Z Unpacking libspa-0.2-modules:amd64 (1.0.5-1ubuntu3.3) ...
2026-09-27T16:21:45.2903815Z Selecting previously unselected package libpipewire-0.3-0t64:amd64.
2026-09-27T16:21:45.3026785Z Preparing to unpack .../62-libpipewire-0.3-0t64_1.0.5-1ubuntu3.3_amd64.deb ...
2026-09-27T16:21:45.3033831Z Unpacking libpipewire-0.3-0t64:amd64 (1.0.5-1ubuntu3.3) ...
2026-09-27T16:21:45.3252880Z Selecting previously unselected package libpipewire-0.3-common.
2026-09-27T16:21:45.3375445Z Preparing to unpack .../63-libpipewire-0.3-common_1.0.5-1ubuntu3.3_all.deb ...
2026-09-27T16:21:45.3392583Z Unpacking libpipewire-0.3-common (1.0.5-1ubuntu3.3) ...
2026-09-27T16:21:45.3582521Z Selecting previously unselected package libpmem1:amd64.
2026-09-27T16:21:45.3703954Z Preparing to unpack .../64-libpmem1_1.13.1-1.1ubuntu2_amd64.deb ...
2026-09-27T16:21:45.3712732Z Unpacking libpmem1:amd64 (1.13.1-1.1ubuntu2) ...
2026-09-27T16:21:45.4038653Z Selecting previously unselected package libpmemobj1:amd64.
2026-09-27T16:21:45.4159642Z Preparing to unpack .../65-libpmemobj1_1.13.1-1.1ubuntu2_amd64.deb ...
2026-09-27T16:21:45.4168132Z Unpacking libpmemobj1:amd64 (1.13.1-1.1ubuntu2) ...
2026-09-27T16:21:45.4420019Z Selecting previously unselected package librados2.
2026-09-27T16:21:45.4544368Z Preparing to unpack .../66-librados2_19.2.3-0ubuntu0.24.04.3_amd64.deb ...
2026-09-27T16:21:45.4552078Z Unpacking librados2 (19.2.3-0ubuntu0.24.04.3) ...
2026-09-27T16:21:45.5241415Z Selecting previously unselected package librbd1.
2026-09-27T16:21:45.5366247Z Preparing to unpack .../67-librbd1_19.2.3-0ubuntu0.24.04.3_amd64.deb ...
2026-09-27T16:21:45.5374815Z Unpacking librbd1 (19.2.3-0ubuntu0.24.04.3) ...
2026-09-27T16:21:45.6011674Z Selecting previously unselected package libsdl2-2.0-0:amd64.
2026-09-27T16:21:45.6137947Z Preparing to unpack .../68-libsdl2-2.0-0_2.30.0+dfsg-1ubuntu3.1_amd64.deb ...
2026-09-27T16:21:45.6145065Z Unpacking libsdl2-2.0-0:amd64 (2.30.0+dfsg-1ubuntu3.1) ...
2026-09-27T16:21:45.6412674Z Selecting previously unselected package libspice-server1:amd64.
2026-09-27T16:21:45.6536177Z Preparing to unpack .../69-libspice-server1_0.15.1-1build2_amd64.deb ...
2026-09-27T16:21:45.6544192Z Unpacking libspice-server1:amd64 (0.15.1-1build2) ...
2026-09-27T16:21:45.6779891Z Selecting previously unselected package liburing2:amd64.
2026-09-27T16:21:45.6903994Z Preparing to unpack .../70-liburing2_2.5-1build1_amd64.deb ...
2026-09-27T16:21:45.6911935Z Unpacking liburing2:amd64 (2.5-1build1) ...
2026-09-27T16:21:45.7122167Z Selecting previously unselected package libusbredirparser1t64:amd64.
2026-09-27T16:21:45.7244315Z Preparing to unpack .../71-libusbredirparser1t64_0.13.0-2.1build1_amd64.deb ...
2026-09-27T16:21:45.7251722Z Unpacking libusbredirparser1t64:amd64 (0.13.0-2.1build1) ...
2026-09-27T16:21:45.7448600Z Selecting previously unselected package libvirglrenderer1:amd64.
2026-09-27T16:21:45.7571304Z Preparing to unpack .../72-libvirglrenderer1_1.0.0-1ubuntu2_amd64.deb ...
2026-09-27T16:21:45.7578963Z Unpacking libvirglrenderer1:amd64 (1.0.0-1ubuntu2) ...
2026-09-27T16:21:45.7800333Z Selecting previously unselected package libvte-2.91-common.
2026-09-27T16:21:45.7924436Z Preparing to unpack .../73-libvte-2.91-common_0.76.0-1ubuntu0.1_amd64.deb ...
2026-09-27T16:21:45.7931706Z Unpacking libvte-2.91-common (0.76.0-1ubuntu0.1) ...
2026-09-27T16:21:45.8144182Z Selecting previously unselected package libvte-2.91-0:amd64.
2026-09-27T16:21:45.8265981Z Preparing to unpack .../74-libvte-2.91-0_0.76.0-1ubuntu0.1_amd64.deb ...
2026-09-27T16:21:45.8273319Z Unpacking libvte-2.91-0:amd64 (0.76.0-1ubuntu0.1) ...
2026-09-27T16:21:45.8487385Z Selecting previously unselected package libfdt1:amd64.
2026-09-27T16:21:45.8608295Z Preparing to unpack .../75-libfdt1_1.7.0-2build1_amd64.deb ...
2026-09-27T16:21:45.8615668Z Unpacking libfdt1:amd64 (1.7.0-2build1) ...
2026-09-27T16:21:45.8813522Z Selecting previously unselected package qemu-system-common.
2026-09-27T16:21:45.8934564Z Preparing to unpack .../76-qemu-system-common_1%3a8.2.2+ds-0ubuntu1.18_amd64.deb ...
2026-09-27T16:21:45.8945045Z Unpacking qemu-system-common (1:8.2.2+ds-0ubuntu1.18) ...
2026-09-27T16:21:45.9663810Z Selecting previously unselected package qemu-system-data.
2026-09-27T16:21:45.9791282Z Preparing to unpack .../77-qemu-system-data_1%3a8.2.2+ds-0ubuntu1.18_all.deb ...
2026-09-27T16:21:45.9797686Z Unpacking qemu-system-data (1:8.2.2+ds-0ubuntu1.18) ...
2026-09-27T16:21:46.0404772Z Selecting previously unselected package seabios.
2026-09-27T16:21:46.0529409Z Preparing to unpack .../78-seabios_1.16.3-2_all.deb ...
2026-09-27T16:21:46.0536960Z Unpacking seabios (1.16.3-2) ...
2026-09-27T16:21:46.0787995Z Selecting previously unselected package qemu-system-x86.
2026-09-27T16:21:46.0913482Z Preparing to unpack .../79-qemu-system-x86_1%3a8.2.2+ds-0ubuntu1.18_amd64.deb ...
2026-09-27T16:21:46.0981209Z Unpacking qemu-system-x86 (1:8.2.2+ds-0ubuntu1.18) ...
2026-09-27T16:21:46.2895323Z Selecting previously unselected package qemu-utils.
2026-09-27T16:21:46.3021865Z Preparing to unpack .../80-qemu-utils_1%3a8.2.2+ds-0ubuntu1.18_amd64.deb ...
2026-09-27T16:21:46.3029413Z Unpacking qemu-utils (1:8.2.2+ds-0ubuntu1.18) ...
2026-09-27T16:21:46.3583858Z Selecting previously unselected package qemu-block-extra.
2026-09-27T16:21:46.3708681Z Preparing to unpack .../81-qemu-block-extra_1%3a8.2.2+ds-0ubuntu1.18_amd64.deb ...
2026-09-27T16:21:46.3716093Z Unpacking qemu-block-extra (1:8.2.2+ds-0ubuntu1.18) ...
2026-09-27T16:21:46.4190369Z Selecting previously unselected package qemu-system-modules-opengl.
2026-09-27T16:21:46.4316859Z Preparing to unpack .../82-qemu-system-modules-opengl_1%3a8.2.2+ds-0ubuntu1.18_amd64.deb ...
2026-09-27T16:21:46.4323897Z Unpacking qemu-system-modules-opengl (1:8.2.2+ds-0ubuntu1.18) ...
2026-09-27T16:21:46.4547372Z Selecting previously unselected package qemu-system-gui.
2026-09-27T16:21:46.4671575Z Preparing to unpack .../83-qemu-system-gui_1%3a8.2.2+ds-0ubuntu1.18_amd64.deb ...
2026-09-27T16:21:46.4678572Z Unpacking qemu-system-gui (1:8.2.2+ds-0ubuntu1.18) ...
2026-09-27T16:21:46.4966257Z Selecting previously unselected package qemu-system-modules-spice.
2026-09-27T16:21:46.5092443Z Preparing to unpack .../84-qemu-system-modules-spice_1%3a8.2.2+ds-0ubuntu1.18_amd64.deb ...
2026-09-27T16:21:46.5099412Z Unpacking qemu-system-modules-spice (1:8.2.2+ds-0ubuntu1.18) ...
2026-09-27T16:21:46.5297510Z Selecting previously unselected package ovmf.
2026-09-27T16:21:46.5421539Z Preparing to unpack .../85-ovmf_2024.02-2ubuntu0.9_all.deb ...
2026-09-27T16:21:46.5427864Z Unpacking ovmf (2024.02-2ubuntu0.9) ...
2026-09-27T16:21:46.6216365Z Setting up libpipewire-0.3-common (1.0.5-1ubuntu3.3) ...
2026-09-27T16:21:46.6234554Z Setting up genisoimage (9:1.1.11-3.5) ...
2026-09-27T16:21:46.6252043Z Setting up libcdparanoia0:amd64 (3.10.2+debian-14build3) ...
2026-09-27T16:21:46.6269347Z Setting up session-migration (0.3.9build1) ...
2026-09-27T16:21:46.7388844Z Created symlink /etc/systemd/user/graphical-session-pre.target.wants/session-migration.service → /usr/lib/systemd/user/session-migration.service.
2026-09-27T16:21:46.7390090Z 
2026-09-27T16:21:46.7422000Z Setting up libraw1394-11:amd64 (2.1.2-2build3) ...
2026-09-27T16:21:46.7442149Z Setting up libproxy1v5:amd64 (0.5.4-4build1) ...
2026-09-27T16:21:46.7464978Z Setting up libtag1v5-vanilla:amd64 (1.13.1-1build1) ...
2026-09-27T16:21:46.7486685Z Setting up libspeex1:amd64 (1.2.1-2ubuntu2.24.04.1) ...
2026-09-27T16:21:46.7513187Z Setting up libcaca0:amd64 (0.99.beta20-4ubuntu0.2) ...
2026-09-27T16:21:46.7532147Z Setting up libv4lconvert0t64:amd64 (1.26.1-4build3) ...
2026-09-27T16:21:46.7551361Z Setting up libtwolame0:amd64 (0.4.0-2build3) ...
2026-09-27T16:21:46.7575281Z Setting up libvte-2.91-common (0.76.0-1ubuntu0.1) ...
2026-09-27T16:21:46.7608413Z Setting up libvisual-0.4-0:amd64 (0.4.2-2build1) ...
2026-09-27T16:21:46.7628415Z Setting up msr-tools (1.3-5ubuntu0.1) ...
2026-09-27T16:21:46.7647804Z Setting up libwebrtc-audio-processing1:amd64 (0.3.1-0ubuntu6) ...
2026-09-27T16:21:46.7672577Z Setting up libboost-thread1.83.0:amd64 (1.83.0-2.1ubuntu3.2) ...
2026-09-27T16:21:46.7692711Z Setting up libsoup-3.0-common (3.4.4-5ubuntu0.8) ...
2026-09-27T16:21:46.7743008Z Setting up libmpg123-0t64:amd64 (1.32.5-1ubuntu1.1) ...
2026-09-27T16:21:46.7764647Z Setting up libfdt1:amd64 (1.7.0-2build1) ...
2026-09-27T16:21:46.7784892Z Setting up libvte-2.91-0:amd64 (0.76.0-1ubuntu0.1) ...
2026-09-27T16:21:46.7815032Z Setting up libnfs14:amd64 (5.0.2-1ubuntu0.24.04.1) ...
2026-09-27T16:21:46.7834513Z Setting up liborc-0.4-0t64:amd64 (1:0.4.38-1ubuntu0.1) ...
2026-09-27T16:21:46.7855790Z Setting up ovmf (2024.02-2ubuntu0.9) ...
2026-09-27T16:21:46.7888080Z Setting up libvirglrenderer1:amd64 (1.0.0-1ubuntu2) ...
2026-09-27T16:21:46.7908011Z Setting up libspa-0.2-modules:amd64 (1.0.5-1ubuntu3.3) ...
2026-09-27T16:21:46.7930331Z Setting up libboost-iostreams1.83.0:amd64 (1.83.0-2.1ubuntu3.2) ...
2026-09-27T16:21:46.7949555Z Setting up libopus0:amd64 (1.4-1build1) ...
2026-09-27T16:21:46.7969520Z Setting up libxv1:amd64 (2:1.0.11-1.1build1) ...
2026-09-27T16:21:46.7992421Z Setting up libdv4t64:amd64 (1.0.0-17.1build1) ...
2026-09-27T16:21:46.8013236Z Setting up libpcsclite1:amd64 (2.0.3-1build1) ...
2026-09-27T16:21:46.8038044Z Setting up libdaxctl1:amd64 (77-2ubuntu2) ...
2026-09-27T16:21:46.8055826Z Setting up qemu-system-data (1:8.2.2+ds-0ubuntu1.18) ...
2026-09-27T16:21:46.8073434Z Setting up seabios (1.16.3-2) ...
2026-09-27T16:21:46.8093592Z Setting up libv4l-0t64:amd64 (1.26.1-4build3) ...
2026-09-27T16:21:46.8111656Z Setting up libvpx9:amd64 (1.14.0-1ubuntu2.3) ...
2026-09-27T16:21:46.8132638Z Setting up libtag1v5:amd64 (1.13.1-1build1) ...
2026-09-27T16:21:46.8150928Z Setting up cpu-checker (0.7-1.3build2) ...
2026-09-27T16:21:46.8166754Z Setting up libasyncns0:amd64 (0.8-6build4) ...
2026-09-27T16:21:46.8191166Z Setting up libwavpack1:amd64 (5.6.0-1build1) ...
2026-09-27T16:21:46.8208900Z Setting up libusbredirparser1t64:amd64 (0.13.0-2.1build1) ...
2026-09-27T16:21:46.8228497Z Setting up ipxe-qemu (1.21.1+git-20220113.fbbdc3926-0ubuntu2) ...
2026-09-27T16:21:46.8247798Z Setting up libtheora0:amd64 (1.1.1+dfsg.1-16.1build3) ...
2026-09-27T16:21:46.8266320Z Setting up libdecor-0-0:amd64 (0.2.2-1build2) ...
2026-09-27T16:21:46.8289765Z Setting up libndctl6:amd64 (77-2ubuntu2) ...
2026-09-27T16:21:46.8308577Z Setting up librdmacm1t64:amd64 (50.0-2ubuntu0.2) ...
2026-09-27T16:21:46.8329330Z Setting up ipxe-qemu-256k-compat-efi-roms (1.0.0+git-20150424.a25a16d-0ubuntu5) ...
2026-09-27T16:21:46.8350241Z Setting up libflac12t64:amd64 (1.4.3+ds-2.1ubuntu2) ...
2026-09-27T16:21:46.8370672Z Setting up libbrlapi0.8:amd64 (6.6-4ubuntu5) ...
2026-09-27T16:21:46.8392714Z Setting up glib-networking-common (2.80.0-1build1) ...
2026-09-27T16:21:46.8409913Z Setting up liburing2:amd64 (2.5-1build1) ...
2026-09-27T16:21:46.8430009Z Setting up libiscsi7:amd64 (1.19.0-3build4) ...
2026-09-27T16:21:46.8451373Z Setting up libsamplerate0:amd64 (0.2.2-4build1) ...
2026-09-27T16:21:46.8474553Z Setting up libpmem1:amd64 (1.13.1-1.1ubuntu2) ...
2026-09-27T16:21:46.8494764Z Setting up libpipewire-0.3-0t64:amd64 (1.0.5-1ubuntu3.3) ...
2026-09-27T16:21:46.8514201Z Setting up libdecor-0-plugin-1-gtk:amd64 (0.2.2-1build2) ...
2026-09-27T16:21:46.8533383Z Setting up libmp3lame0:amd64 (3.100-6build1) ...
2026-09-27T16:21:46.8552284Z Setting up libvorbisenc2:amd64 (1.3.7-1build3) ...
2026-09-27T16:21:46.8571806Z Setting up libaa1:amd64 (1.4p5-51.1) ...
2026-09-27T16:21:46.8590986Z Setting up libiec61883-0:amd64 (1.2.0-6build1) ...
2026-09-27T16:21:46.8611429Z Setting up libavc1394-0:amd64 (0.5.4-5build3) ...
2026-09-27T16:21:46.8630831Z Setting up gsettings-desktop-schemas (46.1-0ubuntu1) ...
2026-09-27T16:21:46.8650254Z Setting up glib-networking-services (2.80.0-1build1) ...
2026-09-27T16:21:46.8671081Z Setting up librados2 (19.2.3-0ubuntu0.24.04.3) ...
2026-09-27T16:21:46.8691833Z Setting up libgstreamer-plugins-base1.0-0:amd64 (1.24.2-1ubuntu0.5) ...
2026-09-27T16:21:46.8710502Z Setting up libcacard0:amd64 (1:2.8.0-3build4) ...
2026-09-27T16:21:46.8732091Z Setting up libgstreamer-plugins-good1.0-0:amd64 (1.24.2-1ubuntu1.7) ...
2026-09-27T16:21:46.8750130Z Setting up gstreamer1.0-plugins-base:amd64 (1.24.2-1ubuntu0.5) ...
2026-09-27T16:21:46.8769010Z Setting up libshout3:amd64 (2.4.6-1build2) ...
2026-09-27T16:21:46.8786927Z Setting up libpmemobj1:amd64 (1.13.1-1.1ubuntu2) ...
2026-09-27T16:21:46.8816654Z Setting up librbd1 (19.2.3-0ubuntu0.24.04.3) ...
2026-09-27T16:21:46.8838803Z Setting up libjack-jackd2-0:amd64 (1.9.21~dfsg-3ubuntu3) ...
2026-09-27T16:21:46.8856636Z Setting up libsndfile1:amd64 (1.2.2-1ubuntu5.24.04.1) ...
2026-09-27T16:21:46.8875960Z Setting up qemu-utils (1:8.2.2+ds-0ubuntu1.18) ...
2026-09-27T16:21:46.8893777Z Setting up qemu-block-extra (1:8.2.2+ds-0ubuntu1.18) ...
2026-09-27T16:21:46.9956854Z Created symlink /etc/systemd/system/multi-user.target.wants/run-qemu.mount → /usr/lib/systemd/system/run-qemu.mount.
2026-09-27T16:21:46.9957387Z 
2026-09-27T16:21:47.8391665Z Setting up gstreamer1.0-x:amd64 (1.24.2-1ubuntu0.5) ...
2026-09-27T16:21:47.8415323Z Setting up qemu-system-common (1:8.2.2+ds-0ubuntu1.18) ...
2026-09-27T16:21:47.9496538Z Created symlink /etc/systemd/system/multi-user.target.wants/qemu-kvm.service → /usr/lib/systemd/system/qemu-kvm.service.
2026-09-27T16:21:47.9497266Z 
2026-09-27T16:21:48.2754828Z Setting up libpulse0:amd64 (1:16.1+dfsg1-2ubuntu10.1) ...
2026-09-27T16:21:48.2824866Z Setting up libspice-server1:amd64 (0.15.1-1build2) ...
2026-09-27T16:21:48.2846426Z Setting up qemu-system-x86 (1:8.2.2+ds-0ubuntu1.18) ...
2026-09-27T16:21:48.2916401Z Setting up libsdl2-2.0-0:amd64 (2.30.0+dfsg-1ubuntu3.1) ...
2026-09-27T16:21:48.2935373Z Setting up qemu-system-modules-opengl (1:8.2.2+ds-0ubuntu1.18) ...
2026-09-27T16:21:48.2956177Z Setting up qemu-system-gui (1:8.2.2+ds-0ubuntu1.18) ...
2026-09-27T16:21:48.3254326Z Setting up qemu-system-modules-spice (1:8.2.2+ds-0ubuntu1.18) ...
2026-09-27T16:21:48.3313409Z Processing triggers for hicolor-icon-theme (0.17-2) ...
2026-09-27T16:21:48.4511954Z Processing triggers for libc-bin (2.39-0ubuntu8.9) ...
2026-09-27T16:21:48.4869074Z Processing triggers for man-db (2.12.0-4build2) ...
2026-09-27T16:21:48.4891707Z Not building database; man-db/auto-update is not 'true'.
2026-09-27T16:21:48.4903337Z Processing triggers for libglib2.0-0t64:amd64 (2.80.0-6ubuntu3.8) ...
2026-09-27T16:21:48.5109113Z Setting up glib-networking:amd64 (2.80.0-1build1) ...
2026-09-27T16:21:48.5140432Z Setting up libsoup-3.0-0:amd64 (3.4.4-5ubuntu0.8) ...
2026-09-27T16:21:48.5176324Z Setting up gstreamer1.0-plugins-good:amd64 (1.24.2-1ubuntu1.7) ...
2026-09-27T16:21:48.5198175Z Processing triggers for libc-bin (2.39-0ubuntu8.9) ...
2026-09-27T16:21:49.1646095Z 
2026-09-27T16:21:49.1646761Z Running kernel seems to be up-to-date.
2026-09-27T16:21:49.1647196Z 
2026-09-27T16:21:49.1647317Z No services need to be restarted.
2026-09-27T16:21:49.1647531Z 
2026-09-27T16:21:49.1647651Z No containers need to be restarted.
2026-09-27T16:21:49.1647862Z 
2026-09-27T16:21:49.1648014Z No user sessions are running outdated binaries.
2026-09-27T16:21:49.1648279Z 
2026-09-27T16:21:49.1648515Z No VM guests are running outdated hypervisor (qemu) binaries on this host.
2026-09-27T16:21:50.0192286Z ##[group]Run HOST_DATA_PREFIX="/run/wootc-package-host-$GITHUB_RUN_ID-$GITHUB_RUN_ATTEMPT"
2026-09-27T16:21:50.0193033Z [36;1mHOST_DATA_PREFIX="/run/wootc-package-host-$GITHUB_RUN_ID-$GITHUB_RUN_ATTEMPT"[0m
2026-09-27T16:21:50.0193603Z [36;1mecho "WOOTC_HOST_DATA_PREFIX=$HOST_DATA_PREFIX" >> "$GITHUB_ENV"[0m
2026-09-27T16:21:50.0194341Z [36;1msudo --preserve-env=GITHUB_ACTIONS,RUNNER_ENVIRONMENT,RUNNER_OS,GITHUB_RUN_ID,GITHUB_RUN_ATTEMPT,GITHUB_SHA,RUNNER_TEMP \[0m
2026-09-27T16:21:50.0195117Z [36;1m  /usr/bin/python3 tests/e2e/package-runtime/host-data.py "$HOST_DATA_PREFIX"[0m
2026-09-27T16:21:50.0259708Z shell: /usr/bin/bash -e {0}
2026-09-27T16:21:50.0260021Z env:
2026-09-27T16:21:50.0260331Z   REVIEWED_SHA: b95f51fb80446160427e9c51c835ca91aad78481
2026-09-27T16:21:50.0261129Z   OWNED_STAGE: /home/runner/work/_temp/linux-package-36332778882-1
2026-09-27T16:21:50.0261585Z ##[endgroup]
2026-09-27T16:22:03.8701246Z {"complete": true, "runtimeExecuted": false}
2026-09-27T16:22:03.8898774Z ##[group]Run python3 tests/audit-linux-package-runtime.py .
2026-09-27T16:22:03.8899268Z [36;1mpython3 tests/audit-linux-package-runtime.py .[0m
2026-09-27T16:22:03.8899651Z [36;1mtimeout --signal=TERM --kill-after=10s 3600s \[0m
2026-09-27T16:22:03.8900349Z [36;1m  sudo --preserve-env=GITHUB_ACTIONS,RUNNER_ENVIRONMENT,RUNNER_OS,GITHUB_RUN_ID,GITHUB_RUN_ATTEMPT,GITHUB_SHA,RUNNER_TEMP,WOOTC_HOST_DATA_PREFIX \[0m
2026-09-27T16:22:03.8901622Z [36;1m  /usr/bin/python3 tests/e2e/package-runtime/host-namespace.py "$WOOTC_HOST_DATA_PREFIX" --execute "$OWNED_STAGE"[0m
2026-09-27T16:22:03.8964556Z shell: /usr/bin/bash -e {0}
2026-09-27T16:22:03.8964803Z env:
2026-09-27T16:22:03.8965054Z   REVIEWED_SHA: b95f51fb80446160427e9c51c835ca91aad78481
2026-09-27T16:22:03.8965505Z   OWNED_STAGE: /home/runner/work/_temp/linux-package-36332778882-1
2026-09-27T16:22:03.8965959Z   WOOTC_HOST_DATA_PREFIX: /run/wootc-package-host-36332778882-1
2026-09-27T16:22:03.8966313Z ##[endgroup]
2026-09-27T16:22:03.9370388Z {"acquiredFilesReadBack": 0, "actualPublicArchiveReadbacks": 30, "classicOsBootAcceptance": false, "firmwareAcceptance": false, "nativeControls": 52, "runtimeExecuted": false, "sourcesMatch": 60}
2026-09-27T16:22:04.1277744Z {"beforeNamespace": "mnt:[4026531832]", "bindings": {"usr/lib/ipxe/qemu": "/usr/lib/ipxe/qemu", "usr/share": "/usr/share"}, "kernelReadonlyWriteRefusals": ["/usr/share", "/usr/lib/ipxe/qemu"], "privateNamespace": "mnt:[4026532219]", "runtimeExecuted": false}
2026-09-27T16:42:47.6856277Z Traceback (most recent call last):
2026-09-27T16:42:47.6857024Z   File "/home/runner/work/wootc/wootc/tests/e2e/package-runtime/hosted-execute.py", line 208, in <module>
2026-09-27T16:42:47.6860026Z     execute(args.exclusive_stage)
2026-09-27T16:42:47.6861147Z   File "/home/runner/work/wootc/wootc/tests/e2e/package-runtime/hosted-execute.py", line 192, in execute
2026-09-27T16:42:47.6862440Z     result=launcher['launch'](folder/'guest',launcher['readback'],launcher['acknowledge'],
2026-09-27T16:42:47.6863234Z            ^^^^^^^^^^^^^^^^^^^^^^^^^^^^^^^^^^^^^^^^^^^^^^^^^^^^^^^^^^^^^^^^^^^^^^^^^^^^^^^
2026-09-27T16:42:47.6864419Z   File "/home/runner/work/wootc/wootc/tests/e2e/package-runtime/launch.py", line 205, in launch
2026-09-27T16:42:47.6865372Z     result=run_owned(command(folder,record),folder,observe,on_started=started)
2026-09-27T16:42:47.6866067Z            ^^^^^^^^^^^^^^^^^^^^^^^^^^^^^^^^^^^^^^^^^^^^^^^^^^^^^^^^^^^^^^^^^^^
2026-09-27T16:42:47.6866843Z   File "/home/runner/work/wootc/wootc/tests/e2e/package-runtime/launch.py", line 98, in run_owned
2026-09-27T16:42:47.6868018Z     if remaining<=0:raise TimeoutError('owned runtime absolute deadline expired')
2026-09-27T16:42:47.6868861Z                     ^^^^^^^^^^^^^^^^^^^^^^^^^^^^^^^^^^^^^^^^^^^^^^^^^^^^^^^^^^^^^
2026-09-27T16:42:47.6869562Z TimeoutError: owned runtime absolute deadline expired
2026-09-27T16:42:47.6870212Z Error in sys.excepthook:
2026-09-27T16:42:47.6870961Z Traceback (most recent call last):
2026-09-27T16:42:47.6871991Z   File "/usr/lib/python3/dist-packages/apport_python_hook.py", line 228, in partial_apport_excepthook
2026-09-27T16:42:47.6873264Z     return apport_excepthook(binary, exc_type, exc_obj, exc_tb)
2026-09-27T16:42:47.6873862Z            ^^^^^^^^^^^^^^^^^^^^^^^^^^^^^^^^^^^^^^^^^^^^^^^^^^^^
2026-09-27T16:42:47.6874583Z   File "/usr/lib/python3/dist-packages/apport_python_hook.py", line 66, in apport_excepthook
2026-09-27T16:42:47.6875162Z     import apport.report
2026-09-27T16:42:47.6875757Z   File "/usr/lib/python3/dist-packages/apport/__init__.py", line 7, in <module>
2026-09-27T16:42:47.6876270Z     from apport.packaging_impl import impl as packaging
2026-09-27T16:42:47.6876754Z   File "/usr/lib/python3/dist-packages/apport/packaging_impl/__init__.py", line 33, in <module>
2026-09-27T16:42:47.6877219Z     impl = load_packaging_implementation()
2026-09-27T16:42:47.6877482Z            ^^^^^^^^^^^^^^^^^^^^^^^^^^^^^^^
2026-09-27T16:42:47.6878199Z   File "/usr/lib/python3/dist-packages/apport/packaging_impl/__init__.py", line 27, in load_packaging_implementation
2026-09-27T16:42:47.6878743Z     module = importlib.import_module(
2026-09-27T16:42:47.6878998Z              ^^^^^^^^^^^^^^^^^^^^^^^^
2026-09-27T16:42:47.6879471Z   File "/usr/lib/python3.12/importlib/__init__.py", line 90, in import_module
2026-09-27T16:42:47.6879936Z     return _bootstrap._gcd_import(name[level:], package, level)
2026-09-27T16:42:47.6880785Z            ^^^^^^^^^^^^^^^^^^^^^^^^^^^^^^^^^^^^^^^^^^^^^^^^^^^^
2026-09-27T16:42:47.6881560Z   File "/usr/lib/python3/dist-packages/apport/packaging_impl/apt_dpkg.py", line 49, in <module>
2026-09-27T16:42:47.6882193Z     import apt
2026-09-27T16:42:47.6882516Z   File "/usr/lib/python3/dist-packages/apt/__init__.py", line 38, in <module>
2026-09-27T16:42:47.6883146Z     apt_pkg.init_system()
2026-09-27T16:42:47.6883581Z apt_pkg.Error: E:Error reading the CPU table
2026-09-27T16:42:47.6883909Z 
2026-09-27T16:42:47.6884060Z Original exception was:
2026-09-27T16:42:47.6884451Z Traceback (most recent call last):
2026-09-27T16:42:47.6885247Z   File "/home/runner/work/wootc/wootc/tests/e2e/package-runtime/hosted-execute.py", line 208, in <module>
2026-09-27T16:42:47.6886090Z     execute(args.exclusive_stage)
2026-09-27T16:42:47.6886853Z   File "/home/runner/work/wootc/wootc/tests/e2e/package-runtime/hosted-execute.py", line 192, in execute
2026-09-27T16:42:47.6887909Z     result=launcher['launch'](folder/'guest',launcher['readback'],launcher['acknowledge'],
2026-09-27T16:42:47.6888685Z            ^^^^^^^^^^^^^^^^^^^^^^^^^^^^^^^^^^^^^^^^^^^^^^^^^^^^^^^^^^^^^^^^^^^^^^^^^^^^^^^
2026-09-27T16:42:47.6889508Z   File "/home/runner/work/wootc/wootc/tests/e2e/package-runtime/launch.py", line 205, in launch
2026-09-27T16:42:47.6890453Z     result=run_owned(command(folder,record),folder,observe,on_started=started)
2026-09-27T16:42:47.6891444Z            ^^^^^^^^^^^^^^^^^^^^^^^^^^^^^^^^^^^^^^^^^^^^^^^^^^^^^^^^^^^^^^^^^^^
2026-09-27T16:42:47.6892041Z   File "/home/runner/work/wootc/wootc/tests/e2e/package-runtime/launch.py", line 98, in run_owned
2026-09-27T16:42:47.6892620Z     if remaining<=0:raise TimeoutError('owned runtime absolute deadline expired')
2026-09-27T16:42:47.6893209Z                     ^^^^^^^^^^^^^^^^^^^^^^^^^^^^^^^^^^^^^^^^^^^^^^^^^^^^^^^^^^^^^
2026-09-27T16:42:47.6893563Z TimeoutError: owned runtime absolute deadline expired
2026-09-27T16:42:47.7029621Z ##[error]Process completed with exit code 1.
2026-09-27T16:42:47.7079577Z ##[group]Run HOST_DATA_PREFIX="/run/wootc-package-host-$GITHUB_RUN_ID-$GITHUB_RUN_ATTEMPT"
2026-09-27T16:42:47.7080244Z [36;1mHOST_DATA_PREFIX="/run/wootc-package-host-$GITHUB_RUN_ID-$GITHUB_RUN_ATTEMPT"[0m
2026-09-27T16:42:47.7081227Z [36;1msudo --preserve-env=GITHUB_ACTIONS,RUNNER_ENVIRONMENT,RUNNER_OS,GITHUB_RUN_ID,GITHUB_RUN_ATTEMPT,GITHUB_SHA,RUNNER_TEMP \[0m
2026-09-27T16:42:47.7082071Z [36;1m  /usr/bin/python3 tests/e2e/package-runtime/host-data-proof.py "$HOST_DATA_PREFIX" "$RUNNER_TEMP/host-data-proof"[0m
2026-09-27T16:42:47.7144327Z shell: /usr/bin/bash -e {0}
2026-09-27T16:42:47.7144580Z env:
2026-09-27T16:42:47.7144828Z   REVIEWED_SHA: b95f51fb80446160427e9c51c835ca91aad78481
2026-09-27T16:42:47.7145255Z   OWNED_STAGE: /home/runner/work/_temp/linux-package-36332778882-1
2026-09-27T16:42:47.7145699Z   WOOTC_HOST_DATA_PREFIX: /run/wootc-package-host-36332778882-1
2026-09-27T16:42:47.7146062Z ##[endgroup]
2026-09-27T16:42:47.7866978Z ##[group]Run actions/upload-artifact@v7
2026-09-27T16:42:47.7867290Z with:
2026-09-27T16:42:47.7867527Z   name: host-data-proof-execute-36332778882-1
2026-09-27T16:42:47.7867869Z   path: /home/runner/work/_temp/host-data-proof/
2026-09-27T16:42:47.7868176Z   if-no-files-found: warn
2026-09-27T16:42:47.7868405Z   retention-days: 14
2026-09-27T16:42:47.7868625Z   compression-level: 6
2026-09-27T16:42:47.7868840Z   overwrite: false
2026-09-27T16:42:47.7869051Z   include-hidden-files: false
2026-09-27T16:42:47.7869289Z   archive: true
2026-09-27T16:42:47.7869475Z env:
2026-09-27T16:42:47.7869708Z   REVIEWED_SHA: b95f51fb80446160427e9c51c835ca91aad78481
2026-09-27T16:42:47.7870094Z   OWNED_STAGE: /home/runner/work/_temp/linux-package-36332778882-1
2026-09-27T16:42:47.7870527Z   WOOTC_HOST_DATA_PREFIX: /run/wootc-package-host-36332778882-1
2026-09-27T16:42:47.7871204Z ##[endgroup]
2026-09-27T16:42:47.9469239Z With the provided path, there will be 9 files uploaded
2026-09-27T16:42:47.9474991Z Artifact name is valid!
2026-09-27T16:42:47.9476997Z Root directory input is valid!
2026-09-27T16:42:48.3293019Z Uploading artifact: host-data-proof-execute-36332778882-1.zip
2026-09-27T16:42:48.3338411Z Beginning upload of artifact content to blob storage
2026-09-27T16:42:48.8750286Z Uploaded bytes 163722
2026-09-27T16:42:48.9787761Z Finished uploading artifact content to blob storage!
2026-09-27T16:42:48.9789166Z SHA256 digest of uploaded artifact is 87ad2621a4e1f3ae5f9c9d4e5730ca3ca3611ea3a7c93bd934b4eb319a9ac33c
2026-09-27T16:42:48.9790230Z Finalizing artifact upload
2026-09-27T16:42:49.3573534Z Artifact host-data-proof-execute-36332778882-1 successfully finalized. Artifact ID 10936179325
2026-09-27T16:42:49.3575269Z Artifact host-data-proof-execute-36332778882-1 has been successfully uploaded! Final size is 163722 bytes. Artifact ID is 10936179325
2026-09-27T16:42:49.3578404Z Artifact download URL: https://github.com/tuna-os/wootc/actions/runs/36332778882/artifacts/10936179325
2026-09-27T16:42:49.3734563Z ##[group]Run actions/upload-artifact@v7
2026-09-27T16:42:49.3734876Z with:
2026-09-27T16:42:49.3735100Z   name: linux-package-proof-36332778882-1
2026-09-27T16:42:49.3735533Z   path: /home/runner/work/_temp/linux-package-36332778882-1/artifacts/
2026-09-27T16:42:49.3735903Z   if-no-files-found: warn
2026-09-27T16:42:49.3736136Z   retention-days: 14
2026-09-27T16:42:49.3736359Z   compression-level: 6
2026-09-27T16:42:49.3736572Z   overwrite: false
2026-09-27T16:42:49.3736787Z   include-hidden-files: false
2026-09-27T16:42:49.3737022Z   archive: true
2026-09-27T16:42:49.3737217Z env:
2026-09-27T16:42:49.3737451Z   REVIEWED_SHA: b95f51fb80446160427e9c51c835ca91aad78481
2026-09-27T16:42:49.3737849Z   OWNED_STAGE: /home/runner/work/_temp/linux-package-36332778882-1
2026-09-27T16:42:49.3738461Z   WOOTC_HOST_DATA_PREFIX: /run/wootc-package-host-36332778882-1
2026-09-27T16:42:49.3738799Z ##[endgroup]
2026-09-27T16:42:49.5164296Z With the provided path, there will be 9 files uploaded
2026-09-27T16:42:49.5181410Z Artifact name is valid!
2026-09-27T16:42:49.5211283Z Root directory input is valid!
2026-09-27T16:42:49.8797241Z Uploading artifact: linux-package-proof-36332778882-1.zip
2026-09-27T16:42:49.8842434Z Beginning upload of artifact content to blob storage
2026-09-27T16:42:50.3778590Z Uploaded bytes 63376
2026-09-27T16:42:50.4583016Z Finished uploading artifact content to blob storage!
2026-09-27T16:42:50.4584526Z SHA256 digest of uploaded artifact is 2264ce94f410c65d3fe1dd56ab7e66f7718676362b448be3e5a4031143014865
2026-09-27T16:42:50.4586123Z Finalizing artifact upload
2026-09-27T16:42:50.8459169Z Artifact linux-package-proof-36332778882-1 successfully finalized. Artifact ID 10936603144
2026-09-27T16:42:50.8461161Z Artifact linux-package-proof-36332778882-1 has been successfully uploaded! Final size is 63376 bytes. Artifact ID is 10936603144
2026-09-27T16:42:50.8463895Z Artifact download URL: https://github.com/tuna-os/wootc/actions/runs/36332778882/artifacts/10936603144
2026-09-27T16:42:50.8655735Z Post job cleanup.
2026-09-27T16:42:50.9466508Z [command]/usr/bin/git version
2026-09-27T16:42:50.9510712Z git version 2.55.0
2026-09-27T16:42:50.9562495Z Temporarily overriding HOME='/home/runner/work/_temp/d680b850-0fa0-47bd-b75d-1ab331208139' before making global git config changes
2026-09-27T16:42:50.9563686Z Adding repository directory to the temporary git global config as a safe directory
2026-09-27T16:42:50.9568283Z [command]/usr/bin/git config --global --add safe.directory /home/runner/work/wootc/wootc
2026-09-27T16:42:50.9600956Z Removing SSH command configuration
2026-09-27T16:42:50.9607912Z [command]/usr/bin/git config --local --name-only --get-regexp core\.sshCommand
2026-09-27T16:42:50.9644487Z [command]/usr/bin/git submodule foreach --recursive sh -c "git config --local --name-only --get-regexp 'core\.sshCommand' && git config --local --unset-all 'core.sshCommand' || :"
2026-09-27T16:42:50.9895911Z Removing HTTP extra header
2026-09-27T16:42:50.9901934Z [command]/usr/bin/git config --local --name-only --get-regexp http\.https\:\/\/github\.com\/\.extraheader
2026-09-27T16:42:50.9956580Z [command]/usr/bin/git submodule foreach --recursive sh -c "git config --local --name-only --get-regexp 'http\.https\:\/\/github\.com\/\.extraheader' && git config --local --unset-all 'http.https://github.com/.extraheader' || :"
2026-09-27T16:42:51.0205623Z Removing includeIf entries pointing to credentials config files
2026-09-27T16:42:51.0213654Z [command]/usr/bin/git config --local --name-only --get-regexp ^includeIf\.gitdir:
2026-09-27T16:42:51.0242832Z includeif.gitdir:/home/runner/work/wootc/wootc/.git.path
2026-09-27T16:42:51.0243891Z includeif.gitdir:/home/runner/work/wootc/wootc/.git/worktrees/*.path
2026-09-27T16:42:51.0244926Z includeif.gitdir:/github/workspace/.git.path
2026-09-27T16:42:51.0245664Z includeif.gitdir:/github/workspace/.git/worktrees/*.path
2026-09-27T16:42:51.0254159Z [command]/usr/bin/git config --local --get-all includeif.gitdir:/home/runner/work/wootc/wootc/.git.path
2026-09-27T16:42:51.0279916Z /home/runner/work/_temp/git-credentials-ae1f0f2f-5854-4ff9-8b1b-13c3833924ad.config
2026-09-27T16:42:51.0291933Z [command]/usr/bin/git config --local --unset includeif.gitdir:/home/runner/work/wootc/wootc/.git.path \/home\/runner\/work\/_temp\/git\-credentials\-ae1f0f2f\-5854\-4ff9\-8b1b\-13c3833924ad\.config
2026-09-27T16:42:51.0330328Z [command]/usr/bin/git config --local --get-all includeif.gitdir:/home/runner/work/wootc/wootc/.git/worktrees/*.path
2026-09-27T16:42:51.0365830Z /home/runner/work/_temp/git-credentials-ae1f0f2f-5854-4ff9-8b1b-13c3833924ad.config
2026-09-27T16:42:51.0381784Z [command]/usr/bin/git config --local --unset includeif.gitdir:/home/runner/work/wootc/wootc/.git/worktrees/*.path \/home\/runner\/work\/_temp\/git\-credentials\-ae1f0f2f\-5854\-4ff9\-8b1b\-13c3833924ad\.config
2026-09-27T16:42:51.0426426Z [command]/usr/bin/git config --local --get-all includeif.gitdir:/github/workspace/.git.path
2026-09-27T16:42:51.0456263Z /github/runner_temp/git-credentials-ae1f0f2f-5854-4ff9-8b1b-13c3833924ad.config
2026-09-27T16:42:51.0464770Z [command]/usr/bin/git config --local --unset includeif.gitdir:/github/workspace/.git.path \/github\/runner_temp\/git\-credentials\-ae1f0f2f\-5854\-4ff9\-8b1b\-13c3833924ad\.config
2026-09-27T16:42:51.0504545Z [command]/usr/bin/git config --local --get-all includeif.gitdir:/github/workspace/.git/worktrees/*.path
2026-09-27T16:42:51.0532394Z /github/runner_temp/git-credentials-ae1f0f2f-5854-4ff9-8b1b-13c3833924ad.config
2026-09-27T16:42:51.0542230Z [command]/usr/bin/git config --local --unset includeif.gitdir:/github/workspace/.git/worktrees/*.path \/github\/runner_temp\/git\-credentials\-ae1f0f2f\-5854\-4ff9\-8b1b\-13c3833924ad\.config
2026-09-27T16:42:51.0580481Z [command]/usr/bin/git submodule foreach --recursive git config --local --show-origin --name-only --get-regexp remote.origin.url
2026-09-27T16:42:51.0824435Z Removing credentials config '/home/runner/work/_temp/git-credentials-ae1f0f2f-5854-4ff9-8b1b-13c3833924ad.config'
2026-09-27T16:42:51.0997439Z Cleaning up orphan processes
