2026-09-27T17:24:10.6962869Z Current runner version: '2.337.0'
2026-09-27T17:24:10.6988961Z ##[group]Runner Image Provisioner
2026-09-27T17:24:10.6989833Z Hosted Compute Agent
2026-09-27T17:24:10.6990530Z Version: 20260828.587
2026-09-27T17:24:10.6991177Z Commit: abac92662cab4cc7352de4f9f9d2e2419aad9c29
2026-09-27T17:24:10.6992228Z Build Date: 2026-08-28T16:44:25Z
2026-09-27T17:24:10.6992988Z Worker ID: {4590c238-dfb9-488e-bf15-c791352e0d55}
2026-09-27T17:24:10.6993695Z Azure Region: eastus
2026-09-27T17:24:10.6994331Z ##[endgroup]
2026-09-27T17:24:10.6995815Z ##[group]Operating System
2026-09-27T17:24:10.6996579Z Ubuntu
2026-09-27T17:24:10.6997141Z 24.04.5
2026-09-27T17:24:10.6998097Z LTS
2026-09-27T17:24:10.6998680Z ##[endgroup]
2026-09-27T17:24:10.6999307Z ##[group]Runner Image
2026-09-27T17:24:10.7000050Z Image: ubuntu-24.04
2026-09-27T17:24:10.7000687Z Version: 20260920.314.1
2026-09-27T17:24:10.7002222Z Included Software: https://github.com/actions/runner-images/blob/ubuntu24/20260920.314/images/ubuntu/Ubuntu2404-Readme.md
2026-09-27T17:24:10.7003849Z Image Release: https://github.com/actions/runner-images/releases/tag/ubuntu24%2F20260920.314
2026-09-27T17:24:10.7004919Z ##[endgroup]
2026-09-27T17:24:10.7006056Z ##[group]GITHUB_TOKEN Permissions
2026-09-27T17:24:10.7008233Z Contents: read
2026-09-27T17:24:10.7008854Z Metadata: read
2026-09-27T17:24:10.7009513Z ##[endgroup]
2026-09-27T17:24:10.7012011Z Secret source: Actions
2026-09-27T17:24:10.7013178Z Cache mode: write
2026-09-27T17:24:10.7014163Z Prepare workflow directory
2026-09-27T17:24:10.7520860Z Prepare all required actions
2026-09-27T17:24:10.7570305Z Getting action download info
2026-09-27T17:24:10.9245541Z Download action repository 'actions/checkout@v7' (SHA:3d3c42e5aac5ba805825da76410c181273ba90b1)
2026-09-27T17:24:11.0309086Z Download action repository 'actions/upload-artifact@v7' (SHA:043fb46d1a93c77aae656e7c1c64a875d1fc6a0a)
2026-09-27T17:24:11.2063587Z Complete job name: execute
2026-09-27T17:24:11.2789668Z ##[group]Run actions/checkout@v7
2026-09-27T17:24:11.2790849Z with:
2026-09-27T17:24:11.2791654Z   repository: tuna-os/wootc
2026-09-27T17:24:11.2795817Z   token: ***
2026-09-27T17:24:11.2796438Z   ssh-strict: true
2026-09-27T17:24:11.2797060Z   ssh-user: git
2026-09-27T17:24:11.2797639Z   persist-credentials: true
2026-09-27T17:24:11.2798231Z   clean: true
2026-09-27T17:24:11.2798765Z   sparse-checkout-cone-mode: true
2026-09-27T17:24:11.2799428Z   fetch-depth: 1
2026-09-27T17:24:11.2799984Z   fetch-tags: false
2026-09-27T17:24:11.2800596Z   show-progress: true
2026-09-27T17:24:11.2801148Z   lfs: false
2026-09-27T17:24:11.2802075Z   submodules: false
2026-09-27T17:24:11.2802701Z   set-safe-directory: true
2026-09-27T17:24:11.2803341Z   allow-unsafe-pr-checkout: false
2026-09-27T17:24:11.2804301Z env:
2026-09-27T17:24:11.2804999Z   REVIEWED_SHA: c49e938743ed3fcbc5da8da60e71d136e9d278bc
2026-09-27T17:24:11.2805719Z ##[endgroup]
2026-09-27T17:24:11.3791505Z Syncing repository: tuna-os/wootc
2026-09-27T17:24:11.3794529Z ##[group]Getting Git version info
2026-09-27T17:24:11.3795822Z Working directory is '/home/runner/work/wootc/wootc'
2026-09-27T17:24:11.3797422Z [command]/usr/bin/git version
2026-09-27T17:24:11.3894421Z git version 2.55.0
2026-09-27T17:24:11.3916965Z ##[endgroup]
2026-09-27T17:24:11.3929168Z Temporarily overriding HOME='/home/runner/work/_temp/0a136021-3ca9-4aae-9a0d-467d41cd871b' before making global git config changes
2026-09-27T17:24:11.3932115Z Adding repository directory to the temporary git global config as a safe directory
2026-09-27T17:24:11.3935128Z [command]/usr/bin/git config --global --add safe.directory /home/runner/work/wootc/wootc
2026-09-27T17:24:11.3988572Z Deleting the contents of '/home/runner/work/wootc/wootc'
2026-09-27T17:24:11.3992215Z ##[group]Determining repository object format
2026-09-27T17:24:11.3994043Z ##[endgroup]
2026-09-27T17:24:11.3995367Z ##[group]Initializing the repository
2026-09-27T17:24:11.3998274Z [command]/usr/bin/git init /home/runner/work/wootc/wootc
2026-09-27T17:24:11.4123972Z hint: Using 'master' as the name for the initial branch. This default branch name
2026-09-27T17:24:11.4125568Z hint: will change to "main" in Git 3.0. To configure the initial branch name
2026-09-27T17:24:11.4127495Z hint: to use in all of your new repositories, which will suppress this warning,
2026-09-27T17:24:11.4128951Z hint: call:
2026-09-27T17:24:11.4129784Z hint:
2026-09-27T17:24:11.4130670Z hint: 	git config --global init.defaultBranch <name>
2026-09-27T17:24:11.4131770Z hint:
2026-09-27T17:24:11.4132591Z hint: Names commonly chosen instead of 'master' are 'main', 'trunk' and
2026-09-27T17:24:11.4133698Z hint: 'development'. The just-created branch can be renamed via this command:
2026-09-27T17:24:11.4134639Z hint:
2026-09-27T17:24:11.4135666Z hint: 	git branch -m <name>
2026-09-27T17:24:11.4136367Z hint:
2026-09-27T17:24:11.4137140Z hint: Disable this message with "git config set advice.defaultBranchName false"
2026-09-27T17:24:11.4138317Z Initialized empty Git repository in /home/runner/work/wootc/wootc/.git/
2026-09-27T17:24:11.4142301Z [command]/usr/bin/git remote add origin https://github.com/tuna-os/wootc
2026-09-27T17:24:11.4197029Z ##[endgroup]
2026-09-27T17:24:11.4197924Z ##[group]Disabling automatic garbage collection
2026-09-27T17:24:11.4201101Z [command]/usr/bin/git config --local gc.auto 0
2026-09-27T17:24:11.4241817Z ##[endgroup]
2026-09-27T17:24:11.4243129Z ##[group]Setting up auth
2026-09-27T17:24:11.4245547Z Removing SSH command configuration
2026-09-27T17:24:11.4252879Z [command]/usr/bin/git config --local --name-only --get-regexp core\.sshCommand
2026-09-27T17:24:11.4293466Z [command]/usr/bin/git submodule foreach --recursive sh -c "git config --local --name-only --get-regexp 'core\.sshCommand' && git config --local --unset-all 'core.sshCommand' || :"
2026-09-27T17:24:11.4690924Z Removing HTTP extra header
2026-09-27T17:24:11.4697623Z [command]/usr/bin/git config --local --name-only --get-regexp http\.https\:\/\/github\.com\/\.extraheader
2026-09-27T17:24:11.4733877Z [command]/usr/bin/git submodule foreach --recursive sh -c "git config --local --name-only --get-regexp 'http\.https\:\/\/github\.com\/\.extraheader' && git config --local --unset-all 'http.https://github.com/.extraheader' || :"
2026-09-27T17:24:11.4952051Z Removing includeIf entries pointing to credentials config files
2026-09-27T17:24:11.4956520Z [command]/usr/bin/git config --local --name-only --get-regexp ^includeIf\.gitdir:
2026-09-27T17:24:11.4990384Z [command]/usr/bin/git submodule foreach --recursive git config --local --show-origin --name-only --get-regexp remote.origin.url
2026-09-27T17:24:11.5221800Z [command]/usr/bin/git config --file /home/runner/work/_temp/git-credentials-c79a9adf-b567-48ad-a6a5-8fd29ae75b15.config http.https://github.com/.extraheader AUTHORIZATION: basic ***
2026-09-27T17:24:11.5263944Z [command]/usr/bin/git config --local includeIf.gitdir:/home/runner/work/wootc/wootc/.git.path /home/runner/work/_temp/git-credentials-c79a9adf-b567-48ad-a6a5-8fd29ae75b15.config
2026-09-27T17:24:11.5300327Z [command]/usr/bin/git config --local includeIf.gitdir:/home/runner/work/wootc/wootc/.git/worktrees/*.path /home/runner/work/_temp/git-credentials-c79a9adf-b567-48ad-a6a5-8fd29ae75b15.config
2026-09-27T17:24:11.5342429Z [command]/usr/bin/git config --local includeIf.gitdir:/github/workspace/.git.path /github/runner_temp/git-credentials-c79a9adf-b567-48ad-a6a5-8fd29ae75b15.config
2026-09-27T17:24:11.5378234Z [command]/usr/bin/git config --local includeIf.gitdir:/github/workspace/.git/worktrees/*.path /github/runner_temp/git-credentials-c79a9adf-b567-48ad-a6a5-8fd29ae75b15.config
2026-09-27T17:24:11.5410326Z ##[endgroup]
2026-09-27T17:24:11.5411610Z ##[group]Fetching the repository
2026-09-27T17:24:11.5416792Z [command]/usr/bin/git -c protocol.version=2 fetch --no-tags --prune --no-recurse-submodules --depth=1 origin +c49e938743ed3fcbc5da8da60e71d136e9d278bc:refs/remotes/origin/main
2026-09-27T17:24:11.9185850Z From https://github.com/tuna-os/wootc
2026-09-27T17:24:11.9187724Z  * [new ref]         c49e938743ed3fcbc5da8da60e71d136e9d278bc -> origin/main
2026-09-27T17:24:11.9196830Z [command]/usr/bin/git branch --list --remote origin/main
2026-09-27T17:24:11.9228388Z   origin/main
2026-09-27T17:24:11.9236814Z [command]/usr/bin/git rev-parse refs/remotes/origin/main
2026-09-27T17:24:11.9264585Z c49e938743ed3fcbc5da8da60e71d136e9d278bc
2026-09-27T17:24:11.9268992Z ##[endgroup]
2026-09-27T17:24:11.9269758Z ##[group]Determining the checkout info
2026-09-27T17:24:11.9270768Z ##[endgroup]
2026-09-27T17:24:11.9274699Z [command]/usr/bin/git sparse-checkout disable
2026-09-27T17:24:11.9333517Z [command]/usr/bin/git config --local --unset-all extensions.worktreeConfig
2026-09-27T17:24:11.9368049Z ##[group]Checking out the ref
2026-09-27T17:24:11.9372035Z [command]/usr/bin/git checkout --progress --force -B main refs/remotes/origin/main
2026-09-27T17:24:12.0488630Z Switched to a new branch 'main'
2026-09-27T17:24:12.0494727Z branch 'main' set up to track 'origin/main'.
2026-09-27T17:24:12.0552919Z ##[endgroup]
2026-09-27T17:24:12.0557803Z [command]/usr/bin/git log -1 --format=%H
2026-09-27T17:24:12.0588401Z c49e938743ed3fcbc5da8da60e71d136e9d278bc
2026-09-27T17:24:12.0802426Z ##[group]Run OWNED_STAGE="$RUNNER_TEMP/linux-package-$GITHUB_RUN_ID-$GITHUB_RUN_ATTEMPT"
2026-09-27T17:24:12.0803617Z [36;1mOWNED_STAGE="$RUNNER_TEMP/linux-package-$GITHUB_RUN_ID-$GITHUB_RUN_ATTEMPT"[0m
2026-09-27T17:24:12.0804515Z [36;1mecho "OWNED_STAGE=$OWNED_STAGE" >> "$GITHUB_ENV"[0m
2026-09-27T17:24:12.0805216Z [36;1mtest "$RUNNER_ENVIRONMENT" = github-hosted[0m
2026-09-27T17:24:12.0805835Z [36;1mtest "$RUNNER_OS" = Linux[0m
2026-09-27T17:24:12.0806399Z [36;1mtest "$GITHUB_SHA" = "$REVIEWED_SHA"[0m
2026-09-27T17:24:12.0807094Z [36;1mtest "$(git rev-parse HEAD)" = "$REVIEWED_SHA"[0m
2026-09-27T17:24:12.0807722Z [36;1mtest ! -e "$OWNED_STAGE"[0m
2026-09-27T17:24:12.0808242Z [36;1mpython3 - <<'PY'[0m
2026-09-27T17:24:12.0808739Z [36;1mfrom pathlib import Path[0m
2026-09-27T17:24:12.0809337Z [36;1mfor path in Path('/proc').glob('[0-9]*/comm'):[0m
2026-09-27T17:24:12.0810011Z [36;1m    try: name=path.read_text().strip()[0m
2026-09-27T17:24:12.0810792Z [36;1m    except (FileNotFoundError,ProcessLookupError): continue[0m
2026-09-27T17:24:12.0812097Z [36;1m    if name.startswith(('qemu','swtpm')): raise SystemExit('existing VM process: refuse reclaim')[0m
2026-09-27T17:24:12.0812950Z [36;1mPY[0m
2026-09-27T17:24:12.1116329Z shell: /usr/bin/bash -e {0}
2026-09-27T17:24:12.1116875Z env:
2026-09-27T17:24:12.1117390Z   REVIEWED_SHA: c49e938743ed3fcbc5da8da60e71d136e9d278bc
2026-09-27T17:24:12.1118039Z ##[endgroup]
2026-09-27T17:24:12.1859542Z ##[group]Run sudo rm -rf /usr/share/dotnet /usr/local/lib/android /opt/ghc \
2026-09-27T17:24:12.1861485Z [36;1msudo rm -rf /usr/share/dotnet /usr/local/lib/android /opt/ghc \[0m
2026-09-27T17:24:12.1863108Z [36;1m  /usr/local/share/boost /usr/local/lib/node_modules /usr/share/swift[0m
2026-09-27T17:24:12.1864445Z [36;1msudo apt-get clean[0m
2026-09-27T17:24:12.1865338Z [36;1mdf -h "$RUNNER_TEMP"[0m
2026-09-27T17:24:12.1929010Z shell: /usr/bin/bash -e {0}
2026-09-27T17:24:12.1929535Z env:
2026-09-27T17:24:12.1930045Z   REVIEWED_SHA: c49e938743ed3fcbc5da8da60e71d136e9d278bc
2026-09-27T17:24:12.1930840Z   OWNED_STAGE: /home/runner/work/_temp/linux-package-36336755778-1
2026-09-27T17:24:12.1931788Z ##[endgroup]
2026-09-27T17:25:08.0949269Z Filesystem      Size  Used Avail Use% Mounted on
2026-09-27T17:25:08.0949895Z /dev/root       145G   38G  107G  27% /
2026-09-27T17:25:08.1010538Z ##[group]Run sudo apt-get update -qq
2026-09-27T17:25:08.1010949Z [36;1msudo apt-get update -qq[0m
2026-09-27T17:25:08.1011775Z [36;1msudo apt-get install -y -qq qemu-system-x86 qemu-utils ovmf genisoimage[0m
2026-09-27T17:25:08.1012354Z [36;1msudo chmod 0666 /dev/kvm[0m
2026-09-27T17:25:08.1076189Z shell: /usr/bin/bash -e {0}
2026-09-27T17:25:08.1076492Z env:
2026-09-27T17:25:08.1076807Z   REVIEWED_SHA: c49e938743ed3fcbc5da8da60e71d136e9d278bc
2026-09-27T17:25:08.1077289Z   OWNED_STAGE: /home/runner/work/_temp/linux-package-36336755778-1
2026-09-27T17:25:08.1077924Z ##[endgroup]
2026-09-27T17:25:16.2777504Z Selecting previously unselected package msr-tools.
2026-09-27T17:25:16.3088045Z (Reading database ... 
2026-09-27T17:25:16.3088706Z (Reading database ... 5%
2026-09-27T17:25:16.3089573Z (Reading database ... 10%
2026-09-27T17:25:16.3090125Z (Reading database ... 15%
2026-09-27T17:25:16.3090583Z (Reading database ... 20%
2026-09-27T17:25:16.3091147Z (Reading database ... 25%
2026-09-27T17:25:16.3092002Z (Reading database ... 30%
2026-09-27T17:25:16.3092510Z (Reading database ... 35%
2026-09-27T17:25:16.3092985Z (Reading database ... 40%
2026-09-27T17:25:16.3093695Z (Reading database ... 45%
2026-09-27T17:25:16.3094177Z (Reading database ... 50%
2026-09-27T17:25:16.3153035Z (Reading database ... 55%
2026-09-27T17:25:16.4349409Z (Reading database ... 60%
2026-09-27T17:25:16.6232760Z (Reading database ... 65%
2026-09-27T17:25:16.8289919Z (Reading database ... 70%
2026-09-27T17:25:16.9808999Z (Reading database ... 75%
2026-09-27T17:25:17.1365303Z (Reading database ... 80%
2026-09-27T17:25:17.3440902Z (Reading database ... 85%
2026-09-27T17:25:17.4879428Z (Reading database ... 90%
2026-09-27T17:25:17.6327282Z (Reading database ... 95%
2026-09-27T17:25:17.6327648Z (Reading database ... 100%
2026-09-27T17:25:17.6328091Z (Reading database ... 202190 files and directories currently installed.)
2026-09-27T17:25:17.6369675Z Preparing to unpack .../00-msr-tools_1.3-5ubuntu0.1_amd64.deb ...
2026-09-27T17:25:17.6393420Z Unpacking msr-tools (1.3-5ubuntu0.1) ...
2026-09-27T17:25:17.6618623Z Selecting previously unselected package cpu-checker.
2026-09-27T17:25:17.6738364Z Preparing to unpack .../01-cpu-checker_0.7-1.3build2_amd64.deb ...
2026-09-27T17:25:17.6762618Z Unpacking cpu-checker (0.7-1.3build2) ...
2026-09-27T17:25:17.6943222Z Selecting previously unselected package genisoimage.
2026-09-27T17:25:17.7067082Z Preparing to unpack .../02-genisoimage_9%3a1.1.11-3.5_amd64.deb ...
2026-09-27T17:25:17.7074145Z Unpacking genisoimage (9:1.1.11-3.5) ...
2026-09-27T17:25:17.7391054Z Selecting previously unselected package libproxy1v5:amd64.
2026-09-27T17:25:17.7511977Z Preparing to unpack .../03-libproxy1v5_0.5.4-4build1_amd64.deb ...
2026-09-27T17:25:17.7529237Z Unpacking libproxy1v5:amd64 (0.5.4-4build1) ...
2026-09-27T17:25:17.7739266Z Selecting previously unselected package glib-networking-common.
2026-09-27T17:25:17.7860539Z Preparing to unpack .../04-glib-networking-common_2.80.0-1build1_all.deb ...
2026-09-27T17:25:17.7867684Z Unpacking glib-networking-common (2.80.0-1build1) ...
2026-09-27T17:25:17.8049085Z Selecting previously unselected package glib-networking-services.
2026-09-27T17:25:17.8192629Z Preparing to unpack .../05-glib-networking-services_2.80.0-1build1_amd64.deb ...
2026-09-27T17:25:17.8200702Z Unpacking glib-networking-services (2.80.0-1build1) ...
2026-09-27T17:25:17.8395994Z Selecting previously unselected package session-migration.
2026-09-27T17:25:17.8519458Z Preparing to unpack .../06-session-migration_0.3.9build1_amd64.deb ...
2026-09-27T17:25:17.8527150Z Unpacking session-migration (0.3.9build1) ...
2026-09-27T17:25:17.8722086Z Selecting previously unselected package gsettings-desktop-schemas.
2026-09-27T17:25:17.8842982Z Preparing to unpack .../07-gsettings-desktop-schemas_46.1-0ubuntu1_all.deb ...
2026-09-27T17:25:17.8849764Z Unpacking gsettings-desktop-schemas (46.1-0ubuntu1) ...
2026-09-27T17:25:17.9181648Z Selecting previously unselected package glib-networking:amd64.
2026-09-27T17:25:17.9303281Z Preparing to unpack .../08-glib-networking_2.80.0-1build1_amd64.deb ...
2026-09-27T17:25:17.9310459Z Unpacking glib-networking:amd64 (2.80.0-1build1) ...
2026-09-27T17:25:17.9506357Z Selecting previously unselected package libcdparanoia0:amd64.
2026-09-27T17:25:17.9627869Z Preparing to unpack .../09-libcdparanoia0_3.10.2+debian-14build3_amd64.deb ...
2026-09-27T17:25:17.9636257Z Unpacking libcdparanoia0:amd64 (3.10.2+debian-14build3) ...
2026-09-27T17:25:17.9838660Z Selecting previously unselected package liborc-0.4-0t64:amd64.
2026-09-27T17:25:17.9958305Z Preparing to unpack .../10-liborc-0.4-0t64_1%3a0.4.38-1ubuntu0.1_amd64.deb ...
2026-09-27T17:25:17.9964757Z Unpacking liborc-0.4-0t64:amd64 (1:0.4.38-1ubuntu0.1) ...
2026-09-27T17:25:18.0184688Z Selecting previously unselected package libgstreamer-plugins-base1.0-0:amd64.
2026-09-27T17:25:18.0302969Z Preparing to unpack .../11-libgstreamer-plugins-base1.0-0_1.24.2-1ubuntu0.5_amd64.deb ...
2026-09-27T17:25:18.0309645Z Unpacking libgstreamer-plugins-base1.0-0:amd64 (1.24.2-1ubuntu0.5) ...
2026-09-27T17:25:18.0610190Z Selecting previously unselected package libopus0:amd64.
2026-09-27T17:25:18.0732456Z Preparing to unpack .../12-libopus0_1.4-1build1_amd64.deb ...
2026-09-27T17:25:18.0741475Z Unpacking libopus0:amd64 (1.4-1build1) ...
2026-09-27T17:25:18.0950262Z Selecting previously unselected package libtheora0:amd64.
2026-09-27T17:25:18.1071867Z Preparing to unpack .../13-libtheora0_1.1.1+dfsg.1-16.1build3_amd64.deb ...
2026-09-27T17:25:18.1079133Z Unpacking libtheora0:amd64 (1.1.1+dfsg.1-16.1build3) ...
2026-09-27T17:25:18.1297037Z Selecting previously unselected package libvisual-0.4-0:amd64.
2026-09-27T17:25:18.1419347Z Preparing to unpack .../14-libvisual-0.4-0_0.4.2-2build1_amd64.deb ...
2026-09-27T17:25:18.1432123Z Unpacking libvisual-0.4-0:amd64 (0.4.2-2build1) ...
2026-09-27T17:25:18.1650042Z Selecting previously unselected package libvorbisenc2:amd64.
2026-09-27T17:25:18.1775173Z Preparing to unpack .../15-libvorbisenc2_1.3.7-1build3_amd64.deb ...
2026-09-27T17:25:18.1783480Z Unpacking libvorbisenc2:amd64 (1.3.7-1build3) ...
2026-09-27T17:25:18.1988956Z Selecting previously unselected package gstreamer1.0-plugins-base:amd64.
2026-09-27T17:25:18.2135623Z Preparing to unpack .../16-gstreamer1.0-plugins-base_1.24.2-1ubuntu0.5_amd64.deb ...
2026-09-27T17:25:18.2142414Z Unpacking gstreamer1.0-plugins-base:amd64 (1.24.2-1ubuntu0.5) ...
2026-09-27T17:25:18.2441531Z Selecting previously unselected package libaa1:amd64.
2026-09-27T17:25:18.2562711Z Preparing to unpack .../17-libaa1_1.4p5-51.1_amd64.deb ...
2026-09-27T17:25:18.2569310Z Unpacking libaa1:amd64 (1.4p5-51.1) ...
2026-09-27T17:25:18.2761788Z Selecting previously unselected package libraw1394-11:amd64.
2026-09-27T17:25:18.2884421Z Preparing to unpack .../18-libraw1394-11_2.1.2-2build3_amd64.deb ...
2026-09-27T17:25:18.2892382Z Unpacking libraw1394-11:amd64 (2.1.2-2build3) ...
2026-09-27T17:25:18.3076404Z Selecting previously unselected package libavc1394-0:amd64.
2026-09-27T17:25:18.3202115Z Preparing to unpack .../19-libavc1394-0_0.5.4-5build3_amd64.deb ...
2026-09-27T17:25:18.3209421Z Unpacking libavc1394-0:amd64 (0.5.4-5build3) ...
2026-09-27T17:25:18.3393705Z Selecting previously unselected package libcaca0:amd64.
2026-09-27T17:25:18.3512616Z Preparing to unpack .../20-libcaca0_0.99.beta20-4ubuntu0.2_amd64.deb ...
2026-09-27T17:25:18.3519277Z Unpacking libcaca0:amd64 (0.99.beta20-4ubuntu0.2) ...
2026-09-27T17:25:18.3741912Z Selecting previously unselected package libdv4t64:amd64.
2026-09-27T17:25:18.3861006Z Preparing to unpack .../21-libdv4t64_1.0.0-17.1build1_amd64.deb ...
2026-09-27T17:25:18.3867954Z Unpacking libdv4t64:amd64 (1.0.0-17.1build1) ...
2026-09-27T17:25:18.4078150Z Selecting previously unselected package libflac12t64:amd64.
2026-09-27T17:25:18.4196089Z Preparing to unpack .../22-libflac12t64_1.4.3+ds-2.1ubuntu2_amd64.deb ...
2026-09-27T17:25:18.4204623Z Unpacking libflac12t64:amd64 (1.4.3+ds-2.1ubuntu2) ...
2026-09-27T17:25:18.4409681Z Selecting previously unselected package libgstreamer-plugins-good1.0-0:amd64.
2026-09-27T17:25:18.4526889Z Preparing to unpack .../23-libgstreamer-plugins-good1.0-0_1.24.2-1ubuntu1.7_amd64.deb ...
2026-09-27T17:25:18.4534426Z Unpacking libgstreamer-plugins-good1.0-0:amd64 (1.24.2-1ubuntu1.7) ...
2026-09-27T17:25:18.4733875Z Selecting previously unselected package libiec61883-0:amd64.
2026-09-27T17:25:18.4853861Z Preparing to unpack .../24-libiec61883-0_1.2.0-6build1_amd64.deb ...
2026-09-27T17:25:18.4860629Z Unpacking libiec61883-0:amd64 (1.2.0-6build1) ...
2026-09-27T17:25:18.5052570Z Selecting previously unselected package libmp3lame0:amd64.
2026-09-27T17:25:18.5173658Z Preparing to unpack .../25-libmp3lame0_3.100-6build1_amd64.deb ...
2026-09-27T17:25:18.5182234Z Unpacking libmp3lame0:amd64 (3.100-6build1) ...
2026-09-27T17:25:18.5387469Z Selecting previously unselected package libmpg123-0t64:amd64.
2026-09-27T17:25:18.5508901Z Preparing to unpack .../26-libmpg123-0t64_1.32.5-1ubuntu1.1_amd64.deb ...
2026-09-27T17:25:18.5516433Z Unpacking libmpg123-0t64:amd64 (1.32.5-1ubuntu1.1) ...
2026-09-27T17:25:18.5722029Z Selecting previously unselected package libasyncns0:amd64.
2026-09-27T17:25:18.5843000Z Preparing to unpack .../27-libasyncns0_0.8-6build4_amd64.deb ...
2026-09-27T17:25:18.5850464Z Unpacking libasyncns0:amd64 (0.8-6build4) ...
2026-09-27T17:25:18.6037390Z Selecting previously unselected package libsndfile1:amd64.
2026-09-27T17:25:18.6157974Z Preparing to unpack .../28-libsndfile1_1.2.2-1ubuntu5.24.04.1_amd64.deb ...
2026-09-27T17:25:18.6165102Z Unpacking libsndfile1:amd64 (1.2.2-1ubuntu5.24.04.1) ...
2026-09-27T17:25:18.6396550Z Selecting previously unselected package libpulse0:amd64.
2026-09-27T17:25:18.6516949Z Preparing to unpack .../29-libpulse0_1%3a16.1+dfsg1-2ubuntu10.1_amd64.deb ...
2026-09-27T17:25:18.6583738Z Unpacking libpulse0:amd64 (1:16.1+dfsg1-2ubuntu10.1) ...
2026-09-27T17:25:18.6811706Z Selecting previously unselected package libspeex1:amd64.
2026-09-27T17:25:18.6930606Z Preparing to unpack .../30-libspeex1_1.2.1-2ubuntu2.24.04.1_amd64.deb ...
2026-09-27T17:25:18.6937120Z Unpacking libspeex1:amd64 (1.2.1-2ubuntu2.24.04.1) ...
2026-09-27T17:25:18.7126581Z Selecting previously unselected package libshout3:amd64.
2026-09-27T17:25:18.7245992Z Preparing to unpack .../31-libshout3_2.4.6-1build2_amd64.deb ...
2026-09-27T17:25:18.7253055Z Unpacking libshout3:amd64 (2.4.6-1build2) ...
2026-09-27T17:25:18.7450031Z Selecting previously unselected package libtag1v5-vanilla:amd64.
2026-09-27T17:25:18.7568203Z Preparing to unpack .../32-libtag1v5-vanilla_1.13.1-1build1_amd64.deb ...
2026-09-27T17:25:18.7575004Z Unpacking libtag1v5-vanilla:amd64 (1.13.1-1build1) ...
2026-09-27T17:25:18.7789057Z Selecting previously unselected package libtag1v5:amd64.
2026-09-27T17:25:18.7907650Z Preparing to unpack .../33-libtag1v5_1.13.1-1build1_amd64.deb ...
2026-09-27T17:25:18.7914707Z Unpacking libtag1v5:amd64 (1.13.1-1build1) ...
2026-09-27T17:25:18.8098980Z Selecting previously unselected package libtwolame0:amd64.
2026-09-27T17:25:18.8220120Z Preparing to unpack .../34-libtwolame0_0.4.0-2build3_amd64.deb ...
2026-09-27T17:25:18.8227796Z Unpacking libtwolame0:amd64 (0.4.0-2build3) ...
2026-09-27T17:25:18.8424795Z Selecting previously unselected package libv4lconvert0t64:amd64.
2026-09-27T17:25:18.8544925Z Preparing to unpack .../35-libv4lconvert0t64_1.26.1-4build3_amd64.deb ...
2026-09-27T17:25:18.8552000Z Unpacking libv4lconvert0t64:amd64 (1.26.1-4build3) ...
2026-09-27T17:25:18.8759571Z Selecting previously unselected package libv4l-0t64:amd64.
2026-09-27T17:25:18.8878564Z Preparing to unpack .../36-libv4l-0t64_1.26.1-4build3_amd64.deb ...
2026-09-27T17:25:18.8885593Z Unpacking libv4l-0t64:amd64 (1.26.1-4build3) ...
2026-09-27T17:25:18.9099953Z Selecting previously unselected package libvpx9:amd64.
2026-09-27T17:25:18.9220087Z Preparing to unpack .../37-libvpx9_1.14.0-1ubuntu2.3_amd64.deb ...
2026-09-27T17:25:18.9227002Z Unpacking libvpx9:amd64 (1.14.0-1ubuntu2.3) ...
2026-09-27T17:25:18.9550256Z Selecting previously unselected package libwavpack1:amd64.
2026-09-27T17:25:18.9670364Z Preparing to unpack .../38-libwavpack1_5.6.0-1build1_amd64.deb ...
2026-09-27T17:25:18.9678057Z Unpacking libwavpack1:amd64 (5.6.0-1build1) ...
2026-09-27T17:25:18.9861978Z Selecting previously unselected package libsoup-3.0-common.
2026-09-27T17:25:18.9982891Z Preparing to unpack .../39-libsoup-3.0-common_3.4.4-5ubuntu0.8_all.deb ...
2026-09-27T17:25:18.9989912Z Unpacking libsoup-3.0-common (3.4.4-5ubuntu0.8) ...
2026-09-27T17:25:19.0174261Z Selecting previously unselected package libsoup-3.0-0:amd64.
2026-09-27T17:25:19.0293728Z Preparing to unpack .../40-libsoup-3.0-0_3.4.4-5ubuntu0.8_amd64.deb ...
2026-09-27T17:25:19.0300851Z Unpacking libsoup-3.0-0:amd64 (3.4.4-5ubuntu0.8) ...
2026-09-27T17:25:19.0508418Z Selecting previously unselected package gstreamer1.0-plugins-good:amd64.
2026-09-27T17:25:19.0627056Z Preparing to unpack .../41-gstreamer1.0-plugins-good_1.24.2-1ubuntu1.7_amd64.deb ...
2026-09-27T17:25:19.0636335Z Unpacking gstreamer1.0-plugins-good:amd64 (1.24.2-1ubuntu1.7) ...
2026-09-27T17:25:19.1155907Z Selecting previously unselected package libxv1:amd64.
2026-09-27T17:25:19.1278750Z Preparing to unpack .../42-libxv1_2%3a1.0.11-1.1build1_amd64.deb ...
2026-09-27T17:25:19.1285550Z Unpacking libxv1:amd64 (2:1.0.11-1.1build1) ...
2026-09-27T17:25:19.1465573Z Selecting previously unselected package gstreamer1.0-x:amd64.
2026-09-27T17:25:19.1587351Z Preparing to unpack .../43-gstreamer1.0-x_1.24.2-1ubuntu0.5_amd64.deb ...
2026-09-27T17:25:19.1594206Z Unpacking gstreamer1.0-x:amd64 (1.24.2-1ubuntu0.5) ...
2026-09-27T17:25:19.1784479Z Selecting previously unselected package ipxe-qemu.
2026-09-27T17:25:19.1905467Z Preparing to unpack .../44-ipxe-qemu_1.21.1+git-20220113.fbbdc3926-0ubuntu2_all.deb ...
2026-09-27T17:25:19.1912943Z Unpacking ipxe-qemu (1.21.1+git-20220113.fbbdc3926-0ubuntu2) ...
2026-09-27T17:25:19.2247347Z Selecting previously unselected package ipxe-qemu-256k-compat-efi-roms.
2026-09-27T17:25:19.2371793Z Preparing to unpack .../45-ipxe-qemu-256k-compat-efi-roms_1.0.0+git-20150424.a25a16d-0ubuntu5_all.deb ...
2026-09-27T17:25:19.2379516Z Unpacking ipxe-qemu-256k-compat-efi-roms (1.0.0+git-20150424.a25a16d-0ubuntu5) ...
2026-09-27T17:25:19.2604585Z Selecting previously unselected package libboost-iostreams1.83.0:amd64.
2026-09-27T17:25:19.2727856Z Preparing to unpack .../46-libboost-iostreams1.83.0_1.83.0-2.1ubuntu3.2_amd64.deb ...
2026-09-27T17:25:19.2735002Z Unpacking libboost-iostreams1.83.0:amd64 (1.83.0-2.1ubuntu3.2) ...
2026-09-27T17:25:19.2985321Z Selecting previously unselected package libboost-thread1.83.0:amd64.
2026-09-27T17:25:19.3107241Z Preparing to unpack .../47-libboost-thread1.83.0_1.83.0-2.1ubuntu3.2_amd64.deb ...
2026-09-27T17:25:19.3114872Z Unpacking libboost-thread1.83.0:amd64 (1.83.0-2.1ubuntu3.2) ...
2026-09-27T17:25:19.3364968Z Selecting previously unselected package libbrlapi0.8:amd64.
2026-09-27T17:25:19.3487784Z Preparing to unpack .../48-libbrlapi0.8_6.6-4ubuntu5_amd64.deb ...
2026-09-27T17:25:19.3495548Z Unpacking libbrlapi0.8:amd64 (6.6-4ubuntu5) ...
2026-09-27T17:25:19.3686956Z Selecting previously unselected package libpcsclite1:amd64.
2026-09-27T17:25:19.3808168Z Preparing to unpack .../49-libpcsclite1_2.0.3-1build1_amd64.deb ...
2026-09-27T17:25:19.3814922Z Unpacking libpcsclite1:amd64 (2.0.3-1build1) ...
2026-09-27T17:25:19.4002989Z Selecting previously unselected package libcacard0:amd64.
2026-09-27T17:25:19.4122665Z Preparing to unpack .../50-libcacard0_1%3a2.8.0-3build4_amd64.deb ...
2026-09-27T17:25:19.4130033Z Unpacking libcacard0:amd64 (1:2.8.0-3build4) ...
2026-09-27T17:25:19.4318769Z Selecting previously unselected package libdaxctl1:amd64.
2026-09-27T17:25:19.4437602Z Preparing to unpack .../51-libdaxctl1_77-2ubuntu2_amd64.deb ...
2026-09-27T17:25:19.4454922Z Unpacking libdaxctl1:amd64 (77-2ubuntu2) ...
2026-09-27T17:25:19.4645338Z Selecting previously unselected package libdecor-0-0:amd64.
2026-09-27T17:25:19.4763525Z Preparing to unpack .../52-libdecor-0-0_0.2.2-1build2_amd64.deb ...
2026-09-27T17:25:19.4770835Z Unpacking libdecor-0-0:amd64 (0.2.2-1build2) ...
2026-09-27T17:25:19.4947318Z Selecting previously unselected package libdecor-0-plugin-1-gtk:amd64.
2026-09-27T17:25:19.5065021Z Preparing to unpack .../53-libdecor-0-plugin-1-gtk_0.2.2-1build2_amd64.deb ...
2026-09-27T17:25:19.5071974Z Unpacking libdecor-0-plugin-1-gtk:amd64 (0.2.2-1build2) ...
2026-09-27T17:25:19.5258190Z Selecting previously unselected package librdmacm1t64:amd64.
2026-09-27T17:25:19.5375361Z Preparing to unpack .../54-librdmacm1t64_50.0-2ubuntu0.2_amd64.deb ...
2026-09-27T17:25:19.5392010Z Unpacking librdmacm1t64:amd64 (50.0-2ubuntu0.2) ...
2026-09-27T17:25:19.5601993Z Selecting previously unselected package libiscsi7:amd64.
2026-09-27T17:25:19.5719799Z Preparing to unpack .../55-libiscsi7_1.19.0-3build4_amd64.deb ...
2026-09-27T17:25:19.5727866Z Unpacking libiscsi7:amd64 (1.19.0-3build4) ...
2026-09-27T17:25:19.5920785Z Selecting previously unselected package libsamplerate0:amd64.
2026-09-27T17:25:19.6038690Z Preparing to unpack .../56-libsamplerate0_0.2.2-4build1_amd64.deb ...
2026-09-27T17:25:19.6045789Z Unpacking libsamplerate0:amd64 (0.2.2-4build1) ...
2026-09-27T17:25:19.7485634Z Selecting previously unselected package libjack-jackd2-0:amd64.
2026-09-27T17:25:19.7609907Z Preparing to unpack .../57-libjack-jackd2-0_1.9.21~dfsg-3ubuntu3_amd64.deb ...
2026-09-27T17:25:19.7617563Z Unpacking libjack-jackd2-0:amd64 (1.9.21~dfsg-3ubuntu3) ...
2026-09-27T17:25:19.7853516Z Selecting previously unselected package libndctl6:amd64.
2026-09-27T17:25:19.7975616Z Preparing to unpack .../58-libndctl6_77-2ubuntu2_amd64.deb ...
2026-09-27T17:25:19.7983067Z Unpacking libndctl6:amd64 (77-2ubuntu2) ...
2026-09-27T17:25:19.8198005Z Selecting previously unselected package libnfs14:amd64.
2026-09-27T17:25:19.8321081Z Preparing to unpack .../59-libnfs14_5.0.2-1ubuntu0.24.04.1_amd64.deb ...
2026-09-27T17:25:19.8329082Z Unpacking libnfs14:amd64 (5.0.2-1ubuntu0.24.04.1) ...
2026-09-27T17:25:19.8529049Z Selecting previously unselected package libwebrtc-audio-processing1:amd64.
2026-09-27T17:25:19.8653168Z Preparing to unpack .../60-libwebrtc-audio-processing1_0.3.1-0ubuntu6_amd64.deb ...
2026-09-27T17:25:19.8659525Z Unpacking libwebrtc-audio-processing1:amd64 (0.3.1-0ubuntu6) ...
2026-09-27T17:25:19.8868154Z Selecting previously unselected package libspa-0.2-modules:amd64.
2026-09-27T17:25:19.8988225Z Preparing to unpack .../61-libspa-0.2-modules_1.0.5-1ubuntu3.3_amd64.deb ...
2026-09-27T17:25:19.8995809Z Unpacking libspa-0.2-modules:amd64 (1.0.5-1ubuntu3.3) ...
2026-09-27T17:25:19.9313668Z Selecting previously unselected package libpipewire-0.3-0t64:amd64.
2026-09-27T17:25:19.9435380Z Preparing to unpack .../62-libpipewire-0.3-0t64_1.0.5-1ubuntu3.3_amd64.deb ...
2026-09-27T17:25:19.9442899Z Unpacking libpipewire-0.3-0t64:amd64 (1.0.5-1ubuntu3.3) ...
2026-09-27T17:25:19.9658877Z Selecting previously unselected package libpipewire-0.3-common.
2026-09-27T17:25:19.9779610Z Preparing to unpack .../63-libpipewire-0.3-common_1.0.5-1ubuntu3.3_all.deb ...
2026-09-27T17:25:19.9786885Z Unpacking libpipewire-0.3-common (1.0.5-1ubuntu3.3) ...
2026-09-27T17:25:19.9972211Z Selecting previously unselected package libpmem1:amd64.
2026-09-27T17:25:20.0092270Z Preparing to unpack .../64-libpmem1_1.13.1-1.1ubuntu2_amd64.deb ...
2026-09-27T17:25:20.0100330Z Unpacking libpmem1:amd64 (1.13.1-1.1ubuntu2) ...
2026-09-27T17:25:20.0394564Z Selecting previously unselected package libpmemobj1:amd64.
2026-09-27T17:25:20.0514608Z Preparing to unpack .../65-libpmemobj1_1.13.1-1.1ubuntu2_amd64.deb ...
2026-09-27T17:25:20.0523443Z Unpacking libpmemobj1:amd64 (1.13.1-1.1ubuntu2) ...
2026-09-27T17:25:20.0770049Z Selecting previously unselected package librados2.
2026-09-27T17:25:20.0891528Z Preparing to unpack .../66-librados2_19.2.3-0ubuntu0.24.04.3_amd64.deb ...
2026-09-27T17:25:20.0898215Z Unpacking librados2 (19.2.3-0ubuntu0.24.04.3) ...
2026-09-27T17:25:20.1568378Z Selecting previously unselected package librbd1.
2026-09-27T17:25:20.1693973Z Preparing to unpack .../67-librbd1_19.2.3-0ubuntu0.24.04.3_amd64.deb ...
2026-09-27T17:25:20.1713432Z Unpacking librbd1 (19.2.3-0ubuntu0.24.04.3) ...
2026-09-27T17:25:20.2363270Z Selecting previously unselected package libsdl2-2.0-0:amd64.
2026-09-27T17:25:20.2485905Z Preparing to unpack .../68-libsdl2-2.0-0_2.30.0+dfsg-1ubuntu3.1_amd64.deb ...
2026-09-27T17:25:20.2493298Z Unpacking libsdl2-2.0-0:amd64 (2.30.0+dfsg-1ubuntu3.1) ...
2026-09-27T17:25:20.2762896Z Selecting previously unselected package libspice-server1:amd64.
2026-09-27T17:25:20.2886438Z Preparing to unpack .../69-libspice-server1_0.15.1-1build2_amd64.deb ...
2026-09-27T17:25:20.2895760Z Unpacking libspice-server1:amd64 (0.15.1-1build2) ...
2026-09-27T17:25:20.3148874Z Selecting previously unselected package liburing2:amd64.
2026-09-27T17:25:20.3270753Z Preparing to unpack .../70-liburing2_2.5-1build1_amd64.deb ...
2026-09-27T17:25:20.3281993Z Unpacking liburing2:amd64 (2.5-1build1) ...
2026-09-27T17:25:20.3476338Z Selecting previously unselected package libusbredirparser1t64:amd64.
2026-09-27T17:25:20.3597010Z Preparing to unpack .../71-libusbredirparser1t64_0.13.0-2.1build1_amd64.deb ...
2026-09-27T17:25:20.3605702Z Unpacking libusbredirparser1t64:amd64 (0.13.0-2.1build1) ...
2026-09-27T17:25:20.3798128Z Selecting previously unselected package libvirglrenderer1:amd64.
2026-09-27T17:25:20.3918859Z Preparing to unpack .../72-libvirglrenderer1_1.0.0-1ubuntu2_amd64.deb ...
2026-09-27T17:25:20.3926659Z Unpacking libvirglrenderer1:amd64 (1.0.0-1ubuntu2) ...
2026-09-27T17:25:20.4132923Z Selecting previously unselected package libvte-2.91-common.
2026-09-27T17:25:20.4253455Z Preparing to unpack .../73-libvte-2.91-common_0.76.0-1ubuntu0.1_amd64.deb ...
2026-09-27T17:25:20.4263388Z Unpacking libvte-2.91-common (0.76.0-1ubuntu0.1) ...
2026-09-27T17:25:20.4468369Z Selecting previously unselected package libvte-2.91-0:amd64.
2026-09-27T17:25:20.4588418Z Preparing to unpack .../74-libvte-2.91-0_0.76.0-1ubuntu0.1_amd64.deb ...
2026-09-27T17:25:20.4595333Z Unpacking libvte-2.91-0:amd64 (0.76.0-1ubuntu0.1) ...
2026-09-27T17:25:20.4804440Z Selecting previously unselected package libfdt1:amd64.
2026-09-27T17:25:20.4923705Z Preparing to unpack .../75-libfdt1_1.7.0-2build1_amd64.deb ...
2026-09-27T17:25:20.4931130Z Unpacking libfdt1:amd64 (1.7.0-2build1) ...
2026-09-27T17:25:20.5118442Z Selecting previously unselected package qemu-system-common.
2026-09-27T17:25:20.5235709Z Preparing to unpack .../76-qemu-system-common_1%3a8.2.2+ds-0ubuntu1.18_amd64.deb ...
2026-09-27T17:25:20.5243061Z Unpacking qemu-system-common (1:8.2.2+ds-0ubuntu1.18) ...
2026-09-27T17:25:20.5919516Z Selecting previously unselected package qemu-system-data.
2026-09-27T17:25:20.6042935Z Preparing to unpack .../77-qemu-system-data_1%3a8.2.2+ds-0ubuntu1.18_all.deb ...
2026-09-27T17:25:20.6049871Z Unpacking qemu-system-data (1:8.2.2+ds-0ubuntu1.18) ...
2026-09-27T17:25:20.6656932Z Selecting previously unselected package seabios.
2026-09-27T17:25:20.6782067Z Preparing to unpack .../78-seabios_1.16.3-2_all.deb ...
2026-09-27T17:25:20.6789956Z Unpacking seabios (1.16.3-2) ...
2026-09-27T17:25:20.7027021Z Selecting previously unselected package qemu-system-x86.
2026-09-27T17:25:20.7149753Z Preparing to unpack .../79-qemu-system-x86_1%3a8.2.2+ds-0ubuntu1.18_amd64.deb ...
2026-09-27T17:25:20.7209829Z Unpacking qemu-system-x86 (1:8.2.2+ds-0ubuntu1.18) ...
2026-09-27T17:25:20.9109540Z Selecting previously unselected package qemu-utils.
2026-09-27T17:25:20.9233257Z Preparing to unpack .../80-qemu-utils_1%3a8.2.2+ds-0ubuntu1.18_amd64.deb ...
2026-09-27T17:25:20.9245260Z Unpacking qemu-utils (1:8.2.2+ds-0ubuntu1.18) ...
2026-09-27T17:25:20.9783769Z Selecting previously unselected package qemu-block-extra.
2026-09-27T17:25:20.9907696Z Preparing to unpack .../81-qemu-block-extra_1%3a8.2.2+ds-0ubuntu1.18_amd64.deb ...
2026-09-27T17:25:20.9915575Z Unpacking qemu-block-extra (1:8.2.2+ds-0ubuntu1.18) ...
2026-09-27T17:25:21.0375677Z Selecting previously unselected package qemu-system-modules-opengl.
2026-09-27T17:25:21.0498049Z Preparing to unpack .../82-qemu-system-modules-opengl_1%3a8.2.2+ds-0ubuntu1.18_amd64.deb ...
2026-09-27T17:25:21.0505503Z Unpacking qemu-system-modules-opengl (1:8.2.2+ds-0ubuntu1.18) ...
2026-09-27T17:25:21.0717232Z Selecting previously unselected package qemu-system-gui.
2026-09-27T17:25:21.0839164Z Preparing to unpack .../83-qemu-system-gui_1%3a8.2.2+ds-0ubuntu1.18_amd64.deb ...
2026-09-27T17:25:21.0847075Z Unpacking qemu-system-gui (1:8.2.2+ds-0ubuntu1.18) ...
2026-09-27T17:25:21.1096349Z Selecting previously unselected package qemu-system-modules-spice.
2026-09-27T17:25:21.1218327Z Preparing to unpack .../84-qemu-system-modules-spice_1%3a8.2.2+ds-0ubuntu1.18_amd64.deb ...
2026-09-27T17:25:21.1225572Z Unpacking qemu-system-modules-spice (1:8.2.2+ds-0ubuntu1.18) ...
2026-09-27T17:25:21.1418579Z Selecting previously unselected package ovmf.
2026-09-27T17:25:21.1538706Z Preparing to unpack .../85-ovmf_2024.02-2ubuntu0.9_all.deb ...
2026-09-27T17:25:21.1546076Z Unpacking ovmf (2024.02-2ubuntu0.9) ...
2026-09-27T17:25:21.2339149Z Setting up libpipewire-0.3-common (1.0.5-1ubuntu3.3) ...
2026-09-27T17:25:21.2361730Z Setting up genisoimage (9:1.1.11-3.5) ...
2026-09-27T17:25:21.2380308Z Setting up libcdparanoia0:amd64 (3.10.2+debian-14build3) ...
2026-09-27T17:25:21.2396796Z Setting up session-migration (0.3.9build1) ...
2026-09-27T17:25:21.3543350Z Created symlink /etc/systemd/user/graphical-session-pre.target.wants/session-migration.service → /usr/lib/systemd/user/session-migration.service.
2026-09-27T17:25:21.3544430Z 
2026-09-27T17:25:21.3573777Z Setting up libraw1394-11:amd64 (2.1.2-2build3) ...
2026-09-27T17:25:21.3592513Z Setting up libproxy1v5:amd64 (0.5.4-4build1) ...
2026-09-27T17:25:21.3612062Z Setting up libtag1v5-vanilla:amd64 (1.13.1-1build1) ...
2026-09-27T17:25:21.3631708Z Setting up libspeex1:amd64 (1.2.1-2ubuntu2.24.04.1) ...
2026-09-27T17:25:21.3657140Z Setting up libcaca0:amd64 (0.99.beta20-4ubuntu0.2) ...
2026-09-27T17:25:21.3675325Z Setting up libv4lconvert0t64:amd64 (1.26.1-4build3) ...
2026-09-27T17:25:21.3693186Z Setting up libtwolame0:amd64 (0.4.0-2build3) ...
2026-09-27T17:25:21.3713628Z Setting up libvte-2.91-common (0.76.0-1ubuntu0.1) ...
2026-09-27T17:25:21.3741961Z Setting up libvisual-0.4-0:amd64 (0.4.2-2build1) ...
2026-09-27T17:25:21.3762472Z Setting up msr-tools (1.3-5ubuntu0.1) ...
2026-09-27T17:25:21.3778867Z Setting up libwebrtc-audio-processing1:amd64 (0.3.1-0ubuntu6) ...
2026-09-27T17:25:21.3800035Z Setting up libboost-thread1.83.0:amd64 (1.83.0-2.1ubuntu3.2) ...
2026-09-27T17:25:21.3816381Z Setting up libsoup-3.0-common (3.4.4-5ubuntu0.8) ...
2026-09-27T17:25:21.3842669Z Setting up libmpg123-0t64:amd64 (1.32.5-1ubuntu1.1) ...
2026-09-27T17:25:21.3859212Z Setting up libfdt1:amd64 (1.7.0-2build1) ...
2026-09-27T17:25:21.3876014Z Setting up libvte-2.91-0:amd64 (0.76.0-1ubuntu0.1) ...
2026-09-27T17:25:21.3903707Z Setting up libnfs14:amd64 (5.0.2-1ubuntu0.24.04.1) ...
2026-09-27T17:25:21.3920672Z Setting up liborc-0.4-0t64:amd64 (1:0.4.38-1ubuntu0.1) ...
2026-09-27T17:25:21.3937356Z Setting up ovmf (2024.02-2ubuntu0.9) ...
2026-09-27T17:25:21.3960015Z Setting up libvirglrenderer1:amd64 (1.0.0-1ubuntu2) ...
2026-09-27T17:25:21.3976416Z Setting up libspa-0.2-modules:amd64 (1.0.5-1ubuntu3.3) ...
2026-09-27T17:25:21.4011637Z Setting up libboost-iostreams1.83.0:amd64 (1.83.0-2.1ubuntu3.2) ...
2026-09-27T17:25:21.4028841Z Setting up libopus0:amd64 (1.4-1build1) ...
2026-09-27T17:25:21.4047834Z Setting up libxv1:amd64 (2:1.0.11-1.1build1) ...
2026-09-27T17:25:21.4066275Z Setting up libdv4t64:amd64 (1.0.0-17.1build1) ...
2026-09-27T17:25:21.4083400Z Setting up libpcsclite1:amd64 (2.0.3-1build1) ...
2026-09-27T17:25:21.4104416Z Setting up libdaxctl1:amd64 (77-2ubuntu2) ...
2026-09-27T17:25:21.4122720Z Setting up qemu-system-data (1:8.2.2+ds-0ubuntu1.18) ...
2026-09-27T17:25:21.4140054Z Setting up seabios (1.16.3-2) ...
2026-09-27T17:25:21.4162740Z Setting up libv4l-0t64:amd64 (1.26.1-4build3) ...
2026-09-27T17:25:21.4180802Z Setting up libvpx9:amd64 (1.14.0-1ubuntu2.3) ...
2026-09-27T17:25:21.4200043Z Setting up libtag1v5:amd64 (1.13.1-1build1) ...
2026-09-27T17:25:21.4217869Z Setting up cpu-checker (0.7-1.3build2) ...
2026-09-27T17:25:21.4234670Z Setting up libasyncns0:amd64 (0.8-6build4) ...
2026-09-27T17:25:21.4254250Z Setting up libwavpack1:amd64 (5.6.0-1build1) ...
2026-09-27T17:25:21.4272214Z Setting up libusbredirparser1t64:amd64 (0.13.0-2.1build1) ...
2026-09-27T17:25:21.4291667Z Setting up ipxe-qemu (1.21.1+git-20220113.fbbdc3926-0ubuntu2) ...
2026-09-27T17:25:21.4310901Z Setting up libtheora0:amd64 (1.1.1+dfsg.1-16.1build3) ...
2026-09-27T17:25:21.4328855Z Setting up libdecor-0-0:amd64 (0.2.2-1build2) ...
2026-09-27T17:25:21.4350483Z Setting up libndctl6:amd64 (77-2ubuntu2) ...
2026-09-27T17:25:21.4368106Z Setting up librdmacm1t64:amd64 (50.0-2ubuntu0.2) ...
2026-09-27T17:25:21.4389271Z Setting up ipxe-qemu-256k-compat-efi-roms (1.0.0+git-20150424.a25a16d-0ubuntu5) ...
2026-09-27T17:25:21.4406811Z Setting up libflac12t64:amd64 (1.4.3+ds-2.1ubuntu2) ...
2026-09-27T17:25:21.4426239Z Setting up libbrlapi0.8:amd64 (6.6-4ubuntu5) ...
2026-09-27T17:25:21.4443508Z Setting up glib-networking-common (2.80.0-1build1) ...
2026-09-27T17:25:21.4460534Z Setting up liburing2:amd64 (2.5-1build1) ...
2026-09-27T17:25:21.4481815Z Setting up libiscsi7:amd64 (1.19.0-3build4) ...
2026-09-27T17:25:21.4499534Z Setting up libsamplerate0:amd64 (0.2.2-4build1) ...
2026-09-27T17:25:21.4521748Z Setting up libpmem1:amd64 (1.13.1-1.1ubuntu2) ...
2026-09-27T17:25:21.4539392Z Setting up libpipewire-0.3-0t64:amd64 (1.0.5-1ubuntu3.3) ...
2026-09-27T17:25:21.4557022Z Setting up libdecor-0-plugin-1-gtk:amd64 (0.2.2-1build2) ...
2026-09-27T17:25:21.4575891Z Setting up libmp3lame0:amd64 (3.100-6build1) ...
2026-09-27T17:25:21.4593550Z Setting up libvorbisenc2:amd64 (1.3.7-1build3) ...
2026-09-27T17:25:21.4612630Z Setting up libaa1:amd64 (1.4p5-51.1) ...
2026-09-27T17:25:21.4631844Z Setting up libiec61883-0:amd64 (1.2.0-6build1) ...
2026-09-27T17:25:21.4649246Z Setting up libavc1394-0:amd64 (0.5.4-5build3) ...
2026-09-27T17:25:21.4668877Z Setting up gsettings-desktop-schemas (46.1-0ubuntu1) ...
2026-09-27T17:25:21.4686109Z Setting up glib-networking-services (2.80.0-1build1) ...
2026-09-27T17:25:21.4704990Z Setting up librados2 (19.2.3-0ubuntu0.24.04.3) ...
2026-09-27T17:25:21.4723297Z Setting up libgstreamer-plugins-base1.0-0:amd64 (1.24.2-1ubuntu0.5) ...
2026-09-27T17:25:21.4740633Z Setting up libcacard0:amd64 (1:2.8.0-3build4) ...
2026-09-27T17:25:21.4760802Z Setting up libgstreamer-plugins-good1.0-0:amd64 (1.24.2-1ubuntu1.7) ...
2026-09-27T17:25:21.4779575Z Setting up gstreamer1.0-plugins-base:amd64 (1.24.2-1ubuntu0.5) ...
2026-09-27T17:25:21.4799683Z Setting up libshout3:amd64 (2.4.6-1build2) ...
2026-09-27T17:25:21.4817064Z Setting up libpmemobj1:amd64 (1.13.1-1.1ubuntu2) ...
2026-09-27T17:25:21.4834468Z Setting up librbd1 (19.2.3-0ubuntu0.24.04.3) ...
2026-09-27T17:25:21.4854636Z Setting up libjack-jackd2-0:amd64 (1.9.21~dfsg-3ubuntu3) ...
2026-09-27T17:25:21.4871914Z Setting up libsndfile1:amd64 (1.2.2-1ubuntu5.24.04.1) ...
2026-09-27T17:25:21.4891531Z Setting up qemu-utils (1:8.2.2+ds-0ubuntu1.18) ...
2026-09-27T17:25:21.4908874Z Setting up qemu-block-extra (1:8.2.2+ds-0ubuntu1.18) ...
2026-09-27T17:25:21.5957937Z Created symlink /etc/systemd/system/multi-user.target.wants/run-qemu.mount → /usr/lib/systemd/system/run-qemu.mount.
2026-09-27T17:25:21.5959029Z 
2026-09-27T17:25:22.4411070Z Setting up gstreamer1.0-x:amd64 (1.24.2-1ubuntu0.5) ...
2026-09-27T17:25:22.4535592Z Setting up qemu-system-common (1:8.2.2+ds-0ubuntu1.18) ...
2026-09-27T17:25:22.5889903Z Created symlink /etc/systemd/system/multi-user.target.wants/qemu-kvm.service → /usr/lib/systemd/system/qemu-kvm.service.
2026-09-27T17:25:22.5890823Z 
2026-09-27T17:25:22.9030419Z Setting up libpulse0:amd64 (1:16.1+dfsg1-2ubuntu10.1) ...
2026-09-27T17:25:22.9104189Z Setting up libspice-server1:amd64 (0.15.1-1build2) ...
2026-09-27T17:25:22.9122554Z Setting up qemu-system-x86 (1:8.2.2+ds-0ubuntu1.18) ...
2026-09-27T17:25:22.9185167Z Setting up libsdl2-2.0-0:amd64 (2.30.0+dfsg-1ubuntu3.1) ...
2026-09-27T17:25:22.9203716Z Setting up qemu-system-modules-opengl (1:8.2.2+ds-0ubuntu1.18) ...
2026-09-27T17:25:22.9226025Z Setting up qemu-system-gui (1:8.2.2+ds-0ubuntu1.18) ...
2026-09-27T17:25:22.9516034Z Setting up qemu-system-modules-spice (1:8.2.2+ds-0ubuntu1.18) ...
2026-09-27T17:25:22.9574414Z Processing triggers for hicolor-icon-theme (0.17-2) ...
2026-09-27T17:25:23.0892910Z Processing triggers for libc-bin (2.39-0ubuntu8.9) ...
2026-09-27T17:25:23.1259569Z Processing triggers for man-db (2.12.0-4build2) ...
2026-09-27T17:25:23.1280303Z Not building database; man-db/auto-update is not 'true'.
2026-09-27T17:25:23.1290927Z Processing triggers for libglib2.0-0t64:amd64 (2.80.0-6ubuntu3.8) ...
2026-09-27T17:25:23.1498218Z Setting up glib-networking:amd64 (2.80.0-1build1) ...
2026-09-27T17:25:23.1530300Z Setting up libsoup-3.0-0:amd64 (3.4.4-5ubuntu0.8) ...
2026-09-27T17:25:23.1565303Z Setting up gstreamer1.0-plugins-good:amd64 (1.24.2-1ubuntu1.7) ...
2026-09-27T17:25:23.1586048Z Processing triggers for libc-bin (2.39-0ubuntu8.9) ...
2026-09-27T17:25:23.8079491Z 
2026-09-27T17:25:23.8080146Z Running kernel seems to be up-to-date.
2026-09-27T17:25:23.8080600Z 
2026-09-27T17:25:23.8080800Z No services need to be restarted.
2026-09-27T17:25:23.8081110Z 
2026-09-27T17:25:23.8081677Z No containers need to be restarted.
2026-09-27T17:25:23.8082041Z 
2026-09-27T17:25:23.8082296Z No user sessions are running outdated binaries.
2026-09-27T17:25:23.8082629Z 
2026-09-27T17:25:23.8082884Z No VM guests are running outdated hypervisor (qemu) binaries on this host.
2026-09-27T17:25:24.6055134Z ##[group]Run HOST_DATA_PREFIX="/run/wootc-package-host-$GITHUB_RUN_ID-$GITHUB_RUN_ATTEMPT"
2026-09-27T17:25:24.6055942Z [36;1mHOST_DATA_PREFIX="/run/wootc-package-host-$GITHUB_RUN_ID-$GITHUB_RUN_ATTEMPT"[0m
2026-09-27T17:25:24.6056577Z [36;1mecho "WOOTC_HOST_DATA_PREFIX=$HOST_DATA_PREFIX" >> "$GITHUB_ENV"[0m
2026-09-27T17:25:24.6057398Z [36;1msudo --preserve-env=GITHUB_ACTIONS,RUNNER_ENVIRONMENT,RUNNER_OS,GITHUB_RUN_ID,GITHUB_RUN_ATTEMPT,GITHUB_SHA,RUNNER_TEMP \[0m
2026-09-27T17:25:24.6058272Z [36;1m  /usr/bin/python3 tests/e2e/package-runtime/host-data.py "$HOST_DATA_PREFIX"[0m
2026-09-27T17:25:24.6123655Z shell: /usr/bin/bash -e {0}
2026-09-27T17:25:24.6123897Z env:
2026-09-27T17:25:24.6124161Z   REVIEWED_SHA: c49e938743ed3fcbc5da8da60e71d136e9d278bc
2026-09-27T17:25:24.6124581Z   OWNED_STAGE: /home/runner/work/_temp/linux-package-36336755778-1
2026-09-27T17:25:24.6124946Z ##[endgroup]
2026-09-27T17:25:33.2462578Z {"complete": true, "runtimeExecuted": false}
2026-09-27T17:25:33.2654819Z ##[group]Run python3 tests/audit-linux-package-runtime.py .
2026-09-27T17:25:33.2655326Z [36;1mpython3 tests/audit-linux-package-runtime.py .[0m
2026-09-27T17:25:33.2655721Z [36;1mtimeout --signal=TERM --kill-after=10s 3600s \[0m
2026-09-27T17:25:33.2656424Z [36;1m  sudo --preserve-env=GITHUB_ACTIONS,RUNNER_ENVIRONMENT,RUNNER_OS,GITHUB_RUN_ID,GITHUB_RUN_ATTEMPT,GITHUB_SHA,RUNNER_TEMP,WOOTC_HOST_DATA_PREFIX \[0m
2026-09-27T17:25:33.2657370Z [36;1m  /usr/bin/python3 tests/e2e/package-runtime/host-namespace.py "$WOOTC_HOST_DATA_PREFIX" --execute "$OWNED_STAGE"[0m
2026-09-27T17:25:33.2720484Z shell: /usr/bin/bash -e {0}
2026-09-27T17:25:33.2720739Z env:
2026-09-27T17:25:33.2720991Z   REVIEWED_SHA: c49e938743ed3fcbc5da8da60e71d136e9d278bc
2026-09-27T17:25:33.2721783Z   OWNED_STAGE: /home/runner/work/_temp/linux-package-36336755778-1
2026-09-27T17:25:33.2722250Z   WOOTC_HOST_DATA_PREFIX: /run/wootc-package-host-36336755778-1
2026-09-27T17:25:33.2722596Z ##[endgroup]
2026-09-27T17:25:33.3133457Z {"acquiredFilesReadBack": 0, "actualPublicArchiveReadbacks": 30, "classicOsBootAcceptance": false, "firmwareAcceptance": false, "nativeControls": 52, "runtimeExecuted": false, "sourcesMatch": 70}
2026-09-27T17:25:33.5281478Z {"beforeNamespace": "mnt:[4026531832]", "bindings": {"usr/lib/ipxe/qemu": "/usr/lib/ipxe/qemu", "usr/share": "/usr/share"}, "kernelReadonlyWriteRefusals": ["/usr/share", "/usr/lib/ipxe/qemu"], "privateNamespace": "mnt:[4026532219]", "runtimeExecuted": false}
2026-09-27T17:28:02.1861819Z Traceback (most recent call last):
2026-09-27T17:28:02.1862594Z   File "/home/runner/work/wootc/wootc/tests/e2e/package-runtime/hosted-execute.py", line 208, in <module>
2026-09-27T17:28:02.1863569Z     execute(args.exclusive_stage)
2026-09-27T17:28:02.1864489Z   File "/home/runner/work/wootc/wootc/tests/e2e/package-runtime/hosted-execute.py", line 192, in execute
2026-09-27T17:28:02.1865698Z     result=launcher['launch'](folder/'guest',launcher['readback'],launcher['acknowledge'],
2026-09-27T17:28:02.1866602Z            ^^^^^^^^^^^^^^^^^^^^^^^^^^^^^^^^^^^^^^^^^^^^^^^^^^^^^^^^^^^^^^^^^^^^^^^^^^^^^^^
2026-09-27T17:28:02.1867877Z   File "/home/runner/work/wootc/wootc/tests/e2e/package-runtime/launch.py", line 225, in launch
2026-09-27T17:28:02.1868903Z     result=run_owned(command(folder,record),folder,observe,on_started=started)
2026-09-27T17:28:02.1869581Z            ^^^^^^^^^^^^^^^^^^^^^^^^^^^^^^^^^^^^^^^^^^^^^^^^^^^^^^^^^^^^^^^^^^^
2026-09-27T17:28:02.1870404Z   File "/home/runner/work/wootc/wootc/tests/e2e/package-runtime/launch.py", line 103, in run_owned
2026-09-27T17:28:02.1871433Z     result=observe(child,remaining)
2026-09-27T17:28:02.1871884Z            ^^^^^^^^^^^^^^^^^^^^^^^^
2026-09-27T17:28:02.1872565Z   File "/home/runner/work/wootc/wootc/tests/e2e/package-runtime/launch.py", line 179, in observe
2026-09-27T17:28:02.1873725Z     raise ValueError('guest producer refused: '+str(value.get('failure','unknown'))[:1024])
2026-09-27T17:28:02.1884491Z ValueError: guest producer refused: Command '['/usr/bin/apt-get', '-o', 'Dir::Etc::sourcelist=/dev/null', '-o', 'Dir::Etc::sourceparts=-', '-o', 'Dir::State::lists=/var/lib/wootc/package-proof/offline-bundle-87i7tx61/lists', '--no-download', '--no-install-recommends', '--allow-downgrades', '--yes', 'install', '/var/lib/wootc/package-proof/offline-bundle-87i7tx61/dracut-core_106-6_amd64.deb', '/var/lib/wootc/package-proof/offline-bundle-87i7tx61/dracut_106-6_all.deb', '/var/lib/wootc/package-proof/offline-bundle-87i7tx61/qemu-guest-agent_10.0.13+ds-0+deb13u1_amd64.deb', '/var/lib/wootc/package-proof/offline-bundle-87i7tx61/grub2-common_2.12-9_amd64.deb', '/var/lib/wootc/package-proof/offline-bundle-87i7tx61/grub-pc-bin_2.12-9_amd64.deb', '/var/lib/wootc/package-proof/offline-bundle-87i7tx61/grub-efi-amd64-unsigned_2.12-9_amd64.deb', '/var/lib/wootc/package-proof/offline-bundle-87i7tx61/grub-efi-amd64-bin_2.12-9_amd64.deb', '/var/lib/wootc/package-proof/offline-bundle-87i7tx61/grub-common_2.12-9_amd64.deb', '/var/lib/wootc/package-proof/offline-b
2026-09-27T17:28:02.1889569Z Error in sys.excepthook:
2026-09-27T17:28:02.1889998Z Traceback (most recent call last):
2026-09-27T17:28:02.1890789Z   File "/usr/lib/python3/dist-packages/apport_python_hook.py", line 228, in partial_apport_excepthook
2026-09-27T17:28:02.1892037Z     return apport_excepthook(binary, exc_type, exc_obj, exc_tb)
2026-09-27T17:28:02.1892453Z            ^^^^^^^^^^^^^^^^^^^^^^^^^^^^^^^^^^^^^^^^^^^^^^^^^^^^
2026-09-27T17:28:02.1893247Z   File "/usr/lib/python3/dist-packages/apport_python_hook.py", line 66, in apport_excepthook
2026-09-27T17:28:02.1894007Z     import apport.report
2026-09-27T17:28:02.1894593Z   File "/usr/lib/python3/dist-packages/apport/__init__.py", line 7, in <module>
2026-09-27T17:28:02.1895336Z     from apport.packaging_impl import impl as packaging
2026-09-27T17:28:02.1896167Z   File "/usr/lib/python3/dist-packages/apport/packaging_impl/__init__.py", line 33, in <module>
2026-09-27T17:28:02.1896964Z     impl = load_packaging_implementation()
2026-09-27T17:28:02.1897422Z            ^^^^^^^^^^^^^^^^^^^^^^^^^^^^^^^
2026-09-27T17:28:02.1898273Z   File "/usr/lib/python3/dist-packages/apport/packaging_impl/__init__.py", line 27, in load_packaging_implementation
2026-09-27T17:28:02.1899181Z     module = importlib.import_module(
2026-09-27T17:28:02.1899603Z              ^^^^^^^^^^^^^^^^^^^^^^^^
2026-09-27T17:28:02.1900192Z   File "/usr/lib/python3.12/importlib/__init__.py", line 90, in import_module
2026-09-27T17:28:02.1900723Z     return _bootstrap._gcd_import(name[level:], package, level)
2026-09-27T17:28:02.1901068Z            ^^^^^^^^^^^^^^^^^^^^^^^^^^^^^^^^^^^^^^^^^^^^^^^^^^^^
2026-09-27T17:28:02.1901773Z   File "/usr/lib/python3/dist-packages/apport/packaging_impl/apt_dpkg.py", line 49, in <module>
2026-09-27T17:28:02.1902225Z     import apt
2026-09-27T17:28:02.1902540Z   File "/usr/lib/python3/dist-packages/apt/__init__.py", line 38, in <module>
2026-09-27T17:28:02.1902918Z     apt_pkg.init_system()
2026-09-27T17:28:02.1903172Z apt_pkg.Error: E:Error reading the CPU table
2026-09-27T17:28:02.1903375Z 
2026-09-27T17:28:02.1903458Z Original exception was:
2026-09-27T17:28:02.1903859Z Traceback (most recent call last):
2026-09-27T17:28:02.1912670Z   File "/home/runner/work/wootc/wootc/tests/e2e/package-runtime/hosted-execute.py", line 208, in <module>
2026-09-27T17:28:02.1921798Z     execute(args.exclusive_stage)
2026-09-27T17:28:02.1932472Z   File "/home/runner/work/wootc/wootc/tests/e2e/package-runtime/hosted-execute.py", line 192, in execute
2026-09-27T17:28:02.1933592Z     result=launcher['launch'](folder/'guest',launcher['readback'],launcher['acknowledge'],
2026-09-27T17:28:02.1934374Z            ^^^^^^^^^^^^^^^^^^^^^^^^^^^^^^^^^^^^^^^^^^^^^^^^^^^^^^^^^^^^^^^^^^^^^^^^^^^^^^^
2026-09-27T17:28:02.1935227Z   File "/home/runner/work/wootc/wootc/tests/e2e/package-runtime/launch.py", line 225, in launch
2026-09-27T17:28:02.1936144Z     result=run_owned(command(folder,record),folder,observe,on_started=started)
2026-09-27T17:28:02.1936581Z            ^^^^^^^^^^^^^^^^^^^^^^^^^^^^^^^^^^^^^^^^^^^^^^^^^^^^^^^^^^^^^^^^^^^
2026-09-27T17:28:02.1937083Z   File "/home/runner/work/wootc/wootc/tests/e2e/package-runtime/launch.py", line 103, in run_owned
2026-09-27T17:28:02.1937574Z     result=observe(child,remaining)
2026-09-27T17:28:02.1937829Z            ^^^^^^^^^^^^^^^^^^^^^^^^
2026-09-27T17:28:02.1938264Z   File "/home/runner/work/wootc/wootc/tests/e2e/package-runtime/launch.py", line 179, in observe
2026-09-27T17:28:02.1938874Z     raise ValueError('guest producer refused: '+str(value.get('failure','unknown'))[:1024])
2026-09-27T17:28:02.1943291Z ValueError: guest producer refused: Command '['/usr/bin/apt-get', '-o', 'Dir::Etc::sourcelist=/dev/null', '-o', 'Dir::Etc::sourceparts=-', '-o', 'Dir::State::lists=/var/lib/wootc/package-proof/offline-bundle-87i7tx61/lists', '--no-download', '--no-install-recommends', '--allow-downgrades', '--yes', 'install', '/var/lib/wootc/package-proof/offline-bundle-87i7tx61/dracut-core_106-6_amd64.deb', '/var/lib/wootc/package-proof/offline-bundle-87i7tx61/dracut_106-6_all.deb', '/var/lib/wootc/package-proof/offline-bundle-87i7tx61/qemu-guest-agent_10.0.13+ds-0+deb13u1_amd64.deb', '/var/lib/wootc/package-proof/offline-bundle-87i7tx61/grub2-common_2.12-9_amd64.deb', '/var/lib/wootc/package-proof/offline-bundle-87i7tx61/grub-pc-bin_2.12-9_amd64.deb', '/var/lib/wootc/package-proof/offline-bundle-87i7tx61/grub-efi-amd64-unsigned_2.12-9_amd64.deb', '/var/lib/wootc/package-proof/offline-bundle-87i7tx61/grub-efi-amd64-bin_2.12-9_amd64.deb', '/var/lib/wootc/package-proof/offline-bundle-87i7tx61/grub-common_2.12-9_amd64.deb', '/var/lib/wootc/package-proof/offline-b
2026-09-27T17:28:02.2046052Z ##[error]Process completed with exit code 1.
2026-09-27T17:28:02.2095433Z ##[group]Run HOST_DATA_PREFIX="/run/wootc-package-host-$GITHUB_RUN_ID-$GITHUB_RUN_ATTEMPT"
2026-09-27T17:28:02.2096095Z [36;1mHOST_DATA_PREFIX="/run/wootc-package-host-$GITHUB_RUN_ID-$GITHUB_RUN_ATTEMPT"[0m
2026-09-27T17:28:02.2096832Z [36;1msudo --preserve-env=GITHUB_ACTIONS,RUNNER_ENVIRONMENT,RUNNER_OS,GITHUB_RUN_ID,GITHUB_RUN_ATTEMPT,GITHUB_SHA,RUNNER_TEMP \[0m
2026-09-27T17:28:02.2097684Z [36;1m  /usr/bin/python3 tests/e2e/package-runtime/host-data-proof.py "$HOST_DATA_PREFIX" "$RUNNER_TEMP/host-data-proof"[0m
2026-09-27T17:28:02.2161005Z shell: /usr/bin/bash -e {0}
2026-09-27T17:28:02.2161525Z env:
2026-09-27T17:28:02.2161895Z   REVIEWED_SHA: c49e938743ed3fcbc5da8da60e71d136e9d278bc
2026-09-27T17:28:02.2162311Z   OWNED_STAGE: /home/runner/work/_temp/linux-package-36336755778-1
2026-09-27T17:28:02.2162752Z   WOOTC_HOST_DATA_PREFIX: /run/wootc-package-host-36336755778-1
2026-09-27T17:28:02.2163104Z ##[endgroup]
2026-09-27T17:28:02.2868467Z ##[group]Run actions/upload-artifact@v7
2026-09-27T17:28:02.2868769Z with:
2026-09-27T17:28:02.2869004Z   name: host-data-proof-execute-36336755778-1
2026-09-27T17:28:02.2869333Z   path: /home/runner/work/_temp/host-data-proof/
2026-09-27T17:28:02.2869642Z   if-no-files-found: warn
2026-09-27T17:28:02.2869877Z   retention-days: 14
2026-09-27T17:28:02.2870085Z   compression-level: 6
2026-09-27T17:28:02.2870292Z   overwrite: false
2026-09-27T17:28:02.2870497Z   include-hidden-files: false
2026-09-27T17:28:02.2870904Z   archive: true
2026-09-27T17:28:02.2871090Z env:
2026-09-27T17:28:02.2871621Z   REVIEWED_SHA: c49e938743ed3fcbc5da8da60e71d136e9d278bc
2026-09-27T17:28:02.2872029Z   OWNED_STAGE: /home/runner/work/_temp/linux-package-36336755778-1
2026-09-27T17:28:02.2872451Z   WOOTC_HOST_DATA_PREFIX: /run/wootc-package-host-36336755778-1
2026-09-27T17:28:02.2872798Z ##[endgroup]
2026-09-27T17:28:02.4378152Z With the provided path, there will be 9 files uploaded
2026-09-27T17:28:02.4380373Z Artifact name is valid!
2026-09-27T17:28:02.4381113Z Root directory input is valid!
2026-09-27T17:28:02.6280989Z Uploading artifact: host-data-proof-execute-36336755778-1.zip
2026-09-27T17:28:02.6327163Z Beginning upload of artifact content to blob storage
2026-09-27T17:28:02.7661447Z Uploaded bytes 163725
2026-09-27T17:28:02.7820816Z Finished uploading artifact content to blob storage!
2026-09-27T17:28:02.7822238Z SHA256 digest of uploaded artifact is e252baee37b0c46cf7a3d919f2785236469df9c4b7660848e0bd394009712508
2026-09-27T17:28:02.7823403Z Finalizing artifact upload
2026-09-27T17:28:03.0159319Z Artifact host-data-proof-execute-36336755778-1 successfully finalized. Artifact ID 10937557054
2026-09-27T17:28:03.0161586Z Artifact host-data-proof-execute-36336755778-1 has been successfully uploaded! Final size is 163725 bytes. Artifact ID is 10937557054
2026-09-27T17:28:03.0164033Z Artifact download URL: https://github.com/tuna-os/wootc/actions/runs/36336755778/artifacts/10937557054
2026-09-27T17:28:03.0328059Z ##[group]Run actions/upload-artifact@v7
2026-09-27T17:28:03.0328365Z with:
2026-09-27T17:28:03.0328589Z   name: linux-package-proof-36336755778-1
2026-09-27T17:28:03.0328984Z   path: /home/runner/work/_temp/linux-package-36336755778-1/artifacts/
2026-09-27T17:28:03.0329365Z   if-no-files-found: warn
2026-09-27T17:28:03.0329596Z   retention-days: 14
2026-09-27T17:28:03.0329812Z   compression-level: 6
2026-09-27T17:28:03.0330026Z   overwrite: false
2026-09-27T17:28:03.0330244Z   include-hidden-files: false
2026-09-27T17:28:03.0330492Z   archive: true
2026-09-27T17:28:03.0330680Z env:
2026-09-27T17:28:03.0330916Z   REVIEWED_SHA: c49e938743ed3fcbc5da8da60e71d136e9d278bc
2026-09-27T17:28:03.0331645Z   OWNED_STAGE: /home/runner/work/_temp/linux-package-36336755778-1
2026-09-27T17:28:03.0332092Z   WOOTC_HOST_DATA_PREFIX: /run/wootc-package-host-36336755778-1
2026-09-27T17:28:03.0332435Z ##[endgroup]
2026-09-27T17:28:03.1800794Z With the provided path, there will be 11 files uploaded
2026-09-27T17:28:03.1804775Z Artifact name is valid!
2026-09-27T17:28:03.1805433Z Root directory input is valid!
2026-09-27T17:28:03.3819750Z Uploading artifact: linux-package-proof-36336755778-1.zip
2026-09-27T17:28:03.3882161Z Beginning upload of artifact content to blob storage
2026-09-27T17:28:03.4959429Z Uploaded bytes 66897
2026-09-27T17:28:03.5129791Z Finished uploading artifact content to blob storage!
2026-09-27T17:28:03.5133147Z SHA256 digest of uploaded artifact is b48af9750d8ac8ca9dddc1ae2bb6aa3787322914631b585bbf101200d002ba97
2026-09-27T17:28:03.5134137Z Finalizing artifact upload
2026-09-27T17:28:03.7102058Z Artifact linux-package-proof-36336755778-1 successfully finalized. Artifact ID 10937860680
2026-09-27T17:28:03.7103338Z Artifact linux-package-proof-36336755778-1 has been successfully uploaded! Final size is 66897 bytes. Artifact ID is 10937860680
2026-09-27T17:28:03.7105653Z Artifact download URL: https://github.com/tuna-os/wootc/actions/runs/36336755778/artifacts/10937860680
2026-09-27T17:28:03.7332733Z Post job cleanup.
2026-09-27T17:28:03.8165752Z [command]/usr/bin/git version
2026-09-27T17:28:03.8207684Z git version 2.55.0
2026-09-27T17:28:03.8250962Z Temporarily overriding HOME='/home/runner/work/_temp/ee766627-b1e2-4f45-87a3-2dd9fd72b816' before making global git config changes
2026-09-27T17:28:03.8252778Z Adding repository directory to the temporary git global config as a safe directory
2026-09-27T17:28:03.8256191Z [command]/usr/bin/git config --global --add safe.directory /home/runner/work/wootc/wootc
2026-09-27T17:28:03.8288801Z Removing SSH command configuration
2026-09-27T17:28:03.8295821Z [command]/usr/bin/git config --local --name-only --get-regexp core\.sshCommand
2026-09-27T17:28:03.8332260Z [command]/usr/bin/git submodule foreach --recursive sh -c "git config --local --name-only --get-regexp 'core\.sshCommand' && git config --local --unset-all 'core.sshCommand' || :"
2026-09-27T17:28:03.8586985Z Removing HTTP extra header
2026-09-27T17:28:03.8594415Z [command]/usr/bin/git config --local --name-only --get-regexp http\.https\:\/\/github\.com\/\.extraheader
2026-09-27T17:28:03.8631650Z [command]/usr/bin/git submodule foreach --recursive sh -c "git config --local --name-only --get-regexp 'http\.https\:\/\/github\.com\/\.extraheader' && git config --local --unset-all 'http.https://github.com/.extraheader' || :"
2026-09-27T17:28:03.8889199Z Removing includeIf entries pointing to credentials config files
2026-09-27T17:28:03.8896934Z [command]/usr/bin/git config --local --name-only --get-regexp ^includeIf\.gitdir:
2026-09-27T17:28:03.8932453Z includeif.gitdir:/home/runner/work/wootc/wootc/.git.path
2026-09-27T17:28:03.8933385Z includeif.gitdir:/home/runner/work/wootc/wootc/.git/worktrees/*.path
2026-09-27T17:28:03.8934429Z includeif.gitdir:/github/workspace/.git.path
2026-09-27T17:28:03.8935147Z includeif.gitdir:/github/workspace/.git/worktrees/*.path
2026-09-27T17:28:03.8942192Z [command]/usr/bin/git config --local --get-all includeif.gitdir:/home/runner/work/wootc/wootc/.git.path
2026-09-27T17:28:03.8969442Z /home/runner/work/_temp/git-credentials-c79a9adf-b567-48ad-a6a5-8fd29ae75b15.config
2026-09-27T17:28:03.8980158Z [command]/usr/bin/git config --local --unset includeif.gitdir:/home/runner/work/wootc/wootc/.git.path \/home\/runner\/work\/_temp\/git\-credentials\-c79a9adf\-b567\-48ad\-a6a5\-8fd29ae75b15\.config
2026-09-27T17:28:03.9027275Z [command]/usr/bin/git config --local --get-all includeif.gitdir:/home/runner/work/wootc/wootc/.git/worktrees/*.path
2026-09-27T17:28:03.9056359Z /home/runner/work/_temp/git-credentials-c79a9adf-b567-48ad-a6a5-8fd29ae75b15.config
2026-09-27T17:28:03.9066825Z [command]/usr/bin/git config --local --unset includeif.gitdir:/home/runner/work/wootc/wootc/.git/worktrees/*.path \/home\/runner\/work\/_temp\/git\-credentials\-c79a9adf\-b567\-48ad\-a6a5\-8fd29ae75b15\.config
2026-09-27T17:28:03.9119141Z [command]/usr/bin/git config --local --get-all includeif.gitdir:/github/workspace/.git.path
2026-09-27T17:28:03.9146296Z /github/runner_temp/git-credentials-c79a9adf-b567-48ad-a6a5-8fd29ae75b15.config
2026-09-27T17:28:03.9154586Z [command]/usr/bin/git config --local --unset includeif.gitdir:/github/workspace/.git.path \/github\/runner_temp\/git\-credentials\-c79a9adf\-b567\-48ad\-a6a5\-8fd29ae75b15\.config
2026-09-27T17:28:03.9192711Z [command]/usr/bin/git config --local --get-all includeif.gitdir:/github/workspace/.git/worktrees/*.path
2026-09-27T17:28:03.9222238Z /github/runner_temp/git-credentials-c79a9adf-b567-48ad-a6a5-8fd29ae75b15.config
2026-09-27T17:28:03.9228794Z [command]/usr/bin/git config --local --unset includeif.gitdir:/github/workspace/.git/worktrees/*.path \/github\/runner_temp\/git\-credentials\-c79a9adf\-b567\-48ad\-a6a5\-8fd29ae75b15\.config
2026-09-27T17:28:03.9267519Z [command]/usr/bin/git submodule foreach --recursive git config --local --show-origin --name-only --get-regexp remote.origin.url
2026-09-27T17:28:03.9511031Z Removing credentials config '/home/runner/work/_temp/git-credentials-c79a9adf-b567-48ad-a6a5-8fd29ae75b15.config'
2026-09-27T17:28:03.9673064Z Cleaning up orphan processes
